pybullet build time: May 20 2022 19:43:01
0:00:00.000869 - [32mTraining with config: bracket_assembly_debug_nut_nosym_coarse_noaug [0m
0:00:00.021970 - --------------------------------------------------------------------------------
0:00:00.022048 - resume_run_id: None
0:00:00.022079 - urdf_ds_name: bracket_assembly
0:00:00.022103 - object_ds_name: bracket_assembly_debug_nut_nosym
0:00:00.022126 - n_symmetries_batch: 64
0:00:00.022149 - train_ds_names: [('bracket_assembly_debug_nut_nosym', 1)]
0:00:00.022172 - val_ds_names: [('bracket_assembly_debug_nut_nosym', 1)]
0:00:00.022192 - val_epoch_interval: 10
0:00:00.022213 - test_ds_names: []
0:00:00.022234 - test_epoch_interval: 30
0:00:00.022254 - n_test_frames: 100
0:00:00.022276 - input_resize: (640, 480)
0:00:00.022297 - rgb_augmentation: False
0:00:00.022318 - background_augmentation: False
0:00:00.022338 - gray_augmentation: False
0:00:00.022358 - backbone_str: efficientnet-b3
0:00:00.022379 - run_id_pretrain: None
0:00:00.022399 - n_pose_dims: 9
0:00:00.022419 - n_rendering_workers: 8
0:00:00.022439 - refiner_run_id_for_test: None
0:00:00.022459 - coarse_run_id_for_test: None
0:00:00.022483 - lr: 0.0001
0:00:00.022504 - weight_decay: 0.0
0:00:00.022524 - n_epochs_warmup: 0
0:00:00.022544 - lr_epoch_decay: 500
0:00:00.022565 - clip_grad_norm: 0.5
0:00:00.022585 - batch_size: 8
0:00:00.022605 - epoch_size: 115200
0:00:00.022624 - n_epochs: 700
0:00:00.022644 - n_dataloader_workers: 8
0:00:00.022664 - loss_disentangled: True
0:00:00.022684 - n_points_loss: 2600
0:00:00.022704 - TCO_input_generator: fixed+trans_noise
0:00:00.022724 - n_iterations: 1
0:00:00.022744 - min_area: None
0:00:00.022763 - config: bracket_assembly_debug_nut_nosym_coarse_noaug
0:00:00.022783 - init_method: from_boxes
0:00:00.022803 - run_id: bracket_assembly_debug_nut_nosym_coarse_noaug--938962
0:00:00.022824 - train_refiner: False
0:00:00.022844 - train_coarse: True
0:00:00.022871 - save_dir: /home/ubuntu/synthetic_pose_estimation/cosypose/local_data/experiments/bracket_assembly_debug_nut_nosym_coarse_noaug--938962
0:00:00.022895 - --------------------------------------------------------------------------------
0:00:01.110113 - Connection established with 1 gpus.
0:00:01.787585 - Building index and loading annotations...
0:00:01.183461 - Loaded bracket_assembly_debug_nut_nosym with 1 images.
0:00:01.183580 - scene_ds_train, 1 images
0:00:01.860925 - Building index and loading annotations...
0:00:01.308962 - Loaded bracket_assembly_debug_nut_nosym with 1 images.
Setting OMP and MKL num threads to 1.
cfg.train_ds_names [('bracket_assembly_debug_nut_nosym', 1)]
cfg.object_ds_name bracket_assembly_debug_nut_nosym
[Memory]2.2s, 0.0min    : Loading build_index...
[Memory]2.3s, 0.0min    : Loading build_index...
EGL device choice: 0 of 2 (from EGL_VISIBLE_DEVICES)
EGL device choice: 0 of 2 (from EGL_VISIBLE_DEVICES)
EGL device choice: 0 of 2 (from EGL_VISIBLE_DEVICES)
EGL device choice: 0 of 2 (from EGL_VISIBLE_DEVICES)
EGL device choice: 0 of 2 (from EGL_VISIBLE_DEVICES)
EGL device choice: 0 of 2 (from EGL_VISIBLE_DEVICES)
EGL device choice: 0 of 2 (from EGL_VISIBLE_DEVICES)
EGL device choice: 0 of 2 (from EGL_VISIBLE_DEVICES)
/home/ubuntu/anaconda3/envs/cosypose/lib/python3.7/site-packages/trimesh/exchange/ply.py:501: VisibleDeprecationWarning: Creating an ndarray from ragged nested sequences (which is a list-or-tuple of lists-or-tuples-or ndarrays with different lengths or shapes) is deprecated. If you meant to do this, you must specify 'dtype=object' when creating the ndarray
  for i in lines])
0:00:02.641068 - symmetries tensor([[[[1., 0., 0., 0.],
          [0., 1., 0., 0.],
          [0., 0., 1., 0.],
          [0., 0., 0., 1.]]]], dtype=torch.float64)
0:00:02.734710 - Backbone: efficientnet-b3
0:00:02.480465 - total epochs 700
/home/ubuntu/anaconda3/envs/cosypose/lib/python3.7/site-packages/torch/optim/lr_scheduler.py:143: UserWarning: Detected call of `lr_scheduler.step()` before `optimizer.step()`. In PyTorch 1.1.0 and later, you should call them in the opposite order: `optimizer.step()` before `lr_scheduler.step()`.  Failure to do this will result in PyTorch skipping the first value of the learning rate schedule. See more details at https://pytorch.org/docs/stable/optim.html#how-to-adjust-learning-rate
  "https://pytorch.org/docs/stable/optim.html#how-to-adjust-learning-rate", UserWarning)
wandb: Currently logged in as: garyraise (raise-robotics). Use `wandb login --relogin` to force relogin
wandb: Tracking run with wandb version 0.15.2
wandb: Run data is saved locally in /home/ubuntu/synthetic_pose_estimation/cosypose/wandb/run-20230507_235751-nsjeuare
wandb: Run `wandb offline` to turn off syncing.
wandb: Syncing run generous-tree-23
wandb: ⭐️ View project at https://wandb.ai/raise-robotics/bracket_assembly_debug_nut_nosym_coarse_noaug
wandb: 🚀 View run at https://wandb.ai/raise-robotics/bracket_assembly_debug_nut_nosym_coarse_noaug/runs/nsjeuare
  0%|                                                     | 0/1 [00:00<?, ?it/s]label_to_id {'obj_000005': 0}
backbone efficientnet-b3
config_dict <class 'argparse.Namespace'>
/home/ubuntu/synthetic_pose_estimation/cosypose/cosypose/lib3d/transform_ops.py:43: UserWarning: Creating a tensor from a list of numpy.ndarrays is extremely slow. Please consider converting the list to a single numpy.ndarray with numpy.array() before converting to a tensor. (Triggered internally at ../torch/csrc/utils/tensor_new.cpp:230.)
  R_noise = torch.tensor([transforms3d.euler.euler2mat(*xyz) for xyz in euler_noise_rad]).float().to(device)
0:00:11.163755 - iteration 0
0:00:11.943154 - outputs, {'pose': tensor([[ 0.2065,  0.0371, -0.1084, -0.0943, -0.0094, -0.0550,  0.1796, -0.1583,
         -0.0834]], device='cuda:0', grad_fn=<AddmmBackward0>)}
0:00:11.945232 - model_outputs {'pose': tensor([[ 0.2065,  0.0371, -0.1084, -0.0943, -0.0094, -0.0550,  0.1796, -0.1583,
         -0.0834]], device='cuda:0', grad_fn=<AddmmBackward0>)}
0:00:11.946070 - K crop tensor([[[1.5670e+03, 0.0000e+00, 2.5129e+02],
         [0.0000e+00, 1.5670e+03, 7.7612e+01],
         [0.0000e+00, 0.0000e+00, 1.0000e+00]]], device='cuda:0')
0:00:11.946929 - TCO_input tensor([[[ 1.0000,  0.0000,  0.0000, -0.0152],
         [ 0.0000,  1.0000,  0.0000,  0.0069],
         [ 0.0000,  0.0000,  1.0000,  0.2595],
         [ 0.0000,  0.0000,  0.0000,  1.0000]]], device='cuda:0')
0:00:11.947816 - model tco output tensor([[[ 8.7456e-01, -4.6427e-01, -1.4003e-01,  1.2647e-03],
         [ 1.5689e-01, -2.3439e-03,  9.8761e-01, -5.7607e-04],
         [-4.5884e-01, -8.8569e-01,  7.0789e-02, -2.1632e-02],
         [ 0.0000e+00,  0.0000e+00,  0.0000e+00,  1.0000e+00]]],
       device='cuda:0', grad_fn=<CopySlices>)
0:00:12.106494 - Wrote debug data: /home/ubuntu/synthetic_pose_estimation/cosypose/local_data/debug_data/debug_iter=1.pth.tar
0:00:12.326104 - TCO_input tensor([[[ 1.0000,  0.0000,  0.0000, -0.0152],
         [ 0.0000,  1.0000,  0.0000,  0.0069],
         [ 0.0000,  0.0000,  1.0000,  0.2595],
         [ 0.0000,  0.0000,  0.0000,  1.0000]]], device='cuda:0')
0:00:12.327252 - vxvyvz tensor([[ 0.1796, -0.1583, -0.0834]], device='cuda:0',
       grad_fn=<SliceBackward0>)
0:00:12.328271 - dR tensor([[[ 0.8746, -0.4643, -0.1400],
         [ 0.1569, -0.0023,  0.9876],
         [-0.4588, -0.8857,  0.0708]]], device='cuda:0',
       grad_fn=<StackBackward0>)
0:00:12.329156 - fxfy tensor([[1567.0009, 1567.0006]], device='cuda:0')
0:00:12.331590 - TCO_gt tensor([[[-0.7893,  0.4511,  0.4165, -0.0100],
         [-0.5688, -0.7927, -0.2192,  0.0062],
         [ 0.2313, -0.4099,  0.8823,  0.1920],
         [ 0.0000,  0.0000,  0.0000,  1.0000]]], device='cuda:0')
0:00:12.332487 - TCO pred_orn tensor([[[ 0.8746, -0.4643, -0.1400, -0.0100],
         [ 0.1569, -0.0023,  0.9876,  0.0062],
         [-0.4588, -0.8857,  0.0708,  0.1920],
         [ 0.0000,  0.0000,  0.0000,  1.0000]]], device='cuda:0',
       grad_fn=<CopySlices>)
0:00:12.333436 - TCO pred_xy tensor([[[-0.7893,  0.4511,  0.4165, -0.0112],
         [-0.5688, -0.7927, -0.2192,  0.0051],
         [ 0.2313, -0.4099,  0.8823,  0.1920],
         [ 0.0000,  0.0000,  0.0000,  1.0000]]], device='cuda:0',
       grad_fn=<CopySlices>)
0:00:12.334349 - TCO pred_z tensor([[[-0.7893,  0.4511,  0.4165, -0.0100],
         [-0.5688, -0.7927, -0.2192,  0.0062],
         [ 0.2313, -0.4099,  0.8823, -0.0216],
         [ 0.0000,  0.0000,  0.0000,  1.0000]]], device='cuda:0',
       grad_fn=<CopySlices>)
0:00:12.335001 - loss orn tensor([0.0080], device='cuda:0', grad_fn=<MinBackward0>)
0:00:12.335627 - loss xy tensor([0.0008], device='cuda:0', grad_fn=<MinBackward0>)
0:00:12.336255 - loss z tensor([0.0712], device='cuda:0', grad_fn=<MinBackward0>)
  0%|                                          | 0/1 [00:02<?, ?it/s, loss=0.08]100%|██████████████████████████████████| 1/1 [00:02<00:00,  2.95s/it, loss=0.08]100%|██████████████████████████████████| 1/1 [00:02<00:00,  2.95s/it, loss=0.08]
  0%|                                                     | 0/1 [00:00<?, ?it/s]0:00:13.335936 - iteration 0
0:00:13.454293 - outputs, {'pose': tensor([[ 0.0051, -0.0056, -0.0189,  0.0240, -0.0014, -0.0137,  0.0003, -0.0185,
         -0.0241]], device='cuda:0')}
0:00:13.455910 - model_outputs {'pose': tensor([[ 0.0051, -0.0056, -0.0189,  0.0240, -0.0014, -0.0137,  0.0003, -0.0185,
         -0.0241]], device='cuda:0')}
0:00:13.456708 - K crop tensor([[[1.8382e+03, 0.0000e+00, 2.2202e+02],
         [0.0000e+00, 1.8382e+03, 7.7447e+01],
         [0.0000e+00, 0.0000e+00, 1.0000e+00]]], device='cuda:0')
0:00:13.457624 - TCO_input tensor([[[ 1.0000,  0.0000,  0.0000, -0.0103],
         [ 0.0000,  1.0000,  0.0000,  0.0069],
         [ 0.0000,  0.0000,  1.0000,  0.3030],
         [ 0.0000,  0.0000,  0.0000,  1.0000]]], device='cuda:0')
0:00:13.458508 - model tco output tensor([[[ 2.4893e-01,  9.6055e-01,  1.2403e-01,  2.4803e-04],
         [-2.7640e-01,  1.9319e-01, -9.4142e-01, -1.6675e-04],
         [-9.2824e-01,  2.0007e-01,  3.1359e-01, -7.2923e-03],
         [ 0.0000e+00,  0.0000e+00,  0.0000e+00,  1.0000e+00]]],
       device='cuda:0')
0:00:13.506715 - Wrote debug data: /home/ubuntu/synthetic_pose_estimation/cosypose/local_data/debug_data/debug_iter=1.pth.tar
0:00:13.720158 - TCO_input tensor([[[ 1.0000,  0.0000,  0.0000, -0.0103],
         [ 0.0000,  1.0000,  0.0000,  0.0069],
         [ 0.0000,  0.0000,  1.0000,  0.3030],
         [ 0.0000,  0.0000,  0.0000,  1.0000]]], device='cuda:0')
0:00:13.721183 - vxvyvz tensor([[ 0.0003, -0.0185, -0.0241]], device='cuda:0')
0:00:13.722218 - dR tensor([[[ 0.2489,  0.9605,  0.1240],
         [-0.2764,  0.1932, -0.9414],
         [-0.9282,  0.2001,  0.3136]]], device='cuda:0')
0:00:13.723082 - fxfy tensor([[1838.2314, 1838.2317]], device='cuda:0')
0:00:13.725436 - TCO_gt tensor([[[-0.7893,  0.4511,  0.4165, -0.0100],
         [-0.5688, -0.7927, -0.2192,  0.0062],
         [ 0.2313, -0.4099,  0.8823,  0.1920],
         [ 0.0000,  0.0000,  0.0000,  1.0000]]], device='cuda:0')
0:00:13.726352 - TCO pred_orn tensor([[[ 0.2489,  0.9605,  0.1240, -0.0100],
         [-0.2764,  0.1932, -0.9414,  0.0062],
         [-0.9282,  0.2001,  0.3136,  0.1920],
         [ 0.0000,  0.0000,  0.0000,  1.0000]]], device='cuda:0')
0:00:13.727271 - TCO pred_xy tensor([[[-0.7893,  0.4511,  0.4165, -0.0065],
         [-0.5688, -0.7927, -0.2192,  0.0044],
         [ 0.2313, -0.4099,  0.8823,  0.1920],
         [ 0.0000,  0.0000,  0.0000,  1.0000]]], device='cuda:0')
0:00:13.728195 - TCO pred_z tensor([[[-0.7893,  0.4511,  0.4165, -0.0100],
         [-0.5688, -0.7927, -0.2192,  0.0062],
         [ 0.2313, -0.4099,  0.8823, -0.0073],
         [ 0.0000,  0.0000,  0.0000,  1.0000]]], device='cuda:0')
0:00:13.728842 - loss orn tensor([0.0072], device='cuda:0')
0:00:13.729514 - loss xy tensor([0.0018], device='cuda:0')
0:00:13.730149 - loss z tensor([0.0664], device='cuda:0')
100%|█████████████████████████████████████████████| 1/1 [00:00<00:00,  2.04it/s]100%|█████████████████████████████████████████████| 1/1 [00:00<00:00,  2.04it/s]
0:00:13.240488 - saving /home/ubuntu/synthetic_pose_estimation/cosypose/local_data/experiments/bracket_assembly_debug_nut_nosym_coarse_noaug--938962 0
  0%|                                                     | 0/1 [00:00<?, ?it/s]0:00:13.654494 - iteration 0
0:00:13.787523 - outputs, {'pose': tensor([[ 0.2380,  0.0045, -0.0778, -0.0631, -0.0384, -0.0799,  0.2073, -0.1211,
         -0.0451]], device='cuda:0', grad_fn=<AddmmBackward0>)}
0:00:13.789216 - model_outputs {'pose': tensor([[ 0.2380,  0.0045, -0.0778, -0.0631, -0.0384, -0.0799,  0.2073, -0.1211,
         -0.0451]], device='cuda:0', grad_fn=<AddmmBackward0>)}
0:00:13.790038 - K crop tensor([[[1.7922e+03, 0.0000e+00, 1.7730e+02],
         [0.0000e+00, 1.7922e+03, 3.0540e+01],
         [0.0000e+00, 0.0000e+00, 1.0000e+00]]], device='cuda:0')
0:00:13.790892 - TCO_input tensor([[[ 1.0000,  0.0000,  0.0000, -0.0030],
         [ 0.0000,  1.0000,  0.0000,  0.0148],
         [ 0.0000,  0.0000,  1.0000,  0.2987],
         [ 0.0000,  0.0000,  0.0000,  1.0000]]], device='cuda:0')
0:00:13.791782 - model tco output tensor([[[ 9.5042e-01, -2.8244e-01, -1.3013e-01,  1.3213e-04],
         [ 1.8130e-02, -3.6742e-01,  9.2988e-01, -6.6725e-04],
         [-3.1045e-01, -8.8613e-01, -3.4408e-01, -1.3461e-02],
         [ 0.0000e+00,  0.0000e+00,  0.0000e+00,  1.0000e+00]]],
       device='cuda:0', grad_fn=<CopySlices>)
0:00:13.829565 - Wrote debug data: /home/ubuntu/synthetic_pose_estimation/cosypose/local_data/debug_data/debug_iter=1.pth.tar
0:00:14.040620 - TCO_input tensor([[[ 1.0000,  0.0000,  0.0000, -0.0030],
         [ 0.0000,  1.0000,  0.0000,  0.0148],
         [ 0.0000,  0.0000,  1.0000,  0.2987],
         [ 0.0000,  0.0000,  0.0000,  1.0000]]], device='cuda:0')
0:00:14.041644 - vxvyvz tensor([[ 0.2073, -0.1211, -0.0451]], device='cuda:0',
       grad_fn=<SliceBackward0>)
0:00:14.042646 - dR tensor([[[ 0.9504, -0.2824, -0.1301],
         [ 0.0181, -0.3674,  0.9299],
         [-0.3104, -0.8861, -0.3441]]], device='cuda:0',
       grad_fn=<StackBackward0>)
0:00:14.043498 - fxfy tensor([[1792.1832, 1792.1832]], device='cuda:0')
0:00:14.045946 - TCO_gt tensor([[[-0.7893,  0.4511,  0.4165, -0.0100],
         [-0.5688, -0.7927, -0.2192,  0.0062],
         [ 0.2313, -0.4099,  0.8823,  0.1920],
         [ 0.0000,  0.0000,  0.0000,  1.0000]]], device='cuda:0')
0:00:14.046839 - TCO pred_orn tensor([[[ 0.9504, -0.2824, -0.1301, -0.0100],
         [ 0.0181, -0.3674,  0.9299,  0.0062],
         [-0.3104, -0.8861, -0.3441,  0.1920],
         [ 0.0000,  0.0000,  0.0000,  1.0000]]], device='cuda:0',
       grad_fn=<CopySlices>)
0:00:14.047720 - TCO pred_xy tensor([[[-0.7893,  0.4511,  0.4165, -0.0019],
         [-0.5688, -0.7927, -0.2192,  0.0095],
         [ 0.2313, -0.4099,  0.8823,  0.1920],
         [ 0.0000,  0.0000,  0.0000,  1.0000]]], device='cuda:0',
       grad_fn=<CopySlices>)
0:00:14.048605 - TCO pred_z tensor([[[-0.7893,  0.4511,  0.4165, -0.0100],
         [-0.5688, -0.7927, -0.2192,  0.0062],
         [ 0.2313, -0.4099,  0.8823, -0.0135],
         [ 0.0000,  0.0000,  0.0000,  1.0000]]], device='cuda:0',
       grad_fn=<CopySlices>)
0:00:14.049267 - loss orn tensor([0.0078], device='cuda:0', grad_fn=<MinBackward0>)
0:00:14.049881 - loss xy tensor([0.0038], device='cuda:0', grad_fn=<MinBackward0>)
0:00:14.050493 - loss z tensor([0.0685], device='cuda:0', grad_fn=<MinBackward0>)
  0%|                                        | 0/1 [00:00<?, ?it/s, loss=0.0801]100%|████████████████████████████████| 1/1 [00:00<00:00,  3.15it/s, loss=0.0801]100%|████████████████████████████████| 1/1 [00:00<00:00,  3.14it/s, loss=0.0801]
0:00:13.816315 - saving /home/ubuntu/synthetic_pose_estimation/cosypose/local_data/experiments/bracket_assembly_debug_nut_nosym_coarse_noaug--938962 1
  0%|                                                     | 0/1 [00:00<?, ?it/s]0:00:14.231720 - iteration 0
0:00:14.349172 - outputs, {'pose': tensor([[ 0.2629, -0.0210, -0.0512, -0.0418, -0.0650, -0.0804,  0.2024, -0.1200,
         -0.0127]], device='cuda:0', grad_fn=<AddmmBackward0>)}
0:00:14.350819 - model_outputs {'pose': tensor([[ 0.2629, -0.0210, -0.0512, -0.0418, -0.0650, -0.0804,  0.2024, -0.1200,
         -0.0127]], device='cuda:0', grad_fn=<AddmmBackward0>)}
0:00:14.351605 - K crop tensor([[[1.7129e+03, 0.0000e+00, 2.7568e+02],
         [0.0000e+00, 1.7129e+03, 5.1802e+01],
         [0.0000e+00, 0.0000e+00, 1.0000e+00]]], device='cuda:0')
0:00:14.352492 - TCO_input tensor([[[ 1.0000,  0.0000,  0.0000, -0.0193],
         [ 0.0000,  1.0000,  0.0000,  0.0112],
         [ 0.0000,  0.0000,  1.0000,  0.2846],
         [ 0.0000,  0.0000,  0.0000,  1.0000]]], device='cuda:0')
0:00:14.353387 - model tco output tensor([[[ 9.7859e-01, -1.9813e-01, -5.5735e-02,  2.4455e-04],
         [-7.8090e-02, -6.0797e-01,  7.9011e-01, -1.4249e-04],
         [-1.9043e-01, -7.6884e-01, -6.1042e-01, -3.6118e-03],
         [ 0.0000e+00,  0.0000e+00,  0.0000e+00,  1.0000e+00]]],
       device='cuda:0', grad_fn=<CopySlices>)
0:00:14.391462 - Wrote debug data: /home/ubuntu/synthetic_pose_estimation/cosypose/local_data/debug_data/debug_iter=1.pth.tar
0:00:14.604458 - TCO_input tensor([[[ 1.0000,  0.0000,  0.0000, -0.0193],
         [ 0.0000,  1.0000,  0.0000,  0.0112],
         [ 0.0000,  0.0000,  1.0000,  0.2846],
         [ 0.0000,  0.0000,  0.0000,  1.0000]]], device='cuda:0')
0:00:14.605507 - vxvyvz tensor([[ 0.2024, -0.1200, -0.0127]], device='cuda:0',
       grad_fn=<SliceBackward0>)
0:00:14.606509 - dR tensor([[[ 0.9786, -0.1981, -0.0557],
         [-0.0781, -0.6080,  0.7901],
         [-0.1904, -0.7688, -0.6104]]], device='cuda:0',
       grad_fn=<StackBackward0>)
0:00:14.607376 - fxfy tensor([[1712.9484, 1712.9480]], device='cuda:0')
0:00:14.609868 - TCO_gt tensor([[[-0.7893,  0.4511,  0.4165, -0.0100],
         [-0.5688, -0.7927, -0.2192,  0.0062],
         [ 0.2313, -0.4099,  0.8823,  0.1920],
         [ 0.0000,  0.0000,  0.0000,  1.0000]]], device='cuda:0')
0:00:14.610770 - TCO pred_orn tensor([[[ 0.9786, -0.1981, -0.0557, -0.0100],
         [-0.0781, -0.6080,  0.7901,  0.0062],
         [-0.1904, -0.7688, -0.6104,  0.1920],
         [ 0.0000,  0.0000,  0.0000,  1.0000]]], device='cuda:0',
       grad_fn=<CopySlices>)
0:00:14.611664 - TCO pred_xy tensor([[[-0.7893,  0.4511,  0.4165, -0.0130],
         [-0.5688, -0.7927, -0.2192,  0.0076],
         [ 0.2313, -0.4099,  0.8823,  0.1920],
         [ 0.0000,  0.0000,  0.0000,  1.0000]]], device='cuda:0',
       grad_fn=<CopySlices>)
0:00:14.612549 - TCO pred_z tensor([[[-0.7893,  0.4511,  0.4165, -0.0100],
         [-0.5688, -0.7927, -0.2192,  0.0062],
         [ 0.2313, -0.4099,  0.8823, -0.0036],
         [ 0.0000,  0.0000,  0.0000,  1.0000]]], device='cuda:0',
       grad_fn=<CopySlices>)
0:00:14.613186 - loss orn tensor([0.0075], device='cuda:0', grad_fn=<MinBackward0>)
0:00:14.613822 - loss xy tensor([0.0015], device='cuda:0', grad_fn=<MinBackward0>)
0:00:14.617281 - loss z tensor([0.0652], device='cuda:0', grad_fn=<MinBackward0>)
  0%|                                        | 0/1 [00:00<?, ?it/s, loss=0.0741]100%|████████████████████████████████| 1/1 [00:00<00:00,  3.39it/s, loss=0.0741]100%|████████████████████████████████| 1/1 [00:00<00:00,  3.39it/s, loss=0.0741]
0:00:14.370492 - saving /home/ubuntu/synthetic_pose_estimation/cosypose/local_data/experiments/bracket_assembly_debug_nut_nosym_coarse_noaug--938962 2
  0%|                                                     | 0/1 [00:00<?, ?it/s]0:00:14.785929 - iteration 0
0:00:14.915592 - outputs, {'pose': tensor([[ 0.2913, -0.0454, -0.0208, -0.0199, -0.0844, -0.0828,  0.2181, -0.1298,
          0.0146]], device='cuda:0', grad_fn=<AddmmBackward0>)}
0:00:14.917215 - model_outputs {'pose': tensor([[ 0.2913, -0.0454, -0.0208, -0.0199, -0.0844, -0.0828,  0.2181, -0.1298,
          0.0146]], device='cuda:0', grad_fn=<AddmmBackward0>)}
0:00:14.918023 - K crop tensor([[[1.6590e+03, 0.0000e+00, 2.8237e+02],
         [0.0000e+00, 1.6590e+03, 7.2156e+01],
         [0.0000e+00, 0.0000e+00, 1.0000e+00]]], device='cuda:0')
0:00:14.918869 - TCO_input tensor([[[ 1.0000,  0.0000,  0.0000, -0.0203],
         [ 0.0000,  1.0000,  0.0000,  0.0078],
         [ 0.0000,  0.0000,  1.0000,  0.2746],
         [ 0.0000,  0.0000,  0.0000,  1.0000]]], device='cuda:0')
0:00:14.919732 - model tco output tensor([[[ 9.8563e-01, -1.5915e-01,  5.6640e-02, -2.9558e-04],
         [-1.5362e-01, -7.0497e-01,  6.9240e-01,  1.1379e-04],
         [-7.0264e-02, -6.9115e-01, -7.1928e-01,  3.9981e-03],
         [ 0.0000e+00,  0.0000e+00,  0.0000e+00,  1.0000e+00]]],
       device='cuda:0', grad_fn=<CopySlices>)
0:00:14.957912 - Wrote debug data: /home/ubuntu/synthetic_pose_estimation/cosypose/local_data/debug_data/debug_iter=1.pth.tar
0:00:15.167751 - TCO_input tensor([[[ 1.0000,  0.0000,  0.0000, -0.0203],
         [ 0.0000,  1.0000,  0.0000,  0.0078],
         [ 0.0000,  0.0000,  1.0000,  0.2746],
         [ 0.0000,  0.0000,  0.0000,  1.0000]]], device='cuda:0')
0:00:15.168778 - vxvyvz tensor([[ 0.2181, -0.1298,  0.0146]], device='cuda:0',
       grad_fn=<SliceBackward0>)
0:00:15.169796 - dR tensor([[[ 0.9856, -0.1591,  0.0566],
         [-0.1536, -0.7050,  0.6924],
         [-0.0703, -0.6912, -0.7193]]], device='cuda:0',
       grad_fn=<StackBackward0>)
0:00:15.170644 - fxfy tensor([[1658.9679, 1658.9679]], device='cuda:0')
0:00:15.173086 - TCO_gt tensor([[[-0.7893,  0.4511,  0.4165, -0.0100],
         [-0.5688, -0.7927, -0.2192,  0.0062],
         [ 0.2313, -0.4099,  0.8823,  0.1920],
         [ 0.0000,  0.0000,  0.0000,  1.0000]]], device='cuda:0')
0:00:15.174015 - TCO pred_orn tensor([[[ 0.9856, -0.1591,  0.0566, -0.0100],
         [-0.1536, -0.7050,  0.6924,  0.0062],
         [-0.0703, -0.6912, -0.7193,  0.1920],
         [ 0.0000,  0.0000,  0.0000,  1.0000]]], device='cuda:0',
       grad_fn=<CopySlices>)
0:00:15.174913 - TCO pred_xy tensor([[[-0.7893,  0.4511,  0.4165, -0.0142],
         [-0.5688, -0.7927, -0.2192,  0.0055],
         [ 0.2313, -0.4099,  0.8823,  0.1920],
         [ 0.0000,  0.0000,  0.0000,  1.0000]]], device='cuda:0',
       grad_fn=<CopySlices>)
0:00:15.175797 - TCO pred_z tensor([[[-0.7893,  0.4511,  0.4165, -0.0100],
         [-0.5688, -0.7927, -0.2192,  0.0062],
         [ 0.2313, -0.4099,  0.8823,  0.0040],
         [ 0.0000,  0.0000,  0.0000,  1.0000]]], device='cuda:0',
       grad_fn=<CopySlices>)
0:00:15.176418 - loss orn tensor([0.0074], device='cuda:0', grad_fn=<MinBackward0>)
0:00:15.177049 - loss xy tensor([0.0016], device='cuda:0', grad_fn=<MinBackward0>)
0:00:15.177681 - loss z tensor([0.0627], device='cuda:0', grad_fn=<MinBackward0>)
  0%|                                        | 0/1 [00:00<?, ?it/s, loss=0.0717]100%|████████████████████████████████| 1/1 [00:00<00:00,  3.32it/s, loss=0.0717]100%|████████████████████████████████| 1/1 [00:00<00:00,  3.31it/s, loss=0.0717]
0:00:14.927867 - saving /home/ubuntu/synthetic_pose_estimation/cosypose/local_data/experiments/bracket_assembly_debug_nut_nosym_coarse_noaug--938962 3
  0%|                                                     | 0/1 [00:00<?, ?it/s]0:00:15.343303 - iteration 0
0:00:15.473597 - outputs, {'pose': tensor([[ 0.2986, -0.0765,  0.0146, -0.0085, -0.1009, -0.0937,  0.2370, -0.1324,
          0.0504]], device='cuda:0', grad_fn=<AddmmBackward0>)}
0:00:15.475221 - model_outputs {'pose': tensor([[ 0.2986, -0.0765,  0.0146, -0.0085, -0.1009, -0.0937,  0.2370, -0.1324,
          0.0504]], device='cuda:0', grad_fn=<AddmmBackward0>)}
0:00:15.475995 - K crop tensor([[[2.0254e+03, 0.0000e+00, 2.3154e+02],
         [0.0000e+00, 2.0254e+03, 3.1322e+01],
         [0.0000e+00, 0.0000e+00, 1.0000e+00]]], device='cuda:0')
0:00:15.476843 - TCO_input tensor([[[ 1.0000,  0.0000,  0.0000, -0.0120],
         [ 0.0000,  1.0000,  0.0000,  0.0146],
         [ 0.0000,  0.0000,  1.0000,  0.3360],
         [ 0.0000,  0.0000,  0.0000,  1.0000]]], device='cuda:0')
0:00:15.477762 - model tco output tensor([[[ 9.6760e-01, -1.4893e-01,  2.0386e-01, -6.0050e-04],
         [-2.4800e-01, -7.1194e-01,  6.5699e-01,  7.3637e-04],
         [ 4.7291e-02, -6.8627e-01, -7.2581e-01,  1.6939e-02],
         [ 0.0000e+00,  0.0000e+00,  0.0000e+00,  1.0000e+00]]],
       device='cuda:0', grad_fn=<CopySlices>)
0:00:15.515158 - Wrote debug data: /home/ubuntu/synthetic_pose_estimation/cosypose/local_data/debug_data/debug_iter=1.pth.tar
0:00:15.727962 - TCO_input tensor([[[ 1.0000,  0.0000,  0.0000, -0.0120],
         [ 0.0000,  1.0000,  0.0000,  0.0146],
         [ 0.0000,  0.0000,  1.0000,  0.3360],
         [ 0.0000,  0.0000,  0.0000,  1.0000]]], device='cuda:0')
0:00:15.729053 - vxvyvz tensor([[ 0.2370, -0.1324,  0.0504]], device='cuda:0',
       grad_fn=<SliceBackward0>)
0:00:15.730090 - dR tensor([[[ 0.9676, -0.1489,  0.2039],
         [-0.2480, -0.7119,  0.6570],
         [ 0.0473, -0.6863, -0.7258]]], device='cuda:0',
       grad_fn=<StackBackward0>)
0:00:15.730951 - fxfy tensor([[2025.3834, 2025.3837]], device='cuda:0')
0:00:15.733485 - TCO_gt tensor([[[-0.7893,  0.4511,  0.4165, -0.0100],
         [-0.5688, -0.7927, -0.2192,  0.0062],
         [ 0.2313, -0.4099,  0.8823,  0.1920],
         [ 0.0000,  0.0000,  0.0000,  1.0000]]], device='cuda:0')
0:00:15.734395 - TCO pred_orn tensor([[[ 0.9676, -0.1489,  0.2039, -0.0100],
         [-0.2480, -0.7119,  0.6570,  0.0062],
         [ 0.0473, -0.6863, -0.7258,  0.1920],
         [ 0.0000,  0.0000,  0.0000,  1.0000]]], device='cuda:0',
       grad_fn=<CopySlices>)
0:00:15.735285 - TCO pred_xy tensor([[[-0.7893,  0.4511,  0.4165, -0.0068],
         [-0.5688, -0.7927, -0.2192,  0.0083],
         [ 0.2313, -0.4099,  0.8823,  0.1920],
         [ 0.0000,  0.0000,  0.0000,  1.0000]]], device='cuda:0',
       grad_fn=<CopySlices>)
0:00:15.736170 - TCO pred_z tensor([[[-0.7893,  0.4511,  0.4165, -0.0100],
         [-0.5688, -0.7927, -0.2192,  0.0062],
         [ 0.2313, -0.4099,  0.8823,  0.0169],
         [ 0.0000,  0.0000,  0.0000,  1.0000]]], device='cuda:0',
       grad_fn=<CopySlices>)
0:00:15.736793 - loss orn tensor([0.0073], device='cuda:0', grad_fn=<MinBackward0>)
0:00:15.737441 - loss xy tensor([0.0018], device='cuda:0', grad_fn=<MinBackward0>)
0:00:15.738055 - loss z tensor([0.0583], device='cuda:0', grad_fn=<MinBackward0>)
  0%|                                        | 0/1 [00:00<?, ?it/s, loss=0.0674]100%|████████████████████████████████| 1/1 [00:00<00:00,  3.30it/s, loss=0.0674]100%|████████████████████████████████| 1/1 [00:00<00:00,  3.29it/s, loss=0.0674]
0:00:15.496216 - saving /home/ubuntu/synthetic_pose_estimation/cosypose/local_data/experiments/bracket_assembly_debug_nut_nosym_coarse_noaug--938962 4
  0%|                                                     | 0/1 [00:00<?, ?it/s]0:00:15.911837 - iteration 0
0:00:16.035748 - outputs, {'pose': tensor([[ 0.3157, -0.1090,  0.0426,  0.0074, -0.1068, -0.0934,  0.2439, -0.1323,
          0.0869]], device='cuda:0', grad_fn=<AddmmBackward0>)}
0:00:16.037540 - model_outputs {'pose': tensor([[ 0.3157, -0.1090,  0.0426,  0.0074, -0.1068, -0.0934,  0.2439, -0.1323,
          0.0869]], device='cuda:0', grad_fn=<AddmmBackward0>)}
0:00:16.038389 - K crop tensor([[[2.0281e+03, 0.0000e+00, 2.5441e+02],
         [0.0000e+00, 2.0281e+03, 4.3754e+01],
         [0.0000e+00, 0.0000e+00, 1.0000e+00]]], device='cuda:0')
0:00:16.039291 - TCO_input tensor([[[ 1.0000,  0.0000,  0.0000, -0.0157],
         [ 0.0000,  1.0000,  0.0000,  0.0125],
         [ 0.0000,  0.0000,  1.0000,  0.3357],
         [ 0.0000,  0.0000,  0.0000,  1.0000]]], device='cuda:0')
0:00:16.040232 - model tco output tensor([[[ 0.9377, -0.1471,  0.3148, -0.0014],
         [-0.3236, -0.6995,  0.6372,  0.0011],
         [ 0.1265, -0.6994, -0.7035,  0.0292],
         [ 0.0000,  0.0000,  0.0000,  1.0000]]], device='cuda:0',
       grad_fn=<CopySlices>)
0:00:16.078019 - Wrote debug data: /home/ubuntu/synthetic_pose_estimation/cosypose/local_data/debug_data/debug_iter=1.pth.tar
0:00:16.288608 - TCO_input tensor([[[ 1.0000,  0.0000,  0.0000, -0.0157],
         [ 0.0000,  1.0000,  0.0000,  0.0125],
         [ 0.0000,  0.0000,  1.0000,  0.3357],
         [ 0.0000,  0.0000,  0.0000,  1.0000]]], device='cuda:0')
0:00:16.289673 - vxvyvz tensor([[ 0.2439, -0.1323,  0.0869]], device='cuda:0',
       grad_fn=<SliceBackward0>)
0:00:16.290698 - dR tensor([[[ 0.9377, -0.1471,  0.3148],
         [-0.3236, -0.6995,  0.6372],
         [ 0.1265, -0.6994, -0.7035]]], device='cuda:0',
       grad_fn=<StackBackward0>)
0:00:16.291614 - fxfy tensor([[2028.1000, 2028.1003]], device='cuda:0')
0:00:16.294144 - TCO_gt tensor([[[-0.7893,  0.4511,  0.4165, -0.0100],
         [-0.5688, -0.7927, -0.2192,  0.0062],
         [ 0.2313, -0.4099,  0.8823,  0.1920],
         [ 0.0000,  0.0000,  0.0000,  1.0000]]], device='cuda:0')
0:00:16.295094 - TCO pred_orn tensor([[[ 0.9377, -0.1471,  0.3148, -0.0100],
         [-0.3236, -0.6995,  0.6372,  0.0062],
         [ 0.1265, -0.6994, -0.7035,  0.1920],
         [ 0.0000,  0.0000,  0.0000,  1.0000]]], device='cuda:0',
       grad_fn=<CopySlices>)
0:00:16.296024 - TCO pred_xy tensor([[[-0.7893,  0.4511,  0.4165, -0.0090],
         [-0.5688, -0.7927, -0.2192,  0.0072],
         [ 0.2313, -0.4099,  0.8823,  0.1920],
         [ 0.0000,  0.0000,  0.0000,  1.0000]]], device='cuda:0',
       grad_fn=<CopySlices>)
0:00:16.296966 - TCO pred_z tensor([[[-0.7893,  0.4511,  0.4165, -0.0100],
         [-0.5688, -0.7927, -0.2192,  0.0062],
         [ 0.2313, -0.4099,  0.8823,  0.0292],
         [ 0.0000,  0.0000,  0.0000,  1.0000]]], device='cuda:0',
       grad_fn=<CopySlices>)
0:00:16.297650 - loss orn tensor([0.0072], device='cuda:0', grad_fn=<MinBackward0>)
0:00:16.298304 - loss xy tensor([0.0007], device='cuda:0', grad_fn=<MinBackward0>)
0:00:16.298958 - loss z tensor([0.0543], device='cuda:0', grad_fn=<MinBackward0>)
  0%|                                        | 0/1 [00:00<?, ?it/s, loss=0.0621]100%|████████████████████████████████| 1/1 [00:00<00:00,  3.38it/s, loss=0.0621]100%|████████████████████████████████| 1/1 [00:00<00:00,  3.38it/s, loss=0.0621]
0:00:16.066228 - saving /home/ubuntu/synthetic_pose_estimation/cosypose/local_data/experiments/bracket_assembly_debug_nut_nosym_coarse_noaug--938962 5
  0%|                                                     | 0/1 [00:00<?, ?it/s]0:00:16.481653 - iteration 0
0:00:16.603990 - outputs, {'pose': tensor([[ 0.3184, -0.1252,  0.0770,  0.0139, -0.1188, -0.0892,  0.2509, -0.1411,
          0.1167]], device='cuda:0', grad_fn=<AddmmBackward0>)}
0:00:16.605766 - model_outputs {'pose': tensor([[ 0.3184, -0.1252,  0.0770,  0.0139, -0.1188, -0.0892,  0.2509, -0.1411,
          0.1167]], device='cuda:0', grad_fn=<AddmmBackward0>)}
0:00:16.606597 - K crop tensor([[[1.5993e+03, 0.0000e+00, 3.3400e+02],
         [0.0000e+00, 1.5993e+03, 1.0777e+02],
         [0.0000e+00, 0.0000e+00, 1.0000e+00]]], device='cuda:0')
0:00:16.607478 - TCO_input tensor([[[ 1.0000,  0.0000,  0.0000, -0.0287],
         [ 0.0000,  1.0000,  0.0000,  0.0019],
         [ 0.0000,  0.0000,  1.0000,  0.2627],
         [ 0.0000,  0.0000,  0.0000,  1.0000]]], device='cuda:0')
0:00:16.608379 - model tco output tensor([[[ 9.0791e-01, -1.2605e-01,  3.9977e-01, -3.3400e-03],
         [-3.5698e-01, -7.3239e-01,  5.7980e-01,  2.2214e-04],
         [ 2.1970e-01, -6.6911e-01, -7.0995e-01,  3.0654e-02],
         [ 0.0000e+00,  0.0000e+00,  0.0000e+00,  1.0000e+00]]],
       device='cuda:0', grad_fn=<CopySlices>)
0:00:16.645958 - Wrote debug data: /home/ubuntu/synthetic_pose_estimation/cosypose/local_data/debug_data/debug_iter=1.pth.tar
0:00:16.856745 - TCO_input tensor([[[ 1.0000,  0.0000,  0.0000, -0.0287],
         [ 0.0000,  1.0000,  0.0000,  0.0019],
         [ 0.0000,  0.0000,  1.0000,  0.2627],
         [ 0.0000,  0.0000,  0.0000,  1.0000]]], device='cuda:0')
0:00:16.857849 - vxvyvz tensor([[ 0.2509, -0.1411,  0.1167]], device='cuda:0',
       grad_fn=<SliceBackward0>)
0:00:16.858882 - dR tensor([[[ 0.9079, -0.1261,  0.3998],
         [-0.3570, -0.7324,  0.5798],
         [ 0.2197, -0.6691, -0.7099]]], device='cuda:0',
       grad_fn=<StackBackward0>)
0:00:16.859767 - fxfy tensor([[1599.2634, 1599.2637]], device='cuda:0')
0:00:16.862296 - TCO_gt tensor([[[-0.7893,  0.4511,  0.4165, -0.0100],
         [-0.5688, -0.7927, -0.2192,  0.0062],
         [ 0.2313, -0.4099,  0.8823,  0.1920],
         [ 0.0000,  0.0000,  0.0000,  1.0000]]], device='cuda:0')
0:00:16.863222 - TCO pred_orn tensor([[[ 0.9079, -0.1261,  0.3998, -0.0100],
         [-0.3570, -0.7324,  0.5798,  0.0062],
         [ 0.2197, -0.6691, -0.7099,  0.1920],
         [ 0.0000,  0.0000,  0.0000,  1.0000]]], device='cuda:0',
       grad_fn=<CopySlices>)
0:00:16.864133 - TCO pred_xy tensor([[[-0.7893,  0.4511,  0.4165, -0.0209],
         [-0.5688, -0.7927, -0.2192,  0.0014],
         [ 0.2313, -0.4099,  0.8823,  0.1920],
         [ 0.0000,  0.0000,  0.0000,  1.0000]]], device='cuda:0',
       grad_fn=<CopySlices>)
0:00:16.865057 - TCO pred_z tensor([[[-0.7893,  0.4511,  0.4165, -0.0100],
         [-0.5688, -0.7927, -0.2192,  0.0062],
         [ 0.2313, -0.4099,  0.8823,  0.0307],
         [ 0.0000,  0.0000,  0.0000,  1.0000]]], device='cuda:0',
       grad_fn=<CopySlices>)
0:00:16.865720 - loss orn tensor([0.0070], device='cuda:0', grad_fn=<MinBackward0>)
0:00:16.866359 - loss xy tensor([0.0052], device='cuda:0', grad_fn=<MinBackward0>)
0:00:16.867005 - loss z tensor([0.0538], device='cuda:0', grad_fn=<MinBackward0>)
  0%|                                         | 0/1 [00:00<?, ?it/s, loss=0.066]100%|█████████████████████████████████| 1/1 [00:00<00:00,  3.40it/s, loss=0.066]100%|█████████████████████████████████| 1/1 [00:00<00:00,  3.39it/s, loss=0.066]
0:00:16.620401 - saving /home/ubuntu/synthetic_pose_estimation/cosypose/local_data/experiments/bracket_assembly_debug_nut_nosym_coarse_noaug--938962 6
  0%|                                                     | 0/1 [00:00<?, ?it/s]0:00:17.035578 - iteration 0
0:00:17.150615 - outputs, {'pose': tensor([[ 0.3122, -0.1508,  0.1049,  0.0321, -0.1342, -0.1039,  0.2588, -0.1403,
          0.1535]], device='cuda:0', grad_fn=<AddmmBackward0>)}
0:00:17.152260 - model_outputs {'pose': tensor([[ 0.3122, -0.1508,  0.1049,  0.0321, -0.1342, -0.1039,  0.2588, -0.1403,
          0.1535]], device='cuda:0', grad_fn=<AddmmBackward0>)}
0:00:17.153064 - K crop tensor([[[1.8160e+03, 0.0000e+00, 2.4355e+02],
         [0.0000e+00, 1.8160e+03, 4.6331e+01],
         [0.0000e+00, 0.0000e+00, 1.0000e+00]]], device='cuda:0')
0:00:17.153971 - TCO_input tensor([[[ 1.0000,  0.0000,  0.0000, -0.0140],
         [ 0.0000,  1.0000,  0.0000,  0.0121],
         [ 0.0000,  0.0000,  1.0000,  0.3015],
         [ 0.0000,  0.0000,  0.0000,  1.0000]]], device='cuda:0')
0:00:17.154886 - model tco output tensor([[[ 0.8619, -0.0850,  0.4999, -0.0021],
         [-0.4162, -0.6817,  0.6017,  0.0019],
         [ 0.2897, -0.7267, -0.6229,  0.0463],
         [ 0.0000,  0.0000,  0.0000,  1.0000]]], device='cuda:0',
       grad_fn=<CopySlices>)
0:00:17.193038 - Wrote debug data: /home/ubuntu/synthetic_pose_estimation/cosypose/local_data/debug_data/debug_iter=1.pth.tar
0:00:17.403596 - TCO_input tensor([[[ 1.0000,  0.0000,  0.0000, -0.0140],
         [ 0.0000,  1.0000,  0.0000,  0.0121],
         [ 0.0000,  0.0000,  1.0000,  0.3015],
         [ 0.0000,  0.0000,  0.0000,  1.0000]]], device='cuda:0')
0:00:17.404528 - vxvyvz tensor([[ 0.2588, -0.1403,  0.1535]], device='cuda:0',
       grad_fn=<SliceBackward0>)
0:00:17.405526 - dR tensor([[[ 0.8619, -0.0850,  0.4999],
         [-0.4162, -0.6817,  0.6017],
         [ 0.2897, -0.7267, -0.6229]]], device='cuda:0',
       grad_fn=<StackBackward0>)
0:00:17.406344 - fxfy tensor([[1816.0206, 1816.0208]], device='cuda:0')
0:00:17.408927 - TCO_gt tensor([[[-0.7893,  0.4511,  0.4165, -0.0100],
         [-0.5688, -0.7927, -0.2192,  0.0062],
         [ 0.2313, -0.4099,  0.8823,  0.1920],
         [ 0.0000,  0.0000,  0.0000,  1.0000]]], device='cuda:0')
0:00:17.409876 - TCO pred_orn tensor([[[ 0.8619, -0.0850,  0.4999, -0.0100],
         [-0.4162, -0.6817,  0.6017,  0.0062],
         [ 0.2897, -0.7267, -0.6229,  0.1920],
         [ 0.0000,  0.0000,  0.0000,  1.0000]]], device='cuda:0',
       grad_fn=<CopySlices>)
0:00:17.410788 - TCO pred_xy tensor([[[-0.7893,  0.4511,  0.4165, -0.0089],
         [-0.5688, -0.7927, -0.2192,  0.0077],
         [ 0.2313, -0.4099,  0.8823,  0.1920],
         [ 0.0000,  0.0000,  0.0000,  1.0000]]], device='cuda:0',
       grad_fn=<CopySlices>)
0:00:17.411694 - TCO pred_z tensor([[[-0.7893,  0.4511,  0.4165, -0.0100],
         [-0.5688, -0.7927, -0.2192,  0.0062],
         [ 0.2313, -0.4099,  0.8823,  0.0463],
         [ 0.0000,  0.0000,  0.0000,  1.0000]]], device='cuda:0',
       grad_fn=<CopySlices>)
0:00:17.412342 - loss orn tensor([0.0069], device='cuda:0', grad_fn=<MinBackward0>)
0:00:17.412994 - loss xy tensor([0.0009], device='cuda:0', grad_fn=<MinBackward0>)
0:00:17.413653 - loss z tensor([0.0486], device='cuda:0', grad_fn=<MinBackward0>)
  0%|                                        | 0/1 [00:00<?, ?it/s, loss=0.0564]100%|████████████████████████████████| 1/1 [00:00<00:00,  3.49it/s, loss=0.0564]100%|████████████████████████████████| 1/1 [00:00<00:00,  3.49it/s, loss=0.0564]
0:00:17.167078 - saving /home/ubuntu/synthetic_pose_estimation/cosypose/local_data/experiments/bracket_assembly_debug_nut_nosym_coarse_noaug--938962 7
  0%|                                                     | 0/1 [00:00<?, ?it/s]0:00:17.582302 - iteration 0
0:00:17.698768 - outputs, {'pose': tensor([[ 0.2975, -0.1747,  0.1418,  0.0551, -0.1336, -0.1247,  0.2598, -0.1435,
          0.1820]], device='cuda:0', grad_fn=<AddmmBackward0>)}
0:00:17.700429 - model_outputs {'pose': tensor([[ 0.2975, -0.1747,  0.1418,  0.0551, -0.1336, -0.1247,  0.2598, -0.1435,
          0.1820]], device='cuda:0', grad_fn=<AddmmBackward0>)}
0:00:17.701253 - K crop tensor([[[1.6988e+03, 0.0000e+00, 2.2154e+02],
         [0.0000e+00, 1.6988e+03, 7.0232e+01],
         [0.0000e+00, 0.0000e+00, 1.0000e+00]]], device='cuda:0')
0:00:17.702145 - TCO_input tensor([[[ 1.0000,  0.0000,  0.0000, -0.0103],
         [ 0.0000,  1.0000,  0.0000,  0.0082],
         [ 0.0000,  0.0000,  1.0000,  0.2811],
         [ 0.0000,  0.0000,  0.0000,  1.0000]]], device='cuda:0')
0:00:17.703074 - model tco output tensor([[[ 0.7976,  0.0438,  0.6017, -0.0019],
         [-0.4684, -0.5836,  0.6634,  0.0015],
         [ 0.3802, -0.8109, -0.4449,  0.0512],
         [ 0.0000,  0.0000,  0.0000,  1.0000]]], device='cuda:0',
       grad_fn=<CopySlices>)
0:00:17.742260 - Wrote debug data: /home/ubuntu/synthetic_pose_estimation/cosypose/local_data/debug_data/debug_iter=1.pth.tar
0:00:17.952712 - TCO_input tensor([[[ 1.0000,  0.0000,  0.0000, -0.0103],
         [ 0.0000,  1.0000,  0.0000,  0.0082],
         [ 0.0000,  0.0000,  1.0000,  0.2811],
         [ 0.0000,  0.0000,  0.0000,  1.0000]]], device='cuda:0')
0:00:17.953752 - vxvyvz tensor([[ 0.2598, -0.1435,  0.1820]], device='cuda:0',
       grad_fn=<SliceBackward0>)
0:00:17.954723 - dR tensor([[[ 0.7976,  0.0438,  0.6017],
         [-0.4684, -0.5836,  0.6634],
         [ 0.3802, -0.8109, -0.4449]]], device='cuda:0',
       grad_fn=<StackBackward0>)
0:00:17.955567 - fxfy tensor([[1698.7969, 1698.7971]], device='cuda:0')
0:00:17.958069 - TCO_gt tensor([[[-0.7893,  0.4511,  0.4165, -0.0100],
         [-0.5688, -0.7927, -0.2192,  0.0062],
         [ 0.2313, -0.4099,  0.8823,  0.1920],
         [ 0.0000,  0.0000,  0.0000,  1.0000]]], device='cuda:0')
0:00:17.958953 - TCO pred_orn tensor([[[ 0.7976,  0.0438,  0.6017, -0.0100],
         [-0.4684, -0.5836,  0.6634,  0.0062],
         [ 0.3802, -0.8109, -0.4449,  0.1920],
         [ 0.0000,  0.0000,  0.0000,  1.0000]]], device='cuda:0',
       grad_fn=<CopySlices>)
0:00:17.959828 - TCO pred_xy tensor([[[-0.7893,  0.4511,  0.4165, -0.0070],
         [-0.5688, -0.7927, -0.2192,  0.0056],
         [ 0.2313, -0.4099,  0.8823,  0.1920],
         [ 0.0000,  0.0000,  0.0000,  1.0000]]], device='cuda:0',
       grad_fn=<CopySlices>)
0:00:17.960684 - TCO pred_z tensor([[[-0.7893,  0.4511,  0.4165, -0.0100],
         [-0.5688, -0.7927, -0.2192,  0.0062],
         [ 0.2313, -0.4099,  0.8823,  0.0512],
         [ 0.0000,  0.0000,  0.0000,  1.0000]]], device='cuda:0',
       grad_fn=<CopySlices>)
0:00:17.961329 - loss orn tensor([0.0065], device='cuda:0', grad_fn=<MinBackward0>)
0:00:17.961920 - loss xy tensor([0.0012], device='cuda:0', grad_fn=<MinBackward0>)
0:00:17.962507 - loss z tensor([0.0469], device='cuda:0', grad_fn=<MinBackward0>)
  0%|                                        | 0/1 [00:00<?, ?it/s, loss=0.0547]100%|████████████████████████████████| 1/1 [00:00<00:00,  3.41it/s, loss=0.0547]100%|████████████████████████████████| 1/1 [00:00<00:00,  3.41it/s, loss=0.0547]
0:00:17.710661 - saving /home/ubuntu/synthetic_pose_estimation/cosypose/local_data/experiments/bracket_assembly_debug_nut_nosym_coarse_noaug--938962 8
  0%|                                                     | 0/1 [00:00<?, ?it/s]0:00:18.125954 - iteration 0
0:00:18.245741 - outputs, {'pose': tensor([[ 0.2724, -0.2068,  0.1727,  0.0720, -0.1486, -0.1387,  0.2519, -0.1413,
          0.2177]], device='cuda:0', grad_fn=<AddmmBackward0>)}
0:00:18.247395 - model_outputs {'pose': tensor([[ 0.2724, -0.2068,  0.1727,  0.0720, -0.1486, -0.1387,  0.2519, -0.1413,
          0.2177]], device='cuda:0', grad_fn=<AddmmBackward0>)}
0:00:18.248201 - K crop tensor([[[1.8703e+03, 0.0000e+00, 3.4781e+02],
         [0.0000e+00, 1.8703e+03, 1.3156e+01],
         [0.0000e+00, 0.0000e+00, 1.0000e+00]]], device='cuda:0')
0:00:18.249059 - TCO_input tensor([[[ 1.0000,  0.0000,  0.0000, -0.0315],
         [ 0.0000,  1.0000,  0.0000,  0.0178],
         [ 0.0000,  0.0000,  1.0000,  0.3124],
         [ 0.0000,  0.0000,  0.0000,  1.0000]]], device='cuda:0')
0:00:18.250010 - model tco output tensor([[[ 0.7110,  0.1125,  0.6941, -0.0068],
         [-0.5398, -0.5453,  0.6413,  0.0039],
         [ 0.4506, -0.8307, -0.3270,  0.0680],
         [ 0.0000,  0.0000,  0.0000,  1.0000]]], device='cuda:0',
       grad_fn=<CopySlices>)
0:00:18.291808 - Wrote debug data: /home/ubuntu/synthetic_pose_estimation/cosypose/local_data/debug_data/debug_iter=1.pth.tar
0:00:18.502002 - TCO_input tensor([[[ 1.0000,  0.0000,  0.0000, -0.0315],
         [ 0.0000,  1.0000,  0.0000,  0.0178],
         [ 0.0000,  0.0000,  1.0000,  0.3124],
         [ 0.0000,  0.0000,  0.0000,  1.0000]]], device='cuda:0')
0:00:18.503069 - vxvyvz tensor([[ 0.2519, -0.1413,  0.2177]], device='cuda:0',
       grad_fn=<SliceBackward0>)
0:00:18.504111 - dR tensor([[[ 0.7110,  0.1125,  0.6941],
         [-0.5398, -0.5453,  0.6413],
         [ 0.4506, -0.8307, -0.3270]]], device='cuda:0',
       grad_fn=<StackBackward0>)
0:00:18.505002 - fxfy tensor([[1870.2828, 1870.2832]], device='cuda:0')
0:00:18.507502 - TCO_gt tensor([[[-0.7893,  0.4511,  0.4165, -0.0100],
         [-0.5688, -0.7927, -0.2192,  0.0062],
         [ 0.2313, -0.4099,  0.8823,  0.1920],
         [ 0.0000,  0.0000,  0.0000,  1.0000]]], device='cuda:0')
0:00:18.508430 - TCO pred_orn tensor([[[ 0.7110,  0.1125,  0.6941, -0.0100],
         [-0.5398, -0.5453,  0.6413,  0.0062],
         [ 0.4506, -0.8307, -0.3270,  0.1920],
         [ 0.0000,  0.0000,  0.0000,  1.0000]]], device='cuda:0',
       grad_fn=<CopySlices>)
0:00:18.509379 - TCO pred_xy tensor([[[-0.7893,  0.4511,  0.4165, -0.0193],
         [-0.5688, -0.7927, -0.2192,  0.0109],
         [ 0.2313, -0.4099,  0.8823,  0.1920],
         [ 0.0000,  0.0000,  0.0000,  1.0000]]], device='cuda:0',
       grad_fn=<CopySlices>)
0:00:18.510303 - TCO pred_z tensor([[[-0.7893,  0.4511,  0.4165, -0.0100],
         [-0.5688, -0.7927, -0.2192,  0.0062],
         [ 0.2313, -0.4099,  0.8823,  0.0680],
         [ 0.0000,  0.0000,  0.0000,  1.0000]]], device='cuda:0',
       grad_fn=<CopySlices>)
0:00:18.510955 - loss orn tensor([0.0062], device='cuda:0', grad_fn=<MinBackward0>)
0:00:18.511594 - loss xy tensor([0.0047], device='cuda:0', grad_fn=<MinBackward0>)
0:00:18.514511 - loss z tensor([0.0413], device='cuda:0', grad_fn=<MinBackward0>)
  0%|                                        | 0/1 [00:00<?, ?it/s, loss=0.0522]100%|████████████████████████████████| 1/1 [00:00<00:00,  3.36it/s, loss=0.0522]100%|████████████████████████████████| 1/1 [00:00<00:00,  3.35it/s, loss=0.0522]
0:00:18.264661 - saving /home/ubuntu/synthetic_pose_estimation/cosypose/local_data/experiments/bracket_assembly_debug_nut_nosym_coarse_noaug--938962 9
  0%|                                                     | 0/1 [00:00<?, ?it/s]0:00:18.679833 - iteration 0
0:00:18.797882 - outputs, {'pose': tensor([[ 0.2552, -0.2347,  0.2044,  0.1004, -0.1427, -0.1629,  0.2547, -0.1474,
          0.2496]], device='cuda:0', grad_fn=<AddmmBackward0>)}
0:00:18.800019 - model_outputs {'pose': tensor([[ 0.2552, -0.2347,  0.2044,  0.1004, -0.1427, -0.1629,  0.2547, -0.1474,
          0.2496]], device='cuda:0', grad_fn=<AddmmBackward0>)}
0:00:18.801046 - K crop tensor([[[1.8763e+03, 0.0000e+00, 2.7211e+02],
         [0.0000e+00, 1.8763e+03, 2.1328e+01],
         [0.0000e+00, 0.0000e+00, 1.0000e+00]]], device='cuda:0')
0:00:18.802212 - TCO_input tensor([[[ 1.0000,  0.0000,  0.0000, -0.0188],
         [ 0.0000,  1.0000,  0.0000,  0.0164],
         [ 0.0000,  0.0000,  1.0000,  0.3128],
         [ 0.0000,  0.0000,  0.0000,  1.0000]]], device='cuda:0')
0:00:18.803350 - model tco output tensor([[[ 0.6341,  0.2599,  0.7283, -0.0047],
         [-0.5830, -0.4580,  0.6711,  0.0041],
         [ 0.5079, -0.8501, -0.1389,  0.0781],
         [ 0.0000,  0.0000,  0.0000,  1.0000]]], device='cuda:0',
       grad_fn=<CopySlices>)
0:00:18.841202 - Wrote debug data: /home/ubuntu/synthetic_pose_estimation/cosypose/local_data/debug_data/debug_iter=1.pth.tar
0:00:19.056668 - TCO_input tensor([[[ 1.0000,  0.0000,  0.0000, -0.0188],
         [ 0.0000,  1.0000,  0.0000,  0.0164],
         [ 0.0000,  0.0000,  1.0000,  0.3128],
         [ 0.0000,  0.0000,  0.0000,  1.0000]]], device='cuda:0')
0:00:19.057774 - vxvyvz tensor([[ 0.2547, -0.1474,  0.2496]], device='cuda:0',
       grad_fn=<SliceBackward0>)
0:00:19.058821 - dR tensor([[[ 0.6341,  0.2599,  0.7283],
         [-0.5830, -0.4580,  0.6711],
         [ 0.5079, -0.8501, -0.1389]]], device='cuda:0',
       grad_fn=<StackBackward0>)
0:00:19.059706 - fxfy tensor([[1876.2777, 1876.2777]], device='cuda:0')
0:00:19.062261 - TCO_gt tensor([[[-0.7893,  0.4511,  0.4165, -0.0100],
         [-0.5688, -0.7927, -0.2192,  0.0062],
         [ 0.2313, -0.4099,  0.8823,  0.1920],
         [ 0.0000,  0.0000,  0.0000,  1.0000]]], device='cuda:0')
0:00:19.063169 - TCO pred_orn tensor([[[ 0.6341,  0.2599,  0.7283, -0.0100],
         [-0.5830, -0.4580,  0.6711,  0.0062],
         [ 0.5079, -0.8501, -0.1389,  0.1920],
         [ 0.0000,  0.0000,  0.0000,  1.0000]]], device='cuda:0',
       grad_fn=<CopySlices>)
0:00:19.064058 - TCO pred_xy tensor([[[-0.7893,  0.4511,  0.4165, -0.0115],
         [-0.5688, -0.7927, -0.2192,  0.0100],
         [ 0.2313, -0.4099,  0.8823,  0.1920],
         [ 0.0000,  0.0000,  0.0000,  1.0000]]], device='cuda:0',
       grad_fn=<CopySlices>)
0:00:19.064960 - TCO pred_z tensor([[[-0.7893,  0.4511,  0.4165, -0.0100],
         [-0.5688, -0.7927, -0.2192,  0.0062],
         [ 0.2313, -0.4099,  0.8823,  0.0781],
         [ 0.0000,  0.0000,  0.0000,  1.0000]]], device='cuda:0',
       grad_fn=<CopySlices>)
0:00:19.065601 - loss orn tensor([0.0058], device='cuda:0', grad_fn=<MinBackward0>)
0:00:19.066221 - loss xy tensor([0.0018], device='cuda:0', grad_fn=<MinBackward0>)
0:00:19.066842 - loss z tensor([0.0380], device='cuda:0', grad_fn=<MinBackward0>)
  0%|                                        | 0/1 [00:00<?, ?it/s, loss=0.0456]100%|████████████████████████████████| 1/1 [00:00<00:00,  3.39it/s, loss=0.0456]100%|████████████████████████████████| 1/1 [00:00<00:00,  3.39it/s, loss=0.0456]
  0%|                                                     | 0/1 [00:00<?, ?it/s]0:00:18.974302 - iteration 0
0:00:19.083473 - outputs, {'pose': tensor([[ 0.0061, -0.0063, -0.0177,  0.0233, -0.0022, -0.0154,  0.0008, -0.0177,
         -0.0131]], device='cuda:0')}
0:00:19.084990 - model_outputs {'pose': tensor([[ 0.0061, -0.0063, -0.0177,  0.0233, -0.0022, -0.0154,  0.0008, -0.0177,
         -0.0131]], device='cuda:0')}
0:00:19.085805 - K crop tensor([[[1.8117e+03, 0.0000e+00, 2.9297e+02],
         [0.0000e+00, 1.8117e+03, 3.5417e+01],
         [0.0000e+00, 0.0000e+00, 1.0000e+00]]], device='cuda:0')
0:00:19.086644 - TCO_input tensor([[[ 1.0000,  0.0000,  0.0000, -0.0222],
         [ 0.0000,  1.0000,  0.0000,  0.0140],
         [ 0.0000,  0.0000,  1.0000,  0.3015],
         [ 0.0000,  0.0000,  0.0000,  1.0000]]], device='cuda:0')
0:00:19.087509 - model tco output tensor([[[ 3.0933e-01,  9.3660e-01,  1.6462e-01,  2.9208e-04],
         [-3.2012e-01,  2.6557e-01, -9.0939e-01, -1.8397e-04],
         [-8.9545e-01,  2.2861e-01,  3.8197e-01, -3.9646e-03],
         [ 0.0000e+00,  0.0000e+00,  0.0000e+00,  1.0000e+00]]],
       device='cuda:0')
0:00:19.126992 - Wrote debug data: /home/ubuntu/synthetic_pose_estimation/cosypose/local_data/debug_data/debug_iter=1.pth.tar
0:00:19.341859 - TCO_input tensor([[[ 1.0000,  0.0000,  0.0000, -0.0222],
         [ 0.0000,  1.0000,  0.0000,  0.0140],
         [ 0.0000,  0.0000,  1.0000,  0.3015],
         [ 0.0000,  0.0000,  0.0000,  1.0000]]], device='cuda:0')
0:00:19.342768 - vxvyvz tensor([[ 0.0008, -0.0177, -0.0131]], device='cuda:0')
0:00:19.343743 - dR tensor([[[ 0.3093,  0.9366,  0.1646],
         [-0.3201,  0.2656, -0.9094],
         [-0.8955,  0.2286,  0.3820]]], device='cuda:0')
0:00:19.344599 - fxfy tensor([[1811.6505, 1811.6506]], device='cuda:0')
0:00:19.346958 - TCO_gt tensor([[[-0.7893,  0.4511,  0.4165, -0.0100],
         [-0.5688, -0.7927, -0.2192,  0.0062],
         [ 0.2313, -0.4099,  0.8823,  0.1920],
         [ 0.0000,  0.0000,  0.0000,  1.0000]]], device='cuda:0')
0:00:19.347845 - TCO pred_orn tensor([[[ 0.3093,  0.9366,  0.1646, -0.0100],
         [-0.3201,  0.2656, -0.9094,  0.0062],
         [-0.8955,  0.2286,  0.3820,  0.1920],
         [ 0.0000,  0.0000,  0.0000,  1.0000]]], device='cuda:0')
0:00:19.348739 - TCO pred_xy tensor([[[-0.7893,  0.4511,  0.4165, -0.0141],
         [-0.5688, -0.7927, -0.2192,  0.0089],
         [ 0.2313, -0.4099,  0.8823,  0.1920],
         [ 0.0000,  0.0000,  0.0000,  1.0000]]], device='cuda:0')
0:00:19.349661 - TCO pred_z tensor([[[-0.7893,  0.4511,  0.4165, -0.0100],
         [-0.5688, -0.7927, -0.2192,  0.0062],
         [ 0.2313, -0.4099,  0.8823, -0.0040],
         [ 0.0000,  0.0000,  0.0000,  1.0000]]], device='cuda:0')
0:00:19.350280 - loss orn tensor([0.0074], device='cuda:0')
0:00:19.350894 - loss xy tensor([0.0023], device='cuda:0')
0:00:19.351503 - loss z tensor([0.0653], device='cuda:0')
100%|█████████████████████████████████████████████| 1/1 [00:00<00:00,  5.10it/s]100%|█████████████████████████████████████████████| 1/1 [00:00<00:00,  5.09it/s]
0:00:19.008325 - saving /home/ubuntu/synthetic_pose_estimation/cosypose/local_data/experiments/bracket_assembly_debug_nut_nosym_coarse_noaug--938962 10
  0%|                                                     | 0/1 [00:00<?, ?it/s]0:00:19.422133 - iteration 0
0:00:19.540185 - outputs, {'pose': tensor([[ 0.2236, -0.2675,  0.2354,  0.1255, -0.1374, -0.1945,  0.2579, -0.1604,
          0.2817]], device='cuda:0', grad_fn=<AddmmBackward0>)}
0:00:19.541852 - model_outputs {'pose': tensor([[ 0.2236, -0.2675,  0.2354,  0.1255, -0.1374, -0.1945,  0.2579, -0.1604,
          0.2817]], device='cuda:0', grad_fn=<AddmmBackward0>)}
0:00:19.542629 - K crop tensor([[[1.6022e+03, 0.0000e+00, 2.5607e+02],
         [0.0000e+00, 1.6022e+03, 5.4537e+01],
         [0.0000e+00, 0.0000e+00, 1.0000e+00]]], device='cuda:0')
0:00:19.543475 - TCO_input tensor([[[ 1.0000,  0.0000,  0.0000, -0.0161],
         [ 0.0000,  1.0000,  0.0000,  0.0108],
         [ 0.0000,  0.0000,  1.0000,  0.2667],
         [ 0.0000,  0.0000,  0.0000,  1.0000]]], device='cuda:0')
0:00:19.544374 - model tco output tensor([[[ 0.5315,  0.3824,  0.7559, -0.0045],
         [-0.6359, -0.4094,  0.6542,  0.0030],
         [ 0.5596, -0.8284,  0.0256,  0.0751],
         [ 0.0000,  0.0000,  0.0000,  1.0000]]], device='cuda:0',
       grad_fn=<CopySlices>)
0:00:19.582823 - Wrote debug data: /home/ubuntu/synthetic_pose_estimation/cosypose/local_data/debug_data/debug_iter=1.pth.tar
0:00:19.792357 - TCO_input tensor([[[ 1.0000,  0.0000,  0.0000, -0.0161],
         [ 0.0000,  1.0000,  0.0000,  0.0108],
         [ 0.0000,  0.0000,  1.0000,  0.2667],
         [ 0.0000,  0.0000,  0.0000,  1.0000]]], device='cuda:0')
0:00:19.793464 - vxvyvz tensor([[ 0.2579, -0.1604,  0.2817]], device='cuda:0',
       grad_fn=<SliceBackward0>)
0:00:19.794472 - dR tensor([[[ 0.5315,  0.3824,  0.7559],
         [-0.6359, -0.4094,  0.6542],
         [ 0.5596, -0.8284,  0.0256]]], device='cuda:0',
       grad_fn=<StackBackward0>)
0:00:19.795336 - fxfy tensor([[1602.2126, 1602.2128]], device='cuda:0')
0:00:19.797790 - TCO_gt tensor([[[-0.7893,  0.4511,  0.4165, -0.0100],
         [-0.5688, -0.7927, -0.2192,  0.0062],
         [ 0.2313, -0.4099,  0.8823,  0.1920],
         [ 0.0000,  0.0000,  0.0000,  1.0000]]], device='cuda:0')
0:00:19.798692 - TCO pred_orn tensor([[[ 0.5315,  0.3824,  0.7559, -0.0100],
         [-0.6359, -0.4094,  0.6542,  0.0062],
         [ 0.5596, -0.8284,  0.0256,  0.1920],
         [ 0.0000,  0.0000,  0.0000,  1.0000]]], device='cuda:0',
       grad_fn=<CopySlices>)
0:00:19.799581 - TCO pred_xy tensor([[[-0.7893,  0.4511,  0.4165, -0.0115],
         [-0.5688, -0.7927, -0.2192,  0.0078],
         [ 0.2313, -0.4099,  0.8823,  0.1920],
         [ 0.0000,  0.0000,  0.0000,  1.0000]]], device='cuda:0',
       grad_fn=<CopySlices>)
0:00:19.800464 - TCO pred_z tensor([[[-0.7893,  0.4511,  0.4165, -0.0100],
         [-0.5688, -0.7927, -0.2192,  0.0062],
         [ 0.2313, -0.4099,  0.8823,  0.0751],
         [ 0.0000,  0.0000,  0.0000,  1.0000]]], device='cuda:0',
       grad_fn=<CopySlices>)
0:00:19.801102 - loss orn tensor([0.0054], device='cuda:0', grad_fn=<MinBackward0>)
0:00:19.801733 - loss xy tensor([0.0010], device='cuda:0', grad_fn=<MinBackward0>)
0:00:19.802344 - loss z tensor([0.0389], device='cuda:0', grad_fn=<MinBackward0>)
  0%|                                        | 0/1 [00:00<?, ?it/s, loss=0.0454]100%|████████████████████████████████| 1/1 [00:00<00:00,  3.49it/s, loss=0.0454]100%|████████████████████████████████| 1/1 [00:00<00:00,  3.49it/s, loss=0.0454]
0:00:19.549824 - saving /home/ubuntu/synthetic_pose_estimation/cosypose/local_data/experiments/bracket_assembly_debug_nut_nosym_coarse_noaug--938962 11
  0%|                                                     | 0/1 [00:00<?, ?it/s]0:00:19.968584 - iteration 0
0:00:20.087304 - outputs, {'pose': tensor([[ 0.1988, -0.2878,  0.2704,  0.1531, -0.1424, -0.2020,  0.2703, -0.1674,
          0.3200]], device='cuda:0', grad_fn=<AddmmBackward0>)}
0:00:20.088945 - model_outputs {'pose': tensor([[ 0.1988, -0.2878,  0.2704,  0.1531, -0.1424, -0.2020,  0.2703, -0.1674,
          0.3200]], device='cuda:0', grad_fn=<AddmmBackward0>)}
0:00:20.089772 - K crop tensor([[[2.1576e+03, 0.0000e+00, 3.0750e+02],
         [0.0000e+00, 2.1576e+03, 2.0268e+01],
         [0.0000e+00, 0.0000e+00, 1.0000e+00]]], device='cuda:0')
0:00:20.090630 - TCO_input tensor([[[ 1.0000,  0.0000,  0.0000, -0.0246],
         [ 0.0000,  1.0000,  0.0000,  0.0165],
         [ 0.0000,  0.0000,  1.0000,  0.3580],
         [ 0.0000,  0.0000,  0.0000,  1.0000]]], device='cuda:0')
0:00:20.091515 - model tco output tensor([[[ 0.4496,  0.4718,  0.7585, -0.0078],
         [-0.6510, -0.4084,  0.6399,  0.0053],
         [ 0.6117, -0.7814,  0.1235,  0.1145],
         [ 0.0000,  0.0000,  0.0000,  1.0000]]], device='cuda:0',
       grad_fn=<CopySlices>)
0:00:20.129849 - Wrote debug data: /home/ubuntu/synthetic_pose_estimation/cosypose/local_data/debug_data/debug_iter=1.pth.tar
0:00:20.341534 - TCO_input tensor([[[ 1.0000,  0.0000,  0.0000, -0.0246],
         [ 0.0000,  1.0000,  0.0000,  0.0165],
         [ 0.0000,  0.0000,  1.0000,  0.3580],
         [ 0.0000,  0.0000,  0.0000,  1.0000]]], device='cuda:0')
0:00:20.342453 - vxvyvz tensor([[ 0.2703, -0.1674,  0.3200]], device='cuda:0',
       grad_fn=<SliceBackward0>)
0:00:20.343414 - dR tensor([[[ 0.4496,  0.4718,  0.7585],
         [-0.6510, -0.4084,  0.6399],
         [ 0.6117, -0.7814,  0.1235]]], device='cuda:0',
       grad_fn=<StackBackward0>)
0:00:20.344249 - fxfy tensor([[2157.6111, 2157.6116]], device='cuda:0')
0:00:20.346709 - TCO_gt tensor([[[-0.7893,  0.4511,  0.4165, -0.0100],
         [-0.5688, -0.7927, -0.2192,  0.0062],
         [ 0.2313, -0.4099,  0.8823,  0.1920],
         [ 0.0000,  0.0000,  0.0000,  1.0000]]], device='cuda:0')
0:00:20.347608 - TCO pred_orn tensor([[[ 0.4496,  0.4718,  0.7585, -0.0100],
         [-0.6510, -0.4084,  0.6399,  0.0062],
         [ 0.6117, -0.7814,  0.1235,  0.1920],
         [ 0.0000,  0.0000,  0.0000,  1.0000]]], device='cuda:0',
       grad_fn=<CopySlices>)
0:00:20.348504 - TCO pred_xy tensor([[[-0.7893,  0.4511,  0.4165, -0.0131],
         [-0.5688, -0.7927, -0.2192,  0.0088],
         [ 0.2313, -0.4099,  0.8823,  0.1920],
         [ 0.0000,  0.0000,  0.0000,  1.0000]]], device='cuda:0',
       grad_fn=<CopySlices>)
0:00:20.349430 - TCO pred_z tensor([[[-0.7893,  0.4511,  0.4165, -0.0100],
         [-0.5688, -0.7927, -0.2192,  0.0062],
         [ 0.2313, -0.4099,  0.8823,  0.1145],
         [ 0.0000,  0.0000,  0.0000,  1.0000]]], device='cuda:0',
       grad_fn=<CopySlices>)
0:00:20.350055 - loss orn tensor([0.0051], device='cuda:0', grad_fn=<MinBackward0>)
0:00:20.350678 - loss xy tensor([0.0019], device='cuda:0', grad_fn=<MinBackward0>)
0:00:20.351290 - loss z tensor([0.0258], device='cuda:0', grad_fn=<MinBackward0>)
  0%|                                        | 0/1 [00:00<?, ?it/s, loss=0.0328]100%|████████████████████████████████| 1/1 [00:00<00:00,  3.41it/s, loss=0.0328]100%|████████████████████████████████| 1/1 [00:00<00:00,  3.40it/s, loss=0.0328]
0:00:20.098588 - saving /home/ubuntu/synthetic_pose_estimation/cosypose/local_data/experiments/bracket_assembly_debug_nut_nosym_coarse_noaug--938962 12
  0%|                                                     | 0/1 [00:00<?, ?it/s]0:00:20.515255 - iteration 0
0:00:20.640584 - outputs, {'pose': tensor([[ 0.1666, -0.3302,  0.2888,  0.1695, -0.1392, -0.2292,  0.2807, -0.1738,
          0.3508]], device='cuda:0', grad_fn=<AddmmBackward0>)}
0:00:20.642233 - model_outputs {'pose': tensor([[ 0.1666, -0.3302,  0.2888,  0.1695, -0.1392, -0.2292,  0.2807, -0.1738,
          0.3508]], device='cuda:0', grad_fn=<AddmmBackward0>)}
0:00:20.643013 - K crop tensor([[[1.9163e+03, 0.0000e+00, 2.9347e+02],
         [0.0000e+00, 1.9163e+03, 9.8314e+01],
         [0.0000e+00, 0.0000e+00, 1.0000e+00]]], device='cuda:0')
0:00:20.643872 - TCO_input tensor([[[ 1.0000,  0.0000,  0.0000, -0.0220],
         [ 0.0000,  1.0000,  0.0000,  0.0035],
         [ 0.0000,  0.0000,  1.0000,  0.3141],
         [ 0.0000,  0.0000,  0.0000,  1.0000]]], device='cuda:0')
0:00:20.644769 - model tco output tensor([[[ 0.3550,  0.5159,  0.7796, -0.0077],
         [-0.7037, -0.4016,  0.5862,  0.0012],
         [ 0.6155, -0.7567,  0.2205,  0.1102],
         [ 0.0000,  0.0000,  0.0000,  1.0000]]], device='cuda:0',
       grad_fn=<CopySlices>)
0:00:20.681767 - Wrote debug data: /home/ubuntu/synthetic_pose_estimation/cosypose/local_data/debug_data/debug_iter=1.pth.tar
0:00:20.892694 - TCO_input tensor([[[ 1.0000,  0.0000,  0.0000, -0.0220],
         [ 0.0000,  1.0000,  0.0000,  0.0035],
         [ 0.0000,  0.0000,  1.0000,  0.3141],
         [ 0.0000,  0.0000,  0.0000,  1.0000]]], device='cuda:0')
0:00:20.893731 - vxvyvz tensor([[ 0.2807, -0.1738,  0.3508]], device='cuda:0',
       grad_fn=<SliceBackward0>)
0:00:20.894714 - dR tensor([[[ 0.3550,  0.5159,  0.7796],
         [-0.7037, -0.4016,  0.5862],
         [ 0.6155, -0.7567,  0.2205]]], device='cuda:0',
       grad_fn=<StackBackward0>)
0:00:20.895599 - fxfy tensor([[1916.3313, 1916.3308]], device='cuda:0')
0:00:20.898122 - TCO_gt tensor([[[-0.7893,  0.4511,  0.4165, -0.0100],
         [-0.5688, -0.7927, -0.2192,  0.0062],
         [ 0.2313, -0.4099,  0.8823,  0.1920],
         [ 0.0000,  0.0000,  0.0000,  1.0000]]], device='cuda:0')
0:00:20.899024 - TCO pred_orn tensor([[[ 0.3550,  0.5159,  0.7796, -0.0100],
         [-0.7037, -0.4016,  0.5862,  0.0062],
         [ 0.6155, -0.7567,  0.2205,  0.1920],
         [ 0.0000,  0.0000,  0.0000,  1.0000]]], device='cuda:0',
       grad_fn=<CopySlices>)
0:00:20.899935 - TCO pred_xy tensor([[[-0.7893,  0.4511,  0.4165, -0.0134],
         [-0.5688, -0.7927, -0.2192,  0.0021],
         [ 0.2313, -0.4099,  0.8823,  0.1920],
         [ 0.0000,  0.0000,  0.0000,  1.0000]]], device='cuda:0',
       grad_fn=<CopySlices>)
0:00:20.900829 - TCO pred_z tensor([[[-0.7893,  0.4511,  0.4165, -0.0100],
         [-0.5688, -0.7927, -0.2192,  0.0062],
         [ 0.2313, -0.4099,  0.8823,  0.1102],
         [ 0.0000,  0.0000,  0.0000,  1.0000]]], device='cuda:0',
       grad_fn=<CopySlices>)
0:00:20.901519 - loss orn tensor([0.0048], device='cuda:0', grad_fn=<MinBackward0>)
0:00:20.902139 - loss xy tensor([0.0025], device='cuda:0', grad_fn=<MinBackward0>)
0:00:20.902754 - loss z tensor([0.0273], device='cuda:0', grad_fn=<MinBackward0>)
  0%|                                        | 0/1 [00:00<?, ?it/s, loss=0.0345]100%|████████████████████████████████| 1/1 [00:00<00:00,  3.37it/s, loss=0.0345]100%|████████████████████████████████| 1/1 [00:00<00:00,  3.37it/s, loss=0.0345]
0:00:20.663440 - saving /home/ubuntu/synthetic_pose_estimation/cosypose/local_data/experiments/bracket_assembly_debug_nut_nosym_coarse_noaug--938962 13
  0%|                                                     | 0/1 [00:00<?, ?it/s]0:00:21.078748 - iteration 0
0:00:21.122191 - outputs, {'pose': tensor([[ 0.1403, -0.3567,  0.3264,  0.1924, -0.1374, -0.2459,  0.2935, -0.1845,
          0.3802]], device='cuda:0', grad_fn=<AddmmBackward0>)}
0:00:21.123816 - model_outputs {'pose': tensor([[ 0.1403, -0.3567,  0.3264,  0.1924, -0.1374, -0.2459,  0.2935, -0.1845,
          0.3802]], device='cuda:0', grad_fn=<AddmmBackward0>)}
0:00:21.124609 - K crop tensor([[[1.6990e+03, 0.0000e+00, 2.4587e+02],
         [0.0000e+00, 1.6990e+03, 6.7151e+01],
         [0.0000e+00, 0.0000e+00, 1.0000e+00]]], device='cuda:0')
0:00:21.125486 - TCO_input tensor([[[ 1.0000,  0.0000,  0.0000, -0.0143],
         [ 0.0000,  1.0000,  0.0000,  0.0087],
         [ 0.0000,  0.0000,  1.0000,  0.2814],
         [ 0.0000,  0.0000,  0.0000,  1.0000]]], device='cuda:0')
0:00:21.126387 - model tco output tensor([[[ 0.2786,  0.5711,  0.7721, -0.0054],
         [-0.7085, -0.4205,  0.5667,  0.0033],
         [ 0.6484, -0.7050,  0.2875,  0.1070],
         [ 0.0000,  0.0000,  0.0000,  1.0000]]], device='cuda:0',
       grad_fn=<CopySlices>)
0:00:21.163965 - Wrote debug data: /home/ubuntu/synthetic_pose_estimation/cosypose/local_data/debug_data/debug_iter=1.pth.tar
0:00:21.374113 - TCO_input tensor([[[ 1.0000,  0.0000,  0.0000, -0.0143],
         [ 0.0000,  1.0000,  0.0000,  0.0087],
         [ 0.0000,  0.0000,  1.0000,  0.2814],
         [ 0.0000,  0.0000,  0.0000,  1.0000]]], device='cuda:0')
0:00:21.375113 - vxvyvz tensor([[ 0.2935, -0.1845,  0.3802]], device='cuda:0',
       grad_fn=<SliceBackward0>)
0:00:21.376097 - dR tensor([[[ 0.2786,  0.5711,  0.7721],
         [-0.7085, -0.4205,  0.5667],
         [ 0.6484, -0.7050,  0.2875]]], device='cuda:0',
       grad_fn=<StackBackward0>)
0:00:21.377000 - fxfy tensor([[1699.0216, 1699.0219]], device='cuda:0')
0:00:21.379501 - TCO_gt tensor([[[-0.7893,  0.4511,  0.4165, -0.0100],
         [-0.5688, -0.7927, -0.2192,  0.0062],
         [ 0.2313, -0.4099,  0.8823,  0.1920],
         [ 0.0000,  0.0000,  0.0000,  1.0000]]], device='cuda:0')
0:00:21.380419 - TCO pred_orn tensor([[[ 0.2786,  0.5711,  0.7721, -0.0100],
         [-0.7085, -0.4205,  0.5667,  0.0062],
         [ 0.6484, -0.7050,  0.2875,  0.1920],
         [ 0.0000,  0.0000,  0.0000,  1.0000]]], device='cuda:0',
       grad_fn=<CopySlices>)
0:00:21.381363 - TCO pred_xy tensor([[[-0.7893,  0.4511,  0.4165, -0.0097],
         [-0.5688, -0.7927, -0.2192,  0.0059],
         [ 0.2313, -0.4099,  0.8823,  0.1920],
         [ 0.0000,  0.0000,  0.0000,  1.0000]]], device='cuda:0',
       grad_fn=<CopySlices>)
0:00:21.382264 - TCO pred_z tensor([[[-0.7893,  0.4511,  0.4165, -0.0100],
         [-0.5688, -0.7927, -0.2192,  0.0062],
         [ 0.2313, -0.4099,  0.8823,  0.1070],
         [ 0.0000,  0.0000,  0.0000,  1.0000]]], device='cuda:0',
       grad_fn=<CopySlices>)
0:00:21.382897 - loss orn tensor([0.0045], device='cuda:0', grad_fn=<MinBackward0>)
0:00:21.383526 - loss xy tensor([0.0002], device='cuda:0', grad_fn=<MinBackward0>)
0:00:21.384155 - loss z tensor([0.0283], device='cuda:0', grad_fn=<MinBackward0>)
  0%|                                         | 0/1 [00:00<?, ?it/s, loss=0.033]100%|█████████████████████████████████| 1/1 [00:00<00:00,  4.67it/s, loss=0.033]100%|█████████████████████████████████| 1/1 [00:00<00:00,  4.66it/s, loss=0.033]
0:00:21.148070 - saving /home/ubuntu/synthetic_pose_estimation/cosypose/local_data/experiments/bracket_assembly_debug_nut_nosym_coarse_noaug--938962 14
  0%|                                                     | 0/1 [00:00<?, ?it/s]0:00:21.563066 - iteration 0
0:00:21.606589 - outputs, {'pose': tensor([[ 0.1107, -0.3857,  0.3467,  0.2111, -0.1388, -0.2596,  0.3034, -0.1888,
          0.4163]], device='cuda:0', grad_fn=<AddmmBackward0>)}
0:00:21.608197 - model_outputs {'pose': tensor([[ 0.1107, -0.3857,  0.3467,  0.2111, -0.1388, -0.2596,  0.3034, -0.1888,
          0.4163]], device='cuda:0', grad_fn=<AddmmBackward0>)}
0:00:21.609002 - K crop tensor([[[1.8450e+03, 0.0000e+00, 2.6968e+02],
         [0.0000e+00, 1.8450e+03, 2.0467e+01],
         [0.0000e+00, 0.0000e+00, 1.0000e+00]]], device='cuda:0')
0:00:21.609904 - TCO_input tensor([[[ 1.0000,  0.0000,  0.0000, -0.0184],
         [ 0.0000,  1.0000,  0.0000,  0.0165],
         [ 0.0000,  0.0000,  1.0000,  0.3078],
         [ 0.0000,  0.0000,  0.0000,  1.0000]]], device='cuda:0')
0:00:21.610826 - model tco output tensor([[[ 0.2087,  0.5984,  0.7736, -0.0076],
         [-0.7273, -0.4338,  0.5318,  0.0069],
         [ 0.6538, -0.6736,  0.3446,  0.1281],
         [ 0.0000,  0.0000,  0.0000,  1.0000]]], device='cuda:0',
       grad_fn=<CopySlices>)
0:00:21.649534 - Wrote debug data: /home/ubuntu/synthetic_pose_estimation/cosypose/local_data/debug_data/debug_iter=1.pth.tar
0:00:21.860135 - TCO_input tensor([[[ 1.0000,  0.0000,  0.0000, -0.0184],
         [ 0.0000,  1.0000,  0.0000,  0.0165],
         [ 0.0000,  0.0000,  1.0000,  0.3078],
         [ 0.0000,  0.0000,  0.0000,  1.0000]]], device='cuda:0')
0:00:21.861134 - vxvyvz tensor([[ 0.3034, -0.1888,  0.4163]], device='cuda:0',
       grad_fn=<SliceBackward0>)
0:00:21.862152 - dR tensor([[[ 0.2087,  0.5984,  0.7736],
         [-0.7273, -0.4338,  0.5318],
         [ 0.6538, -0.6736,  0.3446]]], device='cuda:0',
       grad_fn=<StackBackward0>)
0:00:21.863049 - fxfy tensor([[1844.9692, 1844.9695]], device='cuda:0')
0:00:21.865553 - TCO_gt tensor([[[-0.7893,  0.4511,  0.4165, -0.0100],
         [-0.5688, -0.7927, -0.2192,  0.0062],
         [ 0.2313, -0.4099,  0.8823,  0.1920],
         [ 0.0000,  0.0000,  0.0000,  1.0000]]], device='cuda:0')
0:00:21.866486 - TCO pred_orn tensor([[[ 0.2087,  0.5984,  0.7736, -0.0100],
         [-0.7273, -0.4338,  0.5318,  0.0062],
         [ 0.6538, -0.6736,  0.3446,  0.1920],
         [ 0.0000,  0.0000,  0.0000,  1.0000]]], device='cuda:0',
       grad_fn=<CopySlices>)
0:00:21.867421 - TCO pred_xy tensor([[[-0.7893,  0.4511,  0.4165, -0.0114],
         [-0.5688, -0.7927, -0.2192,  0.0103],
         [ 0.2313, -0.4099,  0.8823,  0.1920],
         [ 0.0000,  0.0000,  0.0000,  1.0000]]], device='cuda:0',
       grad_fn=<CopySlices>)
0:00:21.868351 - TCO pred_z tensor([[[-0.7893,  0.4511,  0.4165, -0.0100],
         [-0.5688, -0.7927, -0.2192,  0.0062],
         [ 0.2313, -0.4099,  0.8823,  0.1281],
         [ 0.0000,  0.0000,  0.0000,  1.0000]]], device='cuda:0',
       grad_fn=<CopySlices>)
0:00:21.869029 - loss orn tensor([0.0044], device='cuda:0', grad_fn=<MinBackward0>)
0:00:21.869716 - loss xy tensor([0.0018], device='cuda:0', grad_fn=<MinBackward0>)
0:00:21.870368 - loss z tensor([0.0213], device='cuda:0', grad_fn=<MinBackward0>)
  0%|                                        | 0/1 [00:00<?, ?it/s, loss=0.0275]100%|████████████████████████████████| 1/1 [00:00<00:00,  4.66it/s, loss=0.0275]100%|████████████████████████████████| 1/1 [00:00<00:00,  4.65it/s, loss=0.0275]
0:00:21.622390 - saving /home/ubuntu/synthetic_pose_estimation/cosypose/local_data/experiments/bracket_assembly_debug_nut_nosym_coarse_noaug--938962 15
  0%|                                                     | 0/1 [00:00<?, ?it/s]0:00:22.037172 - iteration 0
0:00:22.081018 - outputs, {'pose': tensor([[ 0.0776, -0.4169,  0.3700,  0.2104, -0.1407, -0.2810,  0.3150, -0.1912,
          0.4519]], device='cuda:0', grad_fn=<AddmmBackward0>)}
0:00:22.082794 - model_outputs {'pose': tensor([[ 0.0776, -0.4169,  0.3700,  0.2104, -0.1407, -0.2810,  0.3150, -0.1912,
          0.4519]], device='cuda:0', grad_fn=<AddmmBackward0>)}
0:00:22.083637 - K crop tensor([[[1.8586e+03, 0.0000e+00, 2.7981e+02],
         [0.0000e+00, 1.8586e+03, 7.4893e+01],
         [0.0000e+00, 0.0000e+00, 1.0000e+00]]], device='cuda:0')
0:00:22.084542 - TCO_input tensor([[[ 1.0000,  0.0000,  0.0000, -0.0198],
         [ 0.0000,  1.0000,  0.0000,  0.0074],
         [ 0.0000,  0.0000,  1.0000,  0.3064],
         [ 0.0000,  0.0000,  0.0000,  1.0000]]], device='cuda:0')
0:00:22.085519 - model tco output tensor([[[ 0.1379,  0.5805,  0.8025, -0.0089],
         [-0.7408, -0.4773,  0.4726,  0.0033],
         [ 0.6574, -0.6596,  0.3642,  0.1385],
         [ 0.0000,  0.0000,  0.0000,  1.0000]]], device='cuda:0',
       grad_fn=<CopySlices>)
0:00:22.124114 - Wrote debug data: /home/ubuntu/synthetic_pose_estimation/cosypose/local_data/debug_data/debug_iter=1.pth.tar
0:00:22.335209 - TCO_input tensor([[[ 1.0000,  0.0000,  0.0000, -0.0198],
         [ 0.0000,  1.0000,  0.0000,  0.0074],
         [ 0.0000,  0.0000,  1.0000,  0.3064],
         [ 0.0000,  0.0000,  0.0000,  1.0000]]], device='cuda:0')
0:00:22.336258 - vxvyvz tensor([[ 0.3150, -0.1912,  0.4519]], device='cuda:0',
       grad_fn=<SliceBackward0>)
0:00:22.337368 - dR tensor([[[ 0.1379,  0.5805,  0.8025],
         [-0.7408, -0.4773,  0.4726],
         [ 0.6574, -0.6596,  0.3642]]], device='cuda:0',
       grad_fn=<StackBackward0>)
0:00:22.338268 - fxfy tensor([[1858.6234, 1858.6235]], device='cuda:0')
0:00:22.340794 - TCO_gt tensor([[[-0.7893,  0.4511,  0.4165, -0.0100],
         [-0.5688, -0.7927, -0.2192,  0.0062],
         [ 0.2313, -0.4099,  0.8823,  0.1920],
         [ 0.0000,  0.0000,  0.0000,  1.0000]]], device='cuda:0')
0:00:22.341770 - TCO pred_orn tensor([[[ 0.1379,  0.5805,  0.8025, -0.0100],
         [-0.7408, -0.4773,  0.4726,  0.0062],
         [ 0.6574, -0.6596,  0.3642,  0.1920],
         [ 0.0000,  0.0000,  0.0000,  1.0000]]], device='cuda:0',
       grad_fn=<CopySlices>)
0:00:22.342703 - TCO pred_xy tensor([[[-0.7893,  0.4511,  0.4165, -0.0124],
         [-0.5688, -0.7927, -0.2192,  0.0046],
         [ 0.2313, -0.4099,  0.8823,  0.1920],
         [ 0.0000,  0.0000,  0.0000,  1.0000]]], device='cuda:0',
       grad_fn=<CopySlices>)
0:00:22.343626 - TCO pred_z tensor([[[-0.7893,  0.4511,  0.4165, -0.0100],
         [-0.5688, -0.7927, -0.2192,  0.0062],
         [ 0.2313, -0.4099,  0.8823,  0.1385],
         [ 0.0000,  0.0000,  0.0000,  1.0000]]], device='cuda:0',
       grad_fn=<CopySlices>)
0:00:22.344292 - loss orn tensor([0.0041], device='cuda:0', grad_fn=<MinBackward0>)
0:00:22.344957 - loss xy tensor([0.0013], device='cuda:0', grad_fn=<MinBackward0>)
0:00:22.345634 - loss z tensor([0.0178], device='cuda:0', grad_fn=<MinBackward0>)
  0%|                                        | 0/1 [00:00<?, ?it/s, loss=0.0233]100%|████████████████████████████████| 1/1 [00:00<00:00,  4.62it/s, loss=0.0233]100%|████████████████████████████████| 1/1 [00:00<00:00,  4.61it/s, loss=0.0233]
0:00:22.128492 - saving /home/ubuntu/synthetic_pose_estimation/cosypose/local_data/experiments/bracket_assembly_debug_nut_nosym_coarse_noaug--938962 16
  0%|                                                     | 0/1 [00:00<?, ?it/s]0:00:22.543584 - iteration 0
0:00:22.587248 - outputs, {'pose': tensor([[ 0.0458, -0.4418,  0.3956,  0.2124, -0.1423, -0.2943,  0.3297, -0.1908,
          0.4863]], device='cuda:0', grad_fn=<AddmmBackward0>)}
0:00:22.588825 - model_outputs {'pose': tensor([[ 0.0458, -0.4418,  0.3956,  0.2124, -0.1423, -0.2943,  0.3297, -0.1908,
          0.4863]], device='cuda:0', grad_fn=<AddmmBackward0>)}
0:00:22.589656 - K crop tensor([[[1.7247e+03, 0.0000e+00, 1.8428e+02],
         [0.0000e+00, 1.7247e+03, 3.2314e+01],
         [0.0000e+00, 0.0000e+00, 1.0000e+00]]], device='cuda:0')
0:00:22.590536 - TCO_input tensor([[[ 1.0000,  0.0000,  0.0000, -0.0041],
         [ 0.0000,  1.0000,  0.0000,  0.0145],
         [ 0.0000,  0.0000,  1.0000,  0.2878],
         [ 0.0000,  0.0000,  0.0000,  1.0000]]], device='cuda:0')
0:00:22.591460 - model tco output tensor([[[ 0.0770,  0.5696,  0.8183, -0.0020],
         [-0.7428, -0.5147,  0.4281,  0.0071],
         [ 0.6651, -0.6408,  0.3835,  0.1400],
         [ 0.0000,  0.0000,  0.0000,  1.0000]]], device='cuda:0',
       grad_fn=<CopySlices>)
0:00:22.631006 - Wrote debug data: /home/ubuntu/synthetic_pose_estimation/cosypose/local_data/debug_data/debug_iter=1.pth.tar
0:00:22.844840 - TCO_input tensor([[[ 1.0000,  0.0000,  0.0000, -0.0041],
         [ 0.0000,  1.0000,  0.0000,  0.0145],
         [ 0.0000,  0.0000,  1.0000,  0.2878],
         [ 0.0000,  0.0000,  0.0000,  1.0000]]], device='cuda:0')
0:00:22.845852 - vxvyvz tensor([[ 0.3297, -0.1908,  0.4863]], device='cuda:0',
       grad_fn=<SliceBackward0>)
0:00:22.846859 - dR tensor([[[ 0.0770,  0.5696,  0.8183],
         [-0.7428, -0.5147,  0.4281],
         [ 0.6651, -0.6408,  0.3835]]], device='cuda:0',
       grad_fn=<StackBackward0>)
0:00:22.847753 - fxfy tensor([[1724.7366, 1724.7369]], device='cuda:0')
0:00:22.850301 - TCO_gt tensor([[[-0.7893,  0.4511,  0.4165, -0.0100],
         [-0.5688, -0.7927, -0.2192,  0.0062],
         [ 0.2313, -0.4099,  0.8823,  0.1920],
         [ 0.0000,  0.0000,  0.0000,  1.0000]]], device='cuda:0')
0:00:22.851248 - TCO pred_orn tensor([[[ 0.0770,  0.5696,  0.8183, -0.0100],
         [-0.7428, -0.5147,  0.4281,  0.0062],
         [ 0.6651, -0.6408,  0.3835,  0.1920],
         [ 0.0000,  0.0000,  0.0000,  1.0000]]], device='cuda:0',
       grad_fn=<CopySlices>)
0:00:22.852178 - TCO pred_xy tensor([[[-0.7893,  0.4511,  0.4165, -0.0027],
         [-0.5688, -0.7927, -0.2192,  0.0097],
         [ 0.2313, -0.4099,  0.8823,  0.1920],
         [ 0.0000,  0.0000,  0.0000,  1.0000]]], device='cuda:0',
       grad_fn=<CopySlices>)
0:00:22.853124 - TCO pred_z tensor([[[-0.7893,  0.4511,  0.4165, -0.0100],
         [-0.5688, -0.7927, -0.2192,  0.0062],
         [ 0.2313, -0.4099,  0.8823,  0.1400],
         [ 0.0000,  0.0000,  0.0000,  1.0000]]], device='cuda:0',
       grad_fn=<CopySlices>)
0:00:22.853822 - loss orn tensor([0.0039], device='cuda:0', grad_fn=<MinBackward0>)
0:00:22.854477 - loss xy tensor([0.0036], device='cuda:0', grad_fn=<MinBackward0>)
0:00:22.855130 - loss z tensor([0.0173], device='cuda:0', grad_fn=<MinBackward0>)
  0%|                                        | 0/1 [00:00<?, ?it/s, loss=0.0248]100%|████████████████████████████████| 1/1 [00:00<00:00,  4.57it/s, loss=0.0248]100%|████████████████████████████████| 1/1 [00:00<00:00,  4.56it/s, loss=0.0248]
0:00:22.761558 - saving /home/ubuntu/synthetic_pose_estimation/cosypose/local_data/experiments/bracket_assembly_debug_nut_nosym_coarse_noaug--938962 17
  0%|                                                     | 0/1 [00:00<?, ?it/s]0:00:23.176470 - iteration 0
0:00:23.220079 - outputs, {'pose': tensor([[ 0.0092, -0.4686,  0.4171,  0.2156, -0.1411, -0.3182,  0.3312, -0.2015,
          0.5236]], device='cuda:0', grad_fn=<AddmmBackward0>)}
0:00:23.221710 - model_outputs {'pose': tensor([[ 0.0092, -0.4686,  0.4171,  0.2156, -0.1411, -0.3182,  0.3312, -0.2015,
          0.5236]], device='cuda:0', grad_fn=<AddmmBackward0>)}
0:00:23.222515 - K crop tensor([[[1.8671e+03, 0.0000e+00, 2.3558e+02],
         [0.0000e+00, 1.8671e+03, 7.5533e+01],
         [0.0000e+00, 0.0000e+00, 1.0000e+00]]], device='cuda:0')
0:00:23.223397 - TCO_input tensor([[[ 1.0000,  0.0000,  0.0000, -0.0125],
         [ 0.0000,  1.0000,  0.0000,  0.0072],
         [ 0.0000,  0.0000,  1.0000,  0.3077],
         [ 0.0000,  0.0000,  0.0000,  1.0000]]], device='cuda:0')
0:00:23.224328 - model tco output tensor([[[ 0.0147,  0.5479,  0.8364, -0.0065],
         [-0.7469, -0.5502,  0.3735,  0.0038],
         [ 0.6648, -0.6302,  0.4011,  0.1611],
         [ 0.0000,  0.0000,  0.0000,  1.0000]]], device='cuda:0',
       grad_fn=<CopySlices>)
0:00:23.262787 - Wrote debug data: /home/ubuntu/synthetic_pose_estimation/cosypose/local_data/debug_data/debug_iter=1.pth.tar
0:00:23.474265 - TCO_input tensor([[[ 1.0000,  0.0000,  0.0000, -0.0125],
         [ 0.0000,  1.0000,  0.0000,  0.0072],
         [ 0.0000,  0.0000,  1.0000,  0.3077],
         [ 0.0000,  0.0000,  0.0000,  1.0000]]], device='cuda:0')
0:00:23.475230 - vxvyvz tensor([[ 0.3312, -0.2015,  0.5236]], device='cuda:0',
       grad_fn=<SliceBackward0>)
0:00:23.476213 - dR tensor([[[ 0.0147,  0.5479,  0.8364],
         [-0.7469, -0.5502,  0.3735],
         [ 0.6648, -0.6302,  0.4011]]], device='cuda:0',
       grad_fn=<StackBackward0>)
0:00:23.477093 - fxfy tensor([[1867.0697, 1867.0698]], device='cuda:0')
0:00:23.479574 - TCO_gt tensor([[[-0.7893,  0.4511,  0.4165, -0.0100],
         [-0.5688, -0.7927, -0.2192,  0.0062],
         [ 0.2313, -0.4099,  0.8823,  0.1920],
         [ 0.0000,  0.0000,  0.0000,  1.0000]]], device='cuda:0')
0:00:23.480495 - TCO pred_orn tensor([[[ 0.0147,  0.5479,  0.8364, -0.0100],
         [-0.7469, -0.5502,  0.3735,  0.0062],
         [ 0.6648, -0.6302,  0.4011,  0.1920],
         [ 0.0000,  0.0000,  0.0000,  1.0000]]], device='cuda:0',
       grad_fn=<CopySlices>)
0:00:23.481433 - TCO pred_xy tensor([[[-0.7893,  0.4511,  0.4165, -0.0078],
         [-0.5688, -0.7927, -0.2192,  0.0045],
         [ 0.2313, -0.4099,  0.8823,  0.1920],
         [ 0.0000,  0.0000,  0.0000,  1.0000]]], device='cuda:0',
       grad_fn=<CopySlices>)
0:00:23.482327 - TCO pred_z tensor([[[-0.7893,  0.4511,  0.4165, -0.0100],
         [-0.5688, -0.7927, -0.2192,  0.0062],
         [ 0.2313, -0.4099,  0.8823,  0.1611],
         [ 0.0000,  0.0000,  0.0000,  1.0000]]], device='cuda:0',
       grad_fn=<CopySlices>)
0:00:23.482961 - loss orn tensor([0.0037], device='cuda:0', grad_fn=<MinBackward0>)
0:00:23.483596 - loss xy tensor([0.0013], device='cuda:0', grad_fn=<MinBackward0>)
0:00:23.484221 - loss z tensor([0.0103], device='cuda:0', grad_fn=<MinBackward0>)
  0%|                                        | 0/1 [00:00<?, ?it/s, loss=0.0153]100%|████████████████████████████████| 1/1 [00:00<00:00,  4.64it/s, loss=0.0153]100%|████████████████████████████████| 1/1 [00:00<00:00,  4.63it/s, loss=0.0153]
0:00:23.240337 - saving /home/ubuntu/synthetic_pose_estimation/cosypose/local_data/experiments/bracket_assembly_debug_nut_nosym_coarse_noaug--938962 18
  0%|                                                     | 0/1 [00:00<?, ?it/s]0:00:23.655566 - iteration 0
0:00:23.700225 - outputs, {'pose': tensor([[-0.0261, -0.4987,  0.4177,  0.2147, -0.1510, -0.3346,  0.3360, -0.2018,
          0.5501]], device='cuda:0', grad_fn=<AddmmBackward0>)}
0:00:23.701910 - model_outputs {'pose': tensor([[-0.0261, -0.4987,  0.4177,  0.2147, -0.1510, -0.3346,  0.3360, -0.2018,
          0.5501]], device='cuda:0', grad_fn=<AddmmBackward0>)}
0:00:23.702700 - K crop tensor([[[1.7648e+03, 0.0000e+00, 3.1680e+02],
         [0.0000e+00, 1.7648e+03, 2.5814e+01],
         [0.0000e+00, 0.0000e+00, 1.0000e+00]]], device='cuda:0')
0:00:23.703561 - TCO_input tensor([[[ 1.0000,  0.0000,  0.0000, -0.0263],
         [ 0.0000,  1.0000,  0.0000,  0.0156],
         [ 0.0000,  0.0000,  1.0000,  0.2946],
         [ 0.0000,  0.0000,  0.0000,  1.0000]]], device='cuda:0')
0:00:23.704472 - model tco output tensor([[[-0.0400,  0.5113,  0.8584, -0.0144],
         [-0.7660, -0.5674,  0.3022,  0.0086],
         [ 0.6416, -0.6455,  0.4144,  0.1621],
         [ 0.0000,  0.0000,  0.0000,  1.0000]]], device='cuda:0',
       grad_fn=<CopySlices>)
0:00:23.746539 - Wrote debug data: /home/ubuntu/synthetic_pose_estimation/cosypose/local_data/debug_data/debug_iter=1.pth.tar
0:00:23.959371 - TCO_input tensor([[[ 1.0000,  0.0000,  0.0000, -0.0263],
         [ 0.0000,  1.0000,  0.0000,  0.0156],
         [ 0.0000,  0.0000,  1.0000,  0.2946],
         [ 0.0000,  0.0000,  0.0000,  1.0000]]], device='cuda:0')
0:00:23.960451 - vxvyvz tensor([[ 0.3360, -0.2018,  0.5501]], device='cuda:0',
       grad_fn=<SliceBackward0>)
0:00:23.961523 - dR tensor([[[-0.0400,  0.5113,  0.8584],
         [-0.7660, -0.5674,  0.3022],
         [ 0.6416, -0.6455,  0.4144]]], device='cuda:0',
       grad_fn=<StackBackward0>)
0:00:23.962400 - fxfy tensor([[1764.7734, 1764.7737]], device='cuda:0')
0:00:23.964885 - TCO_gt tensor([[[-0.7893,  0.4511,  0.4165, -0.0100],
         [-0.5688, -0.7927, -0.2192,  0.0062],
         [ 0.2313, -0.4099,  0.8823,  0.1920],
         [ 0.0000,  0.0000,  0.0000,  1.0000]]], device='cuda:0')
0:00:23.965852 - TCO pred_orn tensor([[[-0.0400,  0.5113,  0.8584, -0.0100],
         [-0.7660, -0.5674,  0.3022,  0.0062],
         [ 0.6416, -0.6455,  0.4144,  0.1920],
         [ 0.0000,  0.0000,  0.0000,  1.0000]]], device='cuda:0',
       grad_fn=<CopySlices>)
0:00:23.966761 - TCO pred_xy tensor([[[-0.7893,  0.4511,  0.4165, -0.0171],
         [-0.5688, -0.7927, -0.2192,  0.0102],
         [ 0.2313, -0.4099,  0.8823,  0.1920],
         [ 0.0000,  0.0000,  0.0000,  1.0000]]], device='cuda:0',
       grad_fn=<CopySlices>)
0:00:23.967662 - TCO pred_z tensor([[[-0.7893,  0.4511,  0.4165, -0.0100],
         [-0.5688, -0.7927, -0.2192,  0.0062],
         [ 0.2313, -0.4099,  0.8823,  0.1621],
         [ 0.0000,  0.0000,  0.0000,  1.0000]]], device='cuda:0',
       grad_fn=<CopySlices>)
0:00:23.970865 - loss orn tensor([0.0034], device='cuda:0', grad_fn=<MinBackward0>)
0:00:23.971495 - loss xy tensor([0.0037], device='cuda:0', grad_fn=<MinBackward0>)
0:00:23.972120 - loss z tensor([0.0100], device='cuda:0', grad_fn=<MinBackward0>)
  0%|                                        | 0/1 [00:00<?, ?it/s, loss=0.0171]100%|████████████████████████████████| 1/1 [00:00<00:00,  4.45it/s, loss=0.0171]100%|████████████████████████████████| 1/1 [00:00<00:00,  4.44it/s, loss=0.0171]
0:00:23.728815 - saving /home/ubuntu/synthetic_pose_estimation/cosypose/local_data/experiments/bracket_assembly_debug_nut_nosym_coarse_noaug--938962 19
  0%|                                                     | 0/1 [00:00<?, ?it/s]0:00:24.143950 - iteration 0
0:00:24.187775 - outputs, {'pose': tensor([[-0.0568, -0.5243,  0.4408,  0.2198, -0.1482, -0.3556,  0.3302, -0.2063,
          0.5886]], device='cuda:0', grad_fn=<AddmmBackward0>)}
0:00:24.189413 - model_outputs {'pose': tensor([[-0.0568, -0.5243,  0.4408,  0.2198, -0.1482, -0.3556,  0.3302, -0.2063,
          0.5886]], device='cuda:0', grad_fn=<AddmmBackward0>)}
0:00:24.190207 - K crop tensor([[[1.7385e+03, 0.0000e+00, 2.4462e+02],
         [0.0000e+00, 1.7385e+03, 2.1241e+01],
         [0.0000e+00, 0.0000e+00, 1.0000e+00]]], device='cuda:0')
0:00:24.191061 - TCO_input tensor([[[ 1.0000,  0.0000,  0.0000, -0.0142],
         [ 0.0000,  1.0000,  0.0000,  0.0164],
         [ 0.0000,  0.0000,  1.0000,  0.2907],
         [ 0.0000,  0.0000,  0.0000,  1.0000]]], device='cuda:0')
0:00:24.191959 - model tco output tensor([[[-0.0826,  0.4935,  0.8658, -0.0083],
         [-0.7628, -0.5904,  0.2638,  0.0097],
         [ 0.6413, -0.6387,  0.4252,  0.1711],
         [ 0.0000,  0.0000,  0.0000,  1.0000]]], device='cuda:0',
       grad_fn=<CopySlices>)
0:00:24.231900 - Wrote debug data: /home/ubuntu/synthetic_pose_estimation/cosypose/local_data/debug_data/debug_iter=1.pth.tar
0:00:24.442751 - TCO_input tensor([[[ 1.0000,  0.0000,  0.0000, -0.0142],
         [ 0.0000,  1.0000,  0.0000,  0.0164],
         [ 0.0000,  0.0000,  1.0000,  0.2907],
         [ 0.0000,  0.0000,  0.0000,  1.0000]]], device='cuda:0')
0:00:24.443876 - vxvyvz tensor([[ 0.3302, -0.2063,  0.5886]], device='cuda:0',
       grad_fn=<SliceBackward0>)
0:00:24.444960 - dR tensor([[[-0.0826,  0.4935,  0.8658],
         [-0.7628, -0.5904,  0.2638],
         [ 0.6413, -0.6387,  0.4252]]], device='cuda:0',
       grad_fn=<StackBackward0>)
0:00:24.445894 - fxfy tensor([[1738.5093, 1738.5093]], device='cuda:0')
0:00:24.448458 - TCO_gt tensor([[[-0.7893,  0.4511,  0.4165, -0.0100],
         [-0.5688, -0.7927, -0.2192,  0.0062],
         [ 0.2313, -0.4099,  0.8823,  0.1920],
         [ 0.0000,  0.0000,  0.0000,  1.0000]]], device='cuda:0')
0:00:24.449431 - TCO pred_orn tensor([[[-0.0826,  0.4935,  0.8658, -0.0100],
         [-0.7628, -0.5904,  0.2638,  0.0062],
         [ 0.6413, -0.6387,  0.4252,  0.1920],
         [ 0.0000,  0.0000,  0.0000,  1.0000]]], device='cuda:0',
       grad_fn=<CopySlices>)
0:00:24.450347 - TCO pred_xy tensor([[[-0.7893,  0.4511,  0.4165, -0.0094],
         [-0.5688, -0.7927, -0.2192,  0.0108],
         [ 0.2313, -0.4099,  0.8823,  0.1920],
         [ 0.0000,  0.0000,  0.0000,  1.0000]]], device='cuda:0',
       grad_fn=<CopySlices>)
0:00:24.451255 - TCO pred_z tensor([[[-0.7893,  0.4511,  0.4165, -0.0100],
         [-0.5688, -0.7927, -0.2192,  0.0062],
         [ 0.2313, -0.4099,  0.8823,  0.1711],
         [ 0.0000,  0.0000,  0.0000,  1.0000]]], device='cuda:0',
       grad_fn=<CopySlices>)
0:00:24.451897 - loss orn tensor([0.0033], device='cuda:0', grad_fn=<MinBackward0>)
0:00:24.452530 - loss xy tensor([0.0018], device='cuda:0', grad_fn=<MinBackward0>)
0:00:24.453174 - loss z tensor([0.0069], device='cuda:0', grad_fn=<MinBackward0>)
  0%|                                         | 0/1 [00:00<?, ?it/s, loss=0.012]100%|█████████████████████████████████| 1/1 [00:00<00:00,  4.61it/s, loss=0.012]100%|█████████████████████████████████| 1/1 [00:00<00:00,  4.60it/s, loss=0.012]
  0%|                                                     | 0/1 [00:00<?, ?it/s]0:00:24.361003 - iteration 0
0:00:24.398208 - outputs, {'pose': tensor([[ 0.0050, -0.0069, -0.0165,  0.0229, -0.0031, -0.0177,  0.0018, -0.0169,
         -0.0010]], device='cuda:0')}
0:00:24.399766 - model_outputs {'pose': tensor([[ 0.0050, -0.0069, -0.0165,  0.0229, -0.0031, -0.0177,  0.0018, -0.0169,
         -0.0010]], device='cuda:0')}
0:00:24.400565 - K crop tensor([[[1.8585e+03, 0.0000e+00, 2.8765e+02],
         [0.0000e+00, 1.8585e+03, 5.3107e+01],
         [0.0000e+00, 0.0000e+00, 1.0000e+00]]], device='cuda:0')
0:00:24.401443 - TCO_input tensor([[[ 1.0000,  0.0000,  0.0000, -0.0212],
         [ 0.0000,  1.0000,  0.0000,  0.0110],
         [ 0.0000,  0.0000,  1.0000,  0.3079],
         [ 0.0000,  0.0000,  0.0000,  1.0000]]], device='cuda:0')
0:00:24.402347 - model tco output tensor([[[ 2.7003e-01,  9.3804e-01,  2.1718e-01,  2.1777e-05],
         [-3.7390e-01,  3.1002e-01, -8.7412e-01, -1.1280e-05],
         [-8.8729e-01,  1.5483e-01,  4.3445e-01, -3.1583e-04],
         [ 0.0000e+00,  0.0000e+00,  0.0000e+00,  1.0000e+00]]],
       device='cuda:0')
0:00:24.441236 - Wrote debug data: /home/ubuntu/synthetic_pose_estimation/cosypose/local_data/debug_data/debug_iter=1.pth.tar
0:00:24.654404 - TCO_input tensor([[[ 1.0000,  0.0000,  0.0000, -0.0212],
         [ 0.0000,  1.0000,  0.0000,  0.0110],
         [ 0.0000,  0.0000,  1.0000,  0.3079],
         [ 0.0000,  0.0000,  0.0000,  1.0000]]], device='cuda:0')
0:00:24.655361 - vxvyvz tensor([[ 0.0018, -0.0169, -0.0010]], device='cuda:0')
0:00:24.656332 - dR tensor([[[ 0.2700,  0.9380,  0.2172],
         [-0.3739,  0.3100, -0.8741],
         [-0.8873,  0.1548,  0.4345]]], device='cuda:0')
0:00:24.657203 - fxfy tensor([[1858.5170, 1858.5170]], device='cuda:0')
0:00:24.659509 - TCO_gt tensor([[[-0.7893,  0.4511,  0.4165, -0.0100],
         [-0.5688, -0.7927, -0.2192,  0.0062],
         [ 0.2313, -0.4099,  0.8823,  0.1920],
         [ 0.0000,  0.0000,  0.0000,  1.0000]]], device='cuda:0')
0:00:24.660416 - TCO pred_orn tensor([[[ 0.2700,  0.9380,  0.2172, -0.0100],
         [-0.3739,  0.3100, -0.8741,  0.0062],
         [-0.8873,  0.1548,  0.4345,  0.1920],
         [ 0.0000,  0.0000,  0.0000,  1.0000]]], device='cuda:0')
0:00:24.661365 - TCO pred_xy tensor([[[-0.7893,  0.4511,  0.4165, -0.0132],
         [-0.5688, -0.7927, -0.2192,  0.0069],
         [ 0.2313, -0.4099,  0.8823,  0.1920],
         [ 0.0000,  0.0000,  0.0000,  1.0000]]], device='cuda:0')
0:00:24.662239 - TCO pred_z tensor([[[-7.8929e-01,  4.5115e-01,  4.1651e-01, -1.0004e-02],
         [-5.6879e-01, -7.9274e-01, -2.1920e-01,  6.1788e-03],
         [ 2.3129e-01, -4.0992e-01,  8.8231e-01, -3.1583e-04],
         [ 0.0000e+00,  0.0000e+00,  0.0000e+00,  1.0000e+00]]],
       device='cuda:0')
0:00:24.662882 - loss orn tensor([0.0072], device='cuda:0')
0:00:24.663513 - loss xy tensor([0.0013], device='cuda:0')
0:00:24.664139 - loss z tensor([0.0641], device='cuda:0')
100%|█████████████████████████████████████████████| 1/1 [00:00<00:00,  8.20it/s]100%|█████████████████████████████████████████████| 1/1 [00:00<00:00,  8.17it/s]
0:00:24.327236 - saving /home/ubuntu/synthetic_pose_estimation/cosypose/local_data/experiments/bracket_assembly_debug_nut_nosym_coarse_noaug--938962 20
  0%|                                                     | 0/1 [00:00<?, ?it/s]0:00:24.739234 - iteration 0
0:00:24.783177 - outputs, {'pose': tensor([[-0.0911, -0.5491,  0.4546,  0.2146, -0.1503, -0.3688,  0.3356, -0.2236,
          0.6227]], device='cuda:0', grad_fn=<AddmmBackward0>)}
0:00:24.784819 - model_outputs {'pose': tensor([[-0.0911, -0.5491,  0.4546,  0.2146, -0.1503, -0.3688,  0.3356, -0.2236,
          0.6227]], device='cuda:0', grad_fn=<AddmmBackward0>)}
0:00:24.785665 - K crop tensor([[[1.8129e+03, 0.0000e+00, 2.7846e+02],
         [0.0000e+00, 1.8129e+03, 7.0633e+01],
         [0.0000e+00, 0.0000e+00, 1.0000e+00]]], device='cuda:0')
0:00:24.786547 - TCO_input tensor([[[ 1.0000,  0.0000,  0.0000, -0.0196],
         [ 0.0000,  1.0000,  0.0000,  0.0081],
         [ 0.0000,  0.0000,  1.0000,  0.2994],
         [ 0.0000,  0.0000,  0.0000,  1.0000]]], device='cuda:0')
0:00:24.787462 - model tco output tensor([[[-0.1267,  0.4579,  0.8799, -0.0122],
         [-0.7640, -0.6108,  0.2078,  0.0050],
         [ 0.6326, -0.6460,  0.4273,  0.1864],
         [ 0.0000,  0.0000,  0.0000,  1.0000]]], device='cuda:0',
       grad_fn=<CopySlices>)
0:00:24.824473 - Wrote debug data: /home/ubuntu/synthetic_pose_estimation/cosypose/local_data/debug_data/debug_iter=1.pth.tar
0:00:25.036263 - TCO_input tensor([[[ 1.0000,  0.0000,  0.0000, -0.0196],
         [ 0.0000,  1.0000,  0.0000,  0.0081],
         [ 0.0000,  0.0000,  1.0000,  0.2994],
         [ 0.0000,  0.0000,  0.0000,  1.0000]]], device='cuda:0')
0:00:25.037319 - vxvyvz tensor([[ 0.3356, -0.2236,  0.6227]], device='cuda:0',
       grad_fn=<SliceBackward0>)
0:00:25.038320 - dR tensor([[[-0.1267,  0.4579,  0.8799],
         [-0.7640, -0.6108,  0.2078],
         [ 0.6326, -0.6460,  0.4273]]], device='cuda:0',
       grad_fn=<StackBackward0>)
0:00:25.039197 - fxfy tensor([[1812.9156, 1812.9156]], device='cuda:0')
0:00:25.041695 - TCO_gt tensor([[[-0.7893,  0.4511,  0.4165, -0.0100],
         [-0.5688, -0.7927, -0.2192,  0.0062],
         [ 0.2313, -0.4099,  0.8823,  0.1920],
         [ 0.0000,  0.0000,  0.0000,  1.0000]]], device='cuda:0')
0:00:25.042602 - TCO pred_orn tensor([[[-0.1267,  0.4579,  0.8799, -0.0100],
         [-0.7640, -0.6108,  0.2078,  0.0062],
         [ 0.6326, -0.6460,  0.4273,  0.1920],
         [ 0.0000,  0.0000,  0.0000,  1.0000]]], device='cuda:0',
       grad_fn=<CopySlices>)
0:00:25.043501 - TCO pred_xy tensor([[[-0.7893,  0.4511,  0.4165, -0.0126],
         [-0.5688, -0.7927, -0.2192,  0.0052],
         [ 0.2313, -0.4099,  0.8823,  0.1920],
         [ 0.0000,  0.0000,  0.0000,  1.0000]]], device='cuda:0',
       grad_fn=<CopySlices>)
0:00:25.044396 - TCO pred_z tensor([[[-0.7893,  0.4511,  0.4165, -0.0100],
         [-0.5688, -0.7927, -0.2192,  0.0062],
         [ 0.2313, -0.4099,  0.8823,  0.1864],
         [ 0.0000,  0.0000,  0.0000,  1.0000]]], device='cuda:0',
       grad_fn=<CopySlices>)
0:00:25.045042 - loss orn tensor([0.0031], device='cuda:0', grad_fn=<MinBackward0>)
0:00:25.045686 - loss xy tensor([0.0012], device='cuda:0', grad_fn=<MinBackward0>)
0:00:25.046314 - loss z tensor([0.0018], device='cuda:0', grad_fn=<MinBackward0>)
  0%|                                       | 0/1 [00:00<?, ?it/s, loss=0.00615]100%|███████████████████████████████| 1/1 [00:00<00:00,  4.71it/s, loss=0.00615]100%|███████████████████████████████| 1/1 [00:00<00:00,  4.70it/s, loss=0.00615]
0:00:24.806378 - saving /home/ubuntu/synthetic_pose_estimation/cosypose/local_data/experiments/bracket_assembly_debug_nut_nosym_coarse_noaug--938962 21
  0%|                                                     | 0/1 [00:00<?, ?it/s]0:00:25.221431 - iteration 0
0:00:25.265087 - outputs, {'pose': tensor([[-0.1186, -0.5642,  0.4562,  0.2137, -0.1476, -0.3736,  0.3458, -0.2258,
          0.6617]], device='cuda:0', grad_fn=<AddmmBackward0>)}
0:00:25.266644 - model_outputs {'pose': tensor([[-0.1186, -0.5642,  0.4562,  0.2137, -0.1476, -0.3736,  0.3458, -0.2258,
          0.6617]], device='cuda:0', grad_fn=<AddmmBackward0>)}
0:00:25.271580 - K crop tensor([[[1.8874e+03, 0.0000e+00, 2.6579e+02],
         [0.0000e+00, 1.8874e+03, 4.8803e+01],
         [0.0000e+00, 0.0000e+00, 1.0000e+00]]], device='cuda:0')
0:00:25.272537 - TCO_input tensor([[[ 1.0000,  0.0000,  0.0000, -0.0176],
         [ 0.0000,  1.0000,  0.0000,  0.0117],
         [ 0.0000,  0.0000,  1.0000,  0.3128],
         [ 0.0000,  0.0000,  0.0000,  1.0000]]], device='cuda:0')
0:00:25.273438 - model tco output tensor([[[-0.1613,  0.4412,  0.8828, -0.0116],
         [-0.7674, -0.6185,  0.1688,  0.0077],
         [ 0.6205, -0.6503,  0.4384,  0.2070],
         [ 0.0000,  0.0000,  0.0000,  1.0000]]], device='cuda:0',
       grad_fn=<CopySlices>)
0:00:25.311008 - Wrote debug data: /home/ubuntu/synthetic_pose_estimation/cosypose/local_data/debug_data/debug_iter=1.pth.tar
0:00:25.523123 - TCO_input tensor([[[ 1.0000,  0.0000,  0.0000, -0.0176],
         [ 0.0000,  1.0000,  0.0000,  0.0117],
         [ 0.0000,  0.0000,  1.0000,  0.3128],
         [ 0.0000,  0.0000,  0.0000,  1.0000]]], device='cuda:0')
0:00:25.524090 - vxvyvz tensor([[ 0.3458, -0.2258,  0.6617]], device='cuda:0',
       grad_fn=<SliceBackward0>)
0:00:25.525118 - dR tensor([[[-0.1613,  0.4412,  0.8828],
         [-0.7674, -0.6185,  0.1688],
         [ 0.6205, -0.6503,  0.4384]]], device='cuda:0',
       grad_fn=<StackBackward0>)
0:00:25.526057 - fxfy tensor([[1887.4030, 1887.4030]], device='cuda:0')
0:00:25.528526 - TCO_gt tensor([[[-0.7893,  0.4511,  0.4165, -0.0100],
         [-0.5688, -0.7927, -0.2192,  0.0062],
         [ 0.2313, -0.4099,  0.8823,  0.1920],
         [ 0.0000,  0.0000,  0.0000,  1.0000]]], device='cuda:0')
0:00:25.529492 - TCO pred_orn tensor([[[-0.1613,  0.4412,  0.8828, -0.0100],
         [-0.7674, -0.6185,  0.1688,  0.0062],
         [ 0.6205, -0.6503,  0.4384,  0.1920],
         [ 0.0000,  0.0000,  0.0000,  1.0000]]], device='cuda:0',
       grad_fn=<CopySlices>)
0:00:25.530403 - TCO pred_xy tensor([[[-0.7893,  0.4511,  0.4165, -0.0108],
         [-0.5688, -0.7927, -0.2192,  0.0072],
         [ 0.2313, -0.4099,  0.8823,  0.1920],
         [ 0.0000,  0.0000,  0.0000,  1.0000]]], device='cuda:0',
       grad_fn=<CopySlices>)
0:00:25.531302 - TCO pred_z tensor([[[-0.7893,  0.4511,  0.4165, -0.0100],
         [-0.5688, -0.7927, -0.2192,  0.0062],
         [ 0.2313, -0.4099,  0.8823,  0.2070],
         [ 0.0000,  0.0000,  0.0000,  1.0000]]], device='cuda:0',
       grad_fn=<CopySlices>)
0:00:25.531939 - loss orn tensor([0.0030], device='cuda:0', grad_fn=<MinBackward0>)
0:00:25.532566 - loss xy tensor([0.0006], device='cuda:0', grad_fn=<MinBackward0>)
0:00:25.533213 - loss z tensor([0.0050], device='cuda:0', grad_fn=<MinBackward0>)
  0%|                                       | 0/1 [00:00<?, ?it/s, loss=0.00859]100%|███████████████████████████████| 1/1 [00:00<00:00,  4.52it/s, loss=0.00859]100%|███████████████████████████████| 1/1 [00:00<00:00,  4.51it/s, loss=0.00859]
0:00:25.295229 - saving /home/ubuntu/synthetic_pose_estimation/cosypose/local_data/experiments/bracket_assembly_debug_nut_nosym_coarse_noaug--938962 22
  0%|                                                     | 0/1 [00:00<?, ?it/s]0:00:25.710198 - iteration 0
0:00:25.754016 - outputs, {'pose': tensor([[-0.1549, -0.5751,  0.4627,  0.2152, -0.1549, -0.3871,  0.3503, -0.2274,
          0.6869]], device='cuda:0', grad_fn=<AddmmBackward0>)}
0:00:25.755556 - model_outputs {'pose': tensor([[-0.1549, -0.5751,  0.4627,  0.2152, -0.1549, -0.3871,  0.3503, -0.2274,
          0.6869]], device='cuda:0', grad_fn=<AddmmBackward0>)}
0:00:25.756327 - K crop tensor([[[2.0636e+03, 0.0000e+00, 2.5597e+02],
         [0.0000e+00, 2.0636e+03, 1.0115e+02],
         [0.0000e+00, 0.0000e+00, 1.0000e+00]]], device='cuda:0')
0:00:25.757192 - TCO_input tensor([[[ 1.0000,  0.0000,  0.0000, -0.0158],
         [ 0.0000,  1.0000,  0.0000,  0.0030],
         [ 0.0000,  0.0000,  1.0000,  0.3375],
         [ 0.0000,  0.0000,  0.0000,  1.0000]]], device='cuda:0')
0:00:25.758110 - model tco output tensor([[[-0.2053,  0.4129,  0.8873, -0.0108],
         [-0.7625, -0.6358,  0.1194,  0.0020],
         [ 0.6135, -0.6521,  0.4454,  0.2318],
         [ 0.0000,  0.0000,  0.0000,  1.0000]]], device='cuda:0',
       grad_fn=<CopySlices>)
0:00:25.795331 - Wrote debug data: /home/ubuntu/synthetic_pose_estimation/cosypose/local_data/debug_data/debug_iter=1.pth.tar
0:00:26.007104 - TCO_input tensor([[[ 1.0000,  0.0000,  0.0000, -0.0158],
         [ 0.0000,  1.0000,  0.0000,  0.0030],
         [ 0.0000,  0.0000,  1.0000,  0.3375],
         [ 0.0000,  0.0000,  0.0000,  1.0000]]], device='cuda:0')
0:00:26.008097 - vxvyvz tensor([[ 0.3503, -0.2274,  0.6869]], device='cuda:0',
       grad_fn=<SliceBackward0>)
0:00:26.009109 - dR tensor([[[-0.2053,  0.4129,  0.8873],
         [-0.7625, -0.6358,  0.1194],
         [ 0.6135, -0.6521,  0.4454]]], device='cuda:0',
       grad_fn=<StackBackward0>)
0:00:26.010008 - fxfy tensor([[2063.5901, 2063.5901]], device='cuda:0')
0:00:26.012478 - TCO_gt tensor([[[-0.7893,  0.4511,  0.4165, -0.0100],
         [-0.5688, -0.7927, -0.2192,  0.0062],
         [ 0.2313, -0.4099,  0.8823,  0.1920],
         [ 0.0000,  0.0000,  0.0000,  1.0000]]], device='cuda:0')
0:00:26.013432 - TCO pred_orn tensor([[[-0.2053,  0.4129,  0.8873, -0.0100],
         [-0.7625, -0.6358,  0.1194,  0.0062],
         [ 0.6135, -0.6521,  0.4454,  0.1920],
         [ 0.0000,  0.0000,  0.0000,  1.0000]]], device='cuda:0',
       grad_fn=<CopySlices>)
0:00:26.014351 - TCO pred_xy tensor([[[-0.7893,  0.4511,  0.4165, -0.0089],
         [-0.5688, -0.7927, -0.2192,  0.0017],
         [ 0.2313, -0.4099,  0.8823,  0.1920],
         [ 0.0000,  0.0000,  0.0000,  1.0000]]], device='cuda:0',
       grad_fn=<CopySlices>)
0:00:26.015259 - TCO pred_z tensor([[[-0.7893,  0.4511,  0.4165, -0.0100],
         [-0.5688, -0.7927, -0.2192,  0.0062],
         [ 0.2313, -0.4099,  0.8823,  0.2318],
         [ 0.0000,  0.0000,  0.0000,  1.0000]]], device='cuda:0',
       grad_fn=<CopySlices>)
0:00:26.015900 - loss orn tensor([0.0028], device='cuda:0', grad_fn=<MinBackward0>)
0:00:26.016530 - loss xy tensor([0.0019], device='cuda:0', grad_fn=<MinBackward0>)
0:00:26.017172 - loss z tensor([0.0133], device='cuda:0', grad_fn=<MinBackward0>)
  0%|                                         | 0/1 [00:00<?, ?it/s, loss=0.018]100%|█████████████████████████████████| 1/1 [00:00<00:00,  4.66it/s, loss=0.018]100%|█████████████████████████████████| 1/1 [00:00<00:00,  4.65it/s, loss=0.018]
0:00:25.787795 - saving /home/ubuntu/synthetic_pose_estimation/cosypose/local_data/experiments/bracket_assembly_debug_nut_nosym_coarse_noaug--938962 23
  0%|                                                     | 0/1 [00:00<?, ?it/s]0:00:26.203036 - iteration 0
0:00:26.246560 - outputs, {'pose': tensor([[-0.1881, -0.5960,  0.4671,  0.2142, -0.1510, -0.3957,  0.3543, -0.2338,
          0.6994]], device='cuda:0', grad_fn=<AddmmBackward0>)}
0:00:26.248099 - model_outputs {'pose': tensor([[-0.1881, -0.5960,  0.4671,  0.2142, -0.1510, -0.3957,  0.3543, -0.2338,
          0.6994]], device='cuda:0', grad_fn=<AddmmBackward0>)}
0:00:26.248878 - K crop tensor([[[1.9743e+03, 0.0000e+00, 1.9541e+02],
         [0.0000e+00, 1.9743e+03, 1.0866e+02],
         [0.0000e+00, 0.0000e+00, 1.0000e+00]]], device='cuda:0')
0:00:26.249771 - TCO_input tensor([[[ 1.0000,  0.0000,  0.0000, -0.0059],
         [ 0.0000,  1.0000,  0.0000,  0.0018],
         [ 0.0000,  0.0000,  1.0000,  0.3227],
         [ 0.0000,  0.0000,  0.0000,  1.0000]]], device='cuda:0')
0:00:26.250668 - model tco output tensor([[[-0.2411,  0.3902,  0.8886, -0.0041],
         [-0.7639, -0.6411,  0.0742,  0.0012],
         [ 0.5986, -0.6609,  0.4526,  0.2257],
         [ 0.0000,  0.0000,  0.0000,  1.0000]]], device='cuda:0',
       grad_fn=<CopySlices>)
0:00:26.288323 - Wrote debug data: /home/ubuntu/synthetic_pose_estimation/cosypose/local_data/debug_data/debug_iter=1.pth.tar
0:00:26.499514 - TCO_input tensor([[[ 1.0000,  0.0000,  0.0000, -0.0059],
         [ 0.0000,  1.0000,  0.0000,  0.0018],
         [ 0.0000,  0.0000,  1.0000,  0.3227],
         [ 0.0000,  0.0000,  0.0000,  1.0000]]], device='cuda:0')
0:00:26.500474 - vxvyvz tensor([[ 0.3543, -0.2338,  0.6994]], device='cuda:0',
       grad_fn=<SliceBackward0>)
0:00:26.501497 - dR tensor([[[-0.2411,  0.3902,  0.8886],
         [-0.7639, -0.6411,  0.0742],
         [ 0.5986, -0.6609,  0.4526]]], device='cuda:0',
       grad_fn=<StackBackward0>)
0:00:26.502360 - fxfy tensor([[1974.2777, 1974.2782]], device='cuda:0')
0:00:26.504809 - TCO_gt tensor([[[-0.7893,  0.4511,  0.4165, -0.0100],
         [-0.5688, -0.7927, -0.2192,  0.0062],
         [ 0.2313, -0.4099,  0.8823,  0.1920],
         [ 0.0000,  0.0000,  0.0000,  1.0000]]], device='cuda:0')
0:00:26.505766 - TCO pred_orn tensor([[[-0.2411,  0.3902,  0.8886, -0.0100],
         [-0.7639, -0.6411,  0.0742,  0.0062],
         [ 0.5986, -0.6609,  0.4526,  0.1920],
         [ 0.0000,  0.0000,  0.0000,  1.0000]]], device='cuda:0',
       grad_fn=<CopySlices>)
0:00:26.506669 - TCO pred_xy tensor([[[-0.7893,  0.4511,  0.4165, -0.0035],
         [-0.5688, -0.7927, -0.2192,  0.0010],
         [ 0.2313, -0.4099,  0.8823,  0.1920],
         [ 0.0000,  0.0000,  0.0000,  1.0000]]], device='cuda:0',
       grad_fn=<CopySlices>)
0:00:26.507581 - TCO pred_z tensor([[[-0.7893,  0.4511,  0.4165, -0.0100],
         [-0.5688, -0.7927, -0.2192,  0.0062],
         [ 0.2313, -0.4099,  0.8823,  0.2257],
         [ 0.0000,  0.0000,  0.0000,  1.0000]]], device='cuda:0',
       grad_fn=<CopySlices>)
0:00:26.508202 - loss orn tensor([0.0028], device='cuda:0', grad_fn=<MinBackward0>)
0:00:26.508821 - loss xy tensor([0.0039], device='cuda:0', grad_fn=<MinBackward0>)
0:00:26.509469 - loss z tensor([0.0112], device='cuda:0', grad_fn=<MinBackward0>)
  0%|                                        | 0/1 [00:00<?, ?it/s, loss=0.0179]100%|████████████████████████████████| 1/1 [00:00<00:00,  4.66it/s, loss=0.0179]100%|████████████████████████████████| 1/1 [00:00<00:00,  4.65it/s, loss=0.0179]
0:00:26.268956 - saving /home/ubuntu/synthetic_pose_estimation/cosypose/local_data/experiments/bracket_assembly_debug_nut_nosym_coarse_noaug--938962 24
  0%|                                                     | 0/1 [00:00<?, ?it/s]0:00:26.683945 - iteration 0
0:00:26.728988 - outputs, {'pose': tensor([[-0.2173, -0.6065,  0.4730,  0.2268, -0.1556, -0.3994,  0.3562, -0.2295,
          0.7156]], device='cuda:0', grad_fn=<AddmmBackward0>)}
0:00:26.730583 - model_outputs {'pose': tensor([[-0.2173, -0.6065,  0.4730,  0.2268, -0.1556, -0.3994,  0.3562, -0.2295,
          0.7156]], device='cuda:0', grad_fn=<AddmmBackward0>)}
0:00:26.731367 - K crop tensor([[[1.8410e+03, 0.0000e+00, 2.7430e+02],
         [0.0000e+00, 1.8410e+03, 9.8852e+01],
         [0.0000e+00, 0.0000e+00, 1.0000e+00]]], device='cuda:0')
0:00:26.732880 - TCO_input tensor([[[ 1.0000,  0.0000,  0.0000, -0.0188],
         [ 0.0000,  1.0000,  0.0000,  0.0034],
         [ 0.0000,  0.0000,  1.0000,  0.3020],
         [ 0.0000,  0.0000,  0.0000,  1.0000]]], device='cuda:0')
0:00:26.733960 - model tco output tensor([[[-0.2718,  0.3950,  0.8776, -0.0134],
         [-0.7589, -0.6487,  0.0569,  0.0024],
         [ 0.5918, -0.6505,  0.4761,  0.2161],
         [ 0.0000,  0.0000,  0.0000,  1.0000]]], device='cuda:0',
       grad_fn=<CopySlices>)
0:00:26.770854 - Wrote debug data: /home/ubuntu/synthetic_pose_estimation/cosypose/local_data/debug_data/debug_iter=1.pth.tar
0:00:26.981411 - TCO_input tensor([[[ 1.0000,  0.0000,  0.0000, -0.0188],
         [ 0.0000,  1.0000,  0.0000,  0.0034],
         [ 0.0000,  0.0000,  1.0000,  0.3020],
         [ 0.0000,  0.0000,  0.0000,  1.0000]]], device='cuda:0')
0:00:26.982344 - vxvyvz tensor([[ 0.3562, -0.2295,  0.7156]], device='cuda:0',
       grad_fn=<SliceBackward0>)
0:00:26.983320 - dR tensor([[[-0.2718,  0.3950,  0.8776],
         [-0.7589, -0.6487,  0.0569],
         [ 0.5918, -0.6505,  0.4761]]], device='cuda:0',
       grad_fn=<StackBackward0>)
0:00:26.984191 - fxfy tensor([[1840.9723, 1840.9723]], device='cuda:0')
0:00:26.986685 - TCO_gt tensor([[[-0.7893,  0.4511,  0.4165, -0.0100],
         [-0.5688, -0.7927, -0.2192,  0.0062],
         [ 0.2313, -0.4099,  0.8823,  0.1920],
         [ 0.0000,  0.0000,  0.0000,  1.0000]]], device='cuda:0')
0:00:26.987601 - TCO pred_orn tensor([[[-0.2718,  0.3950,  0.8776, -0.0100],
         [-0.7589, -0.6487,  0.0569,  0.0062],
         [ 0.5918, -0.6505,  0.4761,  0.1920],
         [ 0.0000,  0.0000,  0.0000,  1.0000]]], device='cuda:0',
       grad_fn=<CopySlices>)
0:00:26.988508 - TCO pred_xy tensor([[[-0.7893,  0.4511,  0.4165, -0.0119],
         [-0.5688, -0.7927, -0.2192,  0.0021],
         [ 0.2313, -0.4099,  0.8823,  0.1920],
         [ 0.0000,  0.0000,  0.0000,  1.0000]]], device='cuda:0',
       grad_fn=<CopySlices>)
0:00:26.989448 - TCO pred_z tensor([[[-0.7893,  0.4511,  0.4165, -0.0100],
         [-0.5688, -0.7927, -0.2192,  0.0062],
         [ 0.2313, -0.4099,  0.8823,  0.2161],
         [ 0.0000,  0.0000,  0.0000,  1.0000]]], device='cuda:0',
       grad_fn=<CopySlices>)
0:00:26.990088 - loss orn tensor([0.0026], device='cuda:0', grad_fn=<MinBackward0>)
0:00:26.990716 - loss xy tensor([0.0020], device='cuda:0', grad_fn=<MinBackward0>)
0:00:26.991340 - loss z tensor([0.0081], device='cuda:0', grad_fn=<MinBackward0>)
  0%|                                        | 0/1 [00:00<?, ?it/s, loss=0.0127]100%|████████████████████████████████| 1/1 [00:00<00:00,  4.66it/s, loss=0.0127]100%|████████████████████████████████| 1/1 [00:00<00:00,  4.65it/s, loss=0.0127]
0:00:26.744255 - saving /home/ubuntu/synthetic_pose_estimation/cosypose/local_data/experiments/bracket_assembly_debug_nut_nosym_coarse_noaug--938962 25
  0%|                                                     | 0/1 [00:00<?, ?it/s]0:00:27.159359 - iteration 0
0:00:27.203420 - outputs, {'pose': tensor([[-0.2522, -0.6170,  0.4711,  0.2418, -0.1547, -0.3873,  0.3579, -0.2160,
          0.7245]], device='cuda:0', grad_fn=<AddmmBackward0>)}
0:00:27.205073 - model_outputs {'pose': tensor([[-0.2522, -0.6170,  0.4711,  0.2418, -0.1547, -0.3873,  0.3579, -0.2160,
          0.7245]], device='cuda:0', grad_fn=<AddmmBackward0>)}
0:00:27.205905 - K crop tensor([[[1.9180e+03, 0.0000e+00, 2.2284e+02],
         [0.0000e+00, 1.9180e+03, 2.1697e+01],
         [0.0000e+00, 0.0000e+00, 1.0000e+00]]], device='cuda:0')
0:00:27.206772 - TCO_input tensor([[[ 1.0000,  0.0000,  0.0000, -0.0105],
         [ 0.0000,  1.0000,  0.0000,  0.0163],
         [ 0.0000,  0.0000,  1.0000,  0.3195],
         [ 0.0000,  0.0000,  0.0000,  1.0000]]], device='cuda:0')
0:00:27.207676 - model tco output tensor([[[-0.3090,  0.4160,  0.8553, -0.0076],
         [-0.7559, -0.6531,  0.0446,  0.0118],
         [ 0.5772, -0.6328,  0.5162,  0.2315],
         [ 0.0000,  0.0000,  0.0000,  1.0000]]], device='cuda:0',
       grad_fn=<CopySlices>)
0:00:27.246989 - Wrote debug data: /home/ubuntu/synthetic_pose_estimation/cosypose/local_data/debug_data/debug_iter=1.pth.tar
0:00:27.457950 - TCO_input tensor([[[ 1.0000,  0.0000,  0.0000, -0.0105],
         [ 0.0000,  1.0000,  0.0000,  0.0163],
         [ 0.0000,  0.0000,  1.0000,  0.3195],
         [ 0.0000,  0.0000,  0.0000,  1.0000]]], device='cuda:0')
0:00:27.459008 - vxvyvz tensor([[ 0.3579, -0.2160,  0.7245]], device='cuda:0',
       grad_fn=<SliceBackward0>)
0:00:27.460042 - dR tensor([[[-0.3090,  0.4160,  0.8553],
         [-0.7559, -0.6531,  0.0446],
         [ 0.5772, -0.6328,  0.5162]]], device='cuda:0',
       grad_fn=<StackBackward0>)
0:00:27.460919 - fxfy tensor([[1918.0299, 1918.0300]], device='cuda:0')
0:00:27.463413 - TCO_gt tensor([[[-0.7893,  0.4511,  0.4165, -0.0100],
         [-0.5688, -0.7927, -0.2192,  0.0062],
         [ 0.2313, -0.4099,  0.8823,  0.1920],
         [ 0.0000,  0.0000,  0.0000,  1.0000]]], device='cuda:0')
0:00:27.464328 - TCO pred_orn tensor([[[-0.3090,  0.4160,  0.8553, -0.0100],
         [-0.7559, -0.6531,  0.0446,  0.0062],
         [ 0.5772, -0.6328,  0.5162,  0.1920],
         [ 0.0000,  0.0000,  0.0000,  1.0000]]], device='cuda:0',
       grad_fn=<CopySlices>)
0:00:27.465267 - TCO pred_xy tensor([[[-0.7893,  0.4511,  0.4165, -0.0063],
         [-0.5688, -0.7927, -0.2192,  0.0098],
         [ 0.2313, -0.4099,  0.8823,  0.1920],
         [ 0.0000,  0.0000,  0.0000,  1.0000]]], device='cuda:0',
       grad_fn=<CopySlices>)
0:00:27.466164 - TCO pred_z tensor([[[-0.7893,  0.4511,  0.4165, -0.0100],
         [-0.5688, -0.7927, -0.2192,  0.0062],
         [ 0.2313, -0.4099,  0.8823,  0.2315],
         [ 0.0000,  0.0000,  0.0000,  1.0000]]], device='cuda:0',
       grad_fn=<CopySlices>)
0:00:27.466812 - loss orn tensor([0.0025], device='cuda:0', grad_fn=<MinBackward0>)
0:00:27.467442 - loss xy tensor([0.0024], device='cuda:0', grad_fn=<MinBackward0>)
0:00:27.468067 - loss z tensor([0.0132], device='cuda:0', grad_fn=<MinBackward0>)
  0%|                                        | 0/1 [00:00<?, ?it/s, loss=0.0181]100%|████████████████████████████████| 1/1 [00:00<00:00,  4.59it/s, loss=0.0181]100%|████████████████████████████████| 1/1 [00:00<00:00,  4.58it/s, loss=0.0181]
0:00:27.211098 - saving /home/ubuntu/synthetic_pose_estimation/cosypose/local_data/experiments/bracket_assembly_debug_nut_nosym_coarse_noaug--938962 26
  0%|                                                     | 0/1 [00:00<?, ?it/s]0:00:27.626288 - iteration 0
0:00:27.670046 - outputs, {'pose': tensor([[-0.2862, -0.6213,  0.4796,  0.2631, -0.1531, -0.3847,  0.3634, -0.2279,
          0.7285]], device='cuda:0', grad_fn=<AddmmBackward0>)}
0:00:27.671641 - model_outputs {'pose': tensor([[-0.2862, -0.6213,  0.4796,  0.2631, -0.1531, -0.3847,  0.3634, -0.2279,
          0.7285]], device='cuda:0', grad_fn=<AddmmBackward0>)}
0:00:27.672426 - K crop tensor([[[2.0653e+03, 0.0000e+00, 2.5658e+02],
         [0.0000e+00, 2.0653e+03, 6.1909e+01],
         [0.0000e+00, 0.0000e+00, 1.0000e+00]]], device='cuda:0')
0:00:27.673304 - TCO_input tensor([[[ 1.0000,  0.0000,  0.0000, -0.0160],
         [ 0.0000,  1.0000,  0.0000,  0.0095],
         [ 0.0000,  0.0000,  1.0000,  0.3404],
         [ 0.0000,  0.0000,  0.0000,  1.0000]]], device='cuda:0')
0:00:27.674216 - model tco output tensor([[[-0.3426,  0.4354,  0.8325, -0.0116],
         [-0.7437, -0.6671,  0.0428,  0.0069],
         [ 0.5740, -0.6045,  0.5523,  0.2480],
         [ 0.0000,  0.0000,  0.0000,  1.0000]]], device='cuda:0',
       grad_fn=<CopySlices>)
0:00:27.711797 - Wrote debug data: /home/ubuntu/synthetic_pose_estimation/cosypose/local_data/debug_data/debug_iter=1.pth.tar
0:00:27.921899 - TCO_input tensor([[[ 1.0000,  0.0000,  0.0000, -0.0160],
         [ 0.0000,  1.0000,  0.0000,  0.0095],
         [ 0.0000,  0.0000,  1.0000,  0.3404],
         [ 0.0000,  0.0000,  0.0000,  1.0000]]], device='cuda:0')
0:00:27.922917 - vxvyvz tensor([[ 0.3634, -0.2279,  0.7285]], device='cuda:0',
       grad_fn=<SliceBackward0>)
0:00:27.923914 - dR tensor([[[-0.3426,  0.4354,  0.8325],
         [-0.7437, -0.6671,  0.0428],
         [ 0.5740, -0.6045,  0.5523]]], device='cuda:0',
       grad_fn=<StackBackward0>)
0:00:27.924784 - fxfy tensor([[2065.2537, 2065.2537]], device='cuda:0')
0:00:27.927304 - TCO_gt tensor([[[-0.7893,  0.4511,  0.4165, -0.0100],
         [-0.5688, -0.7927, -0.2192,  0.0062],
         [ 0.2313, -0.4099,  0.8823,  0.1920],
         [ 0.0000,  0.0000,  0.0000,  1.0000]]], device='cuda:0')
0:00:27.928216 - TCO pred_orn tensor([[[-0.3426,  0.4354,  0.8325, -0.0100],
         [-0.7437, -0.6671,  0.0428,  0.0062],
         [ 0.5740, -0.6045,  0.5523,  0.1920],
         [ 0.0000,  0.0000,  0.0000,  1.0000]]], device='cuda:0',
       grad_fn=<CopySlices>)
0:00:27.929147 - TCO pred_xy tensor([[[-0.7893,  0.4511,  0.4165, -0.0090],
         [-0.5688, -0.7927, -0.2192,  0.0053],
         [ 0.2313, -0.4099,  0.8823,  0.1920],
         [ 0.0000,  0.0000,  0.0000,  1.0000]]], device='cuda:0',
       grad_fn=<CopySlices>)
0:00:27.930063 - TCO pred_z tensor([[[-0.7893,  0.4511,  0.4165, -0.0100],
         [-0.5688, -0.7927, -0.2192,  0.0062],
         [ 0.2313, -0.4099,  0.8823,  0.2480],
         [ 0.0000,  0.0000,  0.0000,  1.0000]]], device='cuda:0',
       grad_fn=<CopySlices>)
0:00:27.930699 - loss orn tensor([0.0023], device='cuda:0', grad_fn=<MinBackward0>)
0:00:27.931329 - loss xy tensor([0.0006], device='cuda:0', grad_fn=<MinBackward0>)
0:00:27.931953 - loss z tensor([0.0187], device='cuda:0', grad_fn=<MinBackward0>)
  0%|                                        | 0/1 [00:00<?, ?it/s, loss=0.0216]100%|████████████████████████████████| 1/1 [00:00<00:00,  4.70it/s, loss=0.0216]100%|████████████████████████████████| 1/1 [00:00<00:00,  4.69it/s, loss=0.0216]
0:00:27.681102 - saving /home/ubuntu/synthetic_pose_estimation/cosypose/local_data/experiments/bracket_assembly_debug_nut_nosym_coarse_noaug--938962 27
  0%|                                                     | 0/1 [00:00<?, ?it/s]0:00:28.096207 - iteration 0
0:00:28.139731 - outputs, {'pose': tensor([[-0.3215, -0.6205,  0.4805,  0.2832, -0.1531, -0.3776,  0.3658, -0.2274,
          0.7310]], device='cuda:0', grad_fn=<AddmmBackward0>)}
0:00:28.141279 - model_outputs {'pose': tensor([[-0.3215, -0.6205,  0.4805,  0.2832, -0.1531, -0.3776,  0.3658, -0.2274,
          0.7310]], device='cuda:0', grad_fn=<AddmmBackward0>)}
0:00:28.142064 - K crop tensor([[[1.7593e+03, 0.0000e+00, 2.3980e+02],
         [0.0000e+00, 1.7593e+03, 5.3388e+01],
         [0.0000e+00, 0.0000e+00, 1.0000e+00]]], device='cuda:0')
0:00:28.142915 - TCO_input tensor([[[ 1.0000,  0.0000,  0.0000, -0.0133],
         [ 0.0000,  1.0000,  0.0000,  0.0110],
         [ 0.0000,  0.0000,  1.0000,  0.2919],
         [ 0.0000,  0.0000,  0.0000,  1.0000]]], device='cuda:0')
0:00:28.143814 - model tco output tensor([[[-0.3791,  0.4532,  0.8068, -0.0097],
         [-0.7316, -0.6806,  0.0385,  0.0080],
         [ 0.5666, -0.5757,  0.5896,  0.2134],
         [ 0.0000,  0.0000,  0.0000,  1.0000]]], device='cuda:0',
       grad_fn=<CopySlices>)
0:00:28.182359 - Wrote debug data: /home/ubuntu/synthetic_pose_estimation/cosypose/local_data/debug_data/debug_iter=1.pth.tar
0:00:28.394044 - TCO_input tensor([[[ 1.0000,  0.0000,  0.0000, -0.0133],
         [ 0.0000,  1.0000,  0.0000,  0.0110],
         [ 0.0000,  0.0000,  1.0000,  0.2919],
         [ 0.0000,  0.0000,  0.0000,  1.0000]]], device='cuda:0')
0:00:28.394980 - vxvyvz tensor([[ 0.3658, -0.2274,  0.7310]], device='cuda:0',
       grad_fn=<SliceBackward0>)
0:00:28.395952 - dR tensor([[[-0.3791,  0.4532,  0.8068],
         [-0.7316, -0.6806,  0.0385],
         [ 0.5666, -0.5757,  0.5896]]], device='cuda:0',
       grad_fn=<StackBackward0>)
0:00:28.396812 - fxfy tensor([[1759.2782, 1759.2783]], device='cuda:0')
0:00:28.399290 - TCO_gt tensor([[[-0.7893,  0.4511,  0.4165, -0.0100],
         [-0.5688, -0.7927, -0.2192,  0.0062],
         [ 0.2313, -0.4099,  0.8823,  0.1920],
         [ 0.0000,  0.0000,  0.0000,  1.0000]]], device='cuda:0')
0:00:28.400209 - TCO pred_orn tensor([[[-0.3791,  0.4532,  0.8068, -0.0100],
         [-0.7316, -0.6806,  0.0385,  0.0062],
         [ 0.5666, -0.5757,  0.5896,  0.1920],
         [ 0.0000,  0.0000,  0.0000,  1.0000]]], device='cuda:0',
       grad_fn=<CopySlices>)
0:00:28.401125 - TCO pred_xy tensor([[[-0.7893,  0.4511,  0.4165, -0.0087],
         [-0.5688, -0.7927, -0.2192,  0.0072],
         [ 0.2313, -0.4099,  0.8823,  0.1920],
         [ 0.0000,  0.0000,  0.0000,  1.0000]]], device='cuda:0',
       grad_fn=<CopySlices>)
0:00:28.402064 - TCO pred_z tensor([[[-0.7893,  0.4511,  0.4165, -0.0100],
         [-0.5688, -0.7927, -0.2192,  0.0062],
         [ 0.2313, -0.4099,  0.8823,  0.2134],
         [ 0.0000,  0.0000,  0.0000,  1.0000]]], device='cuda:0',
       grad_fn=<CopySlices>)
0:00:28.402700 - loss orn tensor([0.0022], device='cuda:0', grad_fn=<MinBackward0>)
0:00:28.403326 - loss xy tensor([0.0008], device='cuda:0', grad_fn=<MinBackward0>)
0:00:28.403950 - loss z tensor([0.0071], device='cuda:0', grad_fn=<MinBackward0>)
  0%|                                        | 0/1 [00:00<?, ?it/s, loss=0.0101]100%|████████████████████████████████| 1/1 [00:00<00:00,  4.65it/s, loss=0.0101]100%|████████████████████████████████| 1/1 [00:00<00:00,  4.64it/s, loss=0.0101]
0:00:28.147015 - saving /home/ubuntu/synthetic_pose_estimation/cosypose/local_data/experiments/bracket_assembly_debug_nut_nosym_coarse_noaug--938962 28
  0%|                                                     | 0/1 [00:00<?, ?it/s]0:00:28.562033 - iteration 0
0:00:28.606308 - outputs, {'pose': tensor([[-0.3475, -0.6278,  0.4854,  0.2884, -0.1518, -0.3637,  0.3588, -0.2260,
          0.7288]], device='cuda:0', grad_fn=<AddmmBackward0>)}
0:00:28.607959 - model_outputs {'pose': tensor([[-0.3475, -0.6278,  0.4854,  0.2884, -0.1518, -0.3637,  0.3588, -0.2260,
          0.7288]], device='cuda:0', grad_fn=<AddmmBackward0>)}
0:00:28.608750 - K crop tensor([[[1.7834e+03, 0.0000e+00, 3.0320e+02],
         [0.0000e+00, 1.7834e+03, 7.9776e+01],
         [0.0000e+00, 0.0000e+00, 1.0000e+00]]], device='cuda:0')
0:00:28.609645 - TCO_input tensor([[[ 1.0000,  0.0000,  0.0000, -0.0237],
         [ 0.0000,  1.0000,  0.0000,  0.0066],
         [ 0.0000,  0.0000,  1.0000,  0.2941],
         [ 0.0000,  0.0000,  0.0000,  1.0000]]], device='cuda:0')
0:00:28.610546 - model tco output tensor([[[-0.4011,  0.4633,  0.7902, -0.0172],
         [-0.7247, -0.6881,  0.0356,  0.0047],
         [ 0.5603, -0.5584,  0.6118,  0.2143],
         [ 0.0000,  0.0000,  0.0000,  1.0000]]], device='cuda:0',
       grad_fn=<CopySlices>)
0:00:28.649689 - Wrote debug data: /home/ubuntu/synthetic_pose_estimation/cosypose/local_data/debug_data/debug_iter=1.pth.tar
0:00:28.862660 - TCO_input tensor([[[ 1.0000,  0.0000,  0.0000, -0.0237],
         [ 0.0000,  1.0000,  0.0000,  0.0066],
         [ 0.0000,  0.0000,  1.0000,  0.2941],
         [ 0.0000,  0.0000,  0.0000,  1.0000]]], device='cuda:0')
0:00:28.863601 - vxvyvz tensor([[ 0.3588, -0.2260,  0.7288]], device='cuda:0',
       grad_fn=<SliceBackward0>)
0:00:28.864578 - dR tensor([[[-0.4011,  0.4633,  0.7902],
         [-0.7247, -0.6881,  0.0356],
         [ 0.5603, -0.5584,  0.6118]]], device='cuda:0',
       grad_fn=<StackBackward0>)
0:00:28.865473 - fxfy tensor([[1783.3911, 1783.3911]], device='cuda:0')
0:00:28.867923 - TCO_gt tensor([[[-0.7893,  0.4511,  0.4165, -0.0100],
         [-0.5688, -0.7927, -0.2192,  0.0062],
         [ 0.2313, -0.4099,  0.8823,  0.1920],
         [ 0.0000,  0.0000,  0.0000,  1.0000]]], device='cuda:0')
0:00:28.868833 - TCO pred_orn tensor([[[-0.4011,  0.4633,  0.7902, -0.0100],
         [-0.7247, -0.6881,  0.0356,  0.0062],
         [ 0.5603, -0.5584,  0.6118,  0.1920],
         [ 0.0000,  0.0000,  0.0000,  1.0000]]], device='cuda:0',
       grad_fn=<CopySlices>)
0:00:28.869770 - TCO pred_xy tensor([[[-0.7893,  0.4511,  0.4165, -0.0154],
         [-0.5688, -0.7927, -0.2192,  0.0043],
         [ 0.2313, -0.4099,  0.8823,  0.1920],
         [ 0.0000,  0.0000,  0.0000,  1.0000]]], device='cuda:0',
       grad_fn=<CopySlices>)
0:00:28.870666 - TCO pred_z tensor([[[-0.7893,  0.4511,  0.4165, -0.0100],
         [-0.5688, -0.7927, -0.2192,  0.0062],
         [ 0.2313, -0.4099,  0.8823,  0.2143],
         [ 0.0000,  0.0000,  0.0000,  1.0000]]], device='cuda:0',
       grad_fn=<CopySlices>)
0:00:28.871309 - loss orn tensor([0.0021], device='cuda:0', grad_fn=<MinBackward0>)
0:00:28.871938 - loss xy tensor([0.0025], device='cuda:0', grad_fn=<MinBackward0>)
0:00:28.872562 - loss z tensor([0.0075], device='cuda:0', grad_fn=<MinBackward0>)
  0%|                                         | 0/1 [00:00<?, ?it/s, loss=0.012]100%|█████████████████████████████████| 1/1 [00:00<00:00,  4.58it/s, loss=0.012]100%|█████████████████████████████████| 1/1 [00:00<00:00,  4.57it/s, loss=0.012]
0:00:28.635702 - saving /home/ubuntu/synthetic_pose_estimation/cosypose/local_data/experiments/bracket_assembly_debug_nut_nosym_coarse_noaug--938962 29
  0%|                                                     | 0/1 [00:00<?, ?it/s]0:00:29.050777 - iteration 0
0:00:29.094723 - outputs, {'pose': tensor([[-0.3812, -0.6210,  0.4793,  0.3197, -0.1520, -0.3493,  0.3600, -0.2173,
          0.7240]], device='cuda:0', grad_fn=<AddmmBackward0>)}
0:00:29.096352 - model_outputs {'pose': tensor([[-0.3812, -0.6210,  0.4793,  0.3197, -0.1520, -0.3493,  0.3600, -0.2173,
          0.7240]], device='cuda:0', grad_fn=<AddmmBackward0>)}
0:00:29.097174 - K crop tensor([[[1.5916e+03, 0.0000e+00, 2.0247e+02],
         [0.0000e+00, 1.5916e+03, 4.5454e+01],
         [0.0000e+00, 0.0000e+00, 1.0000e+00]]], device='cuda:0')
0:00:29.098055 - TCO_input tensor([[[ 1.0000,  0.0000,  0.0000, -0.0072],
         [ 0.0000,  1.0000,  0.0000,  0.0124],
         [ 0.0000,  0.0000,  1.0000,  0.2656],
         [ 0.0000,  0.0000,  0.0000,  1.0000]]], device='cuda:0')
0:00:29.099599 - model tco output tensor([[[-0.4370,  0.4998,  0.7478, -0.0051],
         [-0.7120, -0.7002,  0.0519,  0.0089],
         [ 0.5496, -0.5098,  0.6619,  0.1923],
         [ 0.0000,  0.0000,  0.0000,  1.0000]]], device='cuda:0',
       grad_fn=<CopySlices>)
0:00:29.139672 - Wrote debug data: /home/ubuntu/synthetic_pose_estimation/cosypose/local_data/debug_data/debug_iter=1.pth.tar
0:00:29.349546 - TCO_input tensor([[[ 1.0000,  0.0000,  0.0000, -0.0072],
         [ 0.0000,  1.0000,  0.0000,  0.0124],
         [ 0.0000,  0.0000,  1.0000,  0.2656],
         [ 0.0000,  0.0000,  0.0000,  1.0000]]], device='cuda:0')
0:00:29.350524 - vxvyvz tensor([[ 0.3600, -0.2173,  0.7240]], device='cuda:0',
       grad_fn=<SliceBackward0>)
0:00:29.351518 - dR tensor([[[-0.4370,  0.4998,  0.7478],
         [-0.7120, -0.7002,  0.0519],
         [ 0.5496, -0.5098,  0.6619]]], device='cuda:0',
       grad_fn=<StackBackward0>)
0:00:29.352379 - fxfy tensor([[1591.5537, 1591.5541]], device='cuda:0')
0:00:29.354911 - TCO_gt tensor([[[-0.7893,  0.4511,  0.4165, -0.0100],
         [-0.5688, -0.7927, -0.2192,  0.0062],
         [ 0.2313, -0.4099,  0.8823,  0.1920],
         [ 0.0000,  0.0000,  0.0000,  1.0000]]], device='cuda:0')
0:00:29.355826 - TCO pred_orn tensor([[[-0.4370,  0.4998,  0.7478, -0.0100],
         [-0.7120, -0.7002,  0.0519,  0.0062],
         [ 0.5496, -0.5098,  0.6619,  0.1920],
         [ 0.0000,  0.0000,  0.0000,  1.0000]]], device='cuda:0',
       grad_fn=<CopySlices>)
0:00:29.356730 - TCO pred_xy tensor([[[-0.7893,  0.4511,  0.4165, -0.0051],
         [-0.5688, -0.7927, -0.2192,  0.0089],
         [ 0.2313, -0.4099,  0.8823,  0.1920],
         [ 0.0000,  0.0000,  0.0000,  1.0000]]], device='cuda:0',
       grad_fn=<CopySlices>)
0:00:29.357663 - TCO pred_z tensor([[[-0.7893,  0.4511,  0.4165, -0.0100],
         [-0.5688, -0.7927, -0.2192,  0.0062],
         [ 0.2313, -0.4099,  0.8823,  0.1923],
         [ 0.0000,  0.0000,  0.0000,  1.0000]]], device='cuda:0',
       grad_fn=<CopySlices>)
0:00:29.358303 - loss orn tensor([0.0020], device='cuda:0', grad_fn=<MinBackward0>)
0:00:29.358929 - loss xy tensor([0.0025], device='cuda:0', grad_fn=<MinBackward0>)
0:00:29.359555 - loss z tensor([0.0001], device='cuda:0', grad_fn=<MinBackward0>)
  0%|                                       | 0/1 [00:00<?, ?it/s, loss=0.00459]100%|███████████████████████████████| 1/1 [00:00<00:00,  4.59it/s, loss=0.00459]100%|███████████████████████████████| 1/1 [00:00<00:00,  4.58it/s, loss=0.00459]
  0%|                                                     | 0/1 [00:00<?, ?it/s]0:00:29.272007 - iteration 0
0:00:29.320075 - outputs, {'pose': tensor([[ 0.0025, -0.0058, -0.0156,  0.0233, -0.0039, -0.0186,  0.0022, -0.0157,
          0.0037]], device='cuda:0')}
0:00:29.321910 - model_outputs {'pose': tensor([[ 0.0025, -0.0058, -0.0156,  0.0233, -0.0039, -0.0186,  0.0022, -0.0157,
          0.0037]], device='cuda:0')}
0:00:29.322705 - K crop tensor([[[1.7950e+03, 0.0000e+00, 2.8172e+02],
         [0.0000e+00, 1.7950e+03, 9.1711e+01],
         [0.0000e+00, 0.0000e+00, 1.0000e+00]]], device='cuda:0')
0:00:29.323562 - TCO_input tensor([[[ 1.0000,  0.0000,  0.0000, -0.0201],
         [ 0.0000,  1.0000,  0.0000,  0.0046],
         [ 0.0000,  0.0000,  1.0000,  0.2951],
         [ 0.0000,  0.0000,  0.0000,  1.0000]]], device='cuda:0')
0:00:29.324448 - model tco output tensor([[[ 1.5104e-01,  9.7916e-01,  1.3579e-01, -7.4508e-05],
         [-3.4408e-01,  1.8085e-01, -9.2136e-01,  1.6931e-05],
         [-9.2671e-01,  9.2436e-02,  3.6423e-01,  1.0943e-03],
         [ 0.0000e+00,  0.0000e+00,  0.0000e+00,  1.0000e+00]]],
       device='cuda:0')
0:00:29.361932 - Wrote debug data: /home/ubuntu/synthetic_pose_estimation/cosypose/local_data/debug_data/debug_iter=1.pth.tar
0:00:29.572031 - TCO_input tensor([[[ 1.0000,  0.0000,  0.0000, -0.0201],
         [ 0.0000,  1.0000,  0.0000,  0.0046],
         [ 0.0000,  0.0000,  1.0000,  0.2951],
         [ 0.0000,  0.0000,  0.0000,  1.0000]]], device='cuda:0')
0:00:29.572974 - vxvyvz tensor([[ 0.0022, -0.0157,  0.0037]], device='cuda:0')
0:00:29.573964 - dR tensor([[[ 0.1510,  0.9792,  0.1358],
         [-0.3441,  0.1808, -0.9214],
         [-0.9267,  0.0924,  0.3642]]], device='cuda:0')
0:00:29.574825 - fxfy tensor([[1795.0044, 1795.0045]], device='cuda:0')
0:00:29.577114 - TCO_gt tensor([[[-0.7893,  0.4511,  0.4165, -0.0100],
         [-0.5688, -0.7927, -0.2192,  0.0062],
         [ 0.2313, -0.4099,  0.8823,  0.1920],
         [ 0.0000,  0.0000,  0.0000,  1.0000]]], device='cuda:0')
0:00:29.578035 - TCO pred_orn tensor([[[ 0.1510,  0.9792,  0.1358, -0.0100],
         [-0.3441,  0.1808, -0.9214,  0.0062],
         [-0.9267,  0.0924,  0.3642,  0.1920],
         [ 0.0000,  0.0000,  0.0000,  1.0000]]], device='cuda:0')
0:00:29.578933 - TCO pred_xy tensor([[[-0.7893,  0.4511,  0.4165, -0.0131],
         [-0.5688, -0.7927, -0.2192,  0.0030],
         [ 0.2313, -0.4099,  0.8823,  0.1920],
         [ 0.0000,  0.0000,  0.0000,  1.0000]]], device='cuda:0')
0:00:29.579821 - TCO pred_z tensor([[[-0.7893,  0.4511,  0.4165, -0.0100],
         [-0.5688, -0.7927, -0.2192,  0.0062],
         [ 0.2313, -0.4099,  0.8823,  0.0011],
         [ 0.0000,  0.0000,  0.0000,  1.0000]]], device='cuda:0')
0:00:29.580440 - loss orn tensor([0.0069], device='cuda:0')
0:00:29.581078 - loss xy tensor([0.0021], device='cuda:0')
0:00:29.581724 - loss z tensor([0.0636], device='cuda:0')
100%|█████████████████████████████████████████████| 1/1 [00:00<00:00,  7.58it/s]100%|█████████████████████████████████████████████| 1/1 [00:00<00:00,  7.56it/s]
0:00:29.257274 - saving /home/ubuntu/synthetic_pose_estimation/cosypose/local_data/experiments/bracket_assembly_debug_nut_nosym_coarse_noaug--938962 30
  0%|                                                     | 0/1 [00:00<?, ?it/s]0:00:29.669029 - iteration 0
0:00:29.712679 - outputs, {'pose': tensor([[-0.4053, -0.6255,  0.4751,  0.3330, -0.1568, -0.3382,  0.3480, -0.2264,
          0.7088]], device='cuda:0', grad_fn=<AddmmBackward0>)}
0:00:29.714302 - model_outputs {'pose': tensor([[-0.4053, -0.6255,  0.4751,  0.3330, -0.1568, -0.3382,  0.3480, -0.2264,
          0.7088]], device='cuda:0', grad_fn=<AddmmBackward0>)}
0:00:29.715093 - K crop tensor([[[1.9595e+03, 0.0000e+00, 2.7717e+02],
         [0.0000e+00, 1.9595e+03, 2.6503e+01],
         [0.0000e+00, 0.0000e+00, 1.0000e+00]]], device='cuda:0')
0:00:29.715946 - TCO_input tensor([[[ 1.0000,  0.0000,  0.0000, -0.0196],
         [ 0.0000,  1.0000,  0.0000,  0.0155],
         [ 0.0000,  0.0000,  1.0000,  0.3258],
         [ 0.0000,  0.0000,  0.0000,  1.0000]]], device='cuda:0')
0:00:29.716851 - model tco output tensor([[[-0.4586,  0.5155,  0.7239, -0.0138],
         [-0.7077, -0.7045,  0.0534,  0.0109],
         [ 0.5375, -0.4878,  0.6878,  0.2309],
         [ 0.0000,  0.0000,  0.0000,  1.0000]]], device='cuda:0',
       grad_fn=<CopySlices>)
0:00:29.753981 - Wrote debug data: /home/ubuntu/synthetic_pose_estimation/cosypose/local_data/debug_data/debug_iter=1.pth.tar
0:00:29.965434 - TCO_input tensor([[[ 1.0000,  0.0000,  0.0000, -0.0196],
         [ 0.0000,  1.0000,  0.0000,  0.0155],
         [ 0.0000,  0.0000,  1.0000,  0.3258],
         [ 0.0000,  0.0000,  0.0000,  1.0000]]], device='cuda:0')
0:00:29.966364 - vxvyvz tensor([[ 0.3480, -0.2264,  0.7088]], device='cuda:0',
       grad_fn=<SliceBackward0>)
0:00:29.967340 - dR tensor([[[-0.4586,  0.5155,  0.7239],
         [-0.7077, -0.7045,  0.0534],
         [ 0.5375, -0.4878,  0.6878]]], device='cuda:0',
       grad_fn=<StackBackward0>)
0:00:29.968202 - fxfy tensor([[1959.5050, 1959.5052]], device='cuda:0')
0:00:29.970650 - TCO_gt tensor([[[-0.7893,  0.4511,  0.4165, -0.0100],
         [-0.5688, -0.7927, -0.2192,  0.0062],
         [ 0.2313, -0.4099,  0.8823,  0.1920],
         [ 0.0000,  0.0000,  0.0000,  1.0000]]], device='cuda:0')
0:00:29.971555 - TCO pred_orn tensor([[[-0.4586,  0.5155,  0.7239, -0.0100],
         [-0.7077, -0.7045,  0.0534,  0.0062],
         [ 0.5375, -0.4878,  0.6878,  0.1920],
         [ 0.0000,  0.0000,  0.0000,  1.0000]]], device='cuda:0',
       grad_fn=<CopySlices>)
0:00:29.972458 - TCO pred_xy tensor([[[-0.7893,  0.4511,  0.4165, -0.0115],
         [-0.5688, -0.7927, -0.2192,  0.0091],
         [ 0.2313, -0.4099,  0.8823,  0.1920],
         [ 0.0000,  0.0000,  0.0000,  1.0000]]], device='cuda:0',
       grad_fn=<CopySlices>)
0:00:29.973382 - TCO pred_z tensor([[[-0.7893,  0.4511,  0.4165, -0.0100],
         [-0.5688, -0.7927, -0.2192,  0.0062],
         [ 0.2313, -0.4099,  0.8823,  0.2309],
         [ 0.0000,  0.0000,  0.0000,  1.0000]]], device='cuda:0',
       grad_fn=<CopySlices>)
0:00:29.974017 - loss orn tensor([0.0019], device='cuda:0', grad_fn=<MinBackward0>)
0:00:29.974643 - loss xy tensor([0.0015], device='cuda:0', grad_fn=<MinBackward0>)
0:00:29.975266 - loss z tensor([0.0130], device='cuda:0', grad_fn=<MinBackward0>)
  0%|                                        | 0/1 [00:00<?, ?it/s, loss=0.0163]100%|████████████████████████████████| 1/1 [00:00<00:00,  4.74it/s, loss=0.0163]100%|████████████████████████████████| 1/1 [00:00<00:00,  4.73it/s, loss=0.0163]
0:00:29.720248 - saving /home/ubuntu/synthetic_pose_estimation/cosypose/local_data/experiments/bracket_assembly_debug_nut_nosym_coarse_noaug--938962 31
  0%|                                                     | 0/1 [00:00<?, ?it/s]0:00:30.135111 - iteration 0
0:00:30.178214 - outputs, {'pose': tensor([[-0.4367, -0.6200,  0.4692,  0.3480, -0.1537, -0.3293,  0.3482, -0.2290,
          0.7046]], device='cuda:0', grad_fn=<AddmmBackward0>)}
0:00:30.179773 - model_outputs {'pose': tensor([[-0.4367, -0.6200,  0.4692,  0.3480, -0.1537, -0.3293,  0.3482, -0.2290,
          0.7046]], device='cuda:0', grad_fn=<AddmmBackward0>)}
0:00:30.180562 - K crop tensor([[[1.8340e+03, 0.0000e+00, 2.1806e+02],
         [0.0000e+00, 1.8340e+03, 7.1313e+01],
         [0.0000e+00, 0.0000e+00, 1.0000e+00]]], device='cuda:0')
0:00:30.181450 - TCO_input tensor([[[ 1.0000,  0.0000,  0.0000, -0.0097],
         [ 0.0000,  1.0000,  0.0000,  0.0080],
         [ 0.0000,  0.0000,  1.0000,  0.3027],
         [ 0.0000,  0.0000,  0.0000,  1.0000]]], device='cuda:0')
0:00:30.182384 - model tco output tensor([[[-0.4897,  0.5227,  0.6978, -0.0068],
         [-0.6953, -0.7171,  0.0493,  0.0056],
         [ 0.5262, -0.4610,  0.7146,  0.2133],
         [ 0.0000,  0.0000,  0.0000,  1.0000]]], device='cuda:0',
       grad_fn=<CopySlices>)
0:00:30.221153 - Wrote debug data: /home/ubuntu/synthetic_pose_estimation/cosypose/local_data/debug_data/debug_iter=1.pth.tar
0:00:30.430814 - TCO_input tensor([[[ 1.0000,  0.0000,  0.0000, -0.0097],
         [ 0.0000,  1.0000,  0.0000,  0.0080],
         [ 0.0000,  0.0000,  1.0000,  0.3027],
         [ 0.0000,  0.0000,  0.0000,  1.0000]]], device='cuda:0')
0:00:30.431848 - vxvyvz tensor([[ 0.3482, -0.2290,  0.7046]], device='cuda:0',
       grad_fn=<SliceBackward0>)
0:00:30.432864 - dR tensor([[[-0.4897,  0.5227,  0.6978],
         [-0.6953, -0.7171,  0.0493],
         [ 0.5262, -0.4610,  0.7146]]], device='cuda:0',
       grad_fn=<StackBackward0>)
0:00:30.433782 - fxfy tensor([[1833.9918, 1833.9919]], device='cuda:0')
0:00:30.436243 - TCO_gt tensor([[[-0.7893,  0.4511,  0.4165, -0.0100],
         [-0.5688, -0.7927, -0.2192,  0.0062],
         [ 0.2313, -0.4099,  0.8823,  0.1920],
         [ 0.0000,  0.0000,  0.0000,  1.0000]]], device='cuda:0')
0:00:30.437180 - TCO pred_orn tensor([[[-0.4897,  0.5227,  0.6978, -0.0100],
         [-0.6953, -0.7171,  0.0493,  0.0062],
         [ 0.5262, -0.4610,  0.7146,  0.1920],
         [ 0.0000,  0.0000,  0.0000,  1.0000]]], device='cuda:0',
       grad_fn=<CopySlices>)
0:00:30.438099 - TCO pred_xy tensor([[[-0.7893,  0.4511,  0.4165, -0.0061],
         [-0.5688, -0.7927, -0.2192,  0.0050],
         [ 0.2313, -0.4099,  0.8823,  0.1920],
         [ 0.0000,  0.0000,  0.0000,  1.0000]]], device='cuda:0',
       grad_fn=<CopySlices>)
0:00:30.439004 - TCO pred_z tensor([[[-0.7893,  0.4511,  0.4165, -0.0100],
         [-0.5688, -0.7927, -0.2192,  0.0062],
         [ 0.2313, -0.4099,  0.8823,  0.2133],
         [ 0.0000,  0.0000,  0.0000,  1.0000]]], device='cuda:0',
       grad_fn=<CopySlices>)
0:00:30.439641 - loss orn tensor([0.0017], device='cuda:0', grad_fn=<MinBackward0>)
0:00:30.440267 - loss xy tensor([0.0017], device='cuda:0', grad_fn=<MinBackward0>)
0:00:30.440892 - loss z tensor([0.0071], device='cuda:0', grad_fn=<MinBackward0>)
  0%|                                        | 0/1 [00:00<?, ?it/s, loss=0.0105]100%|████████████████████████████████| 1/1 [00:00<00:00,  4.68it/s, loss=0.0105]100%|████████████████████████████████| 1/1 [00:00<00:00,  4.67it/s, loss=0.0105]
0:00:30.198403 - saving /home/ubuntu/synthetic_pose_estimation/cosypose/local_data/experiments/bracket_assembly_debug_nut_nosym_coarse_noaug--938962 32
  0%|                                                     | 0/1 [00:00<?, ?it/s]0:00:30.613801 - iteration 0
0:00:30.658016 - outputs, {'pose': tensor([[-0.4694, -0.6155,  0.4605,  0.3561, -0.1600, -0.3269,  0.3377, -0.2348,
          0.6861]], device='cuda:0', grad_fn=<AddmmBackward0>)}
0:00:30.659647 - model_outputs {'pose': tensor([[-0.4694, -0.6155,  0.4605,  0.3561, -0.1600, -0.3269,  0.3377, -0.2348,
          0.6861]], device='cuda:0', grad_fn=<AddmmBackward0>)}
0:00:30.660493 - K crop tensor([[[1.9407e+03, 0.0000e+00, 2.7708e+02],
         [0.0000e+00, 1.9407e+03, 4.7173e+01],
         [0.0000e+00, 0.0000e+00, 1.0000e+00]]], device='cuda:0')
0:00:30.661423 - TCO_input tensor([[[ 1.0000,  0.0000,  0.0000, -0.0195],
         [ 0.0000,  1.0000,  0.0000,  0.0120],
         [ 0.0000,  0.0000,  1.0000,  0.3214],
         [ 0.0000,  0.0000,  0.0000,  1.0000]]], device='cuda:0')
0:00:30.663037 - model tco output tensor([[[-0.5211,  0.5126,  0.6824, -0.0133],
         [-0.6834, -0.7296,  0.0262,  0.0082],
         [ 0.5113, -0.4527,  0.7305,  0.2205],
         [ 0.0000,  0.0000,  0.0000,  1.0000]]], device='cuda:0',
       grad_fn=<CopySlices>)
0:00:30.700381 - Wrote debug data: /home/ubuntu/synthetic_pose_estimation/cosypose/local_data/debug_data/debug_iter=1.pth.tar
0:00:30.910686 - TCO_input tensor([[[ 1.0000,  0.0000,  0.0000, -0.0195],
         [ 0.0000,  1.0000,  0.0000,  0.0120],
         [ 0.0000,  0.0000,  1.0000,  0.3214],
         [ 0.0000,  0.0000,  0.0000,  1.0000]]], device='cuda:0')
0:00:30.911644 - vxvyvz tensor([[ 0.3377, -0.2348,  0.6861]], device='cuda:0',
       grad_fn=<SliceBackward0>)
0:00:30.912640 - dR tensor([[[-0.5211,  0.5126,  0.6824],
         [-0.6834, -0.7296,  0.0262],
         [ 0.5113, -0.4527,  0.7305]]], device='cuda:0',
       grad_fn=<StackBackward0>)
0:00:30.913558 - fxfy tensor([[1940.6571, 1940.6571]], device='cuda:0')
0:00:30.916023 - TCO_gt tensor([[[-0.7893,  0.4511,  0.4165, -0.0100],
         [-0.5688, -0.7927, -0.2192,  0.0062],
         [ 0.2313, -0.4099,  0.8823,  0.1920],
         [ 0.0000,  0.0000,  0.0000,  1.0000]]], device='cuda:0')
0:00:30.916941 - TCO pred_orn tensor([[[-0.5211,  0.5126,  0.6824, -0.0100],
         [-0.6834, -0.7296,  0.0262,  0.0062],
         [ 0.5113, -0.4527,  0.7305,  0.1920],
         [ 0.0000,  0.0000,  0.0000,  1.0000]]], device='cuda:0',
       grad_fn=<CopySlices>)
0:00:30.917862 - TCO pred_xy tensor([[[-0.7893,  0.4511,  0.4165, -0.0116],
         [-0.5688, -0.7927, -0.2192,  0.0071],
         [ 0.2313, -0.4099,  0.8823,  0.1920],
         [ 0.0000,  0.0000,  0.0000,  1.0000]]], device='cuda:0',
       grad_fn=<CopySlices>)
0:00:30.918766 - TCO pred_z tensor([[[-0.7893,  0.4511,  0.4165, -0.0100],
         [-0.5688, -0.7927, -0.2192,  0.0062],
         [ 0.2313, -0.4099,  0.8823,  0.2205],
         [ 0.0000,  0.0000,  0.0000,  1.0000]]], device='cuda:0',
       grad_fn=<CopySlices>)
0:00:30.919403 - loss orn tensor([0.0016], device='cuda:0', grad_fn=<MinBackward0>)
0:00:30.920029 - loss xy tensor([0.0008], device='cuda:0', grad_fn=<MinBackward0>)
0:00:30.920652 - loss z tensor([0.0095], device='cuda:0', grad_fn=<MinBackward0>)
  0%|                                        | 0/1 [00:00<?, ?it/s, loss=0.0119]100%|████████████████████████████████| 1/1 [00:00<00:00,  4.65it/s, loss=0.0119]100%|████████████████████████████████| 1/1 [00:00<00:00,  4.64it/s, loss=0.0119]
0:00:30.668486 - saving /home/ubuntu/synthetic_pose_estimation/cosypose/local_data/experiments/bracket_assembly_debug_nut_nosym_coarse_noaug--938962 33
  0%|                                                     | 0/1 [00:00<?, ?it/s]0:00:31.083645 - iteration 0
0:00:31.127751 - outputs, {'pose': tensor([[-0.5023, -0.6129,  0.4448,  0.3645, -0.1511, -0.3292,  0.3412, -0.2361,
          0.6773]], device='cuda:0', grad_fn=<AddmmBackward0>)}
0:00:31.129515 - model_outputs {'pose': tensor([[-0.5023, -0.6129,  0.4448,  0.3645, -0.1511, -0.3292,  0.3412, -0.2361,
          0.6773]], device='cuda:0', grad_fn=<AddmmBackward0>)}
0:00:31.130383 - K crop tensor([[[1.9824e+03, 0.0000e+00, 2.6686e+02],
         [0.0000e+00, 1.9824e+03, 6.9313e+01],
         [0.0000e+00, 0.0000e+00, 1.0000e+00]]], device='cuda:0')
0:00:31.131247 - TCO_input tensor([[[ 1.0000,  0.0000,  0.0000, -0.0177],
         [ 0.0000,  1.0000,  0.0000,  0.0083],
         [ 0.0000,  0.0000,  1.0000,  0.3266],
         [ 0.0000,  0.0000,  0.0000,  1.0000]]], device='cuda:0')
0:00:31.132759 - model tco output tensor([[[-0.5528,  0.4977,  0.6684, -0.0119],
         [-0.6744, -0.7383, -0.0080,  0.0056],
         [ 0.4895, -0.4552,  0.7437,  0.2212],
         [ 0.0000,  0.0000,  0.0000,  1.0000]]], device='cuda:0',
       grad_fn=<CopySlices>)
0:00:31.170349 - Wrote debug data: /home/ubuntu/synthetic_pose_estimation/cosypose/local_data/debug_data/debug_iter=1.pth.tar
0:00:31.381161 - TCO_input tensor([[[ 1.0000,  0.0000,  0.0000, -0.0177],
         [ 0.0000,  1.0000,  0.0000,  0.0083],
         [ 0.0000,  0.0000,  1.0000,  0.3266],
         [ 0.0000,  0.0000,  0.0000,  1.0000]]], device='cuda:0')
0:00:31.382200 - vxvyvz tensor([[ 0.3412, -0.2361,  0.6773]], device='cuda:0',
       grad_fn=<SliceBackward0>)
0:00:31.383208 - dR tensor([[[-0.5528,  0.4977,  0.6684],
         [-0.6744, -0.7383, -0.0080],
         [ 0.4895, -0.4552,  0.7437]]], device='cuda:0',
       grad_fn=<StackBackward0>)
0:00:31.384085 - fxfy tensor([[1982.3636, 1982.3638]], device='cuda:0')
0:00:31.386660 - TCO_gt tensor([[[-0.7893,  0.4511,  0.4165, -0.0100],
         [-0.5688, -0.7927, -0.2192,  0.0062],
         [ 0.2313, -0.4099,  0.8823,  0.1920],
         [ 0.0000,  0.0000,  0.0000,  1.0000]]], device='cuda:0')
0:00:31.387575 - TCO pred_orn tensor([[[-0.5528,  0.4977,  0.6684, -0.0100],
         [-0.6744, -0.7383, -0.0080,  0.0062],
         [ 0.4895, -0.4552,  0.7437,  0.1920],
         [ 0.0000,  0.0000,  0.0000,  1.0000]]], device='cuda:0',
       grad_fn=<CopySlices>)
0:00:31.388492 - TCO pred_xy tensor([[[-0.7893,  0.4511,  0.4165, -0.0104],
         [-0.5688, -0.7927, -0.2192,  0.0048],
         [ 0.2313, -0.4099,  0.8823,  0.1920],
         [ 0.0000,  0.0000,  0.0000,  1.0000]]], device='cuda:0',
       grad_fn=<CopySlices>)
0:00:31.389437 - TCO pred_z tensor([[[-0.7893,  0.4511,  0.4165, -0.0100],
         [-0.5688, -0.7927, -0.2192,  0.0062],
         [ 0.2313, -0.4099,  0.8823,  0.2212],
         [ 0.0000,  0.0000,  0.0000,  1.0000]]], device='cuda:0',
       grad_fn=<CopySlices>)
0:00:31.390086 - loss orn tensor([0.0014], device='cuda:0', grad_fn=<MinBackward0>)
0:00:31.390716 - loss xy tensor([0.0006], device='cuda:0', grad_fn=<MinBackward0>)
0:00:31.391342 - loss z tensor([0.0097], device='cuda:0', grad_fn=<MinBackward0>)
  0%|                                        | 0/1 [00:00<?, ?it/s, loss=0.0117]100%|████████████████████████████████| 1/1 [00:00<00:00,  4.62it/s, loss=0.0117]100%|████████████████████████████████| 1/1 [00:00<00:00,  4.61it/s, loss=0.0117]
0:00:31.139362 - saving /home/ubuntu/synthetic_pose_estimation/cosypose/local_data/experiments/bracket_assembly_debug_nut_nosym_coarse_noaug--938962 34
  0%|                                                     | 0/1 [00:00<?, ?it/s]0:00:31.554611 - iteration 0
0:00:31.598679 - outputs, {'pose': tensor([[-0.5250, -0.6011,  0.4321,  0.3667, -0.1506, -0.3312,  0.3422, -0.2361,
          0.6547]], device='cuda:0', grad_fn=<AddmmBackward0>)}
0:00:31.600320 - model_outputs {'pose': tensor([[-0.5250, -0.6011,  0.4321,  0.3667, -0.1506, -0.3312,  0.3422, -0.2361,
          0.6547]], device='cuda:0', grad_fn=<AddmmBackward0>)}
0:00:31.601121 - K crop tensor([[[1.5965e+03, 0.0000e+00, 2.7511e+02],
         [0.0000e+00, 1.5965e+03, 5.2319e+01],
         [0.0000e+00, 0.0000e+00, 1.0000e+00]]], device='cuda:0')
0:00:31.602020 - TCO_input tensor([[[ 1.0000,  0.0000,  0.0000, -0.0193],
         [ 0.0000,  1.0000,  0.0000,  0.0112],
         [ 0.0000,  0.0000,  1.0000,  0.2659],
         [ 0.0000,  0.0000,  0.0000,  1.0000]]], device='cuda:0')
0:00:31.603514 - model tco output tensor([[[-0.5784,  0.4780,  0.6610, -0.0126],
         [-0.6623, -0.7482, -0.0386,  0.0073],
         [ 0.4762, -0.4601,  0.7494,  0.1741],
         [ 0.0000,  0.0000,  0.0000,  1.0000]]], device='cuda:0',
       grad_fn=<CopySlices>)
0:00:31.643439 - Wrote debug data: /home/ubuntu/synthetic_pose_estimation/cosypose/local_data/debug_data/debug_iter=1.pth.tar
0:00:31.853906 - TCO_input tensor([[[ 1.0000,  0.0000,  0.0000, -0.0193],
         [ 0.0000,  1.0000,  0.0000,  0.0112],
         [ 0.0000,  0.0000,  1.0000,  0.2659],
         [ 0.0000,  0.0000,  0.0000,  1.0000]]], device='cuda:0')
0:00:31.854985 - vxvyvz tensor([[ 0.3422, -0.2361,  0.6547]], device='cuda:0',
       grad_fn=<SliceBackward0>)
0:00:31.856004 - dR tensor([[[-0.5784,  0.4780,  0.6610],
         [-0.6623, -0.7482, -0.0386],
         [ 0.4762, -0.4601,  0.7494]]], device='cuda:0',
       grad_fn=<StackBackward0>)
0:00:31.856876 - fxfy tensor([[1596.5110, 1596.5111]], device='cuda:0')
0:00:31.859419 - TCO_gt tensor([[[-0.7893,  0.4511,  0.4165, -0.0100],
         [-0.5688, -0.7927, -0.2192,  0.0062],
         [ 0.2313, -0.4099,  0.8823,  0.1920],
         [ 0.0000,  0.0000,  0.0000,  1.0000]]], device='cuda:0')
0:00:31.860344 - TCO pred_orn tensor([[[-0.5784,  0.4780,  0.6610, -0.0100],
         [-0.6623, -0.7482, -0.0386,  0.0062],
         [ 0.4762, -0.4601,  0.7494,  0.1920],
         [ 0.0000,  0.0000,  0.0000,  1.0000]]], device='cuda:0',
       grad_fn=<CopySlices>)
0:00:31.861308 - TCO pred_xy tensor([[[-0.7893,  0.4511,  0.4165, -0.0139],
         [-0.5688, -0.7927, -0.2192,  0.0080],
         [ 0.2313, -0.4099,  0.8823,  0.1920],
         [ 0.0000,  0.0000,  0.0000,  1.0000]]], device='cuda:0',
       grad_fn=<CopySlices>)
0:00:31.862213 - TCO pred_z tensor([[[-0.7893,  0.4511,  0.4165, -0.0100],
         [-0.5688, -0.7927, -0.2192,  0.0062],
         [ 0.2313, -0.4099,  0.8823,  0.1741],
         [ 0.0000,  0.0000,  0.0000,  1.0000]]], device='cuda:0',
       grad_fn=<CopySlices>)
0:00:31.865954 - loss orn tensor([0.0013], device='cuda:0', grad_fn=<MinBackward0>)
0:00:31.866589 - loss xy tensor([0.0019], device='cuda:0', grad_fn=<MinBackward0>)
0:00:31.867218 - loss z tensor([0.0060], device='cuda:0', grad_fn=<MinBackward0>)
  0%|                                       | 0/1 [00:00<?, ?it/s, loss=0.00917]100%|███████████████████████████████| 1/1 [00:00<00:00,  4.51it/s, loss=0.00917]100%|███████████████████████████████| 1/1 [00:00<00:00,  4.50it/s, loss=0.00917]
0:00:31.616794 - saving /home/ubuntu/synthetic_pose_estimation/cosypose/local_data/experiments/bracket_assembly_debug_nut_nosym_coarse_noaug--938962 35
  0%|                                                     | 0/1 [00:00<?, ?it/s]0:00:32.031997 - iteration 0
0:00:32.076423 - outputs, {'pose': tensor([[-0.5538, -0.6005,  0.4055,  0.3651, -0.1525, -0.3398,  0.3443, -0.2390,
          0.6381]], device='cuda:0', grad_fn=<AddmmBackward0>)}
0:00:32.078168 - model_outputs {'pose': tensor([[-0.5538, -0.6005,  0.4055,  0.3651, -0.1525, -0.3398,  0.3443, -0.2390,
          0.6381]], device='cuda:0', grad_fn=<AddmmBackward0>)}
0:00:32.078992 - K crop tensor([[[1.7603e+03, 0.0000e+00, 2.7514e+02],
         [0.0000e+00, 1.7603e+03, 3.9079e+00],
         [0.0000e+00, 0.0000e+00, 1.0000e+00]]], device='cuda:0')
0:00:32.079858 - TCO_input tensor([[[ 1.0000,  0.0000,  0.0000, -0.0194],
         [ 0.0000,  1.0000,  0.0000,  0.0194],
         [ 0.0000,  0.0000,  1.0000,  0.2954],
         [ 0.0000,  0.0000,  0.0000,  1.0000]]], device='cuda:0')
0:00:32.081365 - model tco output tensor([[[-0.6072,  0.4489,  0.6556, -0.0123],
         [-0.6585, -0.7461, -0.0991,  0.0124],
         [ 0.4446, -0.4918,  0.7486,  0.1885],
         [ 0.0000,  0.0000,  0.0000,  1.0000]]], device='cuda:0',
       grad_fn=<CopySlices>)
0:00:32.122257 - Wrote debug data: /home/ubuntu/synthetic_pose_estimation/cosypose/local_data/debug_data/debug_iter=1.pth.tar
0:00:32.333269 - TCO_input tensor([[[ 1.0000,  0.0000,  0.0000, -0.0194],
         [ 0.0000,  1.0000,  0.0000,  0.0194],
         [ 0.0000,  0.0000,  1.0000,  0.2954],
         [ 0.0000,  0.0000,  0.0000,  1.0000]]], device='cuda:0')
0:00:32.334292 - vxvyvz tensor([[ 0.3443, -0.2390,  0.6381]], device='cuda:0',
       grad_fn=<SliceBackward0>)
0:00:32.335298 - dR tensor([[[-0.6072,  0.4489,  0.6556],
         [-0.6585, -0.7461, -0.0991],
         [ 0.4446, -0.4918,  0.7486]]], device='cuda:0',
       grad_fn=<StackBackward0>)
0:00:32.336161 - fxfy tensor([[1760.2911, 1760.2915]], device='cuda:0')
0:00:32.338692 - TCO_gt tensor([[[-0.7893,  0.4511,  0.4165, -0.0100],
         [-0.5688, -0.7927, -0.2192,  0.0062],
         [ 0.2313, -0.4099,  0.8823,  0.1920],
         [ 0.0000,  0.0000,  0.0000,  1.0000]]], device='cuda:0')
0:00:32.339605 - TCO pred_orn tensor([[[-0.6072,  0.4489,  0.6556, -0.0100],
         [-0.6585, -0.7461, -0.0991,  0.0062],
         [ 0.4446, -0.4918,  0.7486,  0.1920],
         [ 0.0000,  0.0000,  0.0000,  1.0000]]], device='cuda:0',
       grad_fn=<CopySlices>)
0:00:32.340515 - TCO pred_xy tensor([[[-0.7893,  0.4511,  0.4165, -0.0126],
         [-0.5688, -0.7927, -0.2192,  0.0126],
         [ 0.2313, -0.4099,  0.8823,  0.1920],
         [ 0.0000,  0.0000,  0.0000,  1.0000]]], device='cuda:0',
       grad_fn=<CopySlices>)
0:00:32.341450 - TCO pred_z tensor([[[-0.7893,  0.4511,  0.4165, -0.0100],
         [-0.5688, -0.7927, -0.2192,  0.0062],
         [ 0.2313, -0.4099,  0.8823,  0.1885],
         [ 0.0000,  0.0000,  0.0000,  1.0000]]], device='cuda:0',
       grad_fn=<CopySlices>)
0:00:32.342086 - loss orn tensor([0.0012], device='cuda:0', grad_fn=<MinBackward0>)
0:00:32.342712 - loss xy tensor([0.0030], device='cuda:0', grad_fn=<MinBackward0>)
0:00:32.343334 - loss z tensor([0.0012], device='cuda:0', grad_fn=<MinBackward0>)
  0%|                                       | 0/1 [00:00<?, ?it/s, loss=0.00531]100%|███████████████████████████████| 1/1 [00:00<00:00,  4.56it/s, loss=0.00531]100%|███████████████████████████████| 1/1 [00:00<00:00,  4.55it/s, loss=0.00531]
0:00:32.097550 - saving /home/ubuntu/synthetic_pose_estimation/cosypose/local_data/experiments/bracket_assembly_debug_nut_nosym_coarse_noaug--938962 36
  0%|                                                     | 0/1 [00:00<?, ?it/s]0:00:32.512658 - iteration 0
0:00:32.556807 - outputs, {'pose': tensor([[-0.5874, -0.5911,  0.3938,  0.3719, -0.1506, -0.3408,  0.3562, -0.2456,
          0.6327]], device='cuda:0', grad_fn=<AddmmBackward0>)}
0:00:32.558537 - model_outputs {'pose': tensor([[-0.5874, -0.5911,  0.3938,  0.3719, -0.1506, -0.3408,  0.3562, -0.2456,
          0.6327]], device='cuda:0', grad_fn=<AddmmBackward0>)}
0:00:32.559340 - K crop tensor([[[1.6868e+03, 0.0000e+00, 1.9768e+02],
         [0.0000e+00, 1.6868e+03, 7.4025e+01],
         [0.0000e+00, 0.0000e+00, 1.0000e+00]]], device='cuda:0')
0:00:32.560192 - TCO_input tensor([[[ 1.0000,  0.0000,  0.0000, -0.0063],
         [ 0.0000,  1.0000,  0.0000,  0.0075],
         [ 0.0000,  0.0000,  1.0000,  0.2790],
         [ 0.0000,  0.0000,  0.0000,  1.0000]]], device='cuda:0')
0:00:32.561094 - model tco output tensor([[[-0.6373,  0.4290,  0.6402, -0.0040],
         [-0.6413, -0.7559, -0.1319,  0.0047],
         [ 0.4273, -0.4946,  0.7568,  0.1765],
         [ 0.0000,  0.0000,  0.0000,  1.0000]]], device='cuda:0',
       grad_fn=<CopySlices>)
0:00:32.600530 - Wrote debug data: /home/ubuntu/synthetic_pose_estimation/cosypose/local_data/debug_data/debug_iter=1.pth.tar
0:00:32.813658 - TCO_input tensor([[[ 1.0000,  0.0000,  0.0000, -0.0063],
         [ 0.0000,  1.0000,  0.0000,  0.0075],
         [ 0.0000,  0.0000,  1.0000,  0.2790],
         [ 0.0000,  0.0000,  0.0000,  1.0000]]], device='cuda:0')
0:00:32.814636 - vxvyvz tensor([[ 0.3562, -0.2456,  0.6327]], device='cuda:0',
       grad_fn=<SliceBackward0>)
0:00:32.815625 - dR tensor([[[-0.6373,  0.4290,  0.6402],
         [-0.6413, -0.7559, -0.1319],
         [ 0.4273, -0.4946,  0.7568]]], device='cuda:0',
       grad_fn=<StackBackward0>)
0:00:32.816485 - fxfy tensor([[1686.7549, 1686.7549]], device='cuda:0')
0:00:32.819015 - TCO_gt tensor([[[-0.7893,  0.4511,  0.4165, -0.0100],
         [-0.5688, -0.7927, -0.2192,  0.0062],
         [ 0.2313, -0.4099,  0.8823,  0.1920],
         [ 0.0000,  0.0000,  0.0000,  1.0000]]], device='cuda:0')
0:00:32.819931 - TCO pred_orn tensor([[[-0.6373,  0.4290,  0.6402, -0.0100],
         [-0.6413, -0.7559, -0.1319,  0.0062],
         [ 0.4273, -0.4946,  0.7568,  0.1920],
         [ 0.0000,  0.0000,  0.0000,  1.0000]]], device='cuda:0',
       grad_fn=<CopySlices>)
0:00:32.820837 - TCO pred_xy tensor([[[-0.7893,  0.4511,  0.4165, -0.0043],
         [-0.5688, -0.7927, -0.2192,  0.0051],
         [ 0.2313, -0.4099,  0.8823,  0.1920],
         [ 0.0000,  0.0000,  0.0000,  1.0000]]], device='cuda:0',
       grad_fn=<CopySlices>)
0:00:32.821773 - TCO pred_z tensor([[[-0.7893,  0.4511,  0.4165, -0.0100],
         [-0.5688, -0.7927, -0.2192,  0.0062],
         [ 0.2313, -0.4099,  0.8823,  0.1765],
         [ 0.0000,  0.0000,  0.0000,  1.0000]]], device='cuda:0',
       grad_fn=<CopySlices>)
0:00:32.822411 - loss orn tensor([0.0010], device='cuda:0', grad_fn=<MinBackward0>)
0:00:32.823036 - loss xy tensor([0.0022], device='cuda:0', grad_fn=<MinBackward0>)
0:00:32.823663 - loss z tensor([0.0052], device='cuda:0', grad_fn=<MinBackward0>)
  0%|                                       | 0/1 [00:00<?, ?it/s, loss=0.00842]100%|███████████████████████████████| 1/1 [00:00<00:00,  4.58it/s, loss=0.00842]100%|███████████████████████████████| 1/1 [00:00<00:00,  4.57it/s, loss=0.00842]
0:00:32.583064 - saving /home/ubuntu/synthetic_pose_estimation/cosypose/local_data/experiments/bracket_assembly_debug_nut_nosym_coarse_noaug--938962 37
  0%|                                                     | 0/1 [00:00<?, ?it/s]0:00:32.998096 - iteration 0
0:00:33.041563 - outputs, {'pose': tensor([[-0.6135, -0.5808,  0.3701,  0.3819, -0.1557, -0.3375,  0.3568, -0.2520,
          0.6295]], device='cuda:0', grad_fn=<AddmmBackward0>)}
0:00:33.043136 - model_outputs {'pose': tensor([[-0.6135, -0.5808,  0.3701,  0.3819, -0.1557, -0.3375,  0.3568, -0.2520,
          0.6295]], device='cuda:0', grad_fn=<AddmmBackward0>)}
0:00:33.043936 - K crop tensor([[[1.8758e+03, 0.0000e+00, 2.4546e+02],
         [0.0000e+00, 1.8758e+03, 3.4277e+01],
         [0.0000e+00, 0.0000e+00, 1.0000e+00]]], device='cuda:0')
0:00:33.044805 - TCO_input tensor([[[ 1.0000,  0.0000,  0.0000, -0.0143],
         [ 0.0000,  1.0000,  0.0000,  0.0142],
         [ 0.0000,  0.0000,  1.0000,  0.3119],
         [ 0.0000,  0.0000,  0.0000,  1.0000]]], device='cuda:0')
0:00:33.046077 - model tco output tensor([[[-0.6652,  0.4214,  0.6164, -0.0090],
         [-0.6297, -0.7602, -0.1598,  0.0089],
         [ 0.4012, -0.4944,  0.7711,  0.1963],
         [ 0.0000,  0.0000,  0.0000,  1.0000]]], device='cuda:0',
       grad_fn=<CopySlices>)
0:00:33.085109 - Wrote debug data: /home/ubuntu/synthetic_pose_estimation/cosypose/local_data/debug_data/debug_iter=1.pth.tar
0:00:33.297016 - TCO_input tensor([[[ 1.0000,  0.0000,  0.0000, -0.0143],
         [ 0.0000,  1.0000,  0.0000,  0.0142],
         [ 0.0000,  0.0000,  1.0000,  0.3119],
         [ 0.0000,  0.0000,  0.0000,  1.0000]]], device='cuda:0')
0:00:33.298131 - vxvyvz tensor([[ 0.3568, -0.2520,  0.6295]], device='cuda:0',
       grad_fn=<SliceBackward0>)
0:00:33.299158 - dR tensor([[[-0.6652,  0.4214,  0.6164],
         [-0.6297, -0.7602, -0.1598],
         [ 0.4012, -0.4944,  0.7711]]], device='cuda:0',
       grad_fn=<StackBackward0>)
0:00:33.300060 - fxfy tensor([[1875.8002, 1875.8002]], device='cuda:0')
0:00:33.302626 - TCO_gt tensor([[[-0.7893,  0.4511,  0.4165, -0.0100],
         [-0.5688, -0.7927, -0.2192,  0.0062],
         [ 0.2313, -0.4099,  0.8823,  0.1920],
         [ 0.0000,  0.0000,  0.0000,  1.0000]]], device='cuda:0')
0:00:33.303550 - TCO pred_orn tensor([[[-0.6652,  0.4214,  0.6164, -0.0100],
         [-0.6297, -0.7602, -0.1598,  0.0062],
         [ 0.4012, -0.4944,  0.7711,  0.1920],
         [ 0.0000,  0.0000,  0.0000,  1.0000]]], device='cuda:0',
       grad_fn=<CopySlices>)
0:00:33.304457 - TCO pred_xy tensor([[[-0.7893,  0.4511,  0.4165, -0.0088],
         [-0.5688, -0.7927, -0.2192,  0.0087],
         [ 0.2313, -0.4099,  0.8823,  0.1920],
         [ 0.0000,  0.0000,  0.0000,  1.0000]]], device='cuda:0',
       grad_fn=<CopySlices>)
0:00:33.305401 - TCO pred_z tensor([[[-0.7893,  0.4511,  0.4165, -0.0100],
         [-0.5688, -0.7927, -0.2192,  0.0062],
         [ 0.2313, -0.4099,  0.8823,  0.1963],
         [ 0.0000,  0.0000,  0.0000,  1.0000]]], device='cuda:0',
       grad_fn=<CopySlices>)
0:00:33.306049 - loss orn tensor([0.0009], device='cuda:0', grad_fn=<MinBackward0>)
0:00:33.306701 - loss xy tensor([0.0013], device='cuda:0', grad_fn=<MinBackward0>)
0:00:33.307330 - loss z tensor([0.0015], device='cuda:0', grad_fn=<MinBackward0>)
  0%|                                        | 0/1 [00:00<?, ?it/s, loss=0.0036]100%|████████████████████████████████| 1/1 [00:00<00:00,  4.61it/s, loss=0.0036]100%|████████████████████████████████| 1/1 [00:00<00:00,  4.60it/s, loss=0.0036]
0:00:33.051035 - saving /home/ubuntu/synthetic_pose_estimation/cosypose/local_data/experiments/bracket_assembly_debug_nut_nosym_coarse_noaug--938962 38
  0%|                                                     | 0/1 [00:00<?, ?it/s]0:00:33.466229 - iteration 0
0:00:33.511982 - outputs, {'pose': tensor([[-0.6411, -0.5658,  0.3486,  0.3936, -0.1527, -0.3156,  0.3607, -0.2591,
          0.6160]], device='cuda:0', grad_fn=<AddmmBackward0>)}
0:00:33.513651 - model_outputs {'pose': tensor([[-0.6411, -0.5658,  0.3486,  0.3936, -0.1527, -0.3156,  0.3607, -0.2591,
          0.6160]], device='cuda:0', grad_fn=<AddmmBackward0>)}
0:00:33.515096 - K crop tensor([[[ 1.7887e+03,  0.0000e+00,  2.9546e+02],
         [ 0.0000e+00,  1.7887e+03, -7.0439e+00],
         [ 0.0000e+00,  0.0000e+00,  1.0000e+00]]], device='cuda:0')
0:00:33.516092 - TCO_input tensor([[[ 1.0000,  0.0000,  0.0000, -0.0229],
         [ 0.0000,  1.0000,  0.0000,  0.0213],
         [ 0.0000,  0.0000,  1.0000,  0.3006],
         [ 0.0000,  0.0000,  0.0000,  1.0000]]], device='cuda:0')
0:00:33.517027 - model tco output tensor([[[-0.6943,  0.4287,  0.5781, -0.0140],
         [-0.6128, -0.7734, -0.1624,  0.0131],
         [ 0.3775, -0.4670,  0.7996,  0.1852],
         [ 0.0000,  0.0000,  0.0000,  1.0000]]], device='cuda:0',
       grad_fn=<CopySlices>)
0:00:33.559129 - Wrote debug data: /home/ubuntu/synthetic_pose_estimation/cosypose/local_data/debug_data/debug_iter=1.pth.tar
0:00:33.769222 - TCO_input tensor([[[ 1.0000,  0.0000,  0.0000, -0.0229],
         [ 0.0000,  1.0000,  0.0000,  0.0213],
         [ 0.0000,  0.0000,  1.0000,  0.3006],
         [ 0.0000,  0.0000,  0.0000,  1.0000]]], device='cuda:0')
0:00:33.770248 - vxvyvz tensor([[ 0.3607, -0.2591,  0.6160]], device='cuda:0',
       grad_fn=<SliceBackward0>)
0:00:33.771232 - dR tensor([[[-0.6943,  0.4287,  0.5781],
         [-0.6128, -0.7734, -0.1624],
         [ 0.3775, -0.4670,  0.7996]]], device='cuda:0',
       grad_fn=<StackBackward0>)
0:00:33.772088 - fxfy tensor([[1788.7095, 1788.7097]], device='cuda:0')
0:00:33.774596 - TCO_gt tensor([[[-0.7893,  0.4511,  0.4165, -0.0100],
         [-0.5688, -0.7927, -0.2192,  0.0062],
         [ 0.2313, -0.4099,  0.8823,  0.1920],
         [ 0.0000,  0.0000,  0.0000,  1.0000]]], device='cuda:0')
0:00:33.775508 - TCO pred_orn tensor([[[-0.6943,  0.4287,  0.5781, -0.0100],
         [-0.6128, -0.7734, -0.1624,  0.0062],
         [ 0.3775, -0.4670,  0.7996,  0.1920],
         [ 0.0000,  0.0000,  0.0000,  1.0000]]], device='cuda:0',
       grad_fn=<CopySlices>)
0:00:33.776409 - TCO pred_xy tensor([[[-0.7893,  0.4511,  0.4165, -0.0146],
         [-0.5688, -0.7927, -0.2192,  0.0136],
         [ 0.2313, -0.4099,  0.8823,  0.1920],
         [ 0.0000,  0.0000,  0.0000,  1.0000]]], device='cuda:0',
       grad_fn=<CopySlices>)
0:00:33.777344 - TCO pred_z tensor([[[-0.7893,  0.4511,  0.4165, -0.0100],
         [-0.5688, -0.7927, -0.2192,  0.0062],
         [ 0.2313, -0.4099,  0.8823,  0.1852],
         [ 0.0000,  0.0000,  0.0000,  1.0000]]], device='cuda:0',
       grad_fn=<CopySlices>)
0:00:33.777974 - loss orn tensor([0.0007], device='cuda:0', grad_fn=<MinBackward0>)
0:00:33.778601 - loss xy tensor([0.0040], device='cuda:0', grad_fn=<MinBackward0>)
0:00:33.779227 - loss z tensor([0.0023], device='cuda:0', grad_fn=<MinBackward0>)
  0%|                                       | 0/1 [00:00<?, ?it/s, loss=0.00694]100%|███████████████████████████████| 1/1 [00:00<00:00,  4.52it/s, loss=0.00694]100%|███████████████████████████████| 1/1 [00:00<00:00,  4.51it/s, loss=0.00694]
0:00:33.537402 - saving /home/ubuntu/synthetic_pose_estimation/cosypose/local_data/experiments/bracket_assembly_debug_nut_nosym_coarse_noaug--938962 39
  0%|                                                     | 0/1 [00:00<?, ?it/s]0:00:33.952477 - iteration 0
0:00:33.996154 - outputs, {'pose': tensor([[-0.6717, -0.5539,  0.3229,  0.4140, -0.1576, -0.2994,  0.3644, -0.2611,
          0.6182]], device='cuda:0', grad_fn=<AddmmBackward0>)}
0:00:33.997767 - model_outputs {'pose': tensor([[-0.6717, -0.5539,  0.3229,  0.4140, -0.1576, -0.2994,  0.3644, -0.2611,
          0.6182]], device='cuda:0', grad_fn=<AddmmBackward0>)}
0:00:33.998559 - K crop tensor([[[1.8740e+03, 0.0000e+00, 2.5800e+02],
         [0.0000e+00, 1.8740e+03, 3.4872e+01],
         [0.0000e+00, 0.0000e+00, 1.0000e+00]]], device='cuda:0')
0:00:33.999422 - TCO_input tensor([[[ 1.0000,  0.0000,  0.0000, -0.0164],
         [ 0.0000,  1.0000,  0.0000,  0.0141],
         [ 0.0000,  0.0000,  1.0000,  0.3116],
         [ 0.0000,  0.0000,  0.0000,  1.0000]]], device='cuda:0')
0:00:34.000881 - model tco output tensor([[[-0.7234,  0.4359,  0.5354, -0.0101],
         [-0.5965, -0.7851, -0.1667,  0.0087],
         [ 0.3477, -0.4400,  0.8280,  0.1926],
         [ 0.0000,  0.0000,  0.0000,  1.0000]]], device='cuda:0',
       grad_fn=<CopySlices>)
0:00:34.038781 - Wrote debug data: /home/ubuntu/synthetic_pose_estimation/cosypose/local_data/debug_data/debug_iter=1.pth.tar
0:00:34.248852 - TCO_input tensor([[[ 1.0000,  0.0000,  0.0000, -0.0164],
         [ 0.0000,  1.0000,  0.0000,  0.0141],
         [ 0.0000,  0.0000,  1.0000,  0.3116],
         [ 0.0000,  0.0000,  0.0000,  1.0000]]], device='cuda:0')
0:00:34.249815 - vxvyvz tensor([[ 0.3644, -0.2611,  0.6182]], device='cuda:0',
       grad_fn=<SliceBackward0>)
0:00:34.250788 - dR tensor([[[-0.7234,  0.4359,  0.5354],
         [-0.5965, -0.7851, -0.1667],
         [ 0.3477, -0.4400,  0.8280]]], device='cuda:0',
       grad_fn=<StackBackward0>)
0:00:34.251647 - fxfy tensor([[1874.0400, 1874.0405]], device='cuda:0')
0:00:34.254132 - TCO_gt tensor([[[-0.7893,  0.4511,  0.4165, -0.0100],
         [-0.5688, -0.7927, -0.2192,  0.0062],
         [ 0.2313, -0.4099,  0.8823,  0.1920],
         [ 0.0000,  0.0000,  0.0000,  1.0000]]], device='cuda:0')
0:00:34.255047 - TCO pred_orn tensor([[[-0.7234,  0.4359,  0.5354, -0.0100],
         [-0.5965, -0.7851, -0.1667,  0.0062],
         [ 0.3477, -0.4400,  0.8280,  0.1920],
         [ 0.0000,  0.0000,  0.0000,  1.0000]]], device='cuda:0',
       grad_fn=<CopySlices>)
0:00:34.255949 - TCO pred_xy tensor([[[-0.7893,  0.4511,  0.4165, -0.0101],
         [-0.5688, -0.7927, -0.2192,  0.0086],
         [ 0.2313, -0.4099,  0.8823,  0.1920],
         [ 0.0000,  0.0000,  0.0000,  1.0000]]], device='cuda:0',
       grad_fn=<CopySlices>)
0:00:34.256848 - TCO pred_z tensor([[[-0.7893,  0.4511,  0.4165, -0.0100],
         [-0.5688, -0.7927, -0.2192,  0.0062],
         [ 0.2313, -0.4099,  0.8823,  0.1926],
         [ 0.0000,  0.0000,  0.0000,  1.0000]]], device='cuda:0',
       grad_fn=<CopySlices>)
0:00:34.257515 - loss orn tensor([0.0005], device='cuda:0', grad_fn=<MinBackward0>)
0:00:34.258141 - loss xy tensor([0.0008], device='cuda:0', grad_fn=<MinBackward0>)
0:00:34.258763 - loss z tensor([0.0002], device='cuda:0', grad_fn=<MinBackward0>)
  0%|                                       | 0/1 [00:00<?, ?it/s, loss=0.00158]100%|███████████████████████████████| 1/1 [00:00<00:00,  4.69it/s, loss=0.00158]100%|███████████████████████████████| 1/1 [00:00<00:00,  4.68it/s, loss=0.00158]
  0%|                                                     | 0/1 [00:00<?, ?it/s]0:00:34.165886 - iteration 0
0:00:34.203049 - outputs, {'pose': tensor([[ 0.0001, -0.0034, -0.0161,  0.0236, -0.0045, -0.0189,  0.0017, -0.0150,
          0.0019]], device='cuda:0')}
0:00:34.204563 - model_outputs {'pose': tensor([[ 0.0001, -0.0034, -0.0161,  0.0236, -0.0045, -0.0189,  0.0017, -0.0150,
          0.0019]], device='cuda:0')}
0:00:34.205348 - K crop tensor([[[1.6046e+03, 0.0000e+00, 2.6613e+02],
         [0.0000e+00, 1.6046e+03, 4.6809e+01],
         [0.0000e+00, 0.0000e+00, 1.0000e+00]]], device='cuda:0')
0:00:34.206228 - TCO_input tensor([[[ 1.0000,  0.0000,  0.0000, -0.0178],
         [ 0.0000,  1.0000,  0.0000,  0.0121],
         [ 0.0000,  0.0000,  1.0000,  0.2676],
         [ 0.0000,  0.0000,  0.0000,  1.0000]]], device='cuda:0')
0:00:34.207108 - model tco output tensor([[[ 6.2903e-03,  9.9981e-01, -1.8505e-02, -3.3704e-05],
         [-2.0807e-01, -1.6791e-02, -9.7797e-01,  2.2973e-05],
         [-9.7809e-01,  1.0002e-02,  2.0792e-01,  5.0721e-04],
         [ 0.0000e+00,  0.0000e+00,  0.0000e+00,  1.0000e+00]]],
       device='cuda:0')
0:00:34.247022 - Wrote debug data: /home/ubuntu/synthetic_pose_estimation/cosypose/local_data/debug_data/debug_iter=1.pth.tar
0:00:34.458945 - TCO_input tensor([[[ 1.0000,  0.0000,  0.0000, -0.0178],
         [ 0.0000,  1.0000,  0.0000,  0.0121],
         [ 0.0000,  0.0000,  1.0000,  0.2676],
         [ 0.0000,  0.0000,  0.0000,  1.0000]]], device='cuda:0')
0:00:34.459935 - vxvyvz tensor([[ 0.0017, -0.0150,  0.0019]], device='cuda:0')
0:00:34.460937 - dR tensor([[[ 0.0063,  0.9998, -0.0185],
         [-0.2081, -0.0168, -0.9780],
         [-0.9781,  0.0100,  0.2079]]], device='cuda:0')
0:00:34.461838 - fxfy tensor([[1604.5743, 1604.5742]], device='cuda:0')
0:00:34.464115 - TCO_gt tensor([[[-0.7893,  0.4511,  0.4165, -0.0100],
         [-0.5688, -0.7927, -0.2192,  0.0062],
         [ 0.2313, -0.4099,  0.8823,  0.1920],
         [ 0.0000,  0.0000,  0.0000,  1.0000]]], device='cuda:0')
0:00:34.465034 - TCO pred_orn tensor([[[ 0.0063,  0.9998, -0.0185, -0.0100],
         [-0.2081, -0.0168, -0.9780,  0.0062],
         [-0.9781,  0.0100,  0.2079,  0.1920],
         [ 0.0000,  0.0000,  0.0000,  1.0000]]], device='cuda:0')
0:00:34.465950 - TCO pred_xy tensor([[[-0.7893,  0.4511,  0.4165, -0.0128],
         [-0.5688, -0.7927, -0.2192,  0.0087],
         [ 0.2313, -0.4099,  0.8823,  0.1920],
         [ 0.0000,  0.0000,  0.0000,  1.0000]]], device='cuda:0')
0:00:34.466825 - TCO pred_z tensor([[[-7.8929e-01,  4.5115e-01,  4.1651e-01, -1.0004e-02],
         [-5.6879e-01, -7.9274e-01, -2.1920e-01,  6.1788e-03],
         [ 2.3129e-01, -4.0992e-01,  8.8231e-01,  5.0721e-04],
         [ 0.0000e+00,  0.0000e+00,  0.0000e+00,  1.0000e+00]]],
       device='cuda:0')
0:00:34.467457 - loss orn tensor([0.0066], device='cuda:0')
0:00:34.468083 - loss xy tensor([0.0018], device='cuda:0')
0:00:34.468708 - loss z tensor([0.0638], device='cuda:0')
100%|█████████████████████████████████████████████| 1/1 [00:00<00:00,  8.21it/s]100%|█████████████████████████████████████████████| 1/1 [00:00<00:00,  8.19it/s]
0:00:34.155096 - saving /home/ubuntu/synthetic_pose_estimation/cosypose/local_data/experiments/bracket_assembly_debug_nut_nosym_coarse_noaug--938962 40
  0%|                                                     | 0/1 [00:00<?, ?it/s]0:00:34.566721 - iteration 0
0:00:34.610514 - outputs, {'pose': tensor([[-0.6901, -0.5331,  0.3041,  0.4336, -0.1599, -0.2736,  0.3639, -0.2766,
          0.6175]], device='cuda:0', grad_fn=<AddmmBackward0>)}
0:00:34.612099 - model_outputs {'pose': tensor([[-0.6901, -0.5331,  0.3041,  0.4336, -0.1599, -0.2736,  0.3639, -0.2766,
          0.6175]], device='cuda:0', grad_fn=<AddmmBackward0>)}
0:00:34.612879 - K crop tensor([[[1.8785e+03, 0.0000e+00, 2.5130e+02],
         [0.0000e+00, 1.8785e+03, 5.3119e+01],
         [0.0000e+00, 0.0000e+00, 1.0000e+00]]], device='cuda:0')
0:00:34.613775 - TCO_input tensor([[[ 1.0000,  0.0000,  0.0000, -0.0152],
         [ 0.0000,  1.0000,  0.0000,  0.0110],
         [ 0.0000,  0.0000,  1.0000,  0.3111],
         [ 0.0000,  0.0000,  0.0000,  1.0000]]], device='cuda:0')
0:00:34.614688 - model tco output tensor([[[-0.7472,  0.4492,  0.4898, -0.0093],
         [-0.5772, -0.8039, -0.1433,  0.0068],
         [ 0.3293, -0.3898,  0.8600,  0.1921],
         [ 0.0000,  0.0000,  0.0000,  1.0000]]], device='cuda:0',
       grad_fn=<CopySlices>)
0:00:34.652289 - Wrote debug data: /home/ubuntu/synthetic_pose_estimation/cosypose/local_data/debug_data/debug_iter=1.pth.tar
0:00:34.863671 - TCO_input tensor([[[ 1.0000,  0.0000,  0.0000, -0.0152],
         [ 0.0000,  1.0000,  0.0000,  0.0110],
         [ 0.0000,  0.0000,  1.0000,  0.3111],
         [ 0.0000,  0.0000,  0.0000,  1.0000]]], device='cuda:0')
0:00:34.864661 - vxvyvz tensor([[ 0.3639, -0.2766,  0.6175]], device='cuda:0',
       grad_fn=<SliceBackward0>)
0:00:34.865750 - dR tensor([[[-0.7472,  0.4492,  0.4898],
         [-0.5772, -0.8039, -0.1433],
         [ 0.3293, -0.3898,  0.8600]]], device='cuda:0',
       grad_fn=<StackBackward0>)
0:00:34.866621 - fxfy tensor([[1878.4952, 1878.4952]], device='cuda:0')
0:00:34.869088 - TCO_gt tensor([[[-0.7893,  0.4511,  0.4165, -0.0100],
         [-0.5688, -0.7927, -0.2192,  0.0062],
         [ 0.2313, -0.4099,  0.8823,  0.1920],
         [ 0.0000,  0.0000,  0.0000,  1.0000]]], device='cuda:0')
0:00:34.870012 - TCO pred_orn tensor([[[-0.7472,  0.4492,  0.4898, -0.0100],
         [-0.5772, -0.8039, -0.1433,  0.0062],
         [ 0.3293, -0.3898,  0.8600,  0.1920],
         [ 0.0000,  0.0000,  0.0000,  1.0000]]], device='cuda:0',
       grad_fn=<CopySlices>)
0:00:34.870915 - TCO pred_xy tensor([[[-0.7893,  0.4511,  0.4165, -0.0093],
         [-0.5688, -0.7927, -0.2192,  0.0068],
         [ 0.2313, -0.4099,  0.8823,  0.1920],
         [ 0.0000,  0.0000,  0.0000,  1.0000]]], device='cuda:0',
       grad_fn=<CopySlices>)
0:00:34.871807 - TCO pred_z tensor([[[-0.7893,  0.4511,  0.4165, -0.0100],
         [-0.5688, -0.7927, -0.2192,  0.0062],
         [ 0.2313, -0.4099,  0.8823,  0.1921],
         [ 0.0000,  0.0000,  0.0000,  1.0000]]], device='cuda:0',
       grad_fn=<CopySlices>)
0:00:34.872439 - loss orn tensor([0.0004], device='cuda:0', grad_fn=<MinBackward0>)
0:00:34.873085 - loss xy tensor([0.0004], device='cuda:0', grad_fn=<MinBackward0>)
0:00:34.873741 - loss z tensor([3.4764e-05], device='cuda:0', grad_fn=<MinBackward0>)
  0%|                                      | 0/1 [00:00<?, ?it/s, loss=0.000876]100%|██████████████████████████████| 1/1 [00:00<00:00,  4.74it/s, loss=0.000876]100%|██████████████████████████████| 1/1 [00:00<00:00,  4.73it/s, loss=0.000876]
0:00:34.632887 - saving /home/ubuntu/synthetic_pose_estimation/cosypose/local_data/experiments/bracket_assembly_debug_nut_nosym_coarse_noaug--938962 41
  0%|                                                     | 0/1 [00:00<?, ?it/s]0:00:35.047941 - iteration 0
0:00:35.091497 - outputs, {'pose': tensor([[-0.7234, -0.5260,  0.2809,  0.4421, -0.1640, -0.2682,  0.3661, -0.2871,
          0.6108]], device='cuda:0', grad_fn=<AddmmBackward0>)}
0:00:35.093081 - model_outputs {'pose': tensor([[-0.7234, -0.5260,  0.2809,  0.4421, -0.1640, -0.2682,  0.3661, -0.2871,
          0.6108]], device='cuda:0', grad_fn=<AddmmBackward0>)}
0:00:35.093889 - K crop tensor([[[1.5280e+03, 0.0000e+00, 2.9824e+02],
         [0.0000e+00, 1.5280e+03, 8.9487e+01],
         [0.0000e+00, 0.0000e+00, 1.0000e+00]]], device='cuda:0')
0:00:35.094755 - TCO_input tensor([[[ 1.0000,  0.0000,  0.0000, -0.0229],
         [ 0.0000,  1.0000,  0.0000,  0.0050],
         [ 0.0000,  0.0000,  1.0000,  0.2525],
         [ 0.0000,  0.0000,  0.0000,  1.0000]]], device='cuda:0')
0:00:35.095659 - model tco output tensor([[[-0.7716,  0.4359,  0.4632, -0.0140],
         [-0.5611, -0.8095, -0.1729,  0.0030],
         [ 0.2996, -0.3933,  0.8692,  0.1542],
         [ 0.0000,  0.0000,  0.0000,  1.0000]]], device='cuda:0',
       grad_fn=<CopySlices>)
0:00:35.134287 - Wrote debug data: /home/ubuntu/synthetic_pose_estimation/cosypose/local_data/debug_data/debug_iter=1.pth.tar
0:00:35.345311 - TCO_input tensor([[[ 1.0000,  0.0000,  0.0000, -0.0229],
         [ 0.0000,  1.0000,  0.0000,  0.0050],
         [ 0.0000,  0.0000,  1.0000,  0.2525],
         [ 0.0000,  0.0000,  0.0000,  1.0000]]], device='cuda:0')
0:00:35.346237 - vxvyvz tensor([[ 0.3661, -0.2871,  0.6108]], device='cuda:0',
       grad_fn=<SliceBackward0>)
0:00:35.347211 - dR tensor([[[-0.7716,  0.4359,  0.4632],
         [-0.5611, -0.8095, -0.1729],
         [ 0.2996, -0.3933,  0.8692]]], device='cuda:0',
       grad_fn=<StackBackward0>)
0:00:35.348074 - fxfy tensor([[1528.0002, 1528.0005]], device='cuda:0')
0:00:35.350564 - TCO_gt tensor([[[-0.7893,  0.4511,  0.4165, -0.0100],
         [-0.5688, -0.7927, -0.2192,  0.0062],
         [ 0.2313, -0.4099,  0.8823,  0.1920],
         [ 0.0000,  0.0000,  0.0000,  1.0000]]], device='cuda:0')
0:00:35.351474 - TCO pred_orn tensor([[[-0.7716,  0.4359,  0.4632, -0.0100],
         [-0.5611, -0.8095, -0.1729,  0.0062],
         [ 0.2996, -0.3933,  0.8692,  0.1920],
         [ 0.0000,  0.0000,  0.0000,  1.0000]]], device='cuda:0',
       grad_fn=<CopySlices>)
0:00:35.352385 - TCO pred_xy tensor([[[-0.7893,  0.4511,  0.4165, -0.0174],
         [-0.5688, -0.7927, -0.2192,  0.0037],
         [ 0.2313, -0.4099,  0.8823,  0.1920],
         [ 0.0000,  0.0000,  0.0000,  1.0000]]], device='cuda:0',
       grad_fn=<CopySlices>)
0:00:35.353330 - TCO pred_z tensor([[[-0.7893,  0.4511,  0.4165, -0.0100],
         [-0.5688, -0.7927, -0.2192,  0.0062],
         [ 0.2313, -0.4099,  0.8823,  0.1542],
         [ 0.0000,  0.0000,  0.0000,  1.0000]]], device='cuda:0',
       grad_fn=<CopySlices>)
0:00:35.353971 - loss orn tensor([0.0003], device='cuda:0', grad_fn=<MinBackward0>)
0:00:35.354599 - loss xy tensor([0.0033], device='cuda:0', grad_fn=<MinBackward0>)
0:00:35.355222 - loss z tensor([0.0126], device='cuda:0', grad_fn=<MinBackward0>)
  0%|                                        | 0/1 [00:00<?, ?it/s, loss=0.0161]100%|████████████████████████████████| 1/1 [00:00<00:00,  4.67it/s, loss=0.0161]100%|████████████████████████████████| 1/1 [00:00<00:00,  4.66it/s, loss=0.0161]
0:00:35.101706 - saving /home/ubuntu/synthetic_pose_estimation/cosypose/local_data/experiments/bracket_assembly_debug_nut_nosym_coarse_noaug--938962 42
  0%|                                                     | 0/1 [00:00<?, ?it/s]0:00:35.516788 - iteration 0
0:00:35.560804 - outputs, {'pose': tensor([[-0.7436, -0.5083,  0.2516,  0.4484, -0.1660, -0.2632,  0.3758, -0.2952,
          0.6027]], device='cuda:0', grad_fn=<AddmmBackward0>)}
0:00:35.562495 - model_outputs {'pose': tensor([[-0.7436, -0.5083,  0.2516,  0.4484, -0.1660, -0.2632,  0.3758, -0.2952,
          0.6027]], device='cuda:0', grad_fn=<AddmmBackward0>)}
0:00:35.563288 - K crop tensor([[[1.9901e+03, 0.0000e+00, 2.9584e+02],
         [0.0000e+00, 1.9901e+03, 4.6343e+01],
         [0.0000e+00, 0.0000e+00, 1.0000e+00]]], device='cuda:0')
0:00:35.564140 - TCO_input tensor([[[ 1.0000,  0.0000,  0.0000, -0.0226],
         [ 0.0000,  1.0000,  0.0000,  0.0121],
         [ 0.0000,  0.0000,  1.0000,  0.3294],
         [ 0.0000,  0.0000,  0.0000,  1.0000]]], device='cuda:0')
0:00:35.566004 - model tco output tensor([[[-0.7951,  0.4202,  0.4373, -0.0136],
         [-0.5436, -0.8136, -0.2065,  0.0073],
         [ 0.2690, -0.4019,  0.8753,  0.1985],
         [ 0.0000,  0.0000,  0.0000,  1.0000]]], device='cuda:0',
       grad_fn=<CopySlices>)
0:00:35.603890 - Wrote debug data: /home/ubuntu/synthetic_pose_estimation/cosypose/local_data/debug_data/debug_iter=1.pth.tar
0:00:35.814860 - TCO_input tensor([[[ 1.0000,  0.0000,  0.0000, -0.0226],
         [ 0.0000,  1.0000,  0.0000,  0.0121],
         [ 0.0000,  0.0000,  1.0000,  0.3294],
         [ 0.0000,  0.0000,  0.0000,  1.0000]]], device='cuda:0')
0:00:35.815830 - vxvyvz tensor([[ 0.3758, -0.2952,  0.6027]], device='cuda:0',
       grad_fn=<SliceBackward0>)
0:00:35.816823 - dR tensor([[[-0.7951,  0.4202,  0.4373],
         [-0.5436, -0.8136, -0.2065],
         [ 0.2690, -0.4019,  0.8753]]], device='cuda:0',
       grad_fn=<StackBackward0>)
0:00:35.817739 - fxfy tensor([[1990.1022, 1990.1023]], device='cuda:0')
0:00:35.820208 - TCO_gt tensor([[[-0.7893,  0.4511,  0.4165, -0.0100],
         [-0.5688, -0.7927, -0.2192,  0.0062],
         [ 0.2313, -0.4099,  0.8823,  0.1920],
         [ 0.0000,  0.0000,  0.0000,  1.0000]]], device='cuda:0')
0:00:35.821137 - TCO pred_orn tensor([[[-0.7951,  0.4202,  0.4373, -0.0100],
         [-0.5436, -0.8136, -0.2065,  0.0062],
         [ 0.2690, -0.4019,  0.8753,  0.1920],
         [ 0.0000,  0.0000,  0.0000,  1.0000]]], device='cuda:0',
       grad_fn=<CopySlices>)
0:00:35.822054 - TCO pred_xy tensor([[[-0.7893,  0.4511,  0.4165, -0.0131],
         [-0.5688, -0.7927, -0.2192,  0.0070],
         [ 0.2313, -0.4099,  0.8823,  0.1920],
         [ 0.0000,  0.0000,  0.0000,  1.0000]]], device='cuda:0',
       grad_fn=<CopySlices>)
0:00:35.822949 - TCO pred_z tensor([[[-0.7893,  0.4511,  0.4165, -0.0100],
         [-0.5688, -0.7927, -0.2192,  0.0062],
         [ 0.2313, -0.4099,  0.8823,  0.1985],
         [ 0.0000,  0.0000,  0.0000,  1.0000]]], device='cuda:0',
       grad_fn=<CopySlices>)
0:00:35.823588 - loss orn tensor([0.0002], device='cuda:0', grad_fn=<MinBackward0>)
0:00:35.824216 - loss xy tensor([0.0013], device='cuda:0', grad_fn=<MinBackward0>)
0:00:35.824852 - loss z tensor([0.0022], device='cuda:0', grad_fn=<MinBackward0>)
  0%|                                       | 0/1 [00:00<?, ?it/s, loss=0.00372]100%|███████████████████████████████| 1/1 [00:00<00:00,  4.66it/s, loss=0.00372]100%|███████████████████████████████| 1/1 [00:00<00:00,  4.65it/s, loss=0.00372]
0:00:35.586128 - saving /home/ubuntu/synthetic_pose_estimation/cosypose/local_data/experiments/bracket_assembly_debug_nut_nosym_coarse_noaug--938962 43
  0%|                                                     | 0/1 [00:00<?, ?it/s]0:00:36.001342 - iteration 0
0:00:36.044950 - outputs, {'pose': tensor([[-0.7627, -0.5047,  0.2182,  0.4572, -0.1591, -0.2639,  0.3731, -0.3013,
          0.5966]], device='cuda:0', grad_fn=<AddmmBackward0>)}
0:00:36.046576 - model_outputs {'pose': tensor([[-0.7627, -0.5047,  0.2182,  0.4572, -0.1591, -0.2639,  0.3731, -0.3013,
          0.5966]], device='cuda:0', grad_fn=<AddmmBackward0>)}
0:00:36.047390 - K crop tensor([[[1.7119e+03, 0.0000e+00, 2.1416e+02],
         [0.0000e+00, 1.7119e+03, 3.8315e+01],
         [0.0000e+00, 0.0000e+00, 1.0000e+00]]], device='cuda:0')
0:00:36.048252 - TCO_input tensor([[[ 1.0000,  0.0000,  0.0000, -0.0091],
         [ 0.0000,  1.0000,  0.0000,  0.0135],
         [ 0.0000,  0.0000,  1.0000,  0.2853],
         [ 0.0000,  0.0000,  0.0000,  1.0000]]], device='cuda:0')
0:00:36.049775 - model tco output tensor([[[-0.8112,  0.4105,  0.4166, -0.0054],
         [-0.5368, -0.8052, -0.2519,  0.0080],
         [ 0.2320, -0.4279,  0.8735,  0.1702],
         [ 0.0000,  0.0000,  0.0000,  1.0000]]], device='cuda:0',
       grad_fn=<CopySlices>)
0:00:36.089425 - Wrote debug data: /home/ubuntu/synthetic_pose_estimation/cosypose/local_data/debug_data/debug_iter=1.pth.tar
0:00:36.300792 - TCO_input tensor([[[ 1.0000,  0.0000,  0.0000, -0.0091],
         [ 0.0000,  1.0000,  0.0000,  0.0135],
         [ 0.0000,  0.0000,  1.0000,  0.2853],
         [ 0.0000,  0.0000,  0.0000,  1.0000]]], device='cuda:0')
0:00:36.301868 - vxvyvz tensor([[ 0.3731, -0.3013,  0.5966]], device='cuda:0',
       grad_fn=<SliceBackward0>)
0:00:36.302881 - dR tensor([[[-0.8112,  0.4105,  0.4166],
         [-0.5368, -0.8052, -0.2519],
         [ 0.2320, -0.4279,  0.8735]]], device='cuda:0',
       grad_fn=<StackBackward0>)
0:00:36.303767 - fxfy tensor([[1711.9299, 1711.9301]], device='cuda:0')
0:00:36.306303 - TCO_gt tensor([[[-0.7893,  0.4511,  0.4165, -0.0100],
         [-0.5688, -0.7927, -0.2192,  0.0062],
         [ 0.2313, -0.4099,  0.8823,  0.1920],
         [ 0.0000,  0.0000,  0.0000,  1.0000]]], device='cuda:0')
0:00:36.307233 - TCO pred_orn tensor([[[-0.8112,  0.4105,  0.4166, -0.0100],
         [-0.5368, -0.8052, -0.2519,  0.0062],
         [ 0.2320, -0.4279,  0.8735,  0.1920],
         [ 0.0000,  0.0000,  0.0000,  1.0000]]], device='cuda:0',
       grad_fn=<CopySlices>)
0:00:36.308146 - TCO pred_xy tensor([[[-0.7893,  0.4511,  0.4165, -0.0061],
         [-0.5688, -0.7927, -0.2192,  0.0091],
         [ 0.2313, -0.4099,  0.8823,  0.1920],
         [ 0.0000,  0.0000,  0.0000,  1.0000]]], device='cuda:0',
       grad_fn=<CopySlices>)
0:00:36.309060 - TCO pred_z tensor([[[-0.7893,  0.4511,  0.4165, -0.0100],
         [-0.5688, -0.7927, -0.2192,  0.0062],
         [ 0.2313, -0.4099,  0.8823,  0.1702],
         [ 0.0000,  0.0000,  0.0000,  1.0000]]], device='cuda:0',
       grad_fn=<CopySlices>)
0:00:36.309737 - loss orn tensor([0.0002], device='cuda:0', grad_fn=<MinBackward0>)
0:00:36.310368 - loss xy tensor([0.0023], device='cuda:0', grad_fn=<MinBackward0>)
0:00:36.310998 - loss z tensor([0.0072], device='cuda:0', grad_fn=<MinBackward0>)
  0%|                                       | 0/1 [00:00<?, ?it/s, loss=0.00971]100%|███████████████████████████████| 1/1 [00:00<00:00,  4.58it/s, loss=0.00971]100%|███████████████████████████████| 1/1 [00:00<00:00,  4.57it/s, loss=0.00971]
0:00:36.065980 - saving /home/ubuntu/synthetic_pose_estimation/cosypose/local_data/experiments/bracket_assembly_debug_nut_nosym_coarse_noaug--938962 44
  0%|                                                     | 0/1 [00:00<?, ?it/s]0:00:36.481064 - iteration 0
0:00:36.528575 - outputs, {'pose': tensor([[-0.7820, -0.5115,  0.1955,  0.4629, -0.1670, -0.2485,  0.3861, -0.3181,
          0.5954]], device='cuda:0', grad_fn=<AddmmBackward0>)}
0:00:36.530205 - model_outputs {'pose': tensor([[-0.7820, -0.5115,  0.1955,  0.4629, -0.1670, -0.2485,  0.3861, -0.3181,
          0.5954]], device='cuda:0', grad_fn=<AddmmBackward0>)}
0:00:36.530988 - K crop tensor([[[1.6881e+03, 0.0000e+00, 2.3858e+02],
         [0.0000e+00, 1.6881e+03, 5.8593e+01],
         [0.0000e+00, 0.0000e+00, 1.0000e+00]]], device='cuda:0')
0:00:36.532445 - TCO_input tensor([[[ 1.0000,  0.0000,  0.0000, -0.0131],
         [ 0.0000,  1.0000,  0.0000,  0.0101],
         [ 0.0000,  0.0000,  1.0000,  0.2802],
         [ 0.0000,  0.0000,  0.0000,  1.0000]]], device='cuda:0')
0:00:36.533443 - model tco output tensor([[[-0.8191,  0.4242,  0.3861, -0.0078],
         [-0.5358, -0.8062, -0.2509,  0.0060],
         [ 0.2048, -0.4124,  0.8877,  0.1668],
         [ 0.0000,  0.0000,  0.0000,  1.0000]]], device='cuda:0',
       grad_fn=<CopySlices>)
0:00:36.572997 - Wrote debug data: /home/ubuntu/synthetic_pose_estimation/cosypose/local_data/debug_data/debug_iter=1.pth.tar
0:00:36.782406 - TCO_input tensor([[[ 1.0000,  0.0000,  0.0000, -0.0131],
         [ 0.0000,  1.0000,  0.0000,  0.0101],
         [ 0.0000,  0.0000,  1.0000,  0.2802],
         [ 0.0000,  0.0000,  0.0000,  1.0000]]], device='cuda:0')
0:00:36.783439 - vxvyvz tensor([[ 0.3861, -0.3181,  0.5954]], device='cuda:0',
       grad_fn=<SliceBackward0>)
0:00:36.784446 - dR tensor([[[-0.8191,  0.4242,  0.3861],
         [-0.5358, -0.8062, -0.2509],
         [ 0.2048, -0.4124,  0.8877]]], device='cuda:0',
       grad_fn=<StackBackward0>)
0:00:36.785354 - fxfy tensor([[1688.0613, 1688.0612]], device='cuda:0')
0:00:36.787875 - TCO_gt tensor([[[-0.7893,  0.4511,  0.4165, -0.0100],
         [-0.5688, -0.7927, -0.2192,  0.0062],
         [ 0.2313, -0.4099,  0.8823,  0.1920],
         [ 0.0000,  0.0000,  0.0000,  1.0000]]], device='cuda:0')
0:00:36.788800 - TCO pred_orn tensor([[[-0.8191,  0.4242,  0.3861, -0.0100],
         [-0.5358, -0.8062, -0.2509,  0.0062],
         [ 0.2048, -0.4124,  0.8877,  0.1920],
         [ 0.0000,  0.0000,  0.0000,  1.0000]]], device='cuda:0',
       grad_fn=<CopySlices>)
0:00:36.789788 - TCO pred_xy tensor([[[-0.7893,  0.4511,  0.4165, -0.0089],
         [-0.5688, -0.7927, -0.2192,  0.0069],
         [ 0.2313, -0.4099,  0.8823,  0.1920],
         [ 0.0000,  0.0000,  0.0000,  1.0000]]], device='cuda:0',
       grad_fn=<CopySlices>)
0:00:36.790687 - TCO pred_z tensor([[[-0.7893,  0.4511,  0.4165, -0.0100],
         [-0.5688, -0.7927, -0.2192,  0.0062],
         [ 0.2313, -0.4099,  0.8823,  0.1668],
         [ 0.0000,  0.0000,  0.0000,  1.0000]]], device='cuda:0',
       grad_fn=<CopySlices>)
0:00:36.791324 - loss orn tensor([0.0002], device='cuda:0', grad_fn=<MinBackward0>)
0:00:36.791952 - loss xy tensor([0.0006], device='cuda:0', grad_fn=<MinBackward0>)
0:00:36.792578 - loss z tensor([0.0084], device='cuda:0', grad_fn=<MinBackward0>)
  0%|                                       | 0/1 [00:00<?, ?it/s, loss=0.00919]100%|███████████████████████████████| 1/1 [00:00<00:00,  4.54it/s, loss=0.00919]100%|███████████████████████████████| 1/1 [00:00<00:00,  4.53it/s, loss=0.00919]
0:00:36.549876 - saving /home/ubuntu/synthetic_pose_estimation/cosypose/local_data/experiments/bracket_assembly_debug_nut_nosym_coarse_noaug--938962 45
  0%|                                                     | 0/1 [00:00<?, ?it/s]0:00:36.965041 - iteration 0
0:00:37.008925 - outputs, {'pose': tensor([[-0.7862, -0.5136,  0.1793,  0.4852, -0.1684, -0.2285,  0.3859, -0.3250,
          0.5834]], device='cuda:0', grad_fn=<AddmmBackward0>)}
0:00:37.010577 - model_outputs {'pose': tensor([[-0.7862, -0.5136,  0.1793,  0.4852, -0.1684, -0.2285,  0.3859, -0.3250,
          0.5834]], device='cuda:0', grad_fn=<AddmmBackward0>)}
0:00:37.011369 - K crop tensor([[[1.9704e+03, 0.0000e+00, 2.7125e+02],
         [0.0000e+00, 1.9704e+03, 1.2348e+02],
         [0.0000e+00, 0.0000e+00, 1.0000e+00]]], device='cuda:0')
0:00:37.012207 - TCO_input tensor([[[ 1.0000e+00,  0.0000e+00,  0.0000e+00, -1.8249e-02],
         [ 0.0000e+00,  1.0000e+00,  0.0000e+00, -6.4977e-04],
         [ 0.0000e+00,  0.0000e+00,  1.0000e+00,  3.2179e-01],
         [ 0.0000e+00,  0.0000e+00,  0.0000e+00,  1.0000e+00]]],
       device='cuda:0')
0:00:37.013886 - model tco output tensor([[[-8.2233e-01,  4.4728e-01,  3.5171e-01, -1.0611e-02],
         [-5.3720e-01, -8.1404e-01, -2.2078e-01, -4.1007e-04],
         [ 1.8756e-01, -3.7050e-01,  9.0970e-01,  1.8775e-01],
         [ 0.0000e+00,  0.0000e+00,  0.0000e+00,  1.0000e+00]]],
       device='cuda:0', grad_fn=<CopySlices>)
0:00:37.051440 - Wrote debug data: /home/ubuntu/synthetic_pose_estimation/cosypose/local_data/debug_data/debug_iter=1.pth.tar
0:00:37.262471 - TCO_input tensor([[[ 1.0000e+00,  0.0000e+00,  0.0000e+00, -1.8249e-02],
         [ 0.0000e+00,  1.0000e+00,  0.0000e+00, -6.4977e-04],
         [ 0.0000e+00,  0.0000e+00,  1.0000e+00,  3.2179e-01],
         [ 0.0000e+00,  0.0000e+00,  0.0000e+00,  1.0000e+00]]],
       device='cuda:0')
0:00:37.263432 - vxvyvz tensor([[ 0.3859, -0.3250,  0.5834]], device='cuda:0',
       grad_fn=<SliceBackward0>)
0:00:37.264413 - dR tensor([[[-0.8223,  0.4473,  0.3517],
         [-0.5372, -0.8140, -0.2208],
         [ 0.1876, -0.3705,  0.9097]]], device='cuda:0',
       grad_fn=<StackBackward0>)
0:00:37.265318 - fxfy tensor([[1970.4462, 1970.4459]], device='cuda:0')
0:00:37.267783 - TCO_gt tensor([[[-0.7893,  0.4511,  0.4165, -0.0100],
         [-0.5688, -0.7927, -0.2192,  0.0062],
         [ 0.2313, -0.4099,  0.8823,  0.1920],
         [ 0.0000,  0.0000,  0.0000,  1.0000]]], device='cuda:0')
0:00:37.268697 - TCO pred_orn tensor([[[-0.8223,  0.4473,  0.3517, -0.0100],
         [-0.5372, -0.8140, -0.2208,  0.0062],
         [ 0.1876, -0.3705,  0.9097,  0.1920],
         [ 0.0000,  0.0000,  0.0000,  1.0000]]], device='cuda:0',
       grad_fn=<CopySlices>)
0:00:37.269613 - TCO pred_xy tensor([[[-7.8929e-01,  4.5115e-01,  4.1651e-01, -1.0849e-02],
         [-5.6879e-01, -7.9274e-01, -2.1920e-01, -4.1929e-04],
         [ 2.3129e-01, -4.0992e-01,  8.8231e-01,  1.9197e-01],
         [ 0.0000e+00,  0.0000e+00,  0.0000e+00,  1.0000e+00]]],
       device='cuda:0', grad_fn=<CopySlices>)
0:00:37.270519 - TCO pred_z tensor([[[-0.7893,  0.4511,  0.4165, -0.0100],
         [-0.5688, -0.7927, -0.2192,  0.0062],
         [ 0.2313, -0.4099,  0.8823,  0.1877],
         [ 0.0000,  0.0000,  0.0000,  1.0000]]], device='cuda:0',
       grad_fn=<CopySlices>)
0:00:37.271152 - loss orn tensor([0.0003], device='cuda:0', grad_fn=<MinBackward0>)
0:00:37.271781 - loss xy tensor([0.0025], device='cuda:0', grad_fn=<MinBackward0>)
0:00:37.272407 - loss z tensor([0.0014], device='cuda:0', grad_fn=<MinBackward0>)
  0%|                                       | 0/1 [00:00<?, ?it/s, loss=0.00418]100%|███████████████████████████████| 1/1 [00:00<00:00,  4.63it/s, loss=0.00418]100%|███████████████████████████████| 1/1 [00:00<00:00,  4.62it/s, loss=0.00418]
0:00:37.035201 - saving /home/ubuntu/synthetic_pose_estimation/cosypose/local_data/experiments/bracket_assembly_debug_nut_nosym_coarse_noaug--938962 46
  0%|                                                     | 0/1 [00:00<?, ?it/s]0:00:37.450331 - iteration 0
0:00:37.493709 - outputs, {'pose': tensor([[-0.8116, -0.5225,  0.1541,  0.4932, -0.1767, -0.2180,  0.3825, -0.3414,
          0.5941]], device='cuda:0', grad_fn=<AddmmBackward0>)}
0:00:37.495311 - model_outputs {'pose': tensor([[-0.8116, -0.5225,  0.1541,  0.4932, -0.1767, -0.2180,  0.3825, -0.3414,
          0.5941]], device='cuda:0', grad_fn=<AddmmBackward0>)}
0:00:37.496132 - K crop tensor([[[1.5278e+03, 0.0000e+00, 2.8978e+02],
         [0.0000e+00, 1.5278e+03, 7.1434e+01],
         [0.0000e+00, 0.0000e+00, 1.0000e+00]]], device='cuda:0')
0:00:37.497008 - TCO_input tensor([[[ 1.0000,  0.0000,  0.0000, -0.0216],
         [ 0.0000,  1.0000,  0.0000,  0.0080],
         [ 0.0000,  0.0000,  1.0000,  0.2537],
         [ 0.0000,  0.0000,  0.0000,  1.0000]]], device='cuda:0')
0:00:37.498522 - model tco output tensor([[[-0.8303,  0.4542,  0.3230, -0.0128],
         [-0.5346, -0.8130, -0.2309,  0.0047],
         [ 0.1577, -0.3644,  0.9178,  0.1507],
         [ 0.0000,  0.0000,  0.0000,  1.0000]]], device='cuda:0',
       grad_fn=<CopySlices>)
0:00:37.537616 - Wrote debug data: /home/ubuntu/synthetic_pose_estimation/cosypose/local_data/debug_data/debug_iter=1.pth.tar
0:00:37.750740 - TCO_input tensor([[[ 1.0000,  0.0000,  0.0000, -0.0216],
         [ 0.0000,  1.0000,  0.0000,  0.0080],
         [ 0.0000,  0.0000,  1.0000,  0.2537],
         [ 0.0000,  0.0000,  0.0000,  1.0000]]], device='cuda:0')
0:00:37.751807 - vxvyvz tensor([[ 0.3825, -0.3414,  0.5941]], device='cuda:0',
       grad_fn=<SliceBackward0>)
0:00:37.752830 - dR tensor([[[-0.8303,  0.4542,  0.3230],
         [-0.5346, -0.8130, -0.2309],
         [ 0.1577, -0.3644,  0.9178]]], device='cuda:0',
       grad_fn=<StackBackward0>)
0:00:37.753804 - fxfy tensor([[1527.8494, 1527.8494]], device='cuda:0')
0:00:37.756375 - TCO_gt tensor([[[-0.7893,  0.4511,  0.4165, -0.0100],
         [-0.5688, -0.7927, -0.2192,  0.0062],
         [ 0.2313, -0.4099,  0.8823,  0.1920],
         [ 0.0000,  0.0000,  0.0000,  1.0000]]], device='cuda:0')
0:00:37.757349 - TCO pred_orn tensor([[[-0.8303,  0.4542,  0.3230, -0.0100],
         [-0.5346, -0.8130, -0.2309,  0.0062],
         [ 0.1577, -0.3644,  0.9178,  0.1920],
         [ 0.0000,  0.0000,  0.0000,  1.0000]]], device='cuda:0',
       grad_fn=<CopySlices>)
0:00:37.758282 - TCO pred_xy tensor([[[-0.7893,  0.4511,  0.4165, -0.0163],
         [-0.5688, -0.7927, -0.2192,  0.0060],
         [ 0.2313, -0.4099,  0.8823,  0.1920],
         [ 0.0000,  0.0000,  0.0000,  1.0000]]], device='cuda:0',
       grad_fn=<CopySlices>)
0:00:37.759201 - TCO pred_z tensor([[[-0.7893,  0.4511,  0.4165, -0.0100],
         [-0.5688, -0.7927, -0.2192,  0.0062],
         [ 0.2313, -0.4099,  0.8823,  0.1507],
         [ 0.0000,  0.0000,  0.0000,  1.0000]]], device='cuda:0',
       grad_fn=<CopySlices>)
0:00:37.759879 - loss orn tensor([0.0004], device='cuda:0', grad_fn=<MinBackward0>)
0:00:37.760538 - loss xy tensor([0.0022], device='cuda:0', grad_fn=<MinBackward0>)
0:00:37.761206 - loss z tensor([0.0138], device='cuda:0', grad_fn=<MinBackward0>)
  0%|                                        | 0/1 [00:00<?, ?it/s, loss=0.0163]100%|████████████████████████████████| 1/1 [00:00<00:00,  4.54it/s, loss=0.0163]100%|████████████████████████████████| 1/1 [00:00<00:00,  4.53it/s, loss=0.0163]
0:00:37.529666 - saving /home/ubuntu/synthetic_pose_estimation/cosypose/local_data/experiments/bracket_assembly_debug_nut_nosym_coarse_noaug--938962 47
  0%|                                                     | 0/1 [00:00<?, ?it/s]0:00:37.944885 - iteration 0
0:00:37.988123 - outputs, {'pose': tensor([[-0.8121, -0.5329,  0.1496,  0.4990, -0.1778, -0.2244,  0.3955, -0.3435,
          0.5980]], device='cuda:0', grad_fn=<AddmmBackward0>)}
0:00:37.989705 - model_outputs {'pose': tensor([[-0.8121, -0.5329,  0.1496,  0.4990, -0.1778, -0.2244,  0.3955, -0.3435,
          0.5980]], device='cuda:0', grad_fn=<AddmmBackward0>)}
0:00:37.990498 - K crop tensor([[[1.6928e+03, 0.0000e+00, 2.7000e+02],
         [0.0000e+00, 1.6928e+03, 5.5495e+01],
         [0.0000e+00, 0.0000e+00, 1.0000e+00]]], device='cuda:0')
0:00:37.991369 - TCO_input tensor([[[ 1.0000,  0.0000,  0.0000, -0.0184],
         [ 0.0000,  1.0000,  0.0000,  0.0106],
         [ 0.0000,  0.0000,  1.0000,  0.2811],
         [ 0.0000,  0.0000,  0.0000,  1.0000]]], device='cuda:0')
0:00:37.992295 - model tco output tensor([[[-0.8263,  0.4594,  0.3258, -0.0109],
         [-0.5422, -0.8053, -0.2398,  0.0063],
         [ 0.1522, -0.3748,  0.9145,  0.1681],
         [ 0.0000,  0.0000,  0.0000,  1.0000]]], device='cuda:0',
       grad_fn=<CopySlices>)
0:00:38.031422 - Wrote debug data: /home/ubuntu/synthetic_pose_estimation/cosypose/local_data/debug_data/debug_iter=1.pth.tar
0:00:38.240950 - TCO_input tensor([[[ 1.0000,  0.0000,  0.0000, -0.0184],
         [ 0.0000,  1.0000,  0.0000,  0.0106],
         [ 0.0000,  0.0000,  1.0000,  0.2811],
         [ 0.0000,  0.0000,  0.0000,  1.0000]]], device='cuda:0')
0:00:38.241954 - vxvyvz tensor([[ 0.3955, -0.3435,  0.5980]], device='cuda:0',
       grad_fn=<SliceBackward0>)
0:00:38.242954 - dR tensor([[[-0.8263,  0.4594,  0.3258],
         [-0.5422, -0.8053, -0.2398],
         [ 0.1522, -0.3748,  0.9145]]], device='cuda:0',
       grad_fn=<StackBackward0>)
0:00:38.243862 - fxfy tensor([[1692.7585, 1692.7587]], device='cuda:0')
0:00:38.246421 - TCO_gt tensor([[[-0.7893,  0.4511,  0.4165, -0.0100],
         [-0.5688, -0.7927, -0.2192,  0.0062],
         [ 0.2313, -0.4099,  0.8823,  0.1920],
         [ 0.0000,  0.0000,  0.0000,  1.0000]]], device='cuda:0')
0:00:38.247369 - TCO pred_orn tensor([[[-0.8263,  0.4594,  0.3258, -0.0100],
         [-0.5422, -0.8053, -0.2398,  0.0062],
         [ 0.1522, -0.3748,  0.9145,  0.1920],
         [ 0.0000,  0.0000,  0.0000,  1.0000]]], device='cuda:0',
       grad_fn=<CopySlices>)
0:00:38.248294 - TCO pred_xy tensor([[[-0.7893,  0.4511,  0.4165, -0.0125],
         [-0.5688, -0.7927, -0.2192,  0.0072],
         [ 0.2313, -0.4099,  0.8823,  0.1920],
         [ 0.0000,  0.0000,  0.0000,  1.0000]]], device='cuda:0',
       grad_fn=<CopySlices>)
0:00:38.249244 - TCO pred_z tensor([[[-0.7893,  0.4511,  0.4165, -0.0100],
         [-0.5688, -0.7927, -0.2192,  0.0062],
         [ 0.2313, -0.4099,  0.8823,  0.1681],
         [ 0.0000,  0.0000,  0.0000,  1.0000]]], device='cuda:0',
       grad_fn=<CopySlices>)
0:00:38.249890 - loss orn tensor([0.0004], device='cuda:0', grad_fn=<MinBackward0>)
0:00:38.250556 - loss xy tensor([0.0012], device='cuda:0', grad_fn=<MinBackward0>)
0:00:38.251193 - loss z tensor([0.0080], device='cuda:0', grad_fn=<MinBackward0>)
  0%|                                        | 0/1 [00:00<?, ?it/s, loss=0.0095]100%|████████████████████████████████| 1/1 [00:00<00:00,  4.65it/s, loss=0.0095]100%|████████████████████████████████| 1/1 [00:00<00:00,  4.64it/s, loss=0.0095]
0:00:38.010345 - saving /home/ubuntu/synthetic_pose_estimation/cosypose/local_data/experiments/bracket_assembly_debug_nut_nosym_coarse_noaug--938962 48
  0%|                                                     | 0/1 [00:00<?, ?it/s]0:00:38.425631 - iteration 0
0:00:38.469147 - outputs, {'pose': tensor([[-0.8243, -0.5499,  0.1308,  0.4917, -0.1771, -0.2347,  0.4045, -0.3527,
          0.6064]], device='cuda:0', grad_fn=<AddmmBackward0>)}
0:00:38.470756 - model_outputs {'pose': tensor([[-0.8243, -0.5499,  0.1308,  0.4917, -0.1771, -0.2347,  0.4045, -0.3527,
          0.6064]], device='cuda:0', grad_fn=<AddmmBackward0>)}
0:00:38.471535 - K crop tensor([[[1.6886e+03, 0.0000e+00, 2.1436e+02],
         [0.0000e+00, 1.6886e+03, 8.6355e+01],
         [0.0000e+00, 0.0000e+00, 1.0000e+00]]], device='cuda:0')
0:00:38.472442 - TCO_input tensor([[[ 1.0000,  0.0000,  0.0000, -0.0090],
         [ 0.0000,  1.0000,  0.0000,  0.0055],
         [ 0.0000,  0.0000,  1.0000,  0.2784],
         [ 0.0000,  0.0000,  0.0000,  1.0000]]], device='cuda:0')
0:00:38.473346 - model tco output tensor([[[-0.8247,  0.4595,  0.3297, -0.0054],
         [-0.5502, -0.7868, -0.2797,  0.0033],
         [ 0.1309, -0.4120,  0.9017,  0.1688],
         [ 0.0000,  0.0000,  0.0000,  1.0000]]], device='cuda:0',
       grad_fn=<CopySlices>)
0:00:38.513638 - Wrote debug data: /home/ubuntu/synthetic_pose_estimation/cosypose/local_data/debug_data/debug_iter=1.pth.tar
0:00:38.725081 - TCO_input tensor([[[ 1.0000,  0.0000,  0.0000, -0.0090],
         [ 0.0000,  1.0000,  0.0000,  0.0055],
         [ 0.0000,  0.0000,  1.0000,  0.2784],
         [ 0.0000,  0.0000,  0.0000,  1.0000]]], device='cuda:0')
0:00:38.726231 - vxvyvz tensor([[ 0.4045, -0.3527,  0.6064]], device='cuda:0',
       grad_fn=<SliceBackward0>)
0:00:38.727347 - dR tensor([[[-0.8247,  0.4595,  0.3297],
         [-0.5502, -0.7868, -0.2797],
         [ 0.1309, -0.4120,  0.9017]]], device='cuda:0',
       grad_fn=<StackBackward0>)
0:00:38.728285 - fxfy tensor([[1688.6239, 1688.6239]], device='cuda:0')
0:00:38.731004 - TCO_gt tensor([[[-0.7893,  0.4511,  0.4165, -0.0100],
         [-0.5688, -0.7927, -0.2192,  0.0062],
         [ 0.2313, -0.4099,  0.8823,  0.1920],
         [ 0.0000,  0.0000,  0.0000,  1.0000]]], device='cuda:0')
0:00:38.731932 - TCO pred_orn tensor([[[-0.8247,  0.4595,  0.3297, -0.0100],
         [-0.5502, -0.7868, -0.2797,  0.0062],
         [ 0.1309, -0.4120,  0.9017,  0.1920],
         [ 0.0000,  0.0000,  0.0000,  1.0000]]], device='cuda:0',
       grad_fn=<CopySlices>)
0:00:38.732973 - TCO pred_xy tensor([[[-0.7893,  0.4511,  0.4165, -0.0062],
         [-0.5688, -0.7927, -0.2192,  0.0037],
         [ 0.2313, -0.4099,  0.8823,  0.1920],
         [ 0.0000,  0.0000,  0.0000,  1.0000]]], device='cuda:0',
       grad_fn=<CopySlices>)
0:00:38.733976 - TCO pred_z tensor([[[-0.7893,  0.4511,  0.4165, -0.0100],
         [-0.5688, -0.7927, -0.2192,  0.0062],
         [ 0.2313, -0.4099,  0.8823,  0.1688],
         [ 0.0000,  0.0000,  0.0000,  1.0000]]], device='cuda:0',
       grad_fn=<CopySlices>)
0:00:38.734776 - loss orn tensor([0.0004], device='cuda:0', grad_fn=<MinBackward0>)
0:00:38.735606 - loss xy tensor([0.0021], device='cuda:0', grad_fn=<MinBackward0>)
0:00:38.736428 - loss z tensor([0.0077], device='cuda:0', grad_fn=<MinBackward0>)
  0%|                                        | 0/1 [00:00<?, ?it/s, loss=0.0102]100%|████████████████████████████████| 1/1 [00:00<00:00,  4.38it/s, loss=0.0102]100%|████████████████████████████████| 1/1 [00:00<00:00,  4.37it/s, loss=0.0102]
0:00:38.496143 - saving /home/ubuntu/synthetic_pose_estimation/cosypose/local_data/experiments/bracket_assembly_debug_nut_nosym_coarse_noaug--938962 49
  0%|                                                     | 0/1 [00:00<?, ?it/s]0:00:38.911986 - iteration 0
0:00:38.955337 - outputs, {'pose': tensor([[-0.8275, -0.5658,  0.1392,  0.5017, -0.1730, -0.2326,  0.4079, -0.3578,
          0.6258]], device='cuda:0', grad_fn=<AddmmBackward0>)}
0:00:38.956911 - model_outputs {'pose': tensor([[-0.8275, -0.5658,  0.1392,  0.5017, -0.1730, -0.2326,  0.4079, -0.3578,
          0.6258]], device='cuda:0', grad_fn=<AddmmBackward0>)}
0:00:38.957719 - K crop tensor([[[2.0221e+03, 0.0000e+00, 2.4322e+02],
         [0.0000e+00, 2.0221e+03, 6.7870e+01],
         [0.0000e+00, 0.0000e+00, 1.0000e+00]]], device='cuda:0')
0:00:38.958573 - TCO_input tensor([[[ 1.0000,  0.0000,  0.0000, -0.0138],
         [ 0.0000,  1.0000,  0.0000,  0.0085],
         [ 0.0000,  0.0000,  1.0000,  0.3331],
         [ 0.0000,  0.0000,  0.0000,  1.0000]]], device='cuda:0')
0:00:38.960067 - model tco output tensor([[[-0.8176,  0.4713,  0.3307, -0.0086],
         [-0.5591, -0.7871, -0.2606,  0.0053],
         [ 0.1375, -0.3980,  0.9070,  0.2084],
         [ 0.0000,  0.0000,  0.0000,  1.0000]]], device='cuda:0',
       grad_fn=<CopySlices>)
0:00:38.996698 - Wrote debug data: /home/ubuntu/synthetic_pose_estimation/cosypose/local_data/debug_data/debug_iter=1.pth.tar
0:00:39.207100 - TCO_input tensor([[[ 1.0000,  0.0000,  0.0000, -0.0138],
         [ 0.0000,  1.0000,  0.0000,  0.0085],
         [ 0.0000,  0.0000,  1.0000,  0.3331],
         [ 0.0000,  0.0000,  0.0000,  1.0000]]], device='cuda:0')
0:00:39.208076 - vxvyvz tensor([[ 0.4079, -0.3578,  0.6258]], device='cuda:0',
       grad_fn=<SliceBackward0>)
0:00:39.209065 - dR tensor([[[-0.8176,  0.4713,  0.3307],
         [-0.5591, -0.7871, -0.2606],
         [ 0.1375, -0.3980,  0.9070]]], device='cuda:0',
       grad_fn=<StackBackward0>)
0:00:39.209949 - fxfy tensor([[2022.0669, 2022.0665]], device='cuda:0')
0:00:39.212437 - TCO_gt tensor([[[-0.7893,  0.4511,  0.4165, -0.0100],
         [-0.5688, -0.7927, -0.2192,  0.0062],
         [ 0.2313, -0.4099,  0.8823,  0.1920],
         [ 0.0000,  0.0000,  0.0000,  1.0000]]], device='cuda:0')
0:00:39.213385 - TCO pred_orn tensor([[[-0.8176,  0.4713,  0.3307, -0.0100],
         [-0.5591, -0.7871, -0.2606,  0.0062],
         [ 0.1375, -0.3980,  0.9070,  0.1920],
         [ 0.0000,  0.0000,  0.0000,  1.0000]]], device='cuda:0',
       grad_fn=<CopySlices>)
0:00:39.214290 - TCO pred_xy tensor([[[-0.7893,  0.4511,  0.4165, -0.0079],
         [-0.5688, -0.7927, -0.2192,  0.0049],
         [ 0.2313, -0.4099,  0.8823,  0.1920],
         [ 0.0000,  0.0000,  0.0000,  1.0000]]], device='cuda:0',
       grad_fn=<CopySlices>)
0:00:39.215210 - TCO pred_z tensor([[[-0.7893,  0.4511,  0.4165, -0.0100],
         [-0.5688, -0.7927, -0.2192,  0.0062],
         [ 0.2313, -0.4099,  0.8823,  0.2084],
         [ 0.0000,  0.0000,  0.0000,  1.0000]]], device='cuda:0',
       grad_fn=<CopySlices>)
0:00:39.215835 - loss orn tensor([0.0004], device='cuda:0', grad_fn=<MinBackward0>)
0:00:39.216461 - loss xy tensor([0.0011], device='cuda:0', grad_fn=<MinBackward0>)
0:00:39.217088 - loss z tensor([0.0055], device='cuda:0', grad_fn=<MinBackward0>)
  0%|                                       | 0/1 [00:00<?, ?it/s, loss=0.00701]100%|███████████████████████████████| 1/1 [00:00<00:00,  4.68it/s, loss=0.00701]100%|███████████████████████████████| 1/1 [00:00<00:00,  4.67it/s, loss=0.00701]
  0%|                                                     | 0/1 [00:00<?, ?it/s]0:00:39.125544 - iteration 0
0:00:39.162184 - outputs, {'pose': tensor([[-0.0006, -0.0023, -0.0168,  0.0245, -0.0043, -0.0186,  0.0024, -0.0144,
          0.0042]], device='cuda:0')}
0:00:39.163661 - model_outputs {'pose': tensor([[-0.0006, -0.0023, -0.0168,  0.0245, -0.0043, -0.0186,  0.0024, -0.0144,
          0.0042]], device='cuda:0')}
0:00:39.164412 - K crop tensor([[[1.9598e+03, 0.0000e+00, 3.0462e+02],
         [0.0000e+00, 1.9598e+03, 5.6702e+01],
         [0.0000e+00, 0.0000e+00, 1.0000e+00]]], device='cuda:0')
0:00:39.165259 - TCO_input tensor([[[ 1.0000,  0.0000,  0.0000, -0.0240],
         [ 0.0000,  1.0000,  0.0000,  0.0104],
         [ 0.0000,  0.0000,  1.0000,  0.3238],
         [ 0.0000,  0.0000,  0.0000,  1.0000]]], device='cuda:0')
0:00:39.166137 - model tco output tensor([[[-3.4723e-02,  9.9713e-01, -6.7278e-02, -9.9859e-05],
         [-1.3775e-01, -7.1452e-02, -9.8789e-01,  4.3204e-05],
         [-9.8986e-01, -2.5035e-02,  1.3984e-01,  1.3486e-03],
         [ 0.0000e+00,  0.0000e+00,  0.0000e+00,  1.0000e+00]]],
       device='cuda:0')
0:00:39.204994 - Wrote debug data: /home/ubuntu/synthetic_pose_estimation/cosypose/local_data/debug_data/debug_iter=1.pth.tar
0:00:39.416501 - TCO_input tensor([[[ 1.0000,  0.0000,  0.0000, -0.0240],
         [ 0.0000,  1.0000,  0.0000,  0.0104],
         [ 0.0000,  0.0000,  1.0000,  0.3238],
         [ 0.0000,  0.0000,  0.0000,  1.0000]]], device='cuda:0')
0:00:39.417480 - vxvyvz tensor([[ 0.0024, -0.0144,  0.0042]], device='cuda:0')
0:00:39.418460 - dR tensor([[[-0.0347,  0.9971, -0.0673],
         [-0.1378, -0.0715, -0.9879],
         [-0.9899, -0.0250,  0.1398]]], device='cuda:0')
0:00:39.419366 - fxfy tensor([[1959.7908, 1959.7909]], device='cuda:0')
0:00:39.421698 - TCO_gt tensor([[[-0.7893,  0.4511,  0.4165, -0.0100],
         [-0.5688, -0.7927, -0.2192,  0.0062],
         [ 0.2313, -0.4099,  0.8823,  0.1920],
         [ 0.0000,  0.0000,  0.0000,  1.0000]]], device='cuda:0')
0:00:39.422610 - TCO pred_orn tensor([[[-0.0347,  0.9971, -0.0673, -0.0100],
         [-0.1378, -0.0715, -0.9879,  0.0062],
         [-0.9899, -0.0250,  0.1398,  0.1920],
         [ 0.0000,  0.0000,  0.0000,  1.0000]]], device='cuda:0')
0:00:39.423518 - TCO pred_xy tensor([[[-0.7893,  0.4511,  0.4165, -0.0142],
         [-0.5688, -0.7927, -0.2192,  0.0061],
         [ 0.2313, -0.4099,  0.8823,  0.1920],
         [ 0.0000,  0.0000,  0.0000,  1.0000]]], device='cuda:0')
0:00:39.424431 - TCO pred_z tensor([[[-0.7893,  0.4511,  0.4165, -0.0100],
         [-0.5688, -0.7927, -0.2192,  0.0062],
         [ 0.2313, -0.4099,  0.8823,  0.0013],
         [ 0.0000,  0.0000,  0.0000,  1.0000]]], device='cuda:0')
0:00:39.425070 - loss orn tensor([0.0065], device='cuda:0')
0:00:39.425704 - loss xy tensor([0.0014], device='cuda:0')
0:00:39.426316 - loss z tensor([0.0635], device='cuda:0')
100%|█████████████████████████████████████████████| 1/1 [00:00<00:00,  8.35it/s]100%|█████████████████████████████████████████████| 1/1 [00:00<00:00,  8.32it/s]train loss_TCO-iter=1 0.07996099442243576
train loss_TCO 0.07996099442243576
train loss_total 0.07996099442243576
train grad_norm 0.8985977172851562
val loss_TCO-iter=1 0.07533762603998184
val loss_TCO 0.07533762603998184
val loss_total 0.07533762603998184
train loss_TCO-iter=1 0.08006531745195389
train loss_TCO 0.08006531745195389
train loss_total 0.08006531745195389
train grad_norm 1.0531175136566162
train loss_TCO-iter=1 0.0741269439458847
train loss_TCO 0.0741269439458847
train loss_total 0.0741269439458847
train grad_norm 0.9523002505302429
train loss_TCO-iter=1 0.07170100510120392
train loss_TCO 0.07170100510120392
train loss_total 0.07170100510120392
train grad_norm 0.9507322907447815
train loss_TCO-iter=1 0.06741700321435928
train loss_TCO 0.06741700321435928
train loss_total 0.06741700321435928
train grad_norm 1.1965669393539429
train loss_TCO-iter=1 0.06213806942105293
train loss_TCO 0.06213806942105293
train loss_total 0.06213806942105293
train grad_norm 1.198055624961853
train loss_TCO-iter=1 0.06600411981344223
train loss_TCO 0.06600411981344223
train loss_total 0.06600411981344223
train grad_norm 1.0077941417694092
train loss_TCO-iter=1 0.05636570230126381
train loss_TCO 0.05636570230126381
train loss_total 0.05636570230126381
train grad_norm 0.958995521068573
train loss_TCO-iter=1 0.05466806888580322
train loss_TCO 0.05466806888580322
train loss_total 0.05466806888580322
train grad_norm 0.943146824836731
train loss_TCO-iter=1 0.0521901398897171
train loss_TCO 0.0521901398897171
train loss_total 0.0521901398897171
train grad_norm 1.1691004037857056
train loss_TCO-iter=1 0.04558393359184265
train loss_TCO 0.04558393359184265
train loss_total 0.04558393359184265
train grad_norm 1.0248013734817505
val loss_TCO-iter=1 0.07501351088285446
val loss_TCO 0.07501351088285446
val loss_total 0.07501351088285446
train loss_TCO-iter=1 0.04535217955708504
train loss_TCO 0.04535217955708504
train loss_total 0.04535217955708504
train grad_norm 0.911471426486969
train loss_TCO-iter=1 0.03281411528587341
train loss_TCO 0.03281411528587341
train loss_total 0.03281411528587341
train grad_norm 1.182045817375183
train loss_TCO-iter=1 0.03453449904918671
train loss_TCO 0.03453449904918671
train loss_total 0.03453449904918671
train grad_norm 1.160456895828247
train loss_TCO-iter=1 0.0330338180065155
train loss_TCO 0.0330338180065155
train loss_total 0.0330338180065155
train grad_norm 0.9108374118804932
train loss_TCO-iter=1 0.02748892828822136
train loss_TCO 0.02748892828822136
train loss_total 0.02748892828822136
train grad_norm 0.9872415065765381
train loss_TCO-iter=1 0.023260727524757385
train loss_TCO 0.023260727524757385
train loss_total 0.023260727524757385
train grad_norm 1.092269778251648
train loss_TCO-iter=1 0.02482502907514572
train loss_TCO 0.02482502907514572
train loss_total 0.02482502907514572
train grad_norm 0.9671929478645325
train loss_TCO-iter=1 0.01527068018913269
train loss_TCO 0.01527068018913269
train loss_total 0.01527068018913269
train grad_norm 1.078230619430542
train loss_TCO-iter=1 0.01709499955177307
train loss_TCO 0.01709499955177307
train loss_total 0.01709499955177307
train grad_norm 0.9746298789978027
train loss_TCO-iter=1 0.01200853567570448
train loss_TCO 0.01200853567570448
train loss_total 0.01200853567570448
train grad_norm 0.9729614853858948
val loss_TCO-iter=1 0.07257281243801117
val loss_TCO 0.07257281243801117
val loss_total 0.07257281243801117
train loss_TCO-iter=1 0.006149296183139086
train loss_TCO 0.006149296183139086
train loss_total 0.006149296183139086
train grad_norm 0.9835140705108643
train loss_TCO-iter=1 0.008589346893131733
train loss_TCO 0.008589346893131733
train loss_total 0.008589346893131733
train grad_norm 1.0815349817276
train loss_TCO-iter=1 0.017985384911298752
train loss_TCO 0.017985384911298752
train loss_total 0.017985384911298752
train grad_norm 1.1862962245941162
train loss_TCO-iter=1 0.017943238839507103
train loss_TCO 0.017943238839507103
train loss_total 0.017943238839507103
train grad_norm 1.1349036693572998
train loss_TCO-iter=1 0.012674578465521336
train loss_TCO 0.012674578465521336
train loss_total 0.012674578465521336
train grad_norm 1.0353028774261475
train loss_TCO-iter=1 0.01812133938074112
train loss_TCO 0.01812133938074112
train loss_total 0.01812133938074112
train grad_norm 1.053643822669983
train loss_TCO-iter=1 0.021638330072164536
train loss_TCO 0.021638330072164536
train loss_total 0.021638330072164536
train grad_norm 1.2236627340316772
train loss_TCO-iter=1 0.01011232566088438
train loss_TCO 0.01011232566088438
train loss_total 0.01011232566088438
train grad_norm 1.0261598825454712
train loss_TCO-iter=1 0.01196359097957611
train loss_TCO 0.01196359097957611
train loss_total 0.01196359097957611
train grad_norm 0.9969629049301147
train loss_TCO-iter=1 0.004589419811964035
train loss_TCO 0.004589419811964035
train loss_total 0.004589419811964035
train grad_norm 0.8786512613296509
val loss_TCO-iter=1 0.07259924709796906
val loss_TCO 0.07259924709796906
val loss_total 0.07259924709796906
train loss_TCO-iter=1 0.016309604048728943
train loss_TCO 0.016309604048728943
train loss_total 0.016309604048728943
train grad_norm 1.1301960945129395
train loss_TCO-iter=1 0.01052928902208805
train loss_TCO 0.01052928902208805
train loss_total 0.01052928902208805
train grad_norm 1.0414621829986572
train loss_TCO-iter=1 0.011948961764574051
train loss_TCO 0.011948961764574051
train loss_total 0.011948961764574051
train grad_norm 1.0943455696105957
train loss_TCO-iter=1 0.011740362271666527
train loss_TCO 0.011740362271666527
train loss_total 0.011740362271666527
train grad_norm 1.1503777503967285
train loss_TCO-iter=1 0.009167751297354698
train loss_TCO 0.009167751297354698
train loss_total 0.009167751297354698
train grad_norm 0.889037013053894
train loss_TCO-iter=1 0.005308820866048336
train loss_TCO 0.005308820866048336
train loss_total 0.005308820866048336
train grad_norm 0.9910316467285156
train loss_TCO-iter=1 0.008421950042247772
train loss_TCO 0.008421950042247772
train loss_total 0.008421950042247772
train grad_norm 0.9300001859664917
train loss_TCO-iter=1 0.003601347329095006
train loss_TCO 0.003601347329095006
train loss_total 0.003601347329095006
train grad_norm 1.0105775594711304
train loss_TCO-iter=1 0.00693932780995965
train loss_TCO 0.00693932780995965
train loss_total 0.00693932780995965
train grad_norm 1.0543287992477417
train loss_TCO-iter=1 0.0015759908128529787
train loss_TCO 0.0015759908128529787
train loss_total 0.0015759908128529787
train grad_norm 1.0677145719528198
val loss_TCO-iter=1 0.07217037677764893
val loss_TCO 0.07217037677764893
val loss_total 0.07217037677764893
train loss_TCO-iter=1 0.0008756263414397836
train loss_TCO 0.0008756263414397836
train loss_total 0.0008756263414397836
train grad_norm 1.0490386486053467
train loss_TCO-iter=1 0.016136348247528076
train loss_TCO 0.016136348247528076
train loss_total 0.016136348247528076
train grad_norm 0.893779456615448
train loss_TCO-iter=1 0.0037183458916842937
train loss_TCO 0.0037183458916842937
train loss_total 0.0037183458916842937
train grad_norm 1.1321560144424438
train loss_TCO-iter=1 0.009713446721434593
train loss_TCO 0.009713446721434593
train loss_total 0.009713446721434593
train grad_norm 0.9951451420783997
train loss_TCO-iter=1 0.009187283925712109
train loss_TCO 0.009187283925712109
train loss_total 0.009187283925712109
train grad_norm 0.978377103805542
train loss_TCO-iter=1 0.004183328710496426
train loss_TCO 0.004183328710496426
train loss_total 0.004183328710496426
train grad_norm 1.1025630235671997
train loss_TCO-iter=1 0.01631605252623558
train loss_TCO 0.01631605252623558
train loss_total 0.01631605252623558
train grad_norm 0.8818275928497314
train loss_TCO-iter=1 0.009498761966824532
train loss_TCO 0.009498761966824532
train loss_total 0.009498761966824532
train grad_norm 0.9577890634536743
train loss_TCO-iter=1 0.010225333273410797
train loss_TCO 0.010225333273410797
train loss_total 0.010225333273410797
train grad_norm 0.8869110941886902
train loss_TCO-iter=1 0.007009541150182486
train loss_TCO 0.007009541150182486
train loss_total 0.007009541150182486
train grad_norm 1.1140092611312866
0:00:39.090395 - saving /home/ubuntu/synthetic_pose_estimation/cosypose/local_data/experiments/bracket_assembly_debug_nut_nosym_coarse_noaug--938962 50
  0%|                                                     | 0/1 [00:00<?, ?it/s]0:00:39.502266 - iteration 0
0:00:39.546597 - outputs, {'pose': tensor([[-0.8269, -0.5825,  0.1347,  0.4945, -0.1671, -0.2449,  0.4120, -0.3590,
          0.6338]], device='cuda:0', grad_fn=<AddmmBackward0>)}
0:00:39.548304 - model_outputs {'pose': tensor([[-0.8269, -0.5825,  0.1347,  0.4945, -0.1671, -0.2449,  0.4120, -0.3590,
          0.6338]], device='cuda:0', grad_fn=<AddmmBackward0>)}
0:00:39.549117 - K crop tensor([[[ 1.6057e+03,  0.0000e+00,  2.5038e+02],
         [ 0.0000e+00,  1.6057e+03, -3.8191e+00],
         [ 0.0000e+00,  0.0000e+00,  1.0000e+00]]], device='cuda:0')
0:00:39.550024 - TCO_input tensor([[[ 1.0000,  0.0000,  0.0000, -0.0153],
         [ 0.0000,  1.0000,  0.0000,  0.0208],
         [ 0.0000,  0.0000,  1.0000,  0.2711],
         [ 0.0000,  0.0000,  0.0000,  1.0000]]], device='cuda:0')
0:00:39.550946 - model tco output tensor([[[-0.8104,  0.4726,  0.3463, -0.0097],
         [-0.5708, -0.7700, -0.2850,  0.0132],
         [ 0.1320, -0.4287,  0.8938,  0.1718],
         [ 0.0000,  0.0000,  0.0000,  1.0000]]], device='cuda:0',
       grad_fn=<CopySlices>)
0:00:39.593182 - Wrote debug data: /home/ubuntu/synthetic_pose_estimation/cosypose/local_data/debug_data/debug_iter=1.pth.tar
0:00:39.802303 - TCO_input tensor([[[ 1.0000,  0.0000,  0.0000, -0.0153],
         [ 0.0000,  1.0000,  0.0000,  0.0208],
         [ 0.0000,  0.0000,  1.0000,  0.2711],
         [ 0.0000,  0.0000,  0.0000,  1.0000]]], device='cuda:0')
0:00:39.803322 - vxvyvz tensor([[ 0.4120, -0.3590,  0.6338]], device='cuda:0',
       grad_fn=<SliceBackward0>)
0:00:39.804333 - dR tensor([[[-0.8104,  0.4726,  0.3463],
         [-0.5708, -0.7700, -0.2850],
         [ 0.1320, -0.4287,  0.8938]]], device='cuda:0',
       grad_fn=<StackBackward0>)
0:00:39.805247 - fxfy tensor([[1605.7343, 1605.7341]], device='cuda:0')
0:00:39.807707 - TCO_gt tensor([[[-0.7893,  0.4511,  0.4165, -0.0100],
         [-0.5688, -0.7927, -0.2192,  0.0062],
         [ 0.2313, -0.4099,  0.8823,  0.1920],
         [ 0.0000,  0.0000,  0.0000,  1.0000]]], device='cuda:0')
0:00:39.808643 - TCO pred_orn tensor([[[-0.8104,  0.4726,  0.3463, -0.0100],
         [-0.5708, -0.7700, -0.2850,  0.0062],
         [ 0.1320, -0.4287,  0.8938,  0.1920],
         [ 0.0000,  0.0000,  0.0000,  1.0000]]], device='cuda:0',
       grad_fn=<CopySlices>)
0:00:39.809587 - TCO pred_xy tensor([[[-0.7893,  0.4511,  0.4165, -0.0108],
         [-0.5688, -0.7927, -0.2192,  0.0147],
         [ 0.2313, -0.4099,  0.8823,  0.1920],
         [ 0.0000,  0.0000,  0.0000,  1.0000]]], device='cuda:0',
       grad_fn=<CopySlices>)
0:00:39.810503 - TCO pred_z tensor([[[-0.7893,  0.4511,  0.4165, -0.0100],
         [-0.5688, -0.7927, -0.2192,  0.0062],
         [ 0.2313, -0.4099,  0.8823,  0.1718],
         [ 0.0000,  0.0000,  0.0000,  1.0000]]], device='cuda:0',
       grad_fn=<CopySlices>)
0:00:39.813881 - loss orn tensor([0.0004], device='cuda:0', grad_fn=<MinBackward0>)
0:00:39.814522 - loss xy tensor([0.0031], device='cuda:0', grad_fn=<MinBackward0>)
0:00:39.815156 - loss z tensor([0.0067], device='cuda:0', grad_fn=<MinBackward0>)
  0%|                                        | 0/1 [00:00<?, ?it/s, loss=0.0102]100%|████████████████████████████████| 1/1 [00:00<00:00,  4.59it/s, loss=0.0102]100%|████████████████████████████████| 1/1 [00:00<00:00,  4.58it/s, loss=0.0102]
0:00:39.565464 - saving /home/ubuntu/synthetic_pose_estimation/cosypose/local_data/experiments/bracket_assembly_debug_nut_nosym_coarse_noaug--938962 51
  0%|                                                     | 0/1 [00:00<?, ?it/s]0:00:39.980793 - iteration 0
0:00:40.025297 - outputs, {'pose': tensor([[-0.8315, -0.5845,  0.1547,  0.5065, -0.1764, -0.2458,  0.4210, -0.3603,
          0.6412]], device='cuda:0', grad_fn=<AddmmBackward0>)}
0:00:40.026979 - model_outputs {'pose': tensor([[-0.8315, -0.5845,  0.1547,  0.5065, -0.1764, -0.2458,  0.4210, -0.3603,
          0.6412]], device='cuda:0', grad_fn=<AddmmBackward0>)}
0:00:40.027786 - K crop tensor([[[1.8009e+03, 0.0000e+00, 2.3721e+02],
         [0.0000e+00, 1.8009e+03, 5.6353e+01],
         [0.0000e+00, 0.0000e+00, 1.0000e+00]]], device='cuda:0')
0:00:40.028651 - TCO_input tensor([[[ 1.0000,  0.0000,  0.0000, -0.0129],
         [ 0.0000,  1.0000,  0.0000,  0.0105],
         [ 0.0000,  0.0000,  1.0000,  0.2984],
         [ 0.0000,  0.0000,  0.0000,  1.0000]]], device='cuda:0')
0:00:40.030273 - model tco output tensor([[[-0.8088,  0.4740,  0.3481, -0.0082],
         [-0.5685, -0.7816, -0.2567,  0.0067],
         [ 0.1504, -0.4055,  0.9016,  0.1913],
         [ 0.0000,  0.0000,  0.0000,  1.0000]]], device='cuda:0',
       grad_fn=<CopySlices>)
0:00:40.068888 - Wrote debug data: /home/ubuntu/synthetic_pose_estimation/cosypose/local_data/debug_data/debug_iter=1.pth.tar
0:00:40.281878 - TCO_input tensor([[[ 1.0000,  0.0000,  0.0000, -0.0129],
         [ 0.0000,  1.0000,  0.0000,  0.0105],
         [ 0.0000,  0.0000,  1.0000,  0.2984],
         [ 0.0000,  0.0000,  0.0000,  1.0000]]], device='cuda:0')
0:00:40.282969 - vxvyvz tensor([[ 0.4210, -0.3603,  0.6412]], device='cuda:0',
       grad_fn=<SliceBackward0>)
0:00:40.284013 - dR tensor([[[-0.8088,  0.4740,  0.3481],
         [-0.5685, -0.7816, -0.2567],
         [ 0.1504, -0.4055,  0.9016]]], device='cuda:0',
       grad_fn=<StackBackward0>)
0:00:40.284918 - fxfy tensor([[1800.8754, 1800.8754]], device='cuda:0')
0:00:40.287454 - TCO_gt tensor([[[-0.7893,  0.4511,  0.4165, -0.0100],
         [-0.5688, -0.7927, -0.2192,  0.0062],
         [ 0.2313, -0.4099,  0.8823,  0.1920],
         [ 0.0000,  0.0000,  0.0000,  1.0000]]], device='cuda:0')
0:00:40.288387 - TCO pred_orn tensor([[[-0.8088,  0.4740,  0.3481, -0.0100],
         [-0.5685, -0.7816, -0.2567,  0.0062],
         [ 0.1504, -0.4055,  0.9016,  0.1920],
         [ 0.0000,  0.0000,  0.0000,  1.0000]]], device='cuda:0',
       grad_fn=<CopySlices>)
0:00:40.289380 - TCO pred_xy tensor([[[-0.7893,  0.4511,  0.4165, -0.0082],
         [-0.5688, -0.7927, -0.2192,  0.0067],
         [ 0.2313, -0.4099,  0.8823,  0.1920],
         [ 0.0000,  0.0000,  0.0000,  1.0000]]], device='cuda:0',
       grad_fn=<CopySlices>)
0:00:40.290309 - TCO pred_z tensor([[[-0.7893,  0.4511,  0.4165, -0.0100],
         [-0.5688, -0.7927, -0.2192,  0.0062],
         [ 0.2313, -0.4099,  0.8823,  0.1913],
         [ 0.0000,  0.0000,  0.0000,  1.0000]]], device='cuda:0',
       grad_fn=<CopySlices>)
0:00:40.290962 - loss orn tensor([0.0003], device='cuda:0', grad_fn=<MinBackward0>)
0:00:40.291602 - loss xy tensor([0.0008], device='cuda:0', grad_fn=<MinBackward0>)
0:00:40.292239 - loss z tensor([0.0002], device='cuda:0', grad_fn=<MinBackward0>)
  0%|                                       | 0/1 [00:00<?, ?it/s, loss=0.00129]100%|███████████████████████████████| 1/1 [00:00<00:00,  4.55it/s, loss=0.00129]100%|███████████████████████████████| 1/1 [00:00<00:00,  4.54it/s, loss=0.00129]
0:00:40.049161 - saving /home/ubuntu/synthetic_pose_estimation/cosypose/local_data/experiments/bracket_assembly_debug_nut_nosym_coarse_noaug--938962 52
  0%|                                                     | 0/1 [00:00<?, ?it/s]0:00:40.464290 - iteration 0
0:00:40.508188 - outputs, {'pose': tensor([[-0.8345, -0.5997,  0.1592,  0.5025, -0.1719, -0.2437,  0.4147, -0.3626,
          0.6510]], device='cuda:0', grad_fn=<AddmmBackward0>)}
0:00:40.509784 - model_outputs {'pose': tensor([[-0.8345, -0.5997,  0.1592,  0.5025, -0.1719, -0.2437,  0.4147, -0.3626,
          0.6510]], device='cuda:0', grad_fn=<AddmmBackward0>)}
0:00:40.510563 - K crop tensor([[[1.6020e+03, 0.0000e+00, 2.4707e+02],
         [0.0000e+00, 1.6020e+03, 9.0834e+01],
         [0.0000e+00, 0.0000e+00, 1.0000e+00]]], device='cuda:0')
0:00:40.511425 - TCO_input tensor([[[ 1.0000,  0.0000,  0.0000, -0.0144],
         [ 0.0000,  1.0000,  0.0000,  0.0047],
         [ 0.0000,  0.0000,  1.0000,  0.2643],
         [ 0.0000,  0.0000,  0.0000,  1.0000]]], device='cuda:0')
0:00:40.512914 - model tco output tensor([[[-0.8025,  0.4819,  0.3519, -0.0094],
         [-0.5767, -0.7777, -0.2502,  0.0030],
         [ 0.1531, -0.4037,  0.9020,  0.1720],
         [ 0.0000,  0.0000,  0.0000,  1.0000]]], device='cuda:0',
       grad_fn=<CopySlices>)
0:00:40.551442 - Wrote debug data: /home/ubuntu/synthetic_pose_estimation/cosypose/local_data/debug_data/debug_iter=1.pth.tar
0:00:40.761930 - TCO_input tensor([[[ 1.0000,  0.0000,  0.0000, -0.0144],
         [ 0.0000,  1.0000,  0.0000,  0.0047],
         [ 0.0000,  0.0000,  1.0000,  0.2643],
         [ 0.0000,  0.0000,  0.0000,  1.0000]]], device='cuda:0')
0:00:40.762908 - vxvyvz tensor([[ 0.4147, -0.3626,  0.6510]], device='cuda:0',
       grad_fn=<SliceBackward0>)
0:00:40.763928 - dR tensor([[[-0.8025,  0.4819,  0.3519],
         [-0.5767, -0.7777, -0.2502],
         [ 0.1531, -0.4037,  0.9020]]], device='cuda:0',
       grad_fn=<StackBackward0>)
0:00:40.764810 - fxfy tensor([[1601.9746, 1601.9745]], device='cuda:0')
0:00:40.767352 - TCO_gt tensor([[[-0.7893,  0.4511,  0.4165, -0.0100],
         [-0.5688, -0.7927, -0.2192,  0.0062],
         [ 0.2313, -0.4099,  0.8823,  0.1920],
         [ 0.0000,  0.0000,  0.0000,  1.0000]]], device='cuda:0')
0:00:40.768276 - TCO pred_orn tensor([[[-0.8025,  0.4819,  0.3519, -0.0100],
         [-0.5767, -0.7777, -0.2502,  0.0062],
         [ 0.1531, -0.4037,  0.9020,  0.1920],
         [ 0.0000,  0.0000,  0.0000,  1.0000]]], device='cuda:0',
       grad_fn=<CopySlices>)
0:00:40.769199 - TCO pred_xy tensor([[[-0.7893,  0.4511,  0.4165, -0.0104],
         [-0.5688, -0.7927, -0.2192,  0.0034],
         [ 0.2313, -0.4099,  0.8823,  0.1920],
         [ 0.0000,  0.0000,  0.0000,  1.0000]]], device='cuda:0',
       grad_fn=<CopySlices>)
0:00:40.770125 - TCO pred_z tensor([[[-0.7893,  0.4511,  0.4165, -0.0100],
         [-0.5688, -0.7927, -0.2192,  0.0062],
         [ 0.2313, -0.4099,  0.8823,  0.1720],
         [ 0.0000,  0.0000,  0.0000,  1.0000]]], device='cuda:0',
       grad_fn=<CopySlices>)
0:00:40.770771 - loss orn tensor([0.0003], device='cuda:0', grad_fn=<MinBackward0>)
0:00:40.771402 - loss xy tensor([0.0011], device='cuda:0', grad_fn=<MinBackward0>)
0:00:40.772017 - loss z tensor([0.0066], device='cuda:0', grad_fn=<MinBackward0>)
  0%|                                       | 0/1 [00:00<?, ?it/s, loss=0.00803]100%|███████████████████████████████| 1/1 [00:00<00:00,  4.59it/s, loss=0.00803]100%|███████████████████████████████| 1/1 [00:00<00:00,  4.58it/s, loss=0.00803]
0:00:40.518204 - saving /home/ubuntu/synthetic_pose_estimation/cosypose/local_data/experiments/bracket_assembly_debug_nut_nosym_coarse_noaug--938962 53
  0%|                                                     | 0/1 [00:00<?, ?it/s]0:00:40.933639 - iteration 0
0:00:40.976886 - outputs, {'pose': tensor([[-0.8318, -0.6087,  0.1719,  0.5090, -0.1762, -0.2514,  0.4283, -0.3627,
          0.6619]], device='cuda:0', grad_fn=<AddmmBackward0>)}
0:00:40.978544 - model_outputs {'pose': tensor([[-0.8318, -0.6087,  0.1719,  0.5090, -0.1762, -0.2514,  0.4283, -0.3627,
          0.6619]], device='cuda:0', grad_fn=<AddmmBackward0>)}
0:00:40.979336 - K crop tensor([[[1.7652e+03, 0.0000e+00, 2.2020e+02],
         [0.0000e+00, 1.7652e+03, 8.4036e+01],
         [0.0000e+00, 0.0000e+00, 1.0000e+00]]], device='cuda:0')
0:00:40.980200 - TCO_input tensor([[[ 1.0000,  0.0000,  0.0000, -0.0100],
         [ 0.0000,  1.0000,  0.0000,  0.0058],
         [ 0.0000,  0.0000,  1.0000,  0.2909],
         [ 0.0000,  0.0000,  0.0000,  1.0000]]], device='cuda:0')
0:00:40.981112 - model tco output tensor([[[-0.7960,  0.4852,  0.3618, -0.0066],
         [-0.5825, -0.7766, -0.2400,  0.0038],
         [ 0.1645, -0.4018,  0.9008,  0.1925],
         [ 0.0000,  0.0000,  0.0000,  1.0000]]], device='cuda:0',
       grad_fn=<CopySlices>)
0:00:41.020665 - Wrote debug data: /home/ubuntu/synthetic_pose_estimation/cosypose/local_data/debug_data/debug_iter=1.pth.tar
0:00:41.231228 - TCO_input tensor([[[ 1.0000,  0.0000,  0.0000, -0.0100],
         [ 0.0000,  1.0000,  0.0000,  0.0058],
         [ 0.0000,  0.0000,  1.0000,  0.2909],
         [ 0.0000,  0.0000,  0.0000,  1.0000]]], device='cuda:0')
0:00:41.232215 - vxvyvz tensor([[ 0.4283, -0.3627,  0.6619]], device='cuda:0',
       grad_fn=<SliceBackward0>)
0:00:41.233262 - dR tensor([[[-0.7960,  0.4852,  0.3618],
         [-0.5825, -0.7766, -0.2400],
         [ 0.1645, -0.4018,  0.9008]]], device='cuda:0',
       grad_fn=<StackBackward0>)
0:00:41.234165 - fxfy tensor([[1765.1707, 1765.1708]], device='cuda:0')
0:00:41.236656 - TCO_gt tensor([[[-0.7893,  0.4511,  0.4165, -0.0100],
         [-0.5688, -0.7927, -0.2192,  0.0062],
         [ 0.2313, -0.4099,  0.8823,  0.1920],
         [ 0.0000,  0.0000,  0.0000,  1.0000]]], device='cuda:0')
0:00:41.237644 - TCO pred_orn tensor([[[-0.7960,  0.4852,  0.3618, -0.0100],
         [-0.5825, -0.7766, -0.2400,  0.0062],
         [ 0.1645, -0.4018,  0.9008,  0.1920],
         [ 0.0000,  0.0000,  0.0000,  1.0000]]], device='cuda:0',
       grad_fn=<CopySlices>)
0:00:41.238582 - TCO pred_xy tensor([[[-0.7893,  0.4511,  0.4165, -0.0066],
         [-0.5688, -0.7927, -0.2192,  0.0038],
         [ 0.2313, -0.4099,  0.8823,  0.1920],
         [ 0.0000,  0.0000,  0.0000,  1.0000]]], device='cuda:0',
       grad_fn=<CopySlices>)
0:00:41.239491 - TCO pred_z tensor([[[-0.7893,  0.4511,  0.4165, -0.0100],
         [-0.5688, -0.7927, -0.2192,  0.0062],
         [ 0.2313, -0.4099,  0.8823,  0.1925],
         [ 0.0000,  0.0000,  0.0000,  1.0000]]], device='cuda:0',
       grad_fn=<CopySlices>)
0:00:41.240135 - loss orn tensor([0.0003], device='cuda:0', grad_fn=<MinBackward0>)
0:00:41.240771 - loss xy tensor([0.0019], device='cuda:0', grad_fn=<MinBackward0>)
0:00:41.241447 - loss z tensor([0.0002], device='cuda:0', grad_fn=<MinBackward0>)
  0%|                                        | 0/1 [00:00<?, ?it/s, loss=0.0024]100%|████████████████████████████████| 1/1 [00:00<00:00,  4.58it/s, loss=0.0024]100%|████████████████████████████████| 1/1 [00:00<00:00,  4.57it/s, loss=0.0024]
0:00:40.985483 - saving /home/ubuntu/synthetic_pose_estimation/cosypose/local_data/experiments/bracket_assembly_debug_nut_nosym_coarse_noaug--938962 54
  0%|                                                     | 0/1 [00:00<?, ?it/s]0:00:41.404727 - iteration 0
0:00:41.458058 - outputs, {'pose': tensor([[-0.8351, -0.6166,  0.1960,  0.5066, -0.1705, -0.2446,  0.4288, -0.3692,
          0.6849]], device='cuda:0', grad_fn=<AddmmBackward0>)}
0:00:41.459657 - model_outputs {'pose': tensor([[-0.8351, -0.6166,  0.1960,  0.5066, -0.1705, -0.2446,  0.4288, -0.3692,
          0.6849]], device='cuda:0', grad_fn=<AddmmBackward0>)}
0:00:41.460441 - K crop tensor([[[1.8980e+03, 0.0000e+00, 2.7880e+02],
         [0.0000e+00, 1.8980e+03, 2.7887e+01],
         [0.0000e+00, 0.0000e+00, 1.0000e+00]]], device='cuda:0')
0:00:41.461297 - TCO_input tensor([[[ 1.0000,  0.0000,  0.0000, -0.0199],
         [ 0.0000,  1.0000,  0.0000,  0.0152],
         [ 0.0000,  0.0000,  1.0000,  0.3158],
         [ 0.0000,  0.0000,  0.0000,  1.0000]]], device='cuda:0')
0:00:41.462212 - model tco output tensor([[[-0.7905,  0.4902,  0.3672, -0.0135],
         [-0.5837, -0.7846, -0.2091,  0.0104],
         [ 0.1856, -0.3796,  0.9063,  0.2163],
         [ 0.0000,  0.0000,  0.0000,  1.0000]]], device='cuda:0',
       grad_fn=<CopySlices>)
0:00:41.500704 - Wrote debug data: /home/ubuntu/synthetic_pose_estimation/cosypose/local_data/debug_data/debug_iter=1.pth.tar
0:00:41.710402 - TCO_input tensor([[[ 1.0000,  0.0000,  0.0000, -0.0199],
         [ 0.0000,  1.0000,  0.0000,  0.0152],
         [ 0.0000,  0.0000,  1.0000,  0.3158],
         [ 0.0000,  0.0000,  0.0000,  1.0000]]], device='cuda:0')
0:00:41.711344 - vxvyvz tensor([[ 0.4288, -0.3692,  0.6849]], device='cuda:0',
       grad_fn=<SliceBackward0>)
0:00:41.712295 - dR tensor([[[-0.7905,  0.4902,  0.3672],
         [-0.5837, -0.7846, -0.2091],
         [ 0.1856, -0.3796,  0.9063]]], device='cuda:0',
       grad_fn=<StackBackward0>)
0:00:41.713147 - fxfy tensor([[1897.9510, 1897.9509]], device='cuda:0')
0:00:41.715632 - TCO_gt tensor([[[-0.7893,  0.4511,  0.4165, -0.0100],
         [-0.5688, -0.7927, -0.2192,  0.0062],
         [ 0.2313, -0.4099,  0.8823,  0.1920],
         [ 0.0000,  0.0000,  0.0000,  1.0000]]], device='cuda:0')
0:00:41.716537 - TCO pred_orn tensor([[[-0.7905,  0.4902,  0.3672, -0.0100],
         [-0.5837, -0.7846, -0.2091,  0.0062],
         [ 0.1856, -0.3796,  0.9063,  0.1920],
         [ 0.0000,  0.0000,  0.0000,  1.0000]]], device='cuda:0',
       grad_fn=<CopySlices>)
0:00:41.717476 - TCO pred_xy tensor([[[-0.7893,  0.4511,  0.4165, -0.0120],
         [-0.5688, -0.7927, -0.2192,  0.0092],
         [ 0.2313, -0.4099,  0.8823,  0.1920],
         [ 0.0000,  0.0000,  0.0000,  1.0000]]], device='cuda:0',
       grad_fn=<CopySlices>)
0:00:41.718430 - TCO pred_z tensor([[[-0.7893,  0.4511,  0.4165, -0.0100],
         [-0.5688, -0.7927, -0.2192,  0.0062],
         [ 0.2313, -0.4099,  0.8823,  0.2163],
         [ 0.0000,  0.0000,  0.0000,  1.0000]]], device='cuda:0',
       grad_fn=<CopySlices>)
0:00:41.719066 - loss orn tensor([0.0002], device='cuda:0', grad_fn=<MinBackward0>)
0:00:41.719678 - loss xy tensor([0.0017], device='cuda:0', grad_fn=<MinBackward0>)
0:00:41.720300 - loss z tensor([0.0081], device='cuda:0', grad_fn=<MinBackward0>)
  0%|                                          | 0/1 [00:00<?, ?it/s, loss=0.01]100%|██████████████████████████████████| 1/1 [00:00<00:00,  4.37it/s, loss=0.01]100%|██████████████████████████████████| 1/1 [00:00<00:00,  4.36it/s, loss=0.01]
0:00:41.467271 - saving /home/ubuntu/synthetic_pose_estimation/cosypose/local_data/experiments/bracket_assembly_debug_nut_nosym_coarse_noaug--938962 55
  0%|                                                     | 0/1 [00:00<?, ?it/s]0:00:41.882414 - iteration 0
0:00:41.925362 - outputs, {'pose': tensor([[-0.8355, -0.6075,  0.2165,  0.5113, -0.1677, -0.2509,  0.4302, -0.3609,
          0.6757]], device='cuda:0', grad_fn=<AddmmBackward0>)}
0:00:41.926877 - model_outputs {'pose': tensor([[-0.8355, -0.6075,  0.2165,  0.5113, -0.1677, -0.2509,  0.4302, -0.3609,
          0.6757]], device='cuda:0', grad_fn=<AddmmBackward0>)}
0:00:41.927640 - K crop tensor([[[2.0578e+03, 0.0000e+00, 2.5921e+02],
         [0.0000e+00, 2.0578e+03, 7.0841e+01],
         [0.0000e+00, 0.0000e+00, 1.0000e+00]]], device='cuda:0')
0:00:41.928487 - TCO_input tensor([[[ 1.0000,  0.0000,  0.0000, -0.0164],
         [ 0.0000,  1.0000,  0.0000,  0.0080],
         [ 0.0000,  0.0000,  1.0000,  0.3386],
         [ 0.0000,  0.0000,  0.0000,  1.0000]]], device='cuda:0')
0:00:41.929396 - model tco output tensor([[[-0.7916,  0.4796,  0.3786, -0.0110],
         [-0.5755, -0.7933, -0.1984,  0.0054],
         [ 0.2052, -0.3750,  0.9041,  0.2288],
         [ 0.0000,  0.0000,  0.0000,  1.0000]]], device='cuda:0',
       grad_fn=<CopySlices>)
0:00:41.966409 - Wrote debug data: /home/ubuntu/synthetic_pose_estimation/cosypose/local_data/debug_data/debug_iter=1.pth.tar
0:00:42.176350 - TCO_input tensor([[[ 1.0000,  0.0000,  0.0000, -0.0164],
         [ 0.0000,  1.0000,  0.0000,  0.0080],
         [ 0.0000,  0.0000,  1.0000,  0.3386],
         [ 0.0000,  0.0000,  0.0000,  1.0000]]], device='cuda:0')
0:00:42.177335 - vxvyvz tensor([[ 0.4302, -0.3609,  0.6757]], device='cuda:0',
       grad_fn=<SliceBackward0>)
0:00:42.178290 - dR tensor([[[-0.7916,  0.4796,  0.3786],
         [-0.5755, -0.7933, -0.1984],
         [ 0.2052, -0.3750,  0.9041]]], device='cuda:0',
       grad_fn=<StackBackward0>)
0:00:42.179159 - fxfy tensor([[2057.8059, 2057.8062]], device='cuda:0')
0:00:42.181646 - TCO_gt tensor([[[-0.7893,  0.4511,  0.4165, -0.0100],
         [-0.5688, -0.7927, -0.2192,  0.0062],
         [ 0.2313, -0.4099,  0.8823,  0.1920],
         [ 0.0000,  0.0000,  0.0000,  1.0000]]], device='cuda:0')
0:00:42.182577 - TCO pred_orn tensor([[[-0.7916,  0.4796,  0.3786, -0.0100],
         [-0.5755, -0.7933, -0.1984,  0.0062],
         [ 0.2052, -0.3750,  0.9041,  0.1920],
         [ 0.0000,  0.0000,  0.0000,  1.0000]]], device='cuda:0',
       grad_fn=<CopySlices>)
0:00:42.183458 - TCO pred_xy tensor([[[-0.7893,  0.4511,  0.4165, -0.0093],
         [-0.5688, -0.7927, -0.2192,  0.0045],
         [ 0.2313, -0.4099,  0.8823,  0.1920],
         [ 0.0000,  0.0000,  0.0000,  1.0000]]], device='cuda:0',
       grad_fn=<CopySlices>)
0:00:42.184352 - TCO pred_z tensor([[[-0.7893,  0.4511,  0.4165, -0.0100],
         [-0.5688, -0.7927, -0.2192,  0.0062],
         [ 0.2313, -0.4099,  0.8823,  0.2288],
         [ 0.0000,  0.0000,  0.0000,  1.0000]]], device='cuda:0',
       grad_fn=<CopySlices>)
0:00:42.184982 - loss orn tensor([0.0002], device='cuda:0', grad_fn=<MinBackward0>)
0:00:42.185631 - loss xy tensor([0.0008], device='cuda:0', grad_fn=<MinBackward0>)
0:00:42.186242 - loss z tensor([0.0123], device='cuda:0', grad_fn=<MinBackward0>)
  0%|                                        | 0/1 [00:00<?, ?it/s, loss=0.0133]100%|████████████████████████████████| 1/1 [00:00<00:00,  4.73it/s, loss=0.0133]100%|████████████████████████████████| 1/1 [00:00<00:00,  4.72it/s, loss=0.0133]
0:00:41.933913 - saving /home/ubuntu/synthetic_pose_estimation/cosypose/local_data/experiments/bracket_assembly_debug_nut_nosym_coarse_noaug--938962 56
  0%|                                                     | 0/1 [00:00<?, ?it/s]0:00:42.349080 - iteration 0
0:00:42.392851 - outputs, {'pose': tensor([[-0.8427, -0.6137,  0.2332,  0.4958, -0.1727, -0.2768,  0.4379, -0.3669,
          0.6865]], device='cuda:0', grad_fn=<AddmmBackward0>)}
0:00:42.394513 - model_outputs {'pose': tensor([[-0.8427, -0.6137,  0.2332,  0.4958, -0.1727, -0.2768,  0.4379, -0.3669,
          0.6865]], device='cuda:0', grad_fn=<AddmmBackward0>)}
0:00:42.395293 - K crop tensor([[[1.9034e+03, 0.0000e+00, 2.2891e+02],
         [0.0000e+00, 1.9034e+03, 7.8664e+01],
         [0.0000e+00, 0.0000e+00, 1.0000e+00]]], device='cuda:0')
0:00:42.396132 - TCO_input tensor([[[ 1.0000,  0.0000,  0.0000, -0.0114],
         [ 0.0000,  1.0000,  0.0000,  0.0067],
         [ 0.0000,  0.0000,  1.0000,  0.3134],
         [ 0.0000,  0.0000,  0.0000,  1.0000]]], device='cuda:0')
0:00:42.397038 - model tco output tensor([[[-0.7889,  0.4562,  0.4119, -0.0078],
         [-0.5745, -0.7854, -0.2306,  0.0046],
         [ 0.2183, -0.4185,  0.8816,  0.2151],
         [ 0.0000,  0.0000,  0.0000,  1.0000]]], device='cuda:0',
       grad_fn=<CopySlices>)
0:00:42.435850 - Wrote debug data: /home/ubuntu/synthetic_pose_estimation/cosypose/local_data/debug_data/debug_iter=1.pth.tar
0:00:42.647836 - TCO_input tensor([[[ 1.0000,  0.0000,  0.0000, -0.0114],
         [ 0.0000,  1.0000,  0.0000,  0.0067],
         [ 0.0000,  0.0000,  1.0000,  0.3134],
         [ 0.0000,  0.0000,  0.0000,  1.0000]]], device='cuda:0')
0:00:42.648887 - vxvyvz tensor([[ 0.4379, -0.3669,  0.6865]], device='cuda:0',
       grad_fn=<SliceBackward0>)
0:00:42.649950 - dR tensor([[[-0.7889,  0.4562,  0.4119],
         [-0.5745, -0.7854, -0.2306],
         [ 0.2183, -0.4185,  0.8816]]], device='cuda:0',
       grad_fn=<StackBackward0>)
0:00:42.650897 - fxfy tensor([[1903.3590, 1903.3594]], device='cuda:0')
0:00:42.653470 - TCO_gt tensor([[[-0.7893,  0.4511,  0.4165, -0.0100],
         [-0.5688, -0.7927, -0.2192,  0.0062],
         [ 0.2313, -0.4099,  0.8823,  0.1920],
         [ 0.0000,  0.0000,  0.0000,  1.0000]]], device='cuda:0')
0:00:42.654416 - TCO pred_orn tensor([[[-0.7889,  0.4562,  0.4119, -0.0100],
         [-0.5745, -0.7854, -0.2306,  0.0062],
         [ 0.2183, -0.4185,  0.8816,  0.1920],
         [ 0.0000,  0.0000,  0.0000,  1.0000]]], device='cuda:0',
       grad_fn=<CopySlices>)
0:00:42.655371 - TCO pred_xy tensor([[[-0.7893,  0.4511,  0.4165, -0.0070],
         [-0.5688, -0.7927, -0.2192,  0.0041],
         [ 0.2313, -0.4099,  0.8823,  0.1920],
         [ 0.0000,  0.0000,  0.0000,  1.0000]]], device='cuda:0',
       grad_fn=<CopySlices>)
0:00:42.656307 - TCO pred_z tensor([[[-0.7893,  0.4511,  0.4165, -0.0100],
         [-0.5688, -0.7927, -0.2192,  0.0062],
         [ 0.2313, -0.4099,  0.8823,  0.2151],
         [ 0.0000,  0.0000,  0.0000,  1.0000]]], device='cuda:0',
       grad_fn=<CopySlices>)
0:00:42.656990 - loss orn tensor([6.4674e-05], device='cuda:0', grad_fn=<MinBackward0>)
0:00:42.657668 - loss xy tensor([0.0017], device='cuda:0', grad_fn=<MinBackward0>)
0:00:42.658324 - loss z tensor([0.0077], device='cuda:0', grad_fn=<MinBackward0>)
  0%|                                        | 0/1 [00:00<?, ?it/s, loss=0.0095]100%|████████████████████████████████| 1/1 [00:00<00:00,  4.61it/s, loss=0.0095]100%|████████████████████████████████| 1/1 [00:00<00:00,  4.60it/s, loss=0.0095]
0:00:42.410347 - saving /home/ubuntu/synthetic_pose_estimation/cosypose/local_data/experiments/bracket_assembly_debug_nut_nosym_coarse_noaug--938962 57
  0%|                                                     | 0/1 [00:00<?, ?it/s]0:00:42.825786 - iteration 0
0:00:42.869686 - outputs, {'pose': tensor([[-0.8388, -0.6060,  0.2498,  0.4919, -0.1631, -0.2849,  0.4290, -0.3681,
          0.6845]], device='cuda:0', grad_fn=<AddmmBackward0>)}
0:00:42.871361 - model_outputs {'pose': tensor([[-0.8388, -0.6060,  0.2498,  0.4919, -0.1631, -0.2849,  0.4290, -0.3681,
          0.6845]], device='cuda:0', grad_fn=<AddmmBackward0>)}
0:00:42.872194 - K crop tensor([[[1.8922e+03, 0.0000e+00, 2.5395e+02],
         [0.0000e+00, 1.8922e+03, 4.6761e+01],
         [0.0000e+00, 0.0000e+00, 1.0000e+00]]], device='cuda:0')
0:00:42.873082 - TCO_input tensor([[[ 1.0000,  0.0000,  0.0000, -0.0157],
         [ 0.0000,  1.0000,  0.0000,  0.0121],
         [ 0.0000,  0.0000,  1.0000,  0.3137],
         [ 0.0000,  0.0000,  0.0000,  1.0000]]], device='cuda:0')
0:00:42.874732 - model tco output tensor([[[-0.7880,  0.4423,  0.4283, -0.0107],
         [-0.5693, -0.7884, -0.2330,  0.0082],
         [ 0.2346, -0.4275,  0.8730,  0.2147],
         [ 0.0000,  0.0000,  0.0000,  1.0000]]], device='cuda:0',
       grad_fn=<CopySlices>)
0:00:42.913613 - Wrote debug data: /home/ubuntu/synthetic_pose_estimation/cosypose/local_data/debug_data/debug_iter=1.pth.tar
0:00:43.125586 - TCO_input tensor([[[ 1.0000,  0.0000,  0.0000, -0.0157],
         [ 0.0000,  1.0000,  0.0000,  0.0121],
         [ 0.0000,  0.0000,  1.0000,  0.3137],
         [ 0.0000,  0.0000,  0.0000,  1.0000]]], device='cuda:0')
0:00:43.126759 - vxvyvz tensor([[ 0.4290, -0.3681,  0.6845]], device='cuda:0',
       grad_fn=<SliceBackward0>)
0:00:43.127892 - dR tensor([[[-0.7880,  0.4423,  0.4283],
         [-0.5693, -0.7884, -0.2330],
         [ 0.2346, -0.4275,  0.8730]]], device='cuda:0',
       grad_fn=<StackBackward0>)
0:00:43.128841 - fxfy tensor([[1892.1505, 1892.1506]], device='cuda:0')
0:00:43.131468 - TCO_gt tensor([[[-0.7893,  0.4511,  0.4165, -0.0100],
         [-0.5688, -0.7927, -0.2192,  0.0062],
         [ 0.2313, -0.4099,  0.8823,  0.1920],
         [ 0.0000,  0.0000,  0.0000,  1.0000]]], device='cuda:0')
0:00:43.132430 - TCO pred_orn tensor([[[-0.7880,  0.4423,  0.4283, -0.0100],
         [-0.5693, -0.7884, -0.2330,  0.0062],
         [ 0.2346, -0.4275,  0.8730,  0.1920],
         [ 0.0000,  0.0000,  0.0000,  1.0000]]], device='cuda:0',
       grad_fn=<CopySlices>)
0:00:43.133437 - TCO pred_xy tensor([[[-0.7893,  0.4511,  0.4165, -0.0095],
         [-0.5688, -0.7927, -0.2192,  0.0073],
         [ 0.2313, -0.4099,  0.8823,  0.1920],
         [ 0.0000,  0.0000,  0.0000,  1.0000]]], device='cuda:0',
       grad_fn=<CopySlices>)
0:00:43.134370 - TCO pred_z tensor([[[-0.7893,  0.4511,  0.4165, -0.0100],
         [-0.5688, -0.7927, -0.2192,  0.0062],
         [ 0.2313, -0.4099,  0.8823,  0.2147],
         [ 0.0000,  0.0000,  0.0000,  1.0000]]], device='cuda:0',
       grad_fn=<CopySlices>)
0:00:43.135042 - loss orn tensor([7.9140e-05], device='cuda:0', grad_fn=<MinBackward0>)
0:00:43.135701 - loss xy tensor([0.0005], device='cuda:0', grad_fn=<MinBackward0>)
0:00:43.136330 - loss z tensor([0.0076], device='cuda:0', grad_fn=<MinBackward0>)
  0%|                                        | 0/1 [00:00<?, ?it/s, loss=0.0082]100%|████████████████████████████████| 1/1 [00:00<00:00,  4.51it/s, loss=0.0082]100%|████████████████████████████████| 1/1 [00:00<00:00,  4.50it/s, loss=0.0082]
0:00:42.892059 - saving /home/ubuntu/synthetic_pose_estimation/cosypose/local_data/experiments/bracket_assembly_debug_nut_nosym_coarse_noaug--938962 58
  0%|                                                     | 0/1 [00:00<?, ?it/s]0:00:43.307265 - iteration 0
0:00:43.350432 - outputs, {'pose': tensor([[-0.8458, -0.6033,  0.2698,  0.4916, -0.1645, -0.2846,  0.4232, -0.3567,
          0.6722]], device='cuda:0', grad_fn=<AddmmBackward0>)}
0:00:43.351949 - model_outputs {'pose': tensor([[-0.8458, -0.6033,  0.2698,  0.4916, -0.1645, -0.2846,  0.4232, -0.3567,
          0.6722]], device='cuda:0', grad_fn=<AddmmBackward0>)}
0:00:43.352712 - K crop tensor([[[1.9732e+03, 0.0000e+00, 2.5215e+02],
         [0.0000e+00, 1.9732e+03, 7.5702e+01],
         [0.0000e+00, 0.0000e+00, 1.0000e+00]]], device='cuda:0')
0:00:43.353582 - TCO_input tensor([[[ 1.0000,  0.0000,  0.0000, -0.0152],
         [ 0.0000,  1.0000,  0.0000,  0.0072],
         [ 0.0000,  0.0000,  1.0000,  0.3247],
         [ 0.0000,  0.0000,  0.0000,  1.0000]]], device='cuda:0')
0:00:43.354463 - model tco output tensor([[[-0.7880,  0.4370,  0.4337, -0.0102],
         [-0.5620, -0.7981, -0.2169,  0.0048],
         [ 0.2513, -0.4147,  0.8746,  0.2183],
         [ 0.0000,  0.0000,  0.0000,  1.0000]]], device='cuda:0',
       grad_fn=<CopySlices>)
0:00:43.392093 - Wrote debug data: /home/ubuntu/synthetic_pose_estimation/cosypose/local_data/debug_data/debug_iter=1.pth.tar
0:00:43.602031 - TCO_input tensor([[[ 1.0000,  0.0000,  0.0000, -0.0152],
         [ 0.0000,  1.0000,  0.0000,  0.0072],
         [ 0.0000,  0.0000,  1.0000,  0.3247],
         [ 0.0000,  0.0000,  0.0000,  1.0000]]], device='cuda:0')
0:00:43.602983 - vxvyvz tensor([[ 0.4232, -0.3567,  0.6722]], device='cuda:0',
       grad_fn=<SliceBackward0>)
0:00:43.603941 - dR tensor([[[-0.7880,  0.4370,  0.4337],
         [-0.5620, -0.7981, -0.2169],
         [ 0.2513, -0.4147,  0.8746]]], device='cuda:0',
       grad_fn=<StackBackward0>)
0:00:43.604802 - fxfy tensor([[1973.1705, 1973.1710]], device='cuda:0')
0:00:43.607300 - TCO_gt tensor([[[-0.7893,  0.4511,  0.4165, -0.0100],
         [-0.5688, -0.7927, -0.2192,  0.0062],
         [ 0.2313, -0.4099,  0.8823,  0.1920],
         [ 0.0000,  0.0000,  0.0000,  1.0000]]], device='cuda:0')
0:00:43.608219 - TCO pred_orn tensor([[[-0.7880,  0.4370,  0.4337, -0.0100],
         [-0.5620, -0.7981, -0.2169,  0.0062],
         [ 0.2513, -0.4147,  0.8746,  0.1920],
         [ 0.0000,  0.0000,  0.0000,  1.0000]]], device='cuda:0',
       grad_fn=<CopySlices>)
0:00:43.609113 - TCO pred_xy tensor([[[-0.7893,  0.4511,  0.4165, -0.0090],
         [-0.5688, -0.7927, -0.2192,  0.0042],
         [ 0.2313, -0.4099,  0.8823,  0.1920],
         [ 0.0000,  0.0000,  0.0000,  1.0000]]], device='cuda:0',
       grad_fn=<CopySlices>)
0:00:43.610058 - TCO pred_z tensor([[[-0.7893,  0.4511,  0.4165, -0.0100],
         [-0.5688, -0.7927, -0.2192,  0.0062],
         [ 0.2313, -0.4099,  0.8823,  0.2183],
         [ 0.0000,  0.0000,  0.0000,  1.0000]]], device='cuda:0',
       grad_fn=<CopySlices>)
0:00:43.610686 - loss orn tensor([9.3972e-05], device='cuda:0', grad_fn=<MinBackward0>)
0:00:43.611296 - loss xy tensor([0.0010], device='cuda:0', grad_fn=<MinBackward0>)
0:00:43.611904 - loss z tensor([0.0088], device='cuda:0', grad_fn=<MinBackward0>)
  0%|                                       | 0/1 [00:00<?, ?it/s, loss=0.00986]100%|███████████████████████████████| 1/1 [00:00<00:00,  4.69it/s, loss=0.00986]100%|███████████████████████████████| 1/1 [00:00<00:00,  4.68it/s, loss=0.00986]
0:00:43.359834 - saving /home/ubuntu/synthetic_pose_estimation/cosypose/local_data/experiments/bracket_assembly_debug_nut_nosym_coarse_noaug--938962 59
  0%|                                                     | 0/1 [00:00<?, ?it/s]0:00:43.775104 - iteration 0
0:00:43.817939 - outputs, {'pose': tensor([[-0.8497, -0.6097,  0.2900,  0.4976, -0.1708, -0.2858,  0.4168, -0.3543,
          0.6644]], device='cuda:0', grad_fn=<AddmmBackward0>)}
0:00:43.819446 - model_outputs {'pose': tensor([[-0.8497, -0.6097,  0.2900,  0.4976, -0.1708, -0.2858,  0.4168, -0.3543,
          0.6644]], device='cuda:0', grad_fn=<AddmmBackward0>)}
0:00:43.820196 - K crop tensor([[[1.8739e+03, 0.0000e+00, 2.7040e+02],
         [0.0000e+00, 1.8739e+03, 6.4022e+01],
         [0.0000e+00, 0.0000e+00, 1.0000e+00]]], device='cuda:0')
0:00:43.821028 - TCO_input tensor([[[ 1.0000,  0.0000,  0.0000, -0.0183],
         [ 0.0000,  1.0000,  0.0000,  0.0092],
         [ 0.0000,  0.0000,  1.0000,  0.3096],
         [ 0.0000,  0.0000,  0.0000,  1.0000]]], device='cuda:0')
0:00:43.821973 - model tco output tensor([[[-0.7829,  0.4417,  0.4381, -0.0121],
         [-0.5618, -0.8045, -0.1930,  0.0061],
         [ 0.2672, -0.3972,  0.8780,  0.2057],
         [ 0.0000,  0.0000,  0.0000,  1.0000]]], device='cuda:0',
       grad_fn=<CopySlices>)
0:00:43.860096 - Wrote debug data: /home/ubuntu/synthetic_pose_estimation/cosypose/local_data/debug_data/debug_iter=1.pth.tar
0:00:44.073355 - TCO_input tensor([[[ 1.0000,  0.0000,  0.0000, -0.0183],
         [ 0.0000,  1.0000,  0.0000,  0.0092],
         [ 0.0000,  0.0000,  1.0000,  0.3096],
         [ 0.0000,  0.0000,  0.0000,  1.0000]]], device='cuda:0')
0:00:44.074408 - vxvyvz tensor([[ 0.4168, -0.3543,  0.6644]], device='cuda:0',
       grad_fn=<SliceBackward0>)
0:00:44.075426 - dR tensor([[[-0.7829,  0.4417,  0.4381],
         [-0.5618, -0.8045, -0.1930],
         [ 0.2672, -0.3972,  0.8780]]], device='cuda:0',
       grad_fn=<StackBackward0>)
0:00:44.076319 - fxfy tensor([[1873.9308, 1873.9308]], device='cuda:0')
0:00:44.078901 - TCO_gt tensor([[[-0.7893,  0.4511,  0.4165, -0.0100],
         [-0.5688, -0.7927, -0.2192,  0.0062],
         [ 0.2313, -0.4099,  0.8823,  0.1920],
         [ 0.0000,  0.0000,  0.0000,  1.0000]]], device='cuda:0')
0:00:44.079843 - TCO pred_orn tensor([[[-0.7829,  0.4417,  0.4381, -0.0100],
         [-0.5618, -0.8045, -0.1930,  0.0062],
         [ 0.2672, -0.3972,  0.8780,  0.1920],
         [ 0.0000,  0.0000,  0.0000,  1.0000]]], device='cuda:0',
       grad_fn=<CopySlices>)
0:00:44.080787 - TCO pred_xy tensor([[[-0.7893,  0.4511,  0.4165, -0.0113],
         [-0.5688, -0.7927, -0.2192,  0.0056],
         [ 0.2313, -0.4099,  0.8823,  0.1920],
         [ 0.0000,  0.0000,  0.0000,  1.0000]]], device='cuda:0',
       grad_fn=<CopySlices>)
0:00:44.081746 - TCO pred_z tensor([[[-0.7893,  0.4511,  0.4165, -0.0100],
         [-0.5688, -0.7927, -0.2192,  0.0062],
         [ 0.2313, -0.4099,  0.8823,  0.2057],
         [ 0.0000,  0.0000,  0.0000,  1.0000]]], device='cuda:0',
       grad_fn=<CopySlices>)
0:00:44.082419 - loss orn tensor([0.0002], device='cuda:0', grad_fn=<MinBackward0>)
0:00:44.083055 - loss xy tensor([0.0006], device='cuda:0', grad_fn=<MinBackward0>)
0:00:44.083692 - loss z tensor([0.0046], device='cuda:0', grad_fn=<MinBackward0>)
  0%|                                       | 0/1 [00:00<?, ?it/s, loss=0.00534]100%|███████████████████████████████| 1/1 [00:00<00:00,  4.63it/s, loss=0.00534]100%|███████████████████████████████| 1/1 [00:00<00:00,  4.62it/s, loss=0.00534]
  0%|                                                     | 0/1 [00:00<?, ?it/s]0:00:43.991318 - iteration 0
0:00:44.027691 - outputs, {'pose': tensor([[-3.8370e-05, -8.2806e-04, -1.4014e-02,  2.5365e-02, -4.0260e-03,
         -1.9180e-02,  2.8699e-03, -1.3358e-02,  6.4994e-03]], device='cuda:0')}
0:00:44.029301 - model_outputs {'pose': tensor([[-3.8370e-05, -8.2806e-04, -1.4014e-02,  2.5365e-02, -4.0260e-03,
         -1.9180e-02,  2.8699e-03, -1.3358e-02,  6.4994e-03]], device='cuda:0')}
0:00:44.030126 - K crop tensor([[[1.8677e+03, 0.0000e+00, 2.6197e+02],
         [0.0000e+00, 1.8677e+03, 9.1965e+01],
         [0.0000e+00, 0.0000e+00, 1.0000e+00]]], device='cuda:0')
0:00:44.030985 - TCO_input tensor([[[ 1.0000,  0.0000,  0.0000, -0.0168],
         [ 0.0000,  1.0000,  0.0000,  0.0045],
         [ 0.0000,  0.0000,  1.0000,  0.3068],
         [ 0.0000,  0.0000,  0.0000,  1.0000]]], device='cuda:0')
0:00:44.031872 - model tco output tensor([[[-2.7333e-03,  9.9360e-01, -1.1288e-01, -1.0938e-04],
         [-5.8987e-02, -1.1285e-01, -9.9186e-01,  2.9380e-05],
         [-9.9826e-01,  3.9476e-03,  5.8918e-02,  1.9938e-03],
         [ 0.0000e+00,  0.0000e+00,  0.0000e+00,  1.0000e+00]]],
       device='cuda:0')
0:00:44.070662 - Wrote debug data: /home/ubuntu/synthetic_pose_estimation/cosypose/local_data/debug_data/debug_iter=1.pth.tar
0:00:44.282050 - TCO_input tensor([[[ 1.0000,  0.0000,  0.0000, -0.0168],
         [ 0.0000,  1.0000,  0.0000,  0.0045],
         [ 0.0000,  0.0000,  1.0000,  0.3068],
         [ 0.0000,  0.0000,  0.0000,  1.0000]]], device='cuda:0')
0:00:44.283100 - vxvyvz tensor([[ 0.0029, -0.0134,  0.0065]], device='cuda:0')
0:00:44.284106 - dR tensor([[[-0.0027,  0.9936, -0.1129],
         [-0.0590, -0.1128, -0.9919],
         [-0.9983,  0.0039,  0.0589]]], device='cuda:0')
0:00:44.284993 - fxfy tensor([[1867.6802, 1867.6802]], device='cuda:0')
0:00:44.287382 - TCO_gt tensor([[[-0.7893,  0.4511,  0.4165, -0.0100],
         [-0.5688, -0.7927, -0.2192,  0.0062],
         [ 0.2313, -0.4099,  0.8823,  0.1920],
         [ 0.0000,  0.0000,  0.0000,  1.0000]]], device='cuda:0')
0:00:44.288313 - TCO pred_orn tensor([[[-0.0027,  0.9936, -0.1129, -0.0100],
         [-0.0590, -0.1128, -0.9919,  0.0062],
         [-0.9983,  0.0039,  0.0589,  0.1920],
         [ 0.0000,  0.0000,  0.0000,  1.0000]]], device='cuda:0')
0:00:44.289257 - TCO pred_xy tensor([[[-0.7893,  0.4511,  0.4165, -0.0105],
         [-0.5688, -0.7927, -0.2192,  0.0028],
         [ 0.2313, -0.4099,  0.8823,  0.1920],
         [ 0.0000,  0.0000,  0.0000,  1.0000]]], device='cuda:0')
0:00:44.290172 - TCO pred_z tensor([[[-0.7893,  0.4511,  0.4165, -0.0100],
         [-0.5688, -0.7927, -0.2192,  0.0062],
         [ 0.2313, -0.4099,  0.8823,  0.0020],
         [ 0.0000,  0.0000,  0.0000,  1.0000]]], device='cuda:0')
0:00:44.290824 - loss orn tensor([0.0067], device='cuda:0')
0:00:44.291472 - loss xy tensor([0.0013], device='cuda:0')
0:00:44.292112 - loss z tensor([0.0633], device='cuda:0')
100%|█████████████████████████████████████████████| 1/1 [00:00<00:00,  8.34it/s]100%|█████████████████████████████████████████████| 1/1 [00:00<00:00,  8.30it/s]
0:00:43.977070 - saving /home/ubuntu/synthetic_pose_estimation/cosypose/local_data/experiments/bracket_assembly_debug_nut_nosym_coarse_noaug--938962 60
  0%|                                                     | 0/1 [00:00<?, ?it/s]0:00:44.388874 - iteration 0
0:00:44.432275 - outputs, {'pose': tensor([[-0.8469, -0.6094,  0.2915,  0.4987, -0.1731, -0.2804,  0.4161, -0.3510,
          0.6539]], device='cuda:0', grad_fn=<AddmmBackward0>)}
0:00:44.433944 - model_outputs {'pose': tensor([[-0.8469, -0.6094,  0.2915,  0.4987, -0.1731, -0.2804,  0.4161, -0.3510,
          0.6539]], device='cuda:0', grad_fn=<AddmmBackward0>)}
0:00:44.434743 - K crop tensor([[[1.8326e+03, 0.0000e+00, 3.0564e+02],
         [0.0000e+00, 1.8326e+03, 5.1743e+01],
         [0.0000e+00, 0.0000e+00, 1.0000e+00]]], device='cuda:0')
0:00:44.435616 - TCO_input tensor([[[ 1.0000,  0.0000,  0.0000, -0.0242],
         [ 0.0000,  1.0000,  0.0000,  0.0112],
         [ 0.0000,  0.0000,  1.0000,  0.3038],
         [ 0.0000,  0.0000,  0.0000,  1.0000]]], device='cuda:0')
0:00:44.436520 - model tco output tensor([[[-0.7818,  0.4480,  0.4337, -0.0158],
         [-0.5625, -0.8068, -0.1806,  0.0073],
         [ 0.2690, -0.3852,  0.8827,  0.1986],
         [ 0.0000,  0.0000,  0.0000,  1.0000]]], device='cuda:0',
       grad_fn=<CopySlices>)
0:00:44.476337 - Wrote debug data: /home/ubuntu/synthetic_pose_estimation/cosypose/local_data/debug_data/debug_iter=1.pth.tar
0:00:44.689135 - TCO_input tensor([[[ 1.0000,  0.0000,  0.0000, -0.0242],
         [ 0.0000,  1.0000,  0.0000,  0.0112],
         [ 0.0000,  0.0000,  1.0000,  0.3038],
         [ 0.0000,  0.0000,  0.0000,  1.0000]]], device='cuda:0')
0:00:44.690210 - vxvyvz tensor([[ 0.4161, -0.3510,  0.6539]], device='cuda:0',
       grad_fn=<SliceBackward0>)
0:00:44.691260 - dR tensor([[[-0.7818,  0.4480,  0.4337],
         [-0.5625, -0.8068, -0.1806],
         [ 0.2690, -0.3852,  0.8827]]], device='cuda:0',
       grad_fn=<StackBackward0>)
0:00:44.692149 - fxfy tensor([[1832.5649, 1832.5649]], device='cuda:0')
0:00:44.694656 - TCO_gt tensor([[[-0.7893,  0.4511,  0.4165, -0.0100],
         [-0.5688, -0.7927, -0.2192,  0.0062],
         [ 0.2313, -0.4099,  0.8823,  0.1920],
         [ 0.0000,  0.0000,  0.0000,  1.0000]]], device='cuda:0')
0:00:44.695580 - TCO pred_orn tensor([[[-0.7818,  0.4480,  0.4337, -0.0100],
         [-0.5625, -0.8068, -0.1806,  0.0062],
         [ 0.2690, -0.3852,  0.8827,  0.1920],
         [ 0.0000,  0.0000,  0.0000,  1.0000]]], device='cuda:0',
       grad_fn=<CopySlices>)
0:00:44.696503 - TCO pred_xy tensor([[[-0.7893,  0.4511,  0.4165, -0.0153],
         [-0.5688, -0.7927, -0.2192,  0.0071],
         [ 0.2313, -0.4099,  0.8823,  0.1920],
         [ 0.0000,  0.0000,  0.0000,  1.0000]]], device='cuda:0',
       grad_fn=<CopySlices>)
0:00:44.697440 - TCO pred_z tensor([[[-0.7893,  0.4511,  0.4165, -0.0100],
         [-0.5688, -0.7927, -0.2192,  0.0062],
         [ 0.2313, -0.4099,  0.8823,  0.1986],
         [ 0.0000,  0.0000,  0.0000,  1.0000]]], device='cuda:0',
       grad_fn=<CopySlices>)
0:00:44.698092 - loss orn tensor([0.0002], device='cuda:0', grad_fn=<MinBackward0>)
0:00:44.698740 - loss xy tensor([0.0020], device='cuda:0', grad_fn=<MinBackward0>)
0:00:44.699382 - loss z tensor([0.0022], device='cuda:0', grad_fn=<MinBackward0>)
  0%|                                       | 0/1 [00:00<?, ?it/s, loss=0.00445]100%|███████████████████████████████| 1/1 [00:00<00:00,  4.60it/s, loss=0.00445]100%|███████████████████████████████| 1/1 [00:00<00:00,  4.59it/s, loss=0.00445]
0:00:44.469012 - saving /home/ubuntu/synthetic_pose_estimation/cosypose/local_data/experiments/bracket_assembly_debug_nut_nosym_coarse_noaug--938962 61
  0%|                                                     | 0/1 [00:00<?, ?it/s]0:00:44.884152 - iteration 0
0:00:44.927437 - outputs, {'pose': tensor([[-0.8489, -0.6096,  0.2956,  0.4968, -0.1662, -0.2839,  0.4144, -0.3426,
          0.6376]], device='cuda:0', grad_fn=<AddmmBackward0>)}
0:00:44.929048 - model_outputs {'pose': tensor([[-0.8489, -0.6096,  0.2956,  0.4968, -0.1662, -0.2839,  0.4144, -0.3426,
          0.6376]], device='cuda:0', grad_fn=<AddmmBackward0>)}
0:00:44.929877 - K crop tensor([[[1.9990e+03, 0.0000e+00, 1.8523e+02],
         [0.0000e+00, 1.9990e+03, 5.1574e+01],
         [0.0000e+00, 0.0000e+00, 1.0000e+00]]], device='cuda:0')
0:00:44.930733 - TCO_input tensor([[[ 1.0000,  0.0000,  0.0000, -0.0043],
         [ 0.0000,  1.0000,  0.0000,  0.0112],
         [ 0.0000,  0.0000,  1.0000,  0.3305],
         [ 0.0000,  0.0000,  0.0000,  1.0000]]], device='cuda:0')
0:00:44.931641 - model tco output tensor([[[-0.7816,  0.4425,  0.4397, -0.0027],
         [-0.5613, -0.8064, -0.1862,  0.0071],
         [ 0.2722, -0.3923,  0.8786,  0.2107],
         [ 0.0000,  0.0000,  0.0000,  1.0000]]], device='cuda:0',
       grad_fn=<CopySlices>)
0:00:44.969587 - Wrote debug data: /home/ubuntu/synthetic_pose_estimation/cosypose/local_data/debug_data/debug_iter=1.pth.tar
0:00:45.180071 - TCO_input tensor([[[ 1.0000,  0.0000,  0.0000, -0.0043],
         [ 0.0000,  1.0000,  0.0000,  0.0112],
         [ 0.0000,  0.0000,  1.0000,  0.3305],
         [ 0.0000,  0.0000,  0.0000,  1.0000]]], device='cuda:0')
0:00:45.181084 - vxvyvz tensor([[ 0.4144, -0.3426,  0.6376]], device='cuda:0',
       grad_fn=<SliceBackward0>)
0:00:45.182132 - dR tensor([[[-0.7816,  0.4425,  0.4397],
         [-0.5613, -0.8064, -0.1862],
         [ 0.2722, -0.3923,  0.8786]]], device='cuda:0',
       grad_fn=<StackBackward0>)
0:00:45.183044 - fxfy tensor([[1998.9883, 1998.9883]], device='cuda:0')
0:00:45.185569 - TCO_gt tensor([[[-0.7893,  0.4511,  0.4165, -0.0100],
         [-0.5688, -0.7927, -0.2192,  0.0062],
         [ 0.2313, -0.4099,  0.8823,  0.1920],
         [ 0.0000,  0.0000,  0.0000,  1.0000]]], device='cuda:0')
0:00:45.186498 - TCO pred_orn tensor([[[-0.7816,  0.4425,  0.4397, -0.0100],
         [-0.5613, -0.8064, -0.1862,  0.0062],
         [ 0.2722, -0.3923,  0.8786,  0.1920],
         [ 0.0000,  0.0000,  0.0000,  1.0000]]], device='cuda:0',
       grad_fn=<CopySlices>)
0:00:45.187437 - TCO pred_xy tensor([[[-0.7893,  0.4511,  0.4165, -0.0024],
         [-0.5688, -0.7927, -0.2192,  0.0065],
         [ 0.2313, -0.4099,  0.8823,  0.1920],
         [ 0.0000,  0.0000,  0.0000,  1.0000]]], device='cuda:0',
       grad_fn=<CopySlices>)
0:00:45.188365 - TCO pred_z tensor([[[-0.7893,  0.4511,  0.4165, -0.0100],
         [-0.5688, -0.7927, -0.2192,  0.0062],
         [ 0.2313, -0.4099,  0.8823,  0.2107],
         [ 0.0000,  0.0000,  0.0000,  1.0000]]], device='cuda:0',
       grad_fn=<CopySlices>)
0:00:45.189020 - loss orn tensor([0.0002], device='cuda:0', grad_fn=<MinBackward0>)
0:00:45.189675 - loss xy tensor([0.0026], device='cuda:0', grad_fn=<MinBackward0>)
0:00:45.190309 - loss z tensor([0.0062], device='cuda:0', grad_fn=<MinBackward0>)
  0%|                                       | 0/1 [00:00<?, ?it/s, loss=0.00906]100%|███████████████████████████████| 1/1 [00:00<00:00,  4.66it/s, loss=0.00906]100%|███████████████████████████████| 1/1 [00:00<00:00,  4.65it/s, loss=0.00906]
0:00:44.940946 - saving /home/ubuntu/synthetic_pose_estimation/cosypose/local_data/experiments/bracket_assembly_debug_nut_nosym_coarse_noaug--938962 62
  0%|                                                     | 0/1 [00:00<?, ?it/s]0:00:45.359918 - iteration 0
0:00:45.414425 - outputs, {'pose': tensor([[-0.8572, -0.6116,  0.2893,  0.4985, -0.1731, -0.2866,  0.4126, -0.3524,
          0.6282]], device='cuda:0', grad_fn=<AddmmBackward0>)}
0:00:45.416526 - model_outputs {'pose': tensor([[-0.8572, -0.6116,  0.2893,  0.4985, -0.1731, -0.2866,  0.4126, -0.3524,
          0.6282]], device='cuda:0', grad_fn=<AddmmBackward0>)}
0:00:45.417593 - K crop tensor([[[1.5552e+03, 0.0000e+00, 2.5845e+02],
         [0.0000e+00, 1.5552e+03, 2.3227e+01],
         [0.0000e+00, 0.0000e+00, 1.0000e+00]]], device='cuda:0')
0:00:45.418690 - TCO_input tensor([[[ 1.0000,  0.0000,  0.0000, -0.0166],
         [ 0.0000,  1.0000,  0.0000,  0.0162],
         [ 0.0000,  0.0000,  1.0000,  0.2612],
         [ 0.0000,  0.0000,  0.0000,  1.0000]]], device='cuda:0')
0:00:45.419827 - model tco output tensor([[[-0.7850,  0.4396,  0.4365, -0.0104],
         [-0.5600, -0.8048, -0.1965,  0.0101],
         [ 0.2649, -0.3987,  0.8780,  0.1641],
         [ 0.0000,  0.0000,  0.0000,  1.0000]]], device='cuda:0',
       grad_fn=<CopySlices>)
0:00:45.463093 - Wrote debug data: /home/ubuntu/synthetic_pose_estimation/cosypose/local_data/debug_data/debug_iter=1.pth.tar
0:00:45.674159 - TCO_input tensor([[[ 1.0000,  0.0000,  0.0000, -0.0166],
         [ 0.0000,  1.0000,  0.0000,  0.0162],
         [ 0.0000,  0.0000,  1.0000,  0.2612],
         [ 0.0000,  0.0000,  0.0000,  1.0000]]], device='cuda:0')
0:00:45.675202 - vxvyvz tensor([[ 0.4126, -0.3524,  0.6282]], device='cuda:0',
       grad_fn=<SliceBackward0>)
0:00:45.676204 - dR tensor([[[-0.7850,  0.4396,  0.4365],
         [-0.5600, -0.8048, -0.1965],
         [ 0.2649, -0.3987,  0.8780]]], device='cuda:0',
       grad_fn=<StackBackward0>)
0:00:45.677100 - fxfy tensor([[1555.1965, 1555.1967]], device='cuda:0')
0:00:45.679634 - TCO_gt tensor([[[-0.7893,  0.4511,  0.4165, -0.0100],
         [-0.5688, -0.7927, -0.2192,  0.0062],
         [ 0.2313, -0.4099,  0.8823,  0.1920],
         [ 0.0000,  0.0000,  0.0000,  1.0000]]], device='cuda:0')
0:00:45.680551 - TCO pred_orn tensor([[[-0.7850,  0.4396,  0.4365, -0.0100],
         [-0.5600, -0.8048, -0.1965,  0.0062],
         [ 0.2649, -0.3987,  0.8780,  0.1920],
         [ 0.0000,  0.0000,  0.0000,  1.0000]]], device='cuda:0',
       grad_fn=<CopySlices>)
0:00:45.681511 - TCO pred_xy tensor([[[-0.7893,  0.4511,  0.4165, -0.0122],
         [-0.5688, -0.7927, -0.2192,  0.0118],
         [ 0.2313, -0.4099,  0.8823,  0.1920],
         [ 0.0000,  0.0000,  0.0000,  1.0000]]], device='cuda:0',
       grad_fn=<CopySlices>)
0:00:45.682418 - TCO pred_z tensor([[[-0.7893,  0.4511,  0.4165, -0.0100],
         [-0.5688, -0.7927, -0.2192,  0.0062],
         [ 0.2313, -0.4099,  0.8823,  0.1641],
         [ 0.0000,  0.0000,  0.0000,  1.0000]]], device='cuda:0',
       grad_fn=<CopySlices>)
0:00:45.683057 - loss orn tensor([0.0001], device='cuda:0', grad_fn=<MinBackward0>)
0:00:45.683688 - loss xy tensor([0.0026], device='cuda:0', grad_fn=<MinBackward0>)
0:00:45.684304 - loss z tensor([0.0093], device='cuda:0', grad_fn=<MinBackward0>)
  0%|                                         | 0/1 [00:00<?, ?it/s, loss=0.012]100%|█████████████████████████████████| 1/1 [00:00<00:00,  4.21it/s, loss=0.012]100%|█████████████████████████████████| 1/1 [00:00<00:00,  4.21it/s, loss=0.012]
0:00:45.437095 - saving /home/ubuntu/synthetic_pose_estimation/cosypose/local_data/experiments/bracket_assembly_debug_nut_nosym_coarse_noaug--938962 63
  0%|                                                     | 0/1 [00:00<?, ?it/s]0:00:45.852120 - iteration 0
0:00:45.895509 - outputs, {'pose': tensor([[-0.8523, -0.6191,  0.2873,  0.4905, -0.1664, -0.2974,  0.4095, -0.3512,
          0.6184]], device='cuda:0', grad_fn=<AddmmBackward0>)}
0:00:45.897164 - model_outputs {'pose': tensor([[-0.8523, -0.6191,  0.2873,  0.4905, -0.1664, -0.2974,  0.4095, -0.3512,
          0.6184]], device='cuda:0', grad_fn=<AddmmBackward0>)}
0:00:45.897977 - K crop tensor([[[1.6880e+03, 0.0000e+00, 2.8856e+02],
         [0.0000e+00, 1.6880e+03, 8.5137e+01],
         [0.0000e+00, 0.0000e+00, 1.0000e+00]]], device='cuda:0')
0:00:45.898853 - TCO_input tensor([[[ 1.0000,  0.0000,  0.0000, -0.0213],
         [ 0.0000,  1.0000,  0.0000,  0.0057],
         [ 0.0000,  0.0000,  1.0000,  0.2784],
         [ 0.0000,  0.0000,  0.0000,  1.0000]]], device='cuda:0')
0:00:45.899750 - model tco output tensor([[[-0.7806,  0.4332,  0.4506, -0.0131],
         [-0.5670, -0.7942, -0.2187,  0.0035],
         [ 0.2631, -0.4262,  0.8655,  0.1722],
         [ 0.0000,  0.0000,  0.0000,  1.0000]]], device='cuda:0',
       grad_fn=<CopySlices>)
0:00:45.939680 - Wrote debug data: /home/ubuntu/synthetic_pose_estimation/cosypose/local_data/debug_data/debug_iter=1.pth.tar
0:00:46.152038 - TCO_input tensor([[[ 1.0000,  0.0000,  0.0000, -0.0213],
         [ 0.0000,  1.0000,  0.0000,  0.0057],
         [ 0.0000,  0.0000,  1.0000,  0.2784],
         [ 0.0000,  0.0000,  0.0000,  1.0000]]], device='cuda:0')
0:00:46.153098 - vxvyvz tensor([[ 0.4095, -0.3512,  0.6184]], device='cuda:0',
       grad_fn=<SliceBackward0>)
0:00:46.154164 - dR tensor([[[-0.7806,  0.4332,  0.4506],
         [-0.5670, -0.7942, -0.2187],
         [ 0.2631, -0.4262,  0.8655]]], device='cuda:0',
       grad_fn=<StackBackward0>)
0:00:46.155057 - fxfy tensor([[1688.0415, 1688.0416]], device='cuda:0')
0:00:46.157604 - TCO_gt tensor([[[-0.7893,  0.4511,  0.4165, -0.0100],
         [-0.5688, -0.7927, -0.2192,  0.0062],
         [ 0.2313, -0.4099,  0.8823,  0.1920],
         [ 0.0000,  0.0000,  0.0000,  1.0000]]], device='cuda:0')
0:00:46.158549 - TCO pred_orn tensor([[[-0.7806,  0.4332,  0.4506, -0.0100],
         [-0.5670, -0.7942, -0.2187,  0.0062],
         [ 0.2631, -0.4262,  0.8655,  0.1920],
         [ 0.0000,  0.0000,  0.0000,  1.0000]]], device='cuda:0',
       grad_fn=<CopySlices>)
0:00:46.159457 - TCO pred_xy tensor([[[-0.7893,  0.4511,  0.4165, -0.0146],
         [-0.5688, -0.7927, -0.2192,  0.0039],
         [ 0.2313, -0.4099,  0.8823,  0.1920],
         [ 0.0000,  0.0000,  0.0000,  1.0000]]], device='cuda:0',
       grad_fn=<CopySlices>)
0:00:46.160376 - TCO pred_z tensor([[[-0.7893,  0.4511,  0.4165, -0.0100],
         [-0.5688, -0.7927, -0.2192,  0.0062],
         [ 0.2313, -0.4099,  0.8823,  0.1722],
         [ 0.0000,  0.0000,  0.0000,  1.0000]]], device='cuda:0',
       grad_fn=<CopySlices>)
0:00:46.161025 - loss orn tensor([0.0001], device='cuda:0', grad_fn=<MinBackward0>)
0:00:46.161677 - loss xy tensor([0.0023], device='cuda:0', grad_fn=<MinBackward0>)
0:00:46.162294 - loss z tensor([0.0066], device='cuda:0', grad_fn=<MinBackward0>)
  0%|                                       | 0/1 [00:00<?, ?it/s, loss=0.00904]100%|███████████████████████████████| 1/1 [00:00<00:00,  4.59it/s, loss=0.00904]100%|███████████████████████████████| 1/1 [00:00<00:00,  4.58it/s, loss=0.00904]
0:00:45.921513 - saving /home/ubuntu/synthetic_pose_estimation/cosypose/local_data/experiments/bracket_assembly_debug_nut_nosym_coarse_noaug--938962 64
  0%|                                                     | 0/1 [00:00<?, ?it/s]0:00:46.336777 - iteration 0
0:00:46.381114 - outputs, {'pose': tensor([[-0.8593, -0.6231,  0.2716,  0.4966, -0.1669, -0.2980,  0.4210, -0.3529,
          0.6062]], device='cuda:0', grad_fn=<AddmmBackward0>)}
0:00:46.382846 - model_outputs {'pose': tensor([[-0.8593, -0.6231,  0.2716,  0.4966, -0.1669, -0.2980,  0.4210, -0.3529,
          0.6062]], device='cuda:0', grad_fn=<AddmmBackward0>)}
0:00:46.383659 - K crop tensor([[[1.4694e+03, 0.0000e+00, 2.1672e+02],
         [0.0000e+00, 1.4694e+03, 5.4261e+01],
         [0.0000e+00, 0.0000e+00, 1.0000e+00]]], device='cuda:0')
0:00:46.384520 - TCO_input tensor([[[ 1.0000,  0.0000,  0.0000, -0.0096],
         [ 0.0000,  1.0000,  0.0000,  0.0109],
         [ 0.0000,  0.0000,  1.0000,  0.2454],
         [ 0.0000,  0.0000,  0.0000,  1.0000]]], device='cuda:0')
0:00:46.386043 - model tco output tensor([[[-0.7843,  0.4353,  0.4420, -0.0058],
         [-0.5687, -0.7892, -0.2319,  0.0066],
         [ 0.2479, -0.4333,  0.8665,  0.1488],
         [ 0.0000,  0.0000,  0.0000,  1.0000]]], device='cuda:0',
       grad_fn=<CopySlices>)
0:00:46.426012 - Wrote debug data: /home/ubuntu/synthetic_pose_estimation/cosypose/local_data/debug_data/debug_iter=1.pth.tar
0:00:46.636962 - TCO_input tensor([[[ 1.0000,  0.0000,  0.0000, -0.0096],
         [ 0.0000,  1.0000,  0.0000,  0.0109],
         [ 0.0000,  0.0000,  1.0000,  0.2454],
         [ 0.0000,  0.0000,  0.0000,  1.0000]]], device='cuda:0')
0:00:46.637930 - vxvyvz tensor([[ 0.4210, -0.3529,  0.6062]], device='cuda:0',
       grad_fn=<SliceBackward0>)
0:00:46.638909 - dR tensor([[[-0.7843,  0.4353,  0.4420],
         [-0.5687, -0.7892, -0.2319],
         [ 0.2479, -0.4333,  0.8665]]], device='cuda:0',
       grad_fn=<StackBackward0>)
0:00:46.639807 - fxfy tensor([[1469.3969, 1469.3969]], device='cuda:0')
0:00:46.642307 - TCO_gt tensor([[[-0.7893,  0.4511,  0.4165, -0.0100],
         [-0.5688, -0.7927, -0.2192,  0.0062],
         [ 0.2313, -0.4099,  0.8823,  0.1920],
         [ 0.0000,  0.0000,  0.0000,  1.0000]]], device='cuda:0')
0:00:46.643253 - TCO pred_orn tensor([[[-0.7843,  0.4353,  0.4420, -0.0100],
         [-0.5687, -0.7892, -0.2319,  0.0062],
         [ 0.2479, -0.4333,  0.8665,  0.1920],
         [ 0.0000,  0.0000,  0.0000,  1.0000]]], device='cuda:0',
       grad_fn=<CopySlices>)
0:00:46.644162 - TCO pred_xy tensor([[[-0.7893,  0.4511,  0.4165, -0.0074],
         [-0.5688, -0.7927, -0.2192,  0.0085],
         [ 0.2313, -0.4099,  0.8823,  0.1920],
         [ 0.0000,  0.0000,  0.0000,  1.0000]]], device='cuda:0',
       grad_fn=<CopySlices>)
0:00:46.645084 - TCO pred_z tensor([[[-0.7893,  0.4511,  0.4165, -0.0100],
         [-0.5688, -0.7927, -0.2192,  0.0062],
         [ 0.2313, -0.4099,  0.8823,  0.1488],
         [ 0.0000,  0.0000,  0.0000,  1.0000]]], device='cuda:0',
       grad_fn=<CopySlices>)
0:00:46.645743 - loss orn tensor([0.0001], device='cuda:0', grad_fn=<MinBackward0>)
0:00:46.646364 - loss xy tensor([0.0016], device='cuda:0', grad_fn=<MinBackward0>)
0:00:46.646978 - loss z tensor([0.0144], device='cuda:0', grad_fn=<MinBackward0>)
  0%|                                        | 0/1 [00:00<?, ?it/s, loss=0.0161]100%|████████████████████████████████| 1/1 [00:00<00:00,  4.60it/s, loss=0.0161]100%|████████████████████████████████| 1/1 [00:00<00:00,  4.60it/s, loss=0.0161]
0:00:46.391690 - saving /home/ubuntu/synthetic_pose_estimation/cosypose/local_data/experiments/bracket_assembly_debug_nut_nosym_coarse_noaug--938962 65
  0%|                                                     | 0/1 [00:00<?, ?it/s]0:00:46.806847 - iteration 0
0:00:46.853506 - outputs, {'pose': tensor([[-0.8611, -0.6317,  0.2686,  0.5055, -0.1730, -0.2915,  0.4208, -0.3618,
          0.6125]], device='cuda:0', grad_fn=<AddmmBackward0>)}
0:00:46.855091 - model_outputs {'pose': tensor([[-0.8611, -0.6317,  0.2686,  0.5055, -0.1730, -0.2915,  0.4208, -0.3618,
          0.6125]], device='cuda:0', grad_fn=<AddmmBackward0>)}
0:00:46.855885 - K crop tensor([[[1.7013e+03, 0.0000e+00, 2.6254e+02],
         [0.0000e+00, 1.7013e+03, 9.4034e+01],
         [0.0000e+00, 0.0000e+00, 1.0000e+00]]], device='cuda:0')
0:00:46.856738 - TCO_input tensor([[[ 1.0000,  0.0000,  0.0000, -0.0170],
         [ 0.0000,  1.0000,  0.0000,  0.0042],
         [ 0.0000,  0.0000,  1.0000,  0.2800],
         [ 0.0000,  0.0000,  0.0000,  1.0000]]], device='cuda:0')
0:00:46.857680 - model tco output tensor([[[-0.7820,  0.4500,  0.4313, -0.0103],
         [-0.5736, -0.7902, -0.2155,  0.0025],
         [ 0.2439, -0.4160,  0.8761,  0.1715],
         [ 0.0000,  0.0000,  0.0000,  1.0000]]], device='cuda:0',
       grad_fn=<CopySlices>)
0:00:46.895600 - Wrote debug data: /home/ubuntu/synthetic_pose_estimation/cosypose/local_data/debug_data/debug_iter=1.pth.tar
0:00:47.106466 - TCO_input tensor([[[ 1.0000,  0.0000,  0.0000, -0.0170],
         [ 0.0000,  1.0000,  0.0000,  0.0042],
         [ 0.0000,  0.0000,  1.0000,  0.2800],
         [ 0.0000,  0.0000,  0.0000,  1.0000]]], device='cuda:0')
0:00:47.107455 - vxvyvz tensor([[ 0.4208, -0.3618,  0.6125]], device='cuda:0',
       grad_fn=<SliceBackward0>)
0:00:47.108462 - dR tensor([[[-0.7820,  0.4500,  0.4313],
         [-0.5736, -0.7902, -0.2155],
         [ 0.2439, -0.4160,  0.8761]]], device='cuda:0',
       grad_fn=<StackBackward0>)
0:00:47.109380 - fxfy tensor([[1701.3079, 1701.3079]], device='cuda:0')
0:00:47.111911 - TCO_gt tensor([[[-0.7893,  0.4511,  0.4165, -0.0100],
         [-0.5688, -0.7927, -0.2192,  0.0062],
         [ 0.2313, -0.4099,  0.8823,  0.1920],
         [ 0.0000,  0.0000,  0.0000,  1.0000]]], device='cuda:0')
0:00:47.112849 - TCO pred_orn tensor([[[-0.7820,  0.4500,  0.4313, -0.0100],
         [-0.5736, -0.7902, -0.2155,  0.0062],
         [ 0.2439, -0.4160,  0.8761,  0.1920],
         [ 0.0000,  0.0000,  0.0000,  1.0000]]], device='cuda:0',
       grad_fn=<CopySlices>)
0:00:47.113805 - TCO pred_xy tensor([[[-0.7893,  0.4511,  0.4165, -0.0116],
         [-0.5688, -0.7927, -0.2192,  0.0028],
         [ 0.2313, -0.4099,  0.8823,  0.1920],
         [ 0.0000,  0.0000,  0.0000,  1.0000]]], device='cuda:0',
       grad_fn=<CopySlices>)
0:00:47.114712 - TCO pred_z tensor([[[-0.7893,  0.4511,  0.4165, -0.0100],
         [-0.5688, -0.7927, -0.2192,  0.0062],
         [ 0.2313, -0.4099,  0.8823,  0.1715],
         [ 0.0000,  0.0000,  0.0000,  1.0000]]], device='cuda:0',
       grad_fn=<CopySlices>)
0:00:47.115390 - loss orn tensor([6.2473e-05], device='cuda:0', grad_fn=<MinBackward0>)
0:00:47.116024 - loss xy tensor([0.0016], device='cuda:0', grad_fn=<MinBackward0>)
0:00:47.116669 - loss z tensor([0.0068], device='cuda:0', grad_fn=<MinBackward0>)
  0%|                                       | 0/1 [00:00<?, ?it/s, loss=0.00853]100%|███████████████████████████████| 1/1 [00:00<00:00,  4.59it/s, loss=0.00853]100%|███████████████████████████████| 1/1 [00:00<00:00,  4.58it/s, loss=0.00853]
0:00:46.862950 - saving /home/ubuntu/synthetic_pose_estimation/cosypose/local_data/experiments/bracket_assembly_debug_nut_nosym_coarse_noaug--938962 66
  0%|                                                     | 0/1 [00:00<?, ?it/s]0:00:47.278241 - iteration 0
0:00:47.321662 - outputs, {'pose': tensor([[-0.8697, -0.6454,  0.2612,  0.5183, -0.1782, -0.2777,  0.4249, -0.3577,
          0.6133]], device='cuda:0', grad_fn=<AddmmBackward0>)}
0:00:47.323318 - model_outputs {'pose': tensor([[-0.8697, -0.6454,  0.2612,  0.5183, -0.1782, -0.2777,  0.4249, -0.3577,
          0.6133]], device='cuda:0', grad_fn=<AddmmBackward0>)}
0:00:47.324138 - K crop tensor([[[1.7923e+03, 0.0000e+00, 2.4770e+02],
         [0.0000e+00, 1.7923e+03, 2.9754e+01],
         [0.0000e+00, 0.0000e+00, 1.0000e+00]]], device='cuda:0')
0:00:47.325025 - TCO_input tensor([[[ 1.0000,  0.0000,  0.0000, -0.0147],
         [ 0.0000,  1.0000,  0.0000,  0.0150],
         [ 0.0000,  0.0000,  1.0000,  0.2988],
         [ 0.0000,  0.0000,  0.0000,  1.0000]]], device='cuda:0')
0:00:47.326552 - model tco output tensor([[[-0.7807,  0.4709,  0.4109, -0.0090],
         [-0.5793, -0.7919, -0.1932,  0.0091],
         [ 0.2344, -0.3889,  0.8910,  0.1832],
         [ 0.0000,  0.0000,  0.0000,  1.0000]]], device='cuda:0',
       grad_fn=<CopySlices>)
0:00:47.366106 - Wrote debug data: /home/ubuntu/synthetic_pose_estimation/cosypose/local_data/debug_data/debug_iter=1.pth.tar
0:00:47.577060 - TCO_input tensor([[[ 1.0000,  0.0000,  0.0000, -0.0147],
         [ 0.0000,  1.0000,  0.0000,  0.0150],
         [ 0.0000,  0.0000,  1.0000,  0.2988],
         [ 0.0000,  0.0000,  0.0000,  1.0000]]], device='cuda:0')
0:00:47.578113 - vxvyvz tensor([[ 0.4249, -0.3577,  0.6133]], device='cuda:0',
       grad_fn=<SliceBackward0>)
0:00:47.579117 - dR tensor([[[-0.7807,  0.4709,  0.4109],
         [-0.5793, -0.7919, -0.1932],
         [ 0.2344, -0.3889,  0.8910]]], device='cuda:0',
       grad_fn=<StackBackward0>)
0:00:47.580023 - fxfy tensor([[1792.3411, 1792.3416]], device='cuda:0')
0:00:47.582604 - TCO_gt tensor([[[-0.7893,  0.4511,  0.4165, -0.0100],
         [-0.5688, -0.7927, -0.2192,  0.0062],
         [ 0.2313, -0.4099,  0.8823,  0.1920],
         [ 0.0000,  0.0000,  0.0000,  1.0000]]], device='cuda:0')
0:00:47.583544 - TCO pred_orn tensor([[[-0.7807,  0.4709,  0.4109, -0.0100],
         [-0.5793, -0.7919, -0.1932,  0.0062],
         [ 0.2344, -0.3889,  0.8910,  0.1920],
         [ 0.0000,  0.0000,  0.0000,  1.0000]]], device='cuda:0',
       grad_fn=<CopySlices>)
0:00:47.584481 - TCO pred_xy tensor([[[-0.7893,  0.4511,  0.4165, -0.0094],
         [-0.5688, -0.7927, -0.2192,  0.0096],
         [ 0.2313, -0.4099,  0.8823,  0.1920],
         [ 0.0000,  0.0000,  0.0000,  1.0000]]], device='cuda:0',
       grad_fn=<CopySlices>)
0:00:47.585445 - TCO pred_z tensor([[[-0.7893,  0.4511,  0.4165, -0.0100],
         [-0.5688, -0.7927, -0.2192,  0.0062],
         [ 0.2313, -0.4099,  0.8823,  0.1832],
         [ 0.0000,  0.0000,  0.0000,  1.0000]]], device='cuda:0',
       grad_fn=<CopySlices>)
0:00:47.586103 - loss orn tensor([0.0001], device='cuda:0', grad_fn=<MinBackward0>)
0:00:47.586749 - loss xy tensor([0.0013], device='cuda:0', grad_fn=<MinBackward0>)
0:00:47.587385 - loss z tensor([0.0029], device='cuda:0', grad_fn=<MinBackward0>)
  0%|                                       | 0/1 [00:00<?, ?it/s, loss=0.00436]100%|███████████████████████████████| 1/1 [00:00<00:00,  4.61it/s, loss=0.00436]100%|███████████████████████████████| 1/1 [00:00<00:00,  4.60it/s, loss=0.00436]
0:00:47.341947 - saving /home/ubuntu/synthetic_pose_estimation/cosypose/local_data/experiments/bracket_assembly_debug_nut_nosym_coarse_noaug--938962 67
  0%|                                                     | 0/1 [00:00<?, ?it/s]0:00:47.757104 - iteration 0
0:00:47.800493 - outputs, {'pose': tensor([[-0.8715, -0.6380,  0.2597,  0.5256, -0.1843, -0.2744,  0.4289, -0.3613,
          0.6149]], device='cuda:0', grad_fn=<AddmmBackward0>)}
0:00:47.802171 - model_outputs {'pose': tensor([[-0.8715, -0.6380,  0.2597,  0.5256, -0.1843, -0.2744,  0.4289, -0.3613,
          0.6149]], device='cuda:0', grad_fn=<AddmmBackward0>)}
0:00:47.802965 - K crop tensor([[[1.7454e+03, 0.0000e+00, 2.4556e+02],
         [0.0000e+00, 1.7454e+03, 1.0908e+02],
         [0.0000e+00, 0.0000e+00, 1.0000e+00]]], device='cuda:0')
0:00:47.803835 - TCO_input tensor([[[ 1.0000,  0.0000,  0.0000, -0.0141],
         [ 0.0000,  1.0000,  0.0000,  0.0017],
         [ 0.0000,  0.0000,  1.0000,  0.2860],
         [ 0.0000,  0.0000,  0.0000,  1.0000]]], device='cuda:0')
0:00:47.804753 - model tco output tensor([[[-0.7846,  0.4714,  0.4029, -0.0086],
         [-0.5743, -0.7974, -0.1855,  0.0010],
         [ 0.2338, -0.3769,  0.8963,  0.1759],
         [ 0.0000,  0.0000,  0.0000,  1.0000]]], device='cuda:0',
       grad_fn=<CopySlices>)
0:00:47.843259 - Wrote debug data: /home/ubuntu/synthetic_pose_estimation/cosypose/local_data/debug_data/debug_iter=1.pth.tar
0:00:48.054121 - TCO_input tensor([[[ 1.0000,  0.0000,  0.0000, -0.0141],
         [ 0.0000,  1.0000,  0.0000,  0.0017],
         [ 0.0000,  0.0000,  1.0000,  0.2860],
         [ 0.0000,  0.0000,  0.0000,  1.0000]]], device='cuda:0')
0:00:48.055185 - vxvyvz tensor([[ 0.4289, -0.3613,  0.6149]], device='cuda:0',
       grad_fn=<SliceBackward0>)
0:00:48.056201 - dR tensor([[[-0.7846,  0.4714,  0.4029],
         [-0.5743, -0.7974, -0.1855],
         [ 0.2338, -0.3769,  0.8963]]], device='cuda:0',
       grad_fn=<StackBackward0>)
0:00:48.057118 - fxfy tensor([[1745.4386, 1745.4384]], device='cuda:0')
0:00:48.059660 - TCO_gt tensor([[[-0.7893,  0.4511,  0.4165, -0.0100],
         [-0.5688, -0.7927, -0.2192,  0.0062],
         [ 0.2313, -0.4099,  0.8823,  0.1920],
         [ 0.0000,  0.0000,  0.0000,  1.0000]]], device='cuda:0')
0:00:48.060603 - TCO pred_orn tensor([[[-0.7846,  0.4714,  0.4029, -0.0100],
         [-0.5743, -0.7974, -0.1855,  0.0062],
         [ 0.2338, -0.3769,  0.8963,  0.1920],
         [ 0.0000,  0.0000,  0.0000,  1.0000]]], device='cuda:0',
       grad_fn=<CopySlices>)
0:00:48.061567 - TCO pred_xy tensor([[[-0.7893,  0.4511,  0.4165, -0.0094],
         [-0.5688, -0.7927, -0.2192,  0.0011],
         [ 0.2313, -0.4099,  0.8823,  0.1920],
         [ 0.0000,  0.0000,  0.0000,  1.0000]]], device='cuda:0',
       grad_fn=<CopySlices>)
0:00:48.062504 - TCO pred_z tensor([[[-0.7893,  0.4511,  0.4165, -0.0100],
         [-0.5688, -0.7927, -0.2192,  0.0062],
         [ 0.2313, -0.4099,  0.8823,  0.1759],
         [ 0.0000,  0.0000,  0.0000,  1.0000]]], device='cuda:0',
       grad_fn=<CopySlices>)
0:00:48.063166 - loss orn tensor([0.0002], device='cuda:0', grad_fn=<MinBackward0>)
0:00:48.065587 - loss xy tensor([0.0019], device='cuda:0', grad_fn=<MinBackward0>)
0:00:48.066222 - loss z tensor([0.0054], device='cuda:0', grad_fn=<MinBackward0>)
  0%|                                       | 0/1 [00:00<?, ?it/s, loss=0.00741]100%|███████████████████████████████| 1/1 [00:00<00:00,  4.61it/s, loss=0.00741]100%|███████████████████████████████| 1/1 [00:00<00:00,  4.60it/s, loss=0.00741]
0:00:47.820846 - saving /home/ubuntu/synthetic_pose_estimation/cosypose/local_data/experiments/bracket_assembly_debug_nut_nosym_coarse_noaug--938962 68
  0%|                                                     | 0/1 [00:00<?, ?it/s]0:00:48.236055 - iteration 0
0:00:48.279300 - outputs, {'pose': tensor([[-0.8796, -0.6422,  0.2465,  0.5157, -0.1804, -0.2854,  0.4174, -0.3568,
          0.6235]], device='cuda:0', grad_fn=<AddmmBackward0>)}
0:00:48.280930 - model_outputs {'pose': tensor([[-0.8796, -0.6422,  0.2465,  0.5157, -0.1804, -0.2854,  0.4174, -0.3568,
          0.6235]], device='cuda:0', grad_fn=<AddmmBackward0>)}
0:00:48.281763 - K crop tensor([[[1.7932e+03, 0.0000e+00, 2.2734e+02],
         [0.0000e+00, 1.7932e+03, 3.0108e+01],
         [0.0000e+00, 0.0000e+00, 1.0000e+00]]], device='cuda:0')
0:00:48.282645 - TCO_input tensor([[[ 1.0000,  0.0000,  0.0000, -0.0113],
         [ 0.0000,  1.0000,  0.0000,  0.0149],
         [ 0.0000,  0.0000,  1.0000,  0.2989],
         [ 0.0000,  0.0000,  0.0000,  1.0000]]], device='cuda:0')
0:00:48.284130 - model tco output tensor([[[-0.7877,  0.4590,  0.4109, -0.0070],
         [-0.5751, -0.7869, -0.2235,  0.0093],
         [ 0.2208, -0.4124,  0.8838,  0.1864],
         [ 0.0000,  0.0000,  0.0000,  1.0000]]], device='cuda:0',
       grad_fn=<CopySlices>)
0:00:48.323401 - Wrote debug data: /home/ubuntu/synthetic_pose_estimation/cosypose/local_data/debug_data/debug_iter=1.pth.tar
0:00:48.533813 - TCO_input tensor([[[ 1.0000,  0.0000,  0.0000, -0.0113],
         [ 0.0000,  1.0000,  0.0000,  0.0149],
         [ 0.0000,  0.0000,  1.0000,  0.2989],
         [ 0.0000,  0.0000,  0.0000,  1.0000]]], device='cuda:0')
0:00:48.534840 - vxvyvz tensor([[ 0.4174, -0.3568,  0.6235]], device='cuda:0',
       grad_fn=<SliceBackward0>)
0:00:48.535861 - dR tensor([[[-0.7877,  0.4590,  0.4109],
         [-0.5751, -0.7869, -0.2235],
         [ 0.2208, -0.4124,  0.8838]]], device='cuda:0',
       grad_fn=<StackBackward0>)
0:00:48.536764 - fxfy tensor([[1793.2301, 1793.2299]], device='cuda:0')
0:00:48.539341 - TCO_gt tensor([[[-0.7893,  0.4511,  0.4165, -0.0100],
         [-0.5688, -0.7927, -0.2192,  0.0062],
         [ 0.2313, -0.4099,  0.8823,  0.1920],
         [ 0.0000,  0.0000,  0.0000,  1.0000]]], device='cuda:0')
0:00:48.540277 - TCO pred_orn tensor([[[-0.7877,  0.4590,  0.4109, -0.0100],
         [-0.5751, -0.7869, -0.2235,  0.0062],
         [ 0.2208, -0.4124,  0.8838,  0.1920],
         [ 0.0000,  0.0000,  0.0000,  1.0000]]], device='cuda:0',
       grad_fn=<CopySlices>)
0:00:48.541244 - TCO pred_xy tensor([[[-0.7893,  0.4511,  0.4165, -0.0072],
         [-0.5688, -0.7927, -0.2192,  0.0095],
         [ 0.2313, -0.4099,  0.8823,  0.1920],
         [ 0.0000,  0.0000,  0.0000,  1.0000]]], device='cuda:0',
       grad_fn=<CopySlices>)
0:00:48.542176 - TCO pred_z tensor([[[-0.7893,  0.4511,  0.4165, -0.0100],
         [-0.5688, -0.7927, -0.2192,  0.0062],
         [ 0.2313, -0.4099,  0.8823,  0.1864],
         [ 0.0000,  0.0000,  0.0000,  1.0000]]], device='cuda:0',
       grad_fn=<CopySlices>)
0:00:48.542836 - loss orn tensor([5.6122e-05], device='cuda:0', grad_fn=<MinBackward0>)
0:00:48.543476 - loss xy tensor([0.0020], device='cuda:0', grad_fn=<MinBackward0>)
0:00:48.544113 - loss z tensor([0.0019], device='cuda:0', grad_fn=<MinBackward0>)
  0%|                                       | 0/1 [00:00<?, ?it/s, loss=0.00397]100%|███████████████████████████████| 1/1 [00:00<00:00,  4.62it/s, loss=0.00397]100%|███████████████████████████████| 1/1 [00:00<00:00,  4.60it/s, loss=0.00397]
0:00:48.282804 - saving /home/ubuntu/synthetic_pose_estimation/cosypose/local_data/experiments/bracket_assembly_debug_nut_nosym_coarse_noaug--938962 69
  0%|                                                     | 0/1 [00:00<?, ?it/s]0:00:48.698249 - iteration 0
0:00:48.741900 - outputs, {'pose': tensor([[-0.8793, -0.6418,  0.2364,  0.5081, -0.1798, -0.2905,  0.4186, -0.3651,
          0.6324]], device='cuda:0', grad_fn=<AddmmBackward0>)}
0:00:48.743556 - model_outputs {'pose': tensor([[-0.8793, -0.6418,  0.2364,  0.5081, -0.1798, -0.2905,  0.4186, -0.3651,
          0.6324]], device='cuda:0', grad_fn=<AddmmBackward0>)}
0:00:48.744366 - K crop tensor([[[2.0847e+03, 0.0000e+00, 3.0275e+02],
         [0.0000e+00, 2.0847e+03, 6.5377e+01],
         [0.0000e+00, 0.0000e+00, 1.0000e+00]]], device='cuda:0')
0:00:48.745242 - TCO_input tensor([[[ 1.0000,  0.0000,  0.0000, -0.0236],
         [ 0.0000,  1.0000,  0.0000,  0.0089],
         [ 0.0000,  0.0000,  1.0000,  0.3433],
         [ 0.0000,  0.0000,  0.0000,  1.0000]]], device='cuda:0')
0:00:48.746728 - model tco output tensor([[[-0.7893,  0.4530,  0.4144, -0.0149],
         [-0.5761, -0.7798, -0.2449,  0.0056],
         [ 0.2123, -0.4321,  0.8765,  0.2171],
         [ 0.0000,  0.0000,  0.0000,  1.0000]]], device='cuda:0',
       grad_fn=<CopySlices>)
0:00:48.885691 - Wrote debug data: /home/ubuntu/synthetic_pose_estimation/cosypose/local_data/debug_data/debug_iter=1.pth.tar
0:00:49.095900 - TCO_input tensor([[[ 1.0000,  0.0000,  0.0000, -0.0236],
         [ 0.0000,  1.0000,  0.0000,  0.0089],
         [ 0.0000,  0.0000,  1.0000,  0.3433],
         [ 0.0000,  0.0000,  0.0000,  1.0000]]], device='cuda:0')
0:00:49.096947 - vxvyvz tensor([[ 0.4186, -0.3651,  0.6324]], device='cuda:0',
       grad_fn=<SliceBackward0>)
0:00:49.097968 - dR tensor([[[-0.7893,  0.4530,  0.4144],
         [-0.5761, -0.7798, -0.2449],
         [ 0.2123, -0.4321,  0.8765]]], device='cuda:0',
       grad_fn=<StackBackward0>)
0:00:49.098907 - fxfy tensor([[2084.7334, 2084.7334]], device='cuda:0')
0:00:49.101447 - TCO_gt tensor([[[-0.7893,  0.4511,  0.4165, -0.0100],
         [-0.5688, -0.7927, -0.2192,  0.0062],
         [ 0.2313, -0.4099,  0.8823,  0.1920],
         [ 0.0000,  0.0000,  0.0000,  1.0000]]], device='cuda:0')
0:00:49.102376 - TCO pred_orn tensor([[[-0.7893,  0.4530,  0.4144, -0.0100],
         [-0.5761, -0.7798, -0.2449,  0.0062],
         [ 0.2123, -0.4321,  0.8765,  0.1920],
         [ 0.0000,  0.0000,  0.0000,  1.0000]]], device='cuda:0',
       grad_fn=<CopySlices>)
0:00:49.103300 - TCO pred_xy tensor([[[-0.7893,  0.4511,  0.4165, -0.0132],
         [-0.5688, -0.7927, -0.2192,  0.0050],
         [ 0.2313, -0.4099,  0.8823,  0.1920],
         [ 0.0000,  0.0000,  0.0000,  1.0000]]], device='cuda:0',
       grad_fn=<CopySlices>)
0:00:49.104234 - TCO pred_z tensor([[[-0.7893,  0.4511,  0.4165, -0.0100],
         [-0.5688, -0.7927, -0.2192,  0.0062],
         [ 0.2313, -0.4099,  0.8823,  0.2171],
         [ 0.0000,  0.0000,  0.0000,  1.0000]]], device='cuda:0',
       grad_fn=<CopySlices>)
0:00:49.104880 - loss orn tensor([0.0001], device='cuda:0', grad_fn=<MinBackward0>)
0:00:49.105572 - loss xy tensor([0.0015], device='cuda:0', grad_fn=<MinBackward0>)
0:00:49.106215 - loss z tensor([0.0084], device='cuda:0', grad_fn=<MinBackward0>)
  0%|                                       | 0/1 [00:00<?, ?it/s, loss=0.00995]100%|███████████████████████████████| 1/1 [00:00<00:00,  3.16it/s, loss=0.00995]100%|███████████████████████████████| 1/1 [00:00<00:00,  3.16it/s, loss=0.00995]
  0%|                                                     | 0/1 [00:00<?, ?it/s]0:00:49.014193 - iteration 0
0:00:49.050387 - outputs, {'pose': tensor([[ 0.0002, -0.0004, -0.0138,  0.0265, -0.0040, -0.0199,  0.0039, -0.0124,
          0.0074]], device='cuda:0')}
0:00:49.051851 - model_outputs {'pose': tensor([[ 0.0002, -0.0004, -0.0138,  0.0265, -0.0040, -0.0199,  0.0039, -0.0124,
          0.0074]], device='cuda:0')}
0:00:49.052638 - K crop tensor([[[1.7604e+03, 0.0000e+00, 2.6366e+02],
         [0.0000e+00, 1.7604e+03, 5.6029e+01],
         [0.0000e+00, 0.0000e+00, 1.0000e+00]]], device='cuda:0')
0:00:49.053526 - TCO_input tensor([[[ 1.0000,  0.0000,  0.0000, -0.0173],
         [ 0.0000,  1.0000,  0.0000,  0.0105],
         [ 0.0000,  0.0000,  1.0000,  0.2919],
         [ 0.0000,  0.0000,  0.0000,  1.0000]]], device='cuda:0')
0:00:49.054411 - model tco output tensor([[[ 1.2337e-02,  9.9133e-01, -1.3082e-01, -1.2832e-04],
         [-2.9314e-02, -1.3042e-01, -9.9103e-01,  7.8184e-05],
         [-9.9949e-01,  1.6061e-02,  2.7451e-02,  2.1689e-03],
         [ 0.0000e+00,  0.0000e+00,  0.0000e+00,  1.0000e+00]]],
       device='cuda:0')
0:00:49.092433 - Wrote debug data: /home/ubuntu/synthetic_pose_estimation/cosypose/local_data/debug_data/debug_iter=1.pth.tar
0:00:49.307747 - TCO_input tensor([[[ 1.0000,  0.0000,  0.0000, -0.0173],
         [ 0.0000,  1.0000,  0.0000,  0.0105],
         [ 0.0000,  0.0000,  1.0000,  0.2919],
         [ 0.0000,  0.0000,  0.0000,  1.0000]]], device='cuda:0')
0:00:49.308759 - vxvyvz tensor([[ 0.0039, -0.0124,  0.0074]], device='cuda:0')
0:00:49.309799 - dR tensor([[[ 0.0123,  0.9913, -0.1308],
         [-0.0293, -0.1304, -0.9910],
         [-0.9995,  0.0161,  0.0275]]], device='cuda:0')
0:00:49.310701 - fxfy tensor([[1760.4396, 1760.4396]], device='cuda:0')
0:00:49.313034 - TCO_gt tensor([[[-0.7893,  0.4511,  0.4165, -0.0100],
         [-0.5688, -0.7927, -0.2192,  0.0062],
         [ 0.2313, -0.4099,  0.8823,  0.1920],
         [ 0.0000,  0.0000,  0.0000,  1.0000]]], device='cuda:0')
0:00:49.313962 - TCO pred_orn tensor([[[ 0.0123,  0.9913, -0.1308, -0.0100],
         [-0.0293, -0.1304, -0.9910,  0.0062],
         [-0.9995,  0.0161,  0.0275,  0.1920],
         [ 0.0000,  0.0000,  0.0000,  1.0000]]], device='cuda:0')
0:00:49.314870 - TCO pred_xy tensor([[[-0.7893,  0.4511,  0.4165, -0.0114],
         [-0.5688, -0.7927, -0.2192,  0.0069],
         [ 0.2313, -0.4099,  0.8823,  0.1920],
         [ 0.0000,  0.0000,  0.0000,  1.0000]]], device='cuda:0')
0:00:49.315770 - TCO pred_z tensor([[[-0.7893,  0.4511,  0.4165, -0.0100],
         [-0.5688, -0.7927, -0.2192,  0.0062],
         [ 0.2313, -0.4099,  0.8823,  0.0022],
         [ 0.0000,  0.0000,  0.0000,  1.0000]]], device='cuda:0')
0:00:49.316408 - loss orn tensor([0.0067], device='cuda:0')
0:00:49.317054 - loss xy tensor([0.0007], device='cuda:0')
0:00:49.317704 - loss z tensor([0.0633], device='cuda:0')
100%|█████████████████████████████████████████████| 1/1 [00:00<00:00,  8.16it/s]100%|█████████████████████████████████████████████| 1/1 [00:00<00:00,  8.12it/s]
0:00:48.981332 - saving /home/ubuntu/synthetic_pose_estimation/cosypose/local_data/experiments/bracket_assembly_debug_nut_nosym_coarse_noaug--938962 70
  0%|                                                     | 0/1 [00:00<?, ?it/s]0:00:49.393135 - iteration 0
0:00:49.439916 - outputs, {'pose': tensor([[-0.8862, -0.6297,  0.2263,  0.5058, -0.1772, -0.2979,  0.4112, -0.3732,
          0.6379]], device='cuda:0', grad_fn=<AddmmBackward0>)}
0:00:49.441524 - model_outputs {'pose': tensor([[-0.8862, -0.6297,  0.2263,  0.5058, -0.1772, -0.2979,  0.4112, -0.3732,
          0.6379]], device='cuda:0', grad_fn=<AddmmBackward0>)}
0:00:49.442310 - K crop tensor([[[1.7705e+03, 0.0000e+00, 1.9018e+02],
         [0.0000e+00, 1.7705e+03, 2.7610e+01],
         [0.0000e+00, 0.0000e+00, 1.0000e+00]]], device='cuda:0')
0:00:49.443161 - TCO_input tensor([[[ 1.0000,  0.0000,  0.0000, -0.0051],
         [ 0.0000,  1.0000,  0.0000,  0.0153],
         [ 0.0000,  0.0000,  1.0000,  0.2954],
         [ 0.0000,  0.0000,  0.0000,  1.0000]]], device='cuda:0')
0:00:49.444049 - model tco output tensor([[[-0.7980,  0.4365,  0.4155, -0.0032],
         [-0.5671, -0.7771, -0.2729,  0.0097],
         [ 0.2038, -0.4534,  0.8677,  0.1885],
         [ 0.0000,  0.0000,  0.0000,  1.0000]]], device='cuda:0',
       grad_fn=<CopySlices>)
0:00:49.486332 - Wrote debug data: /home/ubuntu/synthetic_pose_estimation/cosypose/local_data/debug_data/debug_iter=1.pth.tar
0:00:49.696475 - TCO_input tensor([[[ 1.0000,  0.0000,  0.0000, -0.0051],
         [ 0.0000,  1.0000,  0.0000,  0.0153],
         [ 0.0000,  0.0000,  1.0000,  0.2954],
         [ 0.0000,  0.0000,  0.0000,  1.0000]]], device='cuda:0')
0:00:49.697480 - vxvyvz tensor([[ 0.4112, -0.3732,  0.6379]], device='cuda:0',
       grad_fn=<SliceBackward0>)
0:00:49.698456 - dR tensor([[[-0.7980,  0.4365,  0.4155],
         [-0.5671, -0.7771, -0.2729],
         [ 0.2038, -0.4534,  0.8677]]], device='cuda:0',
       grad_fn=<StackBackward0>)
0:00:49.699331 - fxfy tensor([[1770.4993, 1770.4994]], device='cuda:0')
0:00:49.701799 - TCO_gt tensor([[[-0.7893,  0.4511,  0.4165, -0.0100],
         [-0.5688, -0.7927, -0.2192,  0.0062],
         [ 0.2313, -0.4099,  0.8823,  0.1920],
         [ 0.0000,  0.0000,  0.0000,  1.0000]]], device='cuda:0')
0:00:49.702698 - TCO pred_orn tensor([[[-0.7980,  0.4365,  0.4155, -0.0100],
         [-0.5671, -0.7771, -0.2729,  0.0062],
         [ 0.2038, -0.4534,  0.8677,  0.1920],
         [ 0.0000,  0.0000,  0.0000,  1.0000]]], device='cuda:0',
       grad_fn=<CopySlices>)
0:00:49.703593 - TCO pred_xy tensor([[[-0.7893,  0.4511,  0.4165, -0.0033],
         [-0.5688, -0.7927, -0.2192,  0.0099],
         [ 0.2313, -0.4099,  0.8823,  0.1920],
         [ 0.0000,  0.0000,  0.0000,  1.0000]]], device='cuda:0',
       grad_fn=<CopySlices>)
0:00:49.704472 - TCO pred_z tensor([[[-0.7893,  0.4511,  0.4165, -0.0100],
         [-0.5688, -0.7927, -0.2192,  0.0062],
         [ 0.2313, -0.4099,  0.8823,  0.1885],
         [ 0.0000,  0.0000,  0.0000,  1.0000]]], device='cuda:0',
       grad_fn=<CopySlices>)
0:00:49.705135 - loss orn tensor([0.0002], device='cuda:0', grad_fn=<MinBackward0>)
0:00:49.705780 - loss xy tensor([0.0035], device='cuda:0', grad_fn=<MinBackward0>)
0:00:49.706392 - loss z tensor([0.0012], device='cuda:0', grad_fn=<MinBackward0>)
  0%|                                       | 0/1 [00:00<?, ?it/s, loss=0.00487]100%|███████████████████████████████| 1/1 [00:00<00:00,  4.60it/s, loss=0.00487]100%|███████████████████████████████| 1/1 [00:00<00:00,  4.59it/s, loss=0.00487]
0:00:49.448781 - saving /home/ubuntu/synthetic_pose_estimation/cosypose/local_data/experiments/bracket_assembly_debug_nut_nosym_coarse_noaug--938962 71
  0%|                                                     | 0/1 [00:00<?, ?it/s]0:00:49.864076 - iteration 0
0:00:49.907830 - outputs, {'pose': tensor([[-0.8858, -0.6245,  0.2261,  0.5067, -0.1780, -0.2882,  0.4096, -0.3696,
          0.6411]], device='cuda:0', grad_fn=<AddmmBackward0>)}
0:00:49.909491 - model_outputs {'pose': tensor([[-0.8858, -0.6245,  0.2261,  0.5067, -0.1780, -0.2882,  0.4096, -0.3696,
          0.6411]], device='cuda:0', grad_fn=<AddmmBackward0>)}
0:00:49.910268 - K crop tensor([[[ 1.9225e+03,  0.0000e+00,  2.5208e+02],
         [ 0.0000e+00,  1.9225e+03, -3.3110e+01],
         [ 0.0000e+00,  0.0000e+00,  1.0000e+00]]], device='cuda:0')
0:00:49.911128 - TCO_input tensor([[[ 1.0000,  0.0000,  0.0000, -0.0156],
         [ 0.0000,  1.0000,  0.0000,  0.0257],
         [ 0.0000,  0.0000,  1.0000,  0.3238],
         [ 0.0000,  0.0000,  0.0000,  1.0000]]], device='cuda:0')
0:00:49.912597 - model tco output tensor([[[-0.8001,  0.4409,  0.4068, -0.0100],
         [-0.5641, -0.7837, -0.2600,  0.0164],
         [ 0.2042, -0.4374,  0.8758,  0.2076],
         [ 0.0000,  0.0000,  0.0000,  1.0000]]], device='cuda:0',
       grad_fn=<CopySlices>)
0:00:49.953574 - Wrote debug data: /home/ubuntu/synthetic_pose_estimation/cosypose/local_data/debug_data/debug_iter=1.pth.tar
0:00:50.165428 - TCO_input tensor([[[ 1.0000,  0.0000,  0.0000, -0.0156],
         [ 0.0000,  1.0000,  0.0000,  0.0257],
         [ 0.0000,  0.0000,  1.0000,  0.3238],
         [ 0.0000,  0.0000,  0.0000,  1.0000]]], device='cuda:0')
0:00:50.166520 - vxvyvz tensor([[ 0.4096, -0.3696,  0.6411]], device='cuda:0',
       grad_fn=<SliceBackward0>)
0:00:50.167548 - dR tensor([[[-0.8001,  0.4409,  0.4068],
         [-0.5641, -0.7837, -0.2600],
         [ 0.2042, -0.4374,  0.8758]]], device='cuda:0',
       grad_fn=<StackBackward0>)
0:00:50.168451 - fxfy tensor([[1922.4841, 1922.4838]], device='cuda:0')
0:00:50.171039 - TCO_gt tensor([[[-0.7893,  0.4511,  0.4165, -0.0100],
         [-0.5688, -0.7927, -0.2192,  0.0062],
         [ 0.2313, -0.4099,  0.8823,  0.1920],
         [ 0.0000,  0.0000,  0.0000,  1.0000]]], device='cuda:0')
0:00:50.171971 - TCO pred_orn tensor([[[-0.8001,  0.4409,  0.4068, -0.0100],
         [-0.5641, -0.7837, -0.2600,  0.0062],
         [ 0.2042, -0.4374,  0.8758,  0.1920],
         [ 0.0000,  0.0000,  0.0000,  1.0000]]], device='cuda:0',
       grad_fn=<CopySlices>)
0:00:50.172912 - TCO pred_xy tensor([[[-0.7893,  0.4511,  0.4165, -0.0092],
         [-0.5688, -0.7927, -0.2192,  0.0152],
         [ 0.2313, -0.4099,  0.8823,  0.1920],
         [ 0.0000,  0.0000,  0.0000,  1.0000]]], device='cuda:0',
       grad_fn=<CopySlices>)
0:00:50.173825 - TCO pred_z tensor([[[-0.7893,  0.4511,  0.4165, -0.0100],
         [-0.5688, -0.7927, -0.2192,  0.0062],
         [ 0.2313, -0.4099,  0.8823,  0.2076],
         [ 0.0000,  0.0000,  0.0000,  1.0000]]], device='cuda:0',
       grad_fn=<CopySlices>)
0:00:50.174464 - loss orn tensor([0.0002], device='cuda:0', grad_fn=<MinBackward0>)
0:00:50.175083 - loss xy tensor([0.0033], device='cuda:0', grad_fn=<MinBackward0>)
0:00:50.175698 - loss z tensor([0.0052], device='cuda:0', grad_fn=<MinBackward0>)
  0%|                                       | 0/1 [00:00<?, ?it/s, loss=0.00865]100%|███████████████████████████████| 1/1 [00:00<00:00,  4.56it/s, loss=0.00865]100%|███████████████████████████████| 1/1 [00:00<00:00,  4.55it/s, loss=0.00865]
0:00:49.931040 - saving /home/ubuntu/synthetic_pose_estimation/cosypose/local_data/experiments/bracket_assembly_debug_nut_nosym_coarse_noaug--938962 72
  0%|                                                     | 0/1 [00:00<?, ?it/s]0:00:50.346296 - iteration 0
0:00:50.389210 - outputs, {'pose': tensor([[-0.8992, -0.6278,  0.2342,  0.5234, -0.1844, -0.2847,  0.4084, -0.3743,
          0.6500]], device='cuda:0', grad_fn=<AddmmBackward0>)}
0:00:50.390770 - model_outputs {'pose': tensor([[-0.8992, -0.6278,  0.2342,  0.5234, -0.1844, -0.2847,  0.4084, -0.3743,
          0.6500]], device='cuda:0', grad_fn=<AddmmBackward0>)}
0:00:50.391549 - K crop tensor([[[2.0063e+03, 0.0000e+00, 2.9379e+02],
         [0.0000e+00, 2.0063e+03, 5.4994e+01],
         [0.0000e+00, 0.0000e+00, 1.0000e+00]]], device='cuda:0')
0:00:50.392409 - TCO_input tensor([[[ 1.0000,  0.0000,  0.0000, -0.0222],
         [ 0.0000,  1.0000,  0.0000,  0.0107],
         [ 0.0000,  0.0000,  1.0000,  0.3314],
         [ 0.0000,  0.0000,  0.0000,  1.0000]]], device='cuda:0')
0:00:50.393332 - model tco output tensor([[[-0.8019,  0.4460,  0.3976, -0.0144],
         [-0.5598, -0.7934, -0.2390,  0.0069],
         [ 0.2088, -0.4142,  0.8859,  0.2154],
         [ 0.0000,  0.0000,  0.0000,  1.0000]]], device='cuda:0',
       grad_fn=<CopySlices>)
0:00:50.430701 - Wrote debug data: /home/ubuntu/synthetic_pose_estimation/cosypose/local_data/debug_data/debug_iter=1.pth.tar
0:00:50.641296 - TCO_input tensor([[[ 1.0000,  0.0000,  0.0000, -0.0222],
         [ 0.0000,  1.0000,  0.0000,  0.0107],
         [ 0.0000,  0.0000,  1.0000,  0.3314],
         [ 0.0000,  0.0000,  0.0000,  1.0000]]], device='cuda:0')
0:00:50.642254 - vxvyvz tensor([[ 0.4084, -0.3743,  0.6500]], device='cuda:0',
       grad_fn=<SliceBackward0>)
0:00:50.643237 - dR tensor([[[-0.8019,  0.4460,  0.3976],
         [-0.5598, -0.7934, -0.2390],
         [ 0.2088, -0.4142,  0.8859]]], device='cuda:0',
       grad_fn=<StackBackward0>)
0:00:50.644102 - fxfy tensor([[2006.2678, 2006.2681]], device='cuda:0')
0:00:50.646659 - TCO_gt tensor([[[-0.7893,  0.4511,  0.4165, -0.0100],
         [-0.5688, -0.7927, -0.2192,  0.0062],
         [ 0.2313, -0.4099,  0.8823,  0.1920],
         [ 0.0000,  0.0000,  0.0000,  1.0000]]], device='cuda:0')
0:00:50.647586 - TCO pred_orn tensor([[[-0.8019,  0.4460,  0.3976, -0.0100],
         [-0.5598, -0.7934, -0.2390,  0.0062],
         [ 0.2088, -0.4142,  0.8859,  0.1920],
         [ 0.0000,  0.0000,  0.0000,  1.0000]]], device='cuda:0',
       grad_fn=<CopySlices>)
0:00:50.648516 - TCO pred_xy tensor([[[-0.7893,  0.4511,  0.4165, -0.0128],
         [-0.5688, -0.7927, -0.2192,  0.0061],
         [ 0.2313, -0.4099,  0.8823,  0.1920],
         [ 0.0000,  0.0000,  0.0000,  1.0000]]], device='cuda:0',
       grad_fn=<CopySlices>)
0:00:50.649464 - TCO pred_z tensor([[[-0.7893,  0.4511,  0.4165, -0.0100],
         [-0.5688, -0.7927, -0.2192,  0.0062],
         [ 0.2313, -0.4099,  0.8823,  0.2154],
         [ 0.0000,  0.0000,  0.0000,  1.0000]]], device='cuda:0',
       grad_fn=<CopySlices>)
0:00:50.650138 - loss orn tensor([0.0001], device='cuda:0', grad_fn=<MinBackward0>)
0:00:50.650775 - loss xy tensor([0.0009], device='cuda:0', grad_fn=<MinBackward0>)
0:00:50.651407 - loss z tensor([0.0078], device='cuda:0', grad_fn=<MinBackward0>)
  0%|                                       | 0/1 [00:00<?, ?it/s, loss=0.00887]100%|███████████████████████████████| 1/1 [00:00<00:00,  4.71it/s, loss=0.00887]100%|███████████████████████████████| 1/1 [00:00<00:00,  4.70it/s, loss=0.00887]
0:00:50.413699 - saving /home/ubuntu/synthetic_pose_estimation/cosypose/local_data/experiments/bracket_assembly_debug_nut_nosym_coarse_noaug--938962 73
  0%|                                                     | 0/1 [00:00<?, ?it/s]0:00:50.828886 - iteration 0
0:00:50.871768 - outputs, {'pose': tensor([[-0.8846, -0.6266,  0.2418,  0.5292, -0.1932, -0.2800,  0.3975, -0.3767,
          0.6501]], device='cuda:0', grad_fn=<AddmmBackward0>)}
0:00:50.873328 - model_outputs {'pose': tensor([[-0.8846, -0.6266,  0.2418,  0.5292, -0.1932, -0.2800,  0.3975, -0.3767,
          0.6501]], device='cuda:0', grad_fn=<AddmmBackward0>)}
0:00:50.874146 - K crop tensor([[[1.7688e+03, 0.0000e+00, 3.0738e+02],
         [0.0000e+00, 1.7688e+03, 6.8958e+01],
         [0.0000e+00, 0.0000e+00, 1.0000e+00]]], device='cuda:0')
0:00:50.875002 - TCO_input tensor([[[ 1.0000,  0.0000,  0.0000, -0.0244],
         [ 0.0000,  1.0000,  0.0000,  0.0084],
         [ 0.0000,  0.0000,  1.0000,  0.2924],
         [ 0.0000,  0.0000,  0.0000,  1.0000]]], device='cuda:0')
0:00:50.875907 - model tco output tensor([[[-0.7965,  0.4578,  0.3951, -0.0159],
         [-0.5642, -0.7977, -0.2130,  0.0054],
         [ 0.2177, -0.3925,  0.8936,  0.1901],
         [ 0.0000,  0.0000,  0.0000,  1.0000]]], device='cuda:0',
       grad_fn=<CopySlices>)
0:00:50.914767 - Wrote debug data: /home/ubuntu/synthetic_pose_estimation/cosypose/local_data/debug_data/debug_iter=1.pth.tar
0:00:51.126509 - TCO_input tensor([[[ 1.0000,  0.0000,  0.0000, -0.0244],
         [ 0.0000,  1.0000,  0.0000,  0.0084],
         [ 0.0000,  0.0000,  1.0000,  0.2924],
         [ 0.0000,  0.0000,  0.0000,  1.0000]]], device='cuda:0')
0:00:51.127564 - vxvyvz tensor([[ 0.3975, -0.3767,  0.6501]], device='cuda:0',
       grad_fn=<SliceBackward0>)
0:00:51.128580 - dR tensor([[[-0.7965,  0.4578,  0.3951],
         [-0.5642, -0.7977, -0.2130],
         [ 0.2177, -0.3925,  0.8936]]], device='cuda:0',
       grad_fn=<StackBackward0>)
0:00:51.129524 - fxfy tensor([[1768.7720, 1768.7722]], device='cuda:0')
0:00:51.132045 - TCO_gt tensor([[[-0.7893,  0.4511,  0.4165, -0.0100],
         [-0.5688, -0.7927, -0.2192,  0.0062],
         [ 0.2313, -0.4099,  0.8823,  0.1920],
         [ 0.0000,  0.0000,  0.0000,  1.0000]]], device='cuda:0')
0:00:51.132995 - TCO pred_orn tensor([[[-0.7965,  0.4578,  0.3951, -0.0100],
         [-0.5642, -0.7977, -0.2130,  0.0062],
         [ 0.2177, -0.3925,  0.8936,  0.1920],
         [ 0.0000,  0.0000,  0.0000,  1.0000]]], device='cuda:0',
       grad_fn=<CopySlices>)
0:00:51.133933 - TCO pred_xy tensor([[[-0.7893,  0.4511,  0.4165, -0.0160],
         [-0.5688, -0.7927, -0.2192,  0.0054],
         [ 0.2313, -0.4099,  0.8823,  0.1920],
         [ 0.0000,  0.0000,  0.0000,  1.0000]]], device='cuda:0',
       grad_fn=<CopySlices>)
0:00:51.134868 - TCO pred_z tensor([[[-0.7893,  0.4511,  0.4165, -0.0100],
         [-0.5688, -0.7927, -0.2192,  0.0062],
         [ 0.2313, -0.4099,  0.8823,  0.1901],
         [ 0.0000,  0.0000,  0.0000,  1.0000]]], device='cuda:0',
       grad_fn=<CopySlices>)
0:00:51.135526 - loss orn tensor([9.3741e-05], device='cuda:0', grad_fn=<MinBackward0>)
0:00:51.136163 - loss xy tensor([0.0022], device='cuda:0', grad_fn=<MinBackward0>)
0:00:51.136788 - loss z tensor([0.0006], device='cuda:0', grad_fn=<MinBackward0>)
  0%|                                       | 0/1 [00:00<?, ?it/s, loss=0.00296]100%|███████████████████████████████| 1/1 [00:00<00:00,  4.63it/s, loss=0.00296]100%|███████████████████████████████| 1/1 [00:00<00:00,  4.62it/s, loss=0.00296]
0:00:50.888081 - saving /home/ubuntu/synthetic_pose_estimation/cosypose/local_data/experiments/bracket_assembly_debug_nut_nosym_coarse_noaug--938962 74
  0%|                                                     | 0/1 [00:00<?, ?it/s]0:00:51.303473 - iteration 0
0:00:51.349610 - outputs, {'pose': tensor([[-0.8918, -0.6282,  0.2546,  0.5369, -0.1984, -0.2693,  0.4008, -0.3784,
          0.6545]], device='cuda:0', grad_fn=<AddmmBackward0>)}
0:00:51.351268 - model_outputs {'pose': tensor([[-0.8918, -0.6282,  0.2546,  0.5369, -0.1984, -0.2693,  0.4008, -0.3784,
          0.6545]], device='cuda:0', grad_fn=<AddmmBackward0>)}
0:00:51.352075 - K crop tensor([[[1.6360e+03, 0.0000e+00, 2.3481e+02],
         [0.0000e+00, 1.6360e+03, 1.9780e+01],
         [0.0000e+00, 0.0000e+00, 1.0000e+00]]], device='cuda:0')
0:00:51.352929 - TCO_input tensor([[[ 1.0000,  0.0000,  0.0000, -0.0126],
         [ 0.0000,  1.0000,  0.0000,  0.0167],
         [ 0.0000,  0.0000,  1.0000,  0.2744],
         [ 0.0000,  0.0000,  0.0000,  1.0000]]], device='cuda:0')
0:00:51.354546 - model tco output tensor([[[-0.7961,  0.4657,  0.3863, -0.0082],
         [-0.5608, -0.8077, -0.1820,  0.0109],
         [ 0.2272, -0.3616,  0.9042,  0.1796],
         [ 0.0000,  0.0000,  0.0000,  1.0000]]], device='cuda:0',
       grad_fn=<CopySlices>)
0:00:51.394881 - Wrote debug data: /home/ubuntu/synthetic_pose_estimation/cosypose/local_data/debug_data/debug_iter=1.pth.tar
0:00:51.605264 - TCO_input tensor([[[ 1.0000,  0.0000,  0.0000, -0.0126],
         [ 0.0000,  1.0000,  0.0000,  0.0167],
         [ 0.0000,  0.0000,  1.0000,  0.2744],
         [ 0.0000,  0.0000,  0.0000,  1.0000]]], device='cuda:0')
0:00:51.606258 - vxvyvz tensor([[ 0.4008, -0.3784,  0.6545]], device='cuda:0',
       grad_fn=<SliceBackward0>)
0:00:51.607234 - dR tensor([[[-0.7961,  0.4657,  0.3863],
         [-0.5608, -0.8077, -0.1820],
         [ 0.2272, -0.3616,  0.9042]]], device='cuda:0',
       grad_fn=<StackBackward0>)
0:00:51.608106 - fxfy tensor([[1636.0493, 1636.0497]], device='cuda:0')
0:00:51.610655 - TCO_gt tensor([[[-0.7893,  0.4511,  0.4165, -0.0100],
         [-0.5688, -0.7927, -0.2192,  0.0062],
         [ 0.2313, -0.4099,  0.8823,  0.1920],
         [ 0.0000,  0.0000,  0.0000,  1.0000]]], device='cuda:0')
0:00:51.611561 - TCO pred_orn tensor([[[-0.7961,  0.4657,  0.3863, -0.0100],
         [-0.5608, -0.8077, -0.1820,  0.0062],
         [ 0.2272, -0.3616,  0.9042,  0.1920],
         [ 0.0000,  0.0000,  0.0000,  1.0000]]], device='cuda:0',
       grad_fn=<CopySlices>)
0:00:51.612439 - TCO pred_xy tensor([[[-0.7893,  0.4511,  0.4165, -0.0088],
         [-0.5688, -0.7927, -0.2192,  0.0117],
         [ 0.2313, -0.4099,  0.8823,  0.1920],
         [ 0.0000,  0.0000,  0.0000,  1.0000]]], device='cuda:0',
       grad_fn=<CopySlices>)
0:00:51.613363 - TCO pred_z tensor([[[-0.7893,  0.4511,  0.4165, -0.0100],
         [-0.5688, -0.7927, -0.2192,  0.0062],
         [ 0.2313, -0.4099,  0.8823,  0.1796],
         [ 0.0000,  0.0000,  0.0000,  1.0000]]], device='cuda:0',
       grad_fn=<CopySlices>)
0:00:51.614004 - loss orn tensor([0.0002], device='cuda:0', grad_fn=<MinBackward0>)
0:00:51.614613 - loss xy tensor([0.0022], device='cuda:0', grad_fn=<MinBackward0>)
0:00:51.615218 - loss z tensor([0.0041], device='cuda:0', grad_fn=<MinBackward0>)
  0%|                                       | 0/1 [00:00<?, ?it/s, loss=0.00655]100%|███████████████████████████████| 1/1 [00:00<00:00,  4.55it/s, loss=0.00655]100%|███████████████████████████████| 1/1 [00:00<00:00,  4.54it/s, loss=0.00655]
0:00:51.359273 - saving /home/ubuntu/synthetic_pose_estimation/cosypose/local_data/experiments/bracket_assembly_debug_nut_nosym_coarse_noaug--938962 75
  0%|                                                     | 0/1 [00:00<?, ?it/s]0:00:51.774506 - iteration 0
0:00:51.818181 - outputs, {'pose': tensor([[-0.8912, -0.6283,  0.2508,  0.5338, -0.1939, -0.2767,  0.3879, -0.3801,
          0.6648]], device='cuda:0', grad_fn=<AddmmBackward0>)}
0:00:51.819763 - model_outputs {'pose': tensor([[-0.8912, -0.6283,  0.2508,  0.5338, -0.1939, -0.2767,  0.3879, -0.3801,
          0.6648]], device='cuda:0', grad_fn=<AddmmBackward0>)}
0:00:51.820557 - K crop tensor([[[1.7150e+03, 0.0000e+00, 2.3284e+02],
         [0.0000e+00, 1.7150e+03, 8.7162e+01],
         [0.0000e+00, 0.0000e+00, 1.0000e+00]]], device='cuda:0')
0:00:51.821439 - TCO_input tensor([[[ 1.0000,  0.0000,  0.0000, -0.0121],
         [ 0.0000,  1.0000,  0.0000,  0.0053],
         [ 0.0000,  0.0000,  1.0000,  0.2826],
         [ 0.0000,  0.0000,  0.0000,  1.0000]]], device='cuda:0')
0:00:51.822981 - model tco output tensor([[[-0.7965,  0.4595,  0.3930, -0.0080],
         [-0.5616, -0.8031, -0.1992,  0.0035],
         [ 0.2241, -0.3794,  0.8977,  0.1879],
         [ 0.0000,  0.0000,  0.0000,  1.0000]]], device='cuda:0',
       grad_fn=<CopySlices>)
0:00:51.861986 - Wrote debug data: /home/ubuntu/synthetic_pose_estimation/cosypose/local_data/debug_data/debug_iter=1.pth.tar
0:00:52.072439 - TCO_input tensor([[[ 1.0000,  0.0000,  0.0000, -0.0121],
         [ 0.0000,  1.0000,  0.0000,  0.0053],
         [ 0.0000,  0.0000,  1.0000,  0.2826],
         [ 0.0000,  0.0000,  0.0000,  1.0000]]], device='cuda:0')
0:00:52.073460 - vxvyvz tensor([[ 0.3879, -0.3801,  0.6648]], device='cuda:0',
       grad_fn=<SliceBackward0>)
0:00:52.074455 - dR tensor([[[-0.7965,  0.4595,  0.3930],
         [-0.5616, -0.8031, -0.1992],
         [ 0.2241, -0.3794,  0.8977]]], device='cuda:0',
       grad_fn=<StackBackward0>)
0:00:52.075363 - fxfy tensor([[1715.0126, 1715.0126]], device='cuda:0')
0:00:52.077905 - TCO_gt tensor([[[-0.7893,  0.4511,  0.4165, -0.0100],
         [-0.5688, -0.7927, -0.2192,  0.0062],
         [ 0.2313, -0.4099,  0.8823,  0.1920],
         [ 0.0000,  0.0000,  0.0000,  1.0000]]], device='cuda:0')
0:00:52.078860 - TCO pred_orn tensor([[[-0.7965,  0.4595,  0.3930, -0.0100],
         [-0.5616, -0.8031, -0.1992,  0.0062],
         [ 0.2241, -0.3794,  0.8977,  0.1920],
         [ 0.0000,  0.0000,  0.0000,  1.0000]]], device='cuda:0',
       grad_fn=<CopySlices>)
0:00:52.079786 - TCO pred_xy tensor([[[-0.7893,  0.4511,  0.4165, -0.0082],
         [-0.5688, -0.7927, -0.2192,  0.0036],
         [ 0.2313, -0.4099,  0.8823,  0.1920],
         [ 0.0000,  0.0000,  0.0000,  1.0000]]], device='cuda:0',
       grad_fn=<CopySlices>)
0:00:52.080732 - TCO pred_z tensor([[[-0.7893,  0.4511,  0.4165, -0.0100],
         [-0.5688, -0.7927, -0.2192,  0.0062],
         [ 0.2313, -0.4099,  0.8823,  0.1879],
         [ 0.0000,  0.0000,  0.0000,  1.0000]]], device='cuda:0',
       grad_fn=<CopySlices>)
0:00:52.081416 - loss orn tensor([0.0001], device='cuda:0', grad_fn=<MinBackward0>)
0:00:52.082055 - loss xy tensor([0.0015], device='cuda:0', grad_fn=<MinBackward0>)
0:00:52.082688 - loss z tensor([0.0014], device='cuda:0', grad_fn=<MinBackward0>)
  0%|                                       | 0/1 [00:00<?, ?it/s, loss=0.00298]100%|███████████████████████████████| 1/1 [00:00<00:00,  4.63it/s, loss=0.00298]100%|███████████████████████████████| 1/1 [00:00<00:00,  4.62it/s, loss=0.00298]
0:00:51.840866 - saving /home/ubuntu/synthetic_pose_estimation/cosypose/local_data/experiments/bracket_assembly_debug_nut_nosym_coarse_noaug--938962 76
  0%|                                                     | 0/1 [00:00<?, ?it/s]0:00:52.255893 - iteration 0
0:00:52.299475 - outputs, {'pose': tensor([[-0.8820, -0.6305,  0.2599,  0.5151, -0.1955, -0.2964,  0.3809, -0.3764,
          0.6646]], device='cuda:0', grad_fn=<AddmmBackward0>)}
0:00:52.301095 - model_outputs {'pose': tensor([[-0.8820, -0.6305,  0.2599,  0.5151, -0.1955, -0.2964,  0.3809, -0.3764,
          0.6646]], device='cuda:0', grad_fn=<AddmmBackward0>)}
0:00:52.301900 - K crop tensor([[[1.8589e+03, 0.0000e+00, 2.0071e+02],
         [0.0000e+00, 1.8589e+03, 6.7612e+01],
         [0.0000e+00, 0.0000e+00, 1.0000e+00]]], device='cuda:0')
0:00:52.302760 - TCO_input tensor([[[ 1.0000,  0.0000,  0.0000, -0.0068],
         [ 0.0000,  1.0000,  0.0000,  0.0086],
         [ 0.0000,  0.0000,  1.0000,  0.3070],
         [ 0.0000,  0.0000,  0.0000,  1.0000]]], device='cuda:0')
0:00:52.303666 - model tco output tensor([[[-0.7911,  0.4445,  0.4201, -0.0045],
         [-0.5655, -0.7933, -0.2255,  0.0057],
         [ 0.2331, -0.4160,  0.8790,  0.2040],
         [ 0.0000,  0.0000,  0.0000,  1.0000]]], device='cuda:0',
       grad_fn=<CopySlices>)
0:00:52.342602 - Wrote debug data: /home/ubuntu/synthetic_pose_estimation/cosypose/local_data/debug_data/debug_iter=1.pth.tar
0:00:52.554079 - TCO_input tensor([[[ 1.0000,  0.0000,  0.0000, -0.0068],
         [ 0.0000,  1.0000,  0.0000,  0.0086],
         [ 0.0000,  0.0000,  1.0000,  0.3070],
         [ 0.0000,  0.0000,  0.0000,  1.0000]]], device='cuda:0')
0:00:52.555062 - vxvyvz tensor([[ 0.3809, -0.3764,  0.6646]], device='cuda:0',
       grad_fn=<SliceBackward0>)
0:00:52.556030 - dR tensor([[[-0.7911,  0.4445,  0.4201],
         [-0.5655, -0.7933, -0.2255],
         [ 0.2331, -0.4160,  0.8790]]], device='cuda:0',
       grad_fn=<StackBackward0>)
0:00:52.556922 - fxfy tensor([[1858.9468, 1858.9471]], device='cuda:0')
0:00:52.559430 - TCO_gt tensor([[[-0.7893,  0.4511,  0.4165, -0.0100],
         [-0.5688, -0.7927, -0.2192,  0.0062],
         [ 0.2313, -0.4099,  0.8823,  0.1920],
         [ 0.0000,  0.0000,  0.0000,  1.0000]]], device='cuda:0')
0:00:52.560345 - TCO pred_orn tensor([[[-0.7911,  0.4445,  0.4201, -0.0100],
         [-0.5655, -0.7933, -0.2255,  0.0062],
         [ 0.2331, -0.4160,  0.8790,  0.1920],
         [ 0.0000,  0.0000,  0.0000,  1.0000]]], device='cuda:0',
       grad_fn=<CopySlices>)
0:00:52.561280 - TCO pred_xy tensor([[[-0.7893,  0.4511,  0.4165, -0.0042],
         [-0.5688, -0.7927, -0.2192,  0.0053],
         [ 0.2313, -0.4099,  0.8823,  0.1920],
         [ 0.0000,  0.0000,  0.0000,  1.0000]]], device='cuda:0',
       grad_fn=<CopySlices>)
0:00:52.562173 - TCO pred_z tensor([[[-0.7893,  0.4511,  0.4165, -0.0100],
         [-0.5688, -0.7927, -0.2192,  0.0062],
         [ 0.2313, -0.4099,  0.8823,  0.2040],
         [ 0.0000,  0.0000,  0.0000,  1.0000]]], device='cuda:0',
       grad_fn=<CopySlices>)
0:00:52.562829 - loss orn tensor([3.7323e-05], device='cuda:0', grad_fn=<MinBackward0>)
0:00:52.563445 - loss xy tensor([0.0022], device='cuda:0', grad_fn=<MinBackward0>)
0:00:52.564057 - loss z tensor([0.0040], device='cuda:0', grad_fn=<MinBackward0>)
  0%|                                       | 0/1 [00:00<?, ?it/s, loss=0.00627]100%|███████████████████████████████| 1/1 [00:00<00:00,  4.64it/s, loss=0.00627]100%|███████████████████████████████| 1/1 [00:00<00:00,  4.63it/s, loss=0.00627]
0:00:52.310674 - saving /home/ubuntu/synthetic_pose_estimation/cosypose/local_data/experiments/bracket_assembly_debug_nut_nosym_coarse_noaug--938962 77
  0%|                                                     | 0/1 [00:00<?, ?it/s]0:00:52.726261 - iteration 0
0:00:52.770949 - outputs, {'pose': tensor([[-0.8781, -0.6461,  0.2588,  0.5161, -0.1921, -0.3029,  0.3745, -0.3746,
          0.6824]], device='cuda:0', grad_fn=<AddmmBackward0>)}
0:00:52.772572 - model_outputs {'pose': tensor([[-0.8781, -0.6461,  0.2588,  0.5161, -0.1921, -0.3029,  0.3745, -0.3746,
          0.6824]], device='cuda:0', grad_fn=<AddmmBackward0>)}
0:00:52.774001 - K crop tensor([[[1.7006e+03, 0.0000e+00, 2.0280e+02],
         [0.0000e+00, 1.7006e+03, 5.4795e+01],
         [0.0000e+00, 0.0000e+00, 1.0000e+00]]], device='cuda:0')
0:00:52.774962 - TCO_input tensor([[[ 1.0000,  0.0000,  0.0000, -0.0072],
         [ 0.0000,  1.0000,  0.0000,  0.0107],
         [ 0.0000,  0.0000,  1.0000,  0.2824],
         [ 0.0000,  0.0000,  0.0000,  1.0000]]], device='cuda:0')
0:00:52.775873 - model tco output tensor([[[-0.7837,  0.4508,  0.4273, -0.0049],
         [-0.5766, -0.7838, -0.2305,  0.0073],
         [ 0.2310, -0.4270,  0.8742,  0.1927],
         [ 0.0000,  0.0000,  0.0000,  1.0000]]], device='cuda:0',
       grad_fn=<CopySlices>)
0:00:52.822678 - Wrote debug data: /home/ubuntu/synthetic_pose_estimation/cosypose/local_data/debug_data/debug_iter=1.pth.tar
0:00:53.034719 - TCO_input tensor([[[ 1.0000,  0.0000,  0.0000, -0.0072],
         [ 0.0000,  1.0000,  0.0000,  0.0107],
         [ 0.0000,  0.0000,  1.0000,  0.2824],
         [ 0.0000,  0.0000,  0.0000,  1.0000]]], device='cuda:0')
0:00:53.035802 - vxvyvz tensor([[ 0.3745, -0.3746,  0.6824]], device='cuda:0',
       grad_fn=<SliceBackward0>)
0:00:53.036812 - dR tensor([[[-0.7837,  0.4508,  0.4273],
         [-0.5766, -0.7838, -0.2305],
         [ 0.2310, -0.4270,  0.8742]]], device='cuda:0',
       grad_fn=<StackBackward0>)
0:00:53.037771 - fxfy tensor([[1700.5564, 1700.5568]], device='cuda:0')
0:00:53.040282 - TCO_gt tensor([[[-0.7893,  0.4511,  0.4165, -0.0100],
         [-0.5688, -0.7927, -0.2192,  0.0062],
         [ 0.2313, -0.4099,  0.8823,  0.1920],
         [ 0.0000,  0.0000,  0.0000,  1.0000]]], device='cuda:0')
0:00:53.041273 - TCO pred_orn tensor([[[-0.7837,  0.4508,  0.4273, -0.0100],
         [-0.5766, -0.7838, -0.2305,  0.0062],
         [ 0.2310, -0.4270,  0.8742,  0.1920],
         [ 0.0000,  0.0000,  0.0000,  1.0000]]], device='cuda:0',
       grad_fn=<CopySlices>)
0:00:53.042228 - TCO pred_xy tensor([[[-0.7893,  0.4511,  0.4165, -0.0048],
         [-0.5688, -0.7927, -0.2192,  0.0073],
         [ 0.2313, -0.4099,  0.8823,  0.1920],
         [ 0.0000,  0.0000,  0.0000,  1.0000]]], device='cuda:0',
       grad_fn=<CopySlices>)
0:00:53.043135 - TCO pred_z tensor([[[-0.7893,  0.4511,  0.4165, -0.0100],
         [-0.5688, -0.7927, -0.2192,  0.0062],
         [ 0.2313, -0.4099,  0.8823,  0.1927],
         [ 0.0000,  0.0000,  0.0000,  1.0000]]], device='cuda:0',
       grad_fn=<CopySlices>)
0:00:53.043786 - loss orn tensor([7.6675e-05], device='cuda:0', grad_fn=<MinBackward0>)
0:00:53.044423 - loss xy tensor([0.0021], device='cuda:0', grad_fn=<MinBackward0>)
0:00:53.045083 - loss z tensor([0.0003], device='cuda:0', grad_fn=<MinBackward0>)
  0%|                                       | 0/1 [00:00<?, ?it/s, loss=0.00242]100%|███████████████████████████████| 1/1 [00:00<00:00,  4.40it/s, loss=0.00242]100%|███████████████████████████████| 1/1 [00:00<00:00,  4.39it/s, loss=0.00242]
0:00:52.810866 - saving /home/ubuntu/synthetic_pose_estimation/cosypose/local_data/experiments/bracket_assembly_debug_nut_nosym_coarse_noaug--938962 78
  0%|                                                     | 0/1 [00:00<?, ?it/s]0:00:53.226039 - iteration 0
0:00:53.272940 - outputs, {'pose': tensor([[-0.8838, -0.6431,  0.2610,  0.5210, -0.1917, -0.2959,  0.3559, -0.3759,
          0.6753]], device='cuda:0', grad_fn=<AddmmBackward0>)}
0:00:53.274567 - model_outputs {'pose': tensor([[-0.8838, -0.6431,  0.2610,  0.5210, -0.1917, -0.2959,  0.3559, -0.3759,
          0.6753]], device='cuda:0', grad_fn=<AddmmBackward0>)}
0:00:53.275348 - K crop tensor([[[2.0425e+03, 0.0000e+00, 2.6384e+02],
         [0.0000e+00, 2.0425e+03, 4.1225e+01],
         [0.0000e+00, 0.0000e+00, 1.0000e+00]]], device='cuda:0')
0:00:53.276195 - TCO_input tensor([[[ 1.0000,  0.0000,  0.0000, -0.0173],
         [ 0.0000,  1.0000,  0.0000,  0.0130],
         [ 0.0000,  0.0000,  1.0000,  0.3381],
         [ 0.0000,  0.0000,  0.0000,  1.0000]]], device='cuda:0')
0:00:53.277106 - model tco output tensor([[[-0.7865,  0.4532,  0.4196, -0.0116],
         [-0.5723, -0.7902, -0.2193,  0.0087],
         [ 0.2322, -0.4126,  0.8808,  0.2283],
         [ 0.0000,  0.0000,  0.0000,  1.0000]]], device='cuda:0',
       grad_fn=<CopySlices>)
0:00:53.315217 - Wrote debug data: /home/ubuntu/synthetic_pose_estimation/cosypose/local_data/debug_data/debug_iter=1.pth.tar
0:00:53.527875 - TCO_input tensor([[[ 1.0000,  0.0000,  0.0000, -0.0173],
         [ 0.0000,  1.0000,  0.0000,  0.0130],
         [ 0.0000,  0.0000,  1.0000,  0.3381],
         [ 0.0000,  0.0000,  0.0000,  1.0000]]], device='cuda:0')
0:00:53.528970 - vxvyvz tensor([[ 0.3559, -0.3759,  0.6753]], device='cuda:0',
       grad_fn=<SliceBackward0>)
0:00:53.530016 - dR tensor([[[-0.7865,  0.4532,  0.4196],
         [-0.5723, -0.7902, -0.2193],
         [ 0.2322, -0.4126,  0.8808]]], device='cuda:0',
       grad_fn=<StackBackward0>)
0:00:53.530898 - fxfy tensor([[2042.5187, 2042.5190]], device='cuda:0')
0:00:53.533447 - TCO_gt tensor([[[-0.7893,  0.4511,  0.4165, -0.0100],
         [-0.5688, -0.7927, -0.2192,  0.0062],
         [ 0.2313, -0.4099,  0.8823,  0.1920],
         [ 0.0000,  0.0000,  0.0000,  1.0000]]], device='cuda:0')
0:00:53.534384 - TCO pred_orn tensor([[[-0.7865,  0.4532,  0.4196, -0.0100],
         [-0.5723, -0.7902, -0.2193,  0.0062],
         [ 0.2322, -0.4126,  0.8808,  0.1920],
         [ 0.0000,  0.0000,  0.0000,  1.0000]]], device='cuda:0',
       grad_fn=<CopySlices>)
0:00:53.535298 - TCO pred_xy tensor([[[-0.7893,  0.4511,  0.4165, -0.0098],
         [-0.5688, -0.7927, -0.2192,  0.0073],
         [ 0.2313, -0.4099,  0.8823,  0.1920],
         [ 0.0000,  0.0000,  0.0000,  1.0000]]], device='cuda:0',
       grad_fn=<CopySlices>)
0:00:53.536186 - TCO pred_z tensor([[[-0.7893,  0.4511,  0.4165, -0.0100],
         [-0.5688, -0.7927, -0.2192,  0.0062],
         [ 0.2313, -0.4099,  0.8823,  0.2283],
         [ 0.0000,  0.0000,  0.0000,  1.0000]]], device='cuda:0',
       grad_fn=<CopySlices>)
0:00:53.536818 - loss orn tensor([2.1780e-05], device='cuda:0', grad_fn=<MinBackward0>)
0:00:53.537483 - loss xy tensor([0.0005], device='cuda:0', grad_fn=<MinBackward0>)
0:00:53.538138 - loss z tensor([0.0121], device='cuda:0', grad_fn=<MinBackward0>)
  0%|                                        | 0/1 [00:00<?, ?it/s, loss=0.0126]100%|████████████████████████████████| 1/1 [00:00<00:00,  4.54it/s, loss=0.0126]100%|████████████████████████████████| 1/1 [00:00<00:00,  4.53it/s, loss=0.0126]
0:00:53.319639 - saving /home/ubuntu/synthetic_pose_estimation/cosypose/local_data/experiments/bracket_assembly_debug_nut_nosym_coarse_noaug--938962 79
  0%|                                                     | 0/1 [00:00<?, ?it/s]0:00:53.734763 - iteration 0
0:00:53.777967 - outputs, {'pose': tensor([[-0.8858, -0.6393,  0.2782,  0.5227, -0.2001, -0.2904,  0.3445, -0.3736,
          0.6765]], device='cuda:0', grad_fn=<AddmmBackward0>)}
0:00:53.779535 - model_outputs {'pose': tensor([[-0.8858, -0.6393,  0.2782,  0.5227, -0.2001, -0.2904,  0.3445, -0.3736,
          0.6765]], device='cuda:0', grad_fn=<AddmmBackward0>)}
0:00:53.780300 - K crop tensor([[[2.1720e+03, 0.0000e+00, 2.1872e+02],
         [0.0000e+00, 2.1720e+03, 1.2970e+02],
         [0.0000e+00, 0.0000e+00, 1.0000e+00]]], device='cuda:0')
0:00:53.781152 - TCO_input tensor([[[ 1.0000,  0.0000,  0.0000, -0.0097],
         [ 0.0000,  1.0000,  0.0000, -0.0017],
         [ 0.0000,  0.0000,  1.0000,  0.3545],
         [ 0.0000,  0.0000,  0.0000,  1.0000]]], device='cuda:0')
0:00:53.782303 - model tco output tensor([[[-0.7858,  0.4553,  0.4186, -0.0065],
         [-0.5671, -0.8005, -0.1940, -0.0012],
         [ 0.2468, -0.3898,  0.8872,  0.2398],
         [ 0.0000,  0.0000,  0.0000,  1.0000]]], device='cuda:0',
       grad_fn=<CopySlices>)
0:00:53.819982 - Wrote debug data: /home/ubuntu/synthetic_pose_estimation/cosypose/local_data/debug_data/debug_iter=1.pth.tar
0:00:54.030711 - TCO_input tensor([[[ 1.0000,  0.0000,  0.0000, -0.0097],
         [ 0.0000,  1.0000,  0.0000, -0.0017],
         [ 0.0000,  0.0000,  1.0000,  0.3545],
         [ 0.0000,  0.0000,  0.0000,  1.0000]]], device='cuda:0')
0:00:54.031721 - vxvyvz tensor([[ 0.3445, -0.3736,  0.6765]], device='cuda:0',
       grad_fn=<SliceBackward0>)
0:00:54.032709 - dR tensor([[[-0.7858,  0.4553,  0.4186],
         [-0.5671, -0.8005, -0.1940],
         [ 0.2468, -0.3898,  0.8872]]], device='cuda:0',
       grad_fn=<StackBackward0>)
0:00:54.033624 - fxfy tensor([[2171.9971, 2171.9976]], device='cuda:0')
0:00:54.036141 - TCO_gt tensor([[[-0.7893,  0.4511,  0.4165, -0.0100],
         [-0.5688, -0.7927, -0.2192,  0.0062],
         [ 0.2313, -0.4099,  0.8823,  0.1920],
         [ 0.0000,  0.0000,  0.0000,  1.0000]]], device='cuda:0')
0:00:54.037078 - TCO pred_orn tensor([[[-0.7858,  0.4553,  0.4186, -0.0100],
         [-0.5671, -0.8005, -0.1940,  0.0062],
         [ 0.2468, -0.3898,  0.8872,  0.1920],
         [ 0.0000,  0.0000,  0.0000,  1.0000]]], device='cuda:0',
       grad_fn=<CopySlices>)
0:00:54.037998 - TCO pred_xy tensor([[[-7.8929e-01,  4.5115e-01,  4.1651e-01, -5.2033e-03],
         [-5.6879e-01, -7.9274e-01, -2.1920e-01, -9.3433e-04],
         [ 2.3129e-01, -4.0992e-01,  8.8231e-01,  1.9197e-01],
         [ 0.0000e+00,  0.0000e+00,  0.0000e+00,  1.0000e+00]]],
       device='cuda:0', grad_fn=<CopySlices>)
0:00:54.038922 - TCO pred_z tensor([[[-0.7893,  0.4511,  0.4165, -0.0100],
         [-0.5688, -0.7927, -0.2192,  0.0062],
         [ 0.2313, -0.4099,  0.8823,  0.2398],
         [ 0.0000,  0.0000,  0.0000,  1.0000]]], device='cuda:0',
       grad_fn=<CopySlices>)
0:00:54.039551 - loss orn tensor([9.8362e-05], device='cuda:0', grad_fn=<MinBackward0>)
0:00:54.040168 - loss xy tensor([0.0040], device='cuda:0', grad_fn=<MinBackward0>)
0:00:54.040783 - loss z tensor([0.0159], device='cuda:0', grad_fn=<MinBackward0>)
  0%|                                          | 0/1 [00:00<?, ?it/s, loss=0.02]100%|██████████████████████████████████| 1/1 [00:00<00:00,  4.69it/s, loss=0.02]100%|██████████████████████████████████| 1/1 [00:00<00:00,  4.68it/s, loss=0.02]
  0%|                                                     | 0/1 [00:00<?, ?it/s]0:00:53.947834 - iteration 0
0:00:53.984388 - outputs, {'pose': tensor([[ 0.0010,  0.0019, -0.0135,  0.0283, -0.0035, -0.0203,  0.0047, -0.0110,
          0.0107]], device='cuda:0')}
0:00:53.986009 - model_outputs {'pose': tensor([[ 0.0010,  0.0019, -0.0135,  0.0283, -0.0035, -0.0203,  0.0047, -0.0110,
          0.0107]], device='cuda:0')}
0:00:53.986798 - K crop tensor([[[1.8865e+03, 0.0000e+00, 2.3647e+02],
         [0.0000e+00, 1.8865e+03, 3.1563e+01],
         [0.0000e+00, 0.0000e+00, 1.0000e+00]]], device='cuda:0')
0:00:53.987659 - TCO_input tensor([[[ 1.0000,  0.0000,  0.0000, -0.0128],
         [ 0.0000,  1.0000,  0.0000,  0.0146],
         [ 0.0000,  0.0000,  1.0000,  0.3138],
         [ 0.0000,  0.0000,  0.0000,  1.0000]]], device='cuda:0')
0:00:53.988545 - model tco output tensor([[[ 7.3326e-02,  9.7113e-01, -2.2699e-01, -1.3748e-04],
         [ 1.3986e-01, -2.3536e-01, -9.6179e-01,  1.5707e-04],
         [-9.8745e-01,  3.8778e-02, -1.5308e-01,  3.3700e-03],
         [ 0.0000e+00,  0.0000e+00,  0.0000e+00,  1.0000e+00]]],
       device='cuda:0')
0:00:54.027170 - Wrote debug data: /home/ubuntu/synthetic_pose_estimation/cosypose/local_data/debug_data/debug_iter=1.pth.tar
0:00:54.240601 - TCO_input tensor([[[ 1.0000,  0.0000,  0.0000, -0.0128],
         [ 0.0000,  1.0000,  0.0000,  0.0146],
         [ 0.0000,  0.0000,  1.0000,  0.3138],
         [ 0.0000,  0.0000,  0.0000,  1.0000]]], device='cuda:0')
0:00:54.241609 - vxvyvz tensor([[ 0.0047, -0.0110,  0.0107]], device='cuda:0')
0:00:54.242596 - dR tensor([[[ 0.0733,  0.9711, -0.2270],
         [ 0.1399, -0.2354, -0.9618],
         [-0.9875,  0.0388, -0.1531]]], device='cuda:0')
0:00:54.243492 - fxfy tensor([[1886.5028, 1886.5029]], device='cuda:0')
0:00:54.245879 - TCO_gt tensor([[[-0.7893,  0.4511,  0.4165, -0.0100],
         [-0.5688, -0.7927, -0.2192,  0.0062],
         [ 0.2313, -0.4099,  0.8823,  0.1920],
         [ 0.0000,  0.0000,  0.0000,  1.0000]]], device='cuda:0')
0:00:54.246808 - TCO pred_orn tensor([[[ 0.0733,  0.9711, -0.2270, -0.0100],
         [ 0.1399, -0.2354, -0.9618,  0.0062],
         [-0.9875,  0.0388, -0.1531,  0.1920],
         [ 0.0000,  0.0000,  0.0000,  1.0000]]], device='cuda:0')
0:00:54.247720 - TCO pred_xy tensor([[[-0.7893,  0.4511,  0.4165, -0.0078],
         [-0.5688, -0.7927, -0.2192,  0.0089],
         [ 0.2313, -0.4099,  0.8823,  0.1920],
         [ 0.0000,  0.0000,  0.0000,  1.0000]]], device='cuda:0')
0:00:54.248653 - TCO pred_z tensor([[[-0.7893,  0.4511,  0.4165, -0.0100],
         [-0.5688, -0.7927, -0.2192,  0.0062],
         [ 0.2313, -0.4099,  0.8823,  0.0034],
         [ 0.0000,  0.0000,  0.0000,  1.0000]]], device='cuda:0')
0:00:54.249336 - loss orn tensor([0.0069], device='cuda:0')
0:00:54.249972 - loss xy tensor([0.0016], device='cuda:0')
0:00:54.250606 - loss z tensor([0.0629], device='cuda:0')
100%|█████████████████████████████████████████████| 1/1 [00:00<00:00,  8.22it/s]100%|█████████████████████████████████████████████| 1/1 [00:00<00:00,  8.19it/s]
0:00:53.930732 - saving /home/ubuntu/synthetic_pose_estimation/cosypose/local_data/experiments/bracket_assembly_debug_nut_nosym_coarse_noaug--938962 80
  0%|                                                     | 0/1 [00:00<?, ?it/s]0:00:54.342925 - iteration 0
0:00:54.386426 - outputs, {'pose': tensor([[-0.8877, -0.6494,  0.2679,  0.5257, -0.2027, -0.2928,  0.3378, -0.3811,
          0.6724]], device='cuda:0', grad_fn=<AddmmBackward0>)}
0:00:54.387984 - model_outputs {'pose': tensor([[-0.8877, -0.6494,  0.2679,  0.5257, -0.2027, -0.2928,  0.3378, -0.3811,
          0.6724]], device='cuda:0', grad_fn=<AddmmBackward0>)}
0:00:54.388746 - K crop tensor([[[1.8787e+03, 0.0000e+00, 2.5756e+02],
         [0.0000e+00, 1.8787e+03, 6.1343e+01],
         [0.0000e+00, 0.0000e+00, 1.0000e+00]]], device='cuda:0')
0:00:54.389607 - TCO_input tensor([[[ 1.0000,  0.0000,  0.0000, -0.0162],
         [ 0.0000,  1.0000,  0.0000,  0.0096],
         [ 0.0000,  0.0000,  1.0000,  0.3106],
         [ 0.0000,  0.0000,  0.0000,  1.0000]]], device='cuda:0')
0:00:54.390485 - model tco output tensor([[[-0.7841,  0.4607,  0.4158, -0.0109],
         [-0.5737, -0.7937, -0.2025,  0.0064],
         [ 0.2367, -0.3973,  0.8867,  0.2088],
         [ 0.0000,  0.0000,  0.0000,  1.0000]]], device='cuda:0',
       grad_fn=<CopySlices>)
0:00:54.429149 - Wrote debug data: /home/ubuntu/synthetic_pose_estimation/cosypose/local_data/debug_data/debug_iter=1.pth.tar
0:00:54.640461 - TCO_input tensor([[[ 1.0000,  0.0000,  0.0000, -0.0162],
         [ 0.0000,  1.0000,  0.0000,  0.0096],
         [ 0.0000,  0.0000,  1.0000,  0.3106],
         [ 0.0000,  0.0000,  0.0000,  1.0000]]], device='cuda:0')
0:00:54.641472 - vxvyvz tensor([[ 0.3378, -0.3811,  0.6724]], device='cuda:0',
       grad_fn=<SliceBackward0>)
0:00:54.642427 - dR tensor([[[-0.7841,  0.4607,  0.4158],
         [-0.5737, -0.7937, -0.2025],
         [ 0.2367, -0.3973,  0.8867]]], device='cuda:0',
       grad_fn=<StackBackward0>)
0:00:54.643274 - fxfy tensor([[1878.7402, 1878.7404]], device='cuda:0')
0:00:54.645734 - TCO_gt tensor([[[-0.7893,  0.4511,  0.4165, -0.0100],
         [-0.5688, -0.7927, -0.2192,  0.0062],
         [ 0.2313, -0.4099,  0.8823,  0.1920],
         [ 0.0000,  0.0000,  0.0000,  1.0000]]], device='cuda:0')
0:00:54.646633 - TCO pred_orn tensor([[[-0.7841,  0.4607,  0.4158, -0.0100],
         [-0.5737, -0.7937, -0.2025,  0.0062],
         [ 0.2367, -0.3973,  0.8867,  0.1920],
         [ 0.0000,  0.0000,  0.0000,  1.0000]]], device='cuda:0',
       grad_fn=<CopySlices>)
0:00:54.647521 - TCO pred_xy tensor([[[-0.7893,  0.4511,  0.4165, -0.0100],
         [-0.5688, -0.7927, -0.2192,  0.0059],
         [ 0.2313, -0.4099,  0.8823,  0.1920],
         [ 0.0000,  0.0000,  0.0000,  1.0000]]], device='cuda:0',
       grad_fn=<CopySlices>)
0:00:54.648397 - TCO pred_z tensor([[[-0.7893,  0.4511,  0.4165, -0.0100],
         [-0.5688, -0.7927, -0.2192,  0.0062],
         [ 0.2313, -0.4099,  0.8823,  0.2088],
         [ 0.0000,  0.0000,  0.0000,  1.0000]]], device='cuda:0',
       grad_fn=<CopySlices>)
0:00:54.649036 - loss orn tensor([7.3160e-05], device='cuda:0', grad_fn=<MinBackward0>)
0:00:54.649667 - loss xy tensor([9.8018e-05], device='cuda:0', grad_fn=<MinBackward0>)
0:00:54.650277 - loss z tensor([0.0056], device='cuda:0', grad_fn=<MinBackward0>)
  0%|                                       | 0/1 [00:00<?, ?it/s, loss=0.00578]100%|███████████████████████████████| 1/1 [00:00<00:00,  4.70it/s, loss=0.00578]100%|███████████████████████████████| 1/1 [00:00<00:00,  4.69it/s, loss=0.00578]
0:00:54.398790 - saving /home/ubuntu/synthetic_pose_estimation/cosypose/local_data/experiments/bracket_assembly_debug_nut_nosym_coarse_noaug--938962 81
  0%|                                                     | 0/1 [00:00<?, ?it/s]0:00:54.813942 - iteration 0
0:00:54.860174 - outputs, {'pose': tensor([[-0.8908, -0.6381,  0.2586,  0.5181, -0.2015, -0.3068,  0.3170, -0.3767,
          0.6645]], device='cuda:0', grad_fn=<AddmmBackward0>)}
0:00:54.861727 - model_outputs {'pose': tensor([[-0.8908, -0.6381,  0.2586,  0.5181, -0.2015, -0.3068,  0.3170, -0.3767,
          0.6645]], device='cuda:0', grad_fn=<AddmmBackward0>)}
0:00:54.862483 - K crop tensor([[[1.6127e+03, 0.0000e+00, 2.7823e+02],
         [0.0000e+00, 1.6127e+03, 2.4655e+01],
         [0.0000e+00, 0.0000e+00, 1.0000e+00]]], device='cuda:0')
0:00:54.863319 - TCO_input tensor([[[ 1.0000,  0.0000,  0.0000, -0.0199],
         [ 0.0000,  1.0000,  0.0000,  0.0159],
         [ 0.0000,  0.0000,  1.0000,  0.2703],
         [ 0.0000,  0.0000,  0.0000,  1.0000]]], device='cuda:0')
0:00:54.864289 - model tco output tensor([[[-0.7912,  0.4402,  0.4245, -0.0132],
         [-0.5667, -0.7886, -0.2386,  0.0105],
         [ 0.2297, -0.4294,  0.8734,  0.1796],
         [ 0.0000,  0.0000,  0.0000,  1.0000]]], device='cuda:0',
       grad_fn=<CopySlices>)
0:00:54.904782 - Wrote debug data: /home/ubuntu/synthetic_pose_estimation/cosypose/local_data/debug_data/debug_iter=1.pth.tar
0:00:55.116713 - TCO_input tensor([[[ 1.0000,  0.0000,  0.0000, -0.0199],
         [ 0.0000,  1.0000,  0.0000,  0.0159],
         [ 0.0000,  0.0000,  1.0000,  0.2703],
         [ 0.0000,  0.0000,  0.0000,  1.0000]]], device='cuda:0')
0:00:55.117762 - vxvyvz tensor([[ 0.3170, -0.3767,  0.6645]], device='cuda:0',
       grad_fn=<SliceBackward0>)
0:00:55.118754 - dR tensor([[[-0.7912,  0.4402,  0.4245],
         [-0.5667, -0.7886, -0.2386],
         [ 0.2297, -0.4294,  0.8734]]], device='cuda:0',
       grad_fn=<StackBackward0>)
0:00:55.119602 - fxfy tensor([[1612.6980, 1612.6981]], device='cuda:0')
0:00:55.122151 - TCO_gt tensor([[[-0.7893,  0.4511,  0.4165, -0.0100],
         [-0.5688, -0.7927, -0.2192,  0.0062],
         [ 0.2313, -0.4099,  0.8823,  0.1920],
         [ 0.0000,  0.0000,  0.0000,  1.0000]]], device='cuda:0')
0:00:55.123058 - TCO pred_orn tensor([[[-0.7912,  0.4402,  0.4245, -0.0100],
         [-0.5667, -0.7886, -0.2386,  0.0062],
         [ 0.2297, -0.4294,  0.8734,  0.1920],
         [ 0.0000,  0.0000,  0.0000,  1.0000]]], device='cuda:0',
       grad_fn=<CopySlices>)
0:00:55.123958 - TCO pred_xy tensor([[[-0.7893,  0.4511,  0.4165, -0.0141],
         [-0.5688, -0.7927, -0.2192,  0.0112],
         [ 0.2313, -0.4099,  0.8823,  0.1920],
         [ 0.0000,  0.0000,  0.0000,  1.0000]]], device='cuda:0',
       grad_fn=<CopySlices>)
0:00:55.124851 - TCO pred_z tensor([[[-0.7893,  0.4511,  0.4165, -0.0100],
         [-0.5688, -0.7927, -0.2192,  0.0062],
         [ 0.2313, -0.4099,  0.8823,  0.1796],
         [ 0.0000,  0.0000,  0.0000,  1.0000]]], device='cuda:0',
       grad_fn=<CopySlices>)
0:00:55.125544 - loss orn tensor([9.1773e-05], device='cuda:0', grad_fn=<MinBackward0>)
0:00:55.126155 - loss xy tensor([0.0031], device='cuda:0', grad_fn=<MinBackward0>)
0:00:55.126764 - loss z tensor([0.0041], device='cuda:0', grad_fn=<MinBackward0>)
  0%|                                       | 0/1 [00:00<?, ?it/s, loss=0.00725]100%|███████████████████████████████| 1/1 [00:00<00:00,  4.53it/s, loss=0.00725]100%|███████████████████████████████| 1/1 [00:00<00:00,  4.52it/s, loss=0.00725]
0:00:54.880365 - saving /home/ubuntu/synthetic_pose_estimation/cosypose/local_data/experiments/bracket_assembly_debug_nut_nosym_coarse_noaug--938962 82
  0%|                                                     | 0/1 [00:00<?, ?it/s]0:00:55.295772 - iteration 0
0:00:55.339375 - outputs, {'pose': tensor([[-0.8896, -0.6281,  0.2654,  0.5261, -0.2085, -0.3011,  0.3103, -0.3712,
          0.6564]], device='cuda:0', grad_fn=<AddmmBackward0>)}
0:00:55.340976 - model_outputs {'pose': tensor([[-0.8896, -0.6281,  0.2654,  0.5261, -0.2085, -0.3011,  0.3103, -0.3712,
          0.6564]], device='cuda:0', grad_fn=<AddmmBackward0>)}
0:00:55.341760 - K crop tensor([[[1.8433e+03, 0.0000e+00, 2.3437e+02],
         [0.0000e+00, 1.8433e+03, 5.4979e+01],
         [0.0000e+00, 0.0000e+00, 1.0000e+00]]], device='cuda:0')
0:00:55.342603 - TCO_input tensor([[[ 1.0000,  0.0000,  0.0000, -0.0124],
         [ 0.0000,  1.0000,  0.0000,  0.0107],
         [ 0.0000,  0.0000,  1.0000,  0.3053],
         [ 0.0000,  0.0000,  0.0000,  1.0000]]], device='cuda:0')
0:00:55.344069 - model tco output tensor([[[-0.7937,  0.4422,  0.4178, -0.0081],
         [-0.5604, -0.7987, -0.2192,  0.0070],
         [ 0.2368, -0.4081,  0.8817,  0.2004],
         [ 0.0000,  0.0000,  0.0000,  1.0000]]], device='cuda:0',
       grad_fn=<CopySlices>)
0:00:55.382453 - Wrote debug data: /home/ubuntu/synthetic_pose_estimation/cosypose/local_data/debug_data/debug_iter=1.pth.tar
0:00:55.592840 - TCO_input tensor([[[ 1.0000,  0.0000,  0.0000, -0.0124],
         [ 0.0000,  1.0000,  0.0000,  0.0107],
         [ 0.0000,  0.0000,  1.0000,  0.3053],
         [ 0.0000,  0.0000,  0.0000,  1.0000]]], device='cuda:0')
0:00:55.593894 - vxvyvz tensor([[ 0.3103, -0.3712,  0.6564]], device='cuda:0',
       grad_fn=<SliceBackward0>)
0:00:55.594872 - dR tensor([[[-0.7937,  0.4422,  0.4178],
         [-0.5604, -0.7987, -0.2192],
         [ 0.2368, -0.4081,  0.8817]]], device='cuda:0',
       grad_fn=<StackBackward0>)
0:00:55.595776 - fxfy tensor([[1843.3073, 1843.3074]], device='cuda:0')
0:00:55.598321 - TCO_gt tensor([[[-0.7893,  0.4511,  0.4165, -0.0100],
         [-0.5688, -0.7927, -0.2192,  0.0062],
         [ 0.2313, -0.4099,  0.8823,  0.1920],
         [ 0.0000,  0.0000,  0.0000,  1.0000]]], device='cuda:0')
0:00:55.599225 - TCO pred_orn tensor([[[-0.7937,  0.4422,  0.4178, -0.0100],
         [-0.5604, -0.7987, -0.2192,  0.0062],
         [ 0.2368, -0.4081,  0.8817,  0.1920],
         [ 0.0000,  0.0000,  0.0000,  1.0000]]], device='cuda:0',
       grad_fn=<CopySlices>)
0:00:55.600116 - TCO pred_xy tensor([[[-0.7893,  0.4511,  0.4165, -0.0078],
         [-0.5688, -0.7927, -0.2192,  0.0067],
         [ 0.2313, -0.4099,  0.8823,  0.1920],
         [ 0.0000,  0.0000,  0.0000,  1.0000]]], device='cuda:0',
       grad_fn=<CopySlices>)
0:00:55.601094 - TCO pred_z tensor([[[-0.7893,  0.4511,  0.4165, -0.0100],
         [-0.5688, -0.7927, -0.2192,  0.0062],
         [ 0.2313, -0.4099,  0.8823,  0.2004],
         [ 0.0000,  0.0000,  0.0000,  1.0000]]], device='cuda:0',
       grad_fn=<CopySlices>)
0:00:55.601737 - loss orn tensor([5.2175e-05], device='cuda:0', grad_fn=<MinBackward0>)
0:00:55.602349 - loss xy tensor([0.0009], device='cuda:0', grad_fn=<MinBackward0>)
0:00:55.602957 - loss z tensor([0.0028], device='cuda:0', grad_fn=<MinBackward0>)
  0%|                                       | 0/1 [00:00<?, ?it/s, loss=0.00378]100%|███████████████████████████████| 1/1 [00:00<00:00,  4.64it/s, loss=0.00378]100%|███████████████████████████████| 1/1 [00:00<00:00,  4.63it/s, loss=0.00378]
0:00:55.350020 - saving /home/ubuntu/synthetic_pose_estimation/cosypose/local_data/experiments/bracket_assembly_debug_nut_nosym_coarse_noaug--938962 83
  0%|                                                     | 0/1 [00:00<?, ?it/s]0:00:55.764944 - iteration 0
0:00:55.807952 - outputs, {'pose': tensor([[-0.8946, -0.6347,  0.2626,  0.5223, -0.2095, -0.2984,  0.2961, -0.3784,
          0.6502]], device='cuda:0', grad_fn=<AddmmBackward0>)}
0:00:55.809568 - model_outputs {'pose': tensor([[-0.8946, -0.6347,  0.2626,  0.5223, -0.2095, -0.2984,  0.2961, -0.3784,
          0.6502]], device='cuda:0', grad_fn=<AddmmBackward0>)}
0:00:55.810337 - K crop tensor([[[2.0682e+03, 0.0000e+00, 3.1746e+02],
         [0.0000e+00, 2.0682e+03, 3.9840e+01],
         [0.0000e+00, 0.0000e+00, 1.0000e+00]]], device='cuda:0')
0:00:55.811172 - TCO_input tensor([[[ 1.0000,  0.0000,  0.0000, -0.0261],
         [ 0.0000,  1.0000,  0.0000,  0.0132],
         [ 0.0000,  0.0000,  1.0000,  0.3423],
         [ 0.0000,  0.0000,  0.0000,  1.0000]]], device='cuda:0')
0:00:55.812055 - model tco output tensor([[[-0.7932,  0.4452,  0.4156, -0.0170],
         [-0.5627, -0.7967, -0.2206,  0.0085],
         [ 0.2329, -0.4089,  0.8824,  0.2226],
         [ 0.0000,  0.0000,  0.0000,  1.0000]]], device='cuda:0',
       grad_fn=<CopySlices>)
0:00:55.851201 - Wrote debug data: /home/ubuntu/synthetic_pose_estimation/cosypose/local_data/debug_data/debug_iter=1.pth.tar
0:00:56.062168 - TCO_input tensor([[[ 1.0000,  0.0000,  0.0000, -0.0261],
         [ 0.0000,  1.0000,  0.0000,  0.0132],
         [ 0.0000,  0.0000,  1.0000,  0.3423],
         [ 0.0000,  0.0000,  0.0000,  1.0000]]], device='cuda:0')
0:00:56.063166 - vxvyvz tensor([[ 0.2961, -0.3784,  0.6502]], device='cuda:0',
       grad_fn=<SliceBackward0>)
0:00:56.064150 - dR tensor([[[-0.7932,  0.4452,  0.4156],
         [-0.5627, -0.7967, -0.2206],
         [ 0.2329, -0.4089,  0.8824]]], device='cuda:0',
       grad_fn=<StackBackward0>)
0:00:56.065010 - fxfy tensor([[2068.2126, 2068.2126]], device='cuda:0')
0:00:56.067506 - TCO_gt tensor([[[-0.7893,  0.4511,  0.4165, -0.0100],
         [-0.5688, -0.7927, -0.2192,  0.0062],
         [ 0.2313, -0.4099,  0.8823,  0.1920],
         [ 0.0000,  0.0000,  0.0000,  1.0000]]], device='cuda:0')
0:00:56.068413 - TCO pred_orn tensor([[[-0.7932,  0.4452,  0.4156, -0.0100],
         [-0.5627, -0.7967, -0.2206,  0.0062],
         [ 0.2329, -0.4089,  0.8824,  0.1920],
         [ 0.0000,  0.0000,  0.0000,  1.0000]]], device='cuda:0',
       grad_fn=<CopySlices>)
0:00:56.069341 - TCO pred_xy tensor([[[-0.7893,  0.4511,  0.4165, -0.0146],
         [-0.5688, -0.7927, -0.2192,  0.0074],
         [ 0.2313, -0.4099,  0.8823,  0.1920],
         [ 0.0000,  0.0000,  0.0000,  1.0000]]], device='cuda:0',
       grad_fn=<CopySlices>)
0:00:56.070225 - TCO pred_z tensor([[[-0.7893,  0.4511,  0.4165, -0.0100],
         [-0.5688, -0.7927, -0.2192,  0.0062],
         [ 0.2313, -0.4099,  0.8823,  0.2226],
         [ 0.0000,  0.0000,  0.0000,  1.0000]]], device='cuda:0',
       grad_fn=<CopySlices>)
0:00:56.070846 - loss orn tensor([3.2028e-05], device='cuda:0', grad_fn=<MinBackward0>)
0:00:56.071454 - loss xy tensor([0.0019], device='cuda:0', grad_fn=<MinBackward0>)
0:00:56.072052 - loss z tensor([0.0102], device='cuda:0', grad_fn=<MinBackward0>)
  0%|                                        | 0/1 [00:00<?, ?it/s, loss=0.0122]100%|████████████████████████████████| 1/1 [00:00<00:00,  4.64it/s, loss=0.0122]100%|████████████████████████████████| 1/1 [00:00<00:00,  4.63it/s, loss=0.0122]
0:00:55.813962 - saving /home/ubuntu/synthetic_pose_estimation/cosypose/local_data/experiments/bracket_assembly_debug_nut_nosym_coarse_noaug--938962 84
  0%|                                                     | 0/1 [00:00<?, ?it/s]0:00:56.229062 - iteration 0
0:00:56.272489 - outputs, {'pose': tensor([[-0.8946, -0.6441,  0.2564,  0.5274, -0.2155, -0.2953,  0.2865, -0.3862,
          0.6412]], device='cuda:0', grad_fn=<AddmmBackward0>)}
0:00:56.274119 - model_outputs {'pose': tensor([[-0.8946, -0.6441,  0.2564,  0.5274, -0.2155, -0.2953,  0.2865, -0.3862,
          0.6412]], device='cuda:0', grad_fn=<AddmmBackward0>)}
0:00:56.274885 - K crop tensor([[[1.9041e+03, 0.0000e+00, 3.1059e+02],
         [0.0000e+00, 1.9041e+03, 8.0049e+01],
         [0.0000e+00, 0.0000e+00, 1.0000e+00]]], device='cuda:0')
0:00:56.275725 - TCO_input tensor([[[ 1.0000,  0.0000,  0.0000, -0.0249],
         [ 0.0000,  1.0000,  0.0000,  0.0065],
         [ 0.0000,  0.0000,  1.0000,  0.3134],
         [ 0.0000,  0.0000,  0.0000,  1.0000]]], device='cuda:0')
0:00:56.276620 - model tco output tensor([[[-0.7904,  0.4562,  0.4088, -0.0159],
         [-0.5691, -0.7937, -0.2147,  0.0041],
         [ 0.2265, -0.4024,  0.8870,  0.2009],
         [ 0.0000,  0.0000,  0.0000,  1.0000]]], device='cuda:0',
       grad_fn=<CopySlices>)
0:00:56.314766 - Wrote debug data: /home/ubuntu/synthetic_pose_estimation/cosypose/local_data/debug_data/debug_iter=1.pth.tar
0:00:56.526155 - TCO_input tensor([[[ 1.0000,  0.0000,  0.0000, -0.0249],
         [ 0.0000,  1.0000,  0.0000,  0.0065],
         [ 0.0000,  0.0000,  1.0000,  0.3134],
         [ 0.0000,  0.0000,  0.0000,  1.0000]]], device='cuda:0')
0:00:56.527183 - vxvyvz tensor([[ 0.2865, -0.3862,  0.6412]], device='cuda:0',
       grad_fn=<SliceBackward0>)
0:00:56.528212 - dR tensor([[[-0.7904,  0.4562,  0.4088],
         [-0.5691, -0.7937, -0.2147],
         [ 0.2265, -0.4024,  0.8870]]], device='cuda:0',
       grad_fn=<StackBackward0>)
0:00:56.529108 - fxfy tensor([[1904.0800, 1904.0800]], device='cuda:0')
0:00:56.531601 - TCO_gt tensor([[[-0.7893,  0.4511,  0.4165, -0.0100],
         [-0.5688, -0.7927, -0.2192,  0.0062],
         [ 0.2313, -0.4099,  0.8823,  0.1920],
         [ 0.0000,  0.0000,  0.0000,  1.0000]]], device='cuda:0')
0:00:56.532521 - TCO pred_orn tensor([[[-0.7904,  0.4562,  0.4088, -0.0100],
         [-0.5691, -0.7937, -0.2147,  0.0062],
         [ 0.2265, -0.4024,  0.8870,  0.1920],
         [ 0.0000,  0.0000,  0.0000,  1.0000]]], device='cuda:0',
       grad_fn=<CopySlices>)
0:00:56.533457 - TCO pred_xy tensor([[[-0.7893,  0.4511,  0.4165, -0.0152],
         [-0.5688, -0.7927, -0.2192,  0.0039],
         [ 0.2313, -0.4099,  0.8823,  0.1920],
         [ 0.0000,  0.0000,  0.0000,  1.0000]]], device='cuda:0',
       grad_fn=<CopySlices>)
0:00:56.534365 - TCO pred_z tensor([[[-0.7893,  0.4511,  0.4165, -0.0100],
         [-0.5688, -0.7927, -0.2192,  0.0062],
         [ 0.2313, -0.4099,  0.8823,  0.2009],
         [ 0.0000,  0.0000,  0.0000,  1.0000]]], device='cuda:0',
       grad_fn=<CopySlices>)
0:00:56.535041 - loss orn tensor([3.8846e-05], device='cuda:0', grad_fn=<MinBackward0>)
0:00:56.535674 - loss xy tensor([0.0025], device='cuda:0', grad_fn=<MinBackward0>)
0:00:56.536284 - loss z tensor([0.0030], device='cuda:0', grad_fn=<MinBackward0>)
  0%|                                       | 0/1 [00:00<?, ?it/s, loss=0.00551]100%|███████████████████████████████| 1/1 [00:00<00:00,  4.66it/s, loss=0.00551]100%|███████████████████████████████| 1/1 [00:00<00:00,  4.65it/s, loss=0.00551]
0:00:56.283374 - saving /home/ubuntu/synthetic_pose_estimation/cosypose/local_data/experiments/bracket_assembly_debug_nut_nosym_coarse_noaug--938962 85
  0%|                                                     | 0/1 [00:00<?, ?it/s]0:00:56.698593 - iteration 0
0:00:56.741794 - outputs, {'pose': tensor([[-0.8940, -0.6513,  0.2541,  0.5261, -0.2175, -0.3109,  0.2761, -0.3891,
          0.6293]], device='cuda:0', grad_fn=<AddmmBackward0>)}
0:00:56.743306 - model_outputs {'pose': tensor([[-0.8940, -0.6513,  0.2541,  0.5261, -0.2175, -0.3109,  0.2761, -0.3891,
          0.6293]], device='cuda:0', grad_fn=<AddmmBackward0>)}
0:00:56.744064 - K crop tensor([[[2.0061e+03, 0.0000e+00, 2.6970e+02],
         [0.0000e+00, 2.0061e+03, 3.0422e+01],
         [0.0000e+00, 0.0000e+00, 1.0000e+00]]], device='cuda:0')
0:00:56.744915 - TCO_input tensor([[[ 1.0000,  0.0000,  0.0000, -0.0183],
         [ 0.0000,  1.0000,  0.0000,  0.0148],
         [ 0.0000,  0.0000,  1.0000,  0.3330],
         [ 0.0000,  0.0000,  0.0000,  1.0000]]], device='cuda:0')
0:00:56.746417 - model tco output tensor([[[-0.7877,  0.4501,  0.4205, -0.0115],
         [-0.5739, -0.7844, -0.2353,  0.0093],
         [ 0.2239, -0.4267,  0.8762,  0.2096],
         [ 0.0000,  0.0000,  0.0000,  1.0000]]], device='cuda:0',
       grad_fn=<CopySlices>)
0:00:56.784131 - Wrote debug data: /home/ubuntu/synthetic_pose_estimation/cosypose/local_data/debug_data/debug_iter=1.pth.tar
0:00:56.996305 - TCO_input tensor([[[ 1.0000,  0.0000,  0.0000, -0.0183],
         [ 0.0000,  1.0000,  0.0000,  0.0148],
         [ 0.0000,  0.0000,  1.0000,  0.3330],
         [ 0.0000,  0.0000,  0.0000,  1.0000]]], device='cuda:0')
0:00:56.997310 - vxvyvz tensor([[ 0.2761, -0.3891,  0.6293]], device='cuda:0',
       grad_fn=<SliceBackward0>)
0:00:56.998294 - dR tensor([[[-0.7877,  0.4501,  0.4205],
         [-0.5739, -0.7844, -0.2353],
         [ 0.2239, -0.4267,  0.8762]]], device='cuda:0',
       grad_fn=<StackBackward0>)
0:00:56.999142 - fxfy tensor([[2006.1040, 2006.1041]], device='cuda:0')
0:00:57.001646 - TCO_gt tensor([[[-0.7893,  0.4511,  0.4165, -0.0100],
         [-0.5688, -0.7927, -0.2192,  0.0062],
         [ 0.2313, -0.4099,  0.8823,  0.1920],
         [ 0.0000,  0.0000,  0.0000,  1.0000]]], device='cuda:0')
0:00:57.002554 - TCO pred_orn tensor([[[-0.7877,  0.4501,  0.4205, -0.0100],
         [-0.5739, -0.7844, -0.2353,  0.0062],
         [ 0.2239, -0.4267,  0.8762,  0.1920],
         [ 0.0000,  0.0000,  0.0000,  1.0000]]], device='cuda:0',
       grad_fn=<CopySlices>)
0:00:57.003449 - TCO pred_xy tensor([[[-0.7893,  0.4511,  0.4165, -0.0105],
         [-0.5688, -0.7927, -0.2192,  0.0085],
         [ 0.2313, -0.4099,  0.8823,  0.1920],
         [ 0.0000,  0.0000,  0.0000,  1.0000]]], device='cuda:0',
       grad_fn=<CopySlices>)
0:00:57.004331 - TCO pred_z tensor([[[-0.7893,  0.4511,  0.4165, -0.0100],
         [-0.5688, -0.7927, -0.2192,  0.0062],
         [ 0.2313, -0.4099,  0.8823,  0.2096],
         [ 0.0000,  0.0000,  0.0000,  1.0000]]], device='cuda:0',
       grad_fn=<CopySlices>)
0:00:57.004980 - loss orn tensor([6.8992e-05], device='cuda:0', grad_fn=<MinBackward0>)
0:00:57.005637 - loss xy tensor([0.0009], device='cuda:0', grad_fn=<MinBackward0>)
0:00:57.006248 - loss z tensor([0.0059], device='cuda:0', grad_fn=<MinBackward0>)
  0%|                                       | 0/1 [00:00<?, ?it/s, loss=0.00687]100%|███████████████████████████████| 1/1 [00:00<00:00,  4.54it/s, loss=0.00687]100%|███████████████████████████████| 1/1 [00:00<00:00,  4.53it/s, loss=0.00687]
0:00:56.755129 - saving /home/ubuntu/synthetic_pose_estimation/cosypose/local_data/experiments/bracket_assembly_debug_nut_nosym_coarse_noaug--938962 86
  0%|                                                     | 0/1 [00:00<?, ?it/s]0:00:57.170557 - iteration 0
0:00:57.213997 - outputs, {'pose': tensor([[-0.8920, -0.6532,  0.2508,  0.5229, -0.2126, -0.3061,  0.2807, -0.3939,
          0.6191]], device='cuda:0', grad_fn=<AddmmBackward0>)}
0:00:57.215566 - model_outputs {'pose': tensor([[-0.8920, -0.6532,  0.2508,  0.5229, -0.2126, -0.3061,  0.2807, -0.3939,
          0.6191]], device='cuda:0', grad_fn=<AddmmBackward0>)}
0:00:57.216337 - K crop tensor([[[1.7708e+03, 0.0000e+00, 2.7746e+02],
         [0.0000e+00, 1.7708e+03, 5.3829e+01],
         [0.0000e+00, 0.0000e+00, 1.0000e+00]]], device='cuda:0')
0:00:57.217186 - TCO_input tensor([[[ 1.0000,  0.0000,  0.0000, -0.0196],
         [ 0.0000,  1.0000,  0.0000,  0.0109],
         [ 0.0000,  0.0000,  1.0000,  0.2938],
         [ 0.0000,  0.0000,  0.0000,  1.0000]]], device='cuda:0')
0:00:57.218087 - model tco output tensor([[[-0.7868,  0.4538,  0.4184, -0.0121],
         [-0.5762, -0.7830, -0.2344,  0.0067],
         [ 0.2212, -0.4255,  0.8775,  0.1819],
         [ 0.0000,  0.0000,  0.0000,  1.0000]]], device='cuda:0',
       grad_fn=<CopySlices>)
0:00:57.258616 - Wrote debug data: /home/ubuntu/synthetic_pose_estimation/cosypose/local_data/debug_data/debug_iter=1.pth.tar
0:00:57.469484 - TCO_input tensor([[[ 1.0000,  0.0000,  0.0000, -0.0196],
         [ 0.0000,  1.0000,  0.0000,  0.0109],
         [ 0.0000,  0.0000,  1.0000,  0.2938],
         [ 0.0000,  0.0000,  0.0000,  1.0000]]], device='cuda:0')
0:00:57.470478 - vxvyvz tensor([[ 0.2807, -0.3939,  0.6191]], device='cuda:0',
       grad_fn=<SliceBackward0>)
0:00:57.471465 - dR tensor([[[-0.7868,  0.4538,  0.4184],
         [-0.5762, -0.7830, -0.2344],
         [ 0.2212, -0.4255,  0.8775]]], device='cuda:0',
       grad_fn=<StackBackward0>)
0:00:57.472320 - fxfy tensor([[1770.8419, 1770.8418]], device='cuda:0')
0:00:57.474828 - TCO_gt tensor([[[-0.7893,  0.4511,  0.4165, -0.0100],
         [-0.5688, -0.7927, -0.2192,  0.0062],
         [ 0.2313, -0.4099,  0.8823,  0.1920],
         [ 0.0000,  0.0000,  0.0000,  1.0000]]], device='cuda:0')
0:00:57.475734 - TCO pred_orn tensor([[[-0.7868,  0.4538,  0.4184, -0.0100],
         [-0.5762, -0.7830, -0.2344,  0.0062],
         [ 0.2212, -0.4255,  0.8775,  0.1920],
         [ 0.0000,  0.0000,  0.0000,  1.0000]]], device='cuda:0',
       grad_fn=<CopySlices>)
0:00:57.476621 - TCO pred_xy tensor([[[-0.7893,  0.4511,  0.4165, -0.0128],
         [-0.5688, -0.7927, -0.2192,  0.0071],
         [ 0.2313, -0.4099,  0.8823,  0.1920],
         [ 0.0000,  0.0000,  0.0000,  1.0000]]], device='cuda:0',
       grad_fn=<CopySlices>)
0:00:57.477549 - TCO pred_z tensor([[[-0.7893,  0.4511,  0.4165, -0.0100],
         [-0.5688, -0.7927, -0.2192,  0.0062],
         [ 0.2313, -0.4099,  0.8823,  0.1819],
         [ 0.0000,  0.0000,  0.0000,  1.0000]]], device='cuda:0',
       grad_fn=<CopySlices>)
0:00:57.478178 - loss orn tensor([7.3894e-05], device='cuda:0', grad_fn=<MinBackward0>)
0:00:57.478788 - loss xy tensor([0.0012], device='cuda:0', grad_fn=<MinBackward0>)
0:00:57.479392 - loss z tensor([0.0034], device='cuda:0', grad_fn=<MinBackward0>)
  0%|                                       | 0/1 [00:00<?, ?it/s, loss=0.00466]100%|███████████████████████████████| 1/1 [00:00<00:00,  4.61it/s, loss=0.00466]100%|███████████████████████████████| 1/1 [00:00<00:00,  4.60it/s, loss=0.00466]
0:00:57.230418 - saving /home/ubuntu/synthetic_pose_estimation/cosypose/local_data/experiments/bracket_assembly_debug_nut_nosym_coarse_noaug--938962 87
  0%|                                                     | 0/1 [00:00<?, ?it/s]0:00:57.645585 - iteration 0
0:00:57.689167 - outputs, {'pose': tensor([[-0.8919, -0.6573,  0.2560,  0.5381, -0.2181, -0.2990,  0.2847, -0.4026,
          0.6065]], device='cuda:0', grad_fn=<AddmmBackward0>)}
0:00:57.690783 - model_outputs {'pose': tensor([[-0.8919, -0.6573,  0.2560,  0.5381, -0.2181, -0.2990,  0.2847, -0.4026,
          0.6065]], device='cuda:0', grad_fn=<AddmmBackward0>)}
0:00:57.694587 - K crop tensor([[[1.8547e+03, 0.0000e+00, 2.6452e+02],
         [0.0000e+00, 1.8547e+03, 2.8381e+01],
         [0.0000e+00, 0.0000e+00, 1.0000e+00]]], device='cuda:0')
0:00:57.695590 - TCO_input tensor([[[ 1.0000,  0.0000,  0.0000, -0.0175],
         [ 0.0000,  1.0000,  0.0000,  0.0152],
         [ 0.0000,  0.0000,  1.0000,  0.3089],
         [ 0.0000,  0.0000,  0.0000,  1.0000]]], device='cuda:0')
0:00:57.696495 - model tco output tensor([[[-0.7843,  0.4665,  0.4089, -0.0106],
         [-0.5781, -0.7888, -0.2089,  0.0092],
         [ 0.2251, -0.4002,  0.8883,  0.1874],
         [ 0.0000,  0.0000,  0.0000,  1.0000]]], device='cuda:0',
       grad_fn=<CopySlices>)
0:00:57.734694 - Wrote debug data: /home/ubuntu/synthetic_pose_estimation/cosypose/local_data/debug_data/debug_iter=1.pth.tar
0:00:57.944481 - TCO_input tensor([[[ 1.0000,  0.0000,  0.0000, -0.0175],
         [ 0.0000,  1.0000,  0.0000,  0.0152],
         [ 0.0000,  0.0000,  1.0000,  0.3089],
         [ 0.0000,  0.0000,  0.0000,  1.0000]]], device='cuda:0')
0:00:57.945564 - vxvyvz tensor([[ 0.2847, -0.4026,  0.6065]], device='cuda:0',
       grad_fn=<SliceBackward0>)
0:00:57.946558 - dR tensor([[[-0.7843,  0.4665,  0.4089],
         [-0.5781, -0.7888, -0.2089],
         [ 0.2251, -0.4002,  0.8883]]], device='cuda:0',
       grad_fn=<StackBackward0>)
0:00:57.947401 - fxfy tensor([[1854.7273, 1854.7271]], device='cuda:0')
0:00:57.949933 - TCO_gt tensor([[[-0.7893,  0.4511,  0.4165, -0.0100],
         [-0.5688, -0.7927, -0.2192,  0.0062],
         [ 0.2313, -0.4099,  0.8823,  0.1920],
         [ 0.0000,  0.0000,  0.0000,  1.0000]]], device='cuda:0')
0:00:57.950839 - TCO pred_orn tensor([[[-0.7843,  0.4665,  0.4089, -0.0100],
         [-0.5781, -0.7888, -0.2089,  0.0062],
         [ 0.2251, -0.4002,  0.8883,  0.1920],
         [ 0.0000,  0.0000,  0.0000,  1.0000]]], device='cuda:0',
       grad_fn=<CopySlices>)
0:00:57.951733 - TCO pred_xy tensor([[[-0.7893,  0.4511,  0.4165, -0.0108],
         [-0.5688, -0.7927, -0.2192,  0.0094],
         [ 0.2313, -0.4099,  0.8823,  0.1920],
         [ 0.0000,  0.0000,  0.0000,  1.0000]]], device='cuda:0',
       grad_fn=<CopySlices>)
0:00:57.952624 - TCO pred_z tensor([[[-0.7893,  0.4511,  0.4165, -0.0100],
         [-0.5688, -0.7927, -0.2192,  0.0062],
         [ 0.2313, -0.4099,  0.8823,  0.1874],
         [ 0.0000,  0.0000,  0.0000,  1.0000]]], device='cuda:0',
       grad_fn=<CopySlices>)
0:00:57.953285 - loss orn tensor([7.9623e-05], device='cuda:0', grad_fn=<MinBackward0>)
0:00:57.953910 - loss xy tensor([0.0013], device='cuda:0', grad_fn=<MinBackward0>)
0:00:57.954520 - loss z tensor([0.0015], device='cuda:0', grad_fn=<MinBackward0>)
  0%|                                       | 0/1 [00:00<?, ?it/s, loss=0.00297]100%|███████████████████████████████| 1/1 [00:00<00:00,  4.62it/s, loss=0.00297]100%|███████████████████████████████| 1/1 [00:00<00:00,  4.61it/s, loss=0.00297]
0:00:57.709126 - saving /home/ubuntu/synthetic_pose_estimation/cosypose/local_data/experiments/bracket_assembly_debug_nut_nosym_coarse_noaug--938962 88
  0%|                                                     | 0/1 [00:00<?, ?it/s]0:00:58.124206 - iteration 0
0:00:58.167642 - outputs, {'pose': tensor([[-0.8845, -0.6426,  0.2467,  0.5236, -0.2143, -0.2975,  0.2862, -0.4102,
          0.5964]], device='cuda:0', grad_fn=<AddmmBackward0>)}
0:00:58.169254 - model_outputs {'pose': tensor([[-0.8845, -0.6426,  0.2467,  0.5236, -0.2143, -0.2975,  0.2862, -0.4102,
          0.5964]], device='cuda:0', grad_fn=<AddmmBackward0>)}
0:00:58.170049 - K crop tensor([[[1.9611e+03, 0.0000e+00, 2.9622e+02],
         [0.0000e+00, 1.9611e+03, 7.7886e+01],
         [0.0000e+00, 0.0000e+00, 1.0000e+00]]], device='cuda:0')
0:00:58.170895 - TCO_input tensor([[[ 1.0000,  0.0000,  0.0000, -0.0225],
         [ 0.0000,  1.0000,  0.0000,  0.0068],
         [ 0.0000,  0.0000,  1.0000,  0.3227],
         [ 0.0000,  0.0000,  0.0000,  1.0000]]], device='cuda:0')
0:00:58.171796 - model tco output tensor([[[-0.7892,  0.4572,  0.4100, -0.0134],
         [-0.5733, -0.7878, -0.2251,  0.0040],
         [ 0.2201, -0.4127,  0.8839,  0.1924],
         [ 0.0000,  0.0000,  0.0000,  1.0000]]], device='cuda:0',
       grad_fn=<CopySlices>)
0:00:58.208828 - Wrote debug data: /home/ubuntu/synthetic_pose_estimation/cosypose/local_data/debug_data/debug_iter=1.pth.tar
0:00:58.421213 - TCO_input tensor([[[ 1.0000,  0.0000,  0.0000, -0.0225],
         [ 0.0000,  1.0000,  0.0000,  0.0068],
         [ 0.0000,  0.0000,  1.0000,  0.3227],
         [ 0.0000,  0.0000,  0.0000,  1.0000]]], device='cuda:0')
0:00:58.422203 - vxvyvz tensor([[ 0.2862, -0.4102,  0.5964]], device='cuda:0',
       grad_fn=<SliceBackward0>)
0:00:58.423174 - dR tensor([[[-0.7892,  0.4572,  0.4100],
         [-0.5733, -0.7878, -0.2251],
         [ 0.2201, -0.4127,  0.8839]]], device='cuda:0',
       grad_fn=<StackBackward0>)
0:00:58.424045 - fxfy tensor([[1961.0668, 1961.0670]], device='cuda:0')
0:00:58.426505 - TCO_gt tensor([[[-0.7893,  0.4511,  0.4165, -0.0100],
         [-0.5688, -0.7927, -0.2192,  0.0062],
         [ 0.2313, -0.4099,  0.8823,  0.1920],
         [ 0.0000,  0.0000,  0.0000,  1.0000]]], device='cuda:0')
0:00:58.427426 - TCO pred_orn tensor([[[-0.7892,  0.4572,  0.4100, -0.0100],
         [-0.5733, -0.7878, -0.2251,  0.0062],
         [ 0.2201, -0.4127,  0.8839,  0.1920],
         [ 0.0000,  0.0000,  0.0000,  1.0000]]], device='cuda:0',
       grad_fn=<CopySlices>)
0:00:58.428316 - TCO pred_xy tensor([[[-0.7893,  0.4511,  0.4165, -0.0134],
         [-0.5688, -0.7927, -0.2192,  0.0040],
         [ 0.2313, -0.4099,  0.8823,  0.1920],
         [ 0.0000,  0.0000,  0.0000,  1.0000]]], device='cuda:0',
       grad_fn=<CopySlices>)
0:00:58.429242 - TCO pred_z tensor([[[-0.7893,  0.4511,  0.4165, -0.0100],
         [-0.5688, -0.7927, -0.2192,  0.0062],
         [ 0.2313, -0.4099,  0.8823,  0.1924],
         [ 0.0000,  0.0000,  0.0000,  1.0000]]], device='cuda:0',
       grad_fn=<CopySlices>)
0:00:58.429868 - loss orn tensor([5.0883e-05], device='cuda:0', grad_fn=<MinBackward0>)
0:00:58.430479 - loss xy tensor([0.0018], device='cuda:0', grad_fn=<MinBackward0>)
0:00:58.431087 - loss z tensor([0.0002], device='cuda:0', grad_fn=<MinBackward0>)
  0%|                                       | 0/1 [00:00<?, ?it/s, loss=0.00204]100%|███████████████████████████████| 1/1 [00:00<00:00,  4.67it/s, loss=0.00204]100%|███████████████████████████████| 1/1 [00:00<00:00,  4.66it/s, loss=0.00204]
0:00:58.199963 - saving /home/ubuntu/synthetic_pose_estimation/cosypose/local_data/experiments/bracket_assembly_debug_nut_nosym_coarse_noaug--938962 89
  0%|                                                     | 0/1 [00:00<?, ?it/s]0:00:58.615119 - iteration 0
0:00:58.661773 - outputs, {'pose': tensor([[-0.9000, -0.6440,  0.2571,  0.5304, -0.2187, -0.3007,  0.2933, -0.4208,
          0.5895]], device='cuda:0', grad_fn=<AddmmBackward0>)}
0:00:58.663400 - model_outputs {'pose': tensor([[-0.9000, -0.6440,  0.2571,  0.5304, -0.2187, -0.3007,  0.2933, -0.4208,
          0.5895]], device='cuda:0', grad_fn=<AddmmBackward0>)}
0:00:58.664202 - K crop tensor([[[1.7430e+03, 0.0000e+00, 2.2825e+02],
         [0.0000e+00, 1.7430e+03, 4.8015e+01],
         [0.0000e+00, 0.0000e+00, 1.0000e+00]]], device='cuda:0')
0:00:58.665034 - TCO_input tensor([[[ 1.0000,  0.0000,  0.0000, -0.0114],
         [ 0.0000,  1.0000,  0.0000,  0.0119],
         [ 0.0000,  0.0000,  1.0000,  0.2897],
         [ 0.0000,  0.0000,  0.0000,  1.0000]]], device='cuda:0')
0:00:58.665950 - model tco output tensor([[[-0.7922,  0.4515,  0.4106, -0.0067],
         [-0.5668, -0.7937, -0.2207,  0.0070],
         [ 0.2263, -0.4075,  0.8847,  0.1708],
         [ 0.0000,  0.0000,  0.0000,  1.0000]]], device='cuda:0',
       grad_fn=<CopySlices>)
0:00:58.705857 - Wrote debug data: /home/ubuntu/synthetic_pose_estimation/cosypose/local_data/debug_data/debug_iter=1.pth.tar
0:00:58.917410 - TCO_input tensor([[[ 1.0000,  0.0000,  0.0000, -0.0114],
         [ 0.0000,  1.0000,  0.0000,  0.0119],
         [ 0.0000,  0.0000,  1.0000,  0.2897],
         [ 0.0000,  0.0000,  0.0000,  1.0000]]], device='cuda:0')
0:00:58.918368 - vxvyvz tensor([[ 0.2933, -0.4208,  0.5895]], device='cuda:0',
       grad_fn=<SliceBackward0>)
0:00:58.919348 - dR tensor([[[-0.7922,  0.4515,  0.4106],
         [-0.5668, -0.7937, -0.2207],
         [ 0.2263, -0.4075,  0.8847]]], device='cuda:0',
       grad_fn=<StackBackward0>)
0:00:58.920190 - fxfy tensor([[1743.0316, 1743.0317]], device='cuda:0')
0:00:58.922713 - TCO_gt tensor([[[-0.7893,  0.4511,  0.4165, -0.0100],
         [-0.5688, -0.7927, -0.2192,  0.0062],
         [ 0.2313, -0.4099,  0.8823,  0.1920],
         [ 0.0000,  0.0000,  0.0000,  1.0000]]], device='cuda:0')
0:00:58.923611 - TCO pred_orn tensor([[[-0.7922,  0.4515,  0.4106, -0.0100],
         [-0.5668, -0.7937, -0.2207,  0.0062],
         [ 0.2263, -0.4075,  0.8847,  0.1920],
         [ 0.0000,  0.0000,  0.0000,  1.0000]]], device='cuda:0',
       grad_fn=<CopySlices>)
0:00:58.924511 - TCO pred_xy tensor([[[-0.7893,  0.4511,  0.4165, -0.0075],
         [-0.5688, -0.7927, -0.2192,  0.0078],
         [ 0.2313, -0.4099,  0.8823,  0.1920],
         [ 0.0000,  0.0000,  0.0000,  1.0000]]], device='cuda:0',
       grad_fn=<CopySlices>)
0:00:58.925438 - TCO pred_z tensor([[[-0.7893,  0.4511,  0.4165, -0.0100],
         [-0.5688, -0.7927, -0.2192,  0.0062],
         [ 0.2313, -0.4099,  0.8823,  0.1708],
         [ 0.0000,  0.0000,  0.0000,  1.0000]]], device='cuda:0',
       grad_fn=<CopySlices>)
0:00:58.926059 - loss orn tensor([2.5233e-05], device='cuda:0', grad_fn=<MinBackward0>)
0:00:58.926675 - loss xy tensor([0.0014], device='cuda:0', grad_fn=<MinBackward0>)
0:00:58.927288 - loss z tensor([0.0071], device='cuda:0', grad_fn=<MinBackward0>)
  0%|                                       | 0/1 [00:00<?, ?it/s, loss=0.00846]100%|███████████████████████████████| 1/1 [00:00<00:00,  4.55it/s, loss=0.00846]100%|███████████████████████████████| 1/1 [00:00<00:00,  4.54it/s, loss=0.00846]
  0%|                                                     | 0/1 [00:00<?, ?it/s]0:00:58.834873 - iteration 0
0:00:58.872506 - outputs, {'pose': tensor([[ 0.0007,  0.0040, -0.0138,  0.0296, -0.0042, -0.0217,  0.0051, -0.0107,
          0.0091]], device='cuda:0')}
0:00:58.874179 - model_outputs {'pose': tensor([[ 0.0007,  0.0040, -0.0138,  0.0296, -0.0042, -0.0217,  0.0051, -0.0107,
          0.0091]], device='cuda:0')}
0:00:58.874957 - K crop tensor([[[1.8795e+03, 0.0000e+00, 3.1081e+02],
         [0.0000e+00, 1.8795e+03, 6.5949e+01],
         [0.0000e+00, 0.0000e+00, 1.0000e+00]]], device='cuda:0')
0:00:58.875799 - TCO_input tensor([[[ 1.0000,  0.0000,  0.0000, -0.0250],
         [ 0.0000,  1.0000,  0.0000,  0.0088],
         [ 0.0000,  0.0000,  1.0000,  0.3104],
         [ 0.0000,  0.0000,  0.0000,  1.0000]]], device='cuda:0')
0:00:58.876667 - model tco output tensor([[[ 4.8843e-02,  9.4285e-01, -3.2962e-01, -2.2858e-04],
         [ 2.7548e-01, -3.2993e-01, -9.0292e-01,  8.0886e-05],
         [-9.6007e-01, -4.6702e-02, -2.7585e-01,  2.8395e-03],
         [ 0.0000e+00,  0.0000e+00,  0.0000e+00,  1.0000e+00]]],
       device='cuda:0')
0:00:58.914980 - Wrote debug data: /home/ubuntu/synthetic_pose_estimation/cosypose/local_data/debug_data/debug_iter=1.pth.tar
0:00:59.125198 - TCO_input tensor([[[ 1.0000,  0.0000,  0.0000, -0.0250],
         [ 0.0000,  1.0000,  0.0000,  0.0088],
         [ 0.0000,  0.0000,  1.0000,  0.3104],
         [ 0.0000,  0.0000,  0.0000,  1.0000]]], device='cuda:0')
0:00:59.126135 - vxvyvz tensor([[ 0.0051, -0.0107,  0.0091]], device='cuda:0')
0:00:59.127082 - dR tensor([[[ 0.0488,  0.9429, -0.3296],
         [ 0.2755, -0.3299, -0.9029],
         [-0.9601, -0.0467, -0.2759]]], device='cuda:0')
0:00:59.127926 - fxfy tensor([[1879.5179, 1879.5182]], device='cuda:0')
0:00:59.130243 - TCO_gt tensor([[[-0.7893,  0.4511,  0.4165, -0.0100],
         [-0.5688, -0.7927, -0.2192,  0.0062],
         [ 0.2313, -0.4099,  0.8823,  0.1920],
         [ 0.0000,  0.0000,  0.0000,  1.0000]]], device='cuda:0')
0:00:59.131125 - TCO pred_orn tensor([[[ 0.0488,  0.9429, -0.3296, -0.0100],
         [ 0.2755, -0.3299, -0.9029,  0.0062],
         [-0.9601, -0.0467, -0.2759,  0.1920],
         [ 0.0000,  0.0000,  0.0000,  1.0000]]], device='cuda:0')
0:00:59.132016 - TCO pred_xy tensor([[[-0.7893,  0.4511,  0.4165, -0.0155],
         [-0.5688, -0.7927, -0.2192,  0.0055],
         [ 0.2313, -0.4099,  0.8823,  0.1920],
         [ 0.0000,  0.0000,  0.0000,  1.0000]]], device='cuda:0')
0:00:59.132910 - TCO pred_z tensor([[[-0.7893,  0.4511,  0.4165, -0.0100],
         [-0.5688, -0.7927, -0.2192,  0.0062],
         [ 0.2313, -0.4099,  0.8823,  0.0028],
         [ 0.0000,  0.0000,  0.0000,  1.0000]]], device='cuda:0')
0:00:59.133557 - loss orn tensor([0.0069], device='cuda:0')
0:00:59.134163 - loss xy tensor([0.0021], device='cuda:0')
0:00:59.134765 - loss z tensor([0.0630], device='cuda:0')
100%|█████████████████████████████████████████████| 1/1 [00:00<00:00,  8.42it/s]100%|█████████████████████████████████████████████| 1/1 [00:00<00:00,  8.39it/s]
0:00:58.796565 - saving /home/ubuntu/synthetic_pose_estimation/cosypose/local_data/experiments/bracket_assembly_debug_nut_nosym_coarse_noaug--938962 90
  0%|                                                     | 0/1 [00:00<?, ?it/s]0:00:59.208259 - iteration 0
0:00:59.251455 - outputs, {'pose': tensor([[-0.8973, -0.6364,  0.2596,  0.5301, -0.2212, -0.3043,  0.2963, -0.4288,
          0.5901]], device='cuda:0', grad_fn=<AddmmBackward0>)}
0:00:59.253094 - model_outputs {'pose': tensor([[-0.8973, -0.6364,  0.2596,  0.5301, -0.2212, -0.3043,  0.2963, -0.4288,
          0.5901]], device='cuda:0', grad_fn=<AddmmBackward0>)}
0:00:59.253910 - K crop tensor([[[1.7762e+03, 0.0000e+00, 2.1729e+02],
         [0.0000e+00, 1.7762e+03, 5.3071e+01],
         [0.0000e+00, 0.0000e+00, 1.0000e+00]]], device='cuda:0')
0:00:59.254755 - TCO_input tensor([[[ 1.0000,  0.0000,  0.0000, -0.0096],
         [ 0.0000,  1.0000,  0.0000,  0.0110],
         [ 0.0000,  0.0000,  1.0000,  0.2947],
         [ 0.0000,  0.0000,  0.0000,  1.0000]]], device='cuda:0')
0:00:59.255647 - model tco output tensor([[[-0.7939,  0.4457,  0.4136, -0.0056],
         [-0.5631, -0.7957, -0.2232,  0.0065],
         [ 0.2297, -0.4101,  0.8827,  0.1739],
         [ 0.0000,  0.0000,  0.0000,  1.0000]]], device='cuda:0',
       grad_fn=<CopySlices>)
0:00:59.295197 - Wrote debug data: /home/ubuntu/synthetic_pose_estimation/cosypose/local_data/debug_data/debug_iter=1.pth.tar
0:00:59.504776 - TCO_input tensor([[[ 1.0000,  0.0000,  0.0000, -0.0096],
         [ 0.0000,  1.0000,  0.0000,  0.0110],
         [ 0.0000,  0.0000,  1.0000,  0.2947],
         [ 0.0000,  0.0000,  0.0000,  1.0000]]], device='cuda:0')
0:00:59.505813 - vxvyvz tensor([[ 0.2963, -0.4288,  0.5901]], device='cuda:0',
       grad_fn=<SliceBackward0>)
0:00:59.506791 - dR tensor([[[-0.7939,  0.4457,  0.4136],
         [-0.5631, -0.7957, -0.2232],
         [ 0.2297, -0.4101,  0.8827]]], device='cuda:0',
       grad_fn=<StackBackward0>)
0:00:59.507648 - fxfy tensor([[1776.2499, 1776.2499]], device='cuda:0')
0:00:59.510204 - TCO_gt tensor([[[-0.7893,  0.4511,  0.4165, -0.0100],
         [-0.5688, -0.7927, -0.2192,  0.0062],
         [ 0.2313, -0.4099,  0.8823,  0.1920],
         [ 0.0000,  0.0000,  0.0000,  1.0000]]], device='cuda:0')
0:00:59.511102 - TCO pred_orn tensor([[[-0.7939,  0.4457,  0.4136, -0.0100],
         [-0.5631, -0.7957, -0.2232,  0.0062],
         [ 0.2297, -0.4101,  0.8827,  0.1920],
         [ 0.0000,  0.0000,  0.0000,  1.0000]]], device='cuda:0',
       grad_fn=<CopySlices>)
0:00:59.511989 - TCO pred_xy tensor([[[-0.7893,  0.4511,  0.4165, -0.0062],
         [-0.5688, -0.7927, -0.2192,  0.0071],
         [ 0.2313, -0.4099,  0.8823,  0.1920],
         [ 0.0000,  0.0000,  0.0000,  1.0000]]], device='cuda:0',
       grad_fn=<CopySlices>)
0:00:59.512926 - TCO pred_z tensor([[[-0.7893,  0.4511,  0.4165, -0.0100],
         [-0.5688, -0.7927, -0.2192,  0.0062],
         [ 0.2313, -0.4099,  0.8823,  0.1739],
         [ 0.0000,  0.0000,  0.0000,  1.0000]]], device='cuda:0',
       grad_fn=<CopySlices>)
0:00:59.513590 - loss orn tensor([3.0774e-05], device='cuda:0', grad_fn=<MinBackward0>)
0:00:59.514202 - loss xy tensor([0.0016], device='cuda:0', grad_fn=<MinBackward0>)
0:00:59.514812 - loss z tensor([0.0060], device='cuda:0', grad_fn=<MinBackward0>)
  0%|                                       | 0/1 [00:00<?, ?it/s, loss=0.00764]100%|███████████████████████████████| 1/1 [00:00<00:00,  4.77it/s, loss=0.00764]100%|███████████████████████████████| 1/1 [00:00<00:00,  4.76it/s, loss=0.00764]
0:00:59.258812 - saving /home/ubuntu/synthetic_pose_estimation/cosypose/local_data/experiments/bracket_assembly_debug_nut_nosym_coarse_noaug--938962 91
  0%|                                                     | 0/1 [00:00<?, ?it/s]0:00:59.674237 - iteration 0
0:00:59.717194 - outputs, {'pose': tensor([[-0.8963, -0.6377,  0.2633,  0.5180, -0.2188, -0.3045,  0.2952, -0.4379,
          0.5784]], device='cuda:0', grad_fn=<AddmmBackward0>)}
0:00:59.718771 - model_outputs {'pose': tensor([[-0.8963, -0.6377,  0.2633,  0.5180, -0.2188, -0.3045,  0.2952, -0.4379,
          0.5784]], device='cuda:0', grad_fn=<AddmmBackward0>)}
0:00:59.719553 - K crop tensor([[[1.7860e+03, 0.0000e+00, 3.6249e+02],
         [0.0000e+00, 1.7860e+03, 7.1893e+01],
         [0.0000e+00, 0.0000e+00, 1.0000e+00]]], device='cuda:0')
0:00:59.720388 - TCO_input tensor([[[ 1.0000,  0.0000,  0.0000, -0.0335],
         [ 0.0000,  1.0000,  0.0000,  0.0079],
         [ 0.0000,  0.0000,  1.0000,  0.2950],
         [ 0.0000,  0.0000,  0.0000,  1.0000]]], device='cuda:0')
0:00:59.721277 - model tco output tensor([[[-0.7925,  0.4422,  0.4201, -0.0194],
         [-0.5637, -0.7939, -0.2278,  0.0045],
         [ 0.2328, -0.4174,  0.8784,  0.1706],
         [ 0.0000,  0.0000,  0.0000,  1.0000]]], device='cuda:0',
       grad_fn=<CopySlices>)
0:00:59.759295 - Wrote debug data: /home/ubuntu/synthetic_pose_estimation/cosypose/local_data/debug_data/debug_iter=1.pth.tar
0:00:59.971039 - TCO_input tensor([[[ 1.0000,  0.0000,  0.0000, -0.0335],
         [ 0.0000,  1.0000,  0.0000,  0.0079],
         [ 0.0000,  0.0000,  1.0000,  0.2950],
         [ 0.0000,  0.0000,  0.0000,  1.0000]]], device='cuda:0')
0:00:59.972019 - vxvyvz tensor([[ 0.2952, -0.4379,  0.5784]], device='cuda:0',
       grad_fn=<SliceBackward0>)
0:00:59.973024 - dR tensor([[[-0.7925,  0.4422,  0.4201],
         [-0.5637, -0.7939, -0.2278],
         [ 0.2328, -0.4174,  0.8784]]], device='cuda:0',
       grad_fn=<StackBackward0>)
0:00:59.973907 - fxfy tensor([[1786.0396, 1786.0399]], device='cuda:0')
0:00:59.976449 - TCO_gt tensor([[[-0.7893,  0.4511,  0.4165, -0.0100],
         [-0.5688, -0.7927, -0.2192,  0.0062],
         [ 0.2313, -0.4099,  0.8823,  0.1920],
         [ 0.0000,  0.0000,  0.0000,  1.0000]]], device='cuda:0')
0:00:59.977391 - TCO pred_orn tensor([[[-0.7925,  0.4422,  0.4201, -0.0100],
         [-0.5637, -0.7939, -0.2278,  0.0062],
         [ 0.2328, -0.4174,  0.8784,  0.1920],
         [ 0.0000,  0.0000,  0.0000,  1.0000]]], device='cuda:0',
       grad_fn=<CopySlices>)
0:00:59.978291 - TCO pred_xy tensor([[[-0.7893,  0.4511,  0.4165, -0.0218],
         [-0.5688, -0.7927, -0.2192,  0.0051],
         [ 0.2313, -0.4099,  0.8823,  0.1920],
         [ 0.0000,  0.0000,  0.0000,  1.0000]]], device='cuda:0',
       grad_fn=<CopySlices>)
0:00:59.979182 - TCO pred_z tensor([[[-0.7893,  0.4511,  0.4165, -0.0100],
         [-0.5688, -0.7927, -0.2192,  0.0062],
         [ 0.2313, -0.4099,  0.8823,  0.1706],
         [ 0.0000,  0.0000,  0.0000,  1.0000]]], device='cuda:0',
       grad_fn=<CopySlices>)
0:00:59.979850 - loss orn tensor([4.8581e-05], device='cuda:0', grad_fn=<MinBackward0>)
0:00:59.980463 - loss xy tensor([0.0043], device='cuda:0', grad_fn=<MinBackward0>)
0:00:59.981084 - loss z tensor([0.0071], device='cuda:0', grad_fn=<MinBackward0>)
  0%|                                        | 0/1 [00:00<?, ?it/s, loss=0.0115]100%|████████████████████████████████| 1/1 [00:00<00:00,  4.67it/s, loss=0.0115]100%|████████████████████████████████| 1/1 [00:00<00:00,  4.66it/s, loss=0.0115]
0:00:59.734386 - saving /home/ubuntu/synthetic_pose_estimation/cosypose/local_data/experiments/bracket_assembly_debug_nut_nosym_coarse_noaug--938962 92
  0%|                                                     | 0/1 [00:00<?, ?it/s]0:01:00.149764 - iteration 0
0:01:00.195265 - outputs, {'pose': tensor([[-0.9038, -0.6482,  0.2805,  0.5377, -0.2257, -0.3036,  0.2943, -0.4481,
          0.5932]], device='cuda:0', grad_fn=<AddmmBackward0>)}
0:01:00.196882 - model_outputs {'pose': tensor([[-0.9038, -0.6482,  0.2805,  0.5377, -0.2257, -0.3036,  0.2943, -0.4481,
          0.5932]], device='cuda:0', grad_fn=<AddmmBackward0>)}
0:01:00.198311 - K crop tensor([[[1.6606e+03, 0.0000e+00, 2.5108e+02],
         [0.0000e+00, 1.6606e+03, 2.2083e+01],
         [0.0000e+00, 0.0000e+00, 1.0000e+00]]], device='cuda:0')
0:01:00.199275 - TCO_input tensor([[[ 1.0000,  0.0000,  0.0000, -0.0153],
         [ 0.0000,  1.0000,  0.0000,  0.0163],
         [ 0.0000,  0.0000,  1.0000,  0.2782],
         [ 0.0000,  0.0000,  0.0000,  1.0000]]], device='cuda:0')
0:01:00.200163 - model tco output tensor([[[-0.7880,  0.4526,  0.4174, -0.0091],
         [-0.5651, -0.8008, -0.1984,  0.0096],
         [ 0.2445, -0.3922,  0.8868,  0.1650],
         [ 0.0000,  0.0000,  0.0000,  1.0000]]], device='cuda:0',
       grad_fn=<CopySlices>)
0:01:00.239792 - Wrote debug data: /home/ubuntu/synthetic_pose_estimation/cosypose/local_data/debug_data/debug_iter=1.pth.tar
0:01:00.449909 - TCO_input tensor([[[ 1.0000,  0.0000,  0.0000, -0.0153],
         [ 0.0000,  1.0000,  0.0000,  0.0163],
         [ 0.0000,  0.0000,  1.0000,  0.2782],
         [ 0.0000,  0.0000,  0.0000,  1.0000]]], device='cuda:0')
0:01:00.450818 - vxvyvz tensor([[ 0.2943, -0.4481,  0.5932]], device='cuda:0',
       grad_fn=<SliceBackward0>)
0:01:00.451804 - dR tensor([[[-0.7880,  0.4526,  0.4174],
         [-0.5651, -0.8008, -0.1984],
         [ 0.2445, -0.3922,  0.8868]]], device='cuda:0',
       grad_fn=<StackBackward0>)
0:01:00.452658 - fxfy tensor([[1660.6337, 1660.6335]], device='cuda:0')
0:01:00.455165 - TCO_gt tensor([[[-0.7893,  0.4511,  0.4165, -0.0100],
         [-0.5688, -0.7927, -0.2192,  0.0062],
         [ 0.2313, -0.4099,  0.8823,  0.1920],
         [ 0.0000,  0.0000,  0.0000,  1.0000]]], device='cuda:0')
0:01:00.456061 - TCO pred_orn tensor([[[-0.7880,  0.4526,  0.4174, -0.0100],
         [-0.5651, -0.8008, -0.1984,  0.0062],
         [ 0.2445, -0.3922,  0.8868,  0.1920],
         [ 0.0000,  0.0000,  0.0000,  1.0000]]], device='cuda:0',
       grad_fn=<CopySlices>)
0:01:00.456950 - TCO pred_xy tensor([[[-0.7893,  0.4511,  0.4165, -0.0106],
         [-0.5688, -0.7927, -0.2192,  0.0112],
         [ 0.2313, -0.4099,  0.8823,  0.1920],
         [ 0.0000,  0.0000,  0.0000,  1.0000]]], device='cuda:0',
       grad_fn=<CopySlices>)
0:01:00.457861 - TCO pred_z tensor([[[-0.7893,  0.4511,  0.4165, -0.0100],
         [-0.5688, -0.7927, -0.2192,  0.0062],
         [ 0.2313, -0.4099,  0.8823,  0.1650],
         [ 0.0000,  0.0000,  0.0000,  1.0000]]], device='cuda:0',
       grad_fn=<CopySlices>)
0:01:00.458486 - loss orn tensor([7.9519e-05], device='cuda:0', grad_fn=<MinBackward0>)
0:01:00.459109 - loss xy tensor([0.0019], device='cuda:0', grad_fn=<MinBackward0>)
0:01:00.459715 - loss z tensor([0.0090], device='cuda:0', grad_fn=<MinBackward0>)
  0%|                                        | 0/1 [00:00<?, ?it/s, loss=0.0109]100%|████████████████████████████████| 1/1 [00:00<00:00,  4.60it/s, loss=0.0109]100%|████████████████████████████████| 1/1 [00:00<00:00,  4.59it/s, loss=0.0109]
0:01:00.216127 - saving /home/ubuntu/synthetic_pose_estimation/cosypose/local_data/experiments/bracket_assembly_debug_nut_nosym_coarse_noaug--938962 93
  0%|                                                     | 0/1 [00:00<?, ?it/s]0:01:00.631123 - iteration 0
0:01:00.674548 - outputs, {'pose': tensor([[-0.8914, -0.6439,  0.2837,  0.5317, -0.2223, -0.3028,  0.2996, -0.4612,
          0.5981]], device='cuda:0', grad_fn=<AddmmBackward0>)}
0:01:00.676101 - model_outputs {'pose': tensor([[-0.8914, -0.6439,  0.2837,  0.5317, -0.2223, -0.3028,  0.2996, -0.4612,
          0.5981]], device='cuda:0', grad_fn=<AddmmBackward0>)}
0:01:00.676894 - K crop tensor([[[2.0114e+03, 0.0000e+00, 2.9782e+02],
         [0.0000e+00, 2.0114e+03, 3.5048e+01],
         [0.0000e+00, 0.0000e+00, 1.0000e+00]]], device='cuda:0')
0:01:00.677775 - TCO_input tensor([[[ 1.0000,  0.0000,  0.0000, -0.0229],
         [ 0.0000,  1.0000,  0.0000,  0.0140],
         [ 0.0000,  0.0000,  1.0000,  0.3336],
         [ 0.0000,  0.0000,  0.0000,  1.0000]]], device='cuda:0')
0:01:00.679224 - model tco output tensor([[[-0.7849,  0.4531,  0.4226, -0.0137],
         [-0.5670, -0.8003, -0.1950,  0.0083],
         [ 0.2498, -0.3927,  0.8851,  0.1995],
         [ 0.0000,  0.0000,  0.0000,  1.0000]]], device='cuda:0',
       grad_fn=<CopySlices>)
0:01:00.719667 - Wrote debug data: /home/ubuntu/synthetic_pose_estimation/cosypose/local_data/debug_data/debug_iter=1.pth.tar
0:01:00.930407 - TCO_input tensor([[[ 1.0000,  0.0000,  0.0000, -0.0229],
         [ 0.0000,  1.0000,  0.0000,  0.0140],
         [ 0.0000,  0.0000,  1.0000,  0.3336],
         [ 0.0000,  0.0000,  0.0000,  1.0000]]], device='cuda:0')
0:01:00.931365 - vxvyvz tensor([[ 0.2996, -0.4612,  0.5981]], device='cuda:0',
       grad_fn=<SliceBackward0>)
0:01:00.932331 - dR tensor([[[-0.7849,  0.4531,  0.4226],
         [-0.5670, -0.8003, -0.1950],
         [ 0.2498, -0.3927,  0.8851]]], device='cuda:0',
       grad_fn=<StackBackward0>)
0:01:00.933212 - fxfy tensor([[2011.4104, 2011.4104]], device='cuda:0')
0:01:00.935699 - TCO_gt tensor([[[-0.7893,  0.4511,  0.4165, -0.0100],
         [-0.5688, -0.7927, -0.2192,  0.0062],
         [ 0.2313, -0.4099,  0.8823,  0.1920],
         [ 0.0000,  0.0000,  0.0000,  1.0000]]], device='cuda:0')
0:01:00.936620 - TCO pred_orn tensor([[[-0.7849,  0.4531,  0.4226, -0.0100],
         [-0.5670, -0.8003, -0.1950,  0.0062],
         [ 0.2498, -0.3927,  0.8851,  0.1920],
         [ 0.0000,  0.0000,  0.0000,  1.0000]]], device='cuda:0',
       grad_fn=<CopySlices>)
0:01:00.937554 - TCO pred_xy tensor([[[-0.7893,  0.4511,  0.4165, -0.0132],
         [-0.5688, -0.7927, -0.2192,  0.0080],
         [ 0.2313, -0.4099,  0.8823,  0.1920],
         [ 0.0000,  0.0000,  0.0000,  1.0000]]], device='cuda:0',
       grad_fn=<CopySlices>)
0:01:00.938480 - TCO pred_z tensor([[[-0.7893,  0.4511,  0.4165, -0.0100],
         [-0.5688, -0.7927, -0.2192,  0.0062],
         [ 0.2313, -0.4099,  0.8823,  0.1995],
         [ 0.0000,  0.0000,  0.0000,  1.0000]]], device='cuda:0',
       grad_fn=<CopySlices>)
0:01:00.939120 - loss orn tensor([9.6946e-05], device='cuda:0', grad_fn=<MinBackward0>)
0:01:00.939734 - loss xy tensor([0.0017], device='cuda:0', grad_fn=<MinBackward0>)
0:01:00.940349 - loss z tensor([0.0025], device='cuda:0', grad_fn=<MinBackward0>)
  0%|                                       | 0/1 [00:00<?, ?it/s, loss=0.00428]100%|███████████████████████████████| 1/1 [00:00<00:00,  4.56it/s, loss=0.00428]100%|███████████████████████████████| 1/1 [00:00<00:00,  4.56it/s, loss=0.00428]
0:01:00.705065 - saving /home/ubuntu/synthetic_pose_estimation/cosypose/local_data/experiments/bracket_assembly_debug_nut_nosym_coarse_noaug--938962 94
  0%|                                                     | 0/1 [00:00<?, ?it/s]0:01:01.120227 - iteration 0
0:01:01.164068 - outputs, {'pose': tensor([[-0.8946, -0.6453,  0.2822,  0.5330, -0.2209, -0.3097,  0.3072, -0.4682,
          0.6000]], device='cuda:0', grad_fn=<AddmmBackward0>)}
0:01:01.165694 - model_outputs {'pose': tensor([[-0.8946, -0.6453,  0.2822,  0.5330, -0.2209, -0.3097,  0.3072, -0.4682,
          0.6000]], device='cuda:0', grad_fn=<AddmmBackward0>)}
0:01:01.166453 - K crop tensor([[[1.7435e+03, 0.0000e+00, 1.9221e+02],
         [0.0000e+00, 1.7435e+03, 8.0199e+01],
         [0.0000e+00, 0.0000e+00, 1.0000e+00]]], device='cuda:0')
0:01:01.167290 - TCO_input tensor([[[ 1.0000,  0.0000,  0.0000, -0.0054],
         [ 0.0000,  1.0000,  0.0000,  0.0065],
         [ 0.0000,  0.0000,  1.0000,  0.2876],
         [ 0.0000,  0.0000,  0.0000,  1.0000]]], device='cuda:0')
0:01:01.168170 - model tco output tensor([[[-0.7857,  0.4482,  0.4264, -0.0032],
         [-0.5667, -0.7978, -0.2059,  0.0038],
         [ 0.2479, -0.4034,  0.8808,  0.1726],
         [ 0.0000,  0.0000,  0.0000,  1.0000]]], device='cuda:0',
       grad_fn=<CopySlices>)
0:01:01.207408 - Wrote debug data: /home/ubuntu/synthetic_pose_estimation/cosypose/local_data/debug_data/debug_iter=1.pth.tar
0:01:01.419327 - TCO_input tensor([[[ 1.0000,  0.0000,  0.0000, -0.0054],
         [ 0.0000,  1.0000,  0.0000,  0.0065],
         [ 0.0000,  0.0000,  1.0000,  0.2876],
         [ 0.0000,  0.0000,  0.0000,  1.0000]]], device='cuda:0')
0:01:01.420406 - vxvyvz tensor([[ 0.3072, -0.4682,  0.6000]], device='cuda:0',
       grad_fn=<SliceBackward0>)
0:01:01.421485 - dR tensor([[[-0.7857,  0.4482,  0.4264],
         [-0.5667, -0.7978, -0.2059],
         [ 0.2479, -0.4034,  0.8808]]], device='cuda:0',
       grad_fn=<StackBackward0>)
0:01:01.422347 - fxfy tensor([[1743.5054, 1743.5052]], device='cuda:0')
0:01:01.424911 - TCO_gt tensor([[[-0.7893,  0.4511,  0.4165, -0.0100],
         [-0.5688, -0.7927, -0.2192,  0.0062],
         [ 0.2313, -0.4099,  0.8823,  0.1920],
         [ 0.0000,  0.0000,  0.0000,  1.0000]]], device='cuda:0')
0:01:01.425837 - TCO pred_orn tensor([[[-0.7857,  0.4482,  0.4264, -0.0100],
         [-0.5667, -0.7978, -0.2059,  0.0062],
         [ 0.2479, -0.4034,  0.8808,  0.1920],
         [ 0.0000,  0.0000,  0.0000,  1.0000]]], device='cuda:0',
       grad_fn=<CopySlices>)
0:01:01.426741 - TCO pred_xy tensor([[[-0.7893,  0.4511,  0.4165, -0.0036],
         [-0.5688, -0.7927, -0.2192,  0.0043],
         [ 0.2313, -0.4099,  0.8823,  0.1920],
         [ 0.0000,  0.0000,  0.0000,  1.0000]]], device='cuda:0',
       grad_fn=<CopySlices>)
0:01:01.427642 - TCO pred_z tensor([[[-0.7893,  0.4511,  0.4165, -0.0100],
         [-0.5688, -0.7927, -0.2192,  0.0062],
         [ 0.2313, -0.4099,  0.8823,  0.1726],
         [ 0.0000,  0.0000,  0.0000,  1.0000]]], device='cuda:0',
       grad_fn=<CopySlices>)
0:01:01.428265 - loss orn tensor([7.1773e-05], device='cuda:0', grad_fn=<MinBackward0>)
0:01:01.428903 - loss xy tensor([0.0028], device='cuda:0', grad_fn=<MinBackward0>)
0:01:01.429576 - loss z tensor([0.0065], device='cuda:0', grad_fn=<MinBackward0>)
  0%|                                       | 0/1 [00:00<?, ?it/s, loss=0.00932]100%|███████████████████████████████| 1/1 [00:00<00:00,  4.59it/s, loss=0.00932]100%|███████████████████████████████| 1/1 [00:00<00:00,  4.58it/s, loss=0.00932]
0:01:01.193879 - saving /home/ubuntu/synthetic_pose_estimation/cosypose/local_data/experiments/bracket_assembly_debug_nut_nosym_coarse_noaug--938962 95
  0%|                                                     | 0/1 [00:00<?, ?it/s]0:01:01.609234 - iteration 0
0:01:01.652649 - outputs, {'pose': tensor([[-0.8920, -0.6437,  0.2713,  0.5222, -0.2173, -0.3157,  0.3151, -0.4695,
          0.6071]], device='cuda:0', grad_fn=<AddmmBackward0>)}
0:01:01.654295 - model_outputs {'pose': tensor([[-0.8920, -0.6437,  0.2713,  0.5222, -0.2173, -0.3157,  0.3151, -0.4695,
          0.6071]], device='cuda:0', grad_fn=<AddmmBackward0>)}
0:01:01.655068 - K crop tensor([[[1.6456e+03, 0.0000e+00, 2.8693e+02],
         [0.0000e+00, 1.6456e+03, 5.0571e+01],
         [0.0000e+00, 0.0000e+00, 1.0000e+00]]], device='cuda:0')
0:01:01.655924 - TCO_input tensor([[[ 1.0000,  0.0000,  0.0000, -0.0212],
         [ 0.0000,  1.0000,  0.0000,  0.0115],
         [ 0.0000,  0.0000,  1.0000,  0.2739],
         [ 0.0000,  0.0000,  0.0000,  1.0000]]], device='cuda:0')
0:01:01.657403 - model tco output tensor([[[-0.7873,  0.4404,  0.4315, -0.0128],
         [-0.5681, -0.7900, -0.2304,  0.0069],
         [ 0.2395, -0.4265,  0.8722,  0.1663],
         [ 0.0000,  0.0000,  0.0000,  1.0000]]], device='cuda:0',
       grad_fn=<CopySlices>)
0:01:01.697028 - Wrote debug data: /home/ubuntu/synthetic_pose_estimation/cosypose/local_data/debug_data/debug_iter=1.pth.tar
0:01:01.908194 - TCO_input tensor([[[ 1.0000,  0.0000,  0.0000, -0.0212],
         [ 0.0000,  1.0000,  0.0000,  0.0115],
         [ 0.0000,  0.0000,  1.0000,  0.2739],
         [ 0.0000,  0.0000,  0.0000,  1.0000]]], device='cuda:0')
0:01:01.909322 - vxvyvz tensor([[ 0.3151, -0.4695,  0.6071]], device='cuda:0',
       grad_fn=<SliceBackward0>)
0:01:01.910334 - dR tensor([[[-0.7873,  0.4404,  0.4315],
         [-0.5681, -0.7900, -0.2304],
         [ 0.2395, -0.4265,  0.8722]]], device='cuda:0',
       grad_fn=<StackBackward0>)
0:01:01.911221 - fxfy tensor([[1645.6163, 1645.6166]], device='cuda:0')
0:01:01.913733 - TCO_gt tensor([[[-0.7893,  0.4511,  0.4165, -0.0100],
         [-0.5688, -0.7927, -0.2192,  0.0062],
         [ 0.2313, -0.4099,  0.8823,  0.1920],
         [ 0.0000,  0.0000,  0.0000,  1.0000]]], device='cuda:0')
0:01:01.914646 - TCO pred_orn tensor([[[-0.7873,  0.4404,  0.4315, -0.0100],
         [-0.5681, -0.7900, -0.2304,  0.0062],
         [ 0.2395, -0.4265,  0.8722,  0.1920],
         [ 0.0000,  0.0000,  0.0000,  1.0000]]], device='cuda:0',
       grad_fn=<CopySlices>)
0:01:01.915545 - TCO pred_xy tensor([[[-0.7893,  0.4511,  0.4165, -0.0148],
         [-0.5688, -0.7927, -0.2192,  0.0080],
         [ 0.2313, -0.4099,  0.8823,  0.1920],
         [ 0.0000,  0.0000,  0.0000,  1.0000]]], device='cuda:0',
       grad_fn=<CopySlices>)
0:01:01.916440 - TCO pred_z tensor([[[-0.7893,  0.4511,  0.4165, -0.0100],
         [-0.5688, -0.7927, -0.2192,  0.0062],
         [ 0.2313, -0.4099,  0.8823,  0.1663],
         [ 0.0000,  0.0000,  0.0000,  1.0000]]], device='cuda:0',
       grad_fn=<CopySlices>)
0:01:01.917094 - loss orn tensor([8.1488e-05], device='cuda:0', grad_fn=<MinBackward0>)
0:01:01.917731 - loss xy tensor([0.0022], device='cuda:0', grad_fn=<MinBackward0>)
0:01:01.918344 - loss z tensor([0.0086], device='cuda:0', grad_fn=<MinBackward0>)
  0%|                                        | 0/1 [00:00<?, ?it/s, loss=0.0109]100%|████████████████████████████████| 1/1 [00:00<00:00,  4.61it/s, loss=0.0109]100%|████████████████████████████████| 1/1 [00:00<00:00,  4.59it/s, loss=0.0109]
0:01:01.670644 - saving /home/ubuntu/synthetic_pose_estimation/cosypose/local_data/experiments/bracket_assembly_debug_nut_nosym_coarse_noaug--938962 96
  0%|                                                     | 0/1 [00:00<?, ?it/s]0:01:02.085768 - iteration 0
0:01:02.129270 - outputs, {'pose': tensor([[-0.8927, -0.6464,  0.2688,  0.5236, -0.2206, -0.3119,  0.3159, -0.4814,
          0.6063]], device='cuda:0', grad_fn=<AddmmBackward0>)}
0:01:02.130866 - model_outputs {'pose': tensor([[-0.8927, -0.6464,  0.2688,  0.5236, -0.2206, -0.3119,  0.3159, -0.4814,
          0.6063]], device='cuda:0', grad_fn=<AddmmBackward0>)}
0:01:02.131631 - K crop tensor([[[1.9673e+03, 0.0000e+00, 2.5700e+02],
         [0.0000e+00, 1.9673e+03, 6.9242e+01],
         [0.0000e+00, 0.0000e+00, 1.0000e+00]]], device='cuda:0')
0:01:02.132479 - TCO_input tensor([[[ 1.0000,  0.0000,  0.0000, -0.0161],
         [ 0.0000,  1.0000,  0.0000,  0.0083],
         [ 0.0000,  0.0000,  1.0000,  0.3242],
         [ 0.0000,  0.0000,  0.0000,  1.0000]]], device='cuda:0')
0:01:02.133384 - model tco output tensor([[[-0.7869,  0.4456,  0.4268, -0.0097],
         [-0.5698, -0.7904, -0.2252,  0.0050],
         [ 0.2370, -0.4204,  0.8758,  0.1966],
         [ 0.0000,  0.0000,  0.0000,  1.0000]]], device='cuda:0',
       grad_fn=<CopySlices>)
0:01:02.172365 - Wrote debug data: /home/ubuntu/synthetic_pose_estimation/cosypose/local_data/debug_data/debug_iter=1.pth.tar
0:01:02.384569 - TCO_input tensor([[[ 1.0000,  0.0000,  0.0000, -0.0161],
         [ 0.0000,  1.0000,  0.0000,  0.0083],
         [ 0.0000,  0.0000,  1.0000,  0.3242],
         [ 0.0000,  0.0000,  0.0000,  1.0000]]], device='cuda:0')
0:01:02.385670 - vxvyvz tensor([[ 0.3159, -0.4814,  0.6063]], device='cuda:0',
       grad_fn=<SliceBackward0>)
0:01:02.386675 - dR tensor([[[-0.7869,  0.4456,  0.4268],
         [-0.5698, -0.7904, -0.2252],
         [ 0.2370, -0.4204,  0.8758]]], device='cuda:0',
       grad_fn=<StackBackward0>)
0:01:02.387543 - fxfy tensor([[1967.3324, 1967.3325]], device='cuda:0')
0:01:02.390079 - TCO_gt tensor([[[-0.7893,  0.4511,  0.4165, -0.0100],
         [-0.5688, -0.7927, -0.2192,  0.0062],
         [ 0.2313, -0.4099,  0.8823,  0.1920],
         [ 0.0000,  0.0000,  0.0000,  1.0000]]], device='cuda:0')
0:01:02.390997 - TCO pred_orn tensor([[[-0.7869,  0.4456,  0.4268, -0.0100],
         [-0.5698, -0.7904, -0.2252,  0.0062],
         [ 0.2370, -0.4204,  0.8758,  0.1920],
         [ 0.0000,  0.0000,  0.0000,  1.0000]]], device='cuda:0',
       grad_fn=<CopySlices>)
0:01:02.391902 - TCO pred_xy tensor([[[-0.7893,  0.4511,  0.4165, -0.0095],
         [-0.5688, -0.7927, -0.2192,  0.0049],
         [ 0.2313, -0.4099,  0.8823,  0.1920],
         [ 0.0000,  0.0000,  0.0000,  1.0000]]], device='cuda:0',
       grad_fn=<CopySlices>)
0:01:02.392804 - TCO pred_z tensor([[[-0.7893,  0.4511,  0.4165, -0.0100],
         [-0.5688, -0.7927, -0.2192,  0.0062],
         [ 0.2313, -0.4099,  0.8823,  0.1966],
         [ 0.0000,  0.0000,  0.0000,  1.0000]]], device='cuda:0',
       grad_fn=<CopySlices>)
0:01:02.393502 - loss orn tensor([5.1176e-05], device='cuda:0', grad_fn=<MinBackward0>)
0:01:02.394120 - loss xy tensor([0.0006], device='cuda:0', grad_fn=<MinBackward0>)
0:01:02.394730 - loss z tensor([0.0015], device='cuda:0', grad_fn=<MinBackward0>)
  0%|                                        | 0/1 [00:00<?, ?it/s, loss=0.0022]100%|████████████████████████████████| 1/1 [00:00<00:00,  4.60it/s, loss=0.0022]100%|████████████████████████████████| 1/1 [00:00<00:00,  4.58it/s, loss=0.0022]
0:01:02.145983 - saving /home/ubuntu/synthetic_pose_estimation/cosypose/local_data/experiments/bracket_assembly_debug_nut_nosym_coarse_noaug--938962 97
  0%|                                                     | 0/1 [00:00<?, ?it/s]0:01:02.561002 - iteration 0
0:01:02.604247 - outputs, {'pose': tensor([[-0.8923, -0.6530,  0.2688,  0.5259, -0.2232, -0.3042,  0.3226, -0.4932,
          0.6219]], device='cuda:0', grad_fn=<AddmmBackward0>)}
0:01:02.605886 - model_outputs {'pose': tensor([[-0.8923, -0.6530,  0.2688,  0.5259, -0.2232, -0.3042,  0.3226, -0.4932,
          0.6219]], device='cuda:0', grad_fn=<AddmmBackward0>)}
0:01:02.606682 - K crop tensor([[[1.7106e+03, 0.0000e+00, 2.5947e+02],
         [0.0000e+00, 1.7106e+03, 2.7947e+01],
         [0.0000e+00, 0.0000e+00, 1.0000e+00]]], device='cuda:0')
0:01:02.607529 - TCO_input tensor([[[ 1.0000,  0.0000,  0.0000, -0.0167],
         [ 0.0000,  1.0000,  0.0000,  0.0153],
         [ 0.0000,  0.0000,  1.0000,  0.2858],
         [ 0.0000,  0.0000,  0.0000,  1.0000]]], device='cuda:0')
0:01:02.608429 - model tco output tensor([[[-0.7841,  0.4563,  0.4206, -0.0104],
         [-0.5738, -0.7912, -0.2115,  0.0095],
         [ 0.2362, -0.4072,  0.8823,  0.1778],
         [ 0.0000,  0.0000,  0.0000,  1.0000]]], device='cuda:0',
       grad_fn=<CopySlices>)
0:01:02.647586 - Wrote debug data: /home/ubuntu/synthetic_pose_estimation/cosypose/local_data/debug_data/debug_iter=1.pth.tar
0:01:02.857719 - TCO_input tensor([[[ 1.0000,  0.0000,  0.0000, -0.0167],
         [ 0.0000,  1.0000,  0.0000,  0.0153],
         [ 0.0000,  0.0000,  1.0000,  0.2858],
         [ 0.0000,  0.0000,  0.0000,  1.0000]]], device='cuda:0')
0:01:02.858679 - vxvyvz tensor([[ 0.3226, -0.4932,  0.6219]], device='cuda:0',
       grad_fn=<SliceBackward0>)
0:01:02.859643 - dR tensor([[[-0.7841,  0.4563,  0.4206],
         [-0.5738, -0.7912, -0.2115],
         [ 0.2362, -0.4072,  0.8823]]], device='cuda:0',
       grad_fn=<StackBackward0>)
0:01:02.860529 - fxfy tensor([[1710.5803, 1710.5800]], device='cuda:0')
0:01:02.863029 - TCO_gt tensor([[[-0.7893,  0.4511,  0.4165, -0.0100],
         [-0.5688, -0.7927, -0.2192,  0.0062],
         [ 0.2313, -0.4099,  0.8823,  0.1920],
         [ 0.0000,  0.0000,  0.0000,  1.0000]]], device='cuda:0')
0:01:02.863941 - TCO pred_orn tensor([[[-0.7841,  0.4563,  0.4206, -0.0100],
         [-0.5738, -0.7912, -0.2115,  0.0062],
         [ 0.2362, -0.4072,  0.8823,  0.1920],
         [ 0.0000,  0.0000,  0.0000,  1.0000]]], device='cuda:0',
       grad_fn=<CopySlices>)
0:01:02.864843 - TCO pred_xy tensor([[[-0.7893,  0.4511,  0.4165, -0.0112],
         [-0.5688, -0.7927, -0.2192,  0.0102],
         [ 0.2313, -0.4099,  0.8823,  0.1920],
         [ 0.0000,  0.0000,  0.0000,  1.0000]]], device='cuda:0',
       grad_fn=<CopySlices>)
0:01:02.865779 - TCO pred_z tensor([[[-0.7893,  0.4511,  0.4165, -0.0100],
         [-0.5688, -0.7927, -0.2192,  0.0062],
         [ 0.2313, -0.4099,  0.8823,  0.1778],
         [ 0.0000,  0.0000,  0.0000,  1.0000]]], device='cuda:0',
       grad_fn=<CopySlices>)
0:01:02.866405 - loss orn tensor([3.9968e-05], device='cuda:0', grad_fn=<MinBackward0>)
0:01:02.867012 - loss xy tensor([0.0017], device='cuda:0', grad_fn=<MinBackward0>)
0:01:02.867621 - loss z tensor([0.0047], device='cuda:0', grad_fn=<MinBackward0>)
  0%|                                       | 0/1 [00:00<?, ?it/s, loss=0.00652]100%|███████████████████████████████| 1/1 [00:00<00:00,  4.69it/s, loss=0.00652]100%|███████████████████████████████| 1/1 [00:00<00:00,  4.68it/s, loss=0.00652]
0:01:02.622592 - saving /home/ubuntu/synthetic_pose_estimation/cosypose/local_data/experiments/bracket_assembly_debug_nut_nosym_coarse_noaug--938962 98
  0%|                                                     | 0/1 [00:00<?, ?it/s]0:01:03.037710 - iteration 0
0:01:03.080799 - outputs, {'pose': tensor([[-0.8935, -0.6516,  0.2577,  0.5342, -0.2302, -0.3016,  0.3270, -0.5035,
          0.6192]], device='cuda:0', grad_fn=<AddmmBackward0>)}
0:01:03.082372 - model_outputs {'pose': tensor([[-0.8935, -0.6516,  0.2577,  0.5342, -0.2302, -0.3016,  0.3270, -0.5035,
          0.6192]], device='cuda:0', grad_fn=<AddmmBackward0>)}
0:01:03.083124 - K crop tensor([[[1.6242e+03, 0.0000e+00, 2.3327e+02],
         [0.0000e+00, 1.6242e+03, 1.7944e+01],
         [0.0000e+00, 0.0000e+00, 1.0000e+00]]], device='cuda:0')
0:01:03.083955 - TCO_input tensor([[[ 1.0000,  0.0000,  0.0000, -0.0124],
         [ 0.0000,  1.0000,  0.0000,  0.0170],
         [ 0.0000,  0.0000,  1.0000,  0.2726],
         [ 0.0000,  0.0000,  0.0000,  1.0000]]], device='cuda:0')
0:01:03.084857 - model tco output tensor([[[-0.7869,  0.4613,  0.4099, -0.0076],
         [-0.5739, -0.7913, -0.2111,  0.0105],
         [ 0.2270, -0.4014,  0.8874,  0.1688],
         [ 0.0000,  0.0000,  0.0000,  1.0000]]], device='cuda:0',
       grad_fn=<CopySlices>)
0:01:03.125285 - Wrote debug data: /home/ubuntu/synthetic_pose_estimation/cosypose/local_data/debug_data/debug_iter=1.pth.tar
0:01:03.335932 - TCO_input tensor([[[ 1.0000,  0.0000,  0.0000, -0.0124],
         [ 0.0000,  1.0000,  0.0000,  0.0170],
         [ 0.0000,  0.0000,  1.0000,  0.2726],
         [ 0.0000,  0.0000,  0.0000,  1.0000]]], device='cuda:0')
0:01:03.336948 - vxvyvz tensor([[ 0.3270, -0.5035,  0.6192]], device='cuda:0',
       grad_fn=<SliceBackward0>)
0:01:03.337974 - dR tensor([[[-0.7869,  0.4613,  0.4099],
         [-0.5739, -0.7913, -0.2111],
         [ 0.2270, -0.4014,  0.8874]]], device='cuda:0',
       grad_fn=<StackBackward0>)
0:01:03.338813 - fxfy tensor([[1624.1604, 1624.1605]], device='cuda:0')
0:01:03.341342 - TCO_gt tensor([[[-0.7893,  0.4511,  0.4165, -0.0100],
         [-0.5688, -0.7927, -0.2192,  0.0062],
         [ 0.2313, -0.4099,  0.8823,  0.1920],
         [ 0.0000,  0.0000,  0.0000,  1.0000]]], device='cuda:0')
0:01:03.342253 - TCO pred_orn tensor([[[-0.7869,  0.4613,  0.4099, -0.0100],
         [-0.5739, -0.7913, -0.2111,  0.0062],
         [ 0.2270, -0.4014,  0.8874,  0.1920],
         [ 0.0000,  0.0000,  0.0000,  1.0000]]], device='cuda:0',
       grad_fn=<CopySlices>)
0:01:03.343141 - TCO pred_xy tensor([[[-0.7893,  0.4511,  0.4165, -0.0087],
         [-0.5688, -0.7927, -0.2192,  0.0119],
         [ 0.2313, -0.4099,  0.8823,  0.1920],
         [ 0.0000,  0.0000,  0.0000,  1.0000]]], device='cuda:0',
       grad_fn=<CopySlices>)
0:01:03.344020 - TCO pred_z tensor([[[-0.7893,  0.4511,  0.4165, -0.0100],
         [-0.5688, -0.7927, -0.2192,  0.0062],
         [ 0.2313, -0.4099,  0.8823,  0.1688],
         [ 0.0000,  0.0000,  0.0000,  1.0000]]], device='cuda:0',
       grad_fn=<CopySlices>)
0:01:03.344662 - loss orn tensor([5.5495e-05], device='cuda:0', grad_fn=<MinBackward0>)
0:01:03.345329 - loss xy tensor([0.0024], device='cuda:0', grad_fn=<MinBackward0>)
0:01:03.345950 - loss z tensor([0.0077], device='cuda:0', grad_fn=<MinBackward0>)
  0%|                                        | 0/1 [00:00<?, ?it/s, loss=0.0101]100%|████████████████████████████████| 1/1 [00:00<00:00,  4.65it/s, loss=0.0101]100%|████████████████████████████████| 1/1 [00:00<00:00,  4.64it/s, loss=0.0101]
0:01:03.105723 - saving /home/ubuntu/synthetic_pose_estimation/cosypose/local_data/experiments/bracket_assembly_debug_nut_nosym_coarse_noaug--938962 99
  0%|                                                     | 0/1 [00:00<?, ?it/s]0:01:03.520991 - iteration 0
0:01:03.564191 - outputs, {'pose': tensor([[-0.8992, -0.6466,  0.2566,  0.5332, -0.2314, -0.3049,  0.3291, -0.5147,
          0.6410]], device='cuda:0', grad_fn=<AddmmBackward0>)}
0:01:03.565840 - model_outputs {'pose': tensor([[-0.8992, -0.6466,  0.2566,  0.5332, -0.2314, -0.3049,  0.3291, -0.5147,
          0.6410]], device='cuda:0', grad_fn=<AddmmBackward0>)}
0:01:03.566613 - K crop tensor([[[1.3721e+03, 0.0000e+00, 2.4114e+02],
         [0.0000e+00, 1.3721e+03, 5.3209e+01],
         [0.0000e+00, 0.0000e+00, 1.0000e+00]]], device='cuda:0')
0:01:03.567447 - TCO_input tensor([[[ 1.0000,  0.0000,  0.0000, -0.0137],
         [ 0.0000,  1.0000,  0.0000,  0.0111],
         [ 0.0000,  0.0000,  1.0000,  0.2299],
         [ 0.0000,  0.0000,  0.0000,  1.0000]]], device='cuda:0')
0:01:03.568329 - model tco output tensor([[[-0.7909,  0.4537,  0.4106, -0.0087],
         [-0.5688, -0.7926, -0.2198,  0.0071],
         [ 0.2257, -0.4074,  0.8849,  0.1474],
         [ 0.0000,  0.0000,  0.0000,  1.0000]]], device='cuda:0',
       grad_fn=<CopySlices>)
0:01:03.610432 - Wrote debug data: /home/ubuntu/synthetic_pose_estimation/cosypose/local_data/debug_data/debug_iter=1.pth.tar
0:01:03.820930 - TCO_input tensor([[[ 1.0000,  0.0000,  0.0000, -0.0137],
         [ 0.0000,  1.0000,  0.0000,  0.0111],
         [ 0.0000,  0.0000,  1.0000,  0.2299],
         [ 0.0000,  0.0000,  0.0000,  1.0000]]], device='cuda:0')
0:01:03.822076 - vxvyvz tensor([[ 0.3291, -0.5147,  0.6410]], device='cuda:0',
       grad_fn=<SliceBackward0>)
0:01:03.823116 - dR tensor([[[-0.7909,  0.4537,  0.4106],
         [-0.5688, -0.7926, -0.2198],
         [ 0.2257, -0.4074,  0.8849]]], device='cuda:0',
       grad_fn=<StackBackward0>)
0:01:03.823982 - fxfy tensor([[1372.0852, 1372.0852]], device='cuda:0')
0:01:03.826553 - TCO_gt tensor([[[-0.7893,  0.4511,  0.4165, -0.0100],
         [-0.5688, -0.7927, -0.2192,  0.0062],
         [ 0.2313, -0.4099,  0.8823,  0.1920],
         [ 0.0000,  0.0000,  0.0000,  1.0000]]], device='cuda:0')
0:01:03.827486 - TCO pred_orn tensor([[[-0.7909,  0.4537,  0.4106, -0.0100],
         [-0.5688, -0.7926, -0.2198,  0.0062],
         [ 0.2257, -0.4074,  0.8849,  0.1920],
         [ 0.0000,  0.0000,  0.0000,  1.0000]]], device='cuda:0',
       grad_fn=<CopySlices>)
0:01:03.828380 - TCO pred_xy tensor([[[-0.7893,  0.4511,  0.4165, -0.0114],
         [-0.5688, -0.7927, -0.2192,  0.0092],
         [ 0.2313, -0.4099,  0.8823,  0.1920],
         [ 0.0000,  0.0000,  0.0000,  1.0000]]], device='cuda:0',
       grad_fn=<CopySlices>)
0:01:03.829315 - TCO pred_z tensor([[[-0.7893,  0.4511,  0.4165, -0.0100],
         [-0.5688, -0.7927, -0.2192,  0.0062],
         [ 0.2313, -0.4099,  0.8823,  0.1474],
         [ 0.0000,  0.0000,  0.0000,  1.0000]]], device='cuda:0',
       grad_fn=<CopySlices>)
0:01:03.829953 - loss orn tensor([2.2816e-05], device='cuda:0', grad_fn=<MinBackward0>)
0:01:03.830602 - loss xy tensor([0.0015], device='cuda:0', grad_fn=<MinBackward0>)
0:01:03.831214 - loss z tensor([0.0149], device='cuda:0', grad_fn=<MinBackward0>)
  0%|                                        | 0/1 [00:00<?, ?it/s, loss=0.0164]100%|████████████████████████████████| 1/1 [00:00<00:00,  4.58it/s, loss=0.0164]100%|████████████████████████████████| 1/1 [00:00<00:00,  4.57it/s, loss=0.0164]
  0%|                                                     | 0/1 [00:00<?, ?it/s]0:01:03.739207 - iteration 0
0:01:03.775636 - outputs, {'pose': tensor([[-0.0002,  0.0062, -0.0140,  0.0315, -0.0038, -0.0252,  0.0063, -0.0097,
          0.0155]], device='cuda:0')}
0:01:03.777049 - model_outputs {'pose': tensor([[-0.0002,  0.0062, -0.0140,  0.0315, -0.0038, -0.0252,  0.0063, -0.0097,
          0.0155]], device='cuda:0')}
0:01:03.777838 - K crop tensor([[[1.8581e+03, 0.0000e+00, 2.6940e+02],
         [0.0000e+00, 1.8581e+03, 2.7798e+01],
         [0.0000e+00, 0.0000e+00, 1.0000e+00]]], device='cuda:0')
0:01:03.778669 - TCO_input tensor([[[ 1.0000,  0.0000,  0.0000, -0.0183],
         [ 0.0000,  1.0000,  0.0000,  0.0153],
         [ 0.0000,  0.0000,  1.0000,  0.3095],
         [ 0.0000,  0.0000,  0.0000,  1.0000]]], device='cuda:0')
0:01:03.779533 - model tco output tensor([[[-1.4890e-02,  9.1800e-01, -3.9630e-01, -2.8402e-04],
         [ 4.0675e-01, -3.5650e-01, -8.4111e-01,  2.3697e-04],
         [-9.1342e-01, -1.7372e-01, -3.6809e-01,  4.8021e-03],
         [ 0.0000e+00,  0.0000e+00,  0.0000e+00,  1.0000e+00]]],
       device='cuda:0')
0:01:03.820274 - Wrote debug data: /home/ubuntu/synthetic_pose_estimation/cosypose/local_data/debug_data/debug_iter=1.pth.tar
0:01:04.038441 - TCO_input tensor([[[ 1.0000,  0.0000,  0.0000, -0.0183],
         [ 0.0000,  1.0000,  0.0000,  0.0153],
         [ 0.0000,  0.0000,  1.0000,  0.3095],
         [ 0.0000,  0.0000,  0.0000,  1.0000]]], device='cuda:0')
0:01:04.039356 - vxvyvz tensor([[ 0.0063, -0.0097,  0.0155]], device='cuda:0')
0:01:04.040312 - dR tensor([[[-0.0149,  0.9180, -0.3963],
         [ 0.4068, -0.3565, -0.8411],
         [-0.9134, -0.1737, -0.3681]]], device='cuda:0')
0:01:04.041171 - fxfy tensor([[1858.0740, 1858.0741]], device='cuda:0')
0:01:04.043460 - TCO_gt tensor([[[-0.7893,  0.4511,  0.4165, -0.0100],
         [-0.5688, -0.7927, -0.2192,  0.0062],
         [ 0.2313, -0.4099,  0.8823,  0.1920],
         [ 0.0000,  0.0000,  0.0000,  1.0000]]], device='cuda:0')
0:01:04.044349 - TCO pred_orn tensor([[[-0.0149,  0.9180, -0.3963, -0.0100],
         [ 0.4068, -0.3565, -0.8411,  0.0062],
         [-0.9134, -0.1737, -0.3681,  0.1920],
         [ 0.0000,  0.0000,  0.0000,  1.0000]]], device='cuda:0')
0:01:04.045264 - TCO pred_xy tensor([[[-0.7893,  0.4511,  0.4165, -0.0114],
         [-0.5688, -0.7927, -0.2192,  0.0095],
         [ 0.2313, -0.4099,  0.8823,  0.1920],
         [ 0.0000,  0.0000,  0.0000,  1.0000]]], device='cuda:0')
0:01:04.046133 - TCO pred_z tensor([[[-0.7893,  0.4511,  0.4165, -0.0100],
         [-0.5688, -0.7927, -0.2192,  0.0062],
         [ 0.2313, -0.4099,  0.8823,  0.0048],
         [ 0.0000,  0.0000,  0.0000,  1.0000]]], device='cuda:0')
0:01:04.046746 - loss orn tensor([0.0070], device='cuda:0')
0:01:04.047339 - loss xy tensor([0.0015], device='cuda:0')
0:01:04.047930 - loss z tensor([0.0624], device='cuda:0')
100%|█████████████████████████████████████████████| 1/1 [00:00<00:00,  7.85it/s]100%|█████████████████████████████████████████████| 1/1 [00:00<00:00,  7.82it/s]
val loss_TCO-iter=1 0.07147157192230225
val loss_TCO 0.07147157192230225
val loss_total 0.07147157192230225
train loss_TCO-iter=1 0.010234054177999496
train loss_TCO 0.010234054177999496
train loss_total 0.010234054177999496
train grad_norm 0.9307353496551514
train loss_TCO-iter=1 0.0012930086813867092
train loss_TCO 0.0012930086813867092
train loss_total 0.0012930086813867092
train grad_norm 1.0566284656524658
train loss_TCO-iter=1 0.008030172437429428
train loss_TCO 0.008030172437429428
train loss_total 0.008030172437429428
train grad_norm 0.8974495530128479
train loss_TCO-iter=1 0.0023956664372235537
train loss_TCO 0.0023956664372235537
train loss_total 0.0023956664372235537
train grad_norm 0.9047605395317078
train loss_TCO-iter=1 0.010049485601484776
train loss_TCO 0.010049485601484776
train loss_total 0.010049485601484776
train grad_norm 1.086866021156311
train loss_TCO-iter=1 0.013271337375044823
train loss_TCO 0.013271337375044823
train loss_total 0.013271337375044823
train grad_norm 1.1648964881896973
train loss_TCO-iter=1 0.009497435763478279
train loss_TCO 0.009497435763478279
train loss_total 0.009497435763478279
train grad_norm 1.0669995546340942
train loss_TCO-iter=1 0.008203319273889065
train loss_TCO 0.008203319273889065
train loss_total 0.008203319273889065
train grad_norm 1.0389432907104492
train loss_TCO-iter=1 0.00985717587172985
train loss_TCO 0.00985717587172985
train loss_total 0.00985717587172985
train grad_norm 1.0604918003082275
train loss_TCO-iter=1 0.005342486780136824
train loss_TCO 0.005342486780136824
train loss_total 0.005342486780136824
train grad_norm 1.0286892652511597
val loss_TCO-iter=1 0.07134588062763214
val loss_TCO 0.07134588062763214
val loss_total 0.07134588062763214
train loss_TCO-iter=1 0.004446422681212425
train loss_TCO 0.004446422681212425
train loss_total 0.004446422681212425
train grad_norm 1.0553983449935913
train loss_TCO-iter=1 0.009055251255631447
train loss_TCO 0.009055251255631447
train loss_total 0.009055251255631447
train grad_norm 1.1735360622406006
train loss_TCO-iter=1 0.01204371452331543
train loss_TCO 0.01204371452331543
train loss_total 0.01204371452331543
train grad_norm 0.8783835172653198
train loss_TCO-iter=1 0.009040666744112968
train loss_TCO 0.009040666744112968
train loss_total 0.009040666744112968
train grad_norm 0.9594364166259766
train loss_TCO-iter=1 0.01614745333790779
train loss_TCO 0.01614745333790779
train loss_total 0.01614745333790779
train grad_norm 0.8978457450866699
train loss_TCO-iter=1 0.008530213497579098
train loss_TCO 0.008530213497579098
train loss_total 0.008530213497579098
train grad_norm 0.9761434197425842
train loss_TCO-iter=1 0.00436460692435503
train loss_TCO 0.00436460692435503
train loss_total 0.00436460692435503
train grad_norm 1.030642032623291
train loss_TCO-iter=1 0.007409318350255489
train loss_TCO 0.007409318350255489
train loss_total 0.007409318350255489
train grad_norm 0.9297181367874146
train loss_TCO-iter=1 0.003965612500905991
train loss_TCO 0.003965612500905991
train loss_total 0.003965612500905991
train grad_norm 1.0419303178787231
train loss_TCO-iter=1 0.00994636956602335
train loss_TCO 0.00994636956602335
train loss_total 0.00994636956602335
train grad_norm 1.256121277809143
val loss_TCO-iter=1 0.07065998762845993
val loss_TCO 0.07065998762845993
val loss_total 0.07065998762845993
train loss_TCO-iter=1 0.004869955126196146
train loss_TCO 0.004869955126196146
train loss_total 0.004869955126196146
train grad_norm 0.9963314533233643
train loss_TCO-iter=1 0.008646663278341293
train loss_TCO 0.008646663278341293
train loss_total 0.008646663278341293
train grad_norm 1.080389380455017
train loss_TCO-iter=1 0.008870131336152554
train loss_TCO 0.008870131336152554
train loss_total 0.008870131336152554
train grad_norm 1.1285672187805176
train loss_TCO-iter=1 0.0029601792339235544
train loss_TCO 0.0029601792339235544
train loss_total 0.0029601792339235544
train grad_norm 0.9531733393669128
train loss_TCO-iter=1 0.006554378662258387
train loss_TCO 0.006554378662258387
train loss_total 0.006554378662258387
train grad_norm 0.964758574962616
train loss_TCO-iter=1 0.002978277625516057
train loss_TCO 0.002978277625516057
train loss_total 0.002978277625516057
train grad_norm 0.9699087738990784
train loss_TCO-iter=1 0.0062692719511687756
train loss_TCO 0.0062692719511687756
train loss_total 0.0062692719511687756
train grad_norm 0.9937964081764221
train loss_TCO-iter=1 0.0024151720572263002
train loss_TCO 0.0024151720572263002
train loss_total 0.0024151720572263002
train grad_norm 0.9539340734481812
train loss_TCO-iter=1 0.012602281756699085
train loss_TCO 0.012602281756699085
train loss_total 0.012602281756699085
train grad_norm 1.1446783542633057
train loss_TCO-iter=1 0.020017972216010094
train loss_TCO 0.020017972216010094
train loss_total 0.020017972216010094
train grad_norm 1.1890560388565063
val loss_TCO-iter=1 0.07146052271127701
val loss_TCO 0.07146052271127701
val loss_total 0.07146052271127701
train loss_TCO-iter=1 0.005782965570688248
train loss_TCO 0.005782965570688248
train loss_total 0.005782965570688248
train grad_norm 1.038137674331665
train loss_TCO-iter=1 0.007253104820847511
train loss_TCO 0.007253104820847511
train loss_total 0.007253104820847511
train grad_norm 0.9200207591056824
train loss_TCO-iter=1 0.0037758012767881155
train loss_TCO 0.0037758012767881155
train loss_total 0.0037758012767881155
train grad_norm 1.012629747390747
train loss_TCO-iter=1 0.012170340865850449
train loss_TCO 0.012170340865850449
train loss_total 0.012170340865850449
train grad_norm 1.138325572013855
train loss_TCO-iter=1 0.005507310852408409
train loss_TCO 0.005507310852408409
train loss_total 0.005507310852408409
train grad_norm 1.076685905456543
train loss_TCO-iter=1 0.006872083060443401
train loss_TCO 0.006872083060443401
train loss_total 0.006872083060443401
train grad_norm 1.110309362411499
train loss_TCO-iter=1 0.0046608601696789265
train loss_TCO 0.0046608601696789265
train loss_total 0.0046608601696789265
train grad_norm 0.9394060373306274
train loss_TCO-iter=1 0.002967380452901125
train loss_TCO 0.002967380452901125
train loss_total 0.002967380452901125
train grad_norm 1.0369153022766113
train loss_TCO-iter=1 0.00203783274628222
train loss_TCO 0.00203783274628222
train loss_total 0.00203783274628222
train grad_norm 1.1040507555007935
train loss_TCO-iter=1 0.00846042763441801
train loss_TCO 0.00846042763441801
train loss_total 0.00846042763441801
train grad_norm 0.9917985200881958
val loss_TCO-iter=1 0.07204329967498779
val loss_TCO 0.07204329967498779
val loss_total 0.07204329967498779
train loss_TCO-iter=1 0.0076357475481927395
train loss_TCO 0.0076357475481927395
train loss_total 0.0076357475481927395
train grad_norm 0.9275761246681213
train loss_TCO-iter=1 0.011462895199656487
train loss_TCO 0.011462895199656487
train loss_total 0.011462895199656487
train grad_norm 1.0293688774108887
train loss_TCO-iter=1 0.010917484760284424
train loss_TCO 0.010917484760284424
train loss_total 0.010917484760284424
train grad_norm 0.956447184085846
train loss_TCO-iter=1 0.004276723135262728
train loss_TCO 0.004276723135262728
train loss_total 0.004276723135262728
train grad_norm 1.1377124786376953
train loss_TCO-iter=1 0.009316492825746536
train loss_TCO 0.009316492825746536
train loss_total 0.009316492825746536
train grad_norm 0.9894301295280457
train loss_TCO-iter=1 0.010854979045689106
train loss_TCO 0.010854979045689106
train loss_total 0.010854979045689106
train grad_norm 0.8934158086776733
train loss_TCO-iter=1 0.0022035466972738504
train loss_TCO 0.0022035466972738504
train loss_total 0.0022035466972738504
train grad_norm 1.0189677476882935
train loss_TCO-iter=1 0.0065176887437701225
train loss_TCO 0.0065176887437701225
train loss_total 0.0065176887437701225
train grad_norm 0.9153478145599365
train loss_TCO-iter=1 0.010137868113815784
train loss_TCO 0.010137868113815784
train loss_total 0.010137868113815784
train grad_norm 0.8565422892570496
train loss_TCO-iter=1 0.016353720799088478
train loss_TCO 0.016353720799088478
train loss_total 0.016353720799088478
train grad_norm 0.7917134761810303
val loss_TCO-iter=1 0.07089155167341232
val loss_TCO 0.07089155167341232
0:01:03.753857 - saving /home/ubuntu/synthetic_pose_estimation/cosypose/local_data/experiments/bracket_assembly_debug_nut_nosym_coarse_noaug--938962 100
  0%|                                                     | 0/1 [00:00<?, ?it/s]0:01:04.165537 - iteration 0
0:01:04.208900 - outputs, {'pose': tensor([[-0.9042, -0.6485,  0.2525,  0.5313, -0.2289, -0.3131,  0.3409, -0.5348,
          0.6536]], device='cuda:0', grad_fn=<AddmmBackward0>)}
0:01:04.210587 - model_outputs {'pose': tensor([[-0.9042, -0.6485,  0.2525,  0.5313, -0.2289, -0.3131,  0.3409, -0.5348,
          0.6536]], device='cuda:0', grad_fn=<AddmmBackward0>)}
0:01:04.211418 - K crop tensor([[[1.7664e+03, 0.0000e+00, 2.0004e+02],
         [0.0000e+00, 1.7664e+03, 6.0153e+01],
         [0.0000e+00, 0.0000e+00, 1.0000e+00]]], device='cuda:0')
0:01:04.212327 - TCO_input tensor([[[ 1.0000,  0.0000,  0.0000, -0.0067],
         [ 0.0000,  1.0000,  0.0000,  0.0098],
         [ 0.0000,  0.0000,  1.0000,  0.2926],
         [ 0.0000,  0.0000,  0.0000,  1.0000]]], device='cuda:0')
0:01:04.213304 - model tco output tensor([[[-0.7924,  0.4467,  0.4154, -0.0044],
         [-0.5684, -0.7878, -0.2372,  0.0064],
         [ 0.2213, -0.4240,  0.8782,  0.1913],
         [ 0.0000,  0.0000,  0.0000,  1.0000]]], device='cuda:0',
       grad_fn=<CopySlices>)
0:01:04.252197 - Wrote debug data: /home/ubuntu/synthetic_pose_estimation/cosypose/local_data/debug_data/debug_iter=1.pth.tar
0:01:04.462880 - TCO_input tensor([[[ 1.0000,  0.0000,  0.0000, -0.0067],
         [ 0.0000,  1.0000,  0.0000,  0.0098],
         [ 0.0000,  0.0000,  1.0000,  0.2926],
         [ 0.0000,  0.0000,  0.0000,  1.0000]]], device='cuda:0')
0:01:04.463923 - vxvyvz tensor([[ 0.3409, -0.5348,  0.6536]], device='cuda:0',
       grad_fn=<SliceBackward0>)
0:01:04.464922 - dR tensor([[[-0.7924,  0.4467,  0.4154],
         [-0.5684, -0.7878, -0.2372],
         [ 0.2213, -0.4240,  0.8782]]], device='cuda:0',
       grad_fn=<StackBackward0>)
0:01:04.465809 - fxfy tensor([[1766.4406, 1766.4404]], device='cuda:0')
0:01:04.468255 - TCO_gt tensor([[[-0.7893,  0.4511,  0.4165, -0.0100],
         [-0.5688, -0.7927, -0.2192,  0.0062],
         [ 0.2313, -0.4099,  0.8823,  0.1920],
         [ 0.0000,  0.0000,  0.0000,  1.0000]]], device='cuda:0')
0:01:04.469164 - TCO pred_orn tensor([[[-0.7924,  0.4467,  0.4154, -0.0100],
         [-0.5684, -0.7878, -0.2372,  0.0062],
         [ 0.2213, -0.4240,  0.8782,  0.1920],
         [ 0.0000,  0.0000,  0.0000,  1.0000]]], device='cuda:0',
       grad_fn=<CopySlices>)
0:01:04.470085 - TCO pred_xy tensor([[[-0.7893,  0.4511,  0.4165, -0.0044],
         [-0.5688, -0.7927, -0.2192,  0.0064],
         [ 0.2313, -0.4099,  0.8823,  0.1920],
         [ 0.0000,  0.0000,  0.0000,  1.0000]]], device='cuda:0',
       grad_fn=<CopySlices>)
0:01:04.470982 - TCO pred_z tensor([[[-0.7893,  0.4511,  0.4165, -0.0100],
         [-0.5688, -0.7927, -0.2192,  0.0062],
         [ 0.2313, -0.4099,  0.8823,  0.1913],
         [ 0.0000,  0.0000,  0.0000,  1.0000]]], device='cuda:0',
       grad_fn=<CopySlices>)
0:01:04.471612 - loss orn tensor([7.0181e-05], device='cuda:0', grad_fn=<MinBackward0>)
0:01:04.472226 - loss xy tensor([0.0019], device='cuda:0', grad_fn=<MinBackward0>)
0:01:04.472840 - loss z tensor([0.0002], device='cuda:0', grad_fn=<MinBackward0>)
  0%|                                       | 0/1 [00:00<?, ?it/s, loss=0.00225]100%|███████████████████████████████| 1/1 [00:00<00:00,  4.74it/s, loss=0.00225]100%|███████████████████████████████| 1/1 [00:00<00:00,  4.73it/s, loss=0.00225]
0:01:04.225896 - saving /home/ubuntu/synthetic_pose_estimation/cosypose/local_data/experiments/bracket_assembly_debug_nut_nosym_coarse_noaug--938962 101
  0%|                                                     | 0/1 [00:00<?, ?it/s]0:01:04.640814 - iteration 0
0:01:04.684414 - outputs, {'pose': tensor([[-0.9059, -0.6405,  0.2562,  0.5321, -0.2310, -0.3110,  0.3407, -0.5548,
          0.6665]], device='cuda:0', grad_fn=<AddmmBackward0>)}
0:01:04.686064 - model_outputs {'pose': tensor([[-0.9059, -0.6405,  0.2562,  0.5321, -0.2310, -0.3110,  0.3407, -0.5548,
          0.6665]], device='cuda:0', grad_fn=<AddmmBackward0>)}
0:01:04.686831 - K crop tensor([[[1.8462e+03, 0.0000e+00, 3.0806e+02],
         [0.0000e+00, 1.8462e+03, 3.1229e+01],
         [0.0000e+00, 0.0000e+00, 1.0000e+00]]], device='cuda:0')
0:01:04.687676 - TCO_input tensor([[[ 1.0000,  0.0000,  0.0000, -0.0247],
         [ 0.0000,  1.0000,  0.0000,  0.0147],
         [ 0.0000,  0.0000,  1.0000,  0.3073],
         [ 0.0000,  0.0000,  0.0000,  1.0000]]], device='cuda:0')
0:01:04.689134 - model tco output tensor([[[-0.7956,  0.4428,  0.4135, -0.0164],
         [-0.5625, -0.7933, -0.2328,  0.0097],
         [ 0.2250, -0.4178,  0.8802,  0.2048],
         [ 0.0000,  0.0000,  0.0000,  1.0000]]], device='cuda:0',
       grad_fn=<CopySlices>)
0:01:04.728582 - Wrote debug data: /home/ubuntu/synthetic_pose_estimation/cosypose/local_data/debug_data/debug_iter=1.pth.tar
0:01:04.938838 - TCO_input tensor([[[ 1.0000,  0.0000,  0.0000, -0.0247],
         [ 0.0000,  1.0000,  0.0000,  0.0147],
         [ 0.0000,  0.0000,  1.0000,  0.3073],
         [ 0.0000,  0.0000,  0.0000,  1.0000]]], device='cuda:0')
0:01:04.939794 - vxvyvz tensor([[ 0.3407, -0.5548,  0.6665]], device='cuda:0',
       grad_fn=<SliceBackward0>)
0:01:04.940765 - dR tensor([[[-0.7956,  0.4428,  0.4135],
         [-0.5625, -0.7933, -0.2328],
         [ 0.2250, -0.4178,  0.8802]]], device='cuda:0',
       grad_fn=<StackBackward0>)
0:01:04.941667 - fxfy tensor([[1846.1819, 1846.1820]], device='cuda:0')
0:01:04.944199 - TCO_gt tensor([[[-0.7893,  0.4511,  0.4165, -0.0100],
         [-0.5688, -0.7927, -0.2192,  0.0062],
         [ 0.2313, -0.4099,  0.8823,  0.1920],
         [ 0.0000,  0.0000,  0.0000,  1.0000]]], device='cuda:0')
0:01:04.945119 - TCO pred_orn tensor([[[-0.7956,  0.4428,  0.4135, -0.0100],
         [-0.5625, -0.7933, -0.2328,  0.0062],
         [ 0.2250, -0.4178,  0.8802,  0.1920],
         [ 0.0000,  0.0000,  0.0000,  1.0000]]], device='cuda:0',
       grad_fn=<CopySlices>)
0:01:04.946034 - TCO pred_xy tensor([[[-0.7893,  0.4511,  0.4165, -0.0154],
         [-0.5688, -0.7927, -0.2192,  0.0091],
         [ 0.2313, -0.4099,  0.8823,  0.1920],
         [ 0.0000,  0.0000,  0.0000,  1.0000]]], device='cuda:0',
       grad_fn=<CopySlices>)
0:01:04.946967 - TCO pred_z tensor([[[-0.7893,  0.4511,  0.4165, -0.0100],
         [-0.5688, -0.7927, -0.2192,  0.0062],
         [ 0.2313, -0.4099,  0.8823,  0.2048],
         [ 0.0000,  0.0000,  0.0000,  1.0000]]], device='cuda:0',
       grad_fn=<CopySlices>)
0:01:04.947609 - loss orn tensor([6.1808e-05], device='cuda:0', grad_fn=<MinBackward0>)
0:01:04.948228 - loss xy tensor([0.0028], device='cuda:0', grad_fn=<MinBackward0>)
0:01:04.948847 - loss z tensor([0.0043], device='cuda:0', grad_fn=<MinBackward0>)
  0%|                                       | 0/1 [00:00<?, ?it/s, loss=0.00713]100%|███████████████████████████████| 1/1 [00:00<00:00,  4.64it/s, loss=0.00713]100%|███████████████████████████████| 1/1 [00:00<00:00,  4.63it/s, loss=0.00713]
0:01:04.692496 - saving /home/ubuntu/synthetic_pose_estimation/cosypose/local_data/experiments/bracket_assembly_debug_nut_nosym_coarse_noaug--938962 102
  0%|                                                     | 0/1 [00:00<?, ?it/s]0:01:05.107574 - iteration 0
0:01:05.151193 - outputs, {'pose': tensor([[-0.8990, -0.6390,  0.2637,  0.5351, -0.2427, -0.3120,  0.3437, -0.5637,
          0.6738]], device='cuda:0', grad_fn=<AddmmBackward0>)}
0:01:05.153142 - model_outputs {'pose': tensor([[-0.8990, -0.6390,  0.2637,  0.5351, -0.2427, -0.3120,  0.3437, -0.5637,
          0.6738]], device='cuda:0', grad_fn=<AddmmBackward0>)}
0:01:05.153973 - K crop tensor([[[ 1.6903e+03,  0.0000e+00,  2.4322e+02],
         [ 0.0000e+00,  1.6903e+03, -5.9335e-01],
         [ 0.0000e+00,  0.0000e+00,  1.0000e+00]]], device='cuda:0')
0:01:05.154910 - TCO_input tensor([[[ 1.0000,  0.0000,  0.0000, -0.0141],
         [ 0.0000,  1.0000,  0.0000,  0.0202],
         [ 0.0000,  0.0000,  1.0000,  0.2845],
         [ 0.0000,  0.0000,  0.0000,  1.0000]]], device='cuda:0')
0:01:05.156348 - model tco output tensor([[[-0.7927,  0.4464,  0.4151, -0.0095],
         [-0.5635, -0.7964, -0.2197,  0.0136],
         [ 0.2325, -0.4081,  0.8828,  0.1917],
         [ 0.0000,  0.0000,  0.0000,  1.0000]]], device='cuda:0',
       grad_fn=<CopySlices>)
0:01:05.197333 - Wrote debug data: /home/ubuntu/synthetic_pose_estimation/cosypose/local_data/debug_data/debug_iter=1.pth.tar
0:01:05.407722 - TCO_input tensor([[[ 1.0000,  0.0000,  0.0000, -0.0141],
         [ 0.0000,  1.0000,  0.0000,  0.0202],
         [ 0.0000,  0.0000,  1.0000,  0.2845],
         [ 0.0000,  0.0000,  0.0000,  1.0000]]], device='cuda:0')
0:01:05.408693 - vxvyvz tensor([[ 0.3437, -0.5637,  0.6738]], device='cuda:0',
       grad_fn=<SliceBackward0>)
0:01:05.409713 - dR tensor([[[-0.7927,  0.4464,  0.4151],
         [-0.5635, -0.7964, -0.2197],
         [ 0.2325, -0.4081,  0.8828]]], device='cuda:0',
       grad_fn=<StackBackward0>)
0:01:05.410592 - fxfy tensor([[1690.3049, 1690.3052]], device='cuda:0')
0:01:05.413052 - TCO_gt tensor([[[-0.7893,  0.4511,  0.4165, -0.0100],
         [-0.5688, -0.7927, -0.2192,  0.0062],
         [ 0.2313, -0.4099,  0.8823,  0.1920],
         [ 0.0000,  0.0000,  0.0000,  1.0000]]], device='cuda:0')
0:01:05.413982 - TCO pred_orn tensor([[[-0.7927,  0.4464,  0.4151, -0.0100],
         [-0.5635, -0.7964, -0.2197,  0.0062],
         [ 0.2325, -0.4081,  0.8828,  0.1920],
         [ 0.0000,  0.0000,  0.0000,  1.0000]]], device='cuda:0',
       grad_fn=<CopySlices>)
0:01:05.414878 - TCO pred_xy tensor([[[-0.7893,  0.4511,  0.4165, -0.0095],
         [-0.5688, -0.7927, -0.2192,  0.0136],
         [ 0.2313, -0.4099,  0.8823,  0.1920],
         [ 0.0000,  0.0000,  0.0000,  1.0000]]], device='cuda:0',
       grad_fn=<CopySlices>)
0:01:05.415779 - TCO pred_z tensor([[[-0.7893,  0.4511,  0.4165, -0.0100],
         [-0.5688, -0.7927, -0.2192,  0.0062],
         [ 0.2313, -0.4099,  0.8823,  0.1917],
         [ 0.0000,  0.0000,  0.0000,  1.0000]]], device='cuda:0',
       grad_fn=<CopySlices>)
0:01:05.416409 - loss orn tensor([2.8460e-05], device='cuda:0', grad_fn=<MinBackward0>)
0:01:05.417036 - loss xy tensor([0.0026], device='cuda:0', grad_fn=<MinBackward0>)
0:01:05.417677 - loss z tensor([9.8447e-05], device='cuda:0', grad_fn=<MinBackward0>)
  0%|                                       | 0/1 [00:00<?, ?it/s, loss=0.00277]100%|███████████████████████████████| 1/1 [00:00<00:00,  4.59it/s, loss=0.00277]100%|███████████████████████████████| 1/1 [00:00<00:00,  4.58it/s, loss=0.00277]
0:01:05.174423 - saving /home/ubuntu/synthetic_pose_estimation/cosypose/local_data/experiments/bracket_assembly_debug_nut_nosym_coarse_noaug--938962 103
  0%|                                                     | 0/1 [00:00<?, ?it/s]0:01:05.589645 - iteration 0
0:01:05.635361 - outputs, {'pose': tensor([[-0.8974, -0.6496,  0.2631,  0.5397, -0.2393, -0.3068,  0.3492, -0.5894,
          0.6869]], device='cuda:0', grad_fn=<AddmmBackward0>)}
0:01:05.636933 - model_outputs {'pose': tensor([[-0.8974, -0.6496,  0.2631,  0.5397, -0.2393, -0.3068,  0.3492, -0.5894,
          0.6869]], device='cuda:0', grad_fn=<AddmmBackward0>)}
0:01:05.638263 - K crop tensor([[[1.8775e+03, 0.0000e+00, 2.7109e+02],
         [0.0000e+00, 1.8775e+03, 4.5886e+01],
         [0.0000e+00, 0.0000e+00, 1.0000e+00]]], device='cuda:0')
0:01:05.639185 - TCO_input tensor([[[ 1.0000,  0.0000,  0.0000, -0.0185],
         [ 0.0000,  1.0000,  0.0000,  0.0122],
         [ 0.0000,  0.0000,  1.0000,  0.3114],
         [ 0.0000,  0.0000,  0.0000,  1.0000]]], device='cuda:0')
0:01:05.640077 - model tco output tensor([[[-0.7881,  0.4578,  0.4115, -0.0127],
         [-0.5705, -0.7942, -0.2092,  0.0083],
         [ 0.2310, -0.3996,  0.8871,  0.2139],
         [ 0.0000,  0.0000,  0.0000,  1.0000]]], device='cuda:0',
       grad_fn=<CopySlices>)
0:01:05.677478 - Wrote debug data: /home/ubuntu/synthetic_pose_estimation/cosypose/local_data/debug_data/debug_iter=1.pth.tar
0:01:05.889402 - TCO_input tensor([[[ 1.0000,  0.0000,  0.0000, -0.0185],
         [ 0.0000,  1.0000,  0.0000,  0.0122],
         [ 0.0000,  0.0000,  1.0000,  0.3114],
         [ 0.0000,  0.0000,  0.0000,  1.0000]]], device='cuda:0')
0:01:05.890379 - vxvyvz tensor([[ 0.3492, -0.5894,  0.6869]], device='cuda:0',
       grad_fn=<SliceBackward0>)
0:01:05.891364 - dR tensor([[[-0.7881,  0.4578,  0.4115],
         [-0.5705, -0.7942, -0.2092],
         [ 0.2310, -0.3996,  0.8871]]], device='cuda:0',
       grad_fn=<StackBackward0>)
0:01:05.892237 - fxfy tensor([[1877.4668, 1877.4668]], device='cuda:0')
0:01:05.894753 - TCO_gt tensor([[[-0.7893,  0.4511,  0.4165, -0.0100],
         [-0.5688, -0.7927, -0.2192,  0.0062],
         [ 0.2313, -0.4099,  0.8823,  0.1920],
         [ 0.0000,  0.0000,  0.0000,  1.0000]]], device='cuda:0')
0:01:05.895669 - TCO pred_orn tensor([[[-0.7881,  0.4578,  0.4115, -0.0100],
         [-0.5705, -0.7942, -0.2092,  0.0062],
         [ 0.2310, -0.3996,  0.8871,  0.1920],
         [ 0.0000,  0.0000,  0.0000,  1.0000]]], device='cuda:0',
       grad_fn=<CopySlices>)
0:01:05.896563 - TCO pred_xy tensor([[[-0.7893,  0.4511,  0.4165, -0.0114],
         [-0.5688, -0.7927, -0.2192,  0.0075],
         [ 0.2313, -0.4099,  0.8823,  0.1920],
         [ 0.0000,  0.0000,  0.0000,  1.0000]]], device='cuda:0',
       grad_fn=<CopySlices>)
0:01:05.897499 - TCO pred_z tensor([[[-0.7893,  0.4511,  0.4165, -0.0100],
         [-0.5688, -0.7927, -0.2192,  0.0062],
         [ 0.2313, -0.4099,  0.8823,  0.2139],
         [ 0.0000,  0.0000,  0.0000,  1.0000]]], device='cuda:0',
       grad_fn=<CopySlices>)
0:01:05.898129 - loss orn tensor([4.9684e-05], device='cuda:0', grad_fn=<MinBackward0>)
0:01:05.898758 - loss xy tensor([0.0009], device='cuda:0', grad_fn=<MinBackward0>)
0:01:05.899374 - loss z tensor([0.0073], device='cuda:0', grad_fn=<MinBackward0>)
  0%|                                       | 0/1 [00:00<?, ?it/s, loss=0.00824]100%|███████████████████████████████| 1/1 [00:00<00:00,  4.60it/s, loss=0.00824]100%|███████████████████████████████| 1/1 [00:00<00:00,  4.59it/s, loss=0.00824]
0:01:05.664510 - saving /home/ubuntu/synthetic_pose_estimation/cosypose/local_data/experiments/bracket_assembly_debug_nut_nosym_coarse_noaug--938962 104
  0%|                                                     | 0/1 [00:00<?, ?it/s]0:01:06.079699 - iteration 0
0:01:06.123651 - outputs, {'pose': tensor([[-0.8970, -0.6475,  0.2719,  0.5368, -0.2418, -0.3044,  0.3534, -0.6100,
          0.6923]], device='cuda:0', grad_fn=<AddmmBackward0>)}
0:01:06.125305 - model_outputs {'pose': tensor([[-0.8970, -0.6475,  0.2719,  0.5368, -0.2418, -0.3044,  0.3534, -0.6100,
          0.6923]], device='cuda:0', grad_fn=<AddmmBackward0>)}
0:01:06.126109 - K crop tensor([[[2.0370e+03, 0.0000e+00, 2.7573e+02],
         [0.0000e+00, 2.0370e+03, 6.0444e+01],
         [0.0000e+00, 0.0000e+00, 1.0000e+00]]], device='cuda:0')
0:01:06.126956 - TCO_input tensor([[[ 1.0000,  0.0000,  0.0000, -0.0192],
         [ 0.0000,  1.0000,  0.0000,  0.0097],
         [ 0.0000,  0.0000,  1.0000,  0.3360],
         [ 0.0000,  0.0000,  0.0000,  1.0000]]], device='cuda:0')
0:01:06.127847 - model tco output tensor([[[-0.7874,  0.4571,  0.4136, -0.0132],
         [-0.5684, -0.7981, -0.2001,  0.0067],
         [ 0.2387, -0.3926,  0.8882,  0.2326],
         [ 0.0000,  0.0000,  0.0000,  1.0000]]], device='cuda:0',
       grad_fn=<CopySlices>)
0:01:06.165894 - Wrote debug data: /home/ubuntu/synthetic_pose_estimation/cosypose/local_data/debug_data/debug_iter=1.pth.tar
0:01:06.376970 - TCO_input tensor([[[ 1.0000,  0.0000,  0.0000, -0.0192],
         [ 0.0000,  1.0000,  0.0000,  0.0097],
         [ 0.0000,  0.0000,  1.0000,  0.3360],
         [ 0.0000,  0.0000,  0.0000,  1.0000]]], device='cuda:0')
0:01:06.377969 - vxvyvz tensor([[ 0.3534, -0.6100,  0.6923]], device='cuda:0',
       grad_fn=<SliceBackward0>)
0:01:06.378941 - dR tensor([[[-0.7874,  0.4571,  0.4136],
         [-0.5684, -0.7981, -0.2001],
         [ 0.2387, -0.3926,  0.8882]]], device='cuda:0',
       grad_fn=<StackBackward0>)
0:01:06.379784 - fxfy tensor([[2037.0450, 2037.0452]], device='cuda:0')
0:01:06.382289 - TCO_gt tensor([[[-0.7893,  0.4511,  0.4165, -0.0100],
         [-0.5688, -0.7927, -0.2192,  0.0062],
         [ 0.2313, -0.4099,  0.8823,  0.1920],
         [ 0.0000,  0.0000,  0.0000,  1.0000]]], device='cuda:0')
0:01:06.383175 - TCO pred_orn tensor([[[-0.7874,  0.4571,  0.4136, -0.0100],
         [-0.5684, -0.7981, -0.2001,  0.0062],
         [ 0.2387, -0.3926,  0.8882,  0.1920],
         [ 0.0000,  0.0000,  0.0000,  1.0000]]], device='cuda:0',
       grad_fn=<CopySlices>)
0:01:06.384058 - TCO pred_xy tensor([[[-0.7893,  0.4511,  0.4165, -0.0109],
         [-0.5688, -0.7927, -0.2192,  0.0055],
         [ 0.2313, -0.4099,  0.8823,  0.1920],
         [ 0.0000,  0.0000,  0.0000,  1.0000]]], device='cuda:0',
       grad_fn=<CopySlices>)
0:01:06.384957 - TCO pred_z tensor([[[-0.7893,  0.4511,  0.4165, -0.0100],
         [-0.5688, -0.7927, -0.2192,  0.0062],
         [ 0.2313, -0.4099,  0.8823,  0.2326],
         [ 0.0000,  0.0000,  0.0000,  1.0000]]], device='cuda:0',
       grad_fn=<CopySlices>)
0:01:06.385612 - loss orn tensor([7.6765e-05], device='cuda:0', grad_fn=<MinBackward0>)
0:01:06.386232 - loss xy tensor([0.0005], device='cuda:0', grad_fn=<MinBackward0>)
0:01:06.386847 - loss z tensor([0.0135], device='cuda:0', grad_fn=<MinBackward0>)
  0%|                                        | 0/1 [00:00<?, ?it/s, loss=0.0141]100%|████████████████████████████████| 1/1 [00:00<00:00,  4.66it/s, loss=0.0141]100%|████████████████████████████████| 1/1 [00:00<00:00,  4.66it/s, loss=0.0141]
0:01:06.129094 - saving /home/ubuntu/synthetic_pose_estimation/cosypose/local_data/experiments/bracket_assembly_debug_nut_nosym_coarse_noaug--938962 105
  0%|                                                     | 0/1 [00:00<?, ?it/s]0:01:06.544279 - iteration 0
0:01:06.587658 - outputs, {'pose': tensor([[-0.8910, -0.6527,  0.2648,  0.5322, -0.2344, -0.3082,  0.3599, -0.6293,
          0.6962]], device='cuda:0', grad_fn=<AddmmBackward0>)}
0:01:06.589234 - model_outputs {'pose': tensor([[-0.8910, -0.6527,  0.2648,  0.5322, -0.2344, -0.3082,  0.3599, -0.6293,
          0.6962]], device='cuda:0', grad_fn=<AddmmBackward0>)}
0:01:06.590034 - K crop tensor([[[1.7028e+03, 0.0000e+00, 2.1101e+02],
         [0.0000e+00, 1.7028e+03, 6.2877e+01],
         [0.0000e+00, 0.0000e+00, 1.0000e+00]]], device='cuda:0')
0:01:06.590885 - TCO_input tensor([[[ 1.0000,  0.0000,  0.0000, -0.0085],
         [ 0.0000,  1.0000,  0.0000,  0.0094],
         [ 0.0000,  0.0000,  1.0000,  0.2823],
         [ 0.0000,  0.0000,  0.0000,  1.0000]]], device='cuda:0')
0:01:06.591781 - model tco output tensor([[[-0.7845,  0.4581,  0.4180, -0.0059],
         [-0.5746, -0.7904, -0.2123,  0.0065],
         [ 0.2332, -0.4067,  0.8833,  0.1965],
         [ 0.0000,  0.0000,  0.0000,  1.0000]]], device='cuda:0',
       grad_fn=<CopySlices>)
0:01:06.631967 - Wrote debug data: /home/ubuntu/synthetic_pose_estimation/cosypose/local_data/debug_data/debug_iter=1.pth.tar
0:01:06.843895 - TCO_input tensor([[[ 1.0000,  0.0000,  0.0000, -0.0085],
         [ 0.0000,  1.0000,  0.0000,  0.0094],
         [ 0.0000,  0.0000,  1.0000,  0.2823],
         [ 0.0000,  0.0000,  0.0000,  1.0000]]], device='cuda:0')
0:01:06.844908 - vxvyvz tensor([[ 0.3599, -0.6293,  0.6962]], device='cuda:0',
       grad_fn=<SliceBackward0>)
0:01:06.845924 - dR tensor([[[-0.7845,  0.4581,  0.4180],
         [-0.5746, -0.7904, -0.2123],
         [ 0.2332, -0.4067,  0.8833]]], device='cuda:0',
       grad_fn=<StackBackward0>)
0:01:06.846791 - fxfy tensor([[1702.8098, 1702.8098]], device='cuda:0')
0:01:06.849336 - TCO_gt tensor([[[-0.7893,  0.4511,  0.4165, -0.0100],
         [-0.5688, -0.7927, -0.2192,  0.0062],
         [ 0.2313, -0.4099,  0.8823,  0.1920],
         [ 0.0000,  0.0000,  0.0000,  1.0000]]], device='cuda:0')
0:01:06.850264 - TCO pred_orn tensor([[[-0.7845,  0.4581,  0.4180, -0.0100],
         [-0.5746, -0.7904, -0.2123,  0.0062],
         [ 0.2332, -0.4067,  0.8833,  0.1920],
         [ 0.0000,  0.0000,  0.0000,  1.0000]]], device='cuda:0',
       grad_fn=<CopySlices>)
0:01:06.851165 - TCO pred_xy tensor([[[-0.7893,  0.4511,  0.4165, -0.0058],
         [-0.5688, -0.7927, -0.2192,  0.0063],
         [ 0.2313, -0.4099,  0.8823,  0.1920],
         [ 0.0000,  0.0000,  0.0000,  1.0000]]], device='cuda:0',
       grad_fn=<CopySlices>)
0:01:06.852056 - TCO pred_z tensor([[[-0.7893,  0.4511,  0.4165, -0.0100],
         [-0.5688, -0.7927, -0.2192,  0.0062],
         [ 0.2313, -0.4099,  0.8823,  0.1965],
         [ 0.0000,  0.0000,  0.0000,  1.0000]]], device='cuda:0',
       grad_fn=<CopySlices>)
0:01:06.852693 - loss orn tensor([3.8546e-05], device='cuda:0', grad_fn=<MinBackward0>)
0:01:06.853354 - loss xy tensor([0.0015], device='cuda:0', grad_fn=<MinBackward0>)
0:01:06.853970 - loss z tensor([0.0015], device='cuda:0', grad_fn=<MinBackward0>)
  0%|                                       | 0/1 [00:00<?, ?it/s, loss=0.00301]100%|███████████████████████████████| 1/1 [00:00<00:00,  4.55it/s, loss=0.00301]100%|███████████████████████████████| 1/1 [00:00<00:00,  4.54it/s, loss=0.00301]
0:01:06.606418 - saving /home/ubuntu/synthetic_pose_estimation/cosypose/local_data/experiments/bracket_assembly_debug_nut_nosym_coarse_noaug--938962 106
  0%|                                                     | 0/1 [00:00<?, ?it/s]0:01:07.021562 - iteration 0
0:01:07.065168 - outputs, {'pose': tensor([[-0.9030, -0.6528,  0.2636,  0.5206, -0.2340, -0.3251,  0.3629, -0.6476,
          0.6993]], device='cuda:0', grad_fn=<AddmmBackward0>)}
0:01:07.066865 - model_outputs {'pose': tensor([[-0.9030, -0.6528,  0.2636,  0.5206, -0.2340, -0.3251,  0.3629, -0.6476,
          0.6993]], device='cuda:0', grad_fn=<AddmmBackward0>)}
0:01:07.067672 - K crop tensor([[[2.0267e+03, 0.0000e+00, 2.8789e+02],
         [0.0000e+00, 2.0267e+03, 6.3997e+01],
         [0.0000e+00, 0.0000e+00, 1.0000e+00]]], device='cuda:0')
0:01:07.068525 - TCO_input tensor([[[ 1.0000,  0.0000,  0.0000, -0.0212],
         [ 0.0000,  1.0000,  0.0000,  0.0091],
         [ 0.0000,  0.0000,  1.0000,  0.3341],
         [ 0.0000,  0.0000,  0.0000,  1.0000]]], device='cuda:0')
0:01:07.069440 - model tco output tensor([[[-0.7886,  0.4382,  0.4313, -0.0148],
         [-0.5701, -0.7838, -0.2462,  0.0063],
         [ 0.2302, -0.4400,  0.8680,  0.2336],
         [ 0.0000,  0.0000,  0.0000,  1.0000]]], device='cuda:0',
       grad_fn=<CopySlices>)
0:01:07.107413 - Wrote debug data: /home/ubuntu/synthetic_pose_estimation/cosypose/local_data/debug_data/debug_iter=1.pth.tar
0:01:07.319009 - TCO_input tensor([[[ 1.0000,  0.0000,  0.0000, -0.0212],
         [ 0.0000,  1.0000,  0.0000,  0.0091],
         [ 0.0000,  0.0000,  1.0000,  0.3341],
         [ 0.0000,  0.0000,  0.0000,  1.0000]]], device='cuda:0')
0:01:07.320033 - vxvyvz tensor([[ 0.3629, -0.6476,  0.6993]], device='cuda:0',
       grad_fn=<SliceBackward0>)
0:01:07.321045 - dR tensor([[[-0.7886,  0.4382,  0.4313],
         [-0.5701, -0.7838, -0.2462],
         [ 0.2302, -0.4400,  0.8680]]], device='cuda:0',
       grad_fn=<StackBackward0>)
0:01:07.321960 - fxfy tensor([[2026.6693, 2026.6696]], device='cuda:0')
0:01:07.324448 - TCO_gt tensor([[[-0.7893,  0.4511,  0.4165, -0.0100],
         [-0.5688, -0.7927, -0.2192,  0.0062],
         [ 0.2313, -0.4099,  0.8823,  0.1920],
         [ 0.0000,  0.0000,  0.0000,  1.0000]]], device='cuda:0')
0:01:07.325409 - TCO pred_orn tensor([[[-0.7886,  0.4382,  0.4313, -0.0100],
         [-0.5701, -0.7838, -0.2462,  0.0062],
         [ 0.2302, -0.4400,  0.8680,  0.1920],
         [ 0.0000,  0.0000,  0.0000,  1.0000]]], device='cuda:0',
       grad_fn=<CopySlices>)
0:01:07.326319 - TCO pred_xy tensor([[[-0.7893,  0.4511,  0.4165, -0.0121],
         [-0.5688, -0.7927, -0.2192,  0.0052],
         [ 0.2313, -0.4099,  0.8823,  0.1920],
         [ 0.0000,  0.0000,  0.0000,  1.0000]]], device='cuda:0',
       grad_fn=<CopySlices>)
0:01:07.327233 - TCO pred_z tensor([[[-0.7893,  0.4511,  0.4165, -0.0100],
         [-0.5688, -0.7927, -0.2192,  0.0062],
         [ 0.2313, -0.4099,  0.8823,  0.2336],
         [ 0.0000,  0.0000,  0.0000,  1.0000]]], device='cuda:0',
       grad_fn=<CopySlices>)
0:01:07.327863 - loss orn tensor([0.0001], device='cuda:0', grad_fn=<MinBackward0>)
0:01:07.328484 - loss xy tensor([0.0010], device='cuda:0', grad_fn=<MinBackward0>)
0:01:07.331543 - loss z tensor([0.0139], device='cuda:0', grad_fn=<MinBackward0>)
  0%|                                        | 0/1 [00:00<?, ?it/s, loss=0.0151]100%|████████████████████████████████| 1/1 [00:00<00:00,  4.59it/s, loss=0.0151]100%|████████████████████████████████| 1/1 [00:00<00:00,  4.58it/s, loss=0.0151]
0:01:07.086851 - saving /home/ubuntu/synthetic_pose_estimation/cosypose/local_data/experiments/bracket_assembly_debug_nut_nosym_coarse_noaug--938962 107
  0%|                                                     | 0/1 [00:00<?, ?it/s]0:01:07.502265 - iteration 0
0:01:07.549512 - outputs, {'pose': tensor([[-0.9020, -0.6500,  0.2569,  0.5224, -0.2261, -0.3249,  0.3642, -0.6616,
          0.6924]], device='cuda:0', grad_fn=<AddmmBackward0>)}
0:01:07.551125 - model_outputs {'pose': tensor([[-0.9020, -0.6500,  0.2569,  0.5224, -0.2261, -0.3249,  0.3642, -0.6616,
          0.6924]], device='cuda:0', grad_fn=<AddmmBackward0>)}
0:01:07.551907 - K crop tensor([[[1.9877e+03, 0.0000e+00, 3.0899e+02],
         [0.0000e+00, 1.9877e+03, 3.7614e+01],
         [0.0000e+00, 0.0000e+00, 1.0000e+00]]], device='cuda:0')
0:01:07.552945 - TCO_input tensor([[[ 1.0000,  0.0000,  0.0000, -0.0248],
         [ 0.0000,  1.0000,  0.0000,  0.0136],
         [ 0.0000,  0.0000,  1.0000,  0.3296],
         [ 0.0000,  0.0000,  0.0000,  1.0000]]], device='cuda:0')
0:01:07.554299 - model tco output tensor([[[-0.7905,  0.4368,  0.4294, -0.0171],
         [-0.5696, -0.7819, -0.2533,  0.0093],
         [ 0.2252, -0.4448,  0.8669,  0.2282],
         [ 0.0000,  0.0000,  0.0000,  1.0000]]], device='cuda:0',
       grad_fn=<CopySlices>)
0:01:07.593733 - Wrote debug data: /home/ubuntu/synthetic_pose_estimation/cosypose/local_data/debug_data/debug_iter=1.pth.tar
0:01:07.808112 - TCO_input tensor([[[ 1.0000,  0.0000,  0.0000, -0.0248],
         [ 0.0000,  1.0000,  0.0000,  0.0136],
         [ 0.0000,  0.0000,  1.0000,  0.3296],
         [ 0.0000,  0.0000,  0.0000,  1.0000]]], device='cuda:0')
0:01:07.809186 - vxvyvz tensor([[ 0.3642, -0.6616,  0.6924]], device='cuda:0',
       grad_fn=<SliceBackward0>)
0:01:07.810225 - dR tensor([[[-0.7905,  0.4368,  0.4294],
         [-0.5696, -0.7819, -0.2533],
         [ 0.2252, -0.4448,  0.8669]]], device='cuda:0',
       grad_fn=<StackBackward0>)
0:01:07.811079 - fxfy tensor([[1987.6659, 1987.6661]], device='cuda:0')
0:01:07.813638 - TCO_gt tensor([[[-0.7893,  0.4511,  0.4165, -0.0100],
         [-0.5688, -0.7927, -0.2192,  0.0062],
         [ 0.2313, -0.4099,  0.8823,  0.1920],
         [ 0.0000,  0.0000,  0.0000,  1.0000]]], device='cuda:0')
0:01:07.814563 - TCO pred_orn tensor([[[-0.7905,  0.4368,  0.4294, -0.0100],
         [-0.5696, -0.7819, -0.2533,  0.0062],
         [ 0.2252, -0.4448,  0.8669,  0.1920],
         [ 0.0000,  0.0000,  0.0000,  1.0000]]], device='cuda:0',
       grad_fn=<CopySlices>)
0:01:07.815477 - TCO pred_xy tensor([[[-0.7893,  0.4511,  0.4165, -0.0144],
         [-0.5688, -0.7927, -0.2192,  0.0078],
         [ 0.2313, -0.4099,  0.8823,  0.1920],
         [ 0.0000,  0.0000,  0.0000,  1.0000]]], device='cuda:0',
       grad_fn=<CopySlices>)
0:01:07.816385 - TCO pred_z tensor([[[-0.7893,  0.4511,  0.4165, -0.0100],
         [-0.5688, -0.7927, -0.2192,  0.0062],
         [ 0.2313, -0.4099,  0.8823,  0.2282],
         [ 0.0000,  0.0000,  0.0000,  1.0000]]], device='cuda:0',
       grad_fn=<CopySlices>)
0:01:07.817040 - loss orn tensor([0.0002], device='cuda:0', grad_fn=<MinBackward0>)
0:01:07.817685 - loss xy tensor([0.0020], device='cuda:0', grad_fn=<MinBackward0>)
0:01:07.818300 - loss z tensor([0.0121], device='cuda:0', grad_fn=<MinBackward0>)
  0%|                                        | 0/1 [00:00<?, ?it/s, loss=0.0143]100%|████████████████████████████████| 1/1 [00:00<00:00,  4.47it/s, loss=0.0143]100%|████████████████████████████████| 1/1 [00:00<00:00,  4.46it/s, loss=0.0143]
0:01:07.576907 - saving /home/ubuntu/synthetic_pose_estimation/cosypose/local_data/experiments/bracket_assembly_debug_nut_nosym_coarse_noaug--938962 108
  0%|                                                     | 0/1 [00:00<?, ?it/s]0:01:07.991993 - iteration 0
0:01:08.035721 - outputs, {'pose': tensor([[-0.9083, -0.6536,  0.2544,  0.5215, -0.2371, -0.3279,  0.3705, -0.6806,
          0.6947]], device='cuda:0', grad_fn=<AddmmBackward0>)}
0:01:08.037374 - model_outputs {'pose': tensor([[-0.9083, -0.6536,  0.2544,  0.5215, -0.2371, -0.3279,  0.3705, -0.6806,
          0.6947]], device='cuda:0', grad_fn=<AddmmBackward0>)}
0:01:08.038190 - K crop tensor([[[2.0817e+03, 0.0000e+00, 2.5189e+02],
         [0.0000e+00, 2.0817e+03, 3.7093e+01],
         [0.0000e+00, 0.0000e+00, 1.0000e+00]]], device='cuda:0')
0:01:08.039042 - TCO_input tensor([[[ 1.0000,  0.0000,  0.0000, -0.0153],
         [ 0.0000,  1.0000,  0.0000,  0.0136],
         [ 0.0000,  0.0000,  1.0000,  0.3447],
         [ 0.0000,  0.0000,  0.0000,  1.0000]]], device='cuda:0')
0:01:08.039936 - model tco output tensor([[[-0.7915,  0.4365,  0.4278, -0.0106],
         [-0.5696, -0.7807, -0.2572,  0.0094],
         [ 0.2217, -0.4472,  0.8665,  0.2394],
         [ 0.0000,  0.0000,  0.0000,  1.0000]]], device='cuda:0',
       grad_fn=<CopySlices>)
0:01:08.077930 - Wrote debug data: /home/ubuntu/synthetic_pose_estimation/cosypose/local_data/debug_data/debug_iter=1.pth.tar
0:01:08.288589 - TCO_input tensor([[[ 1.0000,  0.0000,  0.0000, -0.0153],
         [ 0.0000,  1.0000,  0.0000,  0.0136],
         [ 0.0000,  0.0000,  1.0000,  0.3447],
         [ 0.0000,  0.0000,  0.0000,  1.0000]]], device='cuda:0')
0:01:08.289656 - vxvyvz tensor([[ 0.3705, -0.6806,  0.6947]], device='cuda:0',
       grad_fn=<SliceBackward0>)
0:01:08.290646 - dR tensor([[[-0.7915,  0.4365,  0.4278],
         [-0.5696, -0.7807, -0.2572],
         [ 0.2217, -0.4472,  0.8665]]], device='cuda:0',
       grad_fn=<StackBackward0>)
0:01:08.291529 - fxfy tensor([[2081.7454, 2081.7456]], device='cuda:0')
0:01:08.294058 - TCO_gt tensor([[[-0.7893,  0.4511,  0.4165, -0.0100],
         [-0.5688, -0.7927, -0.2192,  0.0062],
         [ 0.2313, -0.4099,  0.8823,  0.1920],
         [ 0.0000,  0.0000,  0.0000,  1.0000]]], device='cuda:0')
0:01:08.294977 - TCO pred_orn tensor([[[-0.7915,  0.4365,  0.4278, -0.0100],
         [-0.5696, -0.7807, -0.2572,  0.0062],
         [ 0.2217, -0.4472,  0.8665,  0.1920],
         [ 0.0000,  0.0000,  0.0000,  1.0000]]], device='cuda:0',
       grad_fn=<CopySlices>)
0:01:08.295868 - TCO pred_xy tensor([[[-0.7893,  0.4511,  0.4165, -0.0085],
         [-0.5688, -0.7927, -0.2192,  0.0075],
         [ 0.2313, -0.4099,  0.8823,  0.1920],
         [ 0.0000,  0.0000,  0.0000,  1.0000]]], device='cuda:0',
       grad_fn=<CopySlices>)
0:01:08.296772 - TCO pred_z tensor([[[-0.7893,  0.4511,  0.4165, -0.0100],
         [-0.5688, -0.7927, -0.2192,  0.0062],
         [ 0.2313, -0.4099,  0.8823,  0.2394],
         [ 0.0000,  0.0000,  0.0000,  1.0000]]], device='cuda:0',
       grad_fn=<CopySlices>)
0:01:08.297465 - loss orn tensor([0.0002], device='cuda:0', grad_fn=<MinBackward0>)
0:01:08.298086 - loss xy tensor([0.0010], device='cuda:0', grad_fn=<MinBackward0>)
0:01:08.298715 - loss z tensor([0.0158], device='cuda:0', grad_fn=<MinBackward0>)
  0%|                                         | 0/1 [00:00<?, ?it/s, loss=0.017]100%|█████████████████████████████████| 1/1 [00:00<00:00,  4.66it/s, loss=0.017]100%|█████████████████████████████████| 1/1 [00:00<00:00,  4.65it/s, loss=0.017]
0:01:08.050013 - saving /home/ubuntu/synthetic_pose_estimation/cosypose/local_data/experiments/bracket_assembly_debug_nut_nosym_coarse_noaug--938962 109
  0%|                                                     | 0/1 [00:00<?, ?it/s]0:01:08.465196 - iteration 0
0:01:08.509094 - outputs, {'pose': tensor([[-0.9032, -0.6541,  0.2615,  0.5362, -0.2413, -0.3194,  0.3748, -0.6919,
          0.6801]], device='cuda:0', grad_fn=<AddmmBackward0>)}
0:01:08.510753 - model_outputs {'pose': tensor([[-0.9032, -0.6541,  0.2615,  0.5362, -0.2413, -0.3194,  0.3748, -0.6919,
          0.6801]], device='cuda:0', grad_fn=<AddmmBackward0>)}
0:01:08.511525 - K crop tensor([[[1.8800e+03, 0.0000e+00, 2.6208e+02],
         [0.0000e+00, 1.8800e+03, 7.6165e+01],
         [0.0000e+00, 0.0000e+00, 1.0000e+00]]], device='cuda:0')
0:01:08.512379 - TCO_input tensor([[[ 1.0000,  0.0000,  0.0000, -0.0169],
         [ 0.0000,  1.0000,  0.0000,  0.0071],
         [ 0.0000,  0.0000,  1.0000,  0.3098],
         [ 0.0000,  0.0000,  0.0000,  1.0000]]], device='cuda:0')
0:01:08.513858 - model tco output tensor([[[-0.7885,  0.4492,  0.4200, -0.0115],
         [-0.5711, -0.7883, -0.2289,  0.0048],
         [ 0.2283, -0.4204,  0.8782,  0.2107],
         [ 0.0000,  0.0000,  0.0000,  1.0000]]], device='cuda:0',
       grad_fn=<CopySlices>)
0:01:08.552359 - Wrote debug data: /home/ubuntu/synthetic_pose_estimation/cosypose/local_data/debug_data/debug_iter=1.pth.tar
0:01:08.763901 - TCO_input tensor([[[ 1.0000,  0.0000,  0.0000, -0.0169],
         [ 0.0000,  1.0000,  0.0000,  0.0071],
         [ 0.0000,  0.0000,  1.0000,  0.3098],
         [ 0.0000,  0.0000,  0.0000,  1.0000]]], device='cuda:0')
0:01:08.764972 - vxvyvz tensor([[ 0.3748, -0.6919,  0.6801]], device='cuda:0',
       grad_fn=<SliceBackward0>)
0:01:08.766005 - dR tensor([[[-0.7885,  0.4492,  0.4200],
         [-0.5711, -0.7883, -0.2289],
         [ 0.2283, -0.4204,  0.8782]]], device='cuda:0',
       grad_fn=<StackBackward0>)
0:01:08.766894 - fxfy tensor([[1879.9589, 1879.9589]], device='cuda:0')
0:01:08.769429 - TCO_gt tensor([[[-0.7893,  0.4511,  0.4165, -0.0100],
         [-0.5688, -0.7927, -0.2192,  0.0062],
         [ 0.2313, -0.4099,  0.8823,  0.1920],
         [ 0.0000,  0.0000,  0.0000,  1.0000]]], device='cuda:0')
0:01:08.770353 - TCO pred_orn tensor([[[-0.7885,  0.4492,  0.4200, -0.0100],
         [-0.5711, -0.7883, -0.2289,  0.0062],
         [ 0.2283, -0.4204,  0.8782,  0.1920],
         [ 0.0000,  0.0000,  0.0000,  1.0000]]], device='cuda:0',
       grad_fn=<CopySlices>)
0:01:08.771273 - TCO pred_xy tensor([[[-0.7893,  0.4511,  0.4165, -0.0104],
         [-0.5688, -0.7927, -0.2192,  0.0044],
         [ 0.2313, -0.4099,  0.8823,  0.1920],
         [ 0.0000,  0.0000,  0.0000,  1.0000]]], device='cuda:0',
       grad_fn=<CopySlices>)
0:01:08.772162 - TCO pred_z tensor([[[-0.7893,  0.4511,  0.4165, -0.0100],
         [-0.5688, -0.7927, -0.2192,  0.0062],
         [ 0.2313, -0.4099,  0.8823,  0.2107],
         [ 0.0000,  0.0000,  0.0000,  1.0000]]], device='cuda:0',
       grad_fn=<CopySlices>)
0:01:08.772789 - loss orn tensor([4.2598e-05], device='cuda:0', grad_fn=<MinBackward0>)
0:01:08.773437 - loss xy tensor([0.0008], device='cuda:0', grad_fn=<MinBackward0>)
0:01:08.774061 - loss z tensor([0.0062], device='cuda:0', grad_fn=<MinBackward0>)
  0%|                                       | 0/1 [00:00<?, ?it/s, loss=0.00703]100%|███████████████████████████████| 1/1 [00:00<00:00,  4.57it/s, loss=0.00703]100%|███████████████████████████████| 1/1 [00:00<00:00,  4.56it/s, loss=0.00703]
  0%|                                                     | 0/1 [00:00<?, ?it/s]0:01:08.683865 - iteration 0
0:01:08.720359 - outputs, {'pose': tensor([[ 0.0002,  0.0073, -0.0133,  0.0342, -0.0019, -0.0281,  0.0083, -0.0127,
          0.0197]], device='cuda:0')}
0:01:08.721830 - model_outputs {'pose': tensor([[ 0.0002,  0.0073, -0.0133,  0.0342, -0.0019, -0.0281,  0.0083, -0.0127,
          0.0197]], device='cuda:0')}
0:01:08.722579 - K crop tensor([[[1.7216e+03, 0.0000e+00, 2.4771e+02],
         [0.0000e+00, 1.7216e+03, 4.7814e+01],
         [0.0000e+00, 0.0000e+00, 1.0000e+00]]], device='cuda:0')
0:01:08.723409 - TCO_input tensor([[[ 1.0000,  0.0000,  0.0000, -0.0147],
         [ 0.0000,  1.0000,  0.0000,  0.0119],
         [ 0.0000,  0.0000,  1.0000,  0.2863],
         [ 0.0000,  0.0000,  0.0000,  1.0000]]], device='cuda:0')
0:01:08.724267 - model tco output tensor([[[ 1.3570e-02,  9.1255e-01, -4.0874e-01, -2.8857e-04],
         [ 4.8041e-01, -3.6446e-01, -7.9773e-01,  2.3449e-04],
         [-8.7694e-01, -1.8554e-01, -4.4334e-01,  5.6324e-03],
         [ 0.0000e+00,  0.0000e+00,  0.0000e+00,  1.0000e+00]]],
       device='cuda:0')
0:01:08.763622 - Wrote debug data: /home/ubuntu/synthetic_pose_estimation/cosypose/local_data/debug_data/debug_iter=1.pth.tar
0:01:08.974710 - TCO_input tensor([[[ 1.0000,  0.0000,  0.0000, -0.0147],
         [ 0.0000,  1.0000,  0.0000,  0.0119],
         [ 0.0000,  0.0000,  1.0000,  0.2863],
         [ 0.0000,  0.0000,  0.0000,  1.0000]]], device='cuda:0')
0:01:08.975691 - vxvyvz tensor([[ 0.0083, -0.0127,  0.0197]], device='cuda:0')
0:01:08.976649 - dR tensor([[[ 0.0136,  0.9125, -0.4087],
         [ 0.4804, -0.3645, -0.7977],
         [-0.8769, -0.1855, -0.4433]]], device='cuda:0')
0:01:08.977554 - fxfy tensor([[1721.6029, 1721.6027]], device='cuda:0')
0:01:08.979835 - TCO_gt tensor([[[-0.7893,  0.4511,  0.4165, -0.0100],
         [-0.5688, -0.7927, -0.2192,  0.0062],
         [ 0.2313, -0.4099,  0.8823,  0.1920],
         [ 0.0000,  0.0000,  0.0000,  1.0000]]], device='cuda:0')
0:01:08.980736 - TCO pred_orn tensor([[[ 0.0136,  0.9125, -0.4087, -0.0100],
         [ 0.4804, -0.3645, -0.7977,  0.0062],
         [-0.8769, -0.1855, -0.4433,  0.1920],
         [ 0.0000,  0.0000,  0.0000,  1.0000]]], device='cuda:0')
0:01:08.981666 - TCO pred_xy tensor([[[-0.7893,  0.4511,  0.4165, -0.0098],
         [-0.5688, -0.7927, -0.2192,  0.0080],
         [ 0.2313, -0.4099,  0.8823,  0.1920],
         [ 0.0000,  0.0000,  0.0000,  1.0000]]], device='cuda:0')
0:01:08.982569 - TCO pred_z tensor([[[-0.7893,  0.4511,  0.4165, -0.0100],
         [-0.5688, -0.7927, -0.2192,  0.0062],
         [ 0.2313, -0.4099,  0.8823,  0.0056],
         [ 0.0000,  0.0000,  0.0000,  1.0000]]], device='cuda:0')
0:01:08.983207 - loss orn tensor([0.0070], device='cuda:0')
0:01:08.983820 - loss xy tensor([0.0007], device='cuda:0')
0:01:08.986581 - loss z tensor([0.0621], device='cuda:0')
100%|█████████████████████████████████████████████| 1/1 [00:00<00:00,  8.24it/s]100%|█████████████████████████████████████████████| 1/1 [00:00<00:00,  8.21it/s]
0:01:08.660722 - saving /home/ubuntu/synthetic_pose_estimation/cosypose/local_data/experiments/bracket_assembly_debug_nut_nosym_coarse_noaug--938962 110
  0%|                                                     | 0/1 [00:00<?, ?it/s]0:01:09.072592 - iteration 0
0:01:09.115968 - outputs, {'pose': tensor([[-0.8907, -0.6546,  0.2696,  0.5367, -0.2425, -0.3055,  0.3759, -0.7035,
          0.6650]], device='cuda:0', grad_fn=<AddmmBackward0>)}
0:01:09.117700 - model_outputs {'pose': tensor([[-0.8907, -0.6546,  0.2696,  0.5367, -0.2425, -0.3055,  0.3759, -0.7035,
          0.6650]], device='cuda:0', grad_fn=<AddmmBackward0>)}
0:01:09.118517 - K crop tensor([[[1.9656e+03, 0.0000e+00, 3.3457e+02],
         [0.0000e+00, 1.9656e+03, 2.4261e+01],
         [0.0000e+00, 0.0000e+00, 1.0000e+00]]], device='cuda:0')
0:01:09.119360 - TCO_input tensor([[[ 1.0000,  0.0000,  0.0000, -0.0291],
         [ 0.0000,  1.0000,  0.0000,  0.0158],
         [ 0.0000,  0.0000,  1.0000,  0.3269],
         [ 0.0000,  0.0000,  0.0000,  1.0000]]], device='cuda:0')
0:01:09.120262 - model tco output tensor([[[-0.7828,  0.4634,  0.4152, -0.0193],
         [-0.5753, -0.7933, -0.1993,  0.0105],
         [ 0.2370, -0.3949,  0.8876,  0.2174],
         [ 0.0000,  0.0000,  0.0000,  1.0000]]], device='cuda:0',
       grad_fn=<CopySlices>)
0:01:09.160800 - Wrote debug data: /home/ubuntu/synthetic_pose_estimation/cosypose/local_data/debug_data/debug_iter=1.pth.tar
0:01:09.372621 - TCO_input tensor([[[ 1.0000,  0.0000,  0.0000, -0.0291],
         [ 0.0000,  1.0000,  0.0000,  0.0158],
         [ 0.0000,  0.0000,  1.0000,  0.3269],
         [ 0.0000,  0.0000,  0.0000,  1.0000]]], device='cuda:0')
0:01:09.373774 - vxvyvz tensor([[ 0.3759, -0.7035,  0.6650]], device='cuda:0',
       grad_fn=<SliceBackward0>)
0:01:09.374800 - dR tensor([[[-0.7828,  0.4634,  0.4152],
         [-0.5753, -0.7933, -0.1993],
         [ 0.2370, -0.3949,  0.8876]]], device='cuda:0',
       grad_fn=<StackBackward0>)
0:01:09.375669 - fxfy tensor([[1965.6238, 1965.6235]], device='cuda:0')
0:01:09.378184 - TCO_gt tensor([[[-0.7893,  0.4511,  0.4165, -0.0100],
         [-0.5688, -0.7927, -0.2192,  0.0062],
         [ 0.2313, -0.4099,  0.8823,  0.1920],
         [ 0.0000,  0.0000,  0.0000,  1.0000]]], device='cuda:0')
0:01:09.379088 - TCO pred_orn tensor([[[-0.7828,  0.4634,  0.4152, -0.0100],
         [-0.5753, -0.7933, -0.1993,  0.0062],
         [ 0.2370, -0.3949,  0.8876,  0.1920],
         [ 0.0000,  0.0000,  0.0000,  1.0000]]], device='cuda:0',
       grad_fn=<CopySlices>)
0:01:09.379984 - TCO pred_xy tensor([[[-0.7893,  0.4511,  0.4165, -0.0171],
         [-0.5688, -0.7927, -0.2192,  0.0092],
         [ 0.2313, -0.4099,  0.8823,  0.1920],
         [ 0.0000,  0.0000,  0.0000,  1.0000]]], device='cuda:0',
       grad_fn=<CopySlices>)
0:01:09.380863 - TCO pred_z tensor([[[-0.7893,  0.4511,  0.4165, -0.0100],
         [-0.5688, -0.7927, -0.2192,  0.0062],
         [ 0.2313, -0.4099,  0.8823,  0.2174],
         [ 0.0000,  0.0000,  0.0000,  1.0000]]], device='cuda:0',
       grad_fn=<CopySlices>)
0:01:09.381533 - loss orn tensor([8.8761e-05], device='cuda:0', grad_fn=<MinBackward0>)
0:01:09.382190 - loss xy tensor([0.0034], device='cuda:0', grad_fn=<MinBackward0>)
0:01:09.382801 - loss z tensor([0.0085], device='cuda:0', grad_fn=<MinBackward0>)
  0%|                                        | 0/1 [00:00<?, ?it/s, loss=0.0119]100%|████████████████████████████████| 1/1 [00:00<00:00,  4.65it/s, loss=0.0119]100%|████████████████████████████████| 1/1 [00:00<00:00,  4.64it/s, loss=0.0119]
0:01:09.146230 - saving /home/ubuntu/synthetic_pose_estimation/cosypose/local_data/experiments/bracket_assembly_debug_nut_nosym_coarse_noaug--938962 111
  0%|                                                     | 0/1 [00:00<?, ?it/s]0:01:09.561397 - iteration 0
0:01:09.604272 - outputs, {'pose': tensor([[-0.9040, -0.6562,  0.2650,  0.5470, -0.2596, -0.3052,  0.3875, -0.7133,
          0.6513]], device='cuda:0', grad_fn=<AddmmBackward0>)}
0:01:09.605798 - model_outputs {'pose': tensor([[-0.9040, -0.6562,  0.2650,  0.5470, -0.2596, -0.3052,  0.3875, -0.7133,
          0.6513]], device='cuda:0', grad_fn=<AddmmBackward0>)}
0:01:09.606560 - K crop tensor([[[1.8663e+03, 0.0000e+00, 2.1327e+02],
         [0.0000e+00, 1.8663e+03, 4.3462e+01],
         [0.0000e+00, 0.0000e+00, 1.0000e+00]]], device='cuda:0')
0:01:09.607404 - TCO_input tensor([[[ 1.0000,  0.0000,  0.0000, -0.0089],
         [ 0.0000,  1.0000,  0.0000,  0.0126],
         [ 0.0000,  0.0000,  1.0000,  0.3097],
         [ 0.0000,  0.0000,  0.0000,  1.0000]]], device='cuda:0')
0:01:09.608290 - model tco output tensor([[[-0.7874,  0.4649,  0.4048, -0.0058],
         [-0.5716, -0.7966, -0.1969,  0.0081],
         [ 0.2309, -0.3864,  0.8930,  0.2017],
         [ 0.0000,  0.0000,  0.0000,  1.0000]]], device='cuda:0',
       grad_fn=<CopySlices>)
0:01:09.645992 - Wrote debug data: /home/ubuntu/synthetic_pose_estimation/cosypose/local_data/debug_data/debug_iter=1.pth.tar
0:01:09.862599 - TCO_input tensor([[[ 1.0000,  0.0000,  0.0000, -0.0089],
         [ 0.0000,  1.0000,  0.0000,  0.0126],
         [ 0.0000,  0.0000,  1.0000,  0.3097],
         [ 0.0000,  0.0000,  0.0000,  1.0000]]], device='cuda:0')
0:01:09.863635 - vxvyvz tensor([[ 0.3875, -0.7133,  0.6513]], device='cuda:0',
       grad_fn=<SliceBackward0>)
0:01:09.864623 - dR tensor([[[-0.7874,  0.4649,  0.4048],
         [-0.5716, -0.7966, -0.1969],
         [ 0.2309, -0.3864,  0.8930]]], device='cuda:0',
       grad_fn=<StackBackward0>)
0:01:09.865534 - fxfy tensor([[1866.3153, 1866.3153]], device='cuda:0')
0:01:09.868039 - TCO_gt tensor([[[-0.7893,  0.4511,  0.4165, -0.0100],
         [-0.5688, -0.7927, -0.2192,  0.0062],
         [ 0.2313, -0.4099,  0.8823,  0.1920],
         [ 0.0000,  0.0000,  0.0000,  1.0000]]], device='cuda:0')
0:01:09.868994 - TCO pred_orn tensor([[[-0.7874,  0.4649,  0.4048, -0.0100],
         [-0.5716, -0.7966, -0.1969,  0.0062],
         [ 0.2309, -0.3864,  0.8930,  0.1920],
         [ 0.0000,  0.0000,  0.0000,  1.0000]]], device='cuda:0',
       grad_fn=<CopySlices>)
0:01:09.869915 - TCO pred_xy tensor([[[-0.7893,  0.4511,  0.4165, -0.0055],
         [-0.5688, -0.7927, -0.2192,  0.0077],
         [ 0.2313, -0.4099,  0.8823,  0.1920],
         [ 0.0000,  0.0000,  0.0000,  1.0000]]], device='cuda:0',
       grad_fn=<CopySlices>)
0:01:09.870822 - TCO pred_z tensor([[[-0.7893,  0.4511,  0.4165, -0.0100],
         [-0.5688, -0.7927, -0.2192,  0.0062],
         [ 0.2313, -0.4099,  0.8823,  0.2017],
         [ 0.0000,  0.0000,  0.0000,  1.0000]]], device='cuda:0',
       grad_fn=<CopySlices>)
0:01:09.871469 - loss orn tensor([0.0001], device='cuda:0', grad_fn=<MinBackward0>)
0:01:09.872132 - loss xy tensor([0.0020], device='cuda:0', grad_fn=<MinBackward0>)
0:01:09.872739 - loss z tensor([0.0033], device='cuda:0', grad_fn=<MinBackward0>)
  0%|                                       | 0/1 [00:00<?, ?it/s, loss=0.00539]100%|███████████████████████████████| 1/1 [00:00<00:00,  4.57it/s, loss=0.00539]100%|███████████████████████████████| 1/1 [00:00<00:00,  4.57it/s, loss=0.00539]
0:01:09.621331 - saving /home/ubuntu/synthetic_pose_estimation/cosypose/local_data/experiments/bracket_assembly_debug_nut_nosym_coarse_noaug--938962 112
  0%|                                                     | 0/1 [00:00<?, ?it/s]0:01:10.036486 - iteration 0
0:01:10.080470 - outputs, {'pose': tensor([[-0.8979, -0.6507,  0.2714,  0.5442, -0.2664, -0.3046,  0.3937, -0.7314,
          0.6322]], device='cuda:0', grad_fn=<AddmmBackward0>)}
0:01:10.082145 - model_outputs {'pose': tensor([[-0.8979, -0.6507,  0.2714,  0.5442, -0.2664, -0.3046,  0.3937, -0.7314,
          0.6322]], device='cuda:0', grad_fn=<AddmmBackward0>)}
0:01:10.082921 - K crop tensor([[[1.6783e+03, 0.0000e+00, 2.8456e+02],
         [0.0000e+00, 1.6783e+03, 3.8972e+01],
         [0.0000e+00, 0.0000e+00, 1.0000e+00]]], device='cuda:0')
0:01:10.083766 - TCO_input tensor([[[ 1.0000,  0.0000,  0.0000, -0.0209],
         [ 0.0000,  1.0000,  0.0000,  0.0134],
         [ 0.0000,  0.0000,  1.0000,  0.2799],
         [ 0.0000,  0.0000,  0.0000,  1.0000]]], device='cuda:0')
0:01:10.084661 - model tco output tensor([[[-0.7865,  0.4642,  0.4073, -0.0131],
         [-0.5700, -0.7995, -0.1894,  0.0084],
         [ 0.2377, -0.3812,  0.8934,  0.1770],
         [ 0.0000,  0.0000,  0.0000,  1.0000]]], device='cuda:0',
       grad_fn=<CopySlices>)
0:01:10.125606 - Wrote debug data: /home/ubuntu/synthetic_pose_estimation/cosypose/local_data/debug_data/debug_iter=1.pth.tar
0:01:10.337023 - TCO_input tensor([[[ 1.0000,  0.0000,  0.0000, -0.0209],
         [ 0.0000,  1.0000,  0.0000,  0.0134],
         [ 0.0000,  0.0000,  1.0000,  0.2799],
         [ 0.0000,  0.0000,  0.0000,  1.0000]]], device='cuda:0')
0:01:10.338081 - vxvyvz tensor([[ 0.3937, -0.7314,  0.6322]], device='cuda:0',
       grad_fn=<SliceBackward0>)
0:01:10.339069 - dR tensor([[[-0.7865,  0.4642,  0.4073],
         [-0.5700, -0.7995, -0.1894],
         [ 0.2377, -0.3812,  0.8934]]], device='cuda:0',
       grad_fn=<StackBackward0>)
0:01:10.339910 - fxfy tensor([[1678.2655, 1678.2659]], device='cuda:0')
0:01:10.342412 - TCO_gt tensor([[[-0.7893,  0.4511,  0.4165, -0.0100],
         [-0.5688, -0.7927, -0.2192,  0.0062],
         [ 0.2313, -0.4099,  0.8823,  0.1920],
         [ 0.0000,  0.0000,  0.0000,  1.0000]]], device='cuda:0')
0:01:10.343310 - TCO pred_orn tensor([[[-0.7865,  0.4642,  0.4073, -0.0100],
         [-0.5700, -0.7995, -0.1894,  0.0062],
         [ 0.2377, -0.3812,  0.8934,  0.1920],
         [ 0.0000,  0.0000,  0.0000,  1.0000]]], device='cuda:0',
       grad_fn=<CopySlices>)
0:01:10.344198 - TCO pred_xy tensor([[[-0.7893,  0.4511,  0.4165, -0.0143],
         [-0.5688, -0.7927, -0.2192,  0.0091],
         [ 0.2313, -0.4099,  0.8823,  0.1920],
         [ 0.0000,  0.0000,  0.0000,  1.0000]]], device='cuda:0',
       grad_fn=<CopySlices>)
0:01:10.345095 - TCO pred_z tensor([[[-0.7893,  0.4511,  0.4165, -0.0100],
         [-0.5688, -0.7927, -0.2192,  0.0062],
         [ 0.2313, -0.4099,  0.8823,  0.1770],
         [ 0.0000,  0.0000,  0.0000,  1.0000]]], device='cuda:0',
       grad_fn=<CopySlices>)
0:01:10.345737 - loss orn tensor([0.0001], device='cuda:0', grad_fn=<MinBackward0>)
0:01:10.346359 - loss xy tensor([0.0024], device='cuda:0', grad_fn=<MinBackward0>)
0:01:10.346971 - loss z tensor([0.0050], device='cuda:0', grad_fn=<MinBackward0>)
  0%|                                       | 0/1 [00:00<?, ?it/s, loss=0.00753]100%|███████████████████████████████| 1/1 [00:00<00:00,  4.55it/s, loss=0.00753]100%|███████████████████████████████| 1/1 [00:00<00:00,  4.54it/s, loss=0.00753]
0:01:10.102286 - saving /home/ubuntu/synthetic_pose_estimation/cosypose/local_data/experiments/bracket_assembly_debug_nut_nosym_coarse_noaug--938962 113
  0%|                                                     | 0/1 [00:00<?, ?it/s]0:01:10.517369 - iteration 0
0:01:10.560488 - outputs, {'pose': tensor([[-0.8979, -0.6505,  0.2593,  0.5349, -0.2575, -0.3175,  0.3984, -0.7500,
          0.6206]], device='cuda:0', grad_fn=<AddmmBackward0>)}
0:01:10.562165 - model_outputs {'pose': tensor([[-0.8979, -0.6505,  0.2593,  0.5349, -0.2575, -0.3175,  0.3984, -0.7500,
          0.6206]], device='cuda:0', grad_fn=<AddmmBackward0>)}
0:01:10.562914 - K crop tensor([[[1.7864e+03, 0.0000e+00, 3.1856e+02],
         [0.0000e+00, 1.7864e+03, 9.6756e+01],
         [0.0000e+00, 0.0000e+00, 1.0000e+00]]], device='cuda:0')
0:01:10.563726 - TCO_input tensor([[[ 1.0000,  0.0000,  0.0000, -0.0261],
         [ 0.0000,  1.0000,  0.0000,  0.0037],
         [ 0.0000,  0.0000,  1.0000,  0.2934],
         [ 0.0000,  0.0000,  0.0000,  1.0000]]], device='cuda:0')
0:01:10.564597 - model tco output tensor([[[-0.7885,  0.4529,  0.4161, -0.0162],
         [-0.5713, -0.7899, -0.2228,  0.0022],
         [ 0.2277, -0.4134,  0.8816,  0.1821],
         [ 0.0000,  0.0000,  0.0000,  1.0000]]], device='cuda:0',
       grad_fn=<CopySlices>)
0:01:10.602467 - Wrote debug data: /home/ubuntu/synthetic_pose_estimation/cosypose/local_data/debug_data/debug_iter=1.pth.tar
0:01:10.812590 - TCO_input tensor([[[ 1.0000,  0.0000,  0.0000, -0.0261],
         [ 0.0000,  1.0000,  0.0000,  0.0037],
         [ 0.0000,  0.0000,  1.0000,  0.2934],
         [ 0.0000,  0.0000,  0.0000,  1.0000]]], device='cuda:0')
0:01:10.813547 - vxvyvz tensor([[ 0.3984, -0.7500,  0.6206]], device='cuda:0',
       grad_fn=<SliceBackward0>)
0:01:10.814511 - dR tensor([[[-0.7885,  0.4529,  0.4161],
         [-0.5713, -0.7899, -0.2228],
         [ 0.2277, -0.4134,  0.8816]]], device='cuda:0',
       grad_fn=<StackBackward0>)
0:01:10.815400 - fxfy tensor([[1786.4332, 1786.4335]], device='cuda:0')
0:01:10.817962 - TCO_gt tensor([[[-0.7893,  0.4511,  0.4165, -0.0100],
         [-0.5688, -0.7927, -0.2192,  0.0062],
         [ 0.2313, -0.4099,  0.8823,  0.1920],
         [ 0.0000,  0.0000,  0.0000,  1.0000]]], device='cuda:0')
0:01:10.818865 - TCO pred_orn tensor([[[-0.7885,  0.4529,  0.4161, -0.0100],
         [-0.5713, -0.7899, -0.2228,  0.0062],
         [ 0.2277, -0.4134,  0.8816,  0.1920],
         [ 0.0000,  0.0000,  0.0000,  1.0000]]], device='cuda:0',
       grad_fn=<CopySlices>)
0:01:10.819758 - TCO pred_xy tensor([[[-0.7893,  0.4511,  0.4165, -0.0170],
         [-0.5688, -0.7927, -0.2192,  0.0024],
         [ 0.2313, -0.4099,  0.8823,  0.1920],
         [ 0.0000,  0.0000,  0.0000,  1.0000]]], device='cuda:0',
       grad_fn=<CopySlices>)
0:01:10.820650 - TCO pred_z tensor([[[-0.7893,  0.4511,  0.4165, -0.0100],
         [-0.5688, -0.7927, -0.2192,  0.0062],
         [ 0.2313, -0.4099,  0.8823,  0.1821],
         [ 0.0000,  0.0000,  0.0000,  1.0000]]], device='cuda:0',
       grad_fn=<CopySlices>)
0:01:10.821334 - loss orn tensor([2.2129e-05], device='cuda:0', grad_fn=<MinBackward0>)
0:01:10.821947 - loss xy tensor([0.0036], device='cuda:0', grad_fn=<MinBackward0>)
0:01:10.822558 - loss z tensor([0.0033], device='cuda:0', grad_fn=<MinBackward0>)
  0%|                                       | 0/1 [00:00<?, ?it/s, loss=0.00693]100%|███████████████████████████████| 1/1 [00:00<00:00,  4.71it/s, loss=0.00693]100%|███████████████████████████████| 1/1 [00:00<00:00,  4.71it/s, loss=0.00693]
0:01:10.566656 - saving /home/ubuntu/synthetic_pose_estimation/cosypose/local_data/experiments/bracket_assembly_debug_nut_nosym_coarse_noaug--938962 114
  0%|                                                     | 0/1 [00:00<?, ?it/s]0:01:10.982009 - iteration 0
0:01:11.025730 - outputs, {'pose': tensor([[-0.9116, -0.6401,  0.2677,  0.5396, -0.2547, -0.3185,  0.4077, -0.7624,
          0.6118]], device='cuda:0', grad_fn=<AddmmBackward0>)}
0:01:11.027427 - model_outputs {'pose': tensor([[-0.9116, -0.6401,  0.2677,  0.5396, -0.2547, -0.3185,  0.4077, -0.7624,
          0.6118]], device='cuda:0', grad_fn=<AddmmBackward0>)}
0:01:11.028243 - K crop tensor([[[1.8042e+03, 0.0000e+00, 1.9527e+02],
         [0.0000e+00, 1.8042e+03, 1.7661e+02],
         [0.0000e+00, 0.0000e+00, 1.0000e+00]]], device='cuda:0')
0:01:11.029103 - TCO_input tensor([[[ 1.0000,  0.0000,  0.0000, -0.0059],
         [ 0.0000,  1.0000,  0.0000, -0.0095],
         [ 0.0000,  0.0000,  1.0000,  0.2987],
         [ 0.0000,  0.0000,  0.0000,  1.0000]]], device='cuda:0')
0:01:11.030640 - model tco output tensor([[[-0.7958,  0.4408,  0.4153, -0.0036],
         [-0.5587, -0.7989, -0.2227, -0.0059],
         [ 0.2336, -0.4093,  0.8820,  0.1827],
         [ 0.0000,  0.0000,  0.0000,  1.0000]]], device='cuda:0',
       grad_fn=<CopySlices>)
0:01:11.069371 - Wrote debug data: /home/ubuntu/synthetic_pose_estimation/cosypose/local_data/debug_data/debug_iter=1.pth.tar
0:01:11.279390 - TCO_input tensor([[[ 1.0000,  0.0000,  0.0000, -0.0059],
         [ 0.0000,  1.0000,  0.0000, -0.0095],
         [ 0.0000,  0.0000,  1.0000,  0.2987],
         [ 0.0000,  0.0000,  0.0000,  1.0000]]], device='cuda:0')
0:01:11.280436 - vxvyvz tensor([[ 0.4077, -0.7624,  0.6118]], device='cuda:0',
       grad_fn=<SliceBackward0>)
0:01:11.281463 - dR tensor([[[-0.7958,  0.4408,  0.4153],
         [-0.5587, -0.7989, -0.2227],
         [ 0.2336, -0.4093,  0.8820]]], device='cuda:0',
       grad_fn=<StackBackward0>)
0:01:11.282339 - fxfy tensor([[1804.1829, 1804.1829]], device='cuda:0')
0:01:11.284837 - TCO_gt tensor([[[-0.7893,  0.4511,  0.4165, -0.0100],
         [-0.5688, -0.7927, -0.2192,  0.0062],
         [ 0.2313, -0.4099,  0.8823,  0.1920],
         [ 0.0000,  0.0000,  0.0000,  1.0000]]], device='cuda:0')
0:01:11.285777 - TCO pred_orn tensor([[[-0.7958,  0.4408,  0.4153, -0.0100],
         [-0.5587, -0.7989, -0.2227,  0.0062],
         [ 0.2336, -0.4093,  0.8820,  0.1920],
         [ 0.0000,  0.0000,  0.0000,  1.0000]]], device='cuda:0',
       grad_fn=<CopySlices>)
0:01:11.286663 - TCO pred_xy tensor([[[-0.7893,  0.4511,  0.4165, -0.0038],
         [-0.5688, -0.7927, -0.2192, -0.0062],
         [ 0.2313, -0.4099,  0.8823,  0.1920],
         [ 0.0000,  0.0000,  0.0000,  1.0000]]], device='cuda:0',
       grad_fn=<CopySlices>)
0:01:11.287591 - TCO pred_z tensor([[[-0.7893,  0.4511,  0.4165, -0.0100],
         [-0.5688, -0.7927, -0.2192,  0.0062],
         [ 0.2313, -0.4099,  0.8823,  0.1827],
         [ 0.0000,  0.0000,  0.0000,  1.0000]]], device='cuda:0',
       grad_fn=<CopySlices>)
0:01:11.288218 - loss orn tensor([5.2282e-05], device='cuda:0', grad_fn=<MinBackward0>)
0:01:11.288830 - loss xy tensor([0.0062], device='cuda:0', grad_fn=<MinBackward0>)
0:01:11.289499 - loss z tensor([0.0031], device='cuda:0', grad_fn=<MinBackward0>)
  0%|                                       | 0/1 [00:00<?, ?it/s, loss=0.00933]100%|███████████████████████████████| 1/1 [00:00<00:00,  4.62it/s, loss=0.00933]100%|███████████████████████████████| 1/1 [00:00<00:00,  4.61it/s, loss=0.00933]
0:01:11.031921 - saving /home/ubuntu/synthetic_pose_estimation/cosypose/local_data/experiments/bracket_assembly_debug_nut_nosym_coarse_noaug--938962 115
  0%|                                                     | 0/1 [00:00<?, ?it/s]0:01:11.447342 - iteration 0
0:01:11.490860 - outputs, {'pose': tensor([[-0.9077, -0.6412,  0.2544,  0.5272, -0.2536, -0.3193,  0.4138, -0.7745,
          0.6083]], device='cuda:0', grad_fn=<AddmmBackward0>)}
0:01:11.492465 - model_outputs {'pose': tensor([[-0.9077, -0.6412,  0.2544,  0.5272, -0.2536, -0.3193,  0.4138, -0.7745,
          0.6083]], device='cuda:0', grad_fn=<AddmmBackward0>)}
0:01:11.493267 - K crop tensor([[[1.4724e+03, 0.0000e+00, 2.5823e+02],
         [0.0000e+00, 1.4724e+03, 8.9908e+01],
         [0.0000e+00, 0.0000e+00, 1.0000e+00]]], device='cuda:0')
0:01:11.494513 - TCO_input tensor([[[ 1.0000,  0.0000,  0.0000, -0.0163],
         [ 0.0000,  1.0000,  0.0000,  0.0049],
         [ 0.0000,  0.0000,  1.0000,  0.2436],
         [ 0.0000,  0.0000,  0.0000,  1.0000]]], device='cuda:0')
0:01:11.496470 - model tco output tensor([[[-0.7962,  0.4397,  0.4156, -0.0099],
         [-0.5624, -0.7911, -0.2404,  0.0029],
         [ 0.2231, -0.4252,  0.8772,  0.1481],
         [ 0.0000,  0.0000,  0.0000,  1.0000]]], device='cuda:0',
       grad_fn=<CopySlices>)
0:01:11.536676 - Wrote debug data: /home/ubuntu/synthetic_pose_estimation/cosypose/local_data/debug_data/debug_iter=1.pth.tar
0:01:11.750170 - TCO_input tensor([[[ 1.0000,  0.0000,  0.0000, -0.0163],
         [ 0.0000,  1.0000,  0.0000,  0.0049],
         [ 0.0000,  0.0000,  1.0000,  0.2436],
         [ 0.0000,  0.0000,  0.0000,  1.0000]]], device='cuda:0')
0:01:11.751311 - vxvyvz tensor([[ 0.4138, -0.7745,  0.6083]], device='cuda:0',
       grad_fn=<SliceBackward0>)
0:01:11.752373 - dR tensor([[[-0.7962,  0.4397,  0.4156],
         [-0.5624, -0.7911, -0.2404],
         [ 0.2231, -0.4252,  0.8772]]], device='cuda:0',
       grad_fn=<StackBackward0>)
0:01:11.753310 - fxfy tensor([[1472.3650, 1472.3649]], device='cuda:0')
0:01:11.755851 - TCO_gt tensor([[[-0.7893,  0.4511,  0.4165, -0.0100],
         [-0.5688, -0.7927, -0.2192,  0.0062],
         [ 0.2313, -0.4099,  0.8823,  0.1920],
         [ 0.0000,  0.0000,  0.0000,  1.0000]]], device='cuda:0')
0:01:11.756785 - TCO pred_orn tensor([[[-0.7962,  0.4397,  0.4156, -0.0100],
         [-0.5624, -0.7911, -0.2404,  0.0062],
         [ 0.2231, -0.4252,  0.8772,  0.1920],
         [ 0.0000,  0.0000,  0.0000,  1.0000]]], device='cuda:0',
       grad_fn=<CopySlices>)
0:01:11.757759 - TCO pred_xy tensor([[[-0.7893,  0.4511,  0.4165, -0.0128],
         [-0.5688, -0.7927, -0.2192,  0.0038],
         [ 0.2313, -0.4099,  0.8823,  0.1920],
         [ 0.0000,  0.0000,  0.0000,  1.0000]]], device='cuda:0',
       grad_fn=<CopySlices>)
0:01:11.758655 - TCO pred_z tensor([[[-0.7893,  0.4511,  0.4165, -0.0100],
         [-0.5688, -0.7927, -0.2192,  0.0062],
         [ 0.2313, -0.4099,  0.8823,  0.1481],
         [ 0.0000,  0.0000,  0.0000,  1.0000]]], device='cuda:0',
       grad_fn=<CopySlices>)
0:01:11.759290 - loss orn tensor([8.9969e-05], device='cuda:0', grad_fn=<MinBackward0>)
0:01:11.759913 - loss xy tensor([0.0017], device='cuda:0', grad_fn=<MinBackward0>)
0:01:11.760532 - loss z tensor([0.0146], device='cuda:0', grad_fn=<MinBackward0>)
  0%|                                        | 0/1 [00:00<?, ?it/s, loss=0.0164]100%|████████████████████████████████| 1/1 [00:00<00:00,  4.52it/s, loss=0.0164]100%|████████████████████████████████| 1/1 [00:00<00:00,  4.51it/s, loss=0.0164]
0:01:11.498397 - saving /home/ubuntu/synthetic_pose_estimation/cosypose/local_data/experiments/bracket_assembly_debug_nut_nosym_coarse_noaug--938962 116
  0%|                                                     | 0/1 [00:00<?, ?it/s]0:01:11.913292 - iteration 0
0:01:11.956433 - outputs, {'pose': tensor([[-0.9085, -0.6341,  0.2660,  0.5401, -0.2541, -0.3221,  0.4301, -0.7708,
          0.6198]], device='cuda:0', grad_fn=<AddmmBackward0>)}
0:01:11.957978 - model_outputs {'pose': tensor([[-0.9085, -0.6341,  0.2660,  0.5401, -0.2541, -0.3221,  0.4301, -0.7708,
          0.6198]], device='cuda:0', grad_fn=<AddmmBackward0>)}
0:01:11.958730 - K crop tensor([[[1.8824e+03, 0.0000e+00, 2.4507e+02],
         [0.0000e+00, 1.8824e+03, 9.5974e+01],
         [0.0000e+00, 0.0000e+00, 1.0000e+00]]], device='cuda:0')
0:01:11.959560 - TCO_input tensor([[[ 1.0000,  0.0000,  0.0000, -0.0140],
         [ 0.0000,  1.0000,  0.0000,  0.0039],
         [ 0.0000,  0.0000,  1.0000,  0.3088],
         [ 0.0000,  0.0000,  0.0000,  1.0000]]], device='cuda:0')
0:01:11.960440 - model tco output tensor([[[-0.7973,  0.4362,  0.4171, -0.0087],
         [-0.5565, -0.7988, -0.2285,  0.0023],
         [ 0.2335, -0.4143,  0.8797,  0.1914],
         [ 0.0000,  0.0000,  0.0000,  1.0000]]], device='cuda:0',
       grad_fn=<CopySlices>)
0:01:11.998600 - Wrote debug data: /home/ubuntu/synthetic_pose_estimation/cosypose/local_data/debug_data/debug_iter=1.pth.tar
0:01:12.207670 - TCO_input tensor([[[ 1.0000,  0.0000,  0.0000, -0.0140],
         [ 0.0000,  1.0000,  0.0000,  0.0039],
         [ 0.0000,  0.0000,  1.0000,  0.3088],
         [ 0.0000,  0.0000,  0.0000,  1.0000]]], device='cuda:0')
0:01:12.208592 - vxvyvz tensor([[ 0.4301, -0.7708,  0.6198]], device='cuda:0',
       grad_fn=<SliceBackward0>)
0:01:12.209596 - dR tensor([[[-0.7973,  0.4362,  0.4171],
         [-0.5565, -0.7988, -0.2285],
         [ 0.2335, -0.4143,  0.8797]]], device='cuda:0',
       grad_fn=<StackBackward0>)
0:01:12.210442 - fxfy tensor([[1882.3845, 1882.3848]], device='cuda:0')
0:01:12.212963 - TCO_gt tensor([[[-0.7893,  0.4511,  0.4165, -0.0100],
         [-0.5688, -0.7927, -0.2192,  0.0062],
         [ 0.2313, -0.4099,  0.8823,  0.1920],
         [ 0.0000,  0.0000,  0.0000,  1.0000]]], device='cuda:0')
0:01:12.213900 - TCO pred_orn tensor([[[-0.7973,  0.4362,  0.4171, -0.0100],
         [-0.5565, -0.7988, -0.2285,  0.0062],
         [ 0.2335, -0.4143,  0.8797,  0.1920],
         [ 0.0000,  0.0000,  0.0000,  1.0000]]], device='cuda:0',
       grad_fn=<CopySlices>)
0:01:12.214793 - TCO pred_xy tensor([[[-0.7893,  0.4511,  0.4165, -0.0087],
         [-0.5688, -0.7927, -0.2192,  0.0023],
         [ 0.2313, -0.4099,  0.8823,  0.1920],
         [ 0.0000,  0.0000,  0.0000,  1.0000]]], device='cuda:0',
       grad_fn=<CopySlices>)
0:01:12.215731 - TCO pred_z tensor([[[-0.7893,  0.4511,  0.4165, -0.0100],
         [-0.5688, -0.7927, -0.2192,  0.0062],
         [ 0.2313, -0.4099,  0.8823,  0.1914],
         [ 0.0000,  0.0000,  0.0000,  1.0000]]], device='cuda:0',
       grad_fn=<CopySlices>)
0:01:12.218754 - loss orn tensor([7.2166e-05], device='cuda:0', grad_fn=<MinBackward0>)
0:01:12.219367 - loss xy tensor([0.0017], device='cuda:0', grad_fn=<MinBackward0>)
0:01:12.220009 - loss z tensor([0.0002], device='cuda:0', grad_fn=<MinBackward0>)
  0%|                                       | 0/1 [00:00<?, ?it/s, loss=0.00198]100%|███████████████████████████████| 1/1 [00:00<00:00,  4.68it/s, loss=0.00198]100%|███████████████████████████████| 1/1 [00:00<00:00,  4.67it/s, loss=0.00198]
0:01:11.959916 - saving /home/ubuntu/synthetic_pose_estimation/cosypose/local_data/experiments/bracket_assembly_debug_nut_nosym_coarse_noaug--938962 117
  0%|                                                     | 0/1 [00:00<?, ?it/s]0:01:12.374853 - iteration 0
0:01:12.417825 - outputs, {'pose': tensor([[-0.9069, -0.6490,  0.2573,  0.5486, -0.2668, -0.3118,  0.4321, -0.7704,
          0.6195]], device='cuda:0', grad_fn=<AddmmBackward0>)}
0:01:12.419340 - model_outputs {'pose': tensor([[-0.9069, -0.6490,  0.2573,  0.5486, -0.2668, -0.3118,  0.4321, -0.7704,
          0.6195]], device='cuda:0', grad_fn=<AddmmBackward0>)}
0:01:12.420094 - K crop tensor([[[ 1.9352e+03,  0.0000e+00,  2.8658e+02],
         [ 0.0000e+00,  1.9352e+03, -3.7799e+00],
         [ 0.0000e+00,  0.0000e+00,  1.0000e+00]]], device='cuda:0')
0:01:12.420922 - TCO_input tensor([[[ 1.0000,  0.0000,  0.0000, -0.0213],
         [ 0.0000,  1.0000,  0.0000,  0.0206],
         [ 0.0000,  0.0000,  1.0000,  0.3239],
         [ 0.0000,  0.0000,  0.0000,  1.0000]]], device='cuda:0')
0:01:12.421837 - model tco output tensor([[[-0.7924,  0.4575,  0.4035, -0.0131],
         [-0.5670, -0.7963, -0.2108,  0.0127],
         [ 0.2248, -0.3958,  0.8904,  0.2007],
         [ 0.0000,  0.0000,  0.0000,  1.0000]]], device='cuda:0',
       grad_fn=<CopySlices>)
0:01:12.461654 - Wrote debug data: /home/ubuntu/synthetic_pose_estimation/cosypose/local_data/debug_data/debug_iter=1.pth.tar
0:01:12.674971 - TCO_input tensor([[[ 1.0000,  0.0000,  0.0000, -0.0213],
         [ 0.0000,  1.0000,  0.0000,  0.0206],
         [ 0.0000,  0.0000,  1.0000,  0.3239],
         [ 0.0000,  0.0000,  0.0000,  1.0000]]], device='cuda:0')
0:01:12.675899 - vxvyvz tensor([[ 0.4321, -0.7704,  0.6195]], device='cuda:0',
       grad_fn=<SliceBackward0>)
0:01:12.676866 - dR tensor([[[-0.7924,  0.4575,  0.4035],
         [-0.5670, -0.7963, -0.2108],
         [ 0.2248, -0.3958,  0.8904]]], device='cuda:0',
       grad_fn=<StackBackward0>)
0:01:12.677756 - fxfy tensor([[1935.2240, 1935.2241]], device='cuda:0')
0:01:12.680198 - TCO_gt tensor([[[-0.7893,  0.4511,  0.4165, -0.0100],
         [-0.5688, -0.7927, -0.2192,  0.0062],
         [ 0.2313, -0.4099,  0.8823,  0.1920],
         [ 0.0000,  0.0000,  0.0000,  1.0000]]], device='cuda:0')
0:01:12.681119 - TCO pred_orn tensor([[[-0.7924,  0.4575,  0.4035, -0.0100],
         [-0.5670, -0.7963, -0.2108,  0.0062],
         [ 0.2248, -0.3958,  0.8904,  0.1920],
         [ 0.0000,  0.0000,  0.0000,  1.0000]]], device='cuda:0',
       grad_fn=<CopySlices>)
0:01:12.682019 - TCO pred_xy tensor([[[-0.7893,  0.4511,  0.4165, -0.0126],
         [-0.5688, -0.7927, -0.2192,  0.0122],
         [ 0.2313, -0.4099,  0.8823,  0.1920],
         [ 0.0000,  0.0000,  0.0000,  1.0000]]], device='cuda:0',
       grad_fn=<CopySlices>)
0:01:12.682950 - TCO pred_z tensor([[[-0.7893,  0.4511,  0.4165, -0.0100],
         [-0.5688, -0.7927, -0.2192,  0.0062],
         [ 0.2313, -0.4099,  0.8823,  0.2007],
         [ 0.0000,  0.0000,  0.0000,  1.0000]]], device='cuda:0',
       grad_fn=<CopySlices>)
0:01:12.683595 - loss orn tensor([6.5274e-05], device='cuda:0', grad_fn=<MinBackward0>)
0:01:12.684208 - loss xy tensor([0.0028], device='cuda:0', grad_fn=<MinBackward0>)
0:01:12.684820 - loss z tensor([0.0029], device='cuda:0', grad_fn=<MinBackward0>)
  0%|                                       | 0/1 [00:00<?, ?it/s, loss=0.00581]100%|███████████████████████████████| 1/1 [00:00<00:00,  4.60it/s, loss=0.00581]100%|███████████████████████████████| 1/1 [00:00<00:00,  4.59it/s, loss=0.00581]
0:01:12.427569 - saving /home/ubuntu/synthetic_pose_estimation/cosypose/local_data/experiments/bracket_assembly_debug_nut_nosym_coarse_noaug--938962 118
  0%|                                                     | 0/1 [00:00<?, ?it/s]0:01:12.842756 - iteration 0
0:01:12.886898 - outputs, {'pose': tensor([[-0.9112, -0.6545,  0.2668,  0.5459, -0.2662, -0.3133,  0.4448, -0.7794,
          0.6241]], device='cuda:0', grad_fn=<AddmmBackward0>)}
0:01:12.888439 - model_outputs {'pose': tensor([[-0.9112, -0.6545,  0.2668,  0.5459, -0.2662, -0.3133,  0.4448, -0.7794,
          0.6241]], device='cuda:0', grad_fn=<AddmmBackward0>)}
0:01:12.889209 - K crop tensor([[[1.8067e+03, 0.0000e+00, 2.4866e+02],
         [0.0000e+00, 1.8067e+03, 3.8743e+01],
         [0.0000e+00, 0.0000e+00, 1.0000e+00]]], device='cuda:0')
0:01:12.890059 - TCO_input tensor([[[ 1.0000,  0.0000,  0.0000, -0.0148],
         [ 0.0000,  1.0000,  0.0000,  0.0134],
         [ 0.0000,  0.0000,  1.0000,  0.3005],
         [ 0.0000,  0.0000,  0.0000,  1.0000]]], device='cuda:0')
0:01:12.890937 - model tco output tensor([[[-0.7902,  0.4564,  0.4090, -0.0092],
         [-0.5675, -0.7969, -0.2072,  0.0083],
         [ 0.2314, -0.3959,  0.8887,  0.1875],
         [ 0.0000,  0.0000,  0.0000,  1.0000]]], device='cuda:0',
       grad_fn=<CopySlices>)
0:01:12.931108 - Wrote debug data: /home/ubuntu/synthetic_pose_estimation/cosypose/local_data/debug_data/debug_iter=1.pth.tar
0:01:13.141088 - TCO_input tensor([[[ 1.0000,  0.0000,  0.0000, -0.0148],
         [ 0.0000,  1.0000,  0.0000,  0.0134],
         [ 0.0000,  0.0000,  1.0000,  0.3005],
         [ 0.0000,  0.0000,  0.0000,  1.0000]]], device='cuda:0')
0:01:13.142085 - vxvyvz tensor([[ 0.4448, -0.7794,  0.6241]], device='cuda:0',
       grad_fn=<SliceBackward0>)
0:01:13.143099 - dR tensor([[[-0.7902,  0.4564,  0.4090],
         [-0.5675, -0.7969, -0.2072],
         [ 0.2314, -0.3959,  0.8887]]], device='cuda:0',
       grad_fn=<StackBackward0>)
0:01:13.143953 - fxfy tensor([[1806.7258, 1806.7257]], device='cuda:0')
0:01:13.146543 - TCO_gt tensor([[[-0.7893,  0.4511,  0.4165, -0.0100],
         [-0.5688, -0.7927, -0.2192,  0.0062],
         [ 0.2313, -0.4099,  0.8823,  0.1920],
         [ 0.0000,  0.0000,  0.0000,  1.0000]]], device='cuda:0')
0:01:13.147483 - TCO pred_orn tensor([[[-0.7902,  0.4564,  0.4090, -0.0100],
         [-0.5675, -0.7969, -0.2072,  0.0062],
         [ 0.2314, -0.3959,  0.8887,  0.1920],
         [ 0.0000,  0.0000,  0.0000,  1.0000]]], device='cuda:0',
       grad_fn=<CopySlices>)
0:01:13.148381 - TCO pred_xy tensor([[[-0.7893,  0.4511,  0.4165, -0.0094],
         [-0.5688, -0.7927, -0.2192,  0.0085],
         [ 0.2313, -0.4099,  0.8823,  0.1920],
         [ 0.0000,  0.0000,  0.0000,  1.0000]]], device='cuda:0',
       grad_fn=<CopySlices>)
0:01:13.149334 - TCO pred_z tensor([[[-0.7893,  0.4511,  0.4165, -0.0100],
         [-0.5688, -0.7927, -0.2192,  0.0062],
         [ 0.2313, -0.4099,  0.8823,  0.1875],
         [ 0.0000,  0.0000,  0.0000,  1.0000]]], device='cuda:0',
       grad_fn=<CopySlices>)
0:01:13.149977 - loss orn tensor([6.0557e-05], device='cuda:0', grad_fn=<MinBackward0>)
0:01:13.150604 - loss xy tensor([0.0010], device='cuda:0', grad_fn=<MinBackward0>)
0:01:13.151265 - loss z tensor([0.0015], device='cuda:0', grad_fn=<MinBackward0>)
  0%|                                        | 0/1 [00:00<?, ?it/s, loss=0.0025]100%|████████████████████████████████| 1/1 [00:00<00:00,  4.63it/s, loss=0.0025]100%|████████████████████████████████| 1/1 [00:00<00:00,  4.62it/s, loss=0.0025]
0:01:12.920094 - saving /home/ubuntu/synthetic_pose_estimation/cosypose/local_data/experiments/bracket_assembly_debug_nut_nosym_coarse_noaug--938962 119
  0%|                                                     | 0/1 [00:00<?, ?it/s]0:01:13.334991 - iteration 0
0:01:13.378066 - outputs, {'pose': tensor([[-0.9011, -0.6514,  0.2668,  0.5432, -0.2677, -0.3293,  0.4558, -0.7860,
          0.6266]], device='cuda:0', grad_fn=<AddmmBackward0>)}
0:01:13.379576 - model_outputs {'pose': tensor([[-0.9011, -0.6514,  0.2668,  0.5432, -0.2677, -0.3293,  0.4558, -0.7860,
          0.6266]], device='cuda:0', grad_fn=<AddmmBackward0>)}
0:01:13.380336 - K crop tensor([[[1.8066e+03, 0.0000e+00, 2.6147e+02],
         [0.0000e+00, 1.8066e+03, 6.2581e+01],
         [0.0000e+00, 0.0000e+00, 1.0000e+00]]], device='cuda:0')
0:01:13.381184 - TCO_input tensor([[[ 1.0000,  0.0000,  0.0000, -0.0169],
         [ 0.0000,  1.0000,  0.0000,  0.0094],
         [ 0.0000,  0.0000,  1.0000,  0.2989],
         [ 0.0000,  0.0000,  0.0000,  1.0000]]], device='cuda:0')
0:01:13.382091 - model tco output tensor([[[-0.7880,  0.4481,  0.4221, -0.0105],
         [-0.5697, -0.7907, -0.2241,  0.0058],
         [ 0.2333, -0.4171,  0.8784,  0.1873],
         [ 0.0000,  0.0000,  0.0000,  1.0000]]], device='cuda:0',
       grad_fn=<CopySlices>)
0:01:13.419783 - Wrote debug data: /home/ubuntu/synthetic_pose_estimation/cosypose/local_data/debug_data/debug_iter=1.pth.tar
0:01:13.630291 - TCO_input tensor([[[ 1.0000,  0.0000,  0.0000, -0.0169],
         [ 0.0000,  1.0000,  0.0000,  0.0094],
         [ 0.0000,  0.0000,  1.0000,  0.2989],
         [ 0.0000,  0.0000,  0.0000,  1.0000]]], device='cuda:0')
0:01:13.631272 - vxvyvz tensor([[ 0.4558, -0.7860,  0.6266]], device='cuda:0',
       grad_fn=<SliceBackward0>)
0:01:13.632242 - dR tensor([[[-0.7880,  0.4481,  0.4221],
         [-0.5697, -0.7907, -0.2241],
         [ 0.2333, -0.4171,  0.8784]]], device='cuda:0',
       grad_fn=<StackBackward0>)
0:01:13.633135 - fxfy tensor([[1806.5515, 1806.5519]], device='cuda:0')
0:01:13.635621 - TCO_gt tensor([[[-0.7893,  0.4511,  0.4165, -0.0100],
         [-0.5688, -0.7927, -0.2192,  0.0062],
         [ 0.2313, -0.4099,  0.8823,  0.1920],
         [ 0.0000,  0.0000,  0.0000,  1.0000]]], device='cuda:0')
0:01:13.636531 - TCO pred_orn tensor([[[-0.7880,  0.4481,  0.4221, -0.0100],
         [-0.5697, -0.7907, -0.2241,  0.0062],
         [ 0.2333, -0.4171,  0.8784,  0.1920],
         [ 0.0000,  0.0000,  0.0000,  1.0000]]], device='cuda:0',
       grad_fn=<CopySlices>)
0:01:13.637476 - TCO pred_xy tensor([[[-0.7893,  0.4511,  0.4165, -0.0108],
         [-0.5688, -0.7927, -0.2192,  0.0060],
         [ 0.2313, -0.4099,  0.8823,  0.1920],
         [ 0.0000,  0.0000,  0.0000,  1.0000]]], device='cuda:0',
       grad_fn=<CopySlices>)
0:01:13.638392 - TCO pred_z tensor([[[-0.7893,  0.4511,  0.4165, -0.0100],
         [-0.5688, -0.7927, -0.2192,  0.0062],
         [ 0.2313, -0.4099,  0.8823,  0.1873],
         [ 0.0000,  0.0000,  0.0000,  1.0000]]], device='cuda:0',
       grad_fn=<CopySlices>)
0:01:13.639018 - loss orn tensor([3.2331e-05], device='cuda:0', grad_fn=<MinBackward0>)
0:01:13.639628 - loss xy tensor([0.0003], device='cuda:0', grad_fn=<MinBackward0>)
0:01:13.640236 - loss z tensor([0.0016], device='cuda:0', grad_fn=<MinBackward0>)
  0%|                                       | 0/1 [00:00<?, ?it/s, loss=0.00192]100%|███████████████████████████████| 1/1 [00:00<00:00,  4.68it/s, loss=0.00192]100%|███████████████████████████████| 1/1 [00:00<00:00,  4.67it/s, loss=0.00192]
  0%|                                                     | 0/1 [00:00<?, ?it/s]0:01:13.548509 - iteration 0
0:01:13.584527 - outputs, {'pose': tensor([[-0.0009,  0.0079, -0.0131,  0.0360,  0.0007, -0.0312,  0.0080, -0.0158,
          0.0192]], device='cuda:0')}
0:01:13.585967 - model_outputs {'pose': tensor([[-0.0009,  0.0079, -0.0131,  0.0360,  0.0007, -0.0312,  0.0080, -0.0158,
          0.0192]], device='cuda:0')}
0:01:13.586713 - K crop tensor([[[2.0013e+03, 0.0000e+00, 2.0329e+02],
         [0.0000e+00, 2.0013e+03, 6.1568e+01],
         [0.0000e+00, 0.0000e+00, 1.0000e+00]]], device='cuda:0')
0:01:13.587541 - TCO_input tensor([[[ 1.0000,  0.0000,  0.0000, -0.0072],
         [ 0.0000,  1.0000,  0.0000,  0.0096],
         [ 0.0000,  0.0000,  1.0000,  0.3302],
         [ 0.0000,  0.0000,  0.0000,  1.0000]]], device='cuda:0')
0:01:13.588396 - model tco output tensor([[[-5.8586e-02,  9.2357e-01, -3.7893e-01, -1.3833e-04],
         [ 5.1275e-01, -2.9785e-01, -8.0522e-01,  1.8300e-04],
         [-8.5654e-01, -2.4147e-01, -4.5610e-01,  6.3236e-03],
         [ 0.0000e+00,  0.0000e+00,  0.0000e+00,  1.0000e+00]]],
       device='cuda:0')
0:01:13.625151 - Wrote debug data: /home/ubuntu/synthetic_pose_estimation/cosypose/local_data/debug_data/debug_iter=1.pth.tar
0:01:13.837426 - TCO_input tensor([[[ 1.0000,  0.0000,  0.0000, -0.0072],
         [ 0.0000,  1.0000,  0.0000,  0.0096],
         [ 0.0000,  0.0000,  1.0000,  0.3302],
         [ 0.0000,  0.0000,  0.0000,  1.0000]]], device='cuda:0')
0:01:13.838342 - vxvyvz tensor([[ 0.0080, -0.0158,  0.0192]], device='cuda:0')
0:01:13.839344 - dR tensor([[[-0.0586,  0.9236, -0.3789],
         [ 0.5127, -0.2979, -0.8052],
         [-0.8565, -0.2415, -0.4561]]], device='cuda:0')
0:01:13.840210 - fxfy tensor([[2001.2939, 2001.2939]], device='cuda:0')
0:01:13.842508 - TCO_gt tensor([[[-0.7893,  0.4511,  0.4165, -0.0100],
         [-0.5688, -0.7927, -0.2192,  0.0062],
         [ 0.2313, -0.4099,  0.8823,  0.1920],
         [ 0.0000,  0.0000,  0.0000,  1.0000]]], device='cuda:0')
0:01:13.843419 - TCO pred_orn tensor([[[-0.0586,  0.9236, -0.3789, -0.0100],
         [ 0.5127, -0.2979, -0.8052,  0.0062],
         [-0.8565, -0.2415, -0.4561,  0.1920],
         [ 0.0000,  0.0000,  0.0000,  1.0000]]], device='cuda:0')
0:01:13.844324 - TCO pred_xy tensor([[[-0.7893,  0.4511,  0.4165, -0.0042],
         [-0.5688, -0.7927, -0.2192,  0.0056],
         [ 0.2313, -0.4099,  0.8823,  0.1920],
         [ 0.0000,  0.0000,  0.0000,  1.0000]]], device='cuda:0')
0:01:13.845262 - TCO pred_z tensor([[[-0.7893,  0.4511,  0.4165, -0.0100],
         [-0.5688, -0.7927, -0.2192,  0.0062],
         [ 0.2313, -0.4099,  0.8823,  0.0063],
         [ 0.0000,  0.0000,  0.0000,  1.0000]]], device='cuda:0')
0:01:13.845905 - loss orn tensor([0.0070], device='cuda:0')
0:01:13.846539 - loss xy tensor([0.0021], device='cuda:0')
0:01:13.847174 - loss z tensor([0.0619], device='cuda:0')
100%|█████████████████████████████████████████████| 1/1 [00:00<00:00,  8.52it/s]100%|█████████████████████████████████████████████| 1/1 [00:00<00:00,  8.49it/s]
0:01:13.515359 - saving /home/ubuntu/synthetic_pose_estimation/cosypose/local_data/experiments/bracket_assembly_debug_nut_nosym_coarse_noaug--938962 120
  0%|                                                     | 0/1 [00:00<?, ?it/s]0:01:13.930144 - iteration 0
0:01:13.975573 - outputs, {'pose': tensor([[-0.9053, -0.6579,  0.2613,  0.5386, -0.2716, -0.3243,  0.4604, -0.7789,
          0.6285]], device='cuda:0', grad_fn=<AddmmBackward0>)}
0:01:13.977087 - model_outputs {'pose': tensor([[-0.9053, -0.6579,  0.2613,  0.5386, -0.2716, -0.3243,  0.4604, -0.7789,
          0.6285]], device='cuda:0', grad_fn=<AddmmBackward0>)}
0:01:13.977874 - K crop tensor([[[1.7320e+03, 0.0000e+00, 3.1134e+02],
         [0.0000e+00, 1.7320e+03, 6.1237e+01],
         [0.0000e+00, 0.0000e+00, 1.0000e+00]]], device='cuda:0')
0:01:13.978719 - TCO_input tensor([[[ 1.0000,  0.0000,  0.0000, -0.0252],
         [ 0.0000,  1.0000,  0.0000,  0.0097],
         [ 0.0000,  0.0000,  1.0000,  0.2871],
         [ 0.0000,  0.0000,  0.0000,  1.0000]]], device='cuda:0')
0:01:13.980169 - model tco output tensor([[[-0.7877,  0.4532,  0.4172, -0.0158],
         [-0.5725, -0.7886, -0.2243,  0.0060],
         [ 0.2274, -0.4155,  0.8807,  0.1804],
         [ 0.0000,  0.0000,  0.0000,  1.0000]]], device='cuda:0',
       grad_fn=<CopySlices>)
0:01:14.017969 - Wrote debug data: /home/ubuntu/synthetic_pose_estimation/cosypose/local_data/debug_data/debug_iter=1.pth.tar
0:01:14.229250 - TCO_input tensor([[[ 1.0000,  0.0000,  0.0000, -0.0252],
         [ 0.0000,  1.0000,  0.0000,  0.0097],
         [ 0.0000,  0.0000,  1.0000,  0.2871],
         [ 0.0000,  0.0000,  0.0000,  1.0000]]], device='cuda:0')
0:01:14.230305 - vxvyvz tensor([[ 0.4604, -0.7789,  0.6285]], device='cuda:0',
       grad_fn=<SliceBackward0>)
0:01:14.231318 - dR tensor([[[-0.7877,  0.4532,  0.4172],
         [-0.5725, -0.7886, -0.2243],
         [ 0.2274, -0.4155,  0.8807]]], device='cuda:0',
       grad_fn=<StackBackward0>)
0:01:14.232193 - fxfy tensor([[1732.0137, 1732.0140]], device='cuda:0')
0:01:14.234669 - TCO_gt tensor([[[-0.7893,  0.4511,  0.4165, -0.0100],
         [-0.5688, -0.7927, -0.2192,  0.0062],
         [ 0.2313, -0.4099,  0.8823,  0.1920],
         [ 0.0000,  0.0000,  0.0000,  1.0000]]], device='cuda:0')
0:01:14.235581 - TCO pred_orn tensor([[[-0.7877,  0.4532,  0.4172, -0.0100],
         [-0.5725, -0.7886, -0.2243,  0.0062],
         [ 0.2274, -0.4155,  0.8807,  0.1920],
         [ 0.0000,  0.0000,  0.0000,  1.0000]]], device='cuda:0',
       grad_fn=<CopySlices>)
0:01:14.236484 - TCO pred_xy tensor([[[-0.7893,  0.4511,  0.4165, -0.0168],
         [-0.5688, -0.7927, -0.2192,  0.0064],
         [ 0.2313, -0.4099,  0.8823,  0.1920],
         [ 0.0000,  0.0000,  0.0000,  1.0000]]], device='cuda:0',
       grad_fn=<CopySlices>)
0:01:14.237421 - TCO pred_z tensor([[[-0.7893,  0.4511,  0.4165, -0.0100],
         [-0.5688, -0.7927, -0.2192,  0.0062],
         [ 0.2313, -0.4099,  0.8823,  0.1804],
         [ 0.0000,  0.0000,  0.0000,  1.0000]]], device='cuda:0',
       grad_fn=<CopySlices>)
0:01:14.238069 - loss orn tensor([3.0649e-05], device='cuda:0', grad_fn=<MinBackward0>)
0:01:14.238700 - loss xy tensor([0.0023], device='cuda:0', grad_fn=<MinBackward0>)
0:01:14.239331 - loss z tensor([0.0039], device='cuda:0', grad_fn=<MinBackward0>)
  0%|                                       | 0/1 [00:00<?, ?it/s, loss=0.00621]100%|███████████████████████████████| 1/1 [00:00<00:00,  4.65it/s, loss=0.00621]100%|███████████████████████████████| 1/1 [00:00<00:00,  4.64it/s, loss=0.00621]
0:01:13.999141 - saving /home/ubuntu/synthetic_pose_estimation/cosypose/local_data/experiments/bracket_assembly_debug_nut_nosym_coarse_noaug--938962 121
  0%|                                                     | 0/1 [00:00<?, ?it/s]0:01:14.414299 - iteration 0
0:01:14.463274 - outputs, {'pose': tensor([[-0.8980, -0.6548,  0.2734,  0.5426, -0.2758, -0.3160,  0.4614, -0.7864,
          0.6404]], device='cuda:0', grad_fn=<AddmmBackward0>)}
0:01:14.465451 - model_outputs {'pose': tensor([[-0.8980, -0.6548,  0.2734,  0.5426, -0.2758, -0.3160,  0.4614, -0.7864,
          0.6404]], device='cuda:0', grad_fn=<AddmmBackward0>)}
0:01:14.466265 - K crop tensor([[[1.8517e+03, 0.0000e+00, 2.8026e+02],
         [0.0000e+00, 1.8517e+03, 6.2532e+01],
         [0.0000e+00, 0.0000e+00, 1.0000e+00]]], device='cuda:0')
0:01:14.467124 - TCO_input tensor([[[ 1.0000,  0.0000,  0.0000, -0.0200],
         [ 0.0000,  1.0000,  0.0000,  0.0094],
         [ 0.0000,  0.0000,  1.0000,  0.3061],
         [ 0.0000,  0.0000,  0.0000,  1.0000]]], device='cuda:0')
0:01:14.468029 - model tco output tensor([[[-0.7846,  0.4601,  0.4156, -0.0127],
         [-0.5721, -0.7956, -0.1994,  0.0059],
         [ 0.2389, -0.3942,  0.8874,  0.1960],
         [ 0.0000,  0.0000,  0.0000,  1.0000]]], device='cuda:0',
       grad_fn=<CopySlices>)
0:01:14.506136 - Wrote debug data: /home/ubuntu/synthetic_pose_estimation/cosypose/local_data/debug_data/debug_iter=1.pth.tar
0:01:14.718971 - TCO_input tensor([[[ 1.0000,  0.0000,  0.0000, -0.0200],
         [ 0.0000,  1.0000,  0.0000,  0.0094],
         [ 0.0000,  0.0000,  1.0000,  0.3061],
         [ 0.0000,  0.0000,  0.0000,  1.0000]]], device='cuda:0')
0:01:14.719919 - vxvyvz tensor([[ 0.4614, -0.7864,  0.6404]], device='cuda:0',
       grad_fn=<SliceBackward0>)
0:01:14.720918 - dR tensor([[[-0.7846,  0.4601,  0.4156],
         [-0.5721, -0.7956, -0.1994],
         [ 0.2389, -0.3942,  0.8874]]], device='cuda:0',
       grad_fn=<StackBackward0>)
0:01:14.721802 - fxfy tensor([[1851.6708, 1851.6705]], device='cuda:0')
0:01:14.724238 - TCO_gt tensor([[[-0.7893,  0.4511,  0.4165, -0.0100],
         [-0.5688, -0.7927, -0.2192,  0.0062],
         [ 0.2313, -0.4099,  0.8823,  0.1920],
         [ 0.0000,  0.0000,  0.0000,  1.0000]]], device='cuda:0')
0:01:14.725166 - TCO pred_orn tensor([[[-0.7846,  0.4601,  0.4156, -0.0100],
         [-0.5721, -0.7956, -0.1994,  0.0062],
         [ 0.2389, -0.3942,  0.8874,  0.1920],
         [ 0.0000,  0.0000,  0.0000,  1.0000]]], device='cuda:0',
       grad_fn=<CopySlices>)
0:01:14.726105 - TCO pred_xy tensor([[[-0.7893,  0.4511,  0.4165, -0.0125],
         [-0.5688, -0.7927, -0.2192,  0.0058],
         [ 0.2313, -0.4099,  0.8823,  0.1920],
         [ 0.0000,  0.0000,  0.0000,  1.0000]]], device='cuda:0',
       grad_fn=<CopySlices>)
0:01:14.727017 - TCO pred_z tensor([[[-0.7893,  0.4511,  0.4165, -0.0100],
         [-0.5688, -0.7927, -0.2192,  0.0062],
         [ 0.2313, -0.4099,  0.8823,  0.1960],
         [ 0.0000,  0.0000,  0.0000,  1.0000]]], device='cuda:0',
       grad_fn=<CopySlices>)
0:01:14.727660 - loss orn tensor([8.2997e-05], device='cuda:0', grad_fn=<MinBackward0>)
0:01:14.728293 - loss xy tensor([0.0009], device='cuda:0', grad_fn=<MinBackward0>)
0:01:14.728933 - loss z tensor([0.0014], device='cuda:0', grad_fn=<MinBackward0>)
  0%|                                       | 0/1 [00:00<?, ?it/s, loss=0.00238]100%|███████████████████████████████| 1/1 [00:00<00:00,  4.50it/s, loss=0.00238]100%|███████████████████████████████| 1/1 [00:00<00:00,  4.49it/s, loss=0.00238]
0:01:14.492294 - saving /home/ubuntu/synthetic_pose_estimation/cosypose/local_data/experiments/bracket_assembly_debug_nut_nosym_coarse_noaug--938962 122
  0%|                                                     | 0/1 [00:00<?, ?it/s]0:01:14.907714 - iteration 0
0:01:14.952446 - outputs, {'pose': tensor([[-0.9082, -0.6525,  0.2755,  0.5421, -0.2814, -0.3196,  0.4727, -0.7840,
          0.6458]], device='cuda:0', grad_fn=<AddmmBackward0>)}
0:01:14.954116 - model_outputs {'pose': tensor([[-0.9082, -0.6525,  0.2755,  0.5421, -0.2814, -0.3196,  0.4727, -0.7840,
          0.6458]], device='cuda:0', grad_fn=<AddmmBackward0>)}
0:01:14.954901 - K crop tensor([[[1.9290e+03, 0.0000e+00, 2.5567e+02],
         [0.0000e+00, 1.9290e+03, 7.4353e+01],
         [0.0000e+00, 0.0000e+00, 1.0000e+00]]], device='cuda:0')
0:01:14.956507 - TCO_input tensor([[[ 1.0000,  0.0000,  0.0000, -0.0158],
         [ 0.0000,  1.0000,  0.0000,  0.0074],
         [ 0.0000,  0.0000,  1.0000,  0.3177],
         [ 0.0000,  0.0000,  0.0000,  1.0000]]], device='cuda:0')
0:01:14.957417 - model tco output tensor([[[-0.7886,  0.4529,  0.4160, -0.0102],
         [-0.5665, -0.7982, -0.2049,  0.0047],
         [ 0.2392, -0.3972,  0.8860,  0.2052],
         [ 0.0000,  0.0000,  0.0000,  1.0000]]], device='cuda:0',
       grad_fn=<CopySlices>)
0:01:14.997630 - Wrote debug data: /home/ubuntu/synthetic_pose_estimation/cosypose/local_data/debug_data/debug_iter=1.pth.tar
0:01:15.210656 - TCO_input tensor([[[ 1.0000,  0.0000,  0.0000, -0.0158],
         [ 0.0000,  1.0000,  0.0000,  0.0074],
         [ 0.0000,  0.0000,  1.0000,  0.3177],
         [ 0.0000,  0.0000,  0.0000,  1.0000]]], device='cuda:0')
0:01:15.211836 - vxvyvz tensor([[ 0.4727, -0.7840,  0.6458]], device='cuda:0',
       grad_fn=<SliceBackward0>)
0:01:15.212911 - dR tensor([[[-0.7886,  0.4529,  0.4160],
         [-0.5665, -0.7982, -0.2049],
         [ 0.2392, -0.3972,  0.8860]]], device='cuda:0',
       grad_fn=<StackBackward0>)
0:01:15.213933 - fxfy tensor([[1929.0082, 1929.0082]], device='cuda:0')
0:01:15.216499 - TCO_gt tensor([[[-0.7893,  0.4511,  0.4165, -0.0100],
         [-0.5688, -0.7927, -0.2192,  0.0062],
         [ 0.2313, -0.4099,  0.8823,  0.1920],
         [ 0.0000,  0.0000,  0.0000,  1.0000]]], device='cuda:0')
0:01:15.217510 - TCO pred_orn tensor([[[-0.7886,  0.4529,  0.4160, -0.0100],
         [-0.5665, -0.7982, -0.2049,  0.0062],
         [ 0.2392, -0.3972,  0.8860,  0.1920],
         [ 0.0000,  0.0000,  0.0000,  1.0000]]], device='cuda:0',
       grad_fn=<CopySlices>)
0:01:15.218481 - TCO pred_xy tensor([[[-0.7893,  0.4511,  0.4165, -0.0095],
         [-0.5688, -0.7927, -0.2192,  0.0044],
         [ 0.2313, -0.4099,  0.8823,  0.1920],
         [ 0.0000,  0.0000,  0.0000,  1.0000]]], device='cuda:0',
       grad_fn=<CopySlices>)
0:01:15.219467 - TCO pred_z tensor([[[-0.7893,  0.4511,  0.4165, -0.0100],
         [-0.5688, -0.7927, -0.2192,  0.0062],
         [ 0.2313, -0.4099,  0.8823,  0.2052],
         [ 0.0000,  0.0000,  0.0000,  1.0000]]], device='cuda:0',
       grad_fn=<CopySlices>)
0:01:15.220161 - loss orn tensor([5.4304e-05], device='cuda:0', grad_fn=<MinBackward0>)
0:01:15.220883 - loss xy tensor([0.0007], device='cuda:0', grad_fn=<MinBackward0>)
0:01:15.221589 - loss z tensor([0.0044], device='cuda:0', grad_fn=<MinBackward0>)
  0%|                                       | 0/1 [00:00<?, ?it/s, loss=0.00522]100%|███████████████████████████████| 1/1 [00:00<00:00,  4.50it/s, loss=0.00522]100%|███████████████████████████████| 1/1 [00:00<00:00,  4.49it/s, loss=0.00522]
0:01:14.986453 - saving /home/ubuntu/synthetic_pose_estimation/cosypose/local_data/experiments/bracket_assembly_debug_nut_nosym_coarse_noaug--938962 123
  0%|                                                     | 0/1 [00:00<?, ?it/s]0:01:15.401598 - iteration 0
0:01:15.445617 - outputs, {'pose': tensor([[-0.9044, -0.6516,  0.2635,  0.5372, -0.2723, -0.3236,  0.4795, -0.7865,
          0.6412]], device='cuda:0', grad_fn=<AddmmBackward0>)}
0:01:15.447277 - model_outputs {'pose': tensor([[-0.9044, -0.6516,  0.2635,  0.5372, -0.2723, -0.3236,  0.4795, -0.7865,
          0.6412]], device='cuda:0', grad_fn=<AddmmBackward0>)}
0:01:15.448098 - K crop tensor([[[2.0612e+03, 0.0000e+00, 2.7108e+02],
         [0.0000e+00, 2.0612e+03, 7.7786e+01],
         [0.0000e+00, 0.0000e+00, 1.0000e+00]]], device='cuda:0')
0:01:15.448965 - TCO_input tensor([[[ 1.0000,  0.0000,  0.0000, -0.0183],
         [ 0.0000,  1.0000,  0.0000,  0.0069],
         [ 0.0000,  0.0000,  1.0000,  0.3387],
         [ 0.0000,  0.0000,  0.0000,  1.0000]]], device='cuda:0')
0:01:15.450551 - model tco output tensor([[[-0.7896,  0.4498,  0.4175, -0.0117],
         [-0.5689, -0.7916, -0.2231,  0.0043],
         [ 0.2301, -0.4137,  0.8809,  0.2172],
         [ 0.0000,  0.0000,  0.0000,  1.0000]]], device='cuda:0',
       grad_fn=<CopySlices>)
0:01:15.487924 - Wrote debug data: /home/ubuntu/synthetic_pose_estimation/cosypose/local_data/debug_data/debug_iter=1.pth.tar
0:01:15.701515 - TCO_input tensor([[[ 1.0000,  0.0000,  0.0000, -0.0183],
         [ 0.0000,  1.0000,  0.0000,  0.0069],
         [ 0.0000,  0.0000,  1.0000,  0.3387],
         [ 0.0000,  0.0000,  0.0000,  1.0000]]], device='cuda:0')
0:01:15.702489 - vxvyvz tensor([[ 0.4795, -0.7865,  0.6412]], device='cuda:0',
       grad_fn=<SliceBackward0>)
0:01:15.703495 - dR tensor([[[-0.7896,  0.4498,  0.4175],
         [-0.5689, -0.7916, -0.2231],
         [ 0.2301, -0.4137,  0.8809]]], device='cuda:0',
       grad_fn=<StackBackward0>)
0:01:15.704356 - fxfy tensor([[2061.2026, 2061.2031]], device='cuda:0')
0:01:15.706872 - TCO_gt tensor([[[-0.7893,  0.4511,  0.4165, -0.0100],
         [-0.5688, -0.7927, -0.2192,  0.0062],
         [ 0.2313, -0.4099,  0.8823,  0.1920],
         [ 0.0000,  0.0000,  0.0000,  1.0000]]], device='cuda:0')
0:01:15.707791 - TCO pred_orn tensor([[[-0.7896,  0.4498,  0.4175, -0.0100],
         [-0.5689, -0.7916, -0.2231,  0.0062],
         [ 0.2301, -0.4137,  0.8809,  0.1920],
         [ 0.0000,  0.0000,  0.0000,  1.0000]]], device='cuda:0',
       grad_fn=<CopySlices>)
0:01:15.708694 - TCO pred_xy tensor([[[-0.7893,  0.4511,  0.4165, -0.0103],
         [-0.5688, -0.7927, -0.2192,  0.0038],
         [ 0.2313, -0.4099,  0.8823,  0.1920],
         [ 0.0000,  0.0000,  0.0000,  1.0000]]], device='cuda:0',
       grad_fn=<CopySlices>)
0:01:15.709640 - TCO pred_z tensor([[[-0.7893,  0.4511,  0.4165, -0.0100],
         [-0.5688, -0.7927, -0.2192,  0.0062],
         [ 0.2313, -0.4099,  0.8823,  0.2172],
         [ 0.0000,  0.0000,  0.0000,  1.0000]]], device='cuda:0',
       grad_fn=<CopySlices>)
0:01:15.710282 - loss orn tensor([1.6625e-05], device='cuda:0', grad_fn=<MinBackward0>)
0:01:15.710912 - loss xy tensor([0.0009], device='cuda:0', grad_fn=<MinBackward0>)
0:01:15.711540 - loss z tensor([0.0084], device='cuda:0', grad_fn=<MinBackward0>)
  0%|                                       | 0/1 [00:00<?, ?it/s, loss=0.00933]100%|███████████████████████████████| 1/1 [00:00<00:00,  4.61it/s, loss=0.00933]100%|███████████████████████████████| 1/1 [00:00<00:00,  4.60it/s, loss=0.00933]
0:01:15.462188 - saving /home/ubuntu/synthetic_pose_estimation/cosypose/local_data/experiments/bracket_assembly_debug_nut_nosym_coarse_noaug--938962 124
  0%|                                                     | 0/1 [00:00<?, ?it/s]0:01:15.877240 - iteration 0
0:01:15.924070 - outputs, {'pose': tensor([[-0.9145, -0.6453,  0.2653,  0.5321, -0.2772, -0.3313,  0.4912, -0.7828,
          0.6410]], device='cuda:0', grad_fn=<AddmmBackward0>)}
0:01:15.925896 - model_outputs {'pose': tensor([[-0.9145, -0.6453,  0.2653,  0.5321, -0.2772, -0.3313,  0.4912, -0.7828,
          0.6410]], device='cuda:0', grad_fn=<AddmmBackward0>)}
0:01:15.926710 - K crop tensor([[[1.6849e+03, 0.0000e+00, 2.7636e+02],
         [0.0000e+00, 1.6849e+03, 9.5705e+01],
         [0.0000e+00, 0.0000e+00, 1.0000e+00]]], device='cuda:0')
0:01:15.927584 - TCO_input tensor([[[ 1.0000,  0.0000,  0.0000, -0.0192],
         [ 0.0000,  1.0000,  0.0000,  0.0039],
         [ 0.0000,  0.0000,  1.0000,  0.2772],
         [ 0.0000,  0.0000,  0.0000,  1.0000]]], device='cuda:0')
0:01:15.928499 - model tco output tensor([[[-0.7950,  0.4363,  0.4214, -0.0123],
         [-0.5610, -0.7931, -0.2373,  0.0024],
         [ 0.2306, -0.4251,  0.8753,  0.1777],
         [ 0.0000,  0.0000,  0.0000,  1.0000]]], device='cuda:0',
       grad_fn=<CopySlices>)
0:01:15.968255 - Wrote debug data: /home/ubuntu/synthetic_pose_estimation/cosypose/local_data/debug_data/debug_iter=1.pth.tar
0:01:16.178733 - TCO_input tensor([[[ 1.0000,  0.0000,  0.0000, -0.0192],
         [ 0.0000,  1.0000,  0.0000,  0.0039],
         [ 0.0000,  0.0000,  1.0000,  0.2772],
         [ 0.0000,  0.0000,  0.0000,  1.0000]]], device='cuda:0')
0:01:16.179878 - vxvyvz tensor([[ 0.4912, -0.7828,  0.6410]], device='cuda:0',
       grad_fn=<SliceBackward0>)
0:01:16.180966 - dR tensor([[[-0.7950,  0.4363,  0.4214],
         [-0.5610, -0.7931, -0.2373],
         [ 0.2306, -0.4251,  0.8753]]], device='cuda:0',
       grad_fn=<StackBackward0>)
0:01:16.181890 - fxfy tensor([[1684.9417, 1684.9417]], device='cuda:0')
0:01:16.184401 - TCO_gt tensor([[[-0.7893,  0.4511,  0.4165, -0.0100],
         [-0.5688, -0.7927, -0.2192,  0.0062],
         [ 0.2313, -0.4099,  0.8823,  0.1920],
         [ 0.0000,  0.0000,  0.0000,  1.0000]]], device='cuda:0')
0:01:16.185360 - TCO pred_orn tensor([[[-0.7950,  0.4363,  0.4214, -0.0100],
         [-0.5610, -0.7931, -0.2373,  0.0062],
         [ 0.2306, -0.4251,  0.8753,  0.1920],
         [ 0.0000,  0.0000,  0.0000,  1.0000]]], device='cuda:0',
       grad_fn=<CopySlices>)
0:01:16.186263 - TCO pred_xy tensor([[[-0.7893,  0.4511,  0.4165, -0.0133],
         [-0.5688, -0.7927, -0.2192,  0.0026],
         [ 0.2313, -0.4099,  0.8823,  0.1920],
         [ 0.0000,  0.0000,  0.0000,  1.0000]]], device='cuda:0',
       grad_fn=<CopySlices>)
0:01:16.187158 - TCO pred_z tensor([[[-0.7893,  0.4511,  0.4165, -0.0100],
         [-0.5688, -0.7927, -0.2192,  0.0062],
         [ 0.2313, -0.4099,  0.8823,  0.1777],
         [ 0.0000,  0.0000,  0.0000,  1.0000]]], device='cuda:0',
       grad_fn=<CopySlices>)
0:01:16.187792 - loss orn tensor([9.0261e-05], device='cuda:0', grad_fn=<MinBackward0>)
0:01:16.188408 - loss xy tensor([0.0023], device='cuda:0', grad_fn=<MinBackward0>)
0:01:16.189042 - loss z tensor([0.0048], device='cuda:0', grad_fn=<MinBackward0>)
  0%|                                       | 0/1 [00:00<?, ?it/s, loss=0.00711]100%|███████████████████████████████| 1/1 [00:00<00:00,  4.53it/s, loss=0.00711]100%|███████████████████████████████| 1/1 [00:00<00:00,  4.52it/s, loss=0.00711]
0:01:15.940823 - saving /home/ubuntu/synthetic_pose_estimation/cosypose/local_data/experiments/bracket_assembly_debug_nut_nosym_coarse_noaug--938962 125
  0%|                                                     | 0/1 [00:00<?, ?it/s]0:01:16.356023 - iteration 0
0:01:16.400648 - outputs, {'pose': tensor([[-0.9089, -0.6469,  0.2629,  0.5375, -0.2778, -0.3238,  0.5001, -0.7709,
          0.6428]], device='cuda:0', grad_fn=<AddmmBackward0>)}
0:01:16.402386 - model_outputs {'pose': tensor([[-0.9089, -0.6469,  0.2629,  0.5375, -0.2778, -0.3238,  0.5001, -0.7709,
          0.6428]], device='cuda:0', grad_fn=<AddmmBackward0>)}
0:01:16.403209 - K crop tensor([[[1.7936e+03, 0.0000e+00, 2.5646e+02],
         [0.0000e+00, 1.7936e+03, 4.6054e+01],
         [0.0000e+00, 0.0000e+00, 1.0000e+00]]], device='cuda:0')
0:01:16.404085 - TCO_input tensor([[[ 1.0000,  0.0000,  0.0000, -0.0161],
         [ 0.0000,  1.0000,  0.0000,  0.0122],
         [ 0.0000,  0.0000,  1.0000,  0.2979],
         [ 0.0000,  0.0000,  0.0000,  1.0000]]], device='cuda:0')
0:01:16.405729 - model tco output tensor([[[-0.7930,  0.4461,  0.4150, -0.0103],
         [-0.5644, -0.7943, -0.2247,  0.0078],
         [ 0.2294, -0.4124,  0.8817,  0.1915],
         [ 0.0000,  0.0000,  0.0000,  1.0000]]], device='cuda:0',
       grad_fn=<CopySlices>)
0:01:16.443813 - Wrote debug data: /home/ubuntu/synthetic_pose_estimation/cosypose/local_data/debug_data/debug_iter=1.pth.tar
0:01:16.654132 - TCO_input tensor([[[ 1.0000,  0.0000,  0.0000, -0.0161],
         [ 0.0000,  1.0000,  0.0000,  0.0122],
         [ 0.0000,  0.0000,  1.0000,  0.2979],
         [ 0.0000,  0.0000,  0.0000,  1.0000]]], device='cuda:0')
0:01:16.655247 - vxvyvz tensor([[ 0.5001, -0.7709,  0.6428]], device='cuda:0',
       grad_fn=<SliceBackward0>)
0:01:16.656296 - dR tensor([[[-0.7930,  0.4461,  0.4150],
         [-0.5644, -0.7943, -0.2247],
         [ 0.2294, -0.4124,  0.8817]]], device='cuda:0',
       grad_fn=<StackBackward0>)
0:01:16.657217 - fxfy tensor([[1793.5886, 1793.5886]], device='cuda:0')
0:01:16.659760 - TCO_gt tensor([[[-0.7893,  0.4511,  0.4165, -0.0100],
         [-0.5688, -0.7927, -0.2192,  0.0062],
         [ 0.2313, -0.4099,  0.8823,  0.1920],
         [ 0.0000,  0.0000,  0.0000,  1.0000]]], device='cuda:0')
0:01:16.660696 - TCO pred_orn tensor([[[-0.7930,  0.4461,  0.4150, -0.0100],
         [-0.5644, -0.7943, -0.2247,  0.0062],
         [ 0.2294, -0.4124,  0.8817,  0.1920],
         [ 0.0000,  0.0000,  0.0000,  1.0000]]], device='cuda:0',
       grad_fn=<CopySlices>)
0:01:16.661664 - TCO pred_xy tensor([[[-0.7893,  0.4511,  0.4165, -0.0103],
         [-0.5688, -0.7927, -0.2192,  0.0078],
         [ 0.2313, -0.4099,  0.8823,  0.1920],
         [ 0.0000,  0.0000,  0.0000,  1.0000]]], device='cuda:0',
       grad_fn=<CopySlices>)
0:01:16.662580 - TCO pred_z tensor([[[-0.7893,  0.4511,  0.4165, -0.0100],
         [-0.5688, -0.7927, -0.2192,  0.0062],
         [ 0.2313, -0.4099,  0.8823,  0.1915],
         [ 0.0000,  0.0000,  0.0000,  1.0000]]], device='cuda:0',
       grad_fn=<CopySlices>)
0:01:16.663234 - loss orn tensor([2.9374e-05], device='cuda:0', grad_fn=<MinBackward0>)
0:01:16.663872 - loss xy tensor([0.0006], device='cuda:0', grad_fn=<MinBackward0>)
0:01:16.664509 - loss z tensor([0.0002], device='cuda:0', grad_fn=<MinBackward0>)
  0%|                                      | 0/1 [00:00<?, ?it/s, loss=0.000824]100%|██████████████████████████████| 1/1 [00:00<00:00,  4.57it/s, loss=0.000824]100%|██████████████████████████████| 1/1 [00:00<00:00,  4.56it/s, loss=0.000824]
0:01:16.413212 - saving /home/ubuntu/synthetic_pose_estimation/cosypose/local_data/experiments/bracket_assembly_debug_nut_nosym_coarse_noaug--938962 126
  0%|                                                     | 0/1 [00:00<?, ?it/s]0:01:16.828273 - iteration 0
0:01:16.872180 - outputs, {'pose': tensor([[-0.8984, -0.6467,  0.2719,  0.5471, -0.2790, -0.3145,  0.5147, -0.7673,
          0.6486]], device='cuda:0', grad_fn=<AddmmBackward0>)}
0:01:16.874220 - model_outputs {'pose': tensor([[-0.8984, -0.6467,  0.2719,  0.5471, -0.2790, -0.3145,  0.5147, -0.7673,
          0.6486]], device='cuda:0', grad_fn=<AddmmBackward0>)}
0:01:16.875122 - K crop tensor([[[1.6996e+03, 0.0000e+00, 2.2464e+02],
         [0.0000e+00, 1.6996e+03, 4.8764e+01],
         [0.0000e+00, 0.0000e+00, 1.0000e+00]]], device='cuda:0')
0:01:16.875989 - TCO_input tensor([[[ 1.0000,  0.0000,  0.0000, -0.0108],
         [ 0.0000,  1.0000,  0.0000,  0.0118],
         [ 0.0000,  0.0000,  1.0000,  0.2827],
         [ 0.0000,  0.0000,  0.0000,  1.0000]]], device='cuda:0')
0:01:16.877514 - model tco output tensor([[[-0.7882,  0.4579,  0.4112, -0.0070],
         [-0.5674, -0.7995, -0.1971,  0.0075],
         [ 0.2386, -0.3886,  0.8900,  0.1833],
         [ 0.0000,  0.0000,  0.0000,  1.0000]]], device='cuda:0',
       grad_fn=<CopySlices>)
0:01:16.919870 - Wrote debug data: /home/ubuntu/synthetic_pose_estimation/cosypose/local_data/debug_data/debug_iter=1.pth.tar
0:01:17.130326 - TCO_input tensor([[[ 1.0000,  0.0000,  0.0000, -0.0108],
         [ 0.0000,  1.0000,  0.0000,  0.0118],
         [ 0.0000,  0.0000,  1.0000,  0.2827],
         [ 0.0000,  0.0000,  0.0000,  1.0000]]], device='cuda:0')
0:01:17.131339 - vxvyvz tensor([[ 0.5147, -0.7673,  0.6486]], device='cuda:0',
       grad_fn=<SliceBackward0>)
0:01:17.132356 - dR tensor([[[-0.7882,  0.4579,  0.4112],
         [-0.5674, -0.7995, -0.1971],
         [ 0.2386, -0.3886,  0.8900]]], device='cuda:0',
       grad_fn=<StackBackward0>)
0:01:17.133277 - fxfy tensor([[1699.5529, 1699.5529]], device='cuda:0')
0:01:17.135758 - TCO_gt tensor([[[-0.7893,  0.4511,  0.4165, -0.0100],
         [-0.5688, -0.7927, -0.2192,  0.0062],
         [ 0.2313, -0.4099,  0.8823,  0.1920],
         [ 0.0000,  0.0000,  0.0000,  1.0000]]], device='cuda:0')
0:01:17.136697 - TCO pred_orn tensor([[[-0.7882,  0.4579,  0.4112, -0.0100],
         [-0.5674, -0.7995, -0.1971,  0.0062],
         [ 0.2386, -0.3886,  0.8900,  0.1920],
         [ 0.0000,  0.0000,  0.0000,  1.0000]]], device='cuda:0',
       grad_fn=<CopySlices>)
0:01:17.137660 - TCO pred_xy tensor([[[-0.7893,  0.4511,  0.4165, -0.0073],
         [-0.5688, -0.7927, -0.2192,  0.0079],
         [ 0.2313, -0.4099,  0.8823,  0.1920],
         [ 0.0000,  0.0000,  0.0000,  1.0000]]], device='cuda:0',
       grad_fn=<CopySlices>)
0:01:17.138550 - TCO pred_z tensor([[[-0.7893,  0.4511,  0.4165, -0.0100],
         [-0.5688, -0.7927, -0.2192,  0.0062],
         [ 0.2313, -0.4099,  0.8823,  0.1833],
         [ 0.0000,  0.0000,  0.0000,  1.0000]]], device='cuda:0',
       grad_fn=<CopySlices>)
0:01:17.139180 - loss orn tensor([9.2831e-05], device='cuda:0', grad_fn=<MinBackward0>)
0:01:17.139798 - loss xy tensor([0.0015], device='cuda:0', grad_fn=<MinBackward0>)
0:01:17.140414 - loss z tensor([0.0029], device='cuda:0', grad_fn=<MinBackward0>)
  0%|                                       | 0/1 [00:00<?, ?it/s, loss=0.00444]100%|███████████████████████████████| 1/1 [00:00<00:00,  4.53it/s, loss=0.00444]100%|███████████████████████████████| 1/1 [00:00<00:00,  4.52it/s, loss=0.00444]
0:01:16.891013 - saving /home/ubuntu/synthetic_pose_estimation/cosypose/local_data/experiments/bracket_assembly_debug_nut_nosym_coarse_noaug--938962 127
  0%|                                                     | 0/1 [00:00<?, ?it/s]0:01:17.306161 - iteration 0
0:01:17.349851 - outputs, {'pose': tensor([[-0.9096, -0.6598,  0.2721,  0.5441, -0.2898, -0.3171,  0.5231, -0.7729,
          0.6623]], device='cuda:0', grad_fn=<AddmmBackward0>)}
0:01:17.351370 - model_outputs {'pose': tensor([[-0.9096, -0.6598,  0.2721,  0.5441, -0.2898, -0.3171,  0.5231, -0.7729,
          0.6623]], device='cuda:0', grad_fn=<AddmmBackward0>)}
0:01:17.352133 - K crop tensor([[[1.7089e+03, 0.0000e+00, 2.1741e+02],
         [0.0000e+00, 1.7089e+03, 4.1917e+01],
         [0.0000e+00, 0.0000e+00, 1.0000e+00]]], device='cuda:0')
0:01:17.352977 - TCO_input tensor([[[ 1.0000,  0.0000,  0.0000, -0.0096],
         [ 0.0000,  1.0000,  0.0000,  0.0129],
         [ 0.0000,  0.0000,  1.0000,  0.2846],
         [ 0.0000,  0.0000,  0.0000,  1.0000]]], device='cuda:0')
0:01:17.354491 - model tco output tensor([[[-0.7867,  0.4602,  0.4114, -0.0063],
         [-0.5707, -0.7963, -0.2005,  0.0085],
         [ 0.2353, -0.3925,  0.8891,  0.1885],
         [ 0.0000,  0.0000,  0.0000,  1.0000]]], device='cuda:0',
       grad_fn=<CopySlices>)
0:01:17.499250 - Wrote debug data: /home/ubuntu/synthetic_pose_estimation/cosypose/local_data/debug_data/debug_iter=1.pth.tar
0:01:17.709726 - TCO_input tensor([[[ 1.0000,  0.0000,  0.0000, -0.0096],
         [ 0.0000,  1.0000,  0.0000,  0.0129],
         [ 0.0000,  0.0000,  1.0000,  0.2846],
         [ 0.0000,  0.0000,  0.0000,  1.0000]]], device='cuda:0')
0:01:17.710790 - vxvyvz tensor([[ 0.5231, -0.7729,  0.6623]], device='cuda:0',
       grad_fn=<SliceBackward0>)
0:01:17.711783 - dR tensor([[[-0.7867,  0.4602,  0.4114],
         [-0.5707, -0.7963, -0.2005],
         [ 0.2353, -0.3925,  0.8891]]], device='cuda:0',
       grad_fn=<StackBackward0>)
0:01:17.712681 - fxfy tensor([[1708.9067, 1708.9070]], device='cuda:0')
0:01:17.715193 - TCO_gt tensor([[[-0.7893,  0.4511,  0.4165, -0.0100],
         [-0.5688, -0.7927, -0.2192,  0.0062],
         [ 0.2313, -0.4099,  0.8823,  0.1920],
         [ 0.0000,  0.0000,  0.0000,  1.0000]]], device='cuda:0')
0:01:17.716102 - TCO pred_orn tensor([[[-0.7867,  0.4602,  0.4114, -0.0100],
         [-0.5707, -0.7963, -0.2005,  0.0062],
         [ 0.2353, -0.3925,  0.8891,  0.1920],
         [ 0.0000,  0.0000,  0.0000,  1.0000]]], device='cuda:0',
       grad_fn=<CopySlices>)
0:01:17.717045 - TCO pred_xy tensor([[[-0.7893,  0.4511,  0.4165, -0.0064],
         [-0.5688, -0.7927, -0.2192,  0.0086],
         [ 0.2313, -0.4099,  0.8823,  0.1920],
         [ 0.0000,  0.0000,  0.0000,  1.0000]]], device='cuda:0',
       grad_fn=<CopySlices>)
0:01:17.717953 - TCO pred_z tensor([[[-0.7893,  0.4511,  0.4165, -0.0100],
         [-0.5688, -0.7927, -0.2192,  0.0062],
         [ 0.2313, -0.4099,  0.8823,  0.1885],
         [ 0.0000,  0.0000,  0.0000,  1.0000]]], device='cuda:0',
       grad_fn=<CopySlices>)
0:01:17.718585 - loss orn tensor([8.3488e-05], device='cuda:0', grad_fn=<MinBackward0>)
0:01:17.719199 - loss xy tensor([0.0020], device='cuda:0', grad_fn=<MinBackward0>)
0:01:17.719813 - loss z tensor([0.0012], device='cuda:0', grad_fn=<MinBackward0>)
  0%|                                       | 0/1 [00:00<?, ?it/s, loss=0.00324]100%|███████████████████████████████| 1/1 [00:00<00:00,  3.11it/s, loss=0.00324]100%|███████████████████████████████| 1/1 [00:00<00:00,  3.11it/s, loss=0.00324]
0:01:17.463307 - saving /home/ubuntu/synthetic_pose_estimation/cosypose/local_data/experiments/bracket_assembly_debug_nut_nosym_coarse_noaug--938962 128
  0%|                                                     | 0/1 [00:00<?, ?it/s]0:01:17.878542 - iteration 0
0:01:17.921830 - outputs, {'pose': tensor([[-0.9010, -0.6575,  0.2711,  0.5427, -0.2875, -0.3242,  0.5328, -0.7704,
          0.6676]], device='cuda:0', grad_fn=<AddmmBackward0>)}
0:01:17.923391 - model_outputs {'pose': tensor([[-0.9010, -0.6575,  0.2711,  0.5427, -0.2875, -0.3242,  0.5328, -0.7704,
          0.6676]], device='cuda:0', grad_fn=<AddmmBackward0>)}
0:01:17.924159 - K crop tensor([[[1.8543e+03, 0.0000e+00, 2.0597e+02],
         [0.0000e+00, 1.8543e+03, 4.2782e+01],
         [0.0000e+00, 0.0000e+00, 1.0000e+00]]], device='cuda:0')
0:01:17.924999 - TCO_input tensor([[[ 1.0000,  0.0000,  0.0000, -0.0077],
         [ 0.0000,  1.0000,  0.0000,  0.0127],
         [ 0.0000,  0.0000,  1.0000,  0.3079],
         [ 0.0000,  0.0000,  0.0000,  1.0000]]], device='cuda:0')
0:01:17.925918 - model tco output tensor([[[-0.7849,  0.4573,  0.4180, -0.0051],
         [-0.5728, -0.7928, -0.2082,  0.0084],
         [ 0.2362, -0.4028,  0.8843,  0.2055],
         [ 0.0000,  0.0000,  0.0000,  1.0000]]], device='cuda:0',
       grad_fn=<CopySlices>)
0:01:17.964582 - Wrote debug data: /home/ubuntu/synthetic_pose_estimation/cosypose/local_data/debug_data/debug_iter=1.pth.tar
0:01:18.174165 - TCO_input tensor([[[ 1.0000,  0.0000,  0.0000, -0.0077],
         [ 0.0000,  1.0000,  0.0000,  0.0127],
         [ 0.0000,  0.0000,  1.0000,  0.3079],
         [ 0.0000,  0.0000,  0.0000,  1.0000]]], device='cuda:0')
0:01:18.175124 - vxvyvz tensor([[ 0.5328, -0.7704,  0.6676]], device='cuda:0',
       grad_fn=<SliceBackward0>)
0:01:18.176079 - dR tensor([[[-0.7849,  0.4573,  0.4180],
         [-0.5728, -0.7928, -0.2082],
         [ 0.2362, -0.4028,  0.8843]]], device='cuda:0',
       grad_fn=<StackBackward0>)
0:01:18.176968 - fxfy tensor([[1854.3419, 1854.3416]], device='cuda:0')
0:01:18.179442 - TCO_gt tensor([[[-0.7893,  0.4511,  0.4165, -0.0100],
         [-0.5688, -0.7927, -0.2192,  0.0062],
         [ 0.2313, -0.4099,  0.8823,  0.1920],
         [ 0.0000,  0.0000,  0.0000,  1.0000]]], device='cuda:0')
0:01:18.180362 - TCO pred_orn tensor([[[-0.7849,  0.4573,  0.4180, -0.0100],
         [-0.5728, -0.7928, -0.2082,  0.0062],
         [ 0.2362, -0.4028,  0.8843,  0.1920],
         [ 0.0000,  0.0000,  0.0000,  1.0000]]], device='cuda:0',
       grad_fn=<CopySlices>)
0:01:18.181293 - TCO pred_xy tensor([[[-0.7893,  0.4511,  0.4165, -0.0048],
         [-0.5688, -0.7927, -0.2192,  0.0079],
         [ 0.2313, -0.4099,  0.8823,  0.1920],
         [ 0.0000,  0.0000,  0.0000,  1.0000]]], device='cuda:0',
       grad_fn=<CopySlices>)
0:01:18.182195 - TCO pred_z tensor([[[-0.7893,  0.4511,  0.4165, -0.0100],
         [-0.5688, -0.7927, -0.2192,  0.0062],
         [ 0.2313, -0.4099,  0.8823,  0.2055],
         [ 0.0000,  0.0000,  0.0000,  1.0000]]], device='cuda:0',
       grad_fn=<CopySlices>)
0:01:18.182833 - loss orn tensor([4.8702e-05], device='cuda:0', grad_fn=<MinBackward0>)
0:01:18.183463 - loss xy tensor([0.0023], device='cuda:0', grad_fn=<MinBackward0>)
0:01:18.184079 - loss z tensor([0.0045], device='cuda:0', grad_fn=<MinBackward0>)
  0%|                                       | 0/1 [00:00<?, ?it/s, loss=0.00688]100%|███████████████████████████████| 1/1 [00:00<00:00,  4.71it/s, loss=0.00688]100%|███████████████████████████████| 1/1 [00:00<00:00,  4.70it/s, loss=0.00688]
0:01:17.928808 - saving /home/ubuntu/synthetic_pose_estimation/cosypose/local_data/experiments/bracket_assembly_debug_nut_nosym_coarse_noaug--938962 129
  0%|                                                     | 0/1 [00:00<?, ?it/s]0:01:18.343973 - iteration 0
0:01:18.387987 - outputs, {'pose': tensor([[-0.9067, -0.6491,  0.2672,  0.5324, -0.2789, -0.3288,  0.5246, -0.7812,
          0.6746]], device='cuda:0', grad_fn=<AddmmBackward0>)}
0:01:18.389773 - model_outputs {'pose': tensor([[-0.9067, -0.6491,  0.2672,  0.5324, -0.2789, -0.3288,  0.5246, -0.7812,
          0.6746]], device='cuda:0', grad_fn=<AddmmBackward0>)}
0:01:18.390626 - K crop tensor([[[1.7370e+03, 0.0000e+00, 2.4707e+02],
         [0.0000e+00, 1.7370e+03, 2.7343e+01],
         [0.0000e+00, 0.0000e+00, 1.0000e+00]]], device='cuda:0')
0:01:18.391532 - TCO_input tensor([[[ 1.0000,  0.0000,  0.0000, -0.0146],
         [ 0.0000,  1.0000,  0.0000,  0.0154],
         [ 0.0000,  0.0000,  1.0000,  0.2901],
         [ 0.0000,  0.0000,  0.0000,  1.0000]]], device='cuda:0')
0:01:18.393091 - model tco output tensor([[[-0.7907,  0.4434,  0.4221, -0.0098],
         [-0.5661, -0.7920, -0.2285,  0.0103],
         [ 0.2330, -0.4196,  0.8773,  0.1957],
         [ 0.0000,  0.0000,  0.0000,  1.0000]]], device='cuda:0',
       grad_fn=<CopySlices>)
0:01:18.432261 - Wrote debug data: /home/ubuntu/synthetic_pose_estimation/cosypose/local_data/debug_data/debug_iter=1.pth.tar
0:01:18.646495 - TCO_input tensor([[[ 1.0000,  0.0000,  0.0000, -0.0146],
         [ 0.0000,  1.0000,  0.0000,  0.0154],
         [ 0.0000,  0.0000,  1.0000,  0.2901],
         [ 0.0000,  0.0000,  0.0000,  1.0000]]], device='cuda:0')
0:01:18.647588 - vxvyvz tensor([[ 0.5246, -0.7812,  0.6746]], device='cuda:0',
       grad_fn=<SliceBackward0>)
0:01:18.648648 - dR tensor([[[-0.7907,  0.4434,  0.4221],
         [-0.5661, -0.7920, -0.2285],
         [ 0.2330, -0.4196,  0.8773]]], device='cuda:0',
       grad_fn=<StackBackward0>)
0:01:18.649653 - fxfy tensor([[1737.0225, 1737.0226]], device='cuda:0')
0:01:18.652199 - TCO_gt tensor([[[-0.7893,  0.4511,  0.4165, -0.0100],
         [-0.5688, -0.7927, -0.2192,  0.0062],
         [ 0.2313, -0.4099,  0.8823,  0.1920],
         [ 0.0000,  0.0000,  0.0000,  1.0000]]], device='cuda:0')
0:01:18.653200 - TCO pred_orn tensor([[[-0.7907,  0.4434,  0.4221, -0.0100],
         [-0.5661, -0.7920, -0.2285,  0.0062],
         [ 0.2330, -0.4196,  0.8773,  0.1920],
         [ 0.0000,  0.0000,  0.0000,  1.0000]]], device='cuda:0',
       grad_fn=<CopySlices>)
0:01:18.654217 - TCO pred_xy tensor([[[-0.7893,  0.4511,  0.4165, -0.0096],
         [-0.5688, -0.7927, -0.2192,  0.0101],
         [ 0.2313, -0.4099,  0.8823,  0.1920],
         [ 0.0000,  0.0000,  0.0000,  1.0000]]], device='cuda:0',
       grad_fn=<CopySlices>)
0:01:18.655179 - TCO pred_z tensor([[[-0.7893,  0.4511,  0.4165, -0.0100],
         [-0.5688, -0.7927, -0.2192,  0.0062],
         [ 0.2313, -0.4099,  0.8823,  0.1957],
         [ 0.0000,  0.0000,  0.0000,  1.0000]]], device='cuda:0',
       grad_fn=<CopySlices>)
0:01:18.655876 - loss orn tensor([5.1591e-05], device='cuda:0', grad_fn=<MinBackward0>)
0:01:18.656557 - loss xy tensor([0.0014], device='cuda:0', grad_fn=<MinBackward0>)
0:01:18.657265 - loss z tensor([0.0012], device='cuda:0', grad_fn=<MinBackward0>)
  0%|                                       | 0/1 [00:00<?, ?it/s, loss=0.00273]100%|███████████████████████████████| 1/1 [00:00<00:00,  4.51it/s, loss=0.00273]100%|███████████████████████████████| 1/1 [00:00<00:00,  4.50it/s, loss=0.00273]
  0%|                                                     | 0/1 [00:00<?, ?it/s]0:01:18.565702 - iteration 0
0:01:18.603060 - outputs, {'pose': tensor([[-0.0040,  0.0098, -0.0138,  0.0388,  0.0024, -0.0367,  0.0115, -0.0167,
          0.0270]], device='cuda:0')}
0:01:18.604672 - model_outputs {'pose': tensor([[-0.0040,  0.0098, -0.0138,  0.0388,  0.0024, -0.0367,  0.0115, -0.0167,
          0.0270]], device='cuda:0')}
0:01:18.605550 - K crop tensor([[[1.6177e+03, 0.0000e+00, 2.7229e+02],
         [0.0000e+00, 1.6177e+03, 7.5203e+01],
         [0.0000e+00, 0.0000e+00, 1.0000e+00]]], device='cuda:0')
0:01:18.606554 - TCO_input tensor([[[ 1.0000,  0.0000,  0.0000, -0.0187],
         [ 0.0000,  1.0000,  0.0000,  0.0073],
         [ 0.0000,  0.0000,  1.0000,  0.2678],
         [ 0.0000,  0.0000,  0.0000,  1.0000]]], device='cuda:0')
0:01:18.607486 - model tco output tensor([[[-2.3042e-01,  8.9455e-01, -3.8301e-01, -5.0334e-04],
         [ 5.6182e-01, -1.9907e-01, -8.0295e-01,  1.9764e-04],
         [-7.9452e-01, -4.0020e-01, -4.5671e-01,  7.2204e-03],
         [ 0.0000e+00,  0.0000e+00,  0.0000e+00,  1.0000e+00]]],
       device='cuda:0')
0:01:18.646238 - Wrote debug data: /home/ubuntu/synthetic_pose_estimation/cosypose/local_data/debug_data/debug_iter=1.pth.tar
0:01:18.858669 - TCO_input tensor([[[ 1.0000,  0.0000,  0.0000, -0.0187],
         [ 0.0000,  1.0000,  0.0000,  0.0073],
         [ 0.0000,  0.0000,  1.0000,  0.2678],
         [ 0.0000,  0.0000,  0.0000,  1.0000]]], device='cuda:0')
0:01:18.859773 - vxvyvz tensor([[ 0.0115, -0.0167,  0.0270]], device='cuda:0')
0:01:18.860829 - dR tensor([[[-0.2304,  0.8945, -0.3830],
         [ 0.5618, -0.1991, -0.8029],
         [-0.7945, -0.4002, -0.4567]]], device='cuda:0')
0:01:18.862056 - fxfy tensor([[1617.7216, 1617.7216]], device='cuda:0')
0:01:18.864465 - TCO_gt tensor([[[-0.7893,  0.4511,  0.4165, -0.0100],
         [-0.5688, -0.7927, -0.2192,  0.0062],
         [ 0.2313, -0.4099,  0.8823,  0.1920],
         [ 0.0000,  0.0000,  0.0000,  1.0000]]], device='cuda:0')
0:01:18.865430 - TCO pred_orn tensor([[[-0.2304,  0.8945, -0.3830, -0.0100],
         [ 0.5618, -0.1991, -0.8029,  0.0062],
         [-0.7945, -0.4002, -0.4567,  0.1920],
         [ 0.0000,  0.0000,  0.0000,  1.0000]]], device='cuda:0')
0:01:18.866341 - TCO pred_xy tensor([[[-0.7893,  0.4511,  0.4165, -0.0134],
         [-0.5688, -0.7927, -0.2192,  0.0053],
         [ 0.2313, -0.4099,  0.8823,  0.1920],
         [ 0.0000,  0.0000,  0.0000,  1.0000]]], device='cuda:0')
0:01:18.867245 - TCO pred_z tensor([[[-0.7893,  0.4511,  0.4165, -0.0100],
         [-0.5688, -0.7927, -0.2192,  0.0062],
         [ 0.2313, -0.4099,  0.8823,  0.0072],
         [ 0.0000,  0.0000,  0.0000,  1.0000]]], device='cuda:0')
0:01:18.867885 - loss orn tensor([0.0068], device='cuda:0')
0:01:18.868501 - loss xy tensor([0.0014], device='cuda:0')
0:01:18.869125 - loss z tensor([0.0616], device='cuda:0')
100%|█████████████████████████████████████████████| 1/1 [00:00<00:00,  8.17it/s]100%|█████████████████████████████████████████████| 1/1 [00:00<00:00,  8.15it/s]
0:01:18.549070 - saving /home/ubuntu/synthetic_pose_estimation/cosypose/local_data/experiments/bracket_assembly_debug_nut_nosym_coarse_noaug--938962 130
  0%|                                                     | 0/1 [00:00<?, ?it/s]0:01:18.961120 - iteration 0
0:01:19.005090 - outputs, {'pose': tensor([[-0.9022, -0.6476,  0.2644,  0.5281, -0.2745, -0.3308,  0.5296, -0.7967,
          0.6651]], device='cuda:0', grad_fn=<AddmmBackward0>)}
0:01:19.006806 - model_outputs {'pose': tensor([[-0.9022, -0.6476,  0.2644,  0.5281, -0.2745, -0.3308,  0.5296, -0.7967,
          0.6651]], device='cuda:0', grad_fn=<AddmmBackward0>)}
0:01:19.007599 - K crop tensor([[[1.6557e+03, 0.0000e+00, 3.1402e+02],
         [0.0000e+00, 1.6557e+03, 2.7682e+01],
         [0.0000e+00, 0.0000e+00, 1.0000e+00]]], device='cuda:0')
0:01:19.008460 - TCO_input tensor([[[ 1.0000,  0.0000,  0.0000, -0.0259],
         [ 0.0000,  1.0000,  0.0000,  0.0154],
         [ 0.0000,  0.0000,  1.0000,  0.2770],
         [ 0.0000,  0.0000,  0.0000,  1.0000]]], device='cuda:0')
0:01:19.009390 - model tco output tensor([[[-0.7903,  0.4413,  0.4251, -0.0171],
         [-0.5673, -0.7892, -0.2354,  0.0101],
         [ 0.2316, -0.4271,  0.8740,  0.1843],
         [ 0.0000,  0.0000,  0.0000,  1.0000]]], device='cuda:0',
       grad_fn=<CopySlices>)
0:01:19.050380 - Wrote debug data: /home/ubuntu/synthetic_pose_estimation/cosypose/local_data/debug_data/debug_iter=1.pth.tar
0:01:19.262277 - TCO_input tensor([[[ 1.0000,  0.0000,  0.0000, -0.0259],
         [ 0.0000,  1.0000,  0.0000,  0.0154],
         [ 0.0000,  0.0000,  1.0000,  0.2770],
         [ 0.0000,  0.0000,  0.0000,  1.0000]]], device='cuda:0')
0:01:19.263231 - vxvyvz tensor([[ 0.5296, -0.7967,  0.6651]], device='cuda:0',
       grad_fn=<SliceBackward0>)
0:01:19.264212 - dR tensor([[[-0.7903,  0.4413,  0.4251],
         [-0.5673, -0.7892, -0.2354],
         [ 0.2316, -0.4271,  0.8740]]], device='cuda:0',
       grad_fn=<StackBackward0>)
0:01:19.265069 - fxfy tensor([[1655.6534, 1655.6536]], device='cuda:0')
0:01:19.267493 - TCO_gt tensor([[[-0.7893,  0.4511,  0.4165, -0.0100],
         [-0.5688, -0.7927, -0.2192,  0.0062],
         [ 0.2313, -0.4099,  0.8823,  0.1920],
         [ 0.0000,  0.0000,  0.0000,  1.0000]]], device='cuda:0')
0:01:19.268380 - TCO pred_orn tensor([[[-0.7903,  0.4413,  0.4251, -0.0100],
         [-0.5673, -0.7892, -0.2354,  0.0062],
         [ 0.2316, -0.4271,  0.8740,  0.1920],
         [ 0.0000,  0.0000,  0.0000,  1.0000]]], device='cuda:0',
       grad_fn=<CopySlices>)
0:01:19.269305 - TCO pred_xy tensor([[[-0.7893,  0.4511,  0.4165, -0.0179],
         [-0.5688, -0.7927, -0.2192,  0.0106],
         [ 0.2313, -0.4099,  0.8823,  0.1920],
         [ 0.0000,  0.0000,  0.0000,  1.0000]]], device='cuda:0',
       grad_fn=<CopySlices>)
0:01:19.270180 - TCO pred_z tensor([[[-0.7893,  0.4511,  0.4165, -0.0100],
         [-0.5688, -0.7927, -0.2192,  0.0062],
         [ 0.2313, -0.4099,  0.8823,  0.1843],
         [ 0.0000,  0.0000,  0.0000,  1.0000]]], device='cuda:0',
       grad_fn=<CopySlices>)
0:01:19.270802 - loss orn tensor([8.0245e-05], device='cuda:0', grad_fn=<MinBackward0>)
0:01:19.271405 - loss xy tensor([0.0041], device='cuda:0', grad_fn=<MinBackward0>)
0:01:19.272011 - loss z tensor([0.0026], device='cuda:0', grad_fn=<MinBackward0>)
  0%|                                       | 0/1 [00:00<?, ?it/s, loss=0.00673]100%|███████████████████████████████| 1/1 [00:00<00:00,  4.64it/s, loss=0.00673]100%|███████████████████████████████| 1/1 [00:00<00:00,  4.62it/s, loss=0.00673]
0:01:19.029775 - saving /home/ubuntu/synthetic_pose_estimation/cosypose/local_data/experiments/bracket_assembly_debug_nut_nosym_coarse_noaug--938962 131
  0%|                                                     | 0/1 [00:00<?, ?it/s]0:01:19.444765 - iteration 0
0:01:19.488683 - outputs, {'pose': tensor([[-0.9083, -0.6607,  0.2611,  0.5373, -0.2807, -0.3266,  0.5335, -0.8036,
          0.6838]], device='cuda:0', grad_fn=<AddmmBackward0>)}
0:01:19.490408 - model_outputs {'pose': tensor([[-0.9083, -0.6607,  0.2611,  0.5373, -0.2807, -0.3266,  0.5335, -0.8036,
          0.6838]], device='cuda:0', grad_fn=<AddmmBackward0>)}
0:01:19.491237 - K crop tensor([[[2.0022e+03, 0.0000e+00, 2.4611e+02],
         [0.0000e+00, 2.0022e+03, 7.0906e+01],
         [0.0000e+00, 0.0000e+00, 1.0000e+00]]], device='cuda:0')
0:01:19.492104 - TCO_input tensor([[[ 1.0000,  0.0000,  0.0000, -0.0143],
         [ 0.0000,  1.0000,  0.0000,  0.0080],
         [ 0.0000,  0.0000,  1.0000,  0.3297],
         [ 0.0000,  0.0000,  0.0000,  1.0000]]], device='cuda:0')
0:01:19.493024 - model tco output tensor([[[-0.7877,  0.4533,  0.4172, -0.0097],
         [-0.5729, -0.7879, -0.2256,  0.0054],
         [ 0.2265, -0.4168,  0.8804,  0.2255],
         [ 0.0000,  0.0000,  0.0000,  1.0000]]], device='cuda:0',
       grad_fn=<CopySlices>)
0:01:19.531247 - Wrote debug data: /home/ubuntu/synthetic_pose_estimation/cosypose/local_data/debug_data/debug_iter=1.pth.tar
0:01:19.743993 - TCO_input tensor([[[ 1.0000,  0.0000,  0.0000, -0.0143],
         [ 0.0000,  1.0000,  0.0000,  0.0080],
         [ 0.0000,  0.0000,  1.0000,  0.3297],
         [ 0.0000,  0.0000,  0.0000,  1.0000]]], device='cuda:0')
0:01:19.745098 - vxvyvz tensor([[ 0.5335, -0.8036,  0.6838]], device='cuda:0',
       grad_fn=<SliceBackward0>)
0:01:19.746151 - dR tensor([[[-0.7877,  0.4533,  0.4172],
         [-0.5729, -0.7879, -0.2256],
         [ 0.2265, -0.4168,  0.8804]]], device='cuda:0',
       grad_fn=<StackBackward0>)
0:01:19.747047 - fxfy tensor([[2002.1622, 2002.1622]], device='cuda:0')
0:01:19.749569 - TCO_gt tensor([[[-0.7893,  0.4511,  0.4165, -0.0100],
         [-0.5688, -0.7927, -0.2192,  0.0062],
         [ 0.2313, -0.4099,  0.8823,  0.1920],
         [ 0.0000,  0.0000,  0.0000,  1.0000]]], device='cuda:0')
0:01:19.750499 - TCO pred_orn tensor([[[-0.7877,  0.4533,  0.4172, -0.0100],
         [-0.5729, -0.7879, -0.2256,  0.0062],
         [ 0.2265, -0.4168,  0.8804,  0.1920],
         [ 0.0000,  0.0000,  0.0000,  1.0000]]], device='cuda:0',
       grad_fn=<CopySlices>)
0:01:19.751427 - TCO pred_xy tensor([[[-0.7893,  0.4511,  0.4165, -0.0083],
         [-0.5688, -0.7927, -0.2192,  0.0046],
         [ 0.2313, -0.4099,  0.8823,  0.1920],
         [ 0.0000,  0.0000,  0.0000,  1.0000]]], device='cuda:0',
       grad_fn=<CopySlices>)
0:01:19.752333 - TCO pred_z tensor([[[-0.7893,  0.4511,  0.4165, -0.0100],
         [-0.5688, -0.7927, -0.2192,  0.0062],
         [ 0.2313, -0.4099,  0.8823,  0.2255],
         [ 0.0000,  0.0000,  0.0000,  1.0000]]], device='cuda:0',
       grad_fn=<CopySlices>)
0:01:19.753004 - loss orn tensor([3.6108e-05], device='cuda:0', grad_fn=<MinBackward0>)
0:01:19.753667 - loss xy tensor([0.0011], device='cuda:0', grad_fn=<MinBackward0>)
0:01:19.754304 - loss z tensor([0.0112], device='cuda:0', grad_fn=<MinBackward0>)
  0%|                                        | 0/1 [00:00<?, ?it/s, loss=0.0123]100%|████████████████████████████████| 1/1 [00:00<00:00,  4.60it/s, loss=0.0123]100%|████████████████████████████████| 1/1 [00:00<00:00,  4.59it/s, loss=0.0123]
0:01:19.524656 - saving /home/ubuntu/synthetic_pose_estimation/cosypose/local_data/experiments/bracket_assembly_debug_nut_nosym_coarse_noaug--938962 132
  0%|                                                     | 0/1 [00:00<?, ?it/s]0:01:19.939730 - iteration 0
0:01:19.983453 - outputs, {'pose': tensor([[-0.9049, -0.6515,  0.2678,  0.5391, -0.2930, -0.3192,  0.5296, -0.8151,
          0.6912]], device='cuda:0', grad_fn=<AddmmBackward0>)}
0:01:19.985035 - model_outputs {'pose': tensor([[-0.9049, -0.6515,  0.2678,  0.5391, -0.2930, -0.3192,  0.5296, -0.8151,
          0.6912]], device='cuda:0', grad_fn=<AddmmBackward0>)}
0:01:19.985870 - K crop tensor([[[1.7789e+03, 0.0000e+00, 2.7063e+02],
         [0.0000e+00, 1.7789e+03, 3.3881e+01],
         [0.0000e+00, 0.0000e+00, 1.0000e+00]]], device='cuda:0')
0:01:19.986734 - TCO_input tensor([[[ 1.0000,  0.0000,  0.0000, -0.0185],
         [ 0.0000,  1.0000,  0.0000,  0.0143],
         [ 0.0000,  0.0000,  1.0000,  0.2964],
         [ 0.0000,  0.0000,  0.0000,  1.0000]]], device='cuda:0')
0:01:19.988208 - model tco output tensor([[[-0.7891,  0.4554,  0.4123, -0.0127],
         [-0.5681, -0.7962, -0.2079,  0.0098],
         [ 0.2336, -0.3983,  0.8870,  0.2049],
         [ 0.0000,  0.0000,  0.0000,  1.0000]]], device='cuda:0',
       grad_fn=<CopySlices>)
0:01:20.026499 - Wrote debug data: /home/ubuntu/synthetic_pose_estimation/cosypose/local_data/debug_data/debug_iter=1.pth.tar
0:01:20.238951 - TCO_input tensor([[[ 1.0000,  0.0000,  0.0000, -0.0185],
         [ 0.0000,  1.0000,  0.0000,  0.0143],
         [ 0.0000,  0.0000,  1.0000,  0.2964],
         [ 0.0000,  0.0000,  0.0000,  1.0000]]], device='cuda:0')
0:01:20.239944 - vxvyvz tensor([[ 0.5296, -0.8151,  0.6912]], device='cuda:0',
       grad_fn=<SliceBackward0>)
0:01:20.240988 - dR tensor([[[-0.7891,  0.4554,  0.4123],
         [-0.5681, -0.7962, -0.2079],
         [ 0.2336, -0.3983,  0.8870]]], device='cuda:0',
       grad_fn=<StackBackward0>)
0:01:20.241891 - fxfy tensor([[1778.8890, 1778.8888]], device='cuda:0')
0:01:20.244364 - TCO_gt tensor([[[-0.7893,  0.4511,  0.4165, -0.0100],
         [-0.5688, -0.7927, -0.2192,  0.0062],
         [ 0.2313, -0.4099,  0.8823,  0.1920],
         [ 0.0000,  0.0000,  0.0000,  1.0000]]], device='cuda:0')
0:01:20.245339 - TCO pred_orn tensor([[[-0.7891,  0.4554,  0.4123, -0.0100],
         [-0.5681, -0.7962, -0.2079,  0.0062],
         [ 0.2336, -0.3983,  0.8870,  0.1920],
         [ 0.0000,  0.0000,  0.0000,  1.0000]]], device='cuda:0',
       grad_fn=<CopySlices>)
0:01:20.246331 - TCO pred_xy tensor([[[-0.7893,  0.4511,  0.4165, -0.0119],
         [-0.5688, -0.7927, -0.2192,  0.0092],
         [ 0.2313, -0.4099,  0.8823,  0.1920],
         [ 0.0000,  0.0000,  0.0000,  1.0000]]], device='cuda:0',
       grad_fn=<CopySlices>)
0:01:20.249712 - TCO pred_z tensor([[[-0.7893,  0.4511,  0.4165, -0.0100],
         [-0.5688, -0.7927, -0.2192,  0.0062],
         [ 0.2313, -0.4099,  0.8823,  0.2049],
         [ 0.0000,  0.0000,  0.0000,  1.0000]]], device='cuda:0',
       grad_fn=<CopySlices>)
0:01:20.250391 - loss orn tensor([5.0531e-05], device='cuda:0', grad_fn=<MinBackward0>)
0:01:20.251019 - loss xy tensor([0.0016], device='cuda:0', grad_fn=<MinBackward0>)
0:01:20.251644 - loss z tensor([0.0043], device='cuda:0', grad_fn=<MinBackward0>)
  0%|                                       | 0/1 [00:00<?, ?it/s, loss=0.00598]100%|███████████████████████████████| 1/1 [00:00<00:00,  4.56it/s, loss=0.00598]100%|███████████████████████████████| 1/1 [00:00<00:00,  4.55it/s, loss=0.00598]
0:01:19.996329 - saving /home/ubuntu/synthetic_pose_estimation/cosypose/local_data/experiments/bracket_assembly_debug_nut_nosym_coarse_noaug--938962 133
  0%|                                                     | 0/1 [00:00<?, ?it/s]0:01:20.411503 - iteration 0
0:01:20.454829 - outputs, {'pose': tensor([[-0.9109, -0.6509,  0.2619,  0.5467, -0.2922, -0.3273,  0.5332, -0.8260,
          0.6778]], device='cuda:0', grad_fn=<AddmmBackward0>)}
0:01:20.456486 - model_outputs {'pose': tensor([[-0.9109, -0.6509,  0.2619,  0.5467, -0.2922, -0.3273,  0.5332, -0.8260,
          0.6778]], device='cuda:0', grad_fn=<AddmmBackward0>)}
0:01:20.457320 - K crop tensor([[[1.8256e+03, 0.0000e+00, 2.5929e+02],
         [0.0000e+00, 1.8256e+03, 7.9118e+01],
         [0.0000e+00, 0.0000e+00, 1.0000e+00]]], device='cuda:0')
0:01:20.458239 - TCO_input tensor([[[ 1.0000,  0.0000,  0.0000, -0.0164],
         [ 0.0000,  1.0000,  0.0000,  0.0067],
         [ 0.0000,  0.0000,  1.0000,  0.3009],
         [ 0.0000,  0.0000,  0.0000,  1.0000]]], device='cuda:0')
0:01:20.459163 - model tco output tensor([[[-0.7922,  0.4504,  0.4117, -0.0111],
         [-0.5661, -0.7943, -0.2203,  0.0044],
         [ 0.2278, -0.4076,  0.8843,  0.2039],
         [ 0.0000,  0.0000,  0.0000,  1.0000]]], device='cuda:0',
       grad_fn=<CopySlices>)
0:01:20.496750 - Wrote debug data: /home/ubuntu/synthetic_pose_estimation/cosypose/local_data/debug_data/debug_iter=1.pth.tar
0:01:20.707713 - TCO_input tensor([[[ 1.0000,  0.0000,  0.0000, -0.0164],
         [ 0.0000,  1.0000,  0.0000,  0.0067],
         [ 0.0000,  0.0000,  1.0000,  0.3009],
         [ 0.0000,  0.0000,  0.0000,  1.0000]]], device='cuda:0')
0:01:20.708709 - vxvyvz tensor([[ 0.5332, -0.8260,  0.6778]], device='cuda:0',
       grad_fn=<SliceBackward0>)
0:01:20.709742 - dR tensor([[[-0.7922,  0.4504,  0.4117],
         [-0.5661, -0.7943, -0.2203],
         [ 0.2278, -0.4076,  0.8843]]], device='cuda:0',
       grad_fn=<StackBackward0>)
0:01:20.710637 - fxfy tensor([[1825.6135, 1825.6136]], device='cuda:0')
0:01:20.713166 - TCO_gt tensor([[[-0.7893,  0.4511,  0.4165, -0.0100],
         [-0.5688, -0.7927, -0.2192,  0.0062],
         [ 0.2313, -0.4099,  0.8823,  0.1920],
         [ 0.0000,  0.0000,  0.0000,  1.0000]]], device='cuda:0')
0:01:20.714116 - TCO pred_orn tensor([[[-0.7922,  0.4504,  0.4117, -0.0100],
         [-0.5661, -0.7943, -0.2203,  0.0062],
         [ 0.2278, -0.4076,  0.8843,  0.1920],
         [ 0.0000,  0.0000,  0.0000,  1.0000]]], device='cuda:0',
       grad_fn=<CopySlices>)
0:01:20.715053 - TCO pred_xy tensor([[[-0.7893,  0.4511,  0.4165, -0.0104],
         [-0.5688, -0.7927, -0.2192,  0.0042],
         [ 0.2313, -0.4099,  0.8823,  0.1920],
         [ 0.0000,  0.0000,  0.0000,  1.0000]]], device='cuda:0',
       grad_fn=<CopySlices>)
0:01:20.715981 - TCO pred_z tensor([[[-0.7893,  0.4511,  0.4165, -0.0100],
         [-0.5688, -0.7927, -0.2192,  0.0062],
         [ 0.2313, -0.4099,  0.8823,  0.2039],
         [ 0.0000,  0.0000,  0.0000,  1.0000]]], device='cuda:0',
       grad_fn=<CopySlices>)
0:01:20.716660 - loss orn tensor([2.3254e-05], device='cuda:0', grad_fn=<MinBackward0>)
0:01:20.717340 - loss xy tensor([0.0008], device='cuda:0', grad_fn=<MinBackward0>)
0:01:20.717984 - loss z tensor([0.0040], device='cuda:0', grad_fn=<MinBackward0>)
  0%|                                       | 0/1 [00:00<?, ?it/s, loss=0.00483]100%|███████████████████████████████| 1/1 [00:00<00:00,  4.65it/s, loss=0.00483]100%|███████████████████████████████| 1/1 [00:00<00:00,  4.65it/s, loss=0.00483]
0:01:20.463357 - saving /home/ubuntu/synthetic_pose_estimation/cosypose/local_data/experiments/bracket_assembly_debug_nut_nosym_coarse_noaug--938962 134
  0%|                                                     | 0/1 [00:00<?, ?it/s]0:01:20.878525 - iteration 0
0:01:20.922426 - outputs, {'pose': tensor([[-0.9115, -0.6582,  0.2670,  0.5455, -0.2898, -0.3241,  0.5377, -0.8290,
          0.6784]], device='cuda:0', grad_fn=<AddmmBackward0>)}
0:01:20.924217 - model_outputs {'pose': tensor([[-0.9115, -0.6582,  0.2670,  0.5455, -0.2898, -0.3241,  0.5377, -0.8290,
          0.6784]], device='cuda:0', grad_fn=<AddmmBackward0>)}
0:01:20.924992 - K crop tensor([[[1.6541e+03, 0.0000e+00, 2.8391e+02],
         [0.0000e+00, 1.6541e+03, 5.0536e+01],
         [0.0000e+00, 0.0000e+00, 1.0000e+00]]], device='cuda:0')
0:01:20.925869 - TCO_input tensor([[[ 1.0000,  0.0000,  0.0000, -0.0207],
         [ 0.0000,  1.0000,  0.0000,  0.0115],
         [ 0.0000,  0.0000,  1.0000,  0.2753],
         [ 0.0000,  0.0000,  0.0000,  1.0000]]], device='cuda:0')
0:01:20.927345 - model tco output tensor([[[-0.7888,  0.4552,  0.4130, -0.0140],
         [-0.5696, -0.7939, -0.2127,  0.0077],
         [ 0.2311, -0.4031,  0.8855,  0.1867],
         [ 0.0000,  0.0000,  0.0000,  1.0000]]], device='cuda:0',
       grad_fn=<CopySlices>)
0:01:20.965909 - Wrote debug data: /home/ubuntu/synthetic_pose_estimation/cosypose/local_data/debug_data/debug_iter=1.pth.tar
0:01:21.190151 - TCO_input tensor([[[ 1.0000,  0.0000,  0.0000, -0.0207],
         [ 0.0000,  1.0000,  0.0000,  0.0115],
         [ 0.0000,  0.0000,  1.0000,  0.2753],
         [ 0.0000,  0.0000,  0.0000,  1.0000]]], device='cuda:0')
0:01:21.191255 - vxvyvz tensor([[ 0.5377, -0.8290,  0.6784]], device='cuda:0',
       grad_fn=<SliceBackward0>)
0:01:21.192417 - dR tensor([[[-0.7888,  0.4552,  0.4130],
         [-0.5696, -0.7939, -0.2127],
         [ 0.2311, -0.4031,  0.8855]]], device='cuda:0',
       grad_fn=<StackBackward0>)
0:01:21.193433 - fxfy tensor([[1654.0717, 1654.0717]], device='cuda:0')
0:01:21.195967 - TCO_gt tensor([[[-0.7893,  0.4511,  0.4165, -0.0100],
         [-0.5688, -0.7927, -0.2192,  0.0062],
         [ 0.2313, -0.4099,  0.8823,  0.1920],
         [ 0.0000,  0.0000,  0.0000,  1.0000]]], device='cuda:0')
0:01:21.196913 - TCO pred_orn tensor([[[-0.7888,  0.4552,  0.4130, -0.0100],
         [-0.5696, -0.7939, -0.2127,  0.0062],
         [ 0.2311, -0.4031,  0.8855,  0.1920],
         [ 0.0000,  0.0000,  0.0000,  1.0000]]], device='cuda:0',
       grad_fn=<CopySlices>)
0:01:21.197836 - TCO pred_xy tensor([[[-0.7893,  0.4511,  0.4165, -0.0144],
         [-0.5688, -0.7927, -0.2192,  0.0079],
         [ 0.2313, -0.4099,  0.8823,  0.1920],
         [ 0.0000,  0.0000,  0.0000,  1.0000]]], device='cuda:0',
       grad_fn=<CopySlices>)
0:01:21.198709 - TCO pred_z tensor([[[-0.7893,  0.4511,  0.4165, -0.0100],
         [-0.5688, -0.7927, -0.2192,  0.0062],
         [ 0.2313, -0.4099,  0.8823,  0.1867],
         [ 0.0000,  0.0000,  0.0000,  1.0000]]], device='cuda:0',
       grad_fn=<CopySlices>)
0:01:21.199327 - loss orn tensor([3.1961e-05], device='cuda:0', grad_fn=<MinBackward0>)
0:01:21.199928 - loss xy tensor([0.0020], device='cuda:0', grad_fn=<MinBackward0>)
0:01:21.200528 - loss z tensor([0.0017], device='cuda:0', grad_fn=<MinBackward0>)
  0%|                                       | 0/1 [00:00<?, ?it/s, loss=0.00381]100%|███████████████████████████████| 1/1 [00:00<00:00,  4.20it/s, loss=0.00381]100%|███████████████████████████████| 1/1 [00:00<00:00,  4.19it/s, loss=0.00381]
0:01:20.954363 - saving /home/ubuntu/synthetic_pose_estimation/cosypose/local_data/experiments/bracket_assembly_debug_nut_nosym_coarse_noaug--938962 135
  0%|                                                     | 0/1 [00:00<?, ?it/s]0:01:21.369585 - iteration 0
0:01:21.412910 - outputs, {'pose': tensor([[-0.9105, -0.6508,  0.2659,  0.5392, -0.2935, -0.3371,  0.5434, -0.8336,
          0.6720]], device='cuda:0', grad_fn=<AddmmBackward0>)}
0:01:21.414518 - model_outputs {'pose': tensor([[-0.9105, -0.6508,  0.2659,  0.5392, -0.2935, -0.3371,  0.5434, -0.8336,
          0.6720]], device='cuda:0', grad_fn=<AddmmBackward0>)}
0:01:21.415327 - K crop tensor([[[1.5976e+03, 0.0000e+00, 2.0443e+02],
         [0.0000e+00, 1.5976e+03, 5.3751e+01],
         [0.0000e+00, 0.0000e+00, 1.0000e+00]]], device='cuda:0')
0:01:21.416196 - TCO_input tensor([[[ 1.0000,  0.0000,  0.0000, -0.0075],
         [ 0.0000,  1.0000,  0.0000,  0.0109],
         [ 0.0000,  0.0000,  1.0000,  0.2660],
         [ 0.0000,  0.0000,  0.0000,  1.0000]]], device='cuda:0')
0:01:21.417846 - model tco output tensor([[[-0.7915,  0.4423,  0.4218, -0.0050],
         [-0.5658, -0.7913, -0.2320,  0.0073],
         [ 0.2311, -0.4222,  0.8765,  0.1788],
         [ 0.0000,  0.0000,  0.0000,  1.0000]]], device='cuda:0',
       grad_fn=<CopySlices>)
0:01:21.457980 - Wrote debug data: /home/ubuntu/synthetic_pose_estimation/cosypose/local_data/debug_data/debug_iter=1.pth.tar
0:01:21.669832 - TCO_input tensor([[[ 1.0000,  0.0000,  0.0000, -0.0075],
         [ 0.0000,  1.0000,  0.0000,  0.0109],
         [ 0.0000,  0.0000,  1.0000,  0.2660],
         [ 0.0000,  0.0000,  0.0000,  1.0000]]], device='cuda:0')
0:01:21.670813 - vxvyvz tensor([[ 0.5434, -0.8336,  0.6720]], device='cuda:0',
       grad_fn=<SliceBackward0>)
0:01:21.671810 - dR tensor([[[-0.7915,  0.4423,  0.4218],
         [-0.5658, -0.7913, -0.2320],
         [ 0.2311, -0.4222,  0.8765]]], device='cuda:0',
       grad_fn=<StackBackward0>)
0:01:21.672683 - fxfy tensor([[1597.5983, 1597.5981]], device='cuda:0')
0:01:21.675231 - TCO_gt tensor([[[-0.7893,  0.4511,  0.4165, -0.0100],
         [-0.5688, -0.7927, -0.2192,  0.0062],
         [ 0.2313, -0.4099,  0.8823,  0.1920],
         [ 0.0000,  0.0000,  0.0000,  1.0000]]], device='cuda:0')
0:01:21.676136 - TCO pred_orn tensor([[[-0.7915,  0.4423,  0.4218, -0.0100],
         [-0.5658, -0.7913, -0.2320,  0.0062],
         [ 0.2311, -0.4222,  0.8765,  0.1920],
         [ 0.0000,  0.0000,  0.0000,  1.0000]]], device='cuda:0',
       grad_fn=<CopySlices>)
0:01:21.677052 - TCO pred_xy tensor([[[-0.7893,  0.4511,  0.4165, -0.0053],
         [-0.5688, -0.7927, -0.2192,  0.0078],
         [ 0.2313, -0.4099,  0.8823,  0.1920],
         [ 0.0000,  0.0000,  0.0000,  1.0000]]], device='cuda:0',
       grad_fn=<CopySlices>)
0:01:21.678019 - TCO pred_z tensor([[[-0.7893,  0.4511,  0.4165, -0.0100],
         [-0.5688, -0.7927, -0.2192,  0.0062],
         [ 0.2313, -0.4099,  0.8823,  0.1788],
         [ 0.0000,  0.0000,  0.0000,  1.0000]]], device='cuda:0',
       grad_fn=<CopySlices>)
0:01:21.678657 - loss orn tensor([6.3207e-05], device='cuda:0', grad_fn=<MinBackward0>)
0:01:21.679276 - loss xy tensor([0.0021], device='cuda:0', grad_fn=<MinBackward0>)
0:01:21.679893 - loss z tensor([0.0044], device='cuda:0', grad_fn=<MinBackward0>)
  0%|                                       | 0/1 [00:00<?, ?it/s, loss=0.00656]100%|███████████████████████████████| 1/1 [00:00<00:00,  4.60it/s, loss=0.00656]100%|███████████████████████████████| 1/1 [00:00<00:00,  4.59it/s, loss=0.00656]
0:01:21.425112 - saving /home/ubuntu/synthetic_pose_estimation/cosypose/local_data/experiments/bracket_assembly_debug_nut_nosym_coarse_noaug--938962 136
  0%|                                                     | 0/1 [00:00<?, ?it/s]0:01:21.840281 - iteration 0
0:01:21.888538 - outputs, {'pose': tensor([[-0.9095, -0.6539,  0.2694,  0.5311, -0.2903, -0.3262,  0.5467, -0.8482,
          0.6758]], device='cuda:0', grad_fn=<AddmmBackward0>)}
0:01:21.890877 - model_outputs {'pose': tensor([[-0.9095, -0.6539,  0.2694,  0.5311, -0.2903, -0.3262,  0.5467, -0.8482,
          0.6758]], device='cuda:0', grad_fn=<AddmmBackward0>)}
0:01:21.891719 - K crop tensor([[[2.0315e+03, 0.0000e+00, 2.8742e+02],
         [0.0000e+00, 2.0315e+03, 6.4314e+01],
         [0.0000e+00, 0.0000e+00, 1.0000e+00]]], device='cuda:0')
0:01:21.892586 - TCO_input tensor([[[ 1.0000,  0.0000,  0.0000, -0.0211],
         [ 0.0000,  1.0000,  0.0000,  0.0091],
         [ 0.0000,  0.0000,  1.0000,  0.3348],
         [ 0.0000,  0.0000,  0.0000,  1.0000]]], device='cuda:0')
0:01:21.893537 - model tco output tensor([[[-0.7894,  0.4479,  0.4198, -0.0142],
         [-0.5676, -0.7930, -0.2212,  0.0061],
         [ 0.2338, -0.4129,  0.8803,  0.2263],
         [ 0.0000,  0.0000,  0.0000,  1.0000]]], device='cuda:0',
       grad_fn=<CopySlices>)
0:01:21.932598 - Wrote debug data: /home/ubuntu/synthetic_pose_estimation/cosypose/local_data/debug_data/debug_iter=1.pth.tar
0:01:22.145196 - TCO_input tensor([[[ 1.0000,  0.0000,  0.0000, -0.0211],
         [ 0.0000,  1.0000,  0.0000,  0.0091],
         [ 0.0000,  0.0000,  1.0000,  0.3348],
         [ 0.0000,  0.0000,  0.0000,  1.0000]]], device='cuda:0')
0:01:22.146207 - vxvyvz tensor([[ 0.5467, -0.8482,  0.6758]], device='cuda:0',
       grad_fn=<SliceBackward0>)
0:01:22.147232 - dR tensor([[[-0.7894,  0.4479,  0.4198],
         [-0.5676, -0.7930, -0.2212],
         [ 0.2338, -0.4129,  0.8803]]], device='cuda:0',
       grad_fn=<StackBackward0>)
0:01:22.148112 - fxfy tensor([[2031.5411, 2031.5414]], device='cuda:0')
0:01:22.150645 - TCO_gt tensor([[[-0.7893,  0.4511,  0.4165, -0.0100],
         [-0.5688, -0.7927, -0.2192,  0.0062],
         [ 0.2313, -0.4099,  0.8823,  0.1920],
         [ 0.0000,  0.0000,  0.0000,  1.0000]]], device='cuda:0')
0:01:22.151578 - TCO pred_orn tensor([[[-0.7894,  0.4479,  0.4198, -0.0100],
         [-0.5676, -0.7930, -0.2212,  0.0062],
         [ 0.2338, -0.4129,  0.8803,  0.1920],
         [ 0.0000,  0.0000,  0.0000,  1.0000]]], device='cuda:0',
       grad_fn=<CopySlices>)
0:01:22.152525 - TCO pred_xy tensor([[[-0.7893,  0.4511,  0.4165, -0.0120],
         [-0.5688, -0.7927, -0.2192,  0.0051],
         [ 0.2313, -0.4099,  0.8823,  0.1920],
         [ 0.0000,  0.0000,  0.0000,  1.0000]]], device='cuda:0',
       grad_fn=<CopySlices>)
0:01:22.153478 - TCO pred_z tensor([[[-0.7893,  0.4511,  0.4165, -0.0100],
         [-0.5688, -0.7927, -0.2192,  0.0062],
         [ 0.2313, -0.4099,  0.8823,  0.2263],
         [ 0.0000,  0.0000,  0.0000,  1.0000]]], device='cuda:0',
       grad_fn=<CopySlices>)
0:01:22.154136 - loss orn tensor([1.8651e-05], device='cuda:0', grad_fn=<MinBackward0>)
0:01:22.154784 - loss xy tensor([0.0010], device='cuda:0', grad_fn=<MinBackward0>)
0:01:22.155430 - loss z tensor([0.0114], device='cuda:0', grad_fn=<MinBackward0>)
  0%|                                        | 0/1 [00:00<?, ?it/s, loss=0.0125]100%|████████████████████████████████| 1/1 [00:00<00:00,  4.48it/s, loss=0.0125]100%|████████████████████████████████| 1/1 [00:00<00:00,  4.47it/s, loss=0.0125]
0:01:21.900123 - saving /home/ubuntu/synthetic_pose_estimation/cosypose/local_data/experiments/bracket_assembly_debug_nut_nosym_coarse_noaug--938962 137
  0%|                                                     | 0/1 [00:00<?, ?it/s]0:01:22.315612 - iteration 0
0:01:22.363135 - outputs, {'pose': tensor([[-0.9028, -0.6546,  0.2682,  0.5428, -0.2894, -0.3292,  0.5533, -0.8608,
          0.6759]], device='cuda:0', grad_fn=<AddmmBackward0>)}
0:01:22.364862 - model_outputs {'pose': tensor([[-0.9028, -0.6546,  0.2682,  0.5428, -0.2894, -0.3292,  0.5533, -0.8608,
          0.6759]], device='cuda:0', grad_fn=<AddmmBackward0>)}
0:01:22.365695 - K crop tensor([[[1.7144e+03, 0.0000e+00, 2.6710e+02],
         [0.0000e+00, 1.7144e+03, 6.5821e+01],
         [0.0000e+00, 0.0000e+00, 1.0000e+00]]], device='cuda:0')
0:01:22.366572 - TCO_input tensor([[[ 1.0000,  0.0000,  0.0000, -0.0178],
         [ 0.0000,  1.0000,  0.0000,  0.0089],
         [ 0.0000,  0.0000,  1.0000,  0.2839],
         [ 0.0000,  0.0000,  0.0000,  1.0000]]], device='cuda:0')
0:01:22.367495 - model tco output tensor([[[-0.7872,  0.4525,  0.4191, -0.0120],
         [-0.5707, -0.7920, -0.2168,  0.0059],
         [ 0.2338, -0.4098,  0.8817,  0.1919],
         [ 0.0000,  0.0000,  0.0000,  1.0000]]], device='cuda:0',
       grad_fn=<CopySlices>)
0:01:22.405298 - Wrote debug data: /home/ubuntu/synthetic_pose_estimation/cosypose/local_data/debug_data/debug_iter=1.pth.tar
0:01:22.616095 - TCO_input tensor([[[ 1.0000,  0.0000,  0.0000, -0.0178],
         [ 0.0000,  1.0000,  0.0000,  0.0089],
         [ 0.0000,  0.0000,  1.0000,  0.2839],
         [ 0.0000,  0.0000,  0.0000,  1.0000]]], device='cuda:0')
0:01:22.617098 - vxvyvz tensor([[ 0.5533, -0.8608,  0.6759]], device='cuda:0',
       grad_fn=<SliceBackward0>)
0:01:22.618134 - dR tensor([[[-0.7872,  0.4525,  0.4191],
         [-0.5707, -0.7920, -0.2168],
         [ 0.2338, -0.4098,  0.8817]]], device='cuda:0',
       grad_fn=<StackBackward0>)
0:01:22.619059 - fxfy tensor([[1714.3533, 1714.3538]], device='cuda:0')
0:01:22.621604 - TCO_gt tensor([[[-0.7893,  0.4511,  0.4165, -0.0100],
         [-0.5688, -0.7927, -0.2192,  0.0062],
         [ 0.2313, -0.4099,  0.8823,  0.1920],
         [ 0.0000,  0.0000,  0.0000,  1.0000]]], device='cuda:0')
0:01:22.622547 - TCO pred_orn tensor([[[-0.7872,  0.4525,  0.4191, -0.0100],
         [-0.5707, -0.7920, -0.2168,  0.0062],
         [ 0.2338, -0.4098,  0.8817,  0.1920],
         [ 0.0000,  0.0000,  0.0000,  1.0000]]], device='cuda:0',
       grad_fn=<CopySlices>)
0:01:22.623492 - TCO pred_xy tensor([[[-0.7893,  0.4511,  0.4165, -0.0120],
         [-0.5688, -0.7927, -0.2192,  0.0059],
         [ 0.2313, -0.4099,  0.8823,  0.1920],
         [ 0.0000,  0.0000,  0.0000,  1.0000]]], device='cuda:0',
       grad_fn=<CopySlices>)
0:01:22.624397 - TCO pred_z tensor([[[-0.7893,  0.4511,  0.4165, -0.0100],
         [-0.5688, -0.7927, -0.2192,  0.0062],
         [ 0.2313, -0.4099,  0.8823,  0.1919],
         [ 0.0000,  0.0000,  0.0000,  1.0000]]], device='cuda:0',
       grad_fn=<CopySlices>)
0:01:22.625068 - loss orn tensor([1.5331e-05], device='cuda:0', grad_fn=<MinBackward0>)
0:01:22.625726 - loss xy tensor([0.0007], device='cuda:0', grad_fn=<MinBackward0>)
0:01:22.626371 - loss z tensor([2.3554e-05], device='cuda:0', grad_fn=<MinBackward0>)
  0%|                                      | 0/1 [00:00<?, ?it/s, loss=0.000788]100%|██████████████████████████████| 1/1 [00:00<00:00,  4.54it/s, loss=0.000788]100%|██████████████████████████████| 1/1 [00:00<00:00,  4.53it/s, loss=0.000788]
0:01:22.375317 - saving /home/ubuntu/synthetic_pose_estimation/cosypose/local_data/experiments/bracket_assembly_debug_nut_nosym_coarse_noaug--938962 138
  0%|                                                     | 0/1 [00:00<?, ?it/s]0:01:22.790560 - iteration 0
0:01:22.834002 - outputs, {'pose': tensor([[-0.9015, -0.6573,  0.2722,  0.5396, -0.2950, -0.3362,  0.5666, -0.8713,
          0.6757]], device='cuda:0', grad_fn=<AddmmBackward0>)}
0:01:22.835929 - model_outputs {'pose': tensor([[-0.9015, -0.6573,  0.2722,  0.5396, -0.2950, -0.3362,  0.5666, -0.8713,
          0.6757]], device='cuda:0', grad_fn=<AddmmBackward0>)}
0:01:22.836738 - K crop tensor([[[1.9665e+03, 0.0000e+00, 2.3507e+02],
         [0.0000e+00, 1.9665e+03, 8.3757e+01],
         [0.0000e+00, 0.0000e+00, 1.0000e+00]]], device='cuda:0')
0:01:22.838225 - TCO_input tensor([[[ 1.0000,  0.0000,  0.0000, -0.0124],
         [ 0.0000,  1.0000,  0.0000,  0.0059],
         [ 0.0000,  0.0000,  1.0000,  0.3231],
         [ 0.0000,  0.0000,  0.0000,  1.0000]]], device='cuda:0')
0:01:22.839238 - model tco output tensor([[[-0.7850,  0.4499,  0.4259, -0.0083],
         [-0.5724, -0.7897, -0.2209,  0.0039],
         [ 0.2370, -0.4171,  0.8774,  0.2183],
         [ 0.0000,  0.0000,  0.0000,  1.0000]]], device='cuda:0',
       grad_fn=<CopySlices>)
0:01:22.876405 - Wrote debug data: /home/ubuntu/synthetic_pose_estimation/cosypose/local_data/debug_data/debug_iter=1.pth.tar
0:01:23.086884 - TCO_input tensor([[[ 1.0000,  0.0000,  0.0000, -0.0124],
         [ 0.0000,  1.0000,  0.0000,  0.0059],
         [ 0.0000,  0.0000,  1.0000,  0.3231],
         [ 0.0000,  0.0000,  0.0000,  1.0000]]], device='cuda:0')
0:01:23.087865 - vxvyvz tensor([[ 0.5666, -0.8713,  0.6757]], device='cuda:0',
       grad_fn=<SliceBackward0>)
0:01:23.088848 - dR tensor([[[-0.7850,  0.4499,  0.4259],
         [-0.5724, -0.7897, -0.2209],
         [ 0.2370, -0.4171,  0.8774]]], device='cuda:0',
       grad_fn=<StackBackward0>)
0:01:23.089783 - fxfy tensor([[1966.5377, 1966.5381]], device='cuda:0')
0:01:23.092269 - TCO_gt tensor([[[-0.7893,  0.4511,  0.4165, -0.0100],
         [-0.5688, -0.7927, -0.2192,  0.0062],
         [ 0.2313, -0.4099,  0.8823,  0.1920],
         [ 0.0000,  0.0000,  0.0000,  1.0000]]], device='cuda:0')
0:01:23.093222 - TCO pred_orn tensor([[[-0.7850,  0.4499,  0.4259, -0.0100],
         [-0.5724, -0.7897, -0.2209,  0.0062],
         [ 0.2370, -0.4171,  0.8774,  0.1920],
         [ 0.0000,  0.0000,  0.0000,  1.0000]]], device='cuda:0',
       grad_fn=<CopySlices>)
0:01:23.094157 - TCO pred_xy tensor([[[-0.7893,  0.4511,  0.4165, -0.0073],
         [-0.5688, -0.7927, -0.2192,  0.0034],
         [ 0.2313, -0.4099,  0.8823,  0.1920],
         [ 0.0000,  0.0000,  0.0000,  1.0000]]], device='cuda:0',
       grad_fn=<CopySlices>)
0:01:23.095078 - TCO pred_z tensor([[[-0.7893,  0.4511,  0.4165, -0.0100],
         [-0.5688, -0.7927, -0.2192,  0.0062],
         [ 0.2313, -0.4099,  0.8823,  0.2183],
         [ 0.0000,  0.0000,  0.0000,  1.0000]]], device='cuda:0',
       grad_fn=<CopySlices>)
0:01:23.095767 - loss orn tensor([4.2889e-05], device='cuda:0', grad_fn=<MinBackward0>)
0:01:23.096405 - loss xy tensor([0.0018], device='cuda:0', grad_fn=<MinBackward0>)
0:01:23.097119 - loss z tensor([0.0088], device='cuda:0', grad_fn=<MinBackward0>)
  0%|                                        | 0/1 [00:00<?, ?it/s, loss=0.0107]100%|████████████████████████████████| 1/1 [00:00<00:00,  4.64it/s, loss=0.0107]100%|████████████████████████████████| 1/1 [00:00<00:00,  4.64it/s, loss=0.0107]
0:01:22.853994 - saving /home/ubuntu/synthetic_pose_estimation/cosypose/local_data/experiments/bracket_assembly_debug_nut_nosym_coarse_noaug--938962 139
  0%|                                                     | 0/1 [00:00<?, ?it/s]0:01:23.269032 - iteration 0
0:01:23.312916 - outputs, {'pose': tensor([[-0.9045, -0.6527,  0.2594,  0.5370, -0.2964, -0.3323,  0.5685, -0.8643,
          0.6653]], device='cuda:0', grad_fn=<AddmmBackward0>)}
0:01:23.314529 - model_outputs {'pose': tensor([[-0.9045, -0.6527,  0.2594,  0.5370, -0.2964, -0.3323,  0.5685, -0.8643,
          0.6653]], device='cuda:0', grad_fn=<AddmmBackward0>)}
0:01:23.315326 - K crop tensor([[[1.8709e+03, 0.0000e+00, 2.7198e+02],
         [0.0000e+00, 1.8709e+03, 3.5156e+01],
         [0.0000e+00, 0.0000e+00, 1.0000e+00]]], device='cuda:0')
0:01:23.316186 - TCO_input tensor([[[ 1.0000,  0.0000,  0.0000, -0.0187],
         [ 0.0000,  1.0000,  0.0000,  0.0140],
         [ 0.0000,  0.0000,  1.0000,  0.3110],
         [ 0.0000,  0.0000,  0.0000,  1.0000]]], device='cuda:0')
0:01:23.317780 - model tco output tensor([[[-0.7898,  0.4493,  0.4175, -0.0124],
         [-0.5700, -0.7891, -0.2291,  0.0092],
         [ 0.2265, -0.4190,  0.8793,  0.2069],
         [ 0.0000,  0.0000,  0.0000,  1.0000]]], device='cuda:0',
       grad_fn=<CopySlices>)
0:01:23.358222 - Wrote debug data: /home/ubuntu/synthetic_pose_estimation/cosypose/local_data/debug_data/debug_iter=1.pth.tar
0:01:23.567699 - TCO_input tensor([[[ 1.0000,  0.0000,  0.0000, -0.0187],
         [ 0.0000,  1.0000,  0.0000,  0.0140],
         [ 0.0000,  0.0000,  1.0000,  0.3110],
         [ 0.0000,  0.0000,  0.0000,  1.0000]]], device='cuda:0')
0:01:23.568705 - vxvyvz tensor([[ 0.5685, -0.8643,  0.6653]], device='cuda:0',
       grad_fn=<SliceBackward0>)
0:01:23.569754 - dR tensor([[[-0.7898,  0.4493,  0.4175],
         [-0.5700, -0.7891, -0.2291],
         [ 0.2265, -0.4190,  0.8793]]], device='cuda:0',
       grad_fn=<StackBackward0>)
0:01:23.570628 - fxfy tensor([[1870.8882, 1870.8883]], device='cuda:0')
0:01:23.573138 - TCO_gt tensor([[[-0.7893,  0.4511,  0.4165, -0.0100],
         [-0.5688, -0.7927, -0.2192,  0.0062],
         [ 0.2313, -0.4099,  0.8823,  0.1920],
         [ 0.0000,  0.0000,  0.0000,  1.0000]]], device='cuda:0')
0:01:23.574075 - TCO pred_orn tensor([[[-0.7898,  0.4493,  0.4175, -0.0100],
         [-0.5700, -0.7891, -0.2291,  0.0062],
         [ 0.2265, -0.4190,  0.8793,  0.1920],
         [ 0.0000,  0.0000,  0.0000,  1.0000]]], device='cuda:0',
       grad_fn=<CopySlices>)
0:01:23.574985 - TCO pred_xy tensor([[[-0.7893,  0.4511,  0.4165, -0.0115],
         [-0.5688, -0.7927, -0.2192,  0.0086],
         [ 0.2313, -0.4099,  0.8823,  0.1920],
         [ 0.0000,  0.0000,  0.0000,  1.0000]]], device='cuda:0',
       grad_fn=<CopySlices>)
0:01:23.575890 - TCO pred_z tensor([[[-0.7893,  0.4511,  0.4165, -0.0100],
         [-0.5688, -0.7927, -0.2192,  0.0062],
         [ 0.2313, -0.4099,  0.8823,  0.2069],
         [ 0.0000,  0.0000,  0.0000,  1.0000]]], device='cuda:0',
       grad_fn=<CopySlices>)
0:01:23.576533 - loss orn tensor([3.9346e-05], device='cuda:0', grad_fn=<MinBackward0>)
0:01:23.577173 - loss xy tensor([0.0013], device='cuda:0', grad_fn=<MinBackward0>)
0:01:23.577820 - loss z tensor([0.0050], device='cuda:0', grad_fn=<MinBackward0>)
  0%|                                       | 0/1 [00:00<?, ?it/s, loss=0.00632]100%|███████████████████████████████| 1/1 [00:00<00:00,  4.52it/s, loss=0.00632]100%|███████████████████████████████| 1/1 [00:00<00:00,  4.51it/s, loss=0.00632]
  0%|                                                     | 0/1 [00:00<?, ?it/s]0:01:23.490413 - iteration 0
0:01:23.528124 - outputs, {'pose': tensor([[-0.0052,  0.0125, -0.0140,  0.0437,  0.0065, -0.0406,  0.0152, -0.0215,
          0.0323]], device='cuda:0')}
0:01:23.529739 - model_outputs {'pose': tensor([[-0.0052,  0.0125, -0.0140,  0.0437,  0.0065, -0.0406,  0.0152, -0.0215,
          0.0323]], device='cuda:0')}
0:01:23.530527 - K crop tensor([[[2.1022e+03, 0.0000e+00, 2.6764e+02],
         [0.0000e+00, 2.1022e+03, 9.0182e+01],
         [0.0000e+00, 0.0000e+00, 1.0000e+00]]], device='cuda:0')
0:01:23.531401 - TCO_input tensor([[[ 1.0000,  0.0000,  0.0000, -0.0177],
         [ 0.0000,  1.0000,  0.0000,  0.0048],
         [ 0.0000,  0.0000,  1.0000,  0.3445],
         [ 0.0000,  0.0000,  0.0000,  1.0000]]], device='cuda:0')
0:01:23.532313 - model tco output tensor([[[-2.6643e-01,  8.8421e-01, -3.8365e-01, -5.7290e-04],
         [ 6.4344e-01, -1.3319e-01, -7.5382e-01,  1.5523e-04],
         [-7.1764e-01, -4.4770e-01, -5.3345e-01,  1.1138e-02],
         [ 0.0000e+00,  0.0000e+00,  0.0000e+00,  1.0000e+00]]],
       device='cuda:0')
0:01:23.569752 - Wrote debug data: /home/ubuntu/synthetic_pose_estimation/cosypose/local_data/debug_data/debug_iter=1.pth.tar
0:01:23.782343 - TCO_input tensor([[[ 1.0000,  0.0000,  0.0000, -0.0177],
         [ 0.0000,  1.0000,  0.0000,  0.0048],
         [ 0.0000,  0.0000,  1.0000,  0.3445],
         [ 0.0000,  0.0000,  0.0000,  1.0000]]], device='cuda:0')
0:01:23.783267 - vxvyvz tensor([[ 0.0152, -0.0215,  0.0323]], device='cuda:0')
0:01:23.784239 - dR tensor([[[-0.2664,  0.8842, -0.3837],
         [ 0.6434, -0.1332, -0.7538],
         [-0.7176, -0.4477, -0.5334]]], device='cuda:0')
0:01:23.785112 - fxfy tensor([[2102.1960, 2102.1963]], device='cuda:0')
0:01:23.787411 - TCO_gt tensor([[[-0.7893,  0.4511,  0.4165, -0.0100],
         [-0.5688, -0.7927, -0.2192,  0.0062],
         [ 0.2313, -0.4099,  0.8823,  0.1920],
         [ 0.0000,  0.0000,  0.0000,  1.0000]]], device='cuda:0')
0:01:23.788320 - TCO pred_orn tensor([[[-0.2664,  0.8842, -0.3837, -0.0100],
         [ 0.6434, -0.1332, -0.7538,  0.0062],
         [-0.7176, -0.4477, -0.5334,  0.1920],
         [ 0.0000,  0.0000,  0.0000,  1.0000]]], device='cuda:0')
0:01:23.789258 - TCO pred_xy tensor([[[-0.7893,  0.4511,  0.4165, -0.0099],
         [-0.5688, -0.7927, -0.2192,  0.0027],
         [ 0.2313, -0.4099,  0.8823,  0.1920],
         [ 0.0000,  0.0000,  0.0000,  1.0000]]], device='cuda:0')
0:01:23.790158 - TCO pred_z tensor([[[-0.7893,  0.4511,  0.4165, -0.0100],
         [-0.5688, -0.7927, -0.2192,  0.0062],
         [ 0.2313, -0.4099,  0.8823,  0.0111],
         [ 0.0000,  0.0000,  0.0000,  1.0000]]], device='cuda:0')
0:01:23.790796 - loss orn tensor([0.0068], device='cuda:0')
0:01:23.791425 - loss xy tensor([0.0012], device='cuda:0')
0:01:23.792053 - loss z tensor([0.0603], device='cuda:0')
100%|█████████████████████████████████████████████| 1/1 [00:00<00:00,  8.29it/s]100%|█████████████████████████████████████████████| 1/1 [00:00<00:00,  8.26it/s]
0:01:23.460089 - saving /home/ubuntu/synthetic_pose_estimation/cosypose/local_data/experiments/bracket_assembly_debug_nut_nosym_coarse_noaug--938962 140
  0%|                                                     | 0/1 [00:00<?, ?it/s]0:01:23.871944 - iteration 0
0:01:23.915946 - outputs, {'pose': tensor([[-0.9096, -0.6598,  0.2606,  0.5486, -0.3025, -0.3167,  0.5692, -0.8665,
          0.6643]], device='cuda:0', grad_fn=<AddmmBackward0>)}
0:01:23.917622 - model_outputs {'pose': tensor([[-0.9096, -0.6598,  0.2606,  0.5486, -0.3025, -0.3167,  0.5692, -0.8665,
          0.6643]], device='cuda:0', grad_fn=<AddmmBackward0>)}
0:01:23.918411 - K crop tensor([[[2.0347e+03, 0.0000e+00, 1.8468e+02],
         [0.0000e+00, 2.0347e+03, 6.2084e+01],
         [0.0000e+00, 0.0000e+00, 1.0000e+00]]], device='cuda:0')
0:01:23.919263 - TCO_input tensor([[[ 1.0000,  0.0000,  0.0000, -0.0042],
         [ 0.0000,  1.0000,  0.0000,  0.0095],
         [ 0.0000,  0.0000,  1.0000,  0.3355],
         [ 0.0000,  0.0000,  0.0000,  1.0000]]], device='cuda:0')
0:01:23.920162 - model tco output tensor([[[-0.7885,  0.4645,  0.4031, -0.0027],
         [-0.5720, -0.7947, -0.2033,  0.0062],
         [ 0.2259, -0.3908,  0.8923,  0.2229],
         [ 0.0000,  0.0000,  0.0000,  1.0000]]], device='cuda:0',
       grad_fn=<CopySlices>)
0:01:23.957143 - Wrote debug data: /home/ubuntu/synthetic_pose_estimation/cosypose/local_data/debug_data/debug_iter=1.pth.tar
0:01:24.168611 - TCO_input tensor([[[ 1.0000,  0.0000,  0.0000, -0.0042],
         [ 0.0000,  1.0000,  0.0000,  0.0095],
         [ 0.0000,  0.0000,  1.0000,  0.3355],
         [ 0.0000,  0.0000,  0.0000,  1.0000]]], device='cuda:0')
0:01:24.169726 - vxvyvz tensor([[ 0.5692, -0.8665,  0.6643]], device='cuda:0',
       grad_fn=<SliceBackward0>)
0:01:24.170751 - dR tensor([[[-0.7885,  0.4645,  0.4031],
         [-0.5720, -0.7947, -0.2033],
         [ 0.2259, -0.3908,  0.8923]]], device='cuda:0',
       grad_fn=<StackBackward0>)
0:01:24.171614 - fxfy tensor([[2034.6959, 2034.6959]], device='cuda:0')
0:01:24.174128 - TCO_gt tensor([[[-0.7893,  0.4511,  0.4165, -0.0100],
         [-0.5688, -0.7927, -0.2192,  0.0062],
         [ 0.2313, -0.4099,  0.8823,  0.1920],
         [ 0.0000,  0.0000,  0.0000,  1.0000]]], device='cuda:0')
0:01:24.175045 - TCO pred_orn tensor([[[-0.7885,  0.4645,  0.4031, -0.0100],
         [-0.5720, -0.7947, -0.2033,  0.0062],
         [ 0.2259, -0.3908,  0.8923,  0.1920],
         [ 0.0000,  0.0000,  0.0000,  1.0000]]], device='cuda:0',
       grad_fn=<CopySlices>)
0:01:24.175940 - TCO pred_xy tensor([[[-0.7893,  0.4511,  0.4165, -0.0023],
         [-0.5688, -0.7927, -0.2192,  0.0053],
         [ 0.2313, -0.4099,  0.8823,  0.1920],
         [ 0.0000,  0.0000,  0.0000,  1.0000]]], device='cuda:0',
       grad_fn=<CopySlices>)
0:01:24.176833 - TCO pred_z tensor([[[-0.7893,  0.4511,  0.4165, -0.0100],
         [-0.5688, -0.7927, -0.2192,  0.0062],
         [ 0.2313, -0.4099,  0.8823,  0.2229],
         [ 0.0000,  0.0000,  0.0000,  1.0000]]], device='cuda:0',
       grad_fn=<CopySlices>)
0:01:24.177527 - loss orn tensor([9.3203e-05], device='cuda:0', grad_fn=<MinBackward0>)
0:01:24.178154 - loss xy tensor([0.0028], device='cuda:0', grad_fn=<MinBackward0>)
0:01:24.178776 - loss z tensor([0.0103], device='cuda:0', grad_fn=<MinBackward0>)
  0%|                                        | 0/1 [00:00<?, ?it/s, loss=0.0132]100%|████████████████████████████████| 1/1 [00:00<00:00,  4.74it/s, loss=0.0132]100%|████████████████████████████████| 1/1 [00:00<00:00,  4.73it/s, loss=0.0132]
0:01:23.951749 - saving /home/ubuntu/synthetic_pose_estimation/cosypose/local_data/experiments/bracket_assembly_debug_nut_nosym_coarse_noaug--938962 141
  0%|                                                     | 0/1 [00:00<?, ?it/s]0:01:24.366819 - iteration 0
0:01:24.410267 - outputs, {'pose': tensor([[-0.9070, -0.6488,  0.2622,  0.5509, -0.3101, -0.3156,  0.5764, -0.8709,
          0.6567]], device='cuda:0', grad_fn=<AddmmBackward0>)}
0:01:24.411819 - model_outputs {'pose': tensor([[-0.9070, -0.6488,  0.2622,  0.5509, -0.3101, -0.3156,  0.5764, -0.8709,
          0.6567]], device='cuda:0', grad_fn=<AddmmBackward0>)}
0:01:24.412598 - K crop tensor([[[1.9913e+03, 0.0000e+00, 2.5470e+02],
         [0.0000e+00, 1.9913e+03, 9.0707e+01],
         [0.0000e+00, 0.0000e+00, 1.0000e+00]]], device='cuda:0')
0:01:24.413659 - TCO_input tensor([[[ 1.0000,  0.0000,  0.0000, -0.0156],
         [ 0.0000,  1.0000,  0.0000,  0.0047],
         [ 0.0000,  0.0000,  1.0000,  0.3267],
         [ 0.0000,  0.0000,  0.0000,  1.0000]]], device='cuda:0')
0:01:24.415000 - model tco output tensor([[[-0.7918,  0.4611,  0.4007, -0.0102],
         [-0.5663, -0.7999, -0.1986,  0.0030],
         [ 0.2289, -0.3842,  0.8944,  0.2145],
         [ 0.0000,  0.0000,  0.0000,  1.0000]]], device='cuda:0',
       grad_fn=<CopySlices>)
0:01:24.452892 - Wrote debug data: /home/ubuntu/synthetic_pose_estimation/cosypose/local_data/debug_data/debug_iter=1.pth.tar
0:01:24.662597 - TCO_input tensor([[[ 1.0000,  0.0000,  0.0000, -0.0156],
         [ 0.0000,  1.0000,  0.0000,  0.0047],
         [ 0.0000,  0.0000,  1.0000,  0.3267],
         [ 0.0000,  0.0000,  0.0000,  1.0000]]], device='cuda:0')
0:01:24.663518 - vxvyvz tensor([[ 0.5764, -0.8709,  0.6567]], device='cuda:0',
       grad_fn=<SliceBackward0>)
0:01:24.664495 - dR tensor([[[-0.7918,  0.4611,  0.4007],
         [-0.5663, -0.7999, -0.1986],
         [ 0.2289, -0.3842,  0.8944]]], device='cuda:0',
       grad_fn=<StackBackward0>)
0:01:24.665414 - fxfy tensor([[1991.3473, 1991.3477]], device='cuda:0')
0:01:24.667863 - TCO_gt tensor([[[-0.7893,  0.4511,  0.4165, -0.0100],
         [-0.5688, -0.7927, -0.2192,  0.0062],
         [ 0.2313, -0.4099,  0.8823,  0.1920],
         [ 0.0000,  0.0000,  0.0000,  1.0000]]], device='cuda:0')
0:01:24.668767 - TCO pred_orn tensor([[[-0.7918,  0.4611,  0.4007, -0.0100],
         [-0.5663, -0.7999, -0.1986,  0.0062],
         [ 0.2289, -0.3842,  0.8944,  0.1920],
         [ 0.0000,  0.0000,  0.0000,  1.0000]]], device='cuda:0',
       grad_fn=<CopySlices>)
0:01:24.669709 - TCO pred_xy tensor([[[-0.7893,  0.4511,  0.4165, -0.0091],
         [-0.5688, -0.7927, -0.2192,  0.0027],
         [ 0.2313, -0.4099,  0.8823,  0.1920],
         [ 0.0000,  0.0000,  0.0000,  1.0000]]], device='cuda:0',
       grad_fn=<CopySlices>)
0:01:24.670606 - TCO pred_z tensor([[[-0.7893,  0.4511,  0.4165, -0.0100],
         [-0.5688, -0.7927, -0.2192,  0.0062],
         [ 0.2313, -0.4099,  0.8823,  0.2145],
         [ 0.0000,  0.0000,  0.0000,  1.0000]]], device='cuda:0',
       grad_fn=<CopySlices>)
0:01:24.671238 - loss orn tensor([0.0001], device='cuda:0', grad_fn=<MinBackward0>)
0:01:24.671861 - loss xy tensor([0.0015], device='cuda:0', grad_fn=<MinBackward0>)
0:01:24.672485 - loss z tensor([0.0075], device='cuda:0', grad_fn=<MinBackward0>)
  0%|                                       | 0/1 [00:00<?, ?it/s, loss=0.00908]100%|███████████████████████████████| 1/1 [00:00<00:00,  4.72it/s, loss=0.00908]100%|███████████████████████████████| 1/1 [00:00<00:00,  4.71it/s, loss=0.00908]
0:01:24.419014 - saving /home/ubuntu/synthetic_pose_estimation/cosypose/local_data/experiments/bracket_assembly_debug_nut_nosym_coarse_noaug--938962 142
  0%|                                                     | 0/1 [00:00<?, ?it/s]0:01:24.834196 - iteration 0
0:01:24.878998 - outputs, {'pose': tensor([[-0.9110, -0.6459,  0.2598,  0.5512, -0.3087, -0.3176,  0.5801, -0.8654,
          0.6396]], device='cuda:0', grad_fn=<AddmmBackward0>)}
0:01:24.880601 - model_outputs {'pose': tensor([[-0.9110, -0.6459,  0.2598,  0.5512, -0.3087, -0.3176,  0.5801, -0.8654,
          0.6396]], device='cuda:0', grad_fn=<AddmmBackward0>)}
0:01:24.881397 - K crop tensor([[[1.8528e+03, 0.0000e+00, 2.7893e+02],
         [0.0000e+00, 1.8528e+03, 7.2404e+01],
         [0.0000e+00, 0.0000e+00, 1.0000e+00]]], device='cuda:0')
0:01:24.882303 - TCO_input tensor([[[ 1.0000,  0.0000,  0.0000, -0.0197],
         [ 0.0000,  1.0000,  0.0000,  0.0078],
         [ 0.0000,  0.0000,  1.0000,  0.3057],
         [ 0.0000,  0.0000,  0.0000,  1.0000]]], device='cuda:0')
0:01:24.883219 - model tco output tensor([[[-0.7946,  0.4568,  0.4000, -0.0125],
         [-0.5633, -0.8004, -0.2049,  0.0049],
         [ 0.2266, -0.3882,  0.8933,  0.1955],
         [ 0.0000,  0.0000,  0.0000,  1.0000]]], device='cuda:0',
       grad_fn=<CopySlices>)
0:01:24.921292 - Wrote debug data: /home/ubuntu/synthetic_pose_estimation/cosypose/local_data/debug_data/debug_iter=1.pth.tar
0:01:25.134126 - TCO_input tensor([[[ 1.0000,  0.0000,  0.0000, -0.0197],
         [ 0.0000,  1.0000,  0.0000,  0.0078],
         [ 0.0000,  0.0000,  1.0000,  0.3057],
         [ 0.0000,  0.0000,  0.0000,  1.0000]]], device='cuda:0')
0:01:25.135181 - vxvyvz tensor([[ 0.5801, -0.8654,  0.6396]], device='cuda:0',
       grad_fn=<SliceBackward0>)
0:01:25.136227 - dR tensor([[[-0.7946,  0.4568,  0.4000],
         [-0.5633, -0.8004, -0.2049],
         [ 0.2266, -0.3882,  0.8933]]], device='cuda:0',
       grad_fn=<StackBackward0>)
0:01:25.137265 - fxfy tensor([[1852.7911, 1852.7914]], device='cuda:0')
0:01:25.139894 - TCO_gt tensor([[[-0.7893,  0.4511,  0.4165, -0.0100],
         [-0.5688, -0.7927, -0.2192,  0.0062],
         [ 0.2313, -0.4099,  0.8823,  0.1920],
         [ 0.0000,  0.0000,  0.0000,  1.0000]]], device='cuda:0')
0:01:25.140841 - TCO pred_orn tensor([[[-0.7946,  0.4568,  0.4000, -0.0100],
         [-0.5633, -0.8004, -0.2049,  0.0062],
         [ 0.2266, -0.3882,  0.8933,  0.1920],
         [ 0.0000,  0.0000,  0.0000,  1.0000]]], device='cuda:0',
       grad_fn=<CopySlices>)
0:01:25.141786 - TCO pred_xy tensor([[[-0.7893,  0.4511,  0.4165, -0.0123],
         [-0.5688, -0.7927, -0.2192,  0.0048],
         [ 0.2313, -0.4099,  0.8823,  0.1920],
         [ 0.0000,  0.0000,  0.0000,  1.0000]]], device='cuda:0',
       grad_fn=<CopySlices>)
0:01:25.142670 - TCO pred_z tensor([[[-0.7893,  0.4511,  0.4165, -0.0100],
         [-0.5688, -0.7927, -0.2192,  0.0062],
         [ 0.2313, -0.4099,  0.8823,  0.1955],
         [ 0.0000,  0.0000,  0.0000,  1.0000]]], device='cuda:0',
       grad_fn=<CopySlices>)
0:01:25.143346 - loss orn tensor([9.6057e-05], device='cuda:0', grad_fn=<MinBackward0>)
0:01:25.144053 - loss xy tensor([0.0012], device='cuda:0', grad_fn=<MinBackward0>)
0:01:25.144825 - loss z tensor([0.0012], device='cuda:0', grad_fn=<MinBackward0>)
  0%|                                       | 0/1 [00:00<?, ?it/s, loss=0.00251]100%|███████████████████████████████| 1/1 [00:00<00:00,  4.56it/s, loss=0.00251]100%|███████████████████████████████| 1/1 [00:00<00:00,  4.54it/s, loss=0.00251]
0:01:24.907128 - saving /home/ubuntu/synthetic_pose_estimation/cosypose/local_data/experiments/bracket_assembly_debug_nut_nosym_coarse_noaug--938962 143
  0%|                                                     | 0/1 [00:00<?, ?it/s]0:01:25.322130 - iteration 0
0:01:25.366208 - outputs, {'pose': tensor([[-0.9151, -0.6453,  0.2682,  0.5496, -0.3108, -0.3250,  0.5892, -0.8708,
          0.6366]], device='cuda:0', grad_fn=<AddmmBackward0>)}
0:01:25.367935 - model_outputs {'pose': tensor([[-0.9151, -0.6453,  0.2682,  0.5496, -0.3108, -0.3250,  0.5892, -0.8708,
          0.6366]], device='cuda:0', grad_fn=<AddmmBackward0>)}
0:01:25.368739 - K crop tensor([[[1.5376e+03, 0.0000e+00, 2.8325e+02],
         [0.0000e+00, 1.5376e+03, 4.1981e+01],
         [0.0000e+00, 0.0000e+00, 1.0000e+00]]], device='cuda:0')
0:01:25.369610 - TCO_input tensor([[[ 1.0000,  0.0000,  0.0000, -0.0207],
         [ 0.0000,  1.0000,  0.0000,  0.0130],
         [ 0.0000,  0.0000,  1.0000,  0.2572],
         [ 0.0000,  0.0000,  0.0000,  1.0000]]], device='cuda:0')
0:01:25.371121 - model tco output tensor([[[-0.7947,  0.4496,  0.4077, -0.0131],
         [-0.5605, -0.8015, -0.2086,  0.0082],
         [ 0.2330, -0.3943,  0.8890,  0.1637],
         [ 0.0000,  0.0000,  0.0000,  1.0000]]], device='cuda:0',
       grad_fn=<CopySlices>)
0:01:25.410791 - Wrote debug data: /home/ubuntu/synthetic_pose_estimation/cosypose/local_data/debug_data/debug_iter=1.pth.tar
0:01:25.624847 - TCO_input tensor([[[ 1.0000,  0.0000,  0.0000, -0.0207],
         [ 0.0000,  1.0000,  0.0000,  0.0130],
         [ 0.0000,  0.0000,  1.0000,  0.2572],
         [ 0.0000,  0.0000,  0.0000,  1.0000]]], device='cuda:0')
0:01:25.625847 - vxvyvz tensor([[ 0.5892, -0.8708,  0.6366]], device='cuda:0',
       grad_fn=<SliceBackward0>)
0:01:25.626836 - dR tensor([[[-0.7947,  0.4496,  0.4077],
         [-0.5605, -0.8015, -0.2086],
         [ 0.2330, -0.3943,  0.8890]]], device='cuda:0',
       grad_fn=<StackBackward0>)
0:01:25.627725 - fxfy tensor([[1537.5637, 1537.5637]], device='cuda:0')
0:01:25.630266 - TCO_gt tensor([[[-0.7893,  0.4511,  0.4165, -0.0100],
         [-0.5688, -0.7927, -0.2192,  0.0062],
         [ 0.2313, -0.4099,  0.8823,  0.1920],
         [ 0.0000,  0.0000,  0.0000,  1.0000]]], device='cuda:0')
0:01:25.631189 - TCO pred_orn tensor([[[-0.7947,  0.4496,  0.4077, -0.0100],
         [-0.5605, -0.8015, -0.2086,  0.0062],
         [ 0.2330, -0.3943,  0.8890,  0.1920],
         [ 0.0000,  0.0000,  0.0000,  1.0000]]], device='cuda:0',
       grad_fn=<CopySlices>)
0:01:25.632098 - TCO pred_xy tensor([[[-0.7893,  0.4511,  0.4165, -0.0154],
         [-0.5688, -0.7927, -0.2192,  0.0096],
         [ 0.2313, -0.4099,  0.8823,  0.1920],
         [ 0.0000,  0.0000,  0.0000,  1.0000]]], device='cuda:0',
       grad_fn=<CopySlices>)
0:01:25.633018 - TCO pred_z tensor([[[-0.7893,  0.4511,  0.4165, -0.0100],
         [-0.5688, -0.7927, -0.2192,  0.0062],
         [ 0.2313, -0.4099,  0.8823,  0.1637],
         [ 0.0000,  0.0000,  0.0000,  1.0000]]], device='cuda:0',
       grad_fn=<CopySlices>)
0:01:25.633679 - loss orn tensor([7.1464e-05], device='cuda:0', grad_fn=<MinBackward0>)
0:01:25.634318 - loss xy tensor([0.0029], device='cuda:0', grad_fn=<MinBackward0>)
0:01:25.634942 - loss z tensor([0.0094], device='cuda:0', grad_fn=<MinBackward0>)
  0%|                                        | 0/1 [00:00<?, ?it/s, loss=0.0124]100%|████████████████████████████████| 1/1 [00:00<00:00,  4.55it/s, loss=0.0124]100%|████████████████████████████████| 1/1 [00:00<00:00,  4.55it/s, loss=0.0124]
0:01:25.376446 - saving /home/ubuntu/synthetic_pose_estimation/cosypose/local_data/experiments/bracket_assembly_debug_nut_nosym_coarse_noaug--938962 144
  0%|                                                     | 0/1 [00:00<?, ?it/s]0:01:25.791593 - iteration 0
0:01:25.835177 - outputs, {'pose': tensor([[-0.9137, -0.6513,  0.2624,  0.5422, -0.3039, -0.3354,  0.5966, -0.8707,
          0.6317]], device='cuda:0', grad_fn=<AddmmBackward0>)}
0:01:25.836817 - model_outputs {'pose': tensor([[-0.9137, -0.6513,  0.2624,  0.5422, -0.3039, -0.3354,  0.5966, -0.8707,
          0.6317]], device='cuda:0', grad_fn=<AddmmBackward0>)}
0:01:25.837656 - K crop tensor([[[1.8711e+03, 0.0000e+00, 2.6113e+02],
         [0.0000e+00, 1.8711e+03, 9.2532e+01],
         [0.0000e+00, 0.0000e+00, 1.0000e+00]]], device='cuda:0')
0:01:25.838535 - TCO_input tensor([[[ 1.0000,  0.0000,  0.0000, -0.0167],
         [ 0.0000,  1.0000,  0.0000,  0.0044],
         [ 0.0000,  0.0000,  1.0000,  0.3073],
         [ 0.0000,  0.0000,  0.0000,  1.0000]]], device='cuda:0')
0:01:25.840031 - model tco output tensor([[[-0.7929,  0.4452,  0.4160, -0.0105],
         [-0.5652, -0.7925, -0.2290,  0.0027],
         [ 0.2277, -0.4167,  0.8801,  0.1941],
         [ 0.0000,  0.0000,  0.0000,  1.0000]]], device='cuda:0',
       grad_fn=<CopySlices>)
0:01:25.878677 - Wrote debug data: /home/ubuntu/synthetic_pose_estimation/cosypose/local_data/debug_data/debug_iter=1.pth.tar
0:01:26.091867 - TCO_input tensor([[[ 1.0000,  0.0000,  0.0000, -0.0167],
         [ 0.0000,  1.0000,  0.0000,  0.0044],
         [ 0.0000,  0.0000,  1.0000,  0.3073],
         [ 0.0000,  0.0000,  0.0000,  1.0000]]], device='cuda:0')
0:01:26.092904 - vxvyvz tensor([[ 0.5966, -0.8707,  0.6317]], device='cuda:0',
       grad_fn=<SliceBackward0>)
0:01:26.094005 - dR tensor([[[-0.7929,  0.4452,  0.4160],
         [-0.5652, -0.7925, -0.2290],
         [ 0.2277, -0.4167,  0.8801]]], device='cuda:0',
       grad_fn=<StackBackward0>)
0:01:26.094912 - fxfy tensor([[1871.1405, 1871.1407]], device='cuda:0')
0:01:26.097492 - TCO_gt tensor([[[-0.7893,  0.4511,  0.4165, -0.0100],
         [-0.5688, -0.7927, -0.2192,  0.0062],
         [ 0.2313, -0.4099,  0.8823,  0.1920],
         [ 0.0000,  0.0000,  0.0000,  1.0000]]], device='cuda:0')
0:01:26.098445 - TCO pred_orn tensor([[[-0.7929,  0.4452,  0.4160, -0.0100],
         [-0.5652, -0.7925, -0.2290,  0.0062],
         [ 0.2277, -0.4167,  0.8801,  0.1920],
         [ 0.0000,  0.0000,  0.0000,  1.0000]]], device='cuda:0',
       grad_fn=<CopySlices>)
0:01:26.099359 - TCO pred_xy tensor([[[-0.7893,  0.4511,  0.4165, -0.0104],
         [-0.5688, -0.7927, -0.2192,  0.0027],
         [ 0.2313, -0.4099,  0.8823,  0.1920],
         [ 0.0000,  0.0000,  0.0000,  1.0000]]], device='cuda:0',
       grad_fn=<CopySlices>)
0:01:26.100279 - TCO pred_z tensor([[[-0.7893,  0.4511,  0.4165, -0.0100],
         [-0.5688, -0.7927, -0.2192,  0.0062],
         [ 0.2313, -0.4099,  0.8823,  0.1941],
         [ 0.0000,  0.0000,  0.0000,  1.0000]]], device='cuda:0',
       grad_fn=<CopySlices>)
0:01:26.100958 - loss orn tensor([4.3521e-05], device='cuda:0', grad_fn=<MinBackward0>)
0:01:26.101636 - loss xy tensor([0.0013], device='cuda:0', grad_fn=<MinBackward0>)
0:01:26.102279 - loss z tensor([0.0007], device='cuda:0', grad_fn=<MinBackward0>)
  0%|                                       | 0/1 [00:00<?, ?it/s, loss=0.00204]100%|███████████████████████████████| 1/1 [00:00<00:00,  4.59it/s, loss=0.00204]100%|███████████████████████████████| 1/1 [00:00<00:00,  4.58it/s, loss=0.00204]
0:01:25.847059 - saving /home/ubuntu/synthetic_pose_estimation/cosypose/local_data/experiments/bracket_assembly_debug_nut_nosym_coarse_noaug--938962 145
  0%|                                                     | 0/1 [00:00<?, ?it/s]0:01:26.262244 - iteration 0
0:01:26.307978 - outputs, {'pose': tensor([[-0.9127, -0.6601,  0.2515,  0.5372, -0.2969, -0.3417,  0.6067, -0.8645,
          0.6169]], device='cuda:0', grad_fn=<AddmmBackward0>)}
0:01:26.309698 - model_outputs {'pose': tensor([[-0.9127, -0.6601,  0.2515,  0.5372, -0.2969, -0.3417,  0.6067, -0.8645,
          0.6169]], device='cuda:0', grad_fn=<AddmmBackward0>)}
0:01:26.311086 - K crop tensor([[[1.6030e+03, 0.0000e+00, 2.6718e+02],
         [0.0000e+00, 1.6030e+03, 2.6999e+01],
         [0.0000e+00, 0.0000e+00, 1.0000e+00]]], device='cuda:0')
0:01:26.312030 - TCO_input tensor([[[ 1.0000,  0.0000,  0.0000, -0.0180],
         [ 0.0000,  1.0000,  0.0000,  0.0155],
         [ 0.0000,  0.0000,  1.0000,  0.2686],
         [ 0.0000,  0.0000,  0.0000,  1.0000]]], device='cuda:0')
0:01:26.312952 - model tco output tensor([[[-0.7908,  0.4459,  0.4192, -0.0111],
         [-0.5719, -0.7823, -0.2469,  0.0095],
         [ 0.2179, -0.4350,  0.8737,  0.1657],
         [ 0.0000,  0.0000,  0.0000,  1.0000]]], device='cuda:0',
       grad_fn=<CopySlices>)
0:01:26.353643 - Wrote debug data: /home/ubuntu/synthetic_pose_estimation/cosypose/local_data/debug_data/debug_iter=1.pth.tar
0:01:26.565359 - TCO_input tensor([[[ 1.0000,  0.0000,  0.0000, -0.0180],
         [ 0.0000,  1.0000,  0.0000,  0.0155],
         [ 0.0000,  0.0000,  1.0000,  0.2686],
         [ 0.0000,  0.0000,  0.0000,  1.0000]]], device='cuda:0')
0:01:26.566404 - vxvyvz tensor([[ 0.6067, -0.8645,  0.6169]], device='cuda:0',
       grad_fn=<SliceBackward0>)
0:01:26.567451 - dR tensor([[[-0.7908,  0.4459,  0.4192],
         [-0.5719, -0.7823, -0.2469],
         [ 0.2179, -0.4350,  0.8737]]], device='cuda:0',
       grad_fn=<StackBackward0>)
0:01:26.568372 - fxfy tensor([[1602.9977, 1602.9978]], device='cuda:0')
0:01:26.570966 - TCO_gt tensor([[[-0.7893,  0.4511,  0.4165, -0.0100],
         [-0.5688, -0.7927, -0.2192,  0.0062],
         [ 0.2313, -0.4099,  0.8823,  0.1920],
         [ 0.0000,  0.0000,  0.0000,  1.0000]]], device='cuda:0')
0:01:26.571894 - TCO pred_orn tensor([[[-0.7908,  0.4459,  0.4192, -0.0100],
         [-0.5719, -0.7823, -0.2469,  0.0062],
         [ 0.2179, -0.4350,  0.8737,  0.1920],
         [ 0.0000,  0.0000,  0.0000,  1.0000]]], device='cuda:0',
       grad_fn=<CopySlices>)
0:01:26.572813 - TCO pred_xy tensor([[[-0.7893,  0.4511,  0.4165, -0.0128],
         [-0.5688, -0.7927, -0.2192,  0.0110],
         [ 0.2313, -0.4099,  0.8823,  0.1920],
         [ 0.0000,  0.0000,  0.0000,  1.0000]]], device='cuda:0',
       grad_fn=<CopySlices>)
0:01:26.573761 - TCO pred_z tensor([[[-0.7893,  0.4511,  0.4165, -0.0100],
         [-0.5688, -0.7927, -0.2192,  0.0062],
         [ 0.2313, -0.4099,  0.8823,  0.1657],
         [ 0.0000,  0.0000,  0.0000,  1.0000]]], device='cuda:0',
       grad_fn=<CopySlices>)
0:01:26.574412 - loss orn tensor([0.0001], device='cuda:0', grad_fn=<MinBackward0>)
0:01:26.575055 - loss xy tensor([0.0025], device='cuda:0', grad_fn=<MinBackward0>)
0:01:26.575697 - loss z tensor([0.0088], device='cuda:0', grad_fn=<MinBackward0>)
  0%|                                        | 0/1 [00:00<?, ?it/s, loss=0.0114]100%|████████████████████████████████| 1/1 [00:00<00:00,  4.53it/s, loss=0.0114]100%|████████████████████████████████| 1/1 [00:00<00:00,  4.53it/s, loss=0.0114]
0:01:26.325758 - saving /home/ubuntu/synthetic_pose_estimation/cosypose/local_data/experiments/bracket_assembly_debug_nut_nosym_coarse_noaug--938962 146
  0%|                                                     | 0/1 [00:00<?, ?it/s]0:01:26.740925 - iteration 0
0:01:26.784044 - outputs, {'pose': tensor([[-0.9020, -0.6664,  0.2540,  0.5407, -0.3047, -0.3381,  0.6114, -0.8657,
          0.6051]], device='cuda:0', grad_fn=<AddmmBackward0>)}
0:01:26.785602 - model_outputs {'pose': tensor([[-0.9020, -0.6664,  0.2540,  0.5407, -0.3047, -0.3381,  0.6114, -0.8657,
          0.6051]], device='cuda:0', grad_fn=<AddmmBackward0>)}
0:01:26.786369 - K crop tensor([[[2.1373e+03, 0.0000e+00, 2.2508e+02],
         [0.0000e+00, 2.1373e+03, 1.1313e+02],
         [0.0000e+00, 0.0000e+00, 1.0000e+00]]], device='cuda:0')
0:01:26.787212 - TCO_input tensor([[[ 1.0000,  0.0000,  0.0000, -0.0107],
         [ 0.0000,  1.0000,  0.0000,  0.0010],
         [ 0.0000,  0.0000,  1.0000,  0.3486],
         [ 0.0000,  0.0000,  0.0000,  1.0000]]], device='cuda:0')
0:01:26.788539 - model tco output tensor([[[-7.8444e-01,  4.5771e-01,  4.1851e-01, -6.4109e-03],
         [-5.7953e-01, -7.8130e-01, -2.3177e-01,  5.4349e-04],
         [ 2.2090e-01, -4.2435e-01,  8.7814e-01,  2.1090e-01],
         [ 0.0000e+00,  0.0000e+00,  0.0000e+00,  1.0000e+00]]],
       device='cuda:0', grad_fn=<CopySlices>)
0:01:26.825183 - Wrote debug data: /home/ubuntu/synthetic_pose_estimation/cosypose/local_data/debug_data/debug_iter=1.pth.tar
0:01:27.037062 - TCO_input tensor([[[ 1.0000,  0.0000,  0.0000, -0.0107],
         [ 0.0000,  1.0000,  0.0000,  0.0010],
         [ 0.0000,  0.0000,  1.0000,  0.3486],
         [ 0.0000,  0.0000,  0.0000,  1.0000]]], device='cuda:0')
0:01:27.038055 - vxvyvz tensor([[ 0.6114, -0.8657,  0.6051]], device='cuda:0',
       grad_fn=<SliceBackward0>)
0:01:27.039017 - dR tensor([[[-0.7844,  0.4577,  0.4185],
         [-0.5795, -0.7813, -0.2318],
         [ 0.2209, -0.4243,  0.8781]]], device='cuda:0',
       grad_fn=<StackBackward0>)
0:01:27.039890 - fxfy tensor([[2137.2866, 2137.2864]], device='cuda:0')
0:01:27.042385 - TCO_gt tensor([[[-0.7893,  0.4511,  0.4165, -0.0100],
         [-0.5688, -0.7927, -0.2192,  0.0062],
         [ 0.2313, -0.4099,  0.8823,  0.1920],
         [ 0.0000,  0.0000,  0.0000,  1.0000]]], device='cuda:0')
0:01:27.043299 - TCO pred_orn tensor([[[-0.7844,  0.4577,  0.4185, -0.0100],
         [-0.5795, -0.7813, -0.2318,  0.0062],
         [ 0.2209, -0.4243,  0.8781,  0.1920],
         [ 0.0000,  0.0000,  0.0000,  1.0000]]], device='cuda:0',
       grad_fn=<CopySlices>)
0:01:27.044175 - TCO pred_xy tensor([[[-7.8929e-01,  4.5115e-01,  4.1651e-01, -5.8354e-03],
         [-5.6879e-01, -7.9274e-01, -2.1920e-01,  4.9470e-04],
         [ 2.3129e-01, -4.0992e-01,  8.8231e-01,  1.9197e-01],
         [ 0.0000e+00,  0.0000e+00,  0.0000e+00,  1.0000e+00]]],
       device='cuda:0', grad_fn=<CopySlices>)
0:01:27.045083 - TCO pred_z tensor([[[-0.7893,  0.4511,  0.4165, -0.0100],
         [-0.5688, -0.7927, -0.2192,  0.0062],
         [ 0.2313, -0.4099,  0.8823,  0.2109],
         [ 0.0000,  0.0000,  0.0000,  1.0000]]], device='cuda:0',
       grad_fn=<CopySlices>)
0:01:27.045731 - loss orn tensor([8.3820e-05], device='cuda:0', grad_fn=<MinBackward0>)
0:01:27.046340 - loss xy tensor([0.0033], device='cuda:0', grad_fn=<MinBackward0>)
0:01:27.046947 - loss z tensor([0.0063], device='cuda:0', grad_fn=<MinBackward0>)
  0%|                                       | 0/1 [00:00<?, ?it/s, loss=0.00968]100%|███████████████████████████████| 1/1 [00:00<00:00,  4.66it/s, loss=0.00968]100%|███████████████████████████████| 1/1 [00:00<00:00,  4.65it/s, loss=0.00968]
0:01:26.801310 - saving /home/ubuntu/synthetic_pose_estimation/cosypose/local_data/experiments/bracket_assembly_debug_nut_nosym_coarse_noaug--938962 147
  0%|                                                     | 0/1 [00:00<?, ?it/s]0:01:27.216426 - iteration 0
0:01:27.259771 - outputs, {'pose': tensor([[-0.9051, -0.6697,  0.2617,  0.5361, -0.3116, -0.3307,  0.6277, -0.8686,
          0.6046]], device='cuda:0', grad_fn=<AddmmBackward0>)}
0:01:27.261345 - model_outputs {'pose': tensor([[-0.9051, -0.6697,  0.2617,  0.5361, -0.3116, -0.3307,  0.6277, -0.8686,
          0.6046]], device='cuda:0', grad_fn=<AddmmBackward0>)}
0:01:27.262130 - K crop tensor([[[1.9394e+03, 0.0000e+00, 2.9535e+02],
         [0.0000e+00, 1.9394e+03, 8.2944e+01],
         [0.0000e+00, 0.0000e+00, 1.0000e+00]]], device='cuda:0')
0:01:27.262971 - TCO_input tensor([[[ 1.0000,  0.0000,  0.0000, -0.0223],
         [ 0.0000,  1.0000,  0.0000,  0.0060],
         [ 0.0000,  0.0000,  1.0000,  0.3188],
         [ 0.0000,  0.0000,  0.0000,  1.0000]]], device='cuda:0')
0:01:27.263859 - model tco output tensor([[[-0.7830,  0.4615,  0.4170, -0.0134],
         [-0.5793, -0.7851, -0.2189,  0.0035],
         [ 0.2264, -0.4130,  0.8822,  0.1928],
         [ 0.0000,  0.0000,  0.0000,  1.0000]]], device='cuda:0',
       grad_fn=<CopySlices>)
0:01:27.301650 - Wrote debug data: /home/ubuntu/synthetic_pose_estimation/cosypose/local_data/debug_data/debug_iter=1.pth.tar
0:01:27.512934 - TCO_input tensor([[[ 1.0000,  0.0000,  0.0000, -0.0223],
         [ 0.0000,  1.0000,  0.0000,  0.0060],
         [ 0.0000,  0.0000,  1.0000,  0.3188],
         [ 0.0000,  0.0000,  0.0000,  1.0000]]], device='cuda:0')
0:01:27.513984 - vxvyvz tensor([[ 0.6277, -0.8686,  0.6046]], device='cuda:0',
       grad_fn=<SliceBackward0>)
0:01:27.514989 - dR tensor([[[-0.7830,  0.4615,  0.4170],
         [-0.5793, -0.7851, -0.2189],
         [ 0.2264, -0.4130,  0.8822]]], device='cuda:0',
       grad_fn=<StackBackward0>)
0:01:27.515862 - fxfy tensor([[1939.3701, 1939.3705]], device='cuda:0')
0:01:27.518379 - TCO_gt tensor([[[-0.7893,  0.4511,  0.4165, -0.0100],
         [-0.5688, -0.7927, -0.2192,  0.0062],
         [ 0.2313, -0.4099,  0.8823,  0.1920],
         [ 0.0000,  0.0000,  0.0000,  1.0000]]], device='cuda:0')
0:01:27.519297 - TCO pred_orn tensor([[[-0.7830,  0.4615,  0.4170, -0.0100],
         [-0.5793, -0.7851, -0.2189,  0.0062],
         [ 0.2264, -0.4130,  0.8822,  0.1920],
         [ 0.0000,  0.0000,  0.0000,  1.0000]]], device='cuda:0',
       grad_fn=<CopySlices>)
0:01:27.520200 - TCO pred_xy tensor([[[-0.7893,  0.4511,  0.4165, -0.0134],
         [-0.5688, -0.7927, -0.2192,  0.0035],
         [ 0.2313, -0.4099,  0.8823,  0.1920],
         [ 0.0000,  0.0000,  0.0000,  1.0000]]], device='cuda:0',
       grad_fn=<CopySlices>)
0:01:27.521127 - TCO pred_z tensor([[[-0.7893,  0.4511,  0.4165, -0.0100],
         [-0.5688, -0.7927, -0.2192,  0.0062],
         [ 0.2313, -0.4099,  0.8823,  0.1928],
         [ 0.0000,  0.0000,  0.0000,  1.0000]]], device='cuda:0',
       grad_fn=<CopySlices>)
0:01:27.521799 - loss orn tensor([6.0926e-05], device='cuda:0', grad_fn=<MinBackward0>)
0:01:27.522412 - loss xy tensor([0.0020], device='cuda:0', grad_fn=<MinBackward0>)
0:01:27.523022 - loss z tensor([0.0003], device='cuda:0', grad_fn=<MinBackward0>)
  0%|                                       | 0/1 [00:00<?, ?it/s, loss=0.00234]100%|███████████████████████████████| 1/1 [00:00<00:00,  4.68it/s, loss=0.00234]100%|███████████████████████████████| 1/1 [00:00<00:00,  4.67it/s, loss=0.00234]
0:01:27.267974 - saving /home/ubuntu/synthetic_pose_estimation/cosypose/local_data/experiments/bracket_assembly_debug_nut_nosym_coarse_noaug--938962 148
  0%|                                                     | 0/1 [00:00<?, ?it/s]0:01:27.683166 - iteration 0
0:01:27.726838 - outputs, {'pose': tensor([[-0.8960, -0.6616,  0.2671,  0.5426, -0.3126, -0.3285,  0.6368, -0.8592,
          0.5878]], device='cuda:0', grad_fn=<AddmmBackward0>)}
0:01:27.728460 - model_outputs {'pose': tensor([[-0.8960, -0.6616,  0.2671,  0.5426, -0.3126, -0.3285,  0.6368, -0.8592,
          0.5878]], device='cuda:0', grad_fn=<AddmmBackward0>)}
0:01:27.729238 - K crop tensor([[[1.8023e+03, 0.0000e+00, 3.2443e+02],
         [0.0000e+00, 1.8023e+03, 1.1106e+01],
         [0.0000e+00, 0.0000e+00, 1.0000e+00]]], device='cuda:0')
0:01:27.730087 - TCO_input tensor([[[ 1.0000,  0.0000,  0.0000, -0.0276],
         [ 0.0000,  1.0000,  0.0000,  0.0181],
         [ 0.0000,  0.0000,  1.0000,  0.3016],
         [ 0.0000,  0.0000,  0.0000,  1.0000]]], device='cuda:0')
0:01:27.730967 - model tco output tensor([[[-0.7823,  0.4630,  0.4167, -0.0162],
         [-0.5776, -0.7896, -0.2070,  0.0106],
         [ 0.2332, -0.4026,  0.8852,  0.1773],
         [ 0.0000,  0.0000,  0.0000,  1.0000]]], device='cuda:0',
       grad_fn=<CopySlices>)
0:01:27.772527 - Wrote debug data: /home/ubuntu/synthetic_pose_estimation/cosypose/local_data/debug_data/debug_iter=1.pth.tar
0:01:27.983604 - TCO_input tensor([[[ 1.0000,  0.0000,  0.0000, -0.0276],
         [ 0.0000,  1.0000,  0.0000,  0.0181],
         [ 0.0000,  0.0000,  1.0000,  0.3016],
         [ 0.0000,  0.0000,  0.0000,  1.0000]]], device='cuda:0')
0:01:27.984647 - vxvyvz tensor([[ 0.6368, -0.8592,  0.5878]], device='cuda:0',
       grad_fn=<SliceBackward0>)
0:01:27.985662 - dR tensor([[[-0.7823,  0.4630,  0.4167],
         [-0.5776, -0.7896, -0.2070],
         [ 0.2332, -0.4026,  0.8852]]], device='cuda:0',
       grad_fn=<StackBackward0>)
0:01:27.986542 - fxfy tensor([[1802.3429, 1802.3431]], device='cuda:0')
0:01:27.989023 - TCO_gt tensor([[[-0.7893,  0.4511,  0.4165, -0.0100],
         [-0.5688, -0.7927, -0.2192,  0.0062],
         [ 0.2313, -0.4099,  0.8823,  0.1920],
         [ 0.0000,  0.0000,  0.0000,  1.0000]]], device='cuda:0')
0:01:27.989954 - TCO pred_orn tensor([[[-0.7823,  0.4630,  0.4167, -0.0100],
         [-0.5776, -0.7896, -0.2070,  0.0062],
         [ 0.2332, -0.4026,  0.8852,  0.1920],
         [ 0.0000,  0.0000,  0.0000,  1.0000]]], device='cuda:0',
       grad_fn=<CopySlices>)
0:01:27.990848 - TCO pred_xy tensor([[[-0.7893,  0.4511,  0.4165, -0.0175],
         [-0.5688, -0.7927, -0.2192,  0.0115],
         [ 0.2313, -0.4099,  0.8823,  0.1920],
         [ 0.0000,  0.0000,  0.0000,  1.0000]]], device='cuda:0',
       grad_fn=<CopySlices>)
0:01:27.991748 - TCO pred_z tensor([[[-0.7893,  0.4511,  0.4165, -0.0100],
         [-0.5688, -0.7927, -0.2192,  0.0062],
         [ 0.2313, -0.4099,  0.8823,  0.1773],
         [ 0.0000,  0.0000,  0.0000,  1.0000]]], device='cuda:0',
       grad_fn=<CopySlices>)
0:01:27.992372 - loss orn tensor([6.4251e-05], device='cuda:0', grad_fn=<MinBackward0>)
0:01:27.992999 - loss xy tensor([0.0043], device='cuda:0', grad_fn=<MinBackward0>)
0:01:27.993626 - loss z tensor([0.0049], device='cuda:0', grad_fn=<MinBackward0>)
  0%|                                       | 0/1 [00:00<?, ?it/s, loss=0.00921]100%|███████████████████████████████| 1/1 [00:00<00:00,  4.60it/s, loss=0.00921]100%|███████████████████████████████| 1/1 [00:00<00:00,  4.59it/s, loss=0.00921]
0:01:27.741685 - saving /home/ubuntu/synthetic_pose_estimation/cosypose/local_data/experiments/bracket_assembly_debug_nut_nosym_coarse_noaug--938962 149
  0%|                                                     | 0/1 [00:00<?, ?it/s]0:01:28.156828 - iteration 0
0:01:28.199991 - outputs, {'pose': tensor([[-0.9089, -0.6608,  0.2744,  0.5426, -0.3132, -0.3292,  0.6548, -0.8607,
          0.5832]], device='cuda:0', grad_fn=<AddmmBackward0>)}
0:01:28.201605 - model_outputs {'pose': tensor([[-0.9089, -0.6608,  0.2744,  0.5426, -0.3132, -0.3292,  0.6548, -0.8607,
          0.5832]], device='cuda:0', grad_fn=<AddmmBackward0>)}
0:01:28.202365 - K crop tensor([[[1.7875e+03, 0.0000e+00, 2.5102e+02],
         [0.0000e+00, 1.7875e+03, 8.4301e+01],
         [0.0000e+00, 0.0000e+00, 1.0000e+00]]], device='cuda:0')
0:01:28.203238 - TCO_input tensor([[[ 1.0000,  0.0000,  0.0000, -0.0151],
         [ 0.0000,  1.0000,  0.0000,  0.0058],
         [ 0.0000,  0.0000,  1.0000,  0.2944],
         [ 0.0000,  0.0000,  0.0000,  1.0000]]], device='cuda:0')
0:01:28.204184 - model tco output tensor([[[-0.7857,  0.4564,  0.4175, -0.0087],
         [-0.5713, -0.7943, -0.2068,  0.0033],
         [ 0.2372, -0.4009,  0.8849,  0.1717],
         [ 0.0000,  0.0000,  0.0000,  1.0000]]], device='cuda:0',
       grad_fn=<CopySlices>)
0:01:28.242488 - Wrote debug data: /home/ubuntu/synthetic_pose_estimation/cosypose/local_data/debug_data/debug_iter=1.pth.tar
0:01:28.453790 - TCO_input tensor([[[ 1.0000,  0.0000,  0.0000, -0.0151],
         [ 0.0000,  1.0000,  0.0000,  0.0058],
         [ 0.0000,  0.0000,  1.0000,  0.2944],
         [ 0.0000,  0.0000,  0.0000,  1.0000]]], device='cuda:0')
0:01:28.454724 - vxvyvz tensor([[ 0.6548, -0.8607,  0.5832]], device='cuda:0',
       grad_fn=<SliceBackward0>)
0:01:28.455705 - dR tensor([[[-0.7857,  0.4564,  0.4175],
         [-0.5713, -0.7943, -0.2068],
         [ 0.2372, -0.4009,  0.8849]]], device='cuda:0',
       grad_fn=<StackBackward0>)
0:01:28.456567 - fxfy tensor([[1787.5186, 1787.5187]], device='cuda:0')
0:01:28.459094 - TCO_gt tensor([[[-0.7893,  0.4511,  0.4165, -0.0100],
         [-0.5688, -0.7927, -0.2192,  0.0062],
         [ 0.2313, -0.4099,  0.8823,  0.1920],
         [ 0.0000,  0.0000,  0.0000,  1.0000]]], device='cuda:0')
0:01:28.459988 - TCO pred_orn tensor([[[-0.7857,  0.4564,  0.4175, -0.0100],
         [-0.5713, -0.7943, -0.2068,  0.0062],
         [ 0.2372, -0.4009,  0.8849,  0.1920],
         [ 0.0000,  0.0000,  0.0000,  1.0000]]], device='cuda:0',
       grad_fn=<CopySlices>)
0:01:28.460891 - TCO pred_xy tensor([[[-0.7893,  0.4511,  0.4165, -0.0098],
         [-0.5688, -0.7927, -0.2192,  0.0037],
         [ 0.2313, -0.4099,  0.8823,  0.1920],
         [ 0.0000,  0.0000,  0.0000,  1.0000]]], device='cuda:0',
       grad_fn=<CopySlices>)
0:01:28.461801 - TCO pred_z tensor([[[-0.7893,  0.4511,  0.4165, -0.0100],
         [-0.5688, -0.7927, -0.2192,  0.0062],
         [ 0.2313, -0.4099,  0.8823,  0.1717],
         [ 0.0000,  0.0000,  0.0000,  1.0000]]], device='cuda:0',
       grad_fn=<CopySlices>)
0:01:28.462454 - loss orn tensor([5.1719e-05], device='cuda:0', grad_fn=<MinBackward0>)
0:01:28.465780 - loss xy tensor([0.0009], device='cuda:0', grad_fn=<MinBackward0>)
0:01:28.466398 - loss z tensor([0.0067], device='cuda:0', grad_fn=<MinBackward0>)
  0%|                                       | 0/1 [00:00<?, ?it/s, loss=0.00771]100%|███████████████████████████████| 1/1 [00:00<00:00,  4.62it/s, loss=0.00771]100%|███████████████████████████████| 1/1 [00:00<00:00,  4.61it/s, loss=0.00771]
  0%|                                                     | 0/1 [00:00<?, ?it/s]0:01:28.373263 - iteration 0
0:01:28.409864 - outputs, {'pose': tensor([[-0.0063,  0.0148, -0.0123,  0.0457,  0.0091, -0.0426,  0.0164, -0.0229,
          0.0302]], device='cuda:0')}
0:01:28.411370 - model_outputs {'pose': tensor([[-0.0063,  0.0148, -0.0123,  0.0457,  0.0091, -0.0426,  0.0164, -0.0229,
          0.0302]], device='cuda:0')}
0:01:28.412126 - K crop tensor([[[1.9846e+03, 0.0000e+00, 2.4795e+02],
         [0.0000e+00, 1.9846e+03, 5.4798e+01],
         [0.0000e+00, 0.0000e+00, 1.0000e+00]]], device='cuda:0')
0:01:28.412963 - TCO_input tensor([[[ 1.0000,  0.0000,  0.0000, -0.0146],
         [ 0.0000,  1.0000,  0.0000,  0.0107],
         [ 0.0000,  0.0000,  1.0000,  0.3279],
         [ 0.0000,  0.0000,  0.0000,  1.0000]]], device='cuda:0')
0:01:28.413866 - model tco output tensor([[[-3.1193e-01,  8.5048e-01, -4.2354e-01, -4.4073e-04],
         [ 7.3097e-01, -6.9951e-02, -6.7881e-01,  3.2234e-04],
         [-6.0694e-01, -5.2134e-01, -5.9985e-01,  9.8906e-03],
         [ 0.0000e+00,  0.0000e+00,  0.0000e+00,  1.0000e+00]]],
       device='cuda:0')
0:01:28.451399 - Wrote debug data: /home/ubuntu/synthetic_pose_estimation/cosypose/local_data/debug_data/debug_iter=1.pth.tar
0:01:28.661972 - TCO_input tensor([[[ 1.0000,  0.0000,  0.0000, -0.0146],
         [ 0.0000,  1.0000,  0.0000,  0.0107],
         [ 0.0000,  0.0000,  1.0000,  0.3279],
         [ 0.0000,  0.0000,  0.0000,  1.0000]]], device='cuda:0')
0:01:28.662897 - vxvyvz tensor([[ 0.0164, -0.0229,  0.0302]], device='cuda:0')
0:01:28.663877 - dR tensor([[[-0.3119,  0.8505, -0.4235],
         [ 0.7310, -0.0700, -0.6788],
         [-0.6069, -0.5213, -0.5999]]], device='cuda:0')
0:01:28.664718 - fxfy tensor([[1984.5518, 1984.5519]], device='cuda:0')
0:01:28.667097 - TCO_gt tensor([[[-0.7893,  0.4511,  0.4165, -0.0100],
         [-0.5688, -0.7927, -0.2192,  0.0062],
         [ 0.2313, -0.4099,  0.8823,  0.1920],
         [ 0.0000,  0.0000,  0.0000,  1.0000]]], device='cuda:0')
0:01:28.667994 - TCO pred_orn tensor([[[-0.3119,  0.8505, -0.4235, -0.0100],
         [ 0.7310, -0.0700, -0.6788,  0.0062],
         [-0.6069, -0.5213, -0.5999,  0.1920],
         [ 0.0000,  0.0000,  0.0000,  1.0000]]], device='cuda:0')
0:01:28.668913 - TCO pred_xy tensor([[[-0.7893,  0.4511,  0.4165, -0.0086],
         [-0.5688, -0.7927, -0.2192,  0.0063],
         [ 0.2313, -0.4099,  0.8823,  0.1920],
         [ 0.0000,  0.0000,  0.0000,  1.0000]]], device='cuda:0')
0:01:28.669829 - TCO pred_z tensor([[[-0.7893,  0.4511,  0.4165, -0.0100],
         [-0.5688, -0.7927, -0.2192,  0.0062],
         [ 0.2313, -0.4099,  0.8823,  0.0099],
         [ 0.0000,  0.0000,  0.0000,  1.0000]]], device='cuda:0')
0:01:28.670472 - loss orn tensor([0.0071], device='cuda:0')
0:01:28.671092 - loss xy tensor([0.0005], device='cuda:0')
0:01:28.671712 - loss z tensor([0.0607], device='cuda:0')
100%|█████████████████████████████████████████████| 1/1 [00:00<00:00,  8.53it/s]100%|█████████████████████████████████████████████| 1/1 [00:00<00:00,  8.51it/s]
0:01:28.348329 - saving /home/ubuntu/synthetic_pose_estimation/cosypose/local_data/experiments/bracket_assembly_debug_nut_nosym_coarse_noaug--938962 150
  0%|                                                     | 0/1 [00:00<?, ?it/s]0:01:28.760208 - iteration 0
0:01:28.803689 - outputs, {'pose': tensor([[-0.9109, -0.6534,  0.2745,  0.5405, -0.3082, -0.3326,  0.6622, -0.8609,
          0.5739]], device='cuda:0', grad_fn=<AddmmBackward0>)}
0:01:28.805375 - model_outputs {'pose': tensor([[-0.9109, -0.6534,  0.2745,  0.5405, -0.3082, -0.3326,  0.6622, -0.8609,
          0.5739]], device='cuda:0', grad_fn=<AddmmBackward0>)}
0:01:28.806232 - K crop tensor([[[1.9043e+03, 0.0000e+00, 2.7155e+02],
         [0.0000e+00, 1.9043e+03, 5.7342e+01],
         [0.0000e+00, 0.0000e+00, 1.0000e+00]]], device='cuda:0')
0:01:28.807116 - TCO_input tensor([[[ 1.0000,  0.0000,  0.0000, -0.0185],
         [ 0.0000,  1.0000,  0.0000,  0.0103],
         [ 0.0000,  0.0000,  1.0000,  0.3149],
         [ 0.0000,  0.0000,  0.0000,  1.0000]]], device='cuda:0')
0:01:28.808041 - model tco output tensor([[[-0.7893,  0.4481,  0.4199, -0.0106],
         [-0.5661, -0.7958, -0.2150,  0.0058],
         [ 0.2378, -0.4074,  0.8817,  0.1807],
         [ 0.0000,  0.0000,  0.0000,  1.0000]]], device='cuda:0',
       grad_fn=<CopySlices>)
0:01:28.845289 - Wrote debug data: /home/ubuntu/synthetic_pose_estimation/cosypose/local_data/debug_data/debug_iter=1.pth.tar
0:01:29.056590 - TCO_input tensor([[[ 1.0000,  0.0000,  0.0000, -0.0185],
         [ 0.0000,  1.0000,  0.0000,  0.0103],
         [ 0.0000,  0.0000,  1.0000,  0.3149],
         [ 0.0000,  0.0000,  0.0000,  1.0000]]], device='cuda:0')
0:01:29.057596 - vxvyvz tensor([[ 0.6622, -0.8609,  0.5739]], device='cuda:0',
       grad_fn=<SliceBackward0>)
0:01:29.058572 - dR tensor([[[-0.7893,  0.4481,  0.4199],
         [-0.5661, -0.7958, -0.2150],
         [ 0.2378, -0.4074,  0.8817]]], device='cuda:0',
       grad_fn=<StackBackward0>)
0:01:29.059421 - fxfy tensor([[1904.3242, 1904.3246]], device='cuda:0')
0:01:29.061885 - TCO_gt tensor([[[-0.7893,  0.4511,  0.4165, -0.0100],
         [-0.5688, -0.7927, -0.2192,  0.0062],
         [ 0.2313, -0.4099,  0.8823,  0.1920],
         [ 0.0000,  0.0000,  0.0000,  1.0000]]], device='cuda:0')
0:01:29.062779 - TCO pred_orn tensor([[[-0.7893,  0.4481,  0.4199, -0.0100],
         [-0.5661, -0.7958, -0.2150,  0.0062],
         [ 0.2378, -0.4074,  0.8817,  0.1920],
         [ 0.0000,  0.0000,  0.0000,  1.0000]]], device='cuda:0',
       grad_fn=<CopySlices>)
0:01:29.063678 - TCO pred_xy tensor([[[-0.7893,  0.4511,  0.4165, -0.0112],
         [-0.5688, -0.7927, -0.2192,  0.0062],
         [ 0.2313, -0.4099,  0.8823,  0.1920],
         [ 0.0000,  0.0000,  0.0000,  1.0000]]], device='cuda:0',
       grad_fn=<CopySlices>)
0:01:29.064566 - TCO pred_z tensor([[[-0.7893,  0.4511,  0.4165, -0.0100],
         [-0.5688, -0.7927, -0.2192,  0.0062],
         [ 0.2313, -0.4099,  0.8823,  0.1807],
         [ 0.0000,  0.0000,  0.0000,  1.0000]]], device='cuda:0',
       grad_fn=<CopySlices>)
0:01:29.065243 - loss orn tensor([3.0349e-05], device='cuda:0', grad_fn=<MinBackward0>)
0:01:29.065898 - loss xy tensor([0.0004], device='cuda:0', grad_fn=<MinBackward0>)
0:01:29.066525 - loss z tensor([0.0037], device='cuda:0', grad_fn=<MinBackward0>)
  0%|                                       | 0/1 [00:00<?, ?it/s, loss=0.00418]100%|███████████████████████████████| 1/1 [00:00<00:00,  4.64it/s, loss=0.00418]100%|███████████████████████████████| 1/1 [00:00<00:00,  4.63it/s, loss=0.00418]
val loss_total 0.07089155167341232
train loss_TCO-iter=1 0.0022478485479950905
train loss_TCO 0.0022478485479950905
train loss_total 0.0022478485479950905
train grad_norm 0.9797832369804382
train loss_TCO-iter=1 0.007131136022508144
train loss_TCO 0.007131136022508144
train loss_total 0.007131136022508144
train grad_norm 1.0345240831375122
train loss_TCO-iter=1 0.0027706038672477007
train loss_TCO 0.0027706038672477007
train loss_total 0.0027706038672477007
train grad_norm 0.9407973885536194
train loss_TCO-iter=1 0.008239582180976868
train loss_TCO 0.008239582180976868
train loss_total 0.008239582180976868
train grad_norm 1.036276936531067
train loss_TCO-iter=1 0.014145052060484886
train loss_TCO 0.014145052060484886
train loss_total 0.014145052060484886
train grad_norm 1.1621062755584717
train loss_TCO-iter=1 0.003014078363776207
train loss_TCO 0.003014078363776207
train loss_total 0.003014078363776207
train grad_norm 0.9867600798606873
train loss_TCO-iter=1 0.015050350688397884
train loss_TCO 0.015050350688397884
train loss_total 0.015050350688397884
train grad_norm 1.15445077419281
train loss_TCO-iter=1 0.014253713190555573
train loss_TCO 0.014253713190555573
train loss_total 0.014253713190555573
train grad_norm 1.111994743347168
train loss_TCO-iter=1 0.01695171743631363
train loss_TCO 0.01695171743631363
train loss_total 0.01695171743631363
train grad_norm 1.1454453468322754
train loss_TCO-iter=1 0.0070284707471728325
train loss_TCO 0.0070284707471728325
train loss_total 0.0070284707471728325
train grad_norm 1.06693434715271
val loss_TCO-iter=1 0.06974556297063828
val loss_TCO 0.06974556297063828
val loss_total 0.06974556297063828
train loss_TCO-iter=1 0.011938252486288548
train loss_TCO 0.011938252486288548
train loss_total 0.011938252486288548
train grad_norm 1.130603551864624
train loss_TCO-iter=1 0.005391666200011969
train loss_TCO 0.005391666200011969
train loss_total 0.005391666200011969
train grad_norm 0.9679254293441772
train loss_TCO-iter=1 0.007532493211328983
train loss_TCO 0.007532493211328983
train loss_total 0.007532493211328983
train grad_norm 0.9177883267402649
train loss_TCO-iter=1 0.006931266747415066
train loss_TCO 0.006931266747415066
train loss_total 0.006931266747415066
train grad_norm 0.9770912528038025
train loss_TCO-iter=1 0.009325392544269562
train loss_TCO 0.009325392544269562
train loss_total 0.009325392544269562
train grad_norm 1.0561636686325073
train loss_TCO-iter=1 0.016442857682704926
train loss_TCO 0.016442857682704926
train loss_total 0.016442857682704926
train grad_norm 0.7623527646064758
train loss_TCO-iter=1 0.001984161091968417
train loss_TCO 0.001984161091968417
train loss_total 0.001984161091968417
train grad_norm 1.1112241744995117
train loss_TCO-iter=1 0.005807816982269287
train loss_TCO 0.005807816982269287
train loss_total 0.005807816982269287
train grad_norm 1.1021709442138672
train loss_TCO-iter=1 0.002501267474144697
train loss_TCO 0.002501267474144697
train loss_total 0.002501267474144697
train grad_norm 0.9876092672348022
train loss_TCO-iter=1 0.0019246982410550117
train loss_TCO 0.0019246982410550117
train loss_total 0.0019246982410550117
train grad_norm 1.0200661420822144
val loss_TCO-iter=1 0.07104001939296722
val loss_TCO 0.07104001939296722
val loss_total 0.07104001939296722
train loss_TCO-iter=1 0.006208929233253002
train loss_TCO 0.006208929233253002
train loss_total 0.006208929233253002
train grad_norm 0.9858648777008057
train loss_TCO-iter=1 0.002382241189479828
train loss_TCO 0.002382241189479828
train loss_total 0.002382241189479828
train grad_norm 1.0398390293121338
train loss_TCO-iter=1 0.005217644385993481
train loss_TCO 0.005217644385993481
train loss_total 0.005217644385993481
train grad_norm 1.0471017360687256
train loss_TCO-iter=1 0.009327499195933342
train loss_TCO 0.009327499195933342
train loss_total 0.009327499195933342
train grad_norm 1.0677582025527954
train loss_TCO-iter=1 0.007114417850971222
train loss_TCO 0.007114417850971222
train loss_total 0.007114417850971222
train grad_norm 0.9488202333450317
train loss_TCO-iter=1 0.0008243146585300565
train loss_TCO 0.0008243146585300565
train loss_total 0.0008243146585300565
train grad_norm 0.9605517387390137
train loss_TCO-iter=1 0.004442955367267132
train loss_TCO 0.004442955367267132
train loss_total 0.004442955367267132
train grad_norm 0.8731331825256348
train loss_TCO-iter=1 0.0032419515773653984
train loss_TCO 0.0032419515773653984
train loss_total 0.0032419515773653984
train grad_norm 0.9755810499191284
train loss_TCO-iter=1 0.006879928521811962
train loss_TCO 0.006879928521811962
train loss_total 0.006879928521811962
train grad_norm 1.0029008388519287
train loss_TCO-iter=1 0.0027304058894515038
train loss_TCO 0.0027304058894515038
train loss_total 0.0027304058894515038
train grad_norm 0.9133111238479614
val loss_TCO-iter=1 0.06979905813932419
val loss_TCO 0.06979905813932419
val loss_total 0.06979905813932419
train loss_TCO-iter=1 0.006725453771650791
train loss_TCO 0.006725453771650791
train loss_total 0.006725453771650791
train grad_norm 0.8940351605415344
train loss_TCO-iter=1 0.01231392938643694
train loss_TCO 0.01231392938643694
train loss_total 0.01231392938643694
train grad_norm 1.1245925426483154
train loss_TCO-iter=1 0.005981751251965761
train loss_TCO 0.005981751251965761
train loss_total 0.005981751251965761
train grad_norm 0.9891534447669983
train loss_TCO-iter=1 0.004827442578971386
train loss_TCO 0.004827442578971386
train loss_total 0.004827442578971386
train grad_norm 0.9785986542701721
train loss_TCO-iter=1 0.0038094809278845787
train loss_TCO 0.0038094809278845787
train loss_total 0.0038094809278845787
train grad_norm 0.9012545943260193
train loss_TCO-iter=1 0.006562734022736549
train loss_TCO 0.006562734022736549
train loss_total 0.006562734022736549
train grad_norm 0.9283313751220703
train loss_TCO-iter=1 0.012478449381887913
train loss_TCO 0.012478449381887913
train loss_total 0.012478449381887913
train grad_norm 1.1047385931015015
train loss_TCO-iter=1 0.000788079050835222
train loss_TCO 0.000788079050835222
train loss_total 0.000788079050835222
train grad_norm 0.9121825695037842
train loss_TCO-iter=1 0.010651526972651482
train loss_TCO 0.010651526972651482
train loss_total 0.010651526972651482
train grad_norm 1.0380610227584839
train loss_TCO-iter=1 0.006317574065178633
train loss_TCO 0.006317574065178633
train loss_total 0.006317574065178633
train grad_norm 0.979907214641571
val loss_TCO-iter=1 0.06829097867012024
val loss_TCO 0.06829097867012024
val loss_total 0.06829097867012024
train loss_TCO-iter=1 0.013235657475888729
train loss_TCO 0.013235657475888729
train loss_total 0.013235657475888729
train grad_norm 1.1416308879852295
train loss_TCO-iter=1 0.009083207696676254
train loss_TCO 0.009083207696676254
train loss_total 0.009083207696676254
train grad_norm 1.0610902309417725
train loss_TCO-iter=1 0.0025108312256634235
train loss_TCO 0.0025108312256634235
train loss_total 0.0025108312256634235
train grad_norm 1.072083592414856
train loss_TCO-iter=1 0.012412326410412788
train loss_TCO 0.012412326410412788
train loss_total 0.012412326410412788
train grad_norm 0.817151665687561
train loss_TCO-iter=1 0.0020432721357792616
train loss_TCO 0.0020432721357792616
train loss_total 0.0020432721357792616
train grad_norm 1.071596622467041
train loss_TCO-iter=1 0.011398309841752052
train loss_TCO 0.011398309841752052
train loss_total 0.011398309841752052
train grad_norm 0.8674137592315674
train loss_TCO-iter=1 0.009678944945335388
train loss_TCO 0.009678944945335388
train loss_total 0.009678944945335388
train grad_norm 1.1959542036056519
train loss_TCO-iter=1 0.0023398303892463446
train loss_TCO 0.0023398303892463446
train loss_total 0.0023398303892463446
train grad_norm 1.021311640739441
train loss_TCO-iter=1 0.009206175804138184
train loss_TCO 0.009206175804138184
train loss_total 0.009206175804138184
train grad_norm 0.9792337417602539
train loss_TCO-iter=1 0.007713016588240862
train loss_TCO 0.007713016588240862
train loss_total 0.007713016588240862
train grad_norm 0.9615910053253174
val loss_TCO-iter=1 0.06828764826059341
val loss_TCO 0.06828764826059341
val loss_total 0.06828764826059341
train
0:01:28.817910 - saving /home/ubuntu/synthetic_pose_estimation/cosypose/local_data/experiments/bracket_assembly_debug_nut_nosym_coarse_noaug--938962 151
  0%|                                                     | 0/1 [00:00<?, ?it/s]0:01:29.232992 - iteration 0
0:01:29.278333 - outputs, {'pose': tensor([[-0.9198, -0.6517,  0.2713,  0.5370, -0.3129, -0.3430,  0.6707, -0.8678,
          0.5873]], device='cuda:0', grad_fn=<AddmmBackward0>)}
0:01:29.280028 - model_outputs {'pose': tensor([[-0.9198, -0.6517,  0.2713,  0.5370, -0.3129, -0.3430,  0.6707, -0.8678,
          0.5873]], device='cuda:0', grad_fn=<AddmmBackward0>)}
0:01:29.280876 - K crop tensor([[[1.6584e+03, 0.0000e+00, 2.7872e+02],
         [0.0000e+00, 1.6584e+03, 4.9205e+00],
         [0.0000e+00, 0.0000e+00, 1.0000e+00]]], device='cuda:0')
0:01:29.282387 - TCO_input tensor([[[ 1.0000,  0.0000,  0.0000, -0.0201],
         [ 0.0000,  1.0000,  0.0000,  0.0193],
         [ 0.0000,  0.0000,  1.0000,  0.2790],
         [ 0.0000,  0.0000,  0.0000,  1.0000]]], device='cuda:0')
0:01:29.283426 - model tco output tensor([[[-0.7933,  0.4375,  0.4234, -0.0117],
         [-0.5621, -0.7936, -0.2331,  0.0112],
         [ 0.2340, -0.4229,  0.8754,  0.1638],
         [ 0.0000,  0.0000,  0.0000,  1.0000]]], device='cuda:0',
       grad_fn=<CopySlices>)
0:01:29.325642 - Wrote debug data: /home/ubuntu/synthetic_pose_estimation/cosypose/local_data/debug_data/debug_iter=1.pth.tar
0:01:29.534636 - TCO_input tensor([[[ 1.0000,  0.0000,  0.0000, -0.0201],
         [ 0.0000,  1.0000,  0.0000,  0.0193],
         [ 0.0000,  0.0000,  1.0000,  0.2790],
         [ 0.0000,  0.0000,  0.0000,  1.0000]]], device='cuda:0')
0:01:29.535643 - vxvyvz tensor([[ 0.6707, -0.8678,  0.5873]], device='cuda:0',
       grad_fn=<SliceBackward0>)
0:01:29.536679 - dR tensor([[[-0.7933,  0.4375,  0.4234],
         [-0.5621, -0.7936, -0.2331],
         [ 0.2340, -0.4229,  0.8754]]], device='cuda:0',
       grad_fn=<StackBackward0>)
0:01:29.537656 - fxfy tensor([[1658.4307, 1658.4305]], device='cuda:0')
0:01:29.540142 - TCO_gt tensor([[[-0.7893,  0.4511,  0.4165, -0.0100],
         [-0.5688, -0.7927, -0.2192,  0.0062],
         [ 0.2313, -0.4099,  0.8823,  0.1920],
         [ 0.0000,  0.0000,  0.0000,  1.0000]]], device='cuda:0')
0:01:29.541126 - TCO pred_orn tensor([[[-0.7933,  0.4375,  0.4234, -0.0100],
         [-0.5621, -0.7936, -0.2331,  0.0062],
         [ 0.2340, -0.4229,  0.8754,  0.1920],
         [ 0.0000,  0.0000,  0.0000,  1.0000]]], device='cuda:0',
       grad_fn=<CopySlices>)
0:01:29.542104 - TCO pred_xy tensor([[[-0.7893,  0.4511,  0.4165, -0.0137],
         [-0.5688, -0.7927, -0.2192,  0.0132],
         [ 0.2313, -0.4099,  0.8823,  0.1920],
         [ 0.0000,  0.0000,  0.0000,  1.0000]]], device='cuda:0',
       grad_fn=<CopySlices>)
0:01:29.543051 - TCO pred_z tensor([[[-0.7893,  0.4511,  0.4165, -0.0100],
         [-0.5688, -0.7927, -0.2192,  0.0062],
         [ 0.2313, -0.4099,  0.8823,  0.1638],
         [ 0.0000,  0.0000,  0.0000,  1.0000]]], device='cuda:0',
       grad_fn=<CopySlices>)
0:01:29.543742 - loss orn tensor([7.7656e-05], device='cuda:0', grad_fn=<MinBackward0>)
0:01:29.544431 - loss xy tensor([0.0036], device='cuda:0', grad_fn=<MinBackward0>)
0:01:29.545118 - loss z tensor([0.0094], device='cuda:0', grad_fn=<MinBackward0>)
  0%|                                         | 0/1 [00:00<?, ?it/s, loss=0.013]100%|█████████████████████████████████| 1/1 [00:00<00:00,  4.55it/s, loss=0.013]100%|█████████████████████████████████| 1/1 [00:00<00:00,  4.54it/s, loss=0.013]
0:01:29.283675 - saving /home/ubuntu/synthetic_pose_estimation/cosypose/local_data/experiments/bracket_assembly_debug_nut_nosym_coarse_noaug--938962 152
  0%|                                                     | 0/1 [00:00<?, ?it/s]0:01:29.698942 - iteration 0
0:01:29.742289 - outputs, {'pose': tensor([[-0.9240, -0.6507,  0.2718,  0.5378, -0.3138, -0.3466,  0.6859, -0.8685,
          0.5842]], device='cuda:0', grad_fn=<AddmmBackward0>)}
0:01:29.743922 - model_outputs {'pose': tensor([[-0.9240, -0.6507,  0.2718,  0.5378, -0.3138, -0.3466,  0.6859, -0.8685,
          0.5842]], device='cuda:0', grad_fn=<AddmmBackward0>)}
0:01:29.744750 - K crop tensor([[[1.8488e+03, 0.0000e+00, 2.9614e+02],
         [0.0000e+00, 1.8488e+03, 5.0677e+01],
         [0.0000e+00, 0.0000e+00, 1.0000e+00]]], device='cuda:0')
0:01:29.745639 - TCO_input tensor([[[ 1.0000,  0.0000,  0.0000, -0.0226],
         [ 0.0000,  1.0000,  0.0000,  0.0114],
         [ 0.0000,  0.0000,  1.0000,  0.3065],
         [ 0.0000,  0.0000,  0.0000,  1.0000]]], device='cuda:0')
0:01:29.748417 - model tco output tensor([[[-0.7950,  0.4335,  0.4244, -0.0132],
         [-0.5598, -0.7938, -0.2377,  0.0066],
         [ 0.2338, -0.4265,  0.8737,  0.1790],
         [ 0.0000,  0.0000,  0.0000,  1.0000]]], device='cuda:0',
       grad_fn=<CopySlices>)
0:01:29.787125 - Wrote debug data: /home/ubuntu/synthetic_pose_estimation/cosypose/local_data/debug_data/debug_iter=1.pth.tar
0:01:29.996804 - TCO_input tensor([[[ 1.0000,  0.0000,  0.0000, -0.0226],
         [ 0.0000,  1.0000,  0.0000,  0.0114],
         [ 0.0000,  0.0000,  1.0000,  0.3065],
         [ 0.0000,  0.0000,  0.0000,  1.0000]]], device='cuda:0')
0:01:29.997997 - vxvyvz tensor([[ 0.6859, -0.8685,  0.5842]], device='cuda:0',
       grad_fn=<SliceBackward0>)
0:01:29.999078 - dR tensor([[[-0.7950,  0.4335,  0.4244],
         [-0.5598, -0.7938, -0.2377],
         [ 0.2338, -0.4265,  0.8737]]], device='cuda:0',
       grad_fn=<StackBackward0>)
0:01:30.000016 - fxfy tensor([[1848.7523, 1848.7524]], device='cuda:0')
0:01:30.002606 - TCO_gt tensor([[[-0.7893,  0.4511,  0.4165, -0.0100],
         [-0.5688, -0.7927, -0.2192,  0.0062],
         [ 0.2313, -0.4099,  0.8823,  0.1920],
         [ 0.0000,  0.0000,  0.0000,  1.0000]]], device='cuda:0')
0:01:30.003575 - TCO pred_orn tensor([[[-0.7950,  0.4335,  0.4244, -0.0100],
         [-0.5598, -0.7938, -0.2377,  0.0062],
         [ 0.2338, -0.4265,  0.8737,  0.1920],
         [ 0.0000,  0.0000,  0.0000,  1.0000]]], device='cuda:0',
       grad_fn=<CopySlices>)
0:01:30.004528 - TCO pred_xy tensor([[[-0.7893,  0.4511,  0.4165, -0.0141],
         [-0.5688, -0.7927, -0.2192,  0.0071],
         [ 0.2313, -0.4099,  0.8823,  0.1920],
         [ 0.0000,  0.0000,  0.0000,  1.0000]]], device='cuda:0',
       grad_fn=<CopySlices>)
0:01:30.005519 - TCO pred_z tensor([[[-0.7893,  0.4511,  0.4165, -0.0100],
         [-0.5688, -0.7927, -0.2192,  0.0062],
         [ 0.2313, -0.4099,  0.8823,  0.1790],
         [ 0.0000,  0.0000,  0.0000,  1.0000]]], device='cuda:0',
       grad_fn=<CopySlices>)
0:01:30.006238 - loss orn tensor([0.0001], device='cuda:0', grad_fn=<MinBackward0>)
0:01:30.006923 - loss xy tensor([0.0017], device='cuda:0', grad_fn=<MinBackward0>)
0:01:30.007605 - loss z tensor([0.0043], device='cuda:0', grad_fn=<MinBackward0>)
  0%|                                       | 0/1 [00:00<?, ?it/s, loss=0.00607]100%|███████████████████████████████| 1/1 [00:00<00:00,  4.63it/s, loss=0.00607]100%|███████████████████████████████| 1/1 [00:00<00:00,  4.62it/s, loss=0.00607]
0:01:29.764922 - saving /home/ubuntu/synthetic_pose_estimation/cosypose/local_data/experiments/bracket_assembly_debug_nut_nosym_coarse_noaug--938962 153
  0%|                                                     | 0/1 [00:00<?, ?it/s]0:01:30.180161 - iteration 0
0:01:30.224500 - outputs, {'pose': tensor([[-0.9154, -0.6460,  0.2676,  0.5371, -0.3173, -0.3384,  0.7003, -0.8709,
          0.5887]], device='cuda:0', grad_fn=<AddmmBackward0>)}
0:01:30.226237 - model_outputs {'pose': tensor([[-0.9154, -0.6460,  0.2676,  0.5371, -0.3173, -0.3384,  0.7003, -0.8709,
          0.5887]], device='cuda:0', grad_fn=<AddmmBackward0>)}
0:01:30.227087 - K crop tensor([[[1.8256e+03, 0.0000e+00, 3.2461e+02],
         [0.0000e+00, 1.8256e+03, 7.5946e+01],
         [0.0000e+00, 0.0000e+00, 1.0000e+00]]], device='cuda:0')
0:01:30.227993 - TCO_input tensor([[[ 1.0000,  0.0000,  0.0000, -0.0272],
         [ 0.0000,  1.0000,  0.0000,  0.0072],
         [ 0.0000,  0.0000,  1.0000,  0.3011],
         [ 0.0000,  0.0000,  0.0000,  1.0000]]], device='cuda:0')
0:01:30.229571 - model tco output tensor([[[-0.7947,  0.4397,  0.4186, -0.0160],
         [-0.5608, -0.7956, -0.2290,  0.0041],
         [ 0.2323, -0.4167,  0.8789,  0.1772],
         [ 0.0000,  0.0000,  0.0000,  1.0000]]], device='cuda:0',
       grad_fn=<CopySlices>)
0:01:30.268406 - Wrote debug data: /home/ubuntu/synthetic_pose_estimation/cosypose/local_data/debug_data/debug_iter=1.pth.tar
0:01:30.478532 - TCO_input tensor([[[ 1.0000,  0.0000,  0.0000, -0.0272],
         [ 0.0000,  1.0000,  0.0000,  0.0072],
         [ 0.0000,  0.0000,  1.0000,  0.3011],
         [ 0.0000,  0.0000,  0.0000,  1.0000]]], device='cuda:0')
0:01:30.479565 - vxvyvz tensor([[ 0.7003, -0.8709,  0.5887]], device='cuda:0',
       grad_fn=<SliceBackward0>)
0:01:30.480567 - dR tensor([[[-0.7947,  0.4397,  0.4186],
         [-0.5608, -0.7956, -0.2290],
         [ 0.2323, -0.4167,  0.8789]]], device='cuda:0',
       grad_fn=<StackBackward0>)
0:01:30.481471 - fxfy tensor([[1825.6493, 1825.6489]], device='cuda:0')
0:01:30.483914 - TCO_gt tensor([[[-0.7893,  0.4511,  0.4165, -0.0100],
         [-0.5688, -0.7927, -0.2192,  0.0062],
         [ 0.2313, -0.4099,  0.8823,  0.1920],
         [ 0.0000,  0.0000,  0.0000,  1.0000]]], device='cuda:0')
0:01:30.484813 - TCO pred_orn tensor([[[-0.7947,  0.4397,  0.4186, -0.0100],
         [-0.5608, -0.7956, -0.2290,  0.0062],
         [ 0.2323, -0.4167,  0.8789,  0.1920],
         [ 0.0000,  0.0000,  0.0000,  1.0000]]], device='cuda:0',
       grad_fn=<CopySlices>)
0:01:30.485759 - TCO pred_xy tensor([[[-0.7893,  0.4511,  0.4165, -0.0173],
         [-0.5688, -0.7927, -0.2192,  0.0045],
         [ 0.2313, -0.4099,  0.8823,  0.1920],
         [ 0.0000,  0.0000,  0.0000,  1.0000]]], device='cuda:0',
       grad_fn=<CopySlices>)
0:01:30.486645 - TCO pred_z tensor([[[-0.7893,  0.4511,  0.4165, -0.0100],
         [-0.5688, -0.7927, -0.2192,  0.0062],
         [ 0.2313, -0.4099,  0.8823,  0.1772],
         [ 0.0000,  0.0000,  0.0000,  1.0000]]], device='cuda:0',
       grad_fn=<CopySlices>)
0:01:30.487274 - loss orn tensor([5.9559e-05], device='cuda:0', grad_fn=<MinBackward0>)
0:01:30.487892 - loss xy tensor([0.0030], device='cuda:0', grad_fn=<MinBackward0>)
0:01:30.488514 - loss z tensor([0.0049], device='cuda:0', grad_fn=<MinBackward0>)
  0%|                                       | 0/1 [00:00<?, ?it/s, loss=0.00796]100%|███████████████████████████████| 1/1 [00:00<00:00,  4.64it/s, loss=0.00796]100%|███████████████████████████████| 1/1 [00:00<00:00,  4.63it/s, loss=0.00796]
0:01:30.228307 - saving /home/ubuntu/synthetic_pose_estimation/cosypose/local_data/experiments/bracket_assembly_debug_nut_nosym_coarse_noaug--938962 154
  0%|                                                     | 0/1 [00:00<?, ?it/s]0:01:30.643569 - iteration 0
0:01:30.687479 - outputs, {'pose': tensor([[-0.9126, -0.6584,  0.2682,  0.5480, -0.3241, -0.3300,  0.7117, -0.8720,
          0.6016]], device='cuda:0', grad_fn=<AddmmBackward0>)}
0:01:30.689181 - model_outputs {'pose': tensor([[-0.9126, -0.6584,  0.2682,  0.5480, -0.3241, -0.3300,  0.7117, -0.8720,
          0.6016]], device='cuda:0', grad_fn=<AddmmBackward0>)}
0:01:30.690030 - K crop tensor([[[1.9465e+03, 0.0000e+00, 2.5656e+02],
         [0.0000e+00, 1.9465e+03, 3.9084e+01],
         [0.0000e+00, 0.0000e+00, 1.0000e+00]]], device='cuda:0')
0:01:30.690880 - TCO_input tensor([[[ 1.0000,  0.0000,  0.0000, -0.0161],
         [ 0.0000,  1.0000,  0.0000,  0.0133],
         [ 0.0000,  0.0000,  1.0000,  0.3229],
         [ 0.0000,  0.0000,  0.0000,  1.0000]]], device='cuda:0')
0:01:30.692461 - model tco output tensor([[[-0.7889,  0.4568,  0.4112, -0.0096],
         [-0.5692, -0.7954, -0.2084,  0.0079],
         [ 0.2318, -0.3984,  0.8874,  0.1942],
         [ 0.0000,  0.0000,  0.0000,  1.0000]]], device='cuda:0',
       grad_fn=<CopySlices>)
0:01:30.731464 - Wrote debug data: /home/ubuntu/synthetic_pose_estimation/cosypose/local_data/debug_data/debug_iter=1.pth.tar
0:01:30.941680 - TCO_input tensor([[[ 1.0000,  0.0000,  0.0000, -0.0161],
         [ 0.0000,  1.0000,  0.0000,  0.0133],
         [ 0.0000,  0.0000,  1.0000,  0.3229],
         [ 0.0000,  0.0000,  0.0000,  1.0000]]], device='cuda:0')
0:01:30.942644 - vxvyvz tensor([[ 0.7117, -0.8720,  0.6016]], device='cuda:0',
       grad_fn=<SliceBackward0>)
0:01:30.943624 - dR tensor([[[-0.7889,  0.4568,  0.4112],
         [-0.5692, -0.7954, -0.2084],
         [ 0.2318, -0.3984,  0.8874]]], device='cuda:0',
       grad_fn=<StackBackward0>)
0:01:30.944492 - fxfy tensor([[1946.4772, 1946.4772]], device='cuda:0')
0:01:30.946992 - TCO_gt tensor([[[-0.7893,  0.4511,  0.4165, -0.0100],
         [-0.5688, -0.7927, -0.2192,  0.0062],
         [ 0.2313, -0.4099,  0.8823,  0.1920],
         [ 0.0000,  0.0000,  0.0000,  1.0000]]], device='cuda:0')
0:01:30.947905 - TCO pred_orn tensor([[[-0.7889,  0.4568,  0.4112, -0.0100],
         [-0.5692, -0.7954, -0.2084,  0.0062],
         [ 0.2318, -0.3984,  0.8874,  0.1920],
         [ 0.0000,  0.0000,  0.0000,  1.0000]]], device='cuda:0',
       grad_fn=<CopySlices>)
0:01:30.948807 - TCO pred_xy tensor([[[-0.7893,  0.4511,  0.4165, -0.0095],
         [-0.5688, -0.7927, -0.2192,  0.0078],
         [ 0.2313, -0.4099,  0.8823,  0.1920],
         [ 0.0000,  0.0000,  0.0000,  1.0000]]], device='cuda:0',
       grad_fn=<CopySlices>)
0:01:30.949765 - TCO pred_z tensor([[[-0.7893,  0.4511,  0.4165, -0.0100],
         [-0.5688, -0.7927, -0.2192,  0.0062],
         [ 0.2313, -0.4099,  0.8823,  0.1942],
         [ 0.0000,  0.0000,  0.0000,  1.0000]]], device='cuda:0',
       grad_fn=<CopySlices>)
0:01:30.950389 - loss orn tensor([5.2192e-05], device='cuda:0', grad_fn=<MinBackward0>)
0:01:30.950997 - loss xy tensor([0.0007], device='cuda:0', grad_fn=<MinBackward0>)
0:01:30.951606 - loss z tensor([0.0008], device='cuda:0', grad_fn=<MinBackward0>)
  0%|                                       | 0/1 [00:00<?, ?it/s, loss=0.00153]100%|███████████████████████████████| 1/1 [00:00<00:00,  4.66it/s, loss=0.00153]100%|███████████████████████████████| 1/1 [00:00<00:00,  4.65it/s, loss=0.00153]
0:01:30.695772 - saving /home/ubuntu/synthetic_pose_estimation/cosypose/local_data/experiments/bracket_assembly_debug_nut_nosym_coarse_noaug--938962 155
  0%|                                                     | 0/1 [00:00<?, ?it/s]0:01:31.110997 - iteration 0
0:01:31.154024 - outputs, {'pose': tensor([[-0.9023, -0.6601,  0.2709,  0.5529, -0.3300, -0.3200,  0.7210, -0.8777,
          0.6079]], device='cuda:0', grad_fn=<AddmmBackward0>)}
0:01:31.155581 - model_outputs {'pose': tensor([[-0.9023, -0.6601,  0.2709,  0.5529, -0.3300, -0.3200,  0.7210, -0.8777,
          0.6079]], device='cuda:0', grad_fn=<AddmmBackward0>)}
0:01:31.156334 - K crop tensor([[[1.6624e+03, 0.0000e+00, 2.9411e+02],
         [0.0000e+00, 1.6624e+03, 1.0293e+02],
         [0.0000e+00, 0.0000e+00, 1.0000e+00]]], device='cuda:0')
0:01:31.157178 - TCO_input tensor([[[ 1.0000,  0.0000,  0.0000, -0.0221],
         [ 0.0000,  1.0000,  0.0000,  0.0027],
         [ 0.0000,  0.0000,  1.0000,  0.2731],
         [ 0.0000,  0.0000,  0.0000,  1.0000]]], device='cuda:0')
0:01:31.158082 - model tco output tensor([[[-0.7844,  0.4691,  0.4057, -0.0134],
         [-0.5738, -0.7972, -0.1875,  0.0016],
         [ 0.2355, -0.3799,  0.8945,  0.1660],
         [ 0.0000,  0.0000,  0.0000,  1.0000]]], device='cuda:0',
       grad_fn=<CopySlices>)
0:01:31.195674 - Wrote debug data: /home/ubuntu/synthetic_pose_estimation/cosypose/local_data/debug_data/debug_iter=1.pth.tar
0:01:31.405062 - TCO_input tensor([[[ 1.0000,  0.0000,  0.0000, -0.0221],
         [ 0.0000,  1.0000,  0.0000,  0.0027],
         [ 0.0000,  0.0000,  1.0000,  0.2731],
         [ 0.0000,  0.0000,  0.0000,  1.0000]]], device='cuda:0')
0:01:31.406142 - vxvyvz tensor([[ 0.7210, -0.8777,  0.6079]], device='cuda:0',
       grad_fn=<SliceBackward0>)
0:01:31.407140 - dR tensor([[[-0.7844,  0.4691,  0.4057],
         [-0.5738, -0.7972, -0.1875],
         [ 0.2355, -0.3799,  0.8945]]], device='cuda:0',
       grad_fn=<StackBackward0>)
0:01:31.408007 - fxfy tensor([[1662.3567, 1662.3567]], device='cuda:0')
0:01:31.410536 - TCO_gt tensor([[[-0.7893,  0.4511,  0.4165, -0.0100],
         [-0.5688, -0.7927, -0.2192,  0.0062],
         [ 0.2313, -0.4099,  0.8823,  0.1920],
         [ 0.0000,  0.0000,  0.0000,  1.0000]]], device='cuda:0')
0:01:31.411445 - TCO pred_orn tensor([[[-0.7844,  0.4691,  0.4057, -0.0100],
         [-0.5738, -0.7972, -0.1875,  0.0062],
         [ 0.2355, -0.3799,  0.8945,  0.1920],
         [ 0.0000,  0.0000,  0.0000,  1.0000]]], device='cuda:0',
       grad_fn=<CopySlices>)
0:01:31.412359 - TCO pred_xy tensor([[[-0.7893,  0.4511,  0.4165, -0.0155],
         [-0.5688, -0.7927, -0.2192,  0.0018],
         [ 0.2313, -0.4099,  0.8823,  0.1920],
         [ 0.0000,  0.0000,  0.0000,  1.0000]]], device='cuda:0',
       grad_fn=<CopySlices>)
0:01:31.413298 - TCO pred_z tensor([[[-0.7893,  0.4511,  0.4165, -0.0100],
         [-0.5688, -0.7927, -0.2192,  0.0062],
         [ 0.2313, -0.4099,  0.8823,  0.1660],
         [ 0.0000,  0.0000,  0.0000,  1.0000]]], device='cuda:0',
       grad_fn=<CopySlices>)
0:01:31.413916 - loss orn tensor([0.0001], device='cuda:0', grad_fn=<MinBackward0>)
0:01:31.414525 - loss xy tensor([0.0033], device='cuda:0', grad_fn=<MinBackward0>)
0:01:31.415135 - loss z tensor([0.0086], device='cuda:0', grad_fn=<MinBackward0>)
  0%|                                        | 0/1 [00:00<?, ?it/s, loss=0.0121]100%|████████████████████████████████| 1/1 [00:00<00:00,  4.72it/s, loss=0.0121]100%|████████████████████████████████| 1/1 [00:00<00:00,  4.71it/s, loss=0.0121]
0:01:31.162832 - saving /home/ubuntu/synthetic_pose_estimation/cosypose/local_data/experiments/bracket_assembly_debug_nut_nosym_coarse_noaug--938962 156
  0%|                                                     | 0/1 [00:00<?, ?it/s]0:01:31.577975 - iteration 0
0:01:31.624568 - outputs, {'pose': tensor([[-0.9133, -0.6627,  0.2678,  0.5406, -0.3238, -0.3338,  0.7417, -0.8837,
          0.6217]], device='cuda:0', grad_fn=<AddmmBackward0>)}
0:01:31.626230 - model_outputs {'pose': tensor([[-0.9133, -0.6627,  0.2678,  0.5406, -0.3238, -0.3338,  0.7417, -0.8837,
          0.6217]], device='cuda:0', grad_fn=<AddmmBackward0>)}
0:01:31.626999 - K crop tensor([[[1.4740e+03, 0.0000e+00, 3.1053e+02],
         [0.0000e+00, 1.4740e+03, 6.8413e+01],
         [0.0000e+00, 0.0000e+00, 1.0000e+00]]], device='cuda:0')
0:01:31.627849 - TCO_input tensor([[[ 1.0000,  0.0000,  0.0000, -0.0251],
         [ 0.0000,  1.0000,  0.0000,  0.0085],
         [ 0.0000,  0.0000,  1.0000,  0.2452],
         [ 0.0000,  0.0000,  0.0000,  1.0000]]], device='cuda:0')
0:01:31.628738 - model tco output tensor([[[-0.7875,  0.4549,  0.4159, -0.0155],
         [-0.5715, -0.7916, -0.2162,  0.0052],
         [ 0.2309, -0.4080,  0.8833,  0.1525],
         [ 0.0000,  0.0000,  0.0000,  1.0000]]], device='cuda:0',
       grad_fn=<CopySlices>)
0:01:31.670158 - Wrote debug data: /home/ubuntu/synthetic_pose_estimation/cosypose/local_data/debug_data/debug_iter=1.pth.tar
0:01:31.880818 - TCO_input tensor([[[ 1.0000,  0.0000,  0.0000, -0.0251],
         [ 0.0000,  1.0000,  0.0000,  0.0085],
         [ 0.0000,  0.0000,  1.0000,  0.2452],
         [ 0.0000,  0.0000,  0.0000,  1.0000]]], device='cuda:0')
0:01:31.881867 - vxvyvz tensor([[ 0.7417, -0.8837,  0.6217]], device='cuda:0',
       grad_fn=<SliceBackward0>)
0:01:31.882848 - dR tensor([[[-0.7875,  0.4549,  0.4159],
         [-0.5715, -0.7916, -0.2162],
         [ 0.2309, -0.4080,  0.8833]]], device='cuda:0',
       grad_fn=<StackBackward0>)
0:01:31.883740 - fxfy tensor([[1473.9557, 1473.9557]], device='cuda:0')
0:01:31.886249 - TCO_gt tensor([[[-0.7893,  0.4511,  0.4165, -0.0100],
         [-0.5688, -0.7927, -0.2192,  0.0062],
         [ 0.2313, -0.4099,  0.8823,  0.1920],
         [ 0.0000,  0.0000,  0.0000,  1.0000]]], device='cuda:0')
0:01:31.887159 - TCO pred_orn tensor([[[-0.7875,  0.4549,  0.4159, -0.0100],
         [-0.5715, -0.7916, -0.2162,  0.0062],
         [ 0.2309, -0.4080,  0.8833,  0.1920],
         [ 0.0000,  0.0000,  0.0000,  1.0000]]], device='cuda:0',
       grad_fn=<CopySlices>)
0:01:31.888061 - TCO pred_xy tensor([[[-0.7893,  0.4511,  0.4165, -0.0196],
         [-0.5688, -0.7927, -0.2192,  0.0065],
         [ 0.2313, -0.4099,  0.8823,  0.1920],
         [ 0.0000,  0.0000,  0.0000,  1.0000]]], device='cuda:0',
       grad_fn=<CopySlices>)
0:01:31.888979 - TCO pred_z tensor([[[-0.7893,  0.4511,  0.4165, -0.0100],
         [-0.5688, -0.7927, -0.2192,  0.0062],
         [ 0.2313, -0.4099,  0.8823,  0.1525],
         [ 0.0000,  0.0000,  0.0000,  1.0000]]], device='cuda:0',
       grad_fn=<CopySlices>)
0:01:31.889620 - loss orn tensor([1.8662e-05], device='cuda:0', grad_fn=<MinBackward0>)
0:01:31.890231 - loss xy tensor([0.0033], device='cuda:0', grad_fn=<MinBackward0>)
0:01:31.890840 - loss z tensor([0.0132], device='cuda:0', grad_fn=<MinBackward0>)
  0%|                                        | 0/1 [00:00<?, ?it/s, loss=0.0165]100%|████████████████████████████████| 1/1 [00:00<00:00,  4.55it/s, loss=0.0165]100%|████████████████████████████████| 1/1 [00:00<00:00,  4.54it/s, loss=0.0165]
0:01:31.631708 - saving /home/ubuntu/synthetic_pose_estimation/cosypose/local_data/experiments/bracket_assembly_debug_nut_nosym_coarse_noaug--938962 157
  0%|                                                     | 0/1 [00:00<?, ?it/s]0:01:32.046704 - iteration 0
0:01:32.089627 - outputs, {'pose': tensor([[-0.9150, -0.6631,  0.2614,  0.5453, -0.3261, -0.3382,  0.7609, -0.8876,
          0.6301]], device='cuda:0', grad_fn=<AddmmBackward0>)}
0:01:32.091130 - model_outputs {'pose': tensor([[-0.9150, -0.6631,  0.2614,  0.5453, -0.3261, -0.3382,  0.7609, -0.8876,
          0.6301]], device='cuda:0', grad_fn=<AddmmBackward0>)}
0:01:32.091878 - K crop tensor([[[1.8663e+03, 0.0000e+00, 2.1720e+02],
         [0.0000e+00, 1.8663e+03, 6.0177e+01],
         [0.0000e+00, 0.0000e+00, 1.0000e+00]]], device='cuda:0')
0:01:32.092724 - TCO_input tensor([[[ 1.0000,  0.0000,  0.0000, -0.0095],
         [ 0.0000,  1.0000,  0.0000,  0.0098],
         [ 0.0000,  0.0000,  1.0000,  0.3086],
         [ 0.0000,  0.0000,  0.0000,  1.0000]]], device='cuda:0')
0:01:32.093649 - model tco output tensor([[[-0.7889,  0.4542,  0.4139, -0.0059],
         [-0.5717, -0.7895, -0.2232,  0.0061],
         [ 0.2254, -0.4127,  0.8825,  0.1945],
         [ 0.0000,  0.0000,  0.0000,  1.0000]]], device='cuda:0',
       grad_fn=<CopySlices>)
0:01:32.132391 - Wrote debug data: /home/ubuntu/synthetic_pose_estimation/cosypose/local_data/debug_data/debug_iter=1.pth.tar
0:01:32.343064 - TCO_input tensor([[[ 1.0000,  0.0000,  0.0000, -0.0095],
         [ 0.0000,  1.0000,  0.0000,  0.0098],
         [ 0.0000,  0.0000,  1.0000,  0.3086],
         [ 0.0000,  0.0000,  0.0000,  1.0000]]], device='cuda:0')
0:01:32.344039 - vxvyvz tensor([[ 0.7609, -0.8876,  0.6301]], device='cuda:0',
       grad_fn=<SliceBackward0>)
0:01:32.345022 - dR tensor([[[-0.7889,  0.4542,  0.4139],
         [-0.5717, -0.7895, -0.2232],
         [ 0.2254, -0.4127,  0.8825]]], device='cuda:0',
       grad_fn=<StackBackward0>)
0:01:32.345935 - fxfy tensor([[1866.3210, 1866.3215]], device='cuda:0')
0:01:32.348404 - TCO_gt tensor([[[-0.7893,  0.4511,  0.4165, -0.0100],
         [-0.5688, -0.7927, -0.2192,  0.0062],
         [ 0.2313, -0.4099,  0.8823,  0.1920],
         [ 0.0000,  0.0000,  0.0000,  1.0000]]], device='cuda:0')
0:01:32.349334 - TCO pred_orn tensor([[[-0.7889,  0.4542,  0.4139, -0.0100],
         [-0.5717, -0.7895, -0.2232,  0.0062],
         [ 0.2254, -0.4127,  0.8825,  0.1920],
         [ 0.0000,  0.0000,  0.0000,  1.0000]]], device='cuda:0',
       grad_fn=<CopySlices>)
0:01:32.350244 - TCO pred_xy tensor([[[-0.7893,  0.4511,  0.4165, -0.0059],
         [-0.5688, -0.7927, -0.2192,  0.0060],
         [ 0.2313, -0.4099,  0.8823,  0.1920],
         [ 0.0000,  0.0000,  0.0000,  1.0000]]], device='cuda:0',
       grad_fn=<CopySlices>)
0:01:32.351148 - TCO pred_z tensor([[[-0.7893,  0.4511,  0.4165, -0.0100],
         [-0.5688, -0.7927, -0.2192,  0.0062],
         [ 0.2313, -0.4099,  0.8823,  0.1945],
         [ 0.0000,  0.0000,  0.0000,  1.0000]]], device='cuda:0',
       grad_fn=<CopySlices>)
0:01:32.351774 - loss orn tensor([2.9583e-05], device='cuda:0', grad_fn=<MinBackward0>)
0:01:32.352383 - loss xy tensor([0.0014], device='cuda:0', grad_fn=<MinBackward0>)
0:01:32.353004 - loss z tensor([0.0008], device='cuda:0', grad_fn=<MinBackward0>)
  0%|                                        | 0/1 [00:00<?, ?it/s, loss=0.0023]100%|████████████████████████████████| 1/1 [00:00<00:00,  4.70it/s, loss=0.0023]100%|████████████████████████████████| 1/1 [00:00<00:00,  4.69it/s, loss=0.0023]
0:01:32.086394 - saving /home/ubuntu/synthetic_pose_estimation/cosypose/local_data/experiments/bracket_assembly_debug_nut_nosym_coarse_noaug--938962 158
  0%|                                                     | 0/1 [00:00<?, ?it/s]0:01:32.501471 - iteration 0
0:01:32.545640 - outputs, {'pose': tensor([[-0.9152, -0.6504,  0.2584,  0.5391, -0.3210, -0.3445,  0.7750, -0.8855,
          0.6390]], device='cuda:0', grad_fn=<AddmmBackward0>)}
0:01:32.547450 - model_outputs {'pose': tensor([[-0.9152, -0.6504,  0.2584,  0.5391, -0.3210, -0.3445,  0.7750, -0.8855,
          0.6390]], device='cuda:0', grad_fn=<AddmmBackward0>)}
0:01:32.548250 - K crop tensor([[[1.7155e+03, 0.0000e+00, 2.5775e+02],
         [0.0000e+00, 1.7155e+03, 1.8056e+01],
         [0.0000e+00, 0.0000e+00, 1.0000e+00]]], device='cuda:0')
0:01:32.549109 - TCO_input tensor([[[ 1.0000,  0.0000,  0.0000, -0.0165],
         [ 0.0000,  1.0000,  0.0000,  0.0170],
         [ 0.0000,  0.0000,  1.0000,  0.2873],
         [ 0.0000,  0.0000,  0.0000,  1.0000]]], device='cuda:0')
0:01:32.550633 - model tco output tensor([[[-0.7944,  0.4412,  0.4176, -0.0104],
         [-0.5645, -0.7900, -0.2393,  0.0108],
         [ 0.2243, -0.4258,  0.8766,  0.1836],
         [ 0.0000,  0.0000,  0.0000,  1.0000]]], device='cuda:0',
       grad_fn=<CopySlices>)
0:01:32.592752 - Wrote debug data: /home/ubuntu/synthetic_pose_estimation/cosypose/local_data/debug_data/debug_iter=1.pth.tar
0:01:32.802580 - TCO_input tensor([[[ 1.0000,  0.0000,  0.0000, -0.0165],
         [ 0.0000,  1.0000,  0.0000,  0.0170],
         [ 0.0000,  0.0000,  1.0000,  0.2873],
         [ 0.0000,  0.0000,  0.0000,  1.0000]]], device='cuda:0')
0:01:32.803646 - vxvyvz tensor([[ 0.7750, -0.8855,  0.6390]], device='cuda:0',
       grad_fn=<SliceBackward0>)
0:01:32.804658 - dR tensor([[[-0.7944,  0.4412,  0.4176],
         [-0.5645, -0.7900, -0.2393],
         [ 0.2243, -0.4258,  0.8766]]], device='cuda:0',
       grad_fn=<StackBackward0>)
0:01:32.805573 - fxfy tensor([[1715.4938, 1715.4939]], device='cuda:0')
0:01:32.808042 - TCO_gt tensor([[[-0.7893,  0.4511,  0.4165, -0.0100],
         [-0.5688, -0.7927, -0.2192,  0.0062],
         [ 0.2313, -0.4099,  0.8823,  0.1920],
         [ 0.0000,  0.0000,  0.0000,  1.0000]]], device='cuda:0')
0:01:32.808964 - TCO pred_orn tensor([[[-0.7944,  0.4412,  0.4176, -0.0100],
         [-0.5645, -0.7900, -0.2393,  0.0062],
         [ 0.2243, -0.4258,  0.8766,  0.1920],
         [ 0.0000,  0.0000,  0.0000,  1.0000]]], device='cuda:0',
       grad_fn=<CopySlices>)
0:01:32.809884 - TCO pred_xy tensor([[[-0.7893,  0.4511,  0.4165, -0.0109],
         [-0.5688, -0.7927, -0.2192,  0.0113],
         [ 0.2313, -0.4099,  0.8823,  0.1920],
         [ 0.0000,  0.0000,  0.0000,  1.0000]]], device='cuda:0',
       grad_fn=<CopySlices>)
0:01:32.810777 - TCO pred_z tensor([[[-0.7893,  0.4511,  0.4165, -0.0100],
         [-0.5688, -0.7927, -0.2192,  0.0062],
         [ 0.2313, -0.4099,  0.8823,  0.1836],
         [ 0.0000,  0.0000,  0.0000,  1.0000]]], device='cuda:0',
       grad_fn=<CopySlices>)
0:01:32.811413 - loss orn tensor([8.6519e-05], device='cuda:0', grad_fn=<MinBackward0>)
0:01:32.812033 - loss xy tensor([0.0020], device='cuda:0', grad_fn=<MinBackward0>)
0:01:32.812655 - loss z tensor([0.0028], device='cuda:0', grad_fn=<MinBackward0>)
  0%|                                       | 0/1 [00:00<?, ?it/s, loss=0.00488]100%|███████████████████████████████| 1/1 [00:00<00:00,  4.57it/s, loss=0.00488]100%|███████████████████████████████| 1/1 [00:00<00:00,  4.57it/s, loss=0.00488]
0:01:32.551763 - saving /home/ubuntu/synthetic_pose_estimation/cosypose/local_data/experiments/bracket_assembly_debug_nut_nosym_coarse_noaug--938962 159
  0%|                                                     | 0/1 [00:00<?, ?it/s]0:01:32.968622 - iteration 0
0:01:33.015530 - outputs, {'pose': tensor([[-0.9271, -0.6464,  0.2645,  0.5370, -0.3259, -0.3476,  0.7907, -0.8964,
          0.6435]], device='cuda:0', grad_fn=<AddmmBackward0>)}
0:01:33.017892 - model_outputs {'pose': tensor([[-0.9271, -0.6464,  0.2645,  0.5370, -0.3259, -0.3476,  0.7907, -0.8964,
          0.6435]], device='cuda:0', grad_fn=<AddmmBackward0>)}
0:01:33.018693 - K crop tensor([[[1.6544e+03, 0.0000e+00, 2.9376e+02],
         [0.0000e+00, 1.6544e+03, 7.6082e+01],
         [0.0000e+00, 0.0000e+00, 1.0000e+00]]], device='cuda:0')
0:01:33.019543 - TCO_input tensor([[[ 1.0000,  0.0000,  0.0000, -0.0222],
         [ 0.0000,  1.0000,  0.0000,  0.0072],
         [ 0.0000,  0.0000,  1.0000,  0.2736],
         [ 0.0000,  0.0000,  0.0000,  1.0000]]], device='cuda:0')
0:01:33.020442 - model tco output tensor([[[-0.7987,  0.4319,  0.4189, -0.0142],
         [-0.5569, -0.7943, -0.2428,  0.0045],
         [ 0.2279, -0.4273,  0.8749,  0.1761],
         [ 0.0000,  0.0000,  0.0000,  1.0000]]], device='cuda:0',
       grad_fn=<CopySlices>)
0:01:33.059307 - Wrote debug data: /home/ubuntu/synthetic_pose_estimation/cosypose/local_data/debug_data/debug_iter=1.pth.tar
0:01:33.270260 - TCO_input tensor([[[ 1.0000,  0.0000,  0.0000, -0.0222],
         [ 0.0000,  1.0000,  0.0000,  0.0072],
         [ 0.0000,  0.0000,  1.0000,  0.2736],
         [ 0.0000,  0.0000,  0.0000,  1.0000]]], device='cuda:0')
0:01:33.271296 - vxvyvz tensor([[ 0.7907, -0.8964,  0.6435]], device='cuda:0',
       grad_fn=<SliceBackward0>)
0:01:33.272287 - dR tensor([[[-0.7987,  0.4319,  0.4189],
         [-0.5569, -0.7943, -0.2428],
         [ 0.2279, -0.4273,  0.8749]]], device='cuda:0',
       grad_fn=<StackBackward0>)
0:01:33.273183 - fxfy tensor([[1654.4219, 1654.4220]], device='cuda:0')
0:01:33.275735 - TCO_gt tensor([[[-0.7893,  0.4511,  0.4165, -0.0100],
         [-0.5688, -0.7927, -0.2192,  0.0062],
         [ 0.2313, -0.4099,  0.8823,  0.1920],
         [ 0.0000,  0.0000,  0.0000,  1.0000]]], device='cuda:0')
0:01:33.276654 - TCO pred_orn tensor([[[-0.7987,  0.4319,  0.4189, -0.0100],
         [-0.5569, -0.7943, -0.2428,  0.0062],
         [ 0.2279, -0.4273,  0.8749,  0.1920],
         [ 0.0000,  0.0000,  0.0000,  1.0000]]], device='cuda:0',
       grad_fn=<CopySlices>)
0:01:33.277599 - TCO pred_xy tensor([[[-0.7893,  0.4511,  0.4165, -0.0155],
         [-0.5688, -0.7927, -0.2192,  0.0049],
         [ 0.2313, -0.4099,  0.8823,  0.1920],
         [ 0.0000,  0.0000,  0.0000,  1.0000]]], device='cuda:0',
       grad_fn=<CopySlices>)
0:01:33.278534 - TCO pred_z tensor([[[-0.7893,  0.4511,  0.4165, -0.0100],
         [-0.5688, -0.7927, -0.2192,  0.0062],
         [ 0.2313, -0.4099,  0.8823,  0.1761],
         [ 0.0000,  0.0000,  0.0000,  1.0000]]], device='cuda:0',
       grad_fn=<CopySlices>)
0:01:33.279166 - loss orn tensor([0.0001], device='cuda:0', grad_fn=<MinBackward0>)
0:01:33.279787 - loss xy tensor([0.0022], device='cuda:0', grad_fn=<MinBackward0>)
0:01:33.280403 - loss z tensor([0.0053], device='cuda:0', grad_fn=<MinBackward0>)
  0%|                                       | 0/1 [00:00<?, ?it/s, loss=0.00766]100%|███████████████████████████████| 1/1 [00:00<00:00,  4.46it/s, loss=0.00766]100%|███████████████████████████████| 1/1 [00:00<00:00,  4.45it/s, loss=0.00766]
  0%|                                                     | 0/1 [00:00<?, ?it/s]0:01:33.190894 - iteration 0
0:01:33.227186 - outputs, {'pose': tensor([[-0.0099,  0.0161, -0.0130,  0.0508,  0.0110, -0.0474,  0.0239, -0.0235,
          0.0418]], device='cuda:0')}
0:01:33.228633 - model_outputs {'pose': tensor([[-0.0099,  0.0161, -0.0130,  0.0508,  0.0110, -0.0474,  0.0239, -0.0235,
          0.0418]], device='cuda:0')}
0:01:33.229402 - K crop tensor([[[1.7051e+03, 0.0000e+00, 2.7649e+02],
         [0.0000e+00, 1.7051e+03, 6.5088e+01],
         [0.0000e+00, 0.0000e+00, 1.0000e+00]]], device='cuda:0')
0:01:33.230256 - TCO_input tensor([[[ 1.0000,  0.0000,  0.0000, -0.0194],
         [ 0.0000,  1.0000,  0.0000,  0.0090],
         [ 0.0000,  0.0000,  1.0000,  0.2825],
         [ 0.0000,  0.0000,  0.0000,  1.0000]]], device='cuda:0')
0:01:33.231124 - model tco output tensor([[[-4.3270e-01,  8.1262e-01, -3.9040e-01, -8.1029e-04],
         [ 7.0193e-01,  3.1926e-02, -7.1153e-01,  3.7676e-04],
         [-5.6574e-01, -5.8191e-01, -5.8422e-01,  1.1811e-02],
         [ 0.0000e+00,  0.0000e+00,  0.0000e+00,  1.0000e+00]]],
       device='cuda:0')
0:01:33.269105 - Wrote debug data: /home/ubuntu/synthetic_pose_estimation/cosypose/local_data/debug_data/debug_iter=1.pth.tar
0:01:33.479953 - TCO_input tensor([[[ 1.0000,  0.0000,  0.0000, -0.0194],
         [ 0.0000,  1.0000,  0.0000,  0.0090],
         [ 0.0000,  0.0000,  1.0000,  0.2825],
         [ 0.0000,  0.0000,  0.0000,  1.0000]]], device='cuda:0')
0:01:33.480872 - vxvyvz tensor([[ 0.0239, -0.0235,  0.0418]], device='cuda:0')
0:01:33.481847 - dR tensor([[[-0.4327,  0.8126, -0.3904],
         [ 0.7019,  0.0319, -0.7115],
         [-0.5657, -0.5819, -0.5842]]], device='cuda:0')
0:01:33.482713 - fxfy tensor([[1705.0660, 1705.0660]], device='cuda:0')
0:01:33.485025 - TCO_gt tensor([[[-0.7893,  0.4511,  0.4165, -0.0100],
         [-0.5688, -0.7927, -0.2192,  0.0062],
         [ 0.2313, -0.4099,  0.8823,  0.1920],
         [ 0.0000,  0.0000,  0.0000,  1.0000]]], device='cuda:0')
0:01:33.485961 - TCO pred_orn tensor([[[-0.4327,  0.8126, -0.3904, -0.0100],
         [ 0.7019,  0.0319, -0.7115,  0.0062],
         [-0.5657, -0.5819, -0.5842,  0.1920],
         [ 0.0000,  0.0000,  0.0000,  1.0000]]], device='cuda:0')
0:01:33.486865 - TCO pred_xy tensor([[[-0.7893,  0.4511,  0.4165, -0.0132],
         [-0.5688, -0.7927, -0.2192,  0.0061],
         [ 0.2313, -0.4099,  0.8823,  0.1920],
         [ 0.0000,  0.0000,  0.0000,  1.0000]]], device='cuda:0')
0:01:33.487775 - TCO pred_z tensor([[[-0.7893,  0.4511,  0.4165, -0.0100],
         [-0.5688, -0.7927, -0.2192,  0.0062],
         [ 0.2313, -0.4099,  0.8823,  0.0118],
         [ 0.0000,  0.0000,  0.0000,  1.0000]]], device='cuda:0')
0:01:33.488397 - loss orn tensor([0.0068], device='cuda:0')
0:01:33.489029 - loss xy tensor([0.0011], device='cuda:0')
0:01:33.489861 - loss z tensor([0.0601], device='cuda:0')
100%|█████████████████████████████████████████████| 1/1 [00:00<00:00,  8.49it/s]100%|█████████████████████████████████████████████| 1/1 [00:00<00:00,  8.46it/s]
0:01:33.155074 - saving /home/ubuntu/synthetic_pose_estimation/cosypose/local_data/experiments/bracket_assembly_debug_nut_nosym_coarse_noaug--938962 160
  0%|                                                     | 0/1 [00:00<?, ?it/s]0:01:33.566816 - iteration 0
0:01:33.609972 - outputs, {'pose': tensor([[-0.9188, -0.6419,  0.2711,  0.5439, -0.3257, -0.3446,  0.8087, -0.8974,
          0.6554]], device='cuda:0', grad_fn=<AddmmBackward0>)}
0:01:33.611502 - model_outputs {'pose': tensor([[-0.9188, -0.6419,  0.2711,  0.5439, -0.3257, -0.3446,  0.8087, -0.8974,
          0.6554]], device='cuda:0', grad_fn=<AddmmBackward0>)}
0:01:33.612260 - K crop tensor([[[1.7760e+03, 0.0000e+00, 2.2304e+02],
         [0.0000e+00, 1.7760e+03, 6.3783e+01],
         [0.0000e+00, 0.0000e+00, 1.0000e+00]]], device='cuda:0')
0:01:33.613103 - TCO_input tensor([[[ 1.0000,  0.0000,  0.0000, -0.0105],
         [ 0.0000,  1.0000,  0.0000,  0.0092],
         [ 0.0000,  0.0000,  1.0000,  0.2939],
         [ 0.0000,  0.0000,  0.0000,  1.0000]]], device='cuda:0')
0:01:33.614001 - model tco output tensor([[[-0.7968,  0.4351,  0.4193, -0.0068],
         [-0.5566, -0.7985, -0.2291,  0.0059],
         [ 0.2351, -0.4160,  0.8785,  0.1927],
         [ 0.0000,  0.0000,  0.0000,  1.0000]]], device='cuda:0',
       grad_fn=<CopySlices>)
0:01:33.652088 - Wrote debug data: /home/ubuntu/synthetic_pose_estimation/cosypose/local_data/debug_data/debug_iter=1.pth.tar
0:01:33.863015 - TCO_input tensor([[[ 1.0000,  0.0000,  0.0000, -0.0105],
         [ 0.0000,  1.0000,  0.0000,  0.0092],
         [ 0.0000,  0.0000,  1.0000,  0.2939],
         [ 0.0000,  0.0000,  0.0000,  1.0000]]], device='cuda:0')
0:01:33.864010 - vxvyvz tensor([[ 0.8087, -0.8974,  0.6554]], device='cuda:0',
       grad_fn=<SliceBackward0>)
0:01:33.864995 - dR tensor([[[-0.7968,  0.4351,  0.4193],
         [-0.5566, -0.7985, -0.2291],
         [ 0.2351, -0.4160,  0.8785]]], device='cuda:0',
       grad_fn=<StackBackward0>)
0:01:33.865895 - fxfy tensor([[1775.9624, 1775.9628]], device='cuda:0')
0:01:33.868344 - TCO_gt tensor([[[-0.7893,  0.4511,  0.4165, -0.0100],
         [-0.5688, -0.7927, -0.2192,  0.0062],
         [ 0.2313, -0.4099,  0.8823,  0.1920],
         [ 0.0000,  0.0000,  0.0000,  1.0000]]], device='cuda:0')
0:01:33.869287 - TCO pred_orn tensor([[[-0.7968,  0.4351,  0.4193, -0.0100],
         [-0.5566, -0.7985, -0.2291,  0.0062],
         [ 0.2351, -0.4160,  0.8785,  0.1920],
         [ 0.0000,  0.0000,  0.0000,  1.0000]]], device='cuda:0',
       grad_fn=<CopySlices>)
0:01:33.870189 - TCO pred_xy tensor([[[-0.7893,  0.4511,  0.4165, -0.0068],
         [-0.5688, -0.7927, -0.2192,  0.0059],
         [ 0.2313, -0.4099,  0.8823,  0.1920],
         [ 0.0000,  0.0000,  0.0000,  1.0000]]], device='cuda:0',
       grad_fn=<CopySlices>)
0:01:33.871092 - TCO pred_z tensor([[[-0.7893,  0.4511,  0.4165, -0.0100],
         [-0.5688, -0.7927, -0.2192,  0.0062],
         [ 0.2313, -0.4099,  0.8823,  0.1927],
         [ 0.0000,  0.0000,  0.0000,  1.0000]]], device='cuda:0',
       grad_fn=<CopySlices>)
0:01:33.871731 - loss orn tensor([7.7663e-05], device='cuda:0', grad_fn=<MinBackward0>)
0:01:33.872342 - loss xy tensor([0.0012], device='cuda:0', grad_fn=<MinBackward0>)
0:01:33.872966 - loss z tensor([0.0002], device='cuda:0', grad_fn=<MinBackward0>)
  0%|                                       | 0/1 [00:00<?, ?it/s, loss=0.00146]100%|███████████████████████████████| 1/1 [00:00<00:00,  4.72it/s, loss=0.00146]100%|███████████████████████████████| 1/1 [00:00<00:00,  4.71it/s, loss=0.00146]
0:01:33.618443 - saving /home/ubuntu/synthetic_pose_estimation/cosypose/local_data/experiments/bracket_assembly_debug_nut_nosym_coarse_noaug--938962 161
  0%|                                                     | 0/1 [00:00<?, ?it/s]0:01:34.033613 - iteration 0
0:01:34.079922 - outputs, {'pose': tensor([[-0.9111, -0.6543,  0.2765,  0.5498, -0.3315, -0.3331,  0.8165, -0.8875,
          0.6610]], device='cuda:0', grad_fn=<AddmmBackward0>)}
0:01:34.081504 - model_outputs {'pose': tensor([[-0.9111, -0.6543,  0.2765,  0.5498, -0.3315, -0.3331,  0.8165, -0.8875,
          0.6610]], device='cuda:0', grad_fn=<AddmmBackward0>)}
0:01:34.082264 - K crop tensor([[[1.9029e+03, 0.0000e+00, 2.5324e+02],
         [0.0000e+00, 1.9029e+03, 1.1159e+02],
         [0.0000e+00, 0.0000e+00, 1.0000e+00]]], device='cuda:0')
0:01:34.083096 - TCO_input tensor([[[ 1.0000,  0.0000,  0.0000, -0.0153],
         [ 0.0000,  1.0000,  0.0000,  0.0013],
         [ 0.0000,  0.0000,  1.0000,  0.3111],
         [ 0.0000,  0.0000,  0.0000,  1.0000]]], device='cuda:0')
0:01:34.083954 - model tco output tensor([[[-7.8864e-01,  4.5372e-01,  4.1495e-01, -1.0043e-02],
         [-5.6635e-01, -7.9878e-01, -2.0298e-01,  7.5840e-04],
         [ 2.3935e-01, -3.9508e-01,  8.8692e-01,  2.0564e-01],
         [ 0.0000e+00,  0.0000e+00,  0.0000e+00,  1.0000e+00]]],
       device='cuda:0', grad_fn=<CopySlices>)
0:01:34.123981 - Wrote debug data: /home/ubuntu/synthetic_pose_estimation/cosypose/local_data/debug_data/debug_iter=1.pth.tar
0:01:34.334035 - TCO_input tensor([[[ 1.0000,  0.0000,  0.0000, -0.0153],
         [ 0.0000,  1.0000,  0.0000,  0.0013],
         [ 0.0000,  0.0000,  1.0000,  0.3111],
         [ 0.0000,  0.0000,  0.0000,  1.0000]]], device='cuda:0')
0:01:34.334975 - vxvyvz tensor([[ 0.8165, -0.8875,  0.6610]], device='cuda:0',
       grad_fn=<SliceBackward0>)
0:01:34.335968 - dR tensor([[[-0.7886,  0.4537,  0.4149],
         [-0.5664, -0.7988, -0.2030],
         [ 0.2394, -0.3951,  0.8869]]], device='cuda:0',
       grad_fn=<StackBackward0>)
0:01:34.336806 - fxfy tensor([[1902.8656, 1902.8656]], device='cuda:0')
0:01:34.339351 - TCO_gt tensor([[[-0.7893,  0.4511,  0.4165, -0.0100],
         [-0.5688, -0.7927, -0.2192,  0.0062],
         [ 0.2313, -0.4099,  0.8823,  0.1920],
         [ 0.0000,  0.0000,  0.0000,  1.0000]]], device='cuda:0')
0:01:34.340266 - TCO pred_orn tensor([[[-0.7886,  0.4537,  0.4149, -0.0100],
         [-0.5664, -0.7988, -0.2030,  0.0062],
         [ 0.2394, -0.3951,  0.8869,  0.1920],
         [ 0.0000,  0.0000,  0.0000,  1.0000]]], device='cuda:0',
       grad_fn=<CopySlices>)
0:01:34.341164 - TCO pred_xy tensor([[[-7.8929e-01,  4.5115e-01,  4.1651e-01, -9.3749e-03],
         [-5.6879e-01, -7.9274e-01, -2.1920e-01,  7.0796e-04],
         [ 2.3129e-01, -4.0992e-01,  8.8231e-01,  1.9197e-01],
         [ 0.0000e+00,  0.0000e+00,  0.0000e+00,  1.0000e+00]]],
       device='cuda:0', grad_fn=<CopySlices>)
0:01:34.342071 - TCO pred_z tensor([[[-0.7893,  0.4511,  0.4165, -0.0100],
         [-0.5688, -0.7927, -0.2192,  0.0062],
         [ 0.2313, -0.4099,  0.8823,  0.2056],
         [ 0.0000,  0.0000,  0.0000,  1.0000]]], device='cuda:0',
       grad_fn=<CopySlices>)
0:01:34.342749 - loss orn tensor([6.3325e-05], device='cuda:0', grad_fn=<MinBackward0>)
0:01:34.343361 - loss xy tensor([0.0020], device='cuda:0', grad_fn=<MinBackward0>)
0:01:34.343969 - loss z tensor([0.0046], device='cuda:0', grad_fn=<MinBackward0>)
  0%|                                       | 0/1 [00:00<?, ?it/s, loss=0.00666]100%|███████████████████████████████| 1/1 [00:00<00:00,  4.60it/s, loss=0.00666]100%|███████████████████████████████| 1/1 [00:00<00:00,  4.59it/s, loss=0.00666]
0:01:34.083920 - saving /home/ubuntu/synthetic_pose_estimation/cosypose/local_data/experiments/bracket_assembly_debug_nut_nosym_coarse_noaug--938962 162
  0%|                                                     | 0/1 [00:00<?, ?it/s]0:01:34.498969 - iteration 0
0:01:34.542196 - outputs, {'pose': tensor([[-0.9134, -0.6638,  0.2769,  0.5513, -0.3319, -0.3347,  0.8296, -0.8932,
          0.6697]], device='cuda:0', grad_fn=<AddmmBackward0>)}
0:01:34.543740 - model_outputs {'pose': tensor([[-0.9134, -0.6638,  0.2769,  0.5513, -0.3319, -0.3347,  0.8296, -0.8932,
          0.6697]], device='cuda:0', grad_fn=<AddmmBackward0>)}
0:01:34.544499 - K crop tensor([[[1.8803e+03, 0.0000e+00, 2.3548e+02],
         [0.0000e+00, 1.8803e+03, 5.0493e+01],
         [0.0000e+00, 0.0000e+00, 1.0000e+00]]], device='cuda:0')
0:01:34.545344 - TCO_input tensor([[[ 1.0000,  0.0000,  0.0000, -0.0126],
         [ 0.0000,  1.0000,  0.0000,  0.0114],
         [ 0.0000,  0.0000,  1.0000,  0.3115],
         [ 0.0000,  0.0000,  0.0000,  1.0000]]], device='cuda:0')
0:01:34.546239 - model tco output tensor([[[-0.7857,  0.4578,  0.4161, -0.0083],
         [-0.5709, -0.7956, -0.2028,  0.0076],
         [ 0.2382, -0.3969,  0.8864,  0.2086],
         [ 0.0000,  0.0000,  0.0000,  1.0000]]], device='cuda:0',
       grad_fn=<CopySlices>)
0:01:34.584529 - Wrote debug data: /home/ubuntu/synthetic_pose_estimation/cosypose/local_data/debug_data/debug_iter=1.pth.tar
0:01:34.793650 - TCO_input tensor([[[ 1.0000,  0.0000,  0.0000, -0.0126],
         [ 0.0000,  1.0000,  0.0000,  0.0114],
         [ 0.0000,  0.0000,  1.0000,  0.3115],
         [ 0.0000,  0.0000,  0.0000,  1.0000]]], device='cuda:0')
0:01:34.794663 - vxvyvz tensor([[ 0.8296, -0.8932,  0.6697]], device='cuda:0',
       grad_fn=<SliceBackward0>)
0:01:34.795630 - dR tensor([[[-0.7857,  0.4578,  0.4161],
         [-0.5709, -0.7956, -0.2028],
         [ 0.2382, -0.3969,  0.8864]]], device='cuda:0',
       grad_fn=<StackBackward0>)
0:01:34.796505 - fxfy tensor([[1880.3230, 1880.3230]], device='cuda:0')
0:01:34.799049 - TCO_gt tensor([[[-0.7893,  0.4511,  0.4165, -0.0100],
         [-0.5688, -0.7927, -0.2192,  0.0062],
         [ 0.2313, -0.4099,  0.8823,  0.1920],
         [ 0.0000,  0.0000,  0.0000,  1.0000]]], device='cuda:0')
0:01:34.799961 - TCO pred_orn tensor([[[-0.7857,  0.4578,  0.4161, -0.0100],
         [-0.5709, -0.7956, -0.2028,  0.0062],
         [ 0.2382, -0.3969,  0.8864,  0.1920],
         [ 0.0000,  0.0000,  0.0000,  1.0000]]], device='cuda:0',
       grad_fn=<CopySlices>)
0:01:34.800886 - TCO pred_xy tensor([[[-0.7893,  0.4511,  0.4165, -0.0077],
         [-0.5688, -0.7927, -0.2192,  0.0070],
         [ 0.2313, -0.4099,  0.8823,  0.1920],
         [ 0.0000,  0.0000,  0.0000,  1.0000]]], device='cuda:0',
       grad_fn=<CopySlices>)
0:01:34.801828 - TCO pred_z tensor([[[-0.7893,  0.4511,  0.4165, -0.0100],
         [-0.5688, -0.7927, -0.2192,  0.0062],
         [ 0.2313, -0.4099,  0.8823,  0.2086],
         [ 0.0000,  0.0000,  0.0000,  1.0000]]], device='cuda:0',
       grad_fn=<CopySlices>)
0:01:34.802460 - loss orn tensor([6.7618e-05], device='cuda:0', grad_fn=<MinBackward0>)
0:01:34.803071 - loss xy tensor([0.0010], device='cuda:0', grad_fn=<MinBackward0>)
0:01:34.803681 - loss z tensor([0.0056], device='cuda:0', grad_fn=<MinBackward0>)
  0%|                                       | 0/1 [00:00<?, ?it/s, loss=0.00666]100%|███████████████████████████████| 1/1 [00:00<00:00,  4.70it/s, loss=0.00666]100%|███████████████████████████████| 1/1 [00:00<00:00,  4.69it/s, loss=0.00666]
0:01:34.545357 - saving /home/ubuntu/synthetic_pose_estimation/cosypose/local_data/experiments/bracket_assembly_debug_nut_nosym_coarse_noaug--938962 163
  0%|                                                     | 0/1 [00:00<?, ?it/s]0:01:34.960468 - iteration 0
0:01:35.003631 - outputs, {'pose': tensor([[-0.9109, -0.6565,  0.2718,  0.5443, -0.3302, -0.3368,  0.8292, -0.8902,
          0.6680]], device='cuda:0', grad_fn=<AddmmBackward0>)}
0:01:35.005273 - model_outputs {'pose': tensor([[-0.9109, -0.6565,  0.2718,  0.5443, -0.3302, -0.3368,  0.8292, -0.8902,
          0.6680]], device='cuda:0', grad_fn=<AddmmBackward0>)}
0:01:35.006066 - K crop tensor([[[1.7916e+03, 0.0000e+00, 2.6393e+02],
         [0.0000e+00, 1.7916e+03, 4.2057e+01],
         [0.0000e+00, 0.0000e+00, 1.0000e+00]]], device='cuda:0')
0:01:35.006911 - TCO_input tensor([[[ 1.0000,  0.0000,  0.0000, -0.0174],
         [ 0.0000,  1.0000,  0.0000,  0.0129],
         [ 0.0000,  0.0000,  1.0000,  0.2979],
         [ 0.0000,  0.0000,  0.0000,  1.0000]]], device='cuda:0')
0:01:35.007792 - model tco output tensor([[[-0.7885,  0.4518,  0.4173, -0.0115],
         [-0.5683, -0.7947, -0.2133,  0.0085],
         [ 0.2352, -0.4053,  0.8834,  0.1990],
         [ 0.0000,  0.0000,  0.0000,  1.0000]]], device='cuda:0',
       grad_fn=<CopySlices>)
0:01:35.045915 - Wrote debug data: /home/ubuntu/synthetic_pose_estimation/cosypose/local_data/debug_data/debug_iter=1.pth.tar
0:01:35.255563 - TCO_input tensor([[[ 1.0000,  0.0000,  0.0000, -0.0174],
         [ 0.0000,  1.0000,  0.0000,  0.0129],
         [ 0.0000,  0.0000,  1.0000,  0.2979],
         [ 0.0000,  0.0000,  0.0000,  1.0000]]], device='cuda:0')
0:01:35.256559 - vxvyvz tensor([[ 0.8292, -0.8902,  0.6680]], device='cuda:0',
       grad_fn=<SliceBackward0>)
0:01:35.257589 - dR tensor([[[-0.7885,  0.4518,  0.4173],
         [-0.5683, -0.7947, -0.2133],
         [ 0.2352, -0.4053,  0.8834]]], device='cuda:0',
       grad_fn=<StackBackward0>)
0:01:35.258465 - fxfy tensor([[1791.5580, 1791.5581]], device='cuda:0')
0:01:35.260927 - TCO_gt tensor([[[-0.7893,  0.4511,  0.4165, -0.0100],
         [-0.5688, -0.7927, -0.2192,  0.0062],
         [ 0.2313, -0.4099,  0.8823,  0.1920],
         [ 0.0000,  0.0000,  0.0000,  1.0000]]], device='cuda:0')
0:01:35.261842 - TCO pred_orn tensor([[[-0.7885,  0.4518,  0.4173, -0.0100],
         [-0.5683, -0.7947, -0.2133,  0.0062],
         [ 0.2352, -0.4053,  0.8834,  0.1920],
         [ 0.0000,  0.0000,  0.0000,  1.0000]]], device='cuda:0',
       grad_fn=<CopySlices>)
0:01:35.262726 - TCO pred_xy tensor([[[-0.7893,  0.4511,  0.4165, -0.0111],
         [-0.5688, -0.7927, -0.2192,  0.0082],
         [ 0.2313, -0.4099,  0.8823,  0.1920],
         [ 0.0000,  0.0000,  0.0000,  1.0000]]], device='cuda:0',
       grad_fn=<CopySlices>)
0:01:35.263624 - TCO pred_z tensor([[[-0.7893,  0.4511,  0.4165, -0.0100],
         [-0.5688, -0.7927, -0.2192,  0.0062],
         [ 0.2313, -0.4099,  0.8823,  0.1990],
         [ 0.0000,  0.0000,  0.0000,  1.0000]]], device='cuda:0',
       grad_fn=<CopySlices>)
0:01:35.264232 - loss orn tensor([2.2894e-05], device='cuda:0', grad_fn=<MinBackward0>)
0:01:35.264824 - loss xy tensor([0.0010], device='cuda:0', grad_fn=<MinBackward0>)
0:01:35.265454 - loss z tensor([0.0023], device='cuda:0', grad_fn=<MinBackward0>)
  0%|                                        | 0/1 [00:00<?, ?it/s, loss=0.0034]100%|████████████████████████████████| 1/1 [00:00<00:00,  4.66it/s, loss=0.0034]100%|████████████████████████████████| 1/1 [00:00<00:00,  4.65it/s, loss=0.0034]
0:01:35.012788 - saving /home/ubuntu/synthetic_pose_estimation/cosypose/local_data/experiments/bracket_assembly_debug_nut_nosym_coarse_noaug--938962 164
  0%|                                                     | 0/1 [00:00<?, ?it/s]0:01:35.427658 - iteration 0
0:01:35.470582 - outputs, {'pose': tensor([[-0.9214, -0.6521,  0.2693,  0.5423, -0.3405, -0.3441,  0.8370, -0.8852,
          0.6572]], device='cuda:0', grad_fn=<AddmmBackward0>)}
0:01:35.472253 - model_outputs {'pose': tensor([[-0.9214, -0.6521,  0.2693,  0.5423, -0.3405, -0.3441,  0.8370, -0.8852,
          0.6572]], device='cuda:0', grad_fn=<AddmmBackward0>)}
0:01:35.473003 - K crop tensor([[[1.5534e+03, 0.0000e+00, 2.6347e+02],
         [0.0000e+00, 1.5534e+03, 4.1228e+01],
         [0.0000e+00, 0.0000e+00, 1.0000e+00]]], device='cuda:0')
0:01:35.473873 - TCO_input tensor([[[ 1.0000,  0.0000,  0.0000, -0.0174],
         [ 0.0000,  1.0000,  0.0000,  0.0131],
         [ 0.0000,  0.0000,  1.0000,  0.2598],
         [ 0.0000,  0.0000,  0.0000,  1.0000]]], device='cuda:0')
0:01:35.474755 - model tco output tensor([[[-0.7940,  0.4424,  0.4170, -0.0113],
         [-0.5619, -0.7959, -0.2256,  0.0085],
         [ 0.2321, -0.4134,  0.8805,  0.1707],
         [ 0.0000,  0.0000,  0.0000,  1.0000]]], device='cuda:0',
       grad_fn=<CopySlices>)
0:01:35.514509 - Wrote debug data: /home/ubuntu/synthetic_pose_estimation/cosypose/local_data/debug_data/debug_iter=1.pth.tar
0:01:35.724613 - TCO_input tensor([[[ 1.0000,  0.0000,  0.0000, -0.0174],
         [ 0.0000,  1.0000,  0.0000,  0.0131],
         [ 0.0000,  0.0000,  1.0000,  0.2598],
         [ 0.0000,  0.0000,  0.0000,  1.0000]]], device='cuda:0')
0:01:35.725585 - vxvyvz tensor([[ 0.8370, -0.8852,  0.6572]], device='cuda:0',
       grad_fn=<SliceBackward0>)
0:01:35.726545 - dR tensor([[[-0.7940,  0.4424,  0.4170],
         [-0.5619, -0.7959, -0.2256],
         [ 0.2321, -0.4134,  0.8805]]], device='cuda:0',
       grad_fn=<StackBackward0>)
0:01:35.727382 - fxfy tensor([[1553.4165, 1553.4164]], device='cuda:0')
0:01:35.729894 - TCO_gt tensor([[[-0.7893,  0.4511,  0.4165, -0.0100],
         [-0.5688, -0.7927, -0.2192,  0.0062],
         [ 0.2313, -0.4099,  0.8823,  0.1920],
         [ 0.0000,  0.0000,  0.0000,  1.0000]]], device='cuda:0')
0:01:35.730814 - TCO pred_orn tensor([[[-0.7940,  0.4424,  0.4170, -0.0100],
         [-0.5619, -0.7959, -0.2256,  0.0062],
         [ 0.2321, -0.4134,  0.8805,  0.1920],
         [ 0.0000,  0.0000,  0.0000,  1.0000]]], device='cuda:0',
       grad_fn=<CopySlices>)
0:01:35.731693 - TCO pred_xy tensor([[[-0.7893,  0.4511,  0.4165, -0.0127],
         [-0.5688, -0.7927, -0.2192,  0.0096],
         [ 0.2313, -0.4099,  0.8823,  0.1920],
         [ 0.0000,  0.0000,  0.0000,  1.0000]]], device='cuda:0',
       grad_fn=<CopySlices>)
0:01:35.732581 - TCO pred_z tensor([[[-0.7893,  0.4511,  0.4165, -0.0100],
         [-0.5688, -0.7927, -0.2192,  0.0062],
         [ 0.2313, -0.4099,  0.8823,  0.1707],
         [ 0.0000,  0.0000,  0.0000,  1.0000]]], device='cuda:0',
       grad_fn=<CopySlices>)
0:01:35.733266 - loss orn tensor([4.2862e-05], device='cuda:0', grad_fn=<MinBackward0>)
0:01:35.733876 - loss xy tensor([0.0020], device='cuda:0', grad_fn=<MinBackward0>)
0:01:35.734481 - loss z tensor([0.0071], device='cuda:0', grad_fn=<MinBackward0>)
  0%|                                       | 0/1 [00:00<?, ?it/s, loss=0.00917]100%|███████████████████████████████| 1/1 [00:00<00:00,  4.69it/s, loss=0.00917]100%|███████████████████████████████| 1/1 [00:00<00:00,  4.68it/s, loss=0.00917]
0:01:35.471549 - saving /home/ubuntu/synthetic_pose_estimation/cosypose/local_data/experiments/bracket_assembly_debug_nut_nosym_coarse_noaug--938962 165
  0%|                                                     | 0/1 [00:00<?, ?it/s]0:01:35.886471 - iteration 0
0:01:35.929742 - outputs, {'pose': tensor([[-0.9196, -0.6618,  0.2631,  0.5461, -0.3344, -0.3476,  0.8540, -0.8891,
          0.6618]], device='cuda:0', grad_fn=<AddmmBackward0>)}
0:01:35.931345 - model_outputs {'pose': tensor([[-0.9196, -0.6618,  0.2631,  0.5461, -0.3344, -0.3476,  0.8540, -0.8891,
          0.6618]], device='cuda:0', grad_fn=<AddmmBackward0>)}
0:01:35.932171 - K crop tensor([[[1.6724e+03, 0.0000e+00, 2.5554e+02],
         [0.0000e+00, 1.6724e+03, 2.9877e+01],
         [0.0000e+00, 0.0000e+00, 1.0000e+00]]], device='cuda:0')
0:01:35.933028 - TCO_input tensor([[[ 1.0000,  0.0000,  0.0000, -0.0161],
         [ 0.0000,  1.0000,  0.0000,  0.0150],
         [ 0.0000,  0.0000,  1.0000,  0.2796],
         [ 0.0000,  0.0000,  0.0000,  1.0000]]], device='cuda:0')
0:01:35.934533 - model tco output tensor([[[-0.7906,  0.4476,  0.4178, -0.0105],
         [-0.5690, -0.7892, -0.2312,  0.0098],
         [ 0.2262, -0.4205,  0.8787,  0.1850],
         [ 0.0000,  0.0000,  0.0000,  1.0000]]], device='cuda:0',
       grad_fn=<CopySlices>)
0:01:35.975859 - Wrote debug data: /home/ubuntu/synthetic_pose_estimation/cosypose/local_data/debug_data/debug_iter=1.pth.tar
0:01:36.186733 - TCO_input tensor([[[ 1.0000,  0.0000,  0.0000, -0.0161],
         [ 0.0000,  1.0000,  0.0000,  0.0150],
         [ 0.0000,  0.0000,  1.0000,  0.2796],
         [ 0.0000,  0.0000,  0.0000,  1.0000]]], device='cuda:0')
0:01:36.187713 - vxvyvz tensor([[ 0.8540, -0.8891,  0.6618]], device='cuda:0',
       grad_fn=<SliceBackward0>)
0:01:36.188728 - dR tensor([[[-0.7906,  0.4476,  0.4178],
         [-0.5690, -0.7892, -0.2312],
         [ 0.2262, -0.4205,  0.8787]]], device='cuda:0',
       grad_fn=<StackBackward0>)
0:01:36.189642 - fxfy tensor([[1672.3805, 1672.3806]], device='cuda:0')
0:01:36.192156 - TCO_gt tensor([[[-0.7893,  0.4511,  0.4165, -0.0100],
         [-0.5688, -0.7927, -0.2192,  0.0062],
         [ 0.2313, -0.4099,  0.8823,  0.1920],
         [ 0.0000,  0.0000,  0.0000,  1.0000]]], device='cuda:0')
0:01:36.193103 - TCO pred_orn tensor([[[-0.7906,  0.4476,  0.4178, -0.0100],
         [-0.5690, -0.7892, -0.2312,  0.0062],
         [ 0.2262, -0.4205,  0.8787,  0.1920],
         [ 0.0000,  0.0000,  0.0000,  1.0000]]], device='cuda:0',
       grad_fn=<CopySlices>)
0:01:36.194040 - TCO pred_xy tensor([[[-0.7893,  0.4511,  0.4165, -0.0109],
         [-0.5688, -0.7927, -0.2192,  0.0102],
         [ 0.2313, -0.4099,  0.8823,  0.1920],
         [ 0.0000,  0.0000,  0.0000,  1.0000]]], device='cuda:0',
       grad_fn=<CopySlices>)
0:01:36.194966 - TCO pred_z tensor([[[-0.7893,  0.4511,  0.4165, -0.0100],
         [-0.5688, -0.7927, -0.2192,  0.0062],
         [ 0.2313, -0.4099,  0.8823,  0.1850],
         [ 0.0000,  0.0000,  0.0000,  1.0000]]], device='cuda:0',
       grad_fn=<CopySlices>)
0:01:36.195625 - loss orn tensor([4.8807e-05], device='cuda:0', grad_fn=<MinBackward0>)
0:01:36.198031 - loss xy tensor([0.0016], device='cuda:0', grad_fn=<MinBackward0>)
0:01:36.198661 - loss z tensor([0.0023], device='cuda:0', grad_fn=<MinBackward0>)
  0%|                                       | 0/1 [00:00<?, ?it/s, loss=0.00401]100%|███████████████████████████████| 1/1 [00:00<00:00,  4.57it/s, loss=0.00401]100%|███████████████████████████████| 1/1 [00:00<00:00,  4.56it/s, loss=0.00401]
0:01:35.945895 - saving /home/ubuntu/synthetic_pose_estimation/cosypose/local_data/experiments/bracket_assembly_debug_nut_nosym_coarse_noaug--938962 166
  0%|                                                     | 0/1 [00:00<?, ?it/s]0:01:36.361044 - iteration 0
0:01:36.404253 - outputs, {'pose': tensor([[-0.9210, -0.6701,  0.2539,  0.5498, -0.3365, -0.3429,  0.8653, -0.9026,
          0.6610]], device='cuda:0', grad_fn=<AddmmBackward0>)}
0:01:36.405846 - model_outputs {'pose': tensor([[-0.9210, -0.6701,  0.2539,  0.5498, -0.3365, -0.3429,  0.8653, -0.9026,
          0.6610]], device='cuda:0', grad_fn=<AddmmBackward0>)}
0:01:36.406622 - K crop tensor([[[2.0008e+03, 0.0000e+00, 2.4936e+02],
         [0.0000e+00, 2.0008e+03, 9.8879e+01],
         [0.0000e+00, 0.0000e+00, 1.0000e+00]]], device='cuda:0')
0:01:36.407477 - TCO_input tensor([[[ 1.0000,  0.0000,  0.0000, -0.0147],
         [ 0.0000,  1.0000,  0.0000,  0.0034],
         [ 0.0000,  0.0000,  1.0000,  0.3276],
         [ 0.0000,  0.0000,  0.0000,  1.0000]]], device='cuda:0')
0:01:36.408388 - model tco output tensor([[[-0.7893,  0.4570,  0.4102, -0.0096],
         [-0.5742, -0.7859, -0.2293,  0.0021],
         [ 0.2176, -0.4165,  0.8827,  0.2166],
         [ 0.0000,  0.0000,  0.0000,  1.0000]]], device='cuda:0',
       grad_fn=<CopySlices>)
0:01:36.446033 - Wrote debug data: /home/ubuntu/synthetic_pose_estimation/cosypose/local_data/debug_data/debug_iter=1.pth.tar
0:01:36.656948 - TCO_input tensor([[[ 1.0000,  0.0000,  0.0000, -0.0147],
         [ 0.0000,  1.0000,  0.0000,  0.0034],
         [ 0.0000,  0.0000,  1.0000,  0.3276],
         [ 0.0000,  0.0000,  0.0000,  1.0000]]], device='cuda:0')
0:01:36.658083 - vxvyvz tensor([[ 0.8653, -0.9026,  0.6610]], device='cuda:0',
       grad_fn=<SliceBackward0>)
0:01:36.659121 - dR tensor([[[-0.7893,  0.4570,  0.4102],
         [-0.5742, -0.7859, -0.2293],
         [ 0.2176, -0.4165,  0.8827]]], device='cuda:0',
       grad_fn=<StackBackward0>)
0:01:36.660036 - fxfy tensor([[2000.8182, 2000.8184]], device='cuda:0')
0:01:36.662624 - TCO_gt tensor([[[-0.7893,  0.4511,  0.4165, -0.0100],
         [-0.5688, -0.7927, -0.2192,  0.0062],
         [ 0.2313, -0.4099,  0.8823,  0.1920],
         [ 0.0000,  0.0000,  0.0000,  1.0000]]], device='cuda:0')
0:01:36.663551 - TCO pred_orn tensor([[[-0.7893,  0.4570,  0.4102, -0.0100],
         [-0.5742, -0.7859, -0.2293,  0.0062],
         [ 0.2176, -0.4165,  0.8827,  0.1920],
         [ 0.0000,  0.0000,  0.0000,  1.0000]]], device='cuda:0',
       grad_fn=<CopySlices>)
0:01:36.664466 - TCO pred_xy tensor([[[-0.7893,  0.4511,  0.4165, -0.0085],
         [-0.5688, -0.7927, -0.2192,  0.0019],
         [ 0.2313, -0.4099,  0.8823,  0.1920],
         [ 0.0000,  0.0000,  0.0000,  1.0000]]], device='cuda:0',
       grad_fn=<CopySlices>)
0:01:36.665431 - TCO pred_z tensor([[[-0.7893,  0.4511,  0.4165, -0.0100],
         [-0.5688, -0.7927, -0.2192,  0.0062],
         [ 0.2313, -0.4099,  0.8823,  0.2166],
         [ 0.0000,  0.0000,  0.0000,  1.0000]]], device='cuda:0',
       grad_fn=<CopySlices>)
0:01:36.666072 - loss orn tensor([6.4050e-05], device='cuda:0', grad_fn=<MinBackward0>)
0:01:36.666713 - loss xy tensor([0.0019], device='cuda:0', grad_fn=<MinBackward0>)
0:01:36.667342 - loss z tensor([0.0082], device='cuda:0', grad_fn=<MinBackward0>)
  0%|                                        | 0/1 [00:00<?, ?it/s, loss=0.0102]100%|████████████████████████████████| 1/1 [00:00<00:00,  4.66it/s, loss=0.0102]100%|████████████████████████████████| 1/1 [00:00<00:00,  4.65it/s, loss=0.0102]
0:01:36.429505 - saving /home/ubuntu/synthetic_pose_estimation/cosypose/local_data/experiments/bracket_assembly_debug_nut_nosym_coarse_noaug--938962 167
  0%|                                                     | 0/1 [00:00<?, ?it/s]0:01:36.844647 - iteration 0
0:01:36.891430 - outputs, {'pose': tensor([[-0.9170, -0.6674,  0.2633,  0.5479, -0.3501, -0.3375,  0.8774, -0.9092,
          0.6565]], device='cuda:0', grad_fn=<AddmmBackward0>)}
0:01:36.893025 - model_outputs {'pose': tensor([[-0.9170, -0.6674,  0.2633,  0.5479, -0.3501, -0.3375,  0.8774, -0.9092,
          0.6565]], device='cuda:0', grad_fn=<AddmmBackward0>)}
0:01:36.893836 - K crop tensor([[[1.8859e+03, 0.0000e+00, 2.6548e+02],
         [0.0000e+00, 1.8859e+03, 3.0801e+01],
         [0.0000e+00, 0.0000e+00, 1.0000e+00]]], device='cuda:0')
0:01:36.895379 - TCO_input tensor([[[ 1.0000,  0.0000,  0.0000, -0.0176],
         [ 0.0000,  1.0000,  0.0000,  0.0148],
         [ 0.0000,  0.0000,  1.0000,  0.3137],
         [ 0.0000,  0.0000,  0.0000,  1.0000]]], device='cuda:0')
0:01:36.896389 - model tco output tensor([[[-0.7876,  0.4601,  0.4099, -0.0115],
         [-0.5732, -0.7912, -0.2134,  0.0096],
         [ 0.2261, -0.4030,  0.8868,  0.2060],
         [ 0.0000,  0.0000,  0.0000,  1.0000]]], device='cuda:0',
       grad_fn=<CopySlices>)
0:01:36.938705 - Wrote debug data: /home/ubuntu/synthetic_pose_estimation/cosypose/local_data/debug_data/debug_iter=1.pth.tar
0:01:37.149095 - TCO_input tensor([[[ 1.0000,  0.0000,  0.0000, -0.0176],
         [ 0.0000,  1.0000,  0.0000,  0.0148],
         [ 0.0000,  0.0000,  1.0000,  0.3137],
         [ 0.0000,  0.0000,  0.0000,  1.0000]]], device='cuda:0')
0:01:37.150111 - vxvyvz tensor([[ 0.8774, -0.9092,  0.6565]], device='cuda:0',
       grad_fn=<SliceBackward0>)
0:01:37.151121 - dR tensor([[[-0.7876,  0.4601,  0.4099],
         [-0.5732, -0.7912, -0.2134],
         [ 0.2261, -0.4030,  0.8868]]], device='cuda:0',
       grad_fn=<StackBackward0>)
0:01:37.151982 - fxfy tensor([[1885.9080, 1885.9083]], device='cuda:0')
0:01:37.154526 - TCO_gt tensor([[[-0.7893,  0.4511,  0.4165, -0.0100],
         [-0.5688, -0.7927, -0.2192,  0.0062],
         [ 0.2313, -0.4099,  0.8823,  0.1920],
         [ 0.0000,  0.0000,  0.0000,  1.0000]]], device='cuda:0')
0:01:37.155450 - TCO pred_orn tensor([[[-0.7876,  0.4601,  0.4099, -0.0100],
         [-0.5732, -0.7912, -0.2134,  0.0062],
         [ 0.2261, -0.4030,  0.8868,  0.1920],
         [ 0.0000,  0.0000,  0.0000,  1.0000]]], device='cuda:0',
       grad_fn=<CopySlices>)
0:01:37.156354 - TCO pred_xy tensor([[[-0.7893,  0.4511,  0.4165, -0.0107],
         [-0.5688, -0.7927, -0.2192,  0.0089],
         [ 0.2313, -0.4099,  0.8823,  0.1920],
         [ 0.0000,  0.0000,  0.0000,  1.0000]]], device='cuda:0',
       grad_fn=<CopySlices>)
0:01:37.157299 - TCO pred_z tensor([[[-0.7893,  0.4511,  0.4165, -0.0100],
         [-0.5688, -0.7927, -0.2192,  0.0062],
         [ 0.2313, -0.4099,  0.8823,  0.2060],
         [ 0.0000,  0.0000,  0.0000,  1.0000]]], device='cuda:0',
       grad_fn=<CopySlices>)
0:01:37.157960 - loss orn tensor([4.8641e-05], device='cuda:0', grad_fn=<MinBackward0>)
0:01:37.158580 - loss xy tensor([0.0012], device='cuda:0', grad_fn=<MinBackward0>)
0:01:37.159197 - loss z tensor([0.0047], device='cuda:0', grad_fn=<MinBackward0>)
  0%|                                       | 0/1 [00:00<?, ?it/s, loss=0.00586]100%|███████████████████████████████| 1/1 [00:00<00:00,  4.34it/s, loss=0.00586]100%|███████████████████████████████| 1/1 [00:00<00:00,  4.33it/s, loss=0.00586]
0:01:36.918268 - saving /home/ubuntu/synthetic_pose_estimation/cosypose/local_data/experiments/bracket_assembly_debug_nut_nosym_coarse_noaug--938962 168
  0%|                                                     | 0/1 [00:00<?, ?it/s]0:01:37.333517 - iteration 0
0:01:37.377006 - outputs, {'pose': tensor([[-0.9151, -0.6660,  0.2692,  0.5465, -0.3471, -0.3453,  0.8830, -0.9169,
          0.6551]], device='cuda:0', grad_fn=<AddmmBackward0>)}
0:01:37.378660 - model_outputs {'pose': tensor([[-0.9151, -0.6660,  0.2692,  0.5465, -0.3471, -0.3453,  0.8830, -0.9169,
          0.6551]], device='cuda:0', grad_fn=<AddmmBackward0>)}
0:01:37.379452 - K crop tensor([[[1.9989e+03, 0.0000e+00, 2.7829e+02],
         [0.0000e+00, 1.9989e+03, 3.7420e+01],
         [0.0000e+00, 0.0000e+00, 1.0000e+00]]], device='cuda:0')
0:01:37.380311 - TCO_input tensor([[[ 1.0000,  0.0000,  0.0000, -0.0197],
         [ 0.0000,  1.0000,  0.0000,  0.0136],
         [ 0.0000,  0.0000,  1.0000,  0.3314],
         [ 0.0000,  0.0000,  0.0000,  1.0000]]], device='cuda:0')
0:01:37.381471 - model tco output tensor([[[-0.7866,  0.4542,  0.4183, -0.0128],
         [-0.5725, -0.7903, -0.2184,  0.0088],
         [ 0.2314, -0.4113,  0.8817,  0.2171],
         [ 0.0000,  0.0000,  0.0000,  1.0000]]], device='cuda:0',
       grad_fn=<CopySlices>)
0:01:37.419996 - Wrote debug data: /home/ubuntu/synthetic_pose_estimation/cosypose/local_data/debug_data/debug_iter=1.pth.tar
0:01:37.631591 - TCO_input tensor([[[ 1.0000,  0.0000,  0.0000, -0.0197],
         [ 0.0000,  1.0000,  0.0000,  0.0136],
         [ 0.0000,  0.0000,  1.0000,  0.3314],
         [ 0.0000,  0.0000,  0.0000,  1.0000]]], device='cuda:0')
0:01:37.632613 - vxvyvz tensor([[ 0.8830, -0.9169,  0.6551]], device='cuda:0',
       grad_fn=<SliceBackward0>)
0:01:37.633655 - dR tensor([[[-0.7866,  0.4542,  0.4183],
         [-0.5725, -0.7903, -0.2184],
         [ 0.2314, -0.4113,  0.8817]]], device='cuda:0',
       grad_fn=<StackBackward0>)
0:01:37.634536 - fxfy tensor([[1998.9377, 1998.9379]], device='cuda:0')
0:01:37.637014 - TCO_gt tensor([[[-0.7893,  0.4511,  0.4165, -0.0100],
         [-0.5688, -0.7927, -0.2192,  0.0062],
         [ 0.2313, -0.4099,  0.8823,  0.1920],
         [ 0.0000,  0.0000,  0.0000,  1.0000]]], device='cuda:0')
0:01:37.637959 - TCO pred_orn tensor([[[-0.7866,  0.4542,  0.4183, -0.0100],
         [-0.5725, -0.7903, -0.2184,  0.0062],
         [ 0.2314, -0.4113,  0.8817,  0.1920],
         [ 0.0000,  0.0000,  0.0000,  1.0000]]], device='cuda:0',
       grad_fn=<CopySlices>)
0:01:37.638864 - TCO pred_xy tensor([[[-0.7893,  0.4511,  0.4165, -0.0113],
         [-0.5688, -0.7927, -0.2192,  0.0078],
         [ 0.2313, -0.4099,  0.8823,  0.1920],
         [ 0.0000,  0.0000,  0.0000,  1.0000]]], device='cuda:0',
       grad_fn=<CopySlices>)
0:01:37.639773 - TCO pred_z tensor([[[-0.7893,  0.4511,  0.4165, -0.0100],
         [-0.5688, -0.7927, -0.2192,  0.0062],
         [ 0.2313, -0.4099,  0.8823,  0.2171],
         [ 0.0000,  0.0000,  0.0000,  1.0000]]], device='cuda:0',
       grad_fn=<CopySlices>)
0:01:37.640396 - loss orn tensor([1.9855e-05], device='cuda:0', grad_fn=<MinBackward0>)
0:01:37.641024 - loss xy tensor([0.0010], device='cuda:0', grad_fn=<MinBackward0>)
0:01:37.641651 - loss z tensor([0.0084], device='cuda:0', grad_fn=<MinBackward0>)
  0%|                                       | 0/1 [00:00<?, ?it/s, loss=0.00937]100%|███████████████████████████████| 1/1 [00:00<00:00,  4.64it/s, loss=0.00937]100%|███████████████████████████████| 1/1 [00:00<00:00,  4.63it/s, loss=0.00937]
0:01:37.391065 - saving /home/ubuntu/synthetic_pose_estimation/cosypose/local_data/experiments/bracket_assembly_debug_nut_nosym_coarse_noaug--938962 169
  0%|                                                     | 0/1 [00:00<?, ?it/s]0:01:37.806426 - iteration 0
0:01:37.853319 - outputs, {'pose': tensor([[-0.9182, -0.6538,  0.2679,  0.5526, -0.3483, -0.3350,  0.8992, -0.9267,
          0.6512]], device='cuda:0', grad_fn=<AddmmBackward0>)}
0:01:37.854974 - model_outputs {'pose': tensor([[-0.9182, -0.6538,  0.2679,  0.5526, -0.3483, -0.3350,  0.8992, -0.9267,
          0.6512]], device='cuda:0', grad_fn=<AddmmBackward0>)}
0:01:37.855742 - K crop tensor([[[2.0298e+03, 0.0000e+00, 2.9015e+02],
         [0.0000e+00, 2.0298e+03, 4.6684e+01],
         [0.0000e+00, 0.0000e+00, 1.0000e+00]]], device='cuda:0')
0:01:37.856581 - TCO_input tensor([[[ 1.0000,  0.0000,  0.0000, -0.0216],
         [ 0.0000,  1.0000,  0.0000,  0.0120],
         [ 0.0000,  0.0000,  1.0000,  0.3357],
         [ 0.0000,  0.0000,  0.0000,  1.0000]]], device='cuda:0')
0:01:37.857528 - model tco output tensor([[[-0.7925,  0.4535,  0.4077, -0.0140],
         [-0.5643, -0.7989, -0.2084,  0.0077],
         [ 0.2312, -0.3952,  0.8890,  0.2186],
         [ 0.0000,  0.0000,  0.0000,  1.0000]]], device='cuda:0',
       grad_fn=<CopySlices>)
0:01:37.895774 - Wrote debug data: /home/ubuntu/synthetic_pose_estimation/cosypose/local_data/debug_data/debug_iter=1.pth.tar
0:01:38.105924 - TCO_input tensor([[[ 1.0000,  0.0000,  0.0000, -0.0216],
         [ 0.0000,  1.0000,  0.0000,  0.0120],
         [ 0.0000,  0.0000,  1.0000,  0.3357],
         [ 0.0000,  0.0000,  0.0000,  1.0000]]], device='cuda:0')
0:01:38.106992 - vxvyvz tensor([[ 0.8992, -0.9267,  0.6512]], device='cuda:0',
       grad_fn=<SliceBackward0>)
0:01:38.108031 - dR tensor([[[-0.7925,  0.4535,  0.4077],
         [-0.5643, -0.7989, -0.2084],
         [ 0.2312, -0.3952,  0.8890]]], device='cuda:0',
       grad_fn=<StackBackward0>)
0:01:38.108919 - fxfy tensor([[2029.8015, 2029.8018]], device='cuda:0')
0:01:38.111480 - TCO_gt tensor([[[-0.7893,  0.4511,  0.4165, -0.0100],
         [-0.5688, -0.7927, -0.2192,  0.0062],
         [ 0.2313, -0.4099,  0.8823,  0.1920],
         [ 0.0000,  0.0000,  0.0000,  1.0000]]], device='cuda:0')
0:01:38.112418 - TCO pred_orn tensor([[[-0.7925,  0.4535,  0.4077, -0.0100],
         [-0.5643, -0.7989, -0.2084,  0.0062],
         [ 0.2312, -0.3952,  0.8890,  0.1920],
         [ 0.0000,  0.0000,  0.0000,  1.0000]]], device='cuda:0',
       grad_fn=<CopySlices>)
0:01:38.113387 - TCO pred_xy tensor([[[-0.7893,  0.4511,  0.4165, -0.0123],
         [-0.5688, -0.7927, -0.2192,  0.0068],
         [ 0.2313, -0.4099,  0.8823,  0.1920],
         [ 0.0000,  0.0000,  0.0000,  1.0000]]], device='cuda:0',
       grad_fn=<CopySlices>)
0:01:38.114312 - TCO pred_z tensor([[[-0.7893,  0.4511,  0.4165, -0.0100],
         [-0.5688, -0.7927, -0.2192,  0.0062],
         [ 0.2313, -0.4099,  0.8823,  0.2186],
         [ 0.0000,  0.0000,  0.0000,  1.0000]]], device='cuda:0',
       grad_fn=<CopySlices>)
0:01:38.114939 - loss orn tensor([6.2136e-05], device='cuda:0', grad_fn=<MinBackward0>)
0:01:38.115554 - loss xy tensor([0.0010], device='cuda:0', grad_fn=<MinBackward0>)
0:01:38.116164 - loss z tensor([0.0089], device='cuda:0', grad_fn=<MinBackward0>)
  0%|                                       | 0/1 [00:00<?, ?it/s, loss=0.00991]100%|███████████████████████████████| 1/1 [00:00<00:00,  4.59it/s, loss=0.00991]100%|███████████████████████████████| 1/1 [00:00<00:00,  4.58it/s, loss=0.00991]
  0%|                                                     | 0/1 [00:00<?, ?it/s]0:01:38.023897 - iteration 0
0:01:38.060229 - outputs, {'pose': tensor([[-0.0110,  0.0159, -0.0146,  0.0541,  0.0118, -0.0499,  0.0263, -0.0292,
          0.0451]], device='cuda:0')}
0:01:38.061771 - model_outputs {'pose': tensor([[-0.0110,  0.0159, -0.0146,  0.0541,  0.0118, -0.0499,  0.0263, -0.0292,
          0.0451]], device='cuda:0')}
0:01:38.062523 - K crop tensor([[[1.7263e+03, 0.0000e+00, 2.7460e+02],
         [0.0000e+00, 1.7263e+03, 2.0825e+00],
         [0.0000e+00, 0.0000e+00, 1.0000e+00]]], device='cuda:0')
0:01:38.063358 - TCO_input tensor([[[ 1.0000,  0.0000,  0.0000, -0.0193],
         [ 0.0000,  1.0000,  0.0000,  0.0197],
         [ 0.0000,  0.0000,  1.0000,  0.2900],
         [ 0.0000,  0.0000,  0.0000,  1.0000]]], device='cuda:0')
0:01:38.064222 - model tco output tensor([[[-4.5257e-01,  8.2080e-01, -3.4852e-01, -8.7196e-04],
         [ 6.5506e-01,  4.0833e-02, -7.5447e-01,  8.8953e-04],
         [-6.0504e-01, -5.6975e-01, -5.5616e-01,  1.3081e-02],
         [ 0.0000e+00,  0.0000e+00,  0.0000e+00,  1.0000e+00]]],
       device='cuda:0')
0:01:38.105574 - Wrote debug data: /home/ubuntu/synthetic_pose_estimation/cosypose/local_data/debug_data/debug_iter=1.pth.tar
0:01:38.315940 - TCO_input tensor([[[ 1.0000,  0.0000,  0.0000, -0.0193],
         [ 0.0000,  1.0000,  0.0000,  0.0197],
         [ 0.0000,  0.0000,  1.0000,  0.2900],
         [ 0.0000,  0.0000,  0.0000,  1.0000]]], device='cuda:0')
0:01:38.316871 - vxvyvz tensor([[ 0.0263, -0.0292,  0.0451]], device='cuda:0')
0:01:38.317858 - dR tensor([[[-0.4526,  0.8208, -0.3485],
         [ 0.6551,  0.0408, -0.7545],
         [-0.6050, -0.5698, -0.5562]]], device='cuda:0')
0:01:38.318705 - fxfy tensor([[1726.2527, 1726.2524]], device='cuda:0')
0:01:38.321004 - TCO_gt tensor([[[-0.7893,  0.4511,  0.4165, -0.0100],
         [-0.5688, -0.7927, -0.2192,  0.0062],
         [ 0.2313, -0.4099,  0.8823,  0.1920],
         [ 0.0000,  0.0000,  0.0000,  1.0000]]], device='cuda:0')
0:01:38.321934 - TCO pred_orn tensor([[[-0.4526,  0.8208, -0.3485, -0.0100],
         [ 0.6551,  0.0408, -0.7545,  0.0062],
         [-0.6050, -0.5698, -0.5562,  0.1920],
         [ 0.0000,  0.0000,  0.0000,  1.0000]]], device='cuda:0')
0:01:38.322814 - TCO pred_xy tensor([[[-0.7893,  0.4511,  0.4165, -0.0128],
         [-0.5688, -0.7927, -0.2192,  0.0131],
         [ 0.2313, -0.4099,  0.8823,  0.1920],
         [ 0.0000,  0.0000,  0.0000,  1.0000]]], device='cuda:0')
0:01:38.323717 - TCO pred_z tensor([[[-0.7893,  0.4511,  0.4165, -0.0100],
         [-0.5688, -0.7927, -0.2192,  0.0062],
         [ 0.2313, -0.4099,  0.8823,  0.0131],
         [ 0.0000,  0.0000,  0.0000,  1.0000]]], device='cuda:0')
0:01:38.324361 - loss orn tensor([0.0068], device='cuda:0')
0:01:38.324981 - loss xy tensor([0.0032], device='cuda:0')
0:01:38.325632 - loss z tensor([0.0596], device='cuda:0')
100%|█████████████████████████████████████████████| 1/1 [00:00<00:00,  8.31it/s]100%|█████████████████████████████████████████████| 1/1 [00:00<00:00,  8.28it/s]
0:01:37.985269 - saving /home/ubuntu/synthetic_pose_estimation/cosypose/local_data/experiments/bracket_assembly_debug_nut_nosym_coarse_noaug--938962 170
  0%|                                                     | 0/1 [00:00<?, ?it/s]0:01:38.397101 - iteration 0
0:01:38.441171 - outputs, {'pose': tensor([[-0.9227, -0.6517,  0.2692,  0.5485, -0.3469, -0.3466,  0.9153, -0.9360,
          0.6406]], device='cuda:0', grad_fn=<AddmmBackward0>)}
0:01:38.442938 - model_outputs {'pose': tensor([[-0.9227, -0.6517,  0.2692,  0.5485, -0.3469, -0.3466,  0.9153, -0.9360,
          0.6406]], device='cuda:0', grad_fn=<AddmmBackward0>)}
0:01:38.443765 - K crop tensor([[[1.8172e+03, 0.0000e+00, 2.6003e+02],
         [0.0000e+00, 1.8172e+03, 5.3180e+01],
         [0.0000e+00, 0.0000e+00, 1.0000e+00]]], device='cuda:0')
0:01:38.444611 - TCO_input tensor([[[ 1.0000,  0.0000,  0.0000, -0.0167],
         [ 0.0000,  1.0000,  0.0000,  0.0110],
         [ 0.0000,  0.0000,  1.0000,  0.3012],
         [ 0.0000,  0.0000,  0.0000,  1.0000]]], device='cuda:0')
0:01:38.445535 - model tco output tensor([[[-0.7945,  0.4428,  0.4155, -0.0106],
         [-0.5612, -0.7968, -0.2240,  0.0069],
         [ 0.2318, -0.4112,  0.8816,  0.1930],
         [ 0.0000,  0.0000,  0.0000,  1.0000]]], device='cuda:0',
       grad_fn=<CopySlices>)
0:01:38.484962 - Wrote debug data: /home/ubuntu/synthetic_pose_estimation/cosypose/local_data/debug_data/debug_iter=1.pth.tar
0:01:38.695747 - TCO_input tensor([[[ 1.0000,  0.0000,  0.0000, -0.0167],
         [ 0.0000,  1.0000,  0.0000,  0.0110],
         [ 0.0000,  0.0000,  1.0000,  0.3012],
         [ 0.0000,  0.0000,  0.0000,  1.0000]]], device='cuda:0')
0:01:38.696896 - vxvyvz tensor([[ 0.9153, -0.9360,  0.6406]], device='cuda:0',
       grad_fn=<SliceBackward0>)
0:01:38.697967 - dR tensor([[[-0.7945,  0.4428,  0.4155],
         [-0.5612, -0.7968, -0.2240],
         [ 0.2318, -0.4112,  0.8816]]], device='cuda:0',
       grad_fn=<StackBackward0>)
0:01:38.698847 - fxfy tensor([[1817.1871, 1817.1874]], device='cuda:0')
0:01:38.701409 - TCO_gt tensor([[[-0.7893,  0.4511,  0.4165, -0.0100],
         [-0.5688, -0.7927, -0.2192,  0.0062],
         [ 0.2313, -0.4099,  0.8823,  0.1920],
         [ 0.0000,  0.0000,  0.0000,  1.0000]]], device='cuda:0')
0:01:38.702323 - TCO pred_orn tensor([[[-0.7945,  0.4428,  0.4155, -0.0100],
         [-0.5612, -0.7968, -0.2240,  0.0062],
         [ 0.2318, -0.4112,  0.8816,  0.1920],
         [ 0.0000,  0.0000,  0.0000,  1.0000]]], device='cuda:0',
       grad_fn=<CopySlices>)
0:01:38.703239 - TCO pred_xy tensor([[[-0.7893,  0.4511,  0.4165, -0.0105],
         [-0.5688, -0.7927, -0.2192,  0.0069],
         [ 0.2313, -0.4099,  0.8823,  0.1920],
         [ 0.0000,  0.0000,  0.0000,  1.0000]]], device='cuda:0',
       grad_fn=<CopySlices>)
0:01:38.704116 - TCO pred_z tensor([[[-0.7893,  0.4511,  0.4165, -0.0100],
         [-0.5688, -0.7927, -0.2192,  0.0062],
         [ 0.2313, -0.4099,  0.8823,  0.1930],
         [ 0.0000,  0.0000,  0.0000,  1.0000]]], device='cuda:0',
       grad_fn=<CopySlices>)
0:01:38.704738 - loss orn tensor([4.0090e-05], device='cuda:0', grad_fn=<MinBackward0>)
0:01:38.705385 - loss xy tensor([0.0004], device='cuda:0', grad_fn=<MinBackward0>)
0:01:38.705994 - loss z tensor([0.0003], device='cuda:0', grad_fn=<MinBackward0>)
  0%|                                      | 0/1 [00:00<?, ?it/s, loss=0.000786]100%|██████████████████████████████| 1/1 [00:00<00:00,  4.68it/s, loss=0.000786]100%|██████████████████████████████| 1/1 [00:00<00:00,  4.67it/s, loss=0.000786]
0:01:38.453226 - saving /home/ubuntu/synthetic_pose_estimation/cosypose/local_data/experiments/bracket_assembly_debug_nut_nosym_coarse_noaug--938962 171
  0%|                                                     | 0/1 [00:00<?, ?it/s]0:01:38.868613 - iteration 0
0:01:38.912153 - outputs, {'pose': tensor([[-0.9221, -0.6534,  0.2721,  0.5486, -0.3455, -0.3376,  0.9214, -0.9454,
          0.6280]], device='cuda:0', grad_fn=<AddmmBackward0>)}
0:01:38.913761 - model_outputs {'pose': tensor([[-0.9221, -0.6534,  0.2721,  0.5486, -0.3455, -0.3376,  0.9214, -0.9454,
          0.6280]], device='cuda:0', grad_fn=<AddmmBackward0>)}
0:01:38.914541 - K crop tensor([[[1.8280e+03, 0.0000e+00, 2.5852e+02],
         [0.0000e+00, 1.8280e+03, 8.1666e+01],
         [0.0000e+00, 0.0000e+00, 1.0000e+00]]], device='cuda:0')
0:01:38.915375 - TCO_input tensor([[[ 1.0000,  0.0000,  0.0000, -0.0163],
         [ 0.0000,  1.0000,  0.0000,  0.0062],
         [ 0.0000,  0.0000,  1.0000,  0.3011],
         [ 0.0000,  0.0000,  0.0000,  1.0000]]], device='cuda:0')
0:01:38.916563 - model tco output tensor([[[-0.7933,  0.4485,  0.4118, -0.0101],
         [-0.5621, -0.7994, -0.2121,  0.0038],
         [ 0.2341, -0.3997,  0.8862,  0.1891],
         [ 0.0000,  0.0000,  0.0000,  1.0000]]], device='cuda:0',
       grad_fn=<CopySlices>)
0:01:38.955812 - Wrote debug data: /home/ubuntu/synthetic_pose_estimation/cosypose/local_data/debug_data/debug_iter=1.pth.tar
0:01:39.167014 - TCO_input tensor([[[ 1.0000,  0.0000,  0.0000, -0.0163],
         [ 0.0000,  1.0000,  0.0000,  0.0062],
         [ 0.0000,  0.0000,  1.0000,  0.3011],
         [ 0.0000,  0.0000,  0.0000,  1.0000]]], device='cuda:0')
0:01:39.167952 - vxvyvz tensor([[ 0.9214, -0.9454,  0.6280]], device='cuda:0',
       grad_fn=<SliceBackward0>)
0:01:39.168946 - dR tensor([[[-0.7933,  0.4485,  0.4118],
         [-0.5621, -0.7994, -0.2121],
         [ 0.2341, -0.3997,  0.8862]]], device='cuda:0',
       grad_fn=<StackBackward0>)
0:01:39.169848 - fxfy tensor([[1828.0116, 1828.0121]], device='cuda:0')
0:01:39.172301 - TCO_gt tensor([[[-0.7893,  0.4511,  0.4165, -0.0100],
         [-0.5688, -0.7927, -0.2192,  0.0062],
         [ 0.2313, -0.4099,  0.8823,  0.1920],
         [ 0.0000,  0.0000,  0.0000,  1.0000]]], device='cuda:0')
0:01:39.173224 - TCO pred_orn tensor([[[-0.7933,  0.4485,  0.4118, -0.0100],
         [-0.5621, -0.7994, -0.2121,  0.0062],
         [ 0.2341, -0.3997,  0.8862,  0.1920],
         [ 0.0000,  0.0000,  0.0000,  1.0000]]], device='cuda:0',
       grad_fn=<CopySlices>)
0:01:39.174135 - TCO pred_xy tensor([[[-0.7893,  0.4511,  0.4165, -0.0103],
         [-0.5688, -0.7927, -0.2192,  0.0039],
         [ 0.2313, -0.4099,  0.8823,  0.1920],
         [ 0.0000,  0.0000,  0.0000,  1.0000]]], device='cuda:0',
       grad_fn=<CopySlices>)
0:01:39.175029 - TCO pred_z tensor([[[-0.7893,  0.4511,  0.4165, -0.0100],
         [-0.5688, -0.7927, -0.2192,  0.0062],
         [ 0.2313, -0.4099,  0.8823,  0.1891],
         [ 0.0000,  0.0000,  0.0000,  1.0000]]], device='cuda:0',
       grad_fn=<CopySlices>)
0:01:39.175654 - loss orn tensor([5.1737e-05], device='cuda:0', grad_fn=<MinBackward0>)
0:01:39.176264 - loss xy tensor([0.0009], device='cuda:0', grad_fn=<MinBackward0>)
0:01:39.176885 - loss z tensor([0.0010], device='cuda:0', grad_fn=<MinBackward0>)
  0%|                                       | 0/1 [00:00<?, ?it/s, loss=0.00188]100%|███████████████████████████████| 1/1 [00:00<00:00,  4.59it/s, loss=0.00188]100%|███████████████████████████████| 1/1 [00:00<00:00,  4.58it/s, loss=0.00188]
0:01:38.924677 - saving /home/ubuntu/synthetic_pose_estimation/cosypose/local_data/experiments/bracket_assembly_debug_nut_nosym_coarse_noaug--938962 172
  0%|                                                     | 0/1 [00:00<?, ?it/s]0:01:39.340016 - iteration 0
0:01:39.384114 - outputs, {'pose': tensor([[-0.9215, -0.6623,  0.2701,  0.5505, -0.3497, -0.3354,  0.9429, -0.9595,
          0.6307]], device='cuda:0', grad_fn=<AddmmBackward0>)}
0:01:39.385800 - model_outputs {'pose': tensor([[-0.9215, -0.6623,  0.2701,  0.5505, -0.3497, -0.3354,  0.9429, -0.9595,
          0.6307]], device='cuda:0', grad_fn=<AddmmBackward0>)}
0:01:39.386601 - K crop tensor([[[1.5620e+03, 0.0000e+00, 2.8653e+02],
         [0.0000e+00, 1.5620e+03, 7.5223e+00],
         [0.0000e+00, 0.0000e+00, 1.0000e+00]]], device='cuda:0')
0:01:39.387458 - TCO_input tensor([[[ 1.0000,  0.0000,  0.0000, -0.0214],
         [ 0.0000,  1.0000,  0.0000,  0.0189],
         [ 0.0000,  0.0000,  1.0000,  0.2634],
         [ 0.0000,  0.0000,  0.0000,  1.0000]]], device='cuda:0')
0:01:39.389038 - model tco output tensor([[[-0.7899,  0.4564,  0.4095, -0.0134],
         [-0.5678, -0.7966, -0.2074,  0.0118],
         [ 0.2315, -0.3963,  0.8884,  0.1661],
         [ 0.0000,  0.0000,  0.0000,  1.0000]]], device='cuda:0',
       grad_fn=<CopySlices>)
0:01:39.430987 - Wrote debug data: /home/ubuntu/synthetic_pose_estimation/cosypose/local_data/debug_data/debug_iter=1.pth.tar
0:01:39.643459 - TCO_input tensor([[[ 1.0000,  0.0000,  0.0000, -0.0214],
         [ 0.0000,  1.0000,  0.0000,  0.0189],
         [ 0.0000,  0.0000,  1.0000,  0.2634],
         [ 0.0000,  0.0000,  0.0000,  1.0000]]], device='cuda:0')
0:01:39.644413 - vxvyvz tensor([[ 0.9429, -0.9595,  0.6307]], device='cuda:0',
       grad_fn=<SliceBackward0>)
0:01:39.645435 - dR tensor([[[-0.7899,  0.4564,  0.4095],
         [-0.5678, -0.7966, -0.2074],
         [ 0.2315, -0.3963,  0.8884]]], device='cuda:0',
       grad_fn=<StackBackward0>)
0:01:39.646283 - fxfy tensor([[1562.0195, 1562.0195]], device='cuda:0')
0:01:39.648775 - TCO_gt tensor([[[-0.7893,  0.4511,  0.4165, -0.0100],
         [-0.5688, -0.7927, -0.2192,  0.0062],
         [ 0.2313, -0.4099,  0.8823,  0.1920],
         [ 0.0000,  0.0000,  0.0000,  1.0000]]], device='cuda:0')
0:01:39.649706 - TCO pred_orn tensor([[[-0.7899,  0.4564,  0.4095, -0.0100],
         [-0.5678, -0.7966, -0.2074,  0.0062],
         [ 0.2315, -0.3963,  0.8884,  0.1920],
         [ 0.0000,  0.0000,  0.0000,  1.0000]]], device='cuda:0',
       grad_fn=<CopySlices>)
0:01:39.650627 - TCO pred_xy tensor([[[-0.7893,  0.4511,  0.4165, -0.0155],
         [-0.5688, -0.7927, -0.2192,  0.0136],
         [ 0.2313, -0.4099,  0.8823,  0.1920],
         [ 0.0000,  0.0000,  0.0000,  1.0000]]], device='cuda:0',
       grad_fn=<CopySlices>)
0:01:39.651526 - TCO pred_z tensor([[[-0.7893,  0.4511,  0.4165, -0.0100],
         [-0.5688, -0.7927, -0.2192,  0.0062],
         [ 0.2313, -0.4099,  0.8823,  0.1661],
         [ 0.0000,  0.0000,  0.0000,  1.0000]]], device='cuda:0',
       grad_fn=<CopySlices>)
0:01:39.652166 - loss orn tensor([5.8002e-05], device='cuda:0', grad_fn=<MinBackward0>)
0:01:39.652815 - loss xy tensor([0.0043], device='cuda:0', grad_fn=<MinBackward0>)
0:01:39.653473 - loss z tensor([0.0086], device='cuda:0', grad_fn=<MinBackward0>)
  0%|                                         | 0/1 [00:00<?, ?it/s, loss=0.013]100%|█████████████████████████████████| 1/1 [00:00<00:00,  4.53it/s, loss=0.013]100%|█████████████████████████████████| 1/1 [00:00<00:00,  4.52it/s, loss=0.013]
0:01:39.403197 - saving /home/ubuntu/synthetic_pose_estimation/cosypose/local_data/experiments/bracket_assembly_debug_nut_nosym_coarse_noaug--938962 173
  0%|                                                     | 0/1 [00:00<?, ?it/s]0:01:39.818406 - iteration 0
0:01:39.862097 - outputs, {'pose': tensor([[-0.9147, -0.6608,  0.2652,  0.5361, -0.3472, -0.3476,  0.9555, -0.9670,
          0.6139]], device='cuda:0', grad_fn=<AddmmBackward0>)}
0:01:39.863771 - model_outputs {'pose': tensor([[-0.9147, -0.6608,  0.2652,  0.5361, -0.3472, -0.3476,  0.9555, -0.9670,
          0.6139]], device='cuda:0', grad_fn=<AddmmBackward0>)}
0:01:39.864621 - K crop tensor([[[2.1029e+03, 0.0000e+00, 2.6329e+02],
         [0.0000e+00, 2.1029e+03, 8.2062e+01],
         [0.0000e+00, 0.0000e+00, 1.0000e+00]]], device='cuda:0')
0:01:39.865512 - TCO_input tensor([[[ 1.0000,  0.0000,  0.0000, -0.0170],
         [ 0.0000,  1.0000,  0.0000,  0.0061],
         [ 0.0000,  0.0000,  1.0000,  0.3451],
         [ 0.0000,  0.0000,  0.0000,  1.0000]]], device='cuda:0')
0:01:39.867039 - model tco output tensor([[[-0.7891,  0.4478,  0.4204, -0.0104],
         [-0.5700, -0.7889, -0.2297,  0.0037],
         [ 0.2288, -0.4209,  0.8778,  0.2119],
         [ 0.0000,  0.0000,  0.0000,  1.0000]]], device='cuda:0',
       grad_fn=<CopySlices>)
0:01:39.904588 - Wrote debug data: /home/ubuntu/synthetic_pose_estimation/cosypose/local_data/debug_data/debug_iter=1.pth.tar
0:01:40.116377 - TCO_input tensor([[[ 1.0000,  0.0000,  0.0000, -0.0170],
         [ 0.0000,  1.0000,  0.0000,  0.0061],
         [ 0.0000,  0.0000,  1.0000,  0.3451],
         [ 0.0000,  0.0000,  0.0000,  1.0000]]], device='cuda:0')
0:01:40.117439 - vxvyvz tensor([[ 0.9555, -0.9670,  0.6139]], device='cuda:0',
       grad_fn=<SliceBackward0>)
0:01:40.118450 - dR tensor([[[-0.7891,  0.4478,  0.4204],
         [-0.5700, -0.7889, -0.2297],
         [ 0.2288, -0.4209,  0.8778]]], device='cuda:0',
       grad_fn=<StackBackward0>)
0:01:40.119325 - fxfy tensor([[2102.8728, 2102.8726]], device='cuda:0')
0:01:40.121872 - TCO_gt tensor([[[-0.7893,  0.4511,  0.4165, -0.0100],
         [-0.5688, -0.7927, -0.2192,  0.0062],
         [ 0.2313, -0.4099,  0.8823,  0.1920],
         [ 0.0000,  0.0000,  0.0000,  1.0000]]], device='cuda:0')
0:01:40.122799 - TCO pred_orn tensor([[[-0.7891,  0.4478,  0.4204, -0.0100],
         [-0.5700, -0.7889, -0.2297,  0.0062],
         [ 0.2288, -0.4209,  0.8778,  0.1920],
         [ 0.0000,  0.0000,  0.0000,  1.0000]]], device='cuda:0',
       grad_fn=<CopySlices>)
0:01:40.123726 - TCO pred_xy tensor([[[-0.7893,  0.4511,  0.4165, -0.0094],
         [-0.5688, -0.7927, -0.2192,  0.0033],
         [ 0.2313, -0.4099,  0.8823,  0.1920],
         [ 0.0000,  0.0000,  0.0000,  1.0000]]], device='cuda:0',
       grad_fn=<CopySlices>)
0:01:40.124614 - TCO pred_z tensor([[[-0.7893,  0.4511,  0.4165, -0.0100],
         [-0.5688, -0.7927, -0.2192,  0.0062],
         [ 0.2313, -0.4099,  0.8823,  0.2119],
         [ 0.0000,  0.0000,  0.0000,  1.0000]]], device='cuda:0',
       grad_fn=<CopySlices>)
0:01:40.125294 - loss orn tensor([4.6757e-05], device='cuda:0', grad_fn=<MinBackward0>)
0:01:40.125915 - loss xy tensor([0.0012], device='cuda:0', grad_fn=<MinBackward0>)
0:01:40.126535 - loss z tensor([0.0066], device='cuda:0', grad_fn=<MinBackward0>)
  0%|                                       | 0/1 [00:00<?, ?it/s, loss=0.00783]100%|███████████████████████████████| 1/1 [00:00<00:00,  4.65it/s, loss=0.00783]100%|███████████████████████████████| 1/1 [00:00<00:00,  4.64it/s, loss=0.00783]
0:01:39.870255 - saving /home/ubuntu/synthetic_pose_estimation/cosypose/local_data/experiments/bracket_assembly_debug_nut_nosym_coarse_noaug--938962 174
  0%|                                                     | 0/1 [00:00<?, ?it/s]0:01:40.285529 - iteration 0
0:01:40.329270 - outputs, {'pose': tensor([[-0.9113, -0.6688,  0.2686,  0.5410, -0.3490, -0.3505,  0.9716, -0.9797,
          0.6119]], device='cuda:0', grad_fn=<AddmmBackward0>)}
0:01:40.330804 - model_outputs {'pose': tensor([[-0.9113, -0.6688,  0.2686,  0.5410, -0.3490, -0.3505,  0.9716, -0.9797,
          0.6119]], device='cuda:0', grad_fn=<AddmmBackward0>)}
0:01:40.331568 - K crop tensor([[[1.6002e+03, 0.0000e+00, 2.2340e+02],
         [0.0000e+00, 1.6002e+03, 8.6048e+01],
         [0.0000e+00, 0.0000e+00, 1.0000e+00]]], device='cuda:0')
0:01:40.332409 - TCO_input tensor([[[ 1.0000,  0.0000,  0.0000, -0.0106],
         [ 0.0000,  1.0000,  0.0000,  0.0055],
         [ 0.0000,  0.0000,  1.0000,  0.2643],
         [ 0.0000,  0.0000,  0.0000,  1.0000]]], device='cuda:0')
0:01:40.333656 - model tco output tensor([[[-0.7844,  0.4532,  0.4236, -0.0064],
         [-0.5756, -0.7862, -0.2248,  0.0033],
         [ 0.2312, -0.4201,  0.8775,  0.1617],
         [ 0.0000,  0.0000,  0.0000,  1.0000]]], device='cuda:0',
       grad_fn=<CopySlices>)
0:01:40.373726 - Wrote debug data: /home/ubuntu/synthetic_pose_estimation/cosypose/local_data/debug_data/debug_iter=1.pth.tar
0:01:40.588907 - TCO_input tensor([[[ 1.0000,  0.0000,  0.0000, -0.0106],
         [ 0.0000,  1.0000,  0.0000,  0.0055],
         [ 0.0000,  0.0000,  1.0000,  0.2643],
         [ 0.0000,  0.0000,  0.0000,  1.0000]]], device='cuda:0')
0:01:40.589858 - vxvyvz tensor([[ 0.9716, -0.9797,  0.6119]], device='cuda:0',
       grad_fn=<SliceBackward0>)
0:01:40.590832 - dR tensor([[[-0.7844,  0.4532,  0.4236],
         [-0.5756, -0.7862, -0.2248],
         [ 0.2312, -0.4201,  0.8775]]], device='cuda:0',
       grad_fn=<StackBackward0>)
0:01:40.591682 - fxfy tensor([[1600.1956, 1600.1957]], device='cuda:0')
0:01:40.594222 - TCO_gt tensor([[[-0.7893,  0.4511,  0.4165, -0.0100],
         [-0.5688, -0.7927, -0.2192,  0.0062],
         [ 0.2313, -0.4099,  0.8823,  0.1920],
         [ 0.0000,  0.0000,  0.0000,  1.0000]]], device='cuda:0')
0:01:40.595125 - TCO pred_orn tensor([[[-0.7844,  0.4532,  0.4236, -0.0100],
         [-0.5756, -0.7862, -0.2248,  0.0062],
         [ 0.2312, -0.4201,  0.8775,  0.1920],
         [ 0.0000,  0.0000,  0.0000,  1.0000]]], device='cuda:0',
       grad_fn=<CopySlices>)
0:01:40.596043 - TCO pred_xy tensor([[[-0.7893,  0.4511,  0.4165, -0.0075],
         [-0.5688, -0.7927, -0.2192,  0.0039],
         [ 0.2313, -0.4099,  0.8823,  0.1920],
         [ 0.0000,  0.0000,  0.0000,  1.0000]]], device='cuda:0',
       grad_fn=<CopySlices>)
0:01:40.596962 - TCO pred_z tensor([[[-0.7893,  0.4511,  0.4165, -0.0100],
         [-0.5688, -0.7927, -0.2192,  0.0062],
         [ 0.2313, -0.4099,  0.8823,  0.1617],
         [ 0.0000,  0.0000,  0.0000,  1.0000]]], device='cuda:0',
       grad_fn=<CopySlices>)
0:01:40.597609 - loss orn tensor([5.2945e-05], device='cuda:0', grad_fn=<MinBackward0>)
0:01:40.598212 - loss xy tensor([0.0016], device='cuda:0', grad_fn=<MinBackward0>)
0:01:40.598812 - loss z tensor([0.0101], device='cuda:0', grad_fn=<MinBackward0>)
  0%|                                        | 0/1 [00:00<?, ?it/s, loss=0.0117]100%|████████████████████████████████| 1/1 [00:00<00:00,  4.51it/s, loss=0.0117]100%|████████████████████████████████| 1/1 [00:00<00:00,  4.50it/s, loss=0.0117]
0:01:40.342463 - saving /home/ubuntu/synthetic_pose_estimation/cosypose/local_data/experiments/bracket_assembly_debug_nut_nosym_coarse_noaug--938962 175
  0%|                                                     | 0/1 [00:00<?, ?it/s]0:01:40.757670 - iteration 0
0:01:40.801394 - outputs, {'pose': tensor([[-0.9135, -0.6697,  0.2680,  0.5467, -0.3497, -0.3411,  0.9875, -0.9737,
          0.6033]], device='cuda:0', grad_fn=<AddmmBackward0>)}
0:01:40.803098 - model_outputs {'pose': tensor([[-0.9135, -0.6697,  0.2680,  0.5467, -0.3497, -0.3411,  0.9875, -0.9737,
          0.6033]], device='cuda:0', grad_fn=<AddmmBackward0>)}
0:01:40.803906 - K crop tensor([[[1.9975e+03, 0.0000e+00, 2.0239e+02],
         [0.0000e+00, 1.9975e+03, 8.8073e+01],
         [0.0000e+00, 0.0000e+00, 1.0000e+00]]], device='cuda:0')
0:01:40.804761 - TCO_input tensor([[[ 1.0000,  0.0000,  0.0000, -0.0070],
         [ 0.0000,  1.0000,  0.0000,  0.0052],
         [ 0.0000,  0.0000,  1.0000,  0.3278],
         [ 0.0000,  0.0000,  0.0000,  1.0000]]], device='cuda:0')
0:01:40.806359 - model tco output tensor([[[-0.7848,  0.4598,  0.4156, -0.0041],
         [-0.5754, -0.7897, -0.2129,  0.0030],
         [ 0.2303, -0.4062,  0.8843,  0.1978],
         [ 0.0000,  0.0000,  0.0000,  1.0000]]], device='cuda:0',
       grad_fn=<CopySlices>)
0:01:40.846014 - Wrote debug data: /home/ubuntu/synthetic_pose_estimation/cosypose/local_data/debug_data/debug_iter=1.pth.tar
0:01:41.057547 - TCO_input tensor([[[ 1.0000,  0.0000,  0.0000, -0.0070],
         [ 0.0000,  1.0000,  0.0000,  0.0052],
         [ 0.0000,  0.0000,  1.0000,  0.3278],
         [ 0.0000,  0.0000,  0.0000,  1.0000]]], device='cuda:0')
0:01:41.058642 - vxvyvz tensor([[ 0.9875, -0.9737,  0.6033]], device='cuda:0',
       grad_fn=<SliceBackward0>)
0:01:41.059654 - dR tensor([[[-0.7848,  0.4598,  0.4156],
         [-0.5754, -0.7897, -0.2129],
         [ 0.2303, -0.4062,  0.8843]]], device='cuda:0',
       grad_fn=<StackBackward0>)
0:01:41.060532 - fxfy tensor([[1997.4951, 1997.4954]], device='cuda:0')
0:01:41.063068 - TCO_gt tensor([[[-0.7893,  0.4511,  0.4165, -0.0100],
         [-0.5688, -0.7927, -0.2192,  0.0062],
         [ 0.2313, -0.4099,  0.8823,  0.1920],
         [ 0.0000,  0.0000,  0.0000,  1.0000]]], device='cuda:0')
0:01:41.063991 - TCO pred_orn tensor([[[-0.7848,  0.4598,  0.4156, -0.0100],
         [-0.5754, -0.7897, -0.2129,  0.0062],
         [ 0.2303, -0.4062,  0.8843,  0.1920],
         [ 0.0000,  0.0000,  0.0000,  1.0000]]], device='cuda:0',
       grad_fn=<CopySlices>)
0:01:41.064911 - TCO pred_xy tensor([[[-0.7893,  0.4511,  0.4165, -0.0040],
         [-0.5688, -0.7927, -0.2192,  0.0029],
         [ 0.2313, -0.4099,  0.8823,  0.1920],
         [ 0.0000,  0.0000,  0.0000,  1.0000]]], device='cuda:0',
       grad_fn=<CopySlices>)
0:01:41.065826 - TCO pred_z tensor([[[-0.7893,  0.4511,  0.4165, -0.0100],
         [-0.5688, -0.7927, -0.2192,  0.0062],
         [ 0.2313, -0.4099,  0.8823,  0.1978],
         [ 0.0000,  0.0000,  0.0000,  1.0000]]], device='cuda:0',
       grad_fn=<CopySlices>)
0:01:41.066479 - loss orn tensor([4.3121e-05], device='cuda:0', grad_fn=<MinBackward0>)
0:01:41.067099 - loss xy tensor([0.0031], device='cuda:0', grad_fn=<MinBackward0>)
0:01:41.067716 - loss z tensor([0.0019], device='cuda:0', grad_fn=<MinBackward0>)
  0%|                                       | 0/1 [00:00<?, ?it/s, loss=0.00506]100%|███████████████████████████████| 1/1 [00:00<00:00,  4.42it/s, loss=0.00506]100%|███████████████████████████████| 1/1 [00:00<00:00,  4.41it/s, loss=0.00506]
0:01:40.823707 - saving /home/ubuntu/synthetic_pose_estimation/cosypose/local_data/experiments/bracket_assembly_debug_nut_nosym_coarse_noaug--938962 176
  0%|                                                     | 0/1 [00:00<?, ?it/s]0:01:41.238924 - iteration 0
0:01:41.282236 - outputs, {'pose': tensor([[-0.9203, -0.6610,  0.2723,  0.5432, -0.3419, -0.3459,  0.9918, -0.9828,
          0.5940]], device='cuda:0', grad_fn=<AddmmBackward0>)}
0:01:41.283856 - model_outputs {'pose': tensor([[-0.9203, -0.6610,  0.2723,  0.5432, -0.3419, -0.3459,  0.9918, -0.9828,
          0.5940]], device='cuda:0', grad_fn=<AddmmBackward0>)}
0:01:41.284673 - K crop tensor([[[2.1453e+03, 0.0000e+00, 3.0272e+02],
         [0.0000e+00, 2.1453e+03, 1.1113e+02],
         [0.0000e+00, 0.0000e+00, 1.0000e+00]]], device='cuda:0')
0:01:41.285569 - TCO_input tensor([[[ 1.0000,  0.0000,  0.0000, -0.0234],
         [ 0.0000,  1.0000,  0.0000,  0.0014],
         [ 0.0000,  0.0000,  1.0000,  0.3500],
         [ 0.0000,  0.0000,  0.0000,  1.0000]]], device='cuda:0')
0:01:41.286448 - model tco output tensor([[[-7.8971e-01,  4.4700e-01,  4.2016e-01, -1.3782e-02],
         [-5.6722e-01, -7.9293e-01, -2.2253e-01,  7.1588e-04],
         [ 2.3369e-01, -4.1406e-01,  8.7974e-01,  2.0788e-01],
         [ 0.0000e+00,  0.0000e+00,  0.0000e+00,  1.0000e+00]]],
       device='cuda:0', grad_fn=<CopySlices>)
0:01:41.325612 - Wrote debug data: /home/ubuntu/synthetic_pose_estimation/cosypose/local_data/debug_data/debug_iter=1.pth.tar
0:01:41.537056 - TCO_input tensor([[[ 1.0000,  0.0000,  0.0000, -0.0234],
         [ 0.0000,  1.0000,  0.0000,  0.0014],
         [ 0.0000,  0.0000,  1.0000,  0.3500],
         [ 0.0000,  0.0000,  0.0000,  1.0000]]], device='cuda:0')
0:01:41.538125 - vxvyvz tensor([[ 0.9918, -0.9828,  0.5940]], device='cuda:0',
       grad_fn=<SliceBackward0>)
0:01:41.539144 - dR tensor([[[-0.7897,  0.4470,  0.4202],
         [-0.5672, -0.7929, -0.2225],
         [ 0.2337, -0.4141,  0.8797]]], device='cuda:0',
       grad_fn=<StackBackward0>)
0:01:41.539999 - fxfy tensor([[2145.3149, 2145.3152]], device='cuda:0')
0:01:41.542533 - TCO_gt tensor([[[-0.7893,  0.4511,  0.4165, -0.0100],
         [-0.5688, -0.7927, -0.2192,  0.0062],
         [ 0.2313, -0.4099,  0.8823,  0.1920],
         [ 0.0000,  0.0000,  0.0000,  1.0000]]], device='cuda:0')
0:01:41.543448 - TCO pred_orn tensor([[[-0.7897,  0.4470,  0.4202, -0.0100],
         [-0.5672, -0.7929, -0.2225,  0.0062],
         [ 0.2337, -0.4141,  0.8797,  0.1920],
         [ 0.0000,  0.0000,  0.0000,  1.0000]]], device='cuda:0',
       grad_fn=<CopySlices>)
0:01:41.544337 - TCO pred_xy tensor([[[-7.8929e-01,  4.5115e-01,  4.1651e-01, -1.2727e-02],
         [-5.6879e-01, -7.9274e-01, -2.1920e-01,  6.6107e-04],
         [ 2.3129e-01, -4.0992e-01,  8.8231e-01,  1.9197e-01],
         [ 0.0000e+00,  0.0000e+00,  0.0000e+00,  1.0000e+00]]],
       device='cuda:0', grad_fn=<CopySlices>)
0:01:41.545266 - TCO pred_z tensor([[[-0.7893,  0.4511,  0.4165, -0.0100],
         [-0.5688, -0.7927, -0.2192,  0.0062],
         [ 0.2313, -0.4099,  0.8823,  0.2079],
         [ 0.0000,  0.0000,  0.0000,  1.0000]]], device='cuda:0',
       grad_fn=<CopySlices>)
0:01:41.545916 - loss orn tensor([2.3815e-05], device='cuda:0', grad_fn=<MinBackward0>)
0:01:41.546524 - loss xy tensor([0.0027], device='cuda:0', grad_fn=<MinBackward0>)
0:01:41.547134 - loss z tensor([0.0053], device='cuda:0', grad_fn=<MinBackward0>)
  0%|                                       | 0/1 [00:00<?, ?it/s, loss=0.00808]100%|███████████████████████████████| 1/1 [00:00<00:00,  4.62it/s, loss=0.00808]100%|███████████████████████████████| 1/1 [00:00<00:00,  4.61it/s, loss=0.00808]
0:01:41.302796 - saving /home/ubuntu/synthetic_pose_estimation/cosypose/local_data/experiments/bracket_assembly_debug_nut_nosym_coarse_noaug--938962 177
  0%|                                                     | 0/1 [00:00<?, ?it/s]0:01:41.717717 - iteration 0
0:01:41.760537 - outputs, {'pose': tensor([[-0.9179, -0.6545,  0.2691,  0.5509, -0.3455, -0.3459,  0.9918, -0.9840,
          0.5933]], device='cuda:0', grad_fn=<AddmmBackward0>)}
0:01:41.762079 - model_outputs {'pose': tensor([[-0.9179, -0.6545,  0.2691,  0.5509, -0.3455, -0.3459,  0.9918, -0.9840,
          0.5933]], device='cuda:0', grad_fn=<AddmmBackward0>)}
0:01:41.762841 - K crop tensor([[[1.6686e+03, 0.0000e+00, 2.1680e+02],
         [0.0000e+00, 1.6686e+03, 2.9600e+01],
         [0.0000e+00, 0.0000e+00, 1.0000e+00]]], device='cuda:0')
0:01:41.763693 - TCO_input tensor([[[ 1.0000,  0.0000,  0.0000, -0.0096],
         [ 0.0000,  1.0000,  0.0000,  0.0150],
         [ 0.0000,  0.0000,  1.0000,  0.2790],
         [ 0.0000,  0.0000,  0.0000,  1.0000]]], device='cuda:0')
0:01:41.764591 - model tco output tensor([[[-0.7920,  0.4471,  0.4158, -0.0056],
         [-0.5647, -0.7953, -0.2204,  0.0088],
         [ 0.2321, -0.4093,  0.8824,  0.1655],
         [ 0.0000,  0.0000,  0.0000,  1.0000]]], device='cuda:0',
       grad_fn=<CopySlices>)
0:01:41.804584 - Wrote debug data: /home/ubuntu/synthetic_pose_estimation/cosypose/local_data/debug_data/debug_iter=1.pth.tar
0:01:42.015050 - TCO_input tensor([[[ 1.0000,  0.0000,  0.0000, -0.0096],
         [ 0.0000,  1.0000,  0.0000,  0.0150],
         [ 0.0000,  0.0000,  1.0000,  0.2790],
         [ 0.0000,  0.0000,  0.0000,  1.0000]]], device='cuda:0')
0:01:42.015995 - vxvyvz tensor([[ 0.9918, -0.9840,  0.5933]], device='cuda:0',
       grad_fn=<SliceBackward0>)
0:01:42.017006 - dR tensor([[[-0.7920,  0.4471,  0.4158],
         [-0.5647, -0.7953, -0.2204],
         [ 0.2321, -0.4093,  0.8824]]], device='cuda:0',
       grad_fn=<StackBackward0>)
0:01:42.017891 - fxfy tensor([[1668.5592, 1668.5593]], device='cuda:0')
0:01:42.020393 - TCO_gt tensor([[[-0.7893,  0.4511,  0.4165, -0.0100],
         [-0.5688, -0.7927, -0.2192,  0.0062],
         [ 0.2313, -0.4099,  0.8823,  0.1920],
         [ 0.0000,  0.0000,  0.0000,  1.0000]]], device='cuda:0')
0:01:42.021342 - TCO pred_orn tensor([[[-0.7920,  0.4471,  0.4158, -0.0100],
         [-0.5647, -0.7953, -0.2204,  0.0062],
         [ 0.2321, -0.4093,  0.8824,  0.1920],
         [ 0.0000,  0.0000,  0.0000,  1.0000]]], device='cuda:0',
       grad_fn=<CopySlices>)
0:01:42.022251 - TCO pred_xy tensor([[[-0.7893,  0.4511,  0.4165, -0.0065],
         [-0.5688, -0.7927, -0.2192,  0.0102],
         [ 0.2313, -0.4099,  0.8823,  0.1920],
         [ 0.0000,  0.0000,  0.0000,  1.0000]]], device='cuda:0',
       grad_fn=<CopySlices>)
0:01:42.023135 - TCO pred_z tensor([[[-0.7893,  0.4511,  0.4165, -0.0100],
         [-0.5688, -0.7927, -0.2192,  0.0062],
         [ 0.2313, -0.4099,  0.8823,  0.1655],
         [ 0.0000,  0.0000,  0.0000,  1.0000]]], device='cuda:0',
       grad_fn=<CopySlices>)
0:01:42.023782 - loss orn tensor([2.1304e-05], device='cuda:0', grad_fn=<MinBackward0>)
0:01:42.024393 - loss xy tensor([0.0025], device='cuda:0', grad_fn=<MinBackward0>)
0:01:42.025015 - loss z tensor([0.0088], device='cuda:0', grad_fn=<MinBackward0>)
  0%|                                        | 0/1 [00:00<?, ?it/s, loss=0.0114]100%|████████████████████████████████| 1/1 [00:00<00:00,  4.68it/s, loss=0.0114]100%|████████████████████████████████| 1/1 [00:00<00:00,  4.67it/s, loss=0.0114]
0:01:41.867060 - saving /home/ubuntu/synthetic_pose_estimation/cosypose/local_data/experiments/bracket_assembly_debug_nut_nosym_coarse_noaug--938962 178
  0%|                                                     | 0/1 [00:00<?, ?it/s]0:01:42.282348 - iteration 0
0:01:42.325951 - outputs, {'pose': tensor([[-0.9230, -0.6630,  0.2708,  0.5418, -0.3538, -0.3521,  1.0057, -0.9888,
          0.5842]], device='cuda:0', grad_fn=<AddmmBackward0>)}
0:01:42.327582 - model_outputs {'pose': tensor([[-0.9230, -0.6630,  0.2708,  0.5418, -0.3538, -0.3521,  1.0057, -0.9888,
          0.5842]], device='cuda:0', grad_fn=<AddmmBackward0>)}
0:01:42.328376 - K crop tensor([[[2.0836e+03, 0.0000e+00, 2.7032e+02],
         [0.0000e+00, 2.0836e+03, 4.6569e+01],
         [0.0000e+00, 0.0000e+00, 1.0000e+00]]], device='cuda:0')
0:01:42.329238 - TCO_input tensor([[[ 1.0000,  0.0000,  0.0000, -0.0183],
         [ 0.0000,  1.0000,  0.0000,  0.0121],
         [ 0.0000,  0.0000,  1.0000,  0.3444],
         [ 0.0000,  0.0000,  0.0000,  1.0000]]], device='cuda:0')
0:01:42.330149 - model tco output tensor([[[-0.7901,  0.4452,  0.4214, -0.0106],
         [-0.5675, -0.7911, -0.2281,  0.0069],
         [ 0.2318, -0.4194,  0.8777,  0.2012],
         [ 0.0000,  0.0000,  0.0000,  1.0000]]], device='cuda:0',
       grad_fn=<CopySlices>)
0:01:42.368021 - Wrote debug data: /home/ubuntu/synthetic_pose_estimation/cosypose/local_data/debug_data/debug_iter=1.pth.tar
0:01:42.578516 - TCO_input tensor([[[ 1.0000,  0.0000,  0.0000, -0.0183],
         [ 0.0000,  1.0000,  0.0000,  0.0121],
         [ 0.0000,  0.0000,  1.0000,  0.3444],
         [ 0.0000,  0.0000,  0.0000,  1.0000]]], device='cuda:0')
0:01:42.579543 - vxvyvz tensor([[ 1.0057, -0.9888,  0.5842]], device='cuda:0',
       grad_fn=<SliceBackward0>)
0:01:42.580542 - dR tensor([[[-0.7901,  0.4452,  0.4214],
         [-0.5675, -0.7911, -0.2281],
         [ 0.2318, -0.4194,  0.8777]]], device='cuda:0',
       grad_fn=<StackBackward0>)
0:01:42.581504 - fxfy tensor([[2083.5957, 2083.5957]], device='cuda:0')
0:01:42.584002 - TCO_gt tensor([[[-0.7893,  0.4511,  0.4165, -0.0100],
         [-0.5688, -0.7927, -0.2192,  0.0062],
         [ 0.2313, -0.4099,  0.8823,  0.1920],
         [ 0.0000,  0.0000,  0.0000,  1.0000]]], device='cuda:0')
0:01:42.584922 - TCO pred_orn tensor([[[-0.7901,  0.4452,  0.4214, -0.0100],
         [-0.5675, -0.7911, -0.2281,  0.0062],
         [ 0.2318, -0.4194,  0.8777,  0.1920],
         [ 0.0000,  0.0000,  0.0000,  1.0000]]], device='cuda:0',
       grad_fn=<CopySlices>)
0:01:42.585875 - TCO pred_xy tensor([[[-0.7893,  0.4511,  0.4165, -0.0101],
         [-0.5688, -0.7927, -0.2192,  0.0066],
         [ 0.2313, -0.4099,  0.8823,  0.1920],
         [ 0.0000,  0.0000,  0.0000,  1.0000]]], device='cuda:0',
       grad_fn=<CopySlices>)
0:01:42.586805 - TCO pred_z tensor([[[-0.7893,  0.4511,  0.4165, -0.0100],
         [-0.5688, -0.7927, -0.2192,  0.0062],
         [ 0.2313, -0.4099,  0.8823,  0.2012],
         [ 0.0000,  0.0000,  0.0000,  1.0000]]], device='cuda:0',
       grad_fn=<CopySlices>)
0:01:42.587435 - loss orn tensor([4.5839e-05], device='cuda:0', grad_fn=<MinBackward0>)
0:01:42.588047 - loss xy tensor([0.0002], device='cuda:0', grad_fn=<MinBackward0>)
0:01:42.588657 - loss z tensor([0.0031], device='cuda:0', grad_fn=<MinBackward0>)
  0%|                                        | 0/1 [00:00<?, ?it/s, loss=0.0033]100%|████████████████████████████████| 1/1 [00:00<00:00,  4.69it/s, loss=0.0033]100%|████████████████████████████████| 1/1 [00:00<00:00,  4.67it/s, loss=0.0033]
0:01:42.335860 - saving /home/ubuntu/synthetic_pose_estimation/cosypose/local_data/experiments/bracket_assembly_debug_nut_nosym_coarse_noaug--938962 179
  0%|                                                     | 0/1 [00:00<?, ?it/s]0:01:42.750898 - iteration 0
0:01:42.794421 - outputs, {'pose': tensor([[-0.9152, -0.6691,  0.2721,  0.5506, -0.3596, -0.3379,  1.0055, -0.9821,
          0.5789]], device='cuda:0', grad_fn=<AddmmBackward0>)}
0:01:42.796026 - model_outputs {'pose': tensor([[-0.9152, -0.6691,  0.2721,  0.5506, -0.3596, -0.3379,  1.0055, -0.9821,
          0.5789]], device='cuda:0', grad_fn=<AddmmBackward0>)}
0:01:42.796838 - K crop tensor([[[2.0603e+03, 0.0000e+00, 2.4521e+02],
         [0.0000e+00, 2.0603e+03, 7.9885e+01],
         [0.0000e+00, 0.0000e+00, 1.0000e+00]]], device='cuda:0')
0:01:42.797794 - TCO_input tensor([[[ 1.0000,  0.0000,  0.0000, -0.0141],
         [ 0.0000,  1.0000,  0.0000,  0.0065],
         [ 0.0000,  0.0000,  1.0000,  0.3384],
         [ 0.0000,  0.0000,  0.0000,  1.0000]]], device='cuda:0')
0:01:42.799369 - model tco output tensor([[[-0.7850,  0.4623,  0.4124, -0.0081],
         [-0.5739, -0.7934, -0.2029,  0.0037],
         [ 0.2334, -0.3960,  0.8881,  0.1959],
         [ 0.0000,  0.0000,  0.0000,  1.0000]]], device='cuda:0',
       grad_fn=<CopySlices>)
0:01:42.838694 - Wrote debug data: /home/ubuntu/synthetic_pose_estimation/cosypose/local_data/debug_data/debug_iter=1.pth.tar
0:01:43.049351 - TCO_input tensor([[[ 1.0000,  0.0000,  0.0000, -0.0141],
         [ 0.0000,  1.0000,  0.0000,  0.0065],
         [ 0.0000,  0.0000,  1.0000,  0.3384],
         [ 0.0000,  0.0000,  0.0000,  1.0000]]], device='cuda:0')
0:01:43.050289 - vxvyvz tensor([[ 1.0055, -0.9821,  0.5789]], device='cuda:0',
       grad_fn=<SliceBackward0>)
0:01:43.051262 - dR tensor([[[-0.7850,  0.4623,  0.4124],
         [-0.5739, -0.7934, -0.2029],
         [ 0.2334, -0.3960,  0.8881]]], device='cuda:0',
       grad_fn=<StackBackward0>)
0:01:43.052112 - fxfy tensor([[2060.2925, 2060.2927]], device='cuda:0')
0:01:43.054579 - TCO_gt tensor([[[-0.7893,  0.4511,  0.4165, -0.0100],
         [-0.5688, -0.7927, -0.2192,  0.0062],
         [ 0.2313, -0.4099,  0.8823,  0.1920],
         [ 0.0000,  0.0000,  0.0000,  1.0000]]], device='cuda:0')
0:01:43.055475 - TCO pred_orn tensor([[[-0.7850,  0.4623,  0.4124, -0.0100],
         [-0.5739, -0.7934, -0.2029,  0.0062],
         [ 0.2334, -0.3960,  0.8881,  0.1920],
         [ 0.0000,  0.0000,  0.0000,  1.0000]]], device='cuda:0',
       grad_fn=<CopySlices>)
0:01:43.056364 - TCO pred_xy tensor([[[-0.7893,  0.4511,  0.4165, -0.0079],
         [-0.5688, -0.7927, -0.2192,  0.0036],
         [ 0.2313, -0.4099,  0.8823,  0.1920],
         [ 0.0000,  0.0000,  0.0000,  1.0000]]], device='cuda:0',
       grad_fn=<CopySlices>)
0:01:43.057298 - TCO pred_z tensor([[[-0.7893,  0.4511,  0.4165, -0.0100],
         [-0.5688, -0.7927, -0.2192,  0.0062],
         [ 0.2313, -0.4099,  0.8823,  0.1959],
         [ 0.0000,  0.0000,  0.0000,  1.0000]]], device='cuda:0',
       grad_fn=<CopySlices>)
0:01:43.057926 - loss orn tensor([7.6972e-05], device='cuda:0', grad_fn=<MinBackward0>)
0:01:43.058540 - loss xy tensor([0.0016], device='cuda:0', grad_fn=<MinBackward0>)
0:01:43.059155 - loss z tensor([0.0013], device='cuda:0', grad_fn=<MinBackward0>)
  0%|                                       | 0/1 [00:00<?, ?it/s, loss=0.00295]100%|███████████████████████████████| 1/1 [00:00<00:00,  4.61it/s, loss=0.00295]100%|███████████████████████████████| 1/1 [00:00<00:00,  4.60it/s, loss=0.00295]
  0%|                                                     | 0/1 [00:00<?, ?it/s]0:01:42.967731 - iteration 0
0:01:43.004468 - outputs, {'pose': tensor([[-0.0129,  0.0142, -0.0173,  0.0544,  0.0130, -0.0554,  0.0320, -0.0392,
          0.0429]], device='cuda:0')}
0:01:43.005931 - model_outputs {'pose': tensor([[-0.0129,  0.0142, -0.0173,  0.0544,  0.0130, -0.0554,  0.0320, -0.0392,
          0.0429]], device='cuda:0')}
0:01:43.006684 - K crop tensor([[[1.7871e+03, 0.0000e+00, 2.4676e+02],
         [0.0000e+00, 1.7871e+03, 5.9639e+01],
         [0.0000e+00, 0.0000e+00, 1.0000e+00]]], device='cuda:0')
0:01:43.007513 - TCO_input tensor([[[ 1.0000,  0.0000,  0.0000, -0.0145],
         [ 0.0000,  1.0000,  0.0000,  0.0099],
         [ 0.0000,  0.0000,  1.0000,  0.2960],
         [ 0.0000,  0.0000,  0.0000,  1.0000]]], device='cuda:0')
0:01:43.008375 - model tco output tensor([[[-4.9859e-01,  8.1944e-01, -2.8271e-01, -6.1910e-04],
         [ 5.4932e-01,  4.6385e-02, -8.3433e-01,  4.2460e-04],
         [-6.7057e-01, -5.7128e-01, -4.7326e-01,  1.2685e-02],
         [ 0.0000e+00,  0.0000e+00,  0.0000e+00,  1.0000e+00]]],
       device='cuda:0')
0:01:43.046685 - Wrote debug data: /home/ubuntu/synthetic_pose_estimation/cosypose/local_data/debug_data/debug_iter=1.pth.tar
0:01:43.256649 - TCO_input tensor([[[ 1.0000,  0.0000,  0.0000, -0.0145],
         [ 0.0000,  1.0000,  0.0000,  0.0099],
         [ 0.0000,  0.0000,  1.0000,  0.2960],
         [ 0.0000,  0.0000,  0.0000,  1.0000]]], device='cuda:0')
0:01:43.257596 - vxvyvz tensor([[ 0.0320, -0.0392,  0.0429]], device='cuda:0')
0:01:43.258541 - dR tensor([[[-0.4986,  0.8194, -0.2827],
         [ 0.5493,  0.0464, -0.8343],
         [-0.6706, -0.5713, -0.4733]]], device='cuda:0')
0:01:43.259381 - fxfy tensor([[1787.0970, 1787.0972]], device='cuda:0')
0:01:43.261708 - TCO_gt tensor([[[-0.7893,  0.4511,  0.4165, -0.0100],
         [-0.5688, -0.7927, -0.2192,  0.0062],
         [ 0.2313, -0.4099,  0.8823,  0.1920],
         [ 0.0000,  0.0000,  0.0000,  1.0000]]], device='cuda:0')
0:01:43.262597 - TCO pred_orn tensor([[[-0.4986,  0.8194, -0.2827, -0.0100],
         [ 0.5493,  0.0464, -0.8343,  0.0062],
         [-0.6706, -0.5713, -0.4733,  0.1920],
         [ 0.0000,  0.0000,  0.0000,  1.0000]]], device='cuda:0')
0:01:43.263479 - TCO pred_xy tensor([[[-0.7893,  0.4511,  0.4165, -0.0094],
         [-0.5688, -0.7927, -0.2192,  0.0064],
         [ 0.2313, -0.4099,  0.8823,  0.1920],
         [ 0.0000,  0.0000,  0.0000,  1.0000]]], device='cuda:0')
0:01:43.264360 - TCO pred_z tensor([[[-0.7893,  0.4511,  0.4165, -0.0100],
         [-0.5688, -0.7927, -0.2192,  0.0062],
         [ 0.2313, -0.4099,  0.8823,  0.0127],
         [ 0.0000,  0.0000,  0.0000,  1.0000]]], device='cuda:0')
0:01:43.264995 - loss orn tensor([0.0065], device='cuda:0')
0:01:43.265664 - loss xy tensor([0.0003], device='cuda:0')
0:01:43.266279 - loss z tensor([0.0598], device='cuda:0')
100%|█████████████████████████████████████████████| 1/1 [00:00<00:00,  8.53it/s]100%|█████████████████████████████████████████████| 1/1 [00:00<00:00,  8.51it/s]
0:01:42.928496 - saving /home/ubuntu/synthetic_pose_estimation/cosypose/local_data/experiments/bracket_assembly_debug_nut_nosym_coarse_noaug--938962 180
  0%|                                                     | 0/1 [00:00<?, ?it/s]0:01:43.340275 - iteration 0
0:01:43.384146 - outputs, {'pose': tensor([[-0.9199, -0.6732,  0.2649,  0.5579, -0.3599, -0.3417,  1.0137, -0.9876,
          0.5686]], device='cuda:0', grad_fn=<AddmmBackward0>)}
0:01:43.385839 - model_outputs {'pose': tensor([[-0.9199, -0.6732,  0.2649,  0.5579, -0.3599, -0.3417,  1.0137, -0.9876,
          0.5686]], device='cuda:0', grad_fn=<AddmmBackward0>)}
0:01:43.386636 - K crop tensor([[[1.7204e+03, 0.0000e+00, 2.1886e+02],
         [0.0000e+00, 1.7204e+03, 1.8086e+01],
         [0.0000e+00, 0.0000e+00, 1.0000e+00]]], device='cuda:0')
0:01:43.387484 - TCO_input tensor([[[ 1.0000,  0.0000,  0.0000, -0.0099],
         [ 0.0000,  1.0000,  0.0000,  0.0170],
         [ 0.0000,  0.0000,  1.0000,  0.2880],
         [ 0.0000,  0.0000,  0.0000,  1.0000]]], device='cuda:0')
0:01:43.388370 - model tco output tensor([[[-0.7860,  0.4636,  0.4090, -0.0056],
         [-0.5753, -0.7908, -0.2093,  0.0096],
         [ 0.2264, -0.3998,  0.8882,  0.1638],
         [ 0.0000,  0.0000,  0.0000,  1.0000]]], device='cuda:0',
       grad_fn=<CopySlices>)
0:01:43.430847 - Wrote debug data: /home/ubuntu/synthetic_pose_estimation/cosypose/local_data/debug_data/debug_iter=1.pth.tar
0:01:43.641362 - TCO_input tensor([[[ 1.0000,  0.0000,  0.0000, -0.0099],
         [ 0.0000,  1.0000,  0.0000,  0.0170],
         [ 0.0000,  0.0000,  1.0000,  0.2880],
         [ 0.0000,  0.0000,  0.0000,  1.0000]]], device='cuda:0')
0:01:43.642328 - vxvyvz tensor([[ 1.0137, -0.9876,  0.5686]], device='cuda:0',
       grad_fn=<SliceBackward0>)
0:01:43.643306 - dR tensor([[[-0.7860,  0.4636,  0.4090],
         [-0.5753, -0.7908, -0.2093],
         [ 0.2264, -0.3998,  0.8882]]], device='cuda:0',
       grad_fn=<StackBackward0>)
0:01:43.644197 - fxfy tensor([[1720.4495, 1720.4497]], device='cuda:0')
0:01:43.646652 - TCO_gt tensor([[[-0.7893,  0.4511,  0.4165, -0.0100],
         [-0.5688, -0.7927, -0.2192,  0.0062],
         [ 0.2313, -0.4099,  0.8823,  0.1920],
         [ 0.0000,  0.0000,  0.0000,  1.0000]]], device='cuda:0')
0:01:43.647547 - TCO pred_orn tensor([[[-0.7860,  0.4636,  0.4090, -0.0100],
         [-0.5753, -0.7908, -0.2093,  0.0062],
         [ 0.2264, -0.3998,  0.8882,  0.1920],
         [ 0.0000,  0.0000,  0.0000,  1.0000]]], device='cuda:0',
       grad_fn=<CopySlices>)
0:01:43.648432 - TCO pred_xy tensor([[[-0.7893,  0.4511,  0.4165, -0.0065],
         [-0.5688, -0.7927, -0.2192,  0.0112],
         [ 0.2313, -0.4099,  0.8823,  0.1920],
         [ 0.0000,  0.0000,  0.0000,  1.0000]]], device='cuda:0',
       grad_fn=<CopySlices>)
0:01:43.649364 - TCO pred_z tensor([[[-0.7893,  0.4511,  0.4165, -0.0100],
         [-0.5688, -0.7927, -0.2192,  0.0062],
         [ 0.2313, -0.4099,  0.8823,  0.1638],
         [ 0.0000,  0.0000,  0.0000,  1.0000]]], device='cuda:0',
       grad_fn=<CopySlices>)
0:01:43.649992 - loss orn tensor([6.7669e-05], device='cuda:0', grad_fn=<MinBackward0>)
0:01:43.650602 - loss xy tensor([0.0028], device='cuda:0', grad_fn=<MinBackward0>)
0:01:43.651216 - loss z tensor([0.0094], device='cuda:0', grad_fn=<MinBackward0>)
  0%|                                        | 0/1 [00:00<?, ?it/s, loss=0.0123]100%|████████████████████████████████| 1/1 [00:00<00:00,  4.66it/s, loss=0.0123]100%|████████████████████████████████| 1/1 [00:00<00:00,  4.65it/s, loss=0.0123]
0:01:43.398504 - saving /home/ubuntu/synthetic_pose_estimation/cosypose/local_data/experiments/bracket_assembly_debug_nut_nosym_coarse_noaug--938962 181
  0%|                                                     | 0/1 [00:00<?, ?it/s]0:01:43.813594 - iteration 0
0:01:43.856904 - outputs, {'pose': tensor([[-0.9169, -0.6721,  0.2600,  0.5491, -0.3576, -0.3455,  1.0078, -0.9964,
          0.5620]], device='cuda:0', grad_fn=<AddmmBackward0>)}
0:01:43.858699 - model_outputs {'pose': tensor([[-0.9169, -0.6721,  0.2600,  0.5491, -0.3576, -0.3455,  1.0078, -0.9964,
          0.5620]], device='cuda:0', grad_fn=<AddmmBackward0>)}
0:01:43.859627 - K crop tensor([[[1.6308e+03, 0.0000e+00, 2.1876e+02],
         [0.0000e+00, 1.6308e+03, 5.0890e+01],
         [0.0000e+00, 0.0000e+00, 1.0000e+00]]], device='cuda:0')
0:01:43.860562 - TCO_input tensor([[[ 1.0000,  0.0000,  0.0000, -0.0099],
         [ 0.0000,  1.0000,  0.0000,  0.0114],
         [ 0.0000,  0.0000,  1.0000,  0.2715],
         [ 0.0000,  0.0000,  0.0000,  1.0000]]], device='cuda:0')
0:01:43.862164 - model tco output tensor([[[-0.7863,  0.4602,  0.4124, -0.0055],
         [-0.5763, -0.7869, -0.2207,  0.0063],
         [ 0.2229, -0.4112,  0.8839,  0.1526],
         [ 0.0000,  0.0000,  0.0000,  1.0000]]], device='cuda:0',
       grad_fn=<CopySlices>)
0:01:43.901832 - Wrote debug data: /home/ubuntu/synthetic_pose_estimation/cosypose/local_data/debug_data/debug_iter=1.pth.tar
0:01:44.111117 - TCO_input tensor([[[ 1.0000,  0.0000,  0.0000, -0.0099],
         [ 0.0000,  1.0000,  0.0000,  0.0114],
         [ 0.0000,  0.0000,  1.0000,  0.2715],
         [ 0.0000,  0.0000,  0.0000,  1.0000]]], device='cuda:0')
0:01:44.112040 - vxvyvz tensor([[ 1.0078, -0.9964,  0.5620]], device='cuda:0',
       grad_fn=<SliceBackward0>)
0:01:44.113012 - dR tensor([[[-0.7863,  0.4602,  0.4124],
         [-0.5763, -0.7869, -0.2207],
         [ 0.2229, -0.4112,  0.8839]]], device='cuda:0',
       grad_fn=<StackBackward0>)
0:01:44.113888 - fxfy tensor([[1630.7928, 1630.7928]], device='cuda:0')
0:01:44.116297 - TCO_gt tensor([[[-0.7893,  0.4511,  0.4165, -0.0100],
         [-0.5688, -0.7927, -0.2192,  0.0062],
         [ 0.2313, -0.4099,  0.8823,  0.1920],
         [ 0.0000,  0.0000,  0.0000,  1.0000]]], device='cuda:0')
0:01:44.117206 - TCO pred_orn tensor([[[-0.7863,  0.4602,  0.4124, -0.0100],
         [-0.5763, -0.7869, -0.2207,  0.0062],
         [ 0.2229, -0.4112,  0.8839,  0.1920],
         [ 0.0000,  0.0000,  0.0000,  1.0000]]], device='cuda:0',
       grad_fn=<CopySlices>)
0:01:44.118182 - TCO pred_xy tensor([[[-0.7893,  0.4511,  0.4165, -0.0069],
         [-0.5688, -0.7927, -0.2192,  0.0080],
         [ 0.2313, -0.4099,  0.8823,  0.1920],
         [ 0.0000,  0.0000,  0.0000,  1.0000]]], device='cuda:0',
       grad_fn=<CopySlices>)
0:01:44.119163 - TCO pred_z tensor([[[-0.7893,  0.4511,  0.4165, -0.0100],
         [-0.5688, -0.7927, -0.2192,  0.0062],
         [ 0.2313, -0.4099,  0.8823,  0.1526],
         [ 0.0000,  0.0000,  0.0000,  1.0000]]], device='cuda:0',
       grad_fn=<CopySlices>)
0:01:44.119871 - loss orn tensor([5.4892e-05], device='cuda:0', grad_fn=<MinBackward0>)
0:01:44.122083 - loss xy tensor([0.0016], device='cuda:0', grad_fn=<MinBackward0>)
0:01:44.122696 - loss z tensor([0.0131], device='cuda:0', grad_fn=<MinBackward0>)
  0%|                                        | 0/1 [00:00<?, ?it/s, loss=0.0148]100%|████████████████████████████████| 1/1 [00:00<00:00,  4.63it/s, loss=0.0148]100%|████████████████████████████████| 1/1 [00:00<00:00,  4.62it/s, loss=0.0148]
0:01:43.868475 - saving /home/ubuntu/synthetic_pose_estimation/cosypose/local_data/experiments/bracket_assembly_debug_nut_nosym_coarse_noaug--938962 182
  0%|                                                     | 0/1 [00:00<?, ?it/s]0:01:44.283749 - iteration 0
0:01:44.327433 - outputs, {'pose': tensor([[-0.9202, -0.6669,  0.2638,  0.5500, -0.3586, -0.3472,  1.0030, -1.0014,
          0.5553]], device='cuda:0', grad_fn=<AddmmBackward0>)}
0:01:44.328981 - model_outputs {'pose': tensor([[-0.9202, -0.6669,  0.2638,  0.5500, -0.3586, -0.3472,  1.0030, -1.0014,
          0.5553]], device='cuda:0', grad_fn=<AddmmBackward0>)}
0:01:44.329788 - K crop tensor([[[1.9915e+03, 0.0000e+00, 2.6634e+02],
         [0.0000e+00, 1.9915e+03, 2.5001e+01],
         [0.0000e+00, 0.0000e+00, 1.0000e+00]]], device='cuda:0')
0:01:44.330650 - TCO_input tensor([[[ 1.0000,  0.0000,  0.0000, -0.0178],
         [ 0.0000,  1.0000,  0.0000,  0.0157],
         [ 0.0000,  0.0000,  1.0000,  0.3310],
         [ 0.0000,  0.0000,  0.0000,  1.0000]]], device='cuda:0')
0:01:44.331569 - model tco output tensor([[[-0.7887,  0.4549,  0.4134, -0.0098],
         [-0.5716, -0.7902, -0.2211,  0.0086],
         [ 0.2261, -0.4107,  0.8833,  0.1838],
         [ 0.0000,  0.0000,  0.0000,  1.0000]]], device='cuda:0',
       grad_fn=<CopySlices>)
0:01:44.369709 - Wrote debug data: /home/ubuntu/synthetic_pose_estimation/cosypose/local_data/debug_data/debug_iter=1.pth.tar
0:01:44.578946 - TCO_input tensor([[[ 1.0000,  0.0000,  0.0000, -0.0178],
         [ 0.0000,  1.0000,  0.0000,  0.0157],
         [ 0.0000,  0.0000,  1.0000,  0.3310],
         [ 0.0000,  0.0000,  0.0000,  1.0000]]], device='cuda:0')
0:01:44.579869 - vxvyvz tensor([[ 1.0030, -1.0014,  0.5553]], device='cuda:0',
       grad_fn=<SliceBackward0>)
0:01:44.580830 - dR tensor([[[-0.7887,  0.4549,  0.4134],
         [-0.5716, -0.7902, -0.2211],
         [ 0.2261, -0.4107,  0.8833]]], device='cuda:0',
       grad_fn=<StackBackward0>)
0:01:44.581713 - fxfy tensor([[1991.4521, 1991.4521]], device='cuda:0')
0:01:44.584130 - TCO_gt tensor([[[-0.7893,  0.4511,  0.4165, -0.0100],
         [-0.5688, -0.7927, -0.2192,  0.0062],
         [ 0.2313, -0.4099,  0.8823,  0.1920],
         [ 0.0000,  0.0000,  0.0000,  1.0000]]], device='cuda:0')
0:01:44.585042 - TCO pred_orn tensor([[[-0.7887,  0.4549,  0.4134, -0.0100],
         [-0.5716, -0.7902, -0.2211,  0.0062],
         [ 0.2261, -0.4107,  0.8833,  0.1920],
         [ 0.0000,  0.0000,  0.0000,  1.0000]]], device='cuda:0',
       grad_fn=<CopySlices>)
0:01:44.585942 - TCO pred_xy tensor([[[-0.7893,  0.4511,  0.4165, -0.0102],
         [-0.5688, -0.7927, -0.2192,  0.0090],
         [ 0.2313, -0.4099,  0.8823,  0.1920],
         [ 0.0000,  0.0000,  0.0000,  1.0000]]], device='cuda:0',
       grad_fn=<CopySlices>)
0:01:44.586828 - TCO pred_z tensor([[[-0.7893,  0.4511,  0.4165, -0.0100],
         [-0.5688, -0.7927, -0.2192,  0.0062],
         [ 0.2313, -0.4099,  0.8823,  0.1838],
         [ 0.0000,  0.0000,  0.0000,  1.0000]]], device='cuda:0',
       grad_fn=<CopySlices>)
0:01:44.587455 - loss orn tensor([2.6572e-05], device='cuda:0', grad_fn=<MinBackward0>)
0:01:44.588068 - loss xy tensor([0.0010], device='cuda:0', grad_fn=<MinBackward0>)
0:01:44.588681 - loss z tensor([0.0027], device='cuda:0', grad_fn=<MinBackward0>)
  0%|                                       | 0/1 [00:00<?, ?it/s, loss=0.00376]100%|███████████████████████████████| 1/1 [00:00<00:00,  4.73it/s, loss=0.00376]100%|███████████████████████████████| 1/1 [00:00<00:00,  4.72it/s, loss=0.00376]
0:01:44.333169 - saving /home/ubuntu/synthetic_pose_estimation/cosypose/local_data/experiments/bracket_assembly_debug_nut_nosym_coarse_noaug--938962 183
  0%|                                                     | 0/1 [00:00<?, ?it/s]0:01:44.748174 - iteration 0
0:01:44.791430 - outputs, {'pose': tensor([[-0.9257, -0.6559,  0.2709,  0.5467, -0.3504, -0.3553,  1.0023, -1.0189,
          0.5672]], device='cuda:0', grad_fn=<AddmmBackward0>)}
0:01:44.792983 - model_outputs {'pose': tensor([[-0.9257, -0.6559,  0.2709,  0.5467, -0.3504, -0.3553,  1.0023, -1.0189,
          0.5672]], device='cuda:0', grad_fn=<AddmmBackward0>)}
0:01:44.793787 - K crop tensor([[[1.7926e+03, 0.0000e+00, 2.8075e+02],
         [0.0000e+00, 1.7926e+03, 6.1823e+01],
         [0.0000e+00, 0.0000e+00, 1.0000e+00]]], device='cuda:0')
0:01:44.794638 - TCO_input tensor([[[ 1.0000,  0.0000,  0.0000, -0.0201],
         [ 0.0000,  1.0000,  0.0000,  0.0095],
         [ 0.0000,  0.0000,  1.0000,  0.2967],
         [ 0.0000,  0.0000,  0.0000,  1.0000]]], device='cuda:0')
0:01:44.795524 - model tco output tensor([[[-0.7936,  0.4392,  0.4211, -0.0113],
         [-0.5623, -0.7937, -0.2321,  0.0053],
         [ 0.2323, -0.4210,  0.8768,  0.1683],
         [ 0.0000,  0.0000,  0.0000,  1.0000]]], device='cuda:0',
       grad_fn=<CopySlices>)
0:01:44.833734 - Wrote debug data: /home/ubuntu/synthetic_pose_estimation/cosypose/local_data/debug_data/debug_iter=1.pth.tar
0:01:45.045627 - TCO_input tensor([[[ 1.0000,  0.0000,  0.0000, -0.0201],
         [ 0.0000,  1.0000,  0.0000,  0.0095],
         [ 0.0000,  0.0000,  1.0000,  0.2967],
         [ 0.0000,  0.0000,  0.0000,  1.0000]]], device='cuda:0')
0:01:45.046615 - vxvyvz tensor([[ 1.0023, -1.0189,  0.5672]], device='cuda:0',
       grad_fn=<SliceBackward0>)
0:01:45.047597 - dR tensor([[[-0.7936,  0.4392,  0.4211],
         [-0.5623, -0.7937, -0.2321],
         [ 0.2323, -0.4210,  0.8768]]], device='cuda:0',
       grad_fn=<StackBackward0>)
0:01:45.048451 - fxfy tensor([[1792.6146, 1792.6147]], device='cuda:0')
0:01:45.050942 - TCO_gt tensor([[[-0.7893,  0.4511,  0.4165, -0.0100],
         [-0.5688, -0.7927, -0.2192,  0.0062],
         [ 0.2313, -0.4099,  0.8823,  0.1920],
         [ 0.0000,  0.0000,  0.0000,  1.0000]]], device='cuda:0')
0:01:45.051863 - TCO pred_orn tensor([[[-0.7936,  0.4392,  0.4211, -0.0100],
         [-0.5623, -0.7937, -0.2321,  0.0062],
         [ 0.2323, -0.4210,  0.8768,  0.1920],
         [ 0.0000,  0.0000,  0.0000,  1.0000]]], device='cuda:0',
       grad_fn=<CopySlices>)
0:01:45.052753 - TCO pred_xy tensor([[[-0.7893,  0.4511,  0.4165, -0.0129],
         [-0.5688, -0.7927, -0.2192,  0.0061],
         [ 0.2313, -0.4099,  0.8823,  0.1920],
         [ 0.0000,  0.0000,  0.0000,  1.0000]]], device='cuda:0',
       grad_fn=<CopySlices>)
0:01:45.053678 - TCO pred_z tensor([[[-0.7893,  0.4511,  0.4165, -0.0100],
         [-0.5688, -0.7927, -0.2192,  0.0062],
         [ 0.2313, -0.4099,  0.8823,  0.1683],
         [ 0.0000,  0.0000,  0.0000,  1.0000]]], device='cuda:0',
       grad_fn=<CopySlices>)
0:01:45.054306 - loss orn tensor([6.9369e-05], device='cuda:0', grad_fn=<MinBackward0>)
0:01:45.054921 - loss xy tensor([0.0010], device='cuda:0', grad_fn=<MinBackward0>)
0:01:45.055565 - loss z tensor([0.0079], device='cuda:0', grad_fn=<MinBackward0>)
  0%|                                       | 0/1 [00:00<?, ?it/s, loss=0.00895]100%|███████████████████████████████| 1/1 [00:00<00:00,  4.60it/s, loss=0.00895]100%|███████████████████████████████| 1/1 [00:00<00:00,  4.59it/s, loss=0.00895]
0:01:44.816844 - saving /home/ubuntu/synthetic_pose_estimation/cosypose/local_data/experiments/bracket_assembly_debug_nut_nosym_coarse_noaug--938962 184
  0%|                                                     | 0/1 [00:00<?, ?it/s]0:01:45.232154 - iteration 0
0:01:45.276566 - outputs, {'pose': tensor([[-0.9246, -0.6536,  0.2756,  0.5492, -0.3581, -0.3500,  1.0049, -1.0204,
          0.5718]], device='cuda:0', grad_fn=<AddmmBackward0>)}
0:01:45.278264 - model_outputs {'pose': tensor([[-0.9246, -0.6536,  0.2756,  0.5492, -0.3581, -0.3500,  1.0049, -1.0204,
          0.5718]], device='cuda:0', grad_fn=<AddmmBackward0>)}
0:01:45.279038 - K crop tensor([[[1.5542e+03, 0.0000e+00, 2.6994e+02],
         [0.0000e+00, 1.5542e+03, 4.4231e+01],
         [0.0000e+00, 0.0000e+00, 1.0000e+00]]], device='cuda:0')
0:01:45.280133 - TCO_input tensor([[[ 1.0000,  0.0000,  0.0000, -0.0185],
         [ 0.0000,  1.0000,  0.0000,  0.0126],
         [ 0.0000,  0.0000,  1.0000,  0.2597],
         [ 0.0000,  0.0000,  0.0000,  1.0000]]], device='cuda:0')
0:01:45.281981 - model tco output tensor([[[-0.7934,  0.4422,  0.4182, -0.0105],
         [-0.5608, -0.7982, -0.2200,  0.0071],
         [ 0.2365, -0.4091,  0.8813,  0.1485],
         [ 0.0000,  0.0000,  0.0000,  1.0000]]], device='cuda:0',
       grad_fn=<CopySlices>)
0:01:45.321290 - Wrote debug data: /home/ubuntu/synthetic_pose_estimation/cosypose/local_data/debug_data/debug_iter=1.pth.tar
0:01:45.531499 - TCO_input tensor([[[ 1.0000,  0.0000,  0.0000, -0.0185],
         [ 0.0000,  1.0000,  0.0000,  0.0126],
         [ 0.0000,  0.0000,  1.0000,  0.2597],
         [ 0.0000,  0.0000,  0.0000,  1.0000]]], device='cuda:0')
0:01:45.532440 - vxvyvz tensor([[ 1.0049, -1.0204,  0.5718]], device='cuda:0',
       grad_fn=<SliceBackward0>)
0:01:45.533441 - dR tensor([[[-0.7934,  0.4422,  0.4182],
         [-0.5608, -0.7982, -0.2200],
         [ 0.2365, -0.4091,  0.8813]]], device='cuda:0',
       grad_fn=<StackBackward0>)
0:01:45.534284 - fxfy tensor([[1554.1757, 1554.1755]], device='cuda:0')
0:01:45.536698 - TCO_gt tensor([[[-0.7893,  0.4511,  0.4165, -0.0100],
         [-0.5688, -0.7927, -0.2192,  0.0062],
         [ 0.2313, -0.4099,  0.8823,  0.1920],
         [ 0.0000,  0.0000,  0.0000,  1.0000]]], device='cuda:0')
0:01:45.537646 - TCO pred_orn tensor([[[-0.7934,  0.4422,  0.4182, -0.0100],
         [-0.5608, -0.7982, -0.2200,  0.0062],
         [ 0.2365, -0.4091,  0.8813,  0.1920],
         [ 0.0000,  0.0000,  0.0000,  1.0000]]], device='cuda:0',
       grad_fn=<CopySlices>)
0:01:45.538543 - TCO pred_xy tensor([[[-0.7893,  0.4511,  0.4165, -0.0135],
         [-0.5688, -0.7927, -0.2192,  0.0092],
         [ 0.2313, -0.4099,  0.8823,  0.1920],
         [ 0.0000,  0.0000,  0.0000,  1.0000]]], device='cuda:0',
       grad_fn=<CopySlices>)
0:01:45.539429 - TCO pred_z tensor([[[-0.7893,  0.4511,  0.4165, -0.0100],
         [-0.5688, -0.7927, -0.2192,  0.0062],
         [ 0.2313, -0.4099,  0.8823,  0.1485],
         [ 0.0000,  0.0000,  0.0000,  1.0000]]], device='cuda:0',
       grad_fn=<CopySlices>)
0:01:45.540058 - loss orn tensor([4.9468e-05], device='cuda:0', grad_fn=<MinBackward0>)
0:01:45.540672 - loss xy tensor([0.0022], device='cuda:0', grad_fn=<MinBackward0>)
0:01:45.541325 - loss z tensor([0.0145], device='cuda:0', grad_fn=<MinBackward0>)
  0%|                                        | 0/1 [00:00<?, ?it/s, loss=0.0167]100%|████████████████████████████████| 1/1 [00:00<00:00,  4.62it/s, loss=0.0167]100%|████████████████████████████████| 1/1 [00:00<00:00,  4.61it/s, loss=0.0167]
0:01:45.245708 - saving /home/ubuntu/synthetic_pose_estimation/cosypose/local_data/experiments/bracket_assembly_debug_nut_nosym_coarse_noaug--938962 185
  0%|                                                     | 0/1 [00:00<?, ?it/s]0:01:45.660671 - iteration 0
0:01:45.704110 - outputs, {'pose': tensor([[-0.9278, -0.6452,  0.2761,  0.5507, -0.3516, -0.3473,  1.0045, -1.0267,
          0.5785]], device='cuda:0', grad_fn=<AddmmBackward0>)}
0:01:45.705732 - model_outputs {'pose': tensor([[-0.9278, -0.6452,  0.2761,  0.5507, -0.3516, -0.3473,  1.0045, -1.0267,
          0.5785]], device='cuda:0', grad_fn=<AddmmBackward0>)}
0:01:45.706515 - K crop tensor([[[1.7176e+03, 0.0000e+00, 2.2414e+02],
         [0.0000e+00, 1.7176e+03, 8.7927e+01],
         [0.0000e+00, 0.0000e+00, 1.0000e+00]]], device='cuda:0')
0:01:45.707360 - TCO_input tensor([[[ 1.0000,  0.0000,  0.0000, -0.0106],
         [ 0.0000,  1.0000,  0.0000,  0.0052],
         [ 0.0000,  0.0000,  1.0000,  0.2830],
         [ 0.0000,  0.0000,  0.0000,  1.0000]]], device='cuda:0')
0:01:45.708292 - model tco output tensor([[[-0.7975,  0.4371,  0.4158, -0.0061],
         [-0.5546, -0.8024, -0.2203,  0.0029],
         [ 0.2374, -0.4063,  0.8824,  0.1637],
         [ 0.0000,  0.0000,  0.0000,  1.0000]]], device='cuda:0',
       grad_fn=<CopySlices>)
0:01:45.748256 - Wrote debug data: /home/ubuntu/synthetic_pose_estimation/cosypose/local_data/debug_data/debug_iter=1.pth.tar
0:01:45.959188 - TCO_input tensor([[[ 1.0000,  0.0000,  0.0000, -0.0106],
         [ 0.0000,  1.0000,  0.0000,  0.0052],
         [ 0.0000,  0.0000,  1.0000,  0.2830],
         [ 0.0000,  0.0000,  0.0000,  1.0000]]], device='cuda:0')
0:01:45.960161 - vxvyvz tensor([[ 1.0045, -1.0267,  0.5785]], device='cuda:0',
       grad_fn=<SliceBackward0>)
0:01:45.961163 - dR tensor([[[-0.7975,  0.4371,  0.4158],
         [-0.5546, -0.8024, -0.2203],
         [ 0.2374, -0.4063,  0.8824]]], device='cuda:0',
       grad_fn=<StackBackward0>)
0:01:45.962049 - fxfy tensor([[1717.5853, 1717.5854]], device='cuda:0')
0:01:45.964474 - TCO_gt tensor([[[-0.7893,  0.4511,  0.4165, -0.0100],
         [-0.5688, -0.7927, -0.2192,  0.0062],
         [ 0.2313, -0.4099,  0.8823,  0.1920],
         [ 0.0000,  0.0000,  0.0000,  1.0000]]], device='cuda:0')
0:01:45.965407 - TCO pred_orn tensor([[[-0.7975,  0.4371,  0.4158, -0.0100],
         [-0.5546, -0.8024, -0.2203,  0.0062],
         [ 0.2374, -0.4063,  0.8824,  0.1920],
         [ 0.0000,  0.0000,  0.0000,  1.0000]]], device='cuda:0',
       grad_fn=<CopySlices>)
0:01:45.966298 - TCO pred_xy tensor([[[-0.7893,  0.4511,  0.4165, -0.0071],
         [-0.5688, -0.7927, -0.2192,  0.0034],
         [ 0.2313, -0.4099,  0.8823,  0.1920],
         [ 0.0000,  0.0000,  0.0000,  1.0000]]], device='cuda:0',
       grad_fn=<CopySlices>)
0:01:45.967181 - TCO pred_z tensor([[[-0.7893,  0.4511,  0.4165, -0.0100],
         [-0.5688, -0.7927, -0.2192,  0.0062],
         [ 0.2313, -0.4099,  0.8823,  0.1637],
         [ 0.0000,  0.0000,  0.0000,  1.0000]]], device='cuda:0',
       grad_fn=<CopySlices>)
0:01:45.967808 - loss orn tensor([8.0330e-05], device='cuda:0', grad_fn=<MinBackward0>)
0:01:45.968421 - loss xy tensor([0.0019], device='cuda:0', grad_fn=<MinBackward0>)
0:01:45.969049 - loss z tensor([0.0094], device='cuda:0', grad_fn=<MinBackward0>)
  0%|                                        | 0/1 [00:00<?, ?it/s, loss=0.0114]100%|████████████████████████████████| 1/1 [00:00<00:00,  4.64it/s, loss=0.0114]100%|████████████████████████████████| 1/1 [00:00<00:00,  4.63it/s, loss=0.0114]
0:01:45.719045 - saving /home/ubuntu/synthetic_pose_estimation/cosypose/local_data/experiments/bracket_assembly_debug_nut_nosym_coarse_noaug--938962 186
  0%|                                                     | 0/1 [00:00<?, ?it/s]0:01:46.134228 - iteration 0
0:01:46.177850 - outputs, {'pose': tensor([[-0.9301, -0.6590,  0.2757,  0.5482, -0.3608, -0.3525,  1.0127, -1.0381,
          0.5937]], device='cuda:0', grad_fn=<AddmmBackward0>)}
0:01:46.179496 - model_outputs {'pose': tensor([[-0.9301, -0.6590,  0.2757,  0.5482, -0.3608, -0.3525,  1.0127, -1.0381,
          0.5937]], device='cuda:0', grad_fn=<AddmmBackward0>)}
0:01:46.180294 - K crop tensor([[[2.0003e+03, 0.0000e+00, 2.3936e+02],
         [0.0000e+00, 2.0003e+03, 6.3515e+01],
         [0.0000e+00, 0.0000e+00, 1.0000e+00]]], device='cuda:0')
0:01:46.181161 - TCO_input tensor([[[ 1.0000,  0.0000,  0.0000, -0.0132],
         [ 0.0000,  1.0000,  0.0000,  0.0092],
         [ 0.0000,  0.0000,  1.0000,  0.3299],
         [ 0.0000,  0.0000,  0.0000,  1.0000]]], device='cuda:0')
0:01:46.182665 - model tco output tensor([[[-0.7931,  0.4421,  0.4190, -0.0077],
         [-0.5619, -0.7965, -0.2232,  0.0054],
         [ 0.2351, -0.4124,  0.8801,  0.1958],
         [ 0.0000,  0.0000,  0.0000,  1.0000]]], device='cuda:0',
       grad_fn=<CopySlices>)
0:01:46.219981 - Wrote debug data: /home/ubuntu/synthetic_pose_estimation/cosypose/local_data/debug_data/debug_iter=1.pth.tar
0:01:46.430641 - TCO_input tensor([[[ 1.0000,  0.0000,  0.0000, -0.0132],
         [ 0.0000,  1.0000,  0.0000,  0.0092],
         [ 0.0000,  0.0000,  1.0000,  0.3299],
         [ 0.0000,  0.0000,  0.0000,  1.0000]]], device='cuda:0')
0:01:46.431686 - vxvyvz tensor([[ 1.0127, -1.0381,  0.5937]], device='cuda:0',
       grad_fn=<SliceBackward0>)
0:01:46.432681 - dR tensor([[[-0.7931,  0.4421,  0.4190],
         [-0.5619, -0.7965, -0.2232],
         [ 0.2351, -0.4124,  0.8801]]], device='cuda:0',
       grad_fn=<StackBackward0>)
0:01:46.433568 - fxfy tensor([[2000.2865, 2000.2866]], device='cuda:0')
0:01:46.436008 - TCO_gt tensor([[[-0.7893,  0.4511,  0.4165, -0.0100],
         [-0.5688, -0.7927, -0.2192,  0.0062],
         [ 0.2313, -0.4099,  0.8823,  0.1920],
         [ 0.0000,  0.0000,  0.0000,  1.0000]]], device='cuda:0')
0:01:46.436919 - TCO pred_orn tensor([[[-0.7931,  0.4421,  0.4190, -0.0100],
         [-0.5619, -0.7965, -0.2232,  0.0062],
         [ 0.2351, -0.4124,  0.8801,  0.1920],
         [ 0.0000,  0.0000,  0.0000,  1.0000]]], device='cuda:0',
       grad_fn=<CopySlices>)
0:01:46.437840 - TCO pred_xy tensor([[[-0.7893,  0.4511,  0.4165, -0.0076],
         [-0.5688, -0.7927, -0.2192,  0.0053],
         [ 0.2313, -0.4099,  0.8823,  0.1920],
         [ 0.0000,  0.0000,  0.0000,  1.0000]]], device='cuda:0',
       grad_fn=<CopySlices>)
0:01:46.438724 - TCO pred_z tensor([[[-0.7893,  0.4511,  0.4165, -0.0100],
         [-0.5688, -0.7927, -0.2192,  0.0062],
         [ 0.2313, -0.4099,  0.8823,  0.1958],
         [ 0.0000,  0.0000,  0.0000,  1.0000]]], device='cuda:0',
       grad_fn=<CopySlices>)
0:01:46.439354 - loss orn tensor([4.5262e-05], device='cuda:0', grad_fn=<MinBackward0>)
0:01:46.439971 - loss xy tensor([0.0011], device='cuda:0', grad_fn=<MinBackward0>)
0:01:46.440585 - loss z tensor([0.0013], device='cuda:0', grad_fn=<MinBackward0>)
  0%|                                       | 0/1 [00:00<?, ?it/s, loss=0.00245]100%|███████████████████████████████| 1/1 [00:00<00:00,  4.67it/s, loss=0.00245]100%|███████████████████████████████| 1/1 [00:00<00:00,  4.66it/s, loss=0.00245]
0:01:46.188004 - saving /home/ubuntu/synthetic_pose_estimation/cosypose/local_data/experiments/bracket_assembly_debug_nut_nosym_coarse_noaug--938962 187
  0%|                                                     | 0/1 [00:00<?, ?it/s]0:01:46.603224 - iteration 0
0:01:46.646695 - outputs, {'pose': tensor([[-0.9269, -0.6698,  0.2757,  0.5542, -0.3618, -0.3443,  1.0081, -1.0394,
          0.5999]], device='cuda:0', grad_fn=<AddmmBackward0>)}
0:01:46.648293 - model_outputs {'pose': tensor([[-0.9269, -0.6698,  0.2757,  0.5542, -0.3618, -0.3443,  1.0081, -1.0394,
          0.5999]], device='cuda:0', grad_fn=<AddmmBackward0>)}
0:01:46.649140 - K crop tensor([[[1.7626e+03, 0.0000e+00, 2.5627e+02],
         [0.0000e+00, 1.7626e+03, 1.5348e+01],
         [0.0000e+00, 0.0000e+00, 1.0000e+00]]], device='cuda:0')
0:01:46.650282 - TCO_input tensor([[[ 1.0000,  0.0000,  0.0000, -0.0162],
         [ 0.0000,  1.0000,  0.0000,  0.0174],
         [ 0.0000,  0.0000,  1.0000,  0.2950],
         [ 0.0000,  0.0000,  0.0000,  1.0000]]], device='cuda:0')
0:01:46.651646 - model tco output tensor([[[-0.7879,  0.4556,  0.4143, -0.0096],
         [-0.5694, -0.7952, -0.2085,  0.0104],
         [ 0.2344, -0.4002,  0.8859,  0.1769],
         [ 0.0000,  0.0000,  0.0000,  1.0000]]], device='cuda:0',
       grad_fn=<CopySlices>)
0:01:46.691174 - Wrote debug data: /home/ubuntu/synthetic_pose_estimation/cosypose/local_data/debug_data/debug_iter=1.pth.tar
0:01:46.901497 - TCO_input tensor([[[ 1.0000,  0.0000,  0.0000, -0.0162],
         [ 0.0000,  1.0000,  0.0000,  0.0174],
         [ 0.0000,  0.0000,  1.0000,  0.2950],
         [ 0.0000,  0.0000,  0.0000,  1.0000]]], device='cuda:0')
0:01:46.902457 - vxvyvz tensor([[ 1.0081, -1.0394,  0.5999]], device='cuda:0',
       grad_fn=<SliceBackward0>)
0:01:46.903423 - dR tensor([[[-0.7879,  0.4556,  0.4143],
         [-0.5694, -0.7952, -0.2085],
         [ 0.2344, -0.4002,  0.8859]]], device='cuda:0',
       grad_fn=<StackBackward0>)
0:01:46.904300 - fxfy tensor([[1762.5543, 1762.5543]], device='cuda:0')
0:01:46.906808 - TCO_gt tensor([[[-0.7893,  0.4511,  0.4165, -0.0100],
         [-0.5688, -0.7927, -0.2192,  0.0062],
         [ 0.2313, -0.4099,  0.8823,  0.1920],
         [ 0.0000,  0.0000,  0.0000,  1.0000]]], device='cuda:0')
0:01:46.907721 - TCO pred_orn tensor([[[-0.7879,  0.4556,  0.4143, -0.0100],
         [-0.5694, -0.7952, -0.2085,  0.0062],
         [ 0.2344, -0.4002,  0.8859,  0.1920],
         [ 0.0000,  0.0000,  0.0000,  1.0000]]], device='cuda:0',
       grad_fn=<CopySlices>)
0:01:46.908635 - TCO pred_xy tensor([[[-0.7893,  0.4511,  0.4165, -0.0104],
         [-0.5688, -0.7927, -0.2192,  0.0112],
         [ 0.2313, -0.4099,  0.8823,  0.1920],
         [ 0.0000,  0.0000,  0.0000,  1.0000]]], device='cuda:0',
       grad_fn=<CopySlices>)
0:01:46.909562 - TCO pred_z tensor([[[-0.7893,  0.4511,  0.4165, -0.0100],
         [-0.5688, -0.7927, -0.2192,  0.0062],
         [ 0.2313, -0.4099,  0.8823,  0.1769],
         [ 0.0000,  0.0000,  0.0000,  1.0000]]], device='cuda:0',
       grad_fn=<CopySlices>)
0:01:46.910242 - loss orn tensor([4.5582e-05], device='cuda:0', grad_fn=<MinBackward0>)
0:01:46.910868 - loss xy tensor([0.0018], device='cuda:0', grad_fn=<MinBackward0>)
0:01:46.911492 - loss z tensor([0.0050], device='cuda:0', grad_fn=<MinBackward0>)
  0%|                                       | 0/1 [00:00<?, ?it/s, loss=0.00688]100%|███████████████████████████████| 1/1 [00:00<00:00,  4.65it/s, loss=0.00688]100%|███████████████████████████████| 1/1 [00:00<00:00,  4.64it/s, loss=0.00688]
0:01:46.676268 - saving /home/ubuntu/synthetic_pose_estimation/cosypose/local_data/experiments/bracket_assembly_debug_nut_nosym_coarse_noaug--938962 188
  0%|                                                     | 0/1 [00:00<?, ?it/s]0:01:47.095191 - iteration 0
0:01:47.146376 - outputs, {'pose': tensor([[-0.9197, -0.6729,  0.2645,  0.5521, -0.3579, -0.3380,  1.0071, -1.0376,
          0.6028]], device='cuda:0', grad_fn=<AddmmBackward0>)}
0:01:47.148081 - model_outputs {'pose': tensor([[-0.9197, -0.6729,  0.2645,  0.5521, -0.3579, -0.3380,  1.0071, -1.0376,
          0.6028]], device='cuda:0', grad_fn=<AddmmBackward0>)}
0:01:47.148923 - K crop tensor([[[1.5651e+03, 0.0000e+00, 3.2172e+02],
         [0.0000e+00, 1.5651e+03, 8.1627e+01],
         [0.0000e+00, 0.0000e+00, 1.0000e+00]]], device='cuda:0')
0:01:47.149839 - TCO_input tensor([[[ 1.0000,  0.0000,  0.0000, -0.0268],
         [ 0.0000,  1.0000,  0.0000,  0.0063],
         [ 0.0000,  0.0000,  1.0000,  0.2590],
         [ 0.0000,  0.0000,  0.0000,  1.0000]]], device='cuda:0')
0:01:47.150746 - model tco output tensor([[[-0.7862,  0.4638,  0.4084, -0.0161],
         [-0.5752, -0.7909, -0.2091,  0.0037],
         [ 0.2261, -0.3993,  0.8885,  0.1561],
         [ 0.0000,  0.0000,  0.0000,  1.0000]]], device='cuda:0',
       grad_fn=<CopySlices>)
0:01:47.188904 - Wrote debug data: /home/ubuntu/synthetic_pose_estimation/cosypose/local_data/debug_data/debug_iter=1.pth.tar
0:01:47.399550 - TCO_input tensor([[[ 1.0000,  0.0000,  0.0000, -0.0268],
         [ 0.0000,  1.0000,  0.0000,  0.0063],
         [ 0.0000,  0.0000,  1.0000,  0.2590],
         [ 0.0000,  0.0000,  0.0000,  1.0000]]], device='cuda:0')
0:01:47.400606 - vxvyvz tensor([[ 1.0071, -1.0376,  0.6028]], device='cuda:0',
       grad_fn=<SliceBackward0>)
0:01:47.401689 - dR tensor([[[-0.7862,  0.4638,  0.4084],
         [-0.5752, -0.7909, -0.2091],
         [ 0.2261, -0.3993,  0.8885]]], device='cuda:0',
       grad_fn=<StackBackward0>)
0:01:47.402592 - fxfy tensor([[1565.0707, 1565.0707]], device='cuda:0')
0:01:47.405157 - TCO_gt tensor([[[-0.7893,  0.4511,  0.4165, -0.0100],
         [-0.5688, -0.7927, -0.2192,  0.0062],
         [ 0.2313, -0.4099,  0.8823,  0.1920],
         [ 0.0000,  0.0000,  0.0000,  1.0000]]], device='cuda:0')
0:01:47.406105 - TCO pred_orn tensor([[[-0.7862,  0.4638,  0.4084, -0.0100],
         [-0.5752, -0.7909, -0.2091,  0.0062],
         [ 0.2261, -0.3993,  0.8885,  0.1920],
         [ 0.0000,  0.0000,  0.0000,  1.0000]]], device='cuda:0',
       grad_fn=<CopySlices>)
0:01:47.407019 - TCO pred_xy tensor([[[-0.7893,  0.4511,  0.4165, -0.0198],
         [-0.5688, -0.7927, -0.2192,  0.0045],
         [ 0.2313, -0.4099,  0.8823,  0.1920],
         [ 0.0000,  0.0000,  0.0000,  1.0000]]], device='cuda:0',
       grad_fn=<CopySlices>)
0:01:47.407957 - TCO pred_z tensor([[[-0.7893,  0.4511,  0.4165, -0.0100],
         [-0.5688, -0.7927, -0.2192,  0.0062],
         [ 0.2313, -0.4099,  0.8823,  0.1561],
         [ 0.0000,  0.0000,  0.0000,  1.0000]]], device='cuda:0',
       grad_fn=<CopySlices>)
0:01:47.408593 - loss orn tensor([6.9520e-05], device='cuda:0', grad_fn=<MinBackward0>)
0:01:47.411679 - loss xy tensor([0.0038], device='cuda:0', grad_fn=<MinBackward0>)
0:01:47.412307 - loss z tensor([0.0120], device='cuda:0', grad_fn=<MinBackward0>)
  0%|                                        | 0/1 [00:00<?, ?it/s, loss=0.0158]100%|████████████████████████████████| 1/1 [00:00<00:00,  4.37it/s, loss=0.0158]100%|████████████████████████████████| 1/1 [00:00<00:00,  4.36it/s, loss=0.0158]
0:01:47.161560 - saving /home/ubuntu/synthetic_pose_estimation/cosypose/local_data/experiments/bracket_assembly_debug_nut_nosym_coarse_noaug--938962 189
  0%|                                                     | 0/1 [00:00<?, ?it/s]0:01:47.576923 - iteration 0
0:01:47.620740 - outputs, {'pose': tensor([[-0.9172, -0.6743,  0.2576,  0.5420, -0.3604, -0.3511,  1.0140, -1.0396,
          0.6230]], device='cuda:0', grad_fn=<AddmmBackward0>)}
0:01:47.622464 - model_outputs {'pose': tensor([[-0.9172, -0.6743,  0.2576,  0.5420, -0.3604, -0.3511,  1.0140, -1.0396,
          0.6230]], device='cuda:0', grad_fn=<AddmmBackward0>)}
0:01:47.623303 - K crop tensor([[[1.5215e+03, 0.0000e+00, 2.9765e+02],
         [0.0000e+00, 1.5215e+03, 5.1589e+01],
         [0.0000e+00, 0.0000e+00, 1.0000e+00]]], device='cuda:0')
0:01:47.624201 - TCO_input tensor([[[ 1.0000,  0.0000,  0.0000, -0.0231],
         [ 0.0000,  1.0000,  0.0000,  0.0113],
         [ 0.0000,  0.0000,  1.0000,  0.2540],
         [ 0.0000,  0.0000,  0.0000,  1.0000]]], device='cuda:0')
0:01:47.625738 - model tco output tensor([[[-0.7858,  0.4572,  0.4165, -0.0143],
         [-0.5777, -0.7830, -0.2305,  0.0070],
         [ 0.2207, -0.4217,  0.8794,  0.1582],
         [ 0.0000,  0.0000,  0.0000,  1.0000]]], device='cuda:0',
       grad_fn=<CopySlices>)
0:01:47.666235 - Wrote debug data: /home/ubuntu/synthetic_pose_estimation/cosypose/local_data/debug_data/debug_iter=1.pth.tar
0:01:47.877195 - TCO_input tensor([[[ 1.0000,  0.0000,  0.0000, -0.0231],
         [ 0.0000,  1.0000,  0.0000,  0.0113],
         [ 0.0000,  0.0000,  1.0000,  0.2540],
         [ 0.0000,  0.0000,  0.0000,  1.0000]]], device='cuda:0')
0:01:47.878299 - vxvyvz tensor([[ 1.0140, -1.0396,  0.6230]], device='cuda:0',
       grad_fn=<SliceBackward0>)
0:01:47.879333 - dR tensor([[[-0.7858,  0.4572,  0.4165],
         [-0.5777, -0.7830, -0.2305],
         [ 0.2207, -0.4217,  0.8794]]], device='cuda:0',
       grad_fn=<StackBackward0>)
0:01:47.880228 - fxfy tensor([[1521.4779, 1521.4779]], device='cuda:0')
0:01:47.882808 - TCO_gt tensor([[[-0.7893,  0.4511,  0.4165, -0.0100],
         [-0.5688, -0.7927, -0.2192,  0.0062],
         [ 0.2313, -0.4099,  0.8823,  0.1920],
         [ 0.0000,  0.0000,  0.0000,  1.0000]]], device='cuda:0')
0:01:47.883740 - TCO pred_orn tensor([[[-0.7858,  0.4572,  0.4165, -0.0100],
         [-0.5777, -0.7830, -0.2305,  0.0062],
         [ 0.2207, -0.4217,  0.8794,  0.1920],
         [ 0.0000,  0.0000,  0.0000,  1.0000]]], device='cuda:0',
       grad_fn=<CopySlices>)
0:01:47.884658 - TCO pred_xy tensor([[[-0.7893,  0.4511,  0.4165, -0.0173],
         [-0.5688, -0.7927, -0.2192,  0.0084],
         [ 0.2313, -0.4099,  0.8823,  0.1920],
         [ 0.0000,  0.0000,  0.0000,  1.0000]]], device='cuda:0',
       grad_fn=<CopySlices>)
0:01:47.885634 - TCO pred_z tensor([[[-0.7893,  0.4511,  0.4165, -0.0100],
         [-0.5688, -0.7927, -0.2192,  0.0062],
         [ 0.2313, -0.4099,  0.8823,  0.1582],
         [ 0.0000,  0.0000,  0.0000,  1.0000]]], device='cuda:0',
       grad_fn=<CopySlices>)
0:01:47.886277 - loss orn tensor([7.2923e-05], device='cuda:0', grad_fn=<MinBackward0>)
0:01:47.886900 - loss xy tensor([0.0032], device='cuda:0', grad_fn=<MinBackward0>)
0:01:47.887520 - loss z tensor([0.0113], device='cuda:0', grad_fn=<MinBackward0>)
  0%|                                        | 0/1 [00:00<?, ?it/s, loss=0.0145]100%|████████████████████████████████| 1/1 [00:00<00:00,  4.55it/s, loss=0.0145]100%|████████████████████████████████| 1/1 [00:00<00:00,  4.54it/s, loss=0.0145]
  0%|                                                     | 0/1 [00:00<?, ?it/s]0:01:47.796463 - iteration 0
0:01:47.832643 - outputs, {'pose': tensor([[-0.0146,  0.0173, -0.0205,  0.0596,  0.0151, -0.0620,  0.0401, -0.0464,
          0.0588]], device='cuda:0')}
0:01:47.834179 - model_outputs {'pose': tensor([[-0.0146,  0.0173, -0.0205,  0.0596,  0.0151, -0.0620,  0.0401, -0.0464,
          0.0588]], device='cuda:0')}
0:01:47.834959 - K crop tensor([[[2.0252e+03, 0.0000e+00, 2.6402e+02],
         [0.0000e+00, 2.0252e+03, 7.4966e+01],
         [0.0000e+00, 0.0000e+00, 1.0000e+00]]], device='cuda:0')
0:01:47.835804 - TCO_input tensor([[[ 1.0000,  0.0000,  0.0000, -0.0172],
         [ 0.0000,  1.0000,  0.0000,  0.0073],
         [ 0.0000,  0.0000,  1.0000,  0.3331],
         [ 0.0000,  0.0000,  0.0000,  1.0000]]], device='cuda:0')
0:01:47.836674 - model tco output tensor([[[-4.7700e-01,  8.2761e-01, -2.9587e-01, -1.0102e-03],
         [ 5.6735e-01,  3.2842e-02, -8.2282e-01,  4.3014e-04],
         [-6.7125e-01, -5.6035e-01, -4.8521e-01,  1.9581e-02],
         [ 0.0000e+00,  0.0000e+00,  0.0000e+00,  1.0000e+00]]],
       device='cuda:0')
0:01:47.875162 - Wrote debug data: /home/ubuntu/synthetic_pose_estimation/cosypose/local_data/debug_data/debug_iter=1.pth.tar
0:01:48.085369 - TCO_input tensor([[[ 1.0000,  0.0000,  0.0000, -0.0172],
         [ 0.0000,  1.0000,  0.0000,  0.0073],
         [ 0.0000,  0.0000,  1.0000,  0.3331],
         [ 0.0000,  0.0000,  0.0000,  1.0000]]], device='cuda:0')
0:01:48.086319 - vxvyvz tensor([[ 0.0401, -0.0464,  0.0588]], device='cuda:0')
0:01:48.087284 - dR tensor([[[-0.4770,  0.8276, -0.2959],
         [ 0.5674,  0.0328, -0.8228],
         [-0.6713, -0.5603, -0.4852]]], device='cuda:0')
0:01:48.088127 - fxfy tensor([[2025.2317, 2025.2319]], device='cuda:0')
0:01:48.090449 - TCO_gt tensor([[[-0.7893,  0.4511,  0.4165, -0.0100],
         [-0.5688, -0.7927, -0.2192,  0.0062],
         [ 0.2313, -0.4099,  0.8823,  0.1920],
         [ 0.0000,  0.0000,  0.0000,  1.0000]]], device='cuda:0')
0:01:48.091347 - TCO pred_orn tensor([[[-0.4770,  0.8276, -0.2959, -0.0100],
         [ 0.5674,  0.0328, -0.8228,  0.0062],
         [-0.6713, -0.5603, -0.4852,  0.1920],
         [ 0.0000,  0.0000,  0.0000,  1.0000]]], device='cuda:0')
0:01:48.092236 - TCO pred_xy tensor([[[-0.7893,  0.4511,  0.4165, -0.0099],
         [-0.5688, -0.7927, -0.2192,  0.0042],
         [ 0.2313, -0.4099,  0.8823,  0.1920],
         [ 0.0000,  0.0000,  0.0000,  1.0000]]], device='cuda:0')
0:01:48.093121 - TCO pred_z tensor([[[-0.7893,  0.4511,  0.4165, -0.0100],
         [-0.5688, -0.7927, -0.2192,  0.0062],
         [ 0.2313, -0.4099,  0.8823,  0.0196],
         [ 0.0000,  0.0000,  0.0000,  1.0000]]], device='cuda:0')
0:01:48.093766 - loss orn tensor([0.0066], device='cuda:0')
0:01:48.094399 - loss xy tensor([0.0007], device='cuda:0')
0:01:48.095017 - loss z tensor([0.0575], device='cuda:0')
100%|█████████████████████████████████████████████| 1/1 [00:00<00:00,  8.53it/s]100%|█████████████████████████████████████████████| 1/1 [00:00<00:00,  8.50it/s]
0:01:47.753156 - saving /home/ubuntu/synthetic_pose_estimation/cosypose/local_data/experiments/bracket_assembly_debug_nut_nosym_coarse_noaug--938962 190
  0%|                                                     | 0/1 [00:00<?, ?it/s]0:01:48.165049 - iteration 0
0:01:48.208204 - outputs, {'pose': tensor([[-0.9243, -0.6716,  0.2630,  0.5399, -0.3562, -0.3595,  1.0207, -1.0429,
          0.6305]], device='cuda:0', grad_fn=<AddmmBackward0>)}
0:01:48.209810 - model_outputs {'pose': tensor([[-0.9243, -0.6716,  0.2630,  0.5399, -0.3562, -0.3595,  1.0207, -1.0429,
          0.6305]], device='cuda:0', grad_fn=<AddmmBackward0>)}
0:01:48.210591 - K crop tensor([[[1.8318e+03, 0.0000e+00, 2.5284e+02],
         [0.0000e+00, 1.8318e+03, 8.8247e+01],
         [0.0000e+00, 0.0000e+00, 1.0000e+00]]], device='cuda:0')
0:01:48.211443 - TCO_input tensor([[[ 1.0000,  0.0000,  0.0000, -0.0154],
         [ 0.0000,  1.0000,  0.0000,  0.0051],
         [ 0.0000,  0.0000,  1.0000,  0.3013],
         [ 0.0000,  0.0000,  0.0000,  1.0000]]], device='cuda:0')
0:01:48.212330 - model tco output tensor([[[-0.7884,  0.4466,  0.4231, -0.0096],
         [-0.5729, -0.7836, -0.2403,  0.0031],
         [ 0.2243, -0.4318,  0.8736,  0.1900],
         [ 0.0000,  0.0000,  0.0000,  1.0000]]], device='cuda:0',
       grad_fn=<CopySlices>)
0:01:48.250859 - Wrote debug data: /home/ubuntu/synthetic_pose_estimation/cosypose/local_data/debug_data/debug_iter=1.pth.tar
0:01:48.460238 - TCO_input tensor([[[ 1.0000,  0.0000,  0.0000, -0.0154],
         [ 0.0000,  1.0000,  0.0000,  0.0051],
         [ 0.0000,  0.0000,  1.0000,  0.3013],
         [ 0.0000,  0.0000,  0.0000,  1.0000]]], device='cuda:0')
0:01:48.461175 - vxvyvz tensor([[ 1.0207, -1.0429,  0.6305]], device='cuda:0',
       grad_fn=<SliceBackward0>)
0:01:48.462176 - dR tensor([[[-0.7884,  0.4466,  0.4231],
         [-0.5729, -0.7836, -0.2403],
         [ 0.2243, -0.4318,  0.8736]]], device='cuda:0',
       grad_fn=<StackBackward0>)
0:01:48.463008 - fxfy tensor([[1831.7987, 1831.7986]], device='cuda:0')
0:01:48.465470 - TCO_gt tensor([[[-0.7893,  0.4511,  0.4165, -0.0100],
         [-0.5688, -0.7927, -0.2192,  0.0062],
         [ 0.2313, -0.4099,  0.8823,  0.1920],
         [ 0.0000,  0.0000,  0.0000,  1.0000]]], device='cuda:0')
0:01:48.466377 - TCO pred_orn tensor([[[-0.7884,  0.4466,  0.4231, -0.0100],
         [-0.5729, -0.7836, -0.2403,  0.0062],
         [ 0.2243, -0.4318,  0.8736,  0.1920],
         [ 0.0000,  0.0000,  0.0000,  1.0000]]], device='cuda:0',
       grad_fn=<CopySlices>)
0:01:48.467268 - TCO pred_xy tensor([[[-0.7893,  0.4511,  0.4165, -0.0097],
         [-0.5688, -0.7927, -0.2192,  0.0032],
         [ 0.2313, -0.4099,  0.8823,  0.1920],
         [ 0.0000,  0.0000,  0.0000,  1.0000]]], device='cuda:0',
       grad_fn=<CopySlices>)
0:01:48.468167 - TCO pred_z tensor([[[-0.7893,  0.4511,  0.4165, -0.0100],
         [-0.5688, -0.7927, -0.2192,  0.0062],
         [ 0.2313, -0.4099,  0.8823,  0.1900],
         [ 0.0000,  0.0000,  0.0000,  1.0000]]], device='cuda:0',
       grad_fn=<CopySlices>)
0:01:48.468821 - loss orn tensor([8.9474e-05], device='cuda:0', grad_fn=<MinBackward0>)
0:01:48.469463 - loss xy tensor([0.0011], device='cuda:0', grad_fn=<MinBackward0>)
0:01:48.470074 - loss z tensor([0.0007], device='cuda:0', grad_fn=<MinBackward0>)
  0%|                                       | 0/1 [00:00<?, ?it/s, loss=0.00188]100%|███████████████████████████████| 1/1 [00:00<00:00,  4.78it/s, loss=0.00188]100%|███████████████████████████████| 1/1 [00:00<00:00,  4.78it/s, loss=0.00188]
0:01:48.212993 - saving /home/ubuntu/synthetic_pose_estimation/cosypose/local_data/experiments/bracket_assembly_debug_nut_nosym_coarse_noaug--938962 191
  0%|                                                     | 0/1 [00:00<?, ?it/s]0:01:48.628074 - iteration 0
0:01:48.670788 - outputs, {'pose': tensor([[-0.9237, -0.6671,  0.2547,  0.5435, -0.3628, -0.3561,  1.0321, -1.0428,
          0.6447]], device='cuda:0', grad_fn=<AddmmBackward0>)}
0:01:48.672295 - model_outputs {'pose': tensor([[-0.9237, -0.6671,  0.2547,  0.5435, -0.3628, -0.3561,  1.0321, -1.0428,
          0.6447]], device='cuda:0', grad_fn=<AddmmBackward0>)}
0:01:48.673046 - K crop tensor([[[1.9615e+03, 0.0000e+00, 2.4431e+02],
         [0.0000e+00, 1.9615e+03, 6.0561e+01],
         [0.0000e+00, 0.0000e+00, 1.0000e+00]]], device='cuda:0')
0:01:48.673922 - TCO_input tensor([[[ 1.0000,  0.0000,  0.0000, -0.0140],
         [ 0.0000,  1.0000,  0.0000,  0.0097],
         [ 0.0000,  0.0000,  1.0000,  0.3239],
         [ 0.0000,  0.0000,  0.0000,  1.0000]]], device='cuda:0')
0:01:48.674817 - model tco output tensor([[[-0.7912,  0.4492,  0.4151, -0.0089],
         [-0.5714, -0.7849, -0.2397,  0.0062],
         [ 0.2182, -0.4268,  0.8776,  0.2088],
         [ 0.0000,  0.0000,  0.0000,  1.0000]]], device='cuda:0',
       grad_fn=<CopySlices>)
0:01:48.714030 - Wrote debug data: /home/ubuntu/synthetic_pose_estimation/cosypose/local_data/debug_data/debug_iter=1.pth.tar
0:01:48.923788 - TCO_input tensor([[[ 1.0000,  0.0000,  0.0000, -0.0140],
         [ 0.0000,  1.0000,  0.0000,  0.0097],
         [ 0.0000,  0.0000,  1.0000,  0.3239],
         [ 0.0000,  0.0000,  0.0000,  1.0000]]], device='cuda:0')
0:01:48.924705 - vxvyvz tensor([[ 1.0321, -1.0428,  0.6447]], device='cuda:0',
       grad_fn=<SliceBackward0>)
0:01:48.925736 - dR tensor([[[-0.7912,  0.4492,  0.4151],
         [-0.5714, -0.7849, -0.2397],
         [ 0.2182, -0.4268,  0.8776]]], device='cuda:0',
       grad_fn=<StackBackward0>)
0:01:48.926577 - fxfy tensor([[1961.5200, 1961.5203]], device='cuda:0')
0:01:48.929058 - TCO_gt tensor([[[-0.7893,  0.4511,  0.4165, -0.0100],
         [-0.5688, -0.7927, -0.2192,  0.0062],
         [ 0.2313, -0.4099,  0.8823,  0.1920],
         [ 0.0000,  0.0000,  0.0000,  1.0000]]], device='cuda:0')
0:01:48.929984 - TCO pred_orn tensor([[[-0.7912,  0.4492,  0.4151, -0.0100],
         [-0.5714, -0.7849, -0.2397,  0.0062],
         [ 0.2182, -0.4268,  0.8776,  0.1920],
         [ 0.0000,  0.0000,  0.0000,  1.0000]]], device='cuda:0',
       grad_fn=<CopySlices>)
0:01:48.930883 - TCO pred_xy tensor([[[-0.7893,  0.4511,  0.4165, -0.0082],
         [-0.5688, -0.7927, -0.2192,  0.0057],
         [ 0.2313, -0.4099,  0.8823,  0.1920],
         [ 0.0000,  0.0000,  0.0000,  1.0000]]], device='cuda:0',
       grad_fn=<CopySlices>)
0:01:48.931779 - TCO pred_z tensor([[[-0.7893,  0.4511,  0.4165, -0.0100],
         [-0.5688, -0.7927, -0.2192,  0.0062],
         [ 0.2313, -0.4099,  0.8823,  0.2088],
         [ 0.0000,  0.0000,  0.0000,  1.0000]]], device='cuda:0',
       grad_fn=<CopySlices>)
0:01:48.932433 - loss orn tensor([7.7392e-05], device='cuda:0', grad_fn=<MinBackward0>)
0:01:48.933056 - loss xy tensor([0.0008], device='cuda:0', grad_fn=<MinBackward0>)
0:01:48.933694 - loss z tensor([0.0056], device='cuda:0', grad_fn=<MinBackward0>)
  0%|                                       | 0/1 [00:00<?, ?it/s, loss=0.00646]100%|███████████████████████████████| 1/1 [00:00<00:00,  4.70it/s, loss=0.00646]100%|███████████████████████████████| 1/1 [00:00<00:00,  4.69it/s, loss=0.00646]
0:01:48.713575 - saving /home/ubuntu/synthetic_pose_estimation/cosypose/local_data/experiments/bracket_assembly_debug_nut_nosym_coarse_noaug--938962 192
  0%|                                                     | 0/1 [00:00<?, ?it/s]0:01:49.128719 - iteration 0
0:01:49.172349 - outputs, {'pose': tensor([[-0.9218, -0.6735,  0.2647,  0.5537, -0.3630, -0.3513,  1.0391, -1.0466,
          0.6582]], device='cuda:0', grad_fn=<AddmmBackward0>)}
0:01:49.173927 - model_outputs {'pose': tensor([[-0.9218, -0.6735,  0.2647,  0.5537, -0.3630, -0.3513,  1.0391, -1.0466,
          0.6582]], device='cuda:0', grad_fn=<AddmmBackward0>)}
0:01:49.174722 - K crop tensor([[[1.7424e+03, 0.0000e+00, 2.8630e+02],
         [0.0000e+00, 1.7424e+03, 5.4662e+01],
         [0.0000e+00, 0.0000e+00, 1.0000e+00]]], device='cuda:0')
0:01:49.175566 - TCO_input tensor([[[ 1.0000,  0.0000,  0.0000, -0.0210],
         [ 0.0000,  1.0000,  0.0000,  0.0108],
         [ 0.0000,  0.0000,  1.0000,  0.2891],
         [ 0.0000,  0.0000,  0.0000,  1.0000]]], device='cuda:0')
0:01:49.176701 - model tco output tensor([[[-0.7866,  0.4573,  0.4150, -0.0137],
         [-0.5747, -0.7879, -0.2211,  0.0070],
         [ 0.2259, -0.4124,  0.8825,  0.1903],
         [ 0.0000,  0.0000,  0.0000,  1.0000]]], device='cuda:0',
       grad_fn=<CopySlices>)
0:01:49.215876 - Wrote debug data: /home/ubuntu/synthetic_pose_estimation/cosypose/local_data/debug_data/debug_iter=1.pth.tar
0:01:49.424906 - TCO_input tensor([[[ 1.0000,  0.0000,  0.0000, -0.0210],
         [ 0.0000,  1.0000,  0.0000,  0.0108],
         [ 0.0000,  0.0000,  1.0000,  0.2891],
         [ 0.0000,  0.0000,  0.0000,  1.0000]]], device='cuda:0')
0:01:49.425874 - vxvyvz tensor([[ 1.0391, -1.0466,  0.6582]], device='cuda:0',
       grad_fn=<SliceBackward0>)
0:01:49.426833 - dR tensor([[[-0.7866,  0.4573,  0.4150],
         [-0.5747, -0.7879, -0.2211],
         [ 0.2259, -0.4124,  0.8825]]], device='cuda:0',
       grad_fn=<StackBackward0>)
0:01:49.427685 - fxfy tensor([[1742.3994, 1742.3998]], device='cuda:0')
0:01:49.430168 - TCO_gt tensor([[[-0.7893,  0.4511,  0.4165, -0.0100],
         [-0.5688, -0.7927, -0.2192,  0.0062],
         [ 0.2313, -0.4099,  0.8823,  0.1920],
         [ 0.0000,  0.0000,  0.0000,  1.0000]]], device='cuda:0')
0:01:49.431073 - TCO pred_orn tensor([[[-0.7866,  0.4573,  0.4150, -0.0100],
         [-0.5747, -0.7879, -0.2211,  0.0062],
         [ 0.2259, -0.4124,  0.8825,  0.1920],
         [ 0.0000,  0.0000,  0.0000,  1.0000]]], device='cuda:0',
       grad_fn=<CopySlices>)
0:01:49.431969 - TCO pred_xy tensor([[[-0.7893,  0.4511,  0.4165, -0.0139],
         [-0.5688, -0.7927, -0.2192,  0.0070],
         [ 0.2313, -0.4099,  0.8823,  0.1920],
         [ 0.0000,  0.0000,  0.0000,  1.0000]]], device='cuda:0',
       grad_fn=<CopySlices>)
0:01:49.432872 - TCO pred_z tensor([[[-0.7893,  0.4511,  0.4165, -0.0100],
         [-0.5688, -0.7927, -0.2192,  0.0062],
         [ 0.2313, -0.4099,  0.8823,  0.1903],
         [ 0.0000,  0.0000,  0.0000,  1.0000]]], device='cuda:0',
       grad_fn=<CopySlices>)
0:01:49.433537 - loss orn tensor([4.0799e-05], device='cuda:0', grad_fn=<MinBackward0>)
0:01:49.434177 - loss xy tensor([0.0016], device='cuda:0', grad_fn=<MinBackward0>)
0:01:49.434916 - loss z tensor([0.0005], device='cuda:0', grad_fn=<MinBackward0>)
  0%|                                       | 0/1 [00:00<?, ?it/s, loss=0.00216]100%|███████████████████████████████| 1/1 [00:00<00:00,  4.68it/s, loss=0.00216]100%|███████████████████████████████| 1/1 [00:00<00:00,  4.67it/s, loss=0.00216]
0:01:49.187349 - saving /home/ubuntu/synthetic_pose_estimation/cosypose/local_data/experiments/bracket_assembly_debug_nut_nosym_coarse_noaug--938962 193
  0%|                                                     | 0/1 [00:00<?, ?it/s]0:01:49.602585 - iteration 0
0:01:49.645538 - outputs, {'pose': tensor([[-0.9257, -0.6641,  0.2740,  0.5509, -0.3689, -0.3472,  1.0362, -1.0492,
          0.6741]], device='cuda:0', grad_fn=<AddmmBackward0>)}
0:01:49.647065 - model_outputs {'pose': tensor([[-0.9257, -0.6641,  0.2740,  0.5509, -0.3689, -0.3472,  1.0362, -1.0492,
          0.6741]], device='cuda:0', grad_fn=<AddmmBackward0>)}
0:01:49.647891 - K crop tensor([[[1.6810e+03, 0.0000e+00, 2.7992e+02],
         [0.0000e+00, 1.6810e+03, 2.8936e+01],
         [0.0000e+00, 0.0000e+00, 1.0000e+00]]], device='cuda:0')
0:01:49.648737 - TCO_input tensor([[[ 1.0000,  0.0000,  0.0000, -0.0201],
         [ 0.0000,  1.0000,  0.0000,  0.0151],
         [ 0.0000,  0.0000,  1.0000,  0.2810],
         [ 0.0000,  0.0000,  0.0000,  1.0000]]], device='cuda:0')
0:01:49.649686 - model tco output tensor([[[-0.7900,  0.4515,  0.4148, -0.0135],
         [-0.5668, -0.7958, -0.2132,  0.0101],
         [ 0.2338, -0.4035,  0.8846,  0.1894],
         [ 0.0000,  0.0000,  0.0000,  1.0000]]], device='cuda:0',
       grad_fn=<CopySlices>)
0:01:49.691542 - Wrote debug data: /home/ubuntu/synthetic_pose_estimation/cosypose/local_data/debug_data/debug_iter=1.pth.tar
0:01:49.903081 - TCO_input tensor([[[ 1.0000,  0.0000,  0.0000, -0.0201],
         [ 0.0000,  1.0000,  0.0000,  0.0151],
         [ 0.0000,  0.0000,  1.0000,  0.2810],
         [ 0.0000,  0.0000,  0.0000,  1.0000]]], device='cuda:0')
0:01:49.904073 - vxvyvz tensor([[ 1.0362, -1.0492,  0.6741]], device='cuda:0',
       grad_fn=<SliceBackward0>)
0:01:49.905076 - dR tensor([[[-0.7900,  0.4515,  0.4148],
         [-0.5668, -0.7958, -0.2132],
         [ 0.2338, -0.4035,  0.8846]]], device='cuda:0',
       grad_fn=<StackBackward0>)
0:01:49.905990 - fxfy tensor([[1681.0140, 1681.0142]], device='cuda:0')
0:01:49.908465 - TCO_gt tensor([[[-0.7893,  0.4511,  0.4165, -0.0100],
         [-0.5688, -0.7927, -0.2192,  0.0062],
         [ 0.2313, -0.4099,  0.8823,  0.1920],
         [ 0.0000,  0.0000,  0.0000,  1.0000]]], device='cuda:0')
0:01:49.909407 - TCO pred_orn tensor([[[-0.7900,  0.4515,  0.4148, -0.0100],
         [-0.5668, -0.7958, -0.2132,  0.0062],
         [ 0.2338, -0.4035,  0.8846,  0.1920],
         [ 0.0000,  0.0000,  0.0000,  1.0000]]], device='cuda:0',
       grad_fn=<CopySlices>)
0:01:49.910311 - TCO pred_xy tensor([[[-0.7893,  0.4511,  0.4165, -0.0136],
         [-0.5688, -0.7927, -0.2192,  0.0102],
         [ 0.2313, -0.4099,  0.8823,  0.1920],
         [ 0.0000,  0.0000,  0.0000,  1.0000]]], device='cuda:0',
       grad_fn=<CopySlices>)
0:01:49.911195 - TCO pred_z tensor([[[-0.7893,  0.4511,  0.4165, -0.0100],
         [-0.5688, -0.7927, -0.2192,  0.0062],
         [ 0.2313, -0.4099,  0.8823,  0.1894],
         [ 0.0000,  0.0000,  0.0000,  1.0000]]], device='cuda:0',
       grad_fn=<CopySlices>)
0:01:49.911848 - loss orn tensor([2.6466e-05], device='cuda:0', grad_fn=<MinBackward0>)
0:01:49.912458 - loss xy tensor([0.0026], device='cuda:0', grad_fn=<MinBackward0>)
0:01:49.913077 - loss z tensor([0.0008], device='cuda:0', grad_fn=<MinBackward0>)
  0%|                                       | 0/1 [00:00<?, ?it/s, loss=0.00343]100%|███████████████████████████████| 1/1 [00:00<00:00,  4.60it/s, loss=0.00343]100%|███████████████████████████████| 1/1 [00:00<00:00,  4.59it/s, loss=0.00343]
0:01:49.656577 - saving /home/ubuntu/synthetic_pose_estimation/cosypose/local_data/experiments/bracket_assembly_debug_nut_nosym_coarse_noaug--938962 194
  0%|                                                     | 0/1 [00:00<?, ?it/s]0:01:50.071727 - iteration 0
0:01:50.115474 - outputs, {'pose': tensor([[-0.9196, -0.6680,  0.2808,  0.5470, -0.3611, -0.3487,  1.0467, -1.0550,
          0.6807]], device='cuda:0', grad_fn=<AddmmBackward0>)}
0:01:50.117108 - model_outputs {'pose': tensor([[-0.9196, -0.6680,  0.2808,  0.5470, -0.3611, -0.3487,  1.0467, -1.0550,
          0.6807]], device='cuda:0', grad_fn=<AddmmBackward0>)}
0:01:50.117919 - K crop tensor([[[1.8538e+03, 0.0000e+00, 2.6796e+02],
         [0.0000e+00, 1.8538e+03, 8.7024e+01],
         [0.0000e+00, 0.0000e+00, 1.0000e+00]]], device='cuda:0')
0:01:50.118780 - TCO_input tensor([[[ 1.0000,  0.0000,  0.0000, -0.0178],
         [ 0.0000,  1.0000,  0.0000,  0.0053],
         [ 0.0000,  0.0000,  1.0000,  0.3049],
         [ 0.0000,  0.0000,  0.0000,  1.0000]]], device='cuda:0')
0:01:50.120252 - model tco output tensor([[[-0.7855,  0.4523,  0.4225, -0.0120],
         [-0.5706, -0.7936, -0.2111,  0.0035],
         [ 0.2398, -0.4069,  0.8814,  0.2075],
         [ 0.0000,  0.0000,  0.0000,  1.0000]]], device='cuda:0',
       grad_fn=<CopySlices>)
0:01:50.157285 - Wrote debug data: /home/ubuntu/synthetic_pose_estimation/cosypose/local_data/debug_data/debug_iter=1.pth.tar
0:01:50.367688 - TCO_input tensor([[[ 1.0000,  0.0000,  0.0000, -0.0178],
         [ 0.0000,  1.0000,  0.0000,  0.0053],
         [ 0.0000,  0.0000,  1.0000,  0.3049],
         [ 0.0000,  0.0000,  0.0000,  1.0000]]], device='cuda:0')
0:01:50.368632 - vxvyvz tensor([[ 1.0467, -1.0550,  0.6807]], device='cuda:0',
       grad_fn=<SliceBackward0>)
0:01:50.369677 - dR tensor([[[-0.7855,  0.4523,  0.4225],
         [-0.5706, -0.7936, -0.2111],
         [ 0.2398, -0.4069,  0.8814]]], device='cuda:0',
       grad_fn=<StackBackward0>)
0:01:50.370544 - fxfy tensor([[1853.8351, 1853.8351]], device='cuda:0')
0:01:50.373092 - TCO_gt tensor([[[-0.7893,  0.4511,  0.4165, -0.0100],
         [-0.5688, -0.7927, -0.2192,  0.0062],
         [ 0.2313, -0.4099,  0.8823,  0.1920],
         [ 0.0000,  0.0000,  0.0000,  1.0000]]], device='cuda:0')
0:01:50.374052 - TCO pred_orn tensor([[[-0.7855,  0.4523,  0.4225, -0.0100],
         [-0.5706, -0.7936, -0.2111,  0.0062],
         [ 0.2398, -0.4069,  0.8814,  0.1920],
         [ 0.0000,  0.0000,  0.0000,  1.0000]]], device='cuda:0',
       grad_fn=<CopySlices>)
0:01:50.374977 - TCO pred_xy tensor([[[-0.7893,  0.4511,  0.4165, -0.0111],
         [-0.5688, -0.7927, -0.2192,  0.0033],
         [ 0.2313, -0.4099,  0.8823,  0.1920],
         [ 0.0000,  0.0000,  0.0000,  1.0000]]], device='cuda:0',
       grad_fn=<CopySlices>)
0:01:50.375887 - TCO pred_z tensor([[[-0.7893,  0.4511,  0.4165, -0.0100],
         [-0.5688, -0.7927, -0.2192,  0.0062],
         [ 0.2313, -0.4099,  0.8823,  0.2075],
         [ 0.0000,  0.0000,  0.0000,  1.0000]]], device='cuda:0',
       grad_fn=<CopySlices>)
0:01:50.376554 - loss orn tensor([4.0398e-05], device='cuda:0', grad_fn=<MinBackward0>)
0:01:50.377188 - loss xy tensor([0.0013], device='cuda:0', grad_fn=<MinBackward0>)
0:01:50.377836 - loss z tensor([0.0052], device='cuda:0', grad_fn=<MinBackward0>)
  0%|                                       | 0/1 [00:00<?, ?it/s, loss=0.00658]100%|███████████████████████████████| 1/1 [00:00<00:00,  4.68it/s, loss=0.00658]100%|███████████████████████████████| 1/1 [00:00<00:00,  4.67it/s, loss=0.00658]
0:01:50.127701 - saving /home/ubuntu/synthetic_pose_estimation/cosypose/local_data/experiments/bracket_assembly_debug_nut_nosym_coarse_noaug--938962 195
  0%|                                                     | 0/1 [00:00<?, ?it/s]0:01:50.542841 - iteration 0
0:01:50.586273 - outputs, {'pose': tensor([[-0.9182, -0.6543,  0.2730,  0.5417, -0.3625, -0.3536,  1.0571, -1.0423,
          0.6951]], device='cuda:0', grad_fn=<AddmmBackward0>)}
0:01:50.587852 - model_outputs {'pose': tensor([[-0.9182, -0.6543,  0.2730,  0.5417, -0.3625, -0.3536,  1.0571, -1.0423,
          0.6951]], device='cuda:0', grad_fn=<AddmmBackward0>)}
0:01:50.588646 - K crop tensor([[[2.0152e+03, 0.0000e+00, 2.8101e+02],
         [0.0000e+00, 2.0152e+03, 2.6451e+01],
         [0.0000e+00, 0.0000e+00, 1.0000e+00]]], device='cuda:0')
0:01:50.589885 - TCO_input tensor([[[ 1.0000,  0.0000,  0.0000, -0.0202],
         [ 0.0000,  1.0000,  0.0000,  0.0155],
         [ 0.0000,  0.0000,  1.0000,  0.3347],
         [ 0.0000,  0.0000,  0.0000,  1.0000]]], device='cuda:0')
0:01:50.591707 - model tco output tensor([[[-0.7915,  0.4420,  0.4220, -0.0139],
         [-0.5640, -0.7943, -0.2258,  0.0106],
         [ 0.2354, -0.4168,  0.8780,  0.2327],
         [ 0.0000,  0.0000,  0.0000,  1.0000]]], device='cuda:0',
       grad_fn=<CopySlices>)
0:01:50.630946 - Wrote debug data: /home/ubuntu/synthetic_pose_estimation/cosypose/local_data/debug_data/debug_iter=1.pth.tar
0:01:50.841435 - TCO_input tensor([[[ 1.0000,  0.0000,  0.0000, -0.0202],
         [ 0.0000,  1.0000,  0.0000,  0.0155],
         [ 0.0000,  0.0000,  1.0000,  0.3347],
         [ 0.0000,  0.0000,  0.0000,  1.0000]]], device='cuda:0')
0:01:50.842499 - vxvyvz tensor([[ 1.0571, -1.0423,  0.6951]], device='cuda:0',
       grad_fn=<SliceBackward0>)
0:01:50.843501 - dR tensor([[[-0.7915,  0.4420,  0.4220],
         [-0.5640, -0.7943, -0.2258],
         [ 0.2354, -0.4168,  0.8780]]], device='cuda:0',
       grad_fn=<StackBackward0>)
0:01:50.844406 - fxfy tensor([[2015.2346, 2015.2347]], device='cuda:0')
0:01:50.847104 - TCO_gt tensor([[[-0.7893,  0.4511,  0.4165, -0.0100],
         [-0.5688, -0.7927, -0.2192,  0.0062],
         [ 0.2313, -0.4099,  0.8823,  0.1920],
         [ 0.0000,  0.0000,  0.0000,  1.0000]]], device='cuda:0')
0:01:50.848032 - TCO pred_orn tensor([[[-0.7915,  0.4420,  0.4220, -0.0100],
         [-0.5640, -0.7943, -0.2258,  0.0062],
         [ 0.2354, -0.4168,  0.8780,  0.1920],
         [ 0.0000,  0.0000,  0.0000,  1.0000]]], device='cuda:0',
       grad_fn=<CopySlices>)
0:01:50.848957 - TCO pred_xy tensor([[[-0.7893,  0.4511,  0.4165, -0.0115],
         [-0.5688, -0.7927, -0.2192,  0.0088],
         [ 0.2313, -0.4099,  0.8823,  0.1920],
         [ 0.0000,  0.0000,  0.0000,  1.0000]]], device='cuda:0',
       grad_fn=<CopySlices>)
0:01:50.849897 - TCO pred_z tensor([[[-0.7893,  0.4511,  0.4165, -0.0100],
         [-0.5688, -0.7927, -0.2192,  0.0062],
         [ 0.2313, -0.4099,  0.8823,  0.2327],
         [ 0.0000,  0.0000,  0.0000,  1.0000]]], device='cuda:0',
       grad_fn=<CopySlices>)
0:01:50.850548 - loss orn tensor([4.8756e-05], device='cuda:0', grad_fn=<MinBackward0>)
0:01:50.851170 - loss xy tensor([0.0014], device='cuda:0', grad_fn=<MinBackward0>)
0:01:50.851789 - loss z tensor([0.0136], device='cuda:0', grad_fn=<MinBackward0>)
  0%|                                         | 0/1 [00:00<?, ?it/s, loss=0.015]100%|█████████████████████████████████| 1/1 [00:00<00:00,  4.63it/s, loss=0.015]100%|█████████████████████████████████| 1/1 [00:00<00:00,  4.62it/s, loss=0.015]
0:01:50.610538 - saving /home/ubuntu/synthetic_pose_estimation/cosypose/local_data/experiments/bracket_assembly_debug_nut_nosym_coarse_noaug--938962 196
  0%|                                                     | 0/1 [00:00<?, ?it/s]0:01:51.025910 - iteration 0
0:01:51.069396 - outputs, {'pose': tensor([[-0.9214, -0.6583,  0.2801,  0.5542, -0.3688, -0.3454,  1.0734, -1.0532,
          0.7059]], device='cuda:0', grad_fn=<AddmmBackward0>)}
0:01:51.071026 - model_outputs {'pose': tensor([[-0.9214, -0.6583,  0.2801,  0.5542, -0.3688, -0.3454,  1.0734, -1.0532,
          0.7059]], device='cuda:0', grad_fn=<AddmmBackward0>)}
0:01:51.071824 - K crop tensor([[[1.6615e+03, 0.0000e+00, 2.6542e+02],
         [0.0000e+00, 1.6615e+03, 1.0180e+01],
         [0.0000e+00, 0.0000e+00, 1.0000e+00]]], device='cuda:0')
0:01:51.072678 - TCO_input tensor([[[ 1.0000,  0.0000,  0.0000, -0.0178],
         [ 0.0000,  1.0000,  0.0000,  0.0184],
         [ 0.0000,  0.0000,  1.0000,  0.2791],
         [ 0.0000,  0.0000,  0.0000,  1.0000]]], device='cuda:0')
0:01:51.073925 - model tco output tensor([[[-0.7899,  0.4508,  0.4158, -0.0124],
         [-0.5643, -0.7997, -0.2050,  0.0128],
         [ 0.2401, -0.3966,  0.8860,  0.1970],
         [ 0.0000,  0.0000,  0.0000,  1.0000]]], device='cuda:0',
       grad_fn=<CopySlices>)
0:01:51.115471 - Wrote debug data: /home/ubuntu/synthetic_pose_estimation/cosypose/local_data/debug_data/debug_iter=1.pth.tar
0:01:51.328591 - TCO_input tensor([[[ 1.0000,  0.0000,  0.0000, -0.0178],
         [ 0.0000,  1.0000,  0.0000,  0.0184],
         [ 0.0000,  0.0000,  1.0000,  0.2791],
         [ 0.0000,  0.0000,  0.0000,  1.0000]]], device='cuda:0')
0:01:51.329731 - vxvyvz tensor([[ 1.0734, -1.0532,  0.7059]], device='cuda:0',
       grad_fn=<SliceBackward0>)
0:01:51.330771 - dR tensor([[[-0.7899,  0.4508,  0.4158],
         [-0.5643, -0.7997, -0.2050],
         [ 0.2401, -0.3966,  0.8860]]], device='cuda:0',
       grad_fn=<StackBackward0>)
0:01:51.331652 - fxfy tensor([[1661.4980, 1661.4980]], device='cuda:0')
0:01:51.334236 - TCO_gt tensor([[[-0.7893,  0.4511,  0.4165, -0.0100],
         [-0.5688, -0.7927, -0.2192,  0.0062],
         [ 0.2313, -0.4099,  0.8823,  0.1920],
         [ 0.0000,  0.0000,  0.0000,  1.0000]]], device='cuda:0')
0:01:51.335182 - TCO pred_orn tensor([[[-0.7899,  0.4508,  0.4158, -0.0100],
         [-0.5643, -0.7997, -0.2050,  0.0062],
         [ 0.2401, -0.3966,  0.8860,  0.1920],
         [ 0.0000,  0.0000,  0.0000,  1.0000]]], device='cuda:0',
       grad_fn=<CopySlices>)
0:01:51.336124 - TCO pred_xy tensor([[[-0.7893,  0.4511,  0.4165, -0.0121],
         [-0.5688, -0.7927, -0.2192,  0.0125],
         [ 0.2313, -0.4099,  0.8823,  0.1920],
         [ 0.0000,  0.0000,  0.0000,  1.0000]]], device='cuda:0',
       grad_fn=<CopySlices>)
0:01:51.337057 - TCO pred_z tensor([[[-0.7893,  0.4511,  0.4165, -0.0100],
         [-0.5688, -0.7927, -0.2192,  0.0062],
         [ 0.2313, -0.4099,  0.8823,  0.1970],
         [ 0.0000,  0.0000,  0.0000,  1.0000]]], device='cuda:0',
       grad_fn=<CopySlices>)
0:01:51.337735 - loss orn tensor([5.6046e-05], device='cuda:0', grad_fn=<MinBackward0>)
0:01:51.338365 - loss xy tensor([0.0028], device='cuda:0', grad_fn=<MinBackward0>)
0:01:51.339024 - loss z tensor([0.0017], device='cuda:0', grad_fn=<MinBackward0>)
  0%|                                       | 0/1 [00:00<?, ?it/s, loss=0.00456]100%|███████████████████████████████| 1/1 [00:00<00:00,  4.49it/s, loss=0.00456]100%|███████████████████████████████| 1/1 [00:00<00:00,  4.48it/s, loss=0.00456]
0:01:51.092824 - saving /home/ubuntu/synthetic_pose_estimation/cosypose/local_data/experiments/bracket_assembly_debug_nut_nosym_coarse_noaug--938962 197
  0%|                                                     | 0/1 [00:00<?, ?it/s]0:01:51.507914 - iteration 0
0:01:51.550947 - outputs, {'pose': tensor([[-0.9345, -0.6629,  0.2799,  0.5490, -0.3724, -0.3500,  1.0924, -1.0661,
          0.7136]], device='cuda:0', grad_fn=<AddmmBackward0>)}
0:01:51.552507 - model_outputs {'pose': tensor([[-0.9345, -0.6629,  0.2799,  0.5490, -0.3724, -0.3500,  1.0924, -1.0661,
          0.7136]], device='cuda:0', grad_fn=<AddmmBackward0>)}
0:01:51.553304 - K crop tensor([[[1.7078e+03, 0.0000e+00, 2.9938e+02],
         [0.0000e+00, 1.7078e+03, 3.9938e+01],
         [0.0000e+00, 0.0000e+00, 1.0000e+00]]], device='cuda:0')
0:01:51.554210 - TCO_input tensor([[[ 1.0000,  0.0000,  0.0000, -0.0233],
         [ 0.0000,  1.0000,  0.0000,  0.0133],
         [ 0.0000,  0.0000,  1.0000,  0.2846],
         [ 0.0000,  0.0000,  0.0000,  1.0000]]], device='cuda:0')
0:01:51.555156 - model tco output tensor([[[-0.7923,  0.4453,  0.4170, -0.0165],
         [-0.5620, -0.7987, -0.2151,  0.0093],
         [ 0.2373, -0.4048,  0.8831,  0.2031],
         [ 0.0000,  0.0000,  0.0000,  1.0000]]], device='cuda:0',
       grad_fn=<CopySlices>)
0:01:51.594908 - Wrote debug data: /home/ubuntu/synthetic_pose_estimation/cosypose/local_data/debug_data/debug_iter=1.pth.tar
0:01:51.804720 - TCO_input tensor([[[ 1.0000,  0.0000,  0.0000, -0.0233],
         [ 0.0000,  1.0000,  0.0000,  0.0133],
         [ 0.0000,  0.0000,  1.0000,  0.2846],
         [ 0.0000,  0.0000,  0.0000,  1.0000]]], device='cuda:0')
0:01:51.805693 - vxvyvz tensor([[ 1.0924, -1.0661,  0.7136]], device='cuda:0',
       grad_fn=<SliceBackward0>)
0:01:51.806699 - dR tensor([[[-0.7923,  0.4453,  0.4170],
         [-0.5620, -0.7987, -0.2151],
         [ 0.2373, -0.4048,  0.8831]]], device='cuda:0',
       grad_fn=<StackBackward0>)
0:01:51.807584 - fxfy tensor([[1707.8224, 1707.8225]], device='cuda:0')
0:01:51.810132 - TCO_gt tensor([[[-0.7893,  0.4511,  0.4165, -0.0100],
         [-0.5688, -0.7927, -0.2192,  0.0062],
         [ 0.2313, -0.4099,  0.8823,  0.1920],
         [ 0.0000,  0.0000,  0.0000,  1.0000]]], device='cuda:0')
0:01:51.811054 - TCO pred_orn tensor([[[-0.7923,  0.4453,  0.4170, -0.0100],
         [-0.5620, -0.7987, -0.2151,  0.0062],
         [ 0.2373, -0.4048,  0.8831,  0.1920],
         [ 0.0000,  0.0000,  0.0000,  1.0000]]], device='cuda:0',
       grad_fn=<CopySlices>)
0:01:51.811989 - TCO pred_xy tensor([[[-0.7893,  0.4511,  0.4165, -0.0156],
         [-0.5688, -0.7927, -0.2192,  0.0088],
         [ 0.2313, -0.4099,  0.8823,  0.1920],
         [ 0.0000,  0.0000,  0.0000,  1.0000]]], device='cuda:0',
       grad_fn=<CopySlices>)
0:01:51.812918 - TCO pred_z tensor([[[-0.7893,  0.4511,  0.4165, -0.0100],
         [-0.5688, -0.7927, -0.2192,  0.0062],
         [ 0.2313, -0.4099,  0.8823,  0.2031],
         [ 0.0000,  0.0000,  0.0000,  1.0000]]], device='cuda:0',
       grad_fn=<CopySlices>)
0:01:51.813610 - loss orn tensor([4.7293e-05], device='cuda:0', grad_fn=<MinBackward0>)
0:01:51.814247 - loss xy tensor([0.0027], device='cuda:0', grad_fn=<MinBackward0>)
0:01:51.814883 - loss z tensor([0.0037], device='cuda:0', grad_fn=<MinBackward0>)
  0%|                                        | 0/1 [00:00<?, ?it/s, loss=0.0065]100%|████████████████████████████████| 1/1 [00:00<00:00,  4.68it/s, loss=0.0065]100%|████████████████████████████████| 1/1 [00:00<00:00,  4.68it/s, loss=0.0065]
0:01:51.553108 - saving /home/ubuntu/synthetic_pose_estimation/cosypose/local_data/experiments/bracket_assembly_debug_nut_nosym_coarse_noaug--938962 198
  0%|                                                     | 0/1 [00:00<?, ?it/s]0:01:51.968257 - iteration 0
0:01:52.011517 - outputs, {'pose': tensor([[-0.9339, -0.6760,  0.2675,  0.5511, -0.3773, -0.3529,  1.0975, -1.0741,
          0.7096]], device='cuda:0', grad_fn=<AddmmBackward0>)}
0:01:52.013092 - model_outputs {'pose': tensor([[-0.9339, -0.6760,  0.2675,  0.5511, -0.3773, -0.3529,  1.0975, -1.0741,
          0.7096]], device='cuda:0', grad_fn=<AddmmBackward0>)}
0:01:52.013896 - K crop tensor([[[1.5180e+03, 0.0000e+00, 2.8990e+02],
         [0.0000e+00, 1.5180e+03, 3.4740e+01],
         [0.0000e+00, 0.0000e+00, 1.0000e+00]]], device='cuda:0')
0:01:52.015013 - TCO_input tensor([[[ 1.0000,  0.0000,  0.0000, -0.0219],
         [ 0.0000,  1.0000,  0.0000,  0.0142],
         [ 0.0000,  0.0000,  1.0000,  0.2545],
         [ 0.0000,  0.0000,  0.0000,  1.0000]]], device='cuda:0')
0:01:52.016307 - model tco output tensor([[[-0.7891,  0.4543,  0.4135, -0.0154],
         [-0.5712, -0.7903, -0.2219,  0.0100],
         [ 0.2260, -0.4113,  0.8831,  0.1806],
         [ 0.0000,  0.0000,  0.0000,  1.0000]]], device='cuda:0',
       grad_fn=<CopySlices>)
0:01:52.057264 - Wrote debug data: /home/ubuntu/synthetic_pose_estimation/cosypose/local_data/debug_data/debug_iter=1.pth.tar
0:01:52.269384 - TCO_input tensor([[[ 1.0000,  0.0000,  0.0000, -0.0219],
         [ 0.0000,  1.0000,  0.0000,  0.0142],
         [ 0.0000,  0.0000,  1.0000,  0.2545],
         [ 0.0000,  0.0000,  0.0000,  1.0000]]], device='cuda:0')
0:01:52.270318 - vxvyvz tensor([[ 1.0975, -1.0741,  0.7096]], device='cuda:0',
       grad_fn=<SliceBackward0>)
0:01:52.271303 - dR tensor([[[-0.7891,  0.4543,  0.4135],
         [-0.5712, -0.7903, -0.2219],
         [ 0.2260, -0.4113,  0.8831]]], device='cuda:0',
       grad_fn=<StackBackward0>)
0:01:52.272156 - fxfy tensor([[1517.9801, 1517.9801]], device='cuda:0')
0:01:52.274667 - TCO_gt tensor([[[-0.7893,  0.4511,  0.4165, -0.0100],
         [-0.5688, -0.7927, -0.2192,  0.0062],
         [ 0.2313, -0.4099,  0.8823,  0.1920],
         [ 0.0000,  0.0000,  0.0000,  1.0000]]], device='cuda:0')
0:01:52.275622 - TCO pred_orn tensor([[[-0.7891,  0.4543,  0.4135, -0.0100],
         [-0.5712, -0.7903, -0.2219,  0.0062],
         [ 0.2260, -0.4113,  0.8831,  0.1920],
         [ 0.0000,  0.0000,  0.0000,  1.0000]]], device='cuda:0',
       grad_fn=<CopySlices>)
0:01:52.276585 - TCO pred_xy tensor([[[-0.7893,  0.4511,  0.4165, -0.0164],
         [-0.5688, -0.7927, -0.2192,  0.0106],
         [ 0.2313, -0.4099,  0.8823,  0.1920],
         [ 0.0000,  0.0000,  0.0000,  1.0000]]], device='cuda:0',
       grad_fn=<CopySlices>)
0:01:52.277609 - TCO pred_z tensor([[[-0.7893,  0.4511,  0.4165, -0.0100],
         [-0.5688, -0.7927, -0.2192,  0.0062],
         [ 0.2313, -0.4099,  0.8823,  0.1806],
         [ 0.0000,  0.0000,  0.0000,  1.0000]]], device='cuda:0',
       grad_fn=<CopySlices>)
0:01:52.278294 - loss orn tensor([2.5458e-05], device='cuda:0', grad_fn=<MinBackward0>)
0:01:52.278964 - loss xy tensor([0.0036], device='cuda:0', grad_fn=<MinBackward0>)
0:01:52.279637 - loss z tensor([0.0038], device='cuda:0', grad_fn=<MinBackward0>)
  0%|                                        | 0/1 [00:00<?, ?it/s, loss=0.0074]100%|████████████████████████████████| 1/1 [00:00<00:00,  4.59it/s, loss=0.0074]100%|████████████████████████████████| 1/1 [00:00<00:00,  4.58it/s, loss=0.0074]
0:01:52.019250 - saving /home/ubuntu/synthetic_pose_estimation/cosypose/local_data/experiments/bracket_assembly_debug_nut_nosym_coarse_noaug--938962 199
  0%|                                                     | 0/1 [00:00<?, ?it/s]0:01:52.434485 - iteration 0
0:01:52.477611 - outputs, {'pose': tensor([[-0.9344, -0.6782,  0.2655,  0.5474, -0.3691, -0.3550,  1.1158, -1.0861,
          0.7034]], device='cuda:0', grad_fn=<AddmmBackward0>)}
0:01:52.479209 - model_outputs {'pose': tensor([[-0.9344, -0.6782,  0.2655,  0.5474, -0.3691, -0.3550,  1.1158, -1.0861,
          0.7034]], device='cuda:0', grad_fn=<AddmmBackward0>)}
0:01:52.480013 - K crop tensor([[[1.8999e+03, 0.0000e+00, 2.5335e+02],
         [0.0000e+00, 1.8999e+03, 8.4627e+01],
         [0.0000e+00, 0.0000e+00, 1.0000e+00]]], device='cuda:0')
0:01:52.480905 - TCO_input tensor([[[ 1.0000,  0.0000,  0.0000, -0.0154],
         [ 0.0000,  1.0000,  0.0000,  0.0057],
         [ 0.0000,  0.0000,  1.0000,  0.3124],
         [ 0.0000,  0.0000,  0.0000,  1.0000]]], device='cuda:0')
0:01:52.481849 - model tco output tensor([[[-0.7887,  0.4524,  0.4163, -0.0107],
         [-0.5724, -0.7873, -0.2290,  0.0039],
         [ 0.2241, -0.4189,  0.8799,  0.2197],
         [ 0.0000,  0.0000,  0.0000,  1.0000]]], device='cuda:0',
       grad_fn=<CopySlices>)
0:01:52.520093 - Wrote debug data: /home/ubuntu/synthetic_pose_estimation/cosypose/local_data/debug_data/debug_iter=1.pth.tar
0:01:52.730277 - TCO_input tensor([[[ 1.0000,  0.0000,  0.0000, -0.0154],
         [ 0.0000,  1.0000,  0.0000,  0.0057],
         [ 0.0000,  0.0000,  1.0000,  0.3124],
         [ 0.0000,  0.0000,  0.0000,  1.0000]]], device='cuda:0')
0:01:52.731326 - vxvyvz tensor([[ 1.1158, -1.0861,  0.7034]], device='cuda:0',
       grad_fn=<SliceBackward0>)
0:01:52.732358 - dR tensor([[[-0.7887,  0.4524,  0.4163],
         [-0.5724, -0.7873, -0.2290],
         [ 0.2241, -0.4189,  0.8799]]], device='cuda:0',
       grad_fn=<StackBackward0>)
0:01:52.733307 - fxfy tensor([[1899.8972, 1899.8971]], device='cuda:0')
0:01:52.735823 - TCO_gt tensor([[[-0.7893,  0.4511,  0.4165, -0.0100],
         [-0.5688, -0.7927, -0.2192,  0.0062],
         [ 0.2313, -0.4099,  0.8823,  0.1920],
         [ 0.0000,  0.0000,  0.0000,  1.0000]]], device='cuda:0')
0:01:52.736741 - TCO pred_orn tensor([[[-0.7887,  0.4524,  0.4163, -0.0100],
         [-0.5724, -0.7873, -0.2290,  0.0062],
         [ 0.2241, -0.4189,  0.8799,  0.1920],
         [ 0.0000,  0.0000,  0.0000,  1.0000]]], device='cuda:0',
       grad_fn=<CopySlices>)
0:01:52.737707 - TCO pred_xy tensor([[[-0.7893,  0.4511,  0.4165, -0.0094],
         [-0.5688, -0.7927, -0.2192,  0.0034],
         [ 0.2313, -0.4099,  0.8823,  0.1920],
         [ 0.0000,  0.0000,  0.0000,  1.0000]]], device='cuda:0',
       grad_fn=<CopySlices>)
0:01:52.738627 - TCO pred_z tensor([[[-0.7893,  0.4511,  0.4165, -0.0100],
         [-0.5688, -0.7927, -0.2192,  0.0062],
         [ 0.2313, -0.4099,  0.8823,  0.2197],
         [ 0.0000,  0.0000,  0.0000,  1.0000]]], device='cuda:0',
       grad_fn=<CopySlices>)
0:01:52.739278 - loss orn tensor([4.2582e-05], device='cuda:0', grad_fn=<MinBackward0>)
0:01:52.739913 - loss xy tensor([0.0011], device='cuda:0', grad_fn=<MinBackward0>)
0:01:52.740544 - loss z tensor([0.0093], device='cuda:0', grad_fn=<MinBackward0>)
  0%|                                        | 0/1 [00:00<?, ?it/s, loss=0.0104]100%|████████████████████████████████| 1/1 [00:00<00:00,  4.68it/s, loss=0.0104]100%|████████████████████████████████| 1/1 [00:00<00:00,  4.67it/s, loss=0.0104]
  0%|                                                     | 0/1 [00:00<?, ?it/s]0:01:52.648456 - iteration 0
0:01:52.685576 - outputs, {'pose': tensor([[-0.0173,  0.0183, -0.0205,  0.0672,  0.0142, -0.0698,  0.0579, -0.0540,
          0.0768]], device='cuda:0')}
0:01:52.687107 - model_outputs {'pose': tensor([[-0.0173,  0.0183, -0.0205,  0.0672,  0.0142, -0.0698,  0.0579, -0.0540,
          0.0768]], device='cuda:0')}
0:01:52.687892 - K crop tensor([[[1.7487e+03, 0.0000e+00, 2.5772e+02],
         [0.0000e+00, 1.7487e+03, 2.6907e+01],
         [0.0000e+00, 0.0000e+00, 1.0000e+00]]], device='cuda:0')
0:01:52.688765 - TCO_input tensor([[[ 1.0000,  0.0000,  0.0000, -0.0164],
         [ 0.0000,  1.0000,  0.0000,  0.0155],
         [ 0.0000,  0.0000,  1.0000,  0.2920],
         [ 0.0000,  0.0000,  0.0000,  1.0000]]], device='cuda:0')
0:01:52.689708 - model tco output tensor([[[-0.5327,  0.7860, -0.3137, -0.0013],
         [ 0.5627,  0.0522, -0.8250,  0.0012],
         [-0.6321, -0.6160, -0.4701,  0.0224],
         [ 0.0000,  0.0000,  0.0000,  1.0000]]], device='cuda:0')
0:01:52.729270 - Wrote debug data: /home/ubuntu/synthetic_pose_estimation/cosypose/local_data/debug_data/debug_iter=1.pth.tar
0:01:52.941323 - TCO_input tensor([[[ 1.0000,  0.0000,  0.0000, -0.0164],
         [ 0.0000,  1.0000,  0.0000,  0.0155],
         [ 0.0000,  0.0000,  1.0000,  0.2920],
         [ 0.0000,  0.0000,  0.0000,  1.0000]]], device='cuda:0')
0:01:52.942374 - vxvyvz tensor([[ 0.0579, -0.0540,  0.0768]], device='cuda:0')
0:01:52.943411 - dR tensor([[[-0.5327,  0.7860, -0.3137],
         [ 0.5627,  0.0522, -0.8250],
         [-0.6321, -0.6160, -0.4701]]], device='cuda:0')
0:01:52.944315 - fxfy tensor([[1748.7253, 1748.7258]], device='cuda:0')
0:01:52.946690 - TCO_gt tensor([[[-0.7893,  0.4511,  0.4165, -0.0100],
         [-0.5688, -0.7927, -0.2192,  0.0062],
         [ 0.2313, -0.4099,  0.8823,  0.1920],
         [ 0.0000,  0.0000,  0.0000,  1.0000]]], device='cuda:0')
0:01:52.947639 - TCO pred_orn tensor([[[-0.5327,  0.7860, -0.3137, -0.0100],
         [ 0.5627,  0.0522, -0.8250,  0.0062],
         [-0.6321, -0.6160, -0.4701,  0.1920],
         [ 0.0000,  0.0000,  0.0000,  1.0000]]], device='cuda:0')
0:01:52.948546 - TCO pred_xy tensor([[[-0.7893,  0.4511,  0.4165, -0.0108],
         [-0.5688, -0.7927, -0.2192,  0.0102],
         [ 0.2313, -0.4099,  0.8823,  0.1920],
         [ 0.0000,  0.0000,  0.0000,  1.0000]]], device='cuda:0')
0:01:52.949494 - TCO pred_z tensor([[[-0.7893,  0.4511,  0.4165, -0.0100],
         [-0.5688, -0.7927, -0.2192,  0.0062],
         [ 0.2313, -0.4099,  0.8823,  0.0224],
         [ 0.0000,  0.0000,  0.0000,  1.0000]]], device='cuda:0')
0:01:52.950139 - loss orn tensor([0.0065], device='cuda:0')
0:01:52.950776 - loss xy tensor([0.0016], device='cuda:0')
0:01:52.951411 - loss z tensor([0.0565], device='cuda:0')
100%|█████████████████████████████████████████████| 1/1 [00:00<00:00,  8.18it/s]100%|█████████████████████████████████████████████| 1/1 [00:00<00:00,  8.15it/s]
0:01:52.610092 - saving /home/ubuntu/synthetic_pose_estimation/cosypose/local_data/experiments/bracket_assembly_debug_nut_nosym_coarse_noaug--938962 200
  0%|                                                     | 0/1 [00:00<?, ?it/s]0:01:53.021855 - iteration 0
0:01:53.065175 - outputs, {'pose': tensor([[-0.9277, -0.6708,  0.2755,  0.5435, -0.3658, -0.3553,  1.1335, -1.1010,
          0.7030]], device='cuda:0', grad_fn=<AddmmBackward0>)}
0:01:53.066815 - model_outputs {'pose': tensor([[-0.9277, -0.6708,  0.2755,  0.5435, -0.3658, -0.3553,  1.1335, -1.1010,
          0.7030]], device='cuda:0', grad_fn=<AddmmBackward0>)}
0:01:53.067608 - K crop tensor([[[1.6920e+03, 0.0000e+00, 2.5510e+02],
         [0.0000e+00, 1.6920e+03, 7.5223e+01],
         [0.0000e+00, 0.0000e+00, 1.0000e+00]]], device='cuda:0')
0:01:53.068467 - TCO_input tensor([[[ 1.0000,  0.0000,  0.0000, -0.0158],
         [ 0.0000,  1.0000,  0.0000,  0.0073],
         [ 0.0000,  0.0000,  1.0000,  0.2797],
         [ 0.0000,  0.0000,  0.0000,  1.0000]]], device='cuda:0')
0:01:53.069393 - model tco output tensor([[[-0.7878,  0.4476,  0.4230, -0.0110],
         [-0.5697, -0.7906, -0.2243,  0.0050],
         [ 0.2340, -0.4177,  0.8779,  0.1966],
         [ 0.0000,  0.0000,  0.0000,  1.0000]]], device='cuda:0',
       grad_fn=<CopySlices>)
0:01:53.107283 - Wrote debug data: /home/ubuntu/synthetic_pose_estimation/cosypose/local_data/debug_data/debug_iter=1.pth.tar
0:01:53.317128 - TCO_input tensor([[[ 1.0000,  0.0000,  0.0000, -0.0158],
         [ 0.0000,  1.0000,  0.0000,  0.0073],
         [ 0.0000,  0.0000,  1.0000,  0.2797],
         [ 0.0000,  0.0000,  0.0000,  1.0000]]], device='cuda:0')
0:01:53.318222 - vxvyvz tensor([[ 1.1335, -1.1010,  0.7030]], device='cuda:0',
       grad_fn=<SliceBackward0>)
0:01:53.319257 - dR tensor([[[-0.7878,  0.4476,  0.4230],
         [-0.5697, -0.7906, -0.2243],
         [ 0.2340, -0.4177,  0.8779]]], device='cuda:0',
       grad_fn=<StackBackward0>)
0:01:53.320152 - fxfy tensor([[1691.9984, 1691.9983]], device='cuda:0')
0:01:53.322676 - TCO_gt tensor([[[-0.7893,  0.4511,  0.4165, -0.0100],
         [-0.5688, -0.7927, -0.2192,  0.0062],
         [ 0.2313, -0.4099,  0.8823,  0.1920],
         [ 0.0000,  0.0000,  0.0000,  1.0000]]], device='cuda:0')
0:01:53.323588 - TCO pred_orn tensor([[[-0.7878,  0.4476,  0.4230, -0.0100],
         [-0.5697, -0.7906, -0.2243,  0.0062],
         [ 0.2340, -0.4177,  0.8779,  0.1920],
         [ 0.0000,  0.0000,  0.0000,  1.0000]]], device='cuda:0',
       grad_fn=<CopySlices>)
0:01:53.324481 - TCO pred_xy tensor([[[-0.7893,  0.4511,  0.4165, -0.0107],
         [-0.5688, -0.7927, -0.2192,  0.0049],
         [ 0.2313, -0.4099,  0.8823,  0.1920],
         [ 0.0000,  0.0000,  0.0000,  1.0000]]], device='cuda:0',
       grad_fn=<CopySlices>)
0:01:53.325397 - TCO pred_z tensor([[[-0.7893,  0.4511,  0.4165, -0.0100],
         [-0.5688, -0.7927, -0.2192,  0.0062],
         [ 0.2313, -0.4099,  0.8823,  0.1966],
         [ 0.0000,  0.0000,  0.0000,  1.0000]]], device='cuda:0',
       grad_fn=<CopySlices>)
0:01:53.326005 - loss orn tensor([3.5641e-05], device='cuda:0', grad_fn=<MinBackward0>)
0:01:53.326597 - loss xy tensor([0.0007], device='cuda:0', grad_fn=<MinBackward0>)
0:01:53.327186 - loss z tensor([0.0016], device='cuda:0', grad_fn=<MinBackward0>)
  0%|                                       | 0/1 [00:00<?, ?it/s, loss=0.00226]100%|███████████████████████████████| 1/1 [00:00<00:00,  4.72it/s, loss=0.00226]100%|███████████████████████████████| 1/1 [00:00<00:00,  4.70it/s, loss=0.00226] loss_TCO-iter=1 0.0041793109849095345
train loss_TCO 0.0041793109849095345
train loss_total 0.0041793109849095345
train grad_norm 1.0809032917022705
train loss_TCO-iter=1 0.013023320585489273
train loss_TCO 0.013023320585489273
train loss_total 0.013023320585489273
train grad_norm 0.9292087554931641
train loss_TCO-iter=1 0.006074154283851385
train loss_TCO 0.006074154283851385
train loss_total 0.006074154283851385
train grad_norm 1.0221055746078491
train loss_TCO-iter=1 0.007957560941576958
train loss_TCO 0.007957560941576958
train loss_total 0.007957560941576958
train grad_norm 0.9726802110671997
train loss_TCO-iter=1 0.001532724592834711
train loss_TCO 0.001532724592834711
train loss_total 0.001532724592834711
train grad_norm 0.9943759441375732
train loss_TCO-iter=1 0.012069201096892357
train loss_TCO 0.012069201096892357
train loss_total 0.012069201096892357
train grad_norm 0.8949247002601624
train loss_TCO-iter=1 0.016495248302817345
train loss_TCO 0.016495248302817345
train loss_total 0.016495248302817345
train grad_norm 0.8424132466316223
train loss_TCO-iter=1 0.002300298772752285
train loss_TCO 0.002300298772752285
train loss_total 0.002300298772752285
train grad_norm 1.0135658979415894
train loss_TCO-iter=1 0.004883938934653997
train loss_TCO 0.004883938934653997
train loss_total 0.004883938934653997
train grad_norm 0.9404898881912231
train loss_TCO-iter=1 0.0076575567945837975
train loss_TCO 0.0076575567945837975
train loss_total 0.0076575567945837975
train grad_norm 0.9254891276359558
val loss_TCO-iter=1 0.06792061775922775
val loss_TCO 0.06792061775922775
val loss_total 0.06792061775922775
train loss_TCO-iter=1 0.0014644254697486758
train loss_TCO 0.0014644254697486758
train loss_total 0.0014644254697486758
train grad_norm 0.9786015152931213
train loss_TCO-iter=1 0.006655329838395119
train loss_TCO 0.006655329838395119
train loss_total 0.006655329838395119
train grad_norm 1.0250355005264282
train loss_TCO-iter=1 0.00666109099984169
train loss_TCO 0.00666109099984169
train loss_total 0.00666109099984169
train grad_norm 1.0067442655563354
train loss_TCO-iter=1 0.0033995406702160835
train loss_TCO 0.0033995406702160835
train loss_total 0.0033995406702160835
train grad_norm 0.9676830768585205
train loss_TCO-iter=1 0.009173772297799587
train loss_TCO 0.009173772297799587
train loss_total 0.009173772297799587
train grad_norm 0.8388303518295288
train loss_TCO-iter=1 0.004012923687696457
train loss_TCO 0.004012923687696457
train loss_total 0.004012923687696457
train grad_norm 0.9096677899360657
train loss_TCO-iter=1 0.010183692909777164
train loss_TCO 0.010183692909777164
train loss_total 0.010183692909777164
train grad_norm 1.0956096649169922
train loss_TCO-iter=1 0.00586332380771637
train loss_TCO 0.00586332380771637
train loss_total 0.00586332380771637
train grad_norm 1.0177980661392212
train loss_TCO-iter=1 0.009369872510433197
train loss_TCO 0.009369872510433197
train loss_total 0.009369872510433197
train grad_norm 1.0880582332611084
train loss_TCO-iter=1 0.009914613328874111
train loss_TCO 0.009914613328874111
train loss_total 0.009914613328874111
train grad_norm 1.096548318862915
val loss_TCO-iter=1 0.06968016922473907
val loss_TCO 0.06968016922473907
val loss_total 0.06968016922473907
train loss_TCO-iter=1 0.0007856149459257722
train loss_TCO 0.0007856149459257722
train loss_total 0.0007856149459257722
train grad_norm 0.9441542625427246
train loss_TCO-iter=1 0.001879215589724481
train loss_TCO 0.001879215589724481
train loss_total 0.001879215589724481
train grad_norm 1.0244903564453125
train loss_TCO-iter=1 0.013002419844269753
train loss_TCO 0.013002419844269753
train loss_total 0.013002419844269753
train grad_norm 0.892485499382019
train loss_TCO-iter=1 0.007832858711481094
train loss_TCO 0.007832858711481094
train loss_total 0.007832858711481094
train grad_norm 1.1087826490402222
train loss_TCO-iter=1 0.01171271875500679
train loss_TCO 0.01171271875500679
train loss_total 0.01171271875500679
train grad_norm 0.8525233864784241
train loss_TCO-iter=1 0.005059113726019859
train loss_TCO 0.005059113726019859
train loss_total 0.005059113726019859
train grad_norm 1.0796730518341064
train loss_TCO-iter=1 0.008076285943388939
train loss_TCO 0.008076285943388939
train loss_total 0.008076285943388939
train grad_norm 1.1737995147705078
train loss_TCO-iter=1 0.011365890502929688
train loss_TCO 0.011365890502929688
train loss_total 0.011365890502929688
train grad_norm 0.9104212522506714
train loss_TCO-iter=1 0.003299446078017354
train loss_TCO 0.003299446078017354
train loss_total 0.003299446078017354
train grad_norm 1.1651724576950073
train loss_TCO-iter=1 0.002954389899969101
train loss_TCO 0.002954389899969101
train loss_total 0.002954389899969101
train grad_norm 1.1242390871047974
val loss_TCO-iter=1 0.0666019394993782
val loss_TCO 0.0666019394993782
val loss_total 0.0666019394993782
train loss_TCO-iter=1 0.0123068792745471
train loss_TCO 0.0123068792745471
train loss_total 0.0123068792745471
train grad_norm 0.9192183613777161
train loss_TCO-iter=1 0.014820524491369724
train loss_TCO 0.014820524491369724
train loss_total 0.014820524491369724
train grad_norm 0.8579828143119812
train loss_TCO-iter=1 0.003759192768484354
train loss_TCO 0.003759192768484354
train loss_total 0.003759192768484354
train grad_norm 1.1309667825698853
train loss_TCO-iter=1 0.008950907737016678
train loss_TCO 0.008950907737016678
train loss_total 0.008950907737016678
train grad_norm 0.9561032652854919
train loss_TCO-iter=1 0.016713885590434074
train loss_TCO 0.016713885590434074
train loss_total 0.016713885590434074
train grad_norm 0.8423641920089722
train loss_TCO-iter=1 0.011392182670533657
train loss_TCO 0.011392182670533657
train loss_total 0.011392182670533657
train grad_norm 0.9415000081062317
train loss_TCO-iter=1 0.00245038908906281
train loss_TCO 0.00245038908906281
train loss_total 0.00245038908906281
train grad_norm 1.0578876733779907
train loss_TCO-iter=1 0.006879601627588272
train loss_TCO 0.006879601627588272
train loss_total 0.006879601627588272
train grad_norm 0.957208514213562
train loss_TCO-iter=1 0.015840042382478714
train loss_TCO 0.015840042382478714
train loss_total 0.015840042382478714
train grad_norm 0.8630608916282654
train loss_TCO-iter=1 0.014513067901134491
train loss_TCO 0.014513067901134491
train loss_total 0.014513067901134491
train grad_norm 0.850429892539978
val loss_TCO-iter=1 0.06472988426685333
val loss_TCO 0.06472988426685333
val loss_total 0.06472988426685333
train loss_TCO-iter=1 0.001876037335023284
train loss_TCO 0.001876037335023284
train loss_total 0.001876037335023284
train grad_norm 0.9348037242889404
train loss_TCO-iter=1 0.006457522977143526
train loss_TCO 0.006457522977143526
train loss_total 0.006457522977143526
train grad_norm 1.0572479963302612
train loss_TCO-iter=1 0.002156732138246298
train loss_TCO 0.002156732138246298
train loss_total 0.002156732138246298
train grad_norm 0.9606989026069641
train loss_TCO-iter=1 0.0034299127291888
train loss_TCO 0.0034299127291888
train loss_total 0.0034299127291888
train grad_norm 0.9005331993103027
train loss_TCO-iter=1 0.0065783048048615456
train loss_TCO 0.0065783048048615456
train loss_total 0.0065783048048615456
train grad_norm 1.0273473262786865
train loss_TCO-iter=1 0.014971425756812096
train loss_TCO 0.014971425756812096
train loss_total 0.014971425756812096
train grad_norm 1.05663001537323
train loss_TCO-iter=1 0.004560061264783144
train loss_TCO 0.004560061264783144
train loss_total 0.004560061264783144
train grad_norm 0.8831817507743835
train loss_TCO-iter=1 0.006499078124761581
train loss_TCO 0.006499078124761581
train loss_total 0.006499078124761581
train grad_norm 0.9552510380744934
train loss_TCO-iter=1 0.007400505244731903
train loss_TCO 0.007400505244731903
train loss_total 0.007400505244731903
train grad_norm 0.8448710441589355
train loss_TCO-iter=1 0.01043546013534069
train loss_TCO 0.01043546013534069
train loss_total 0.01043546013534069
train grad_norm 1.0582612752914429
val loss_TCO-iter=1 0.06459087133407593
val loss_TCO 0.06459087133407593
val loss_total 0.06459087133407593
train loss_TCO-iter=1 0.0022582155652344227
train loss_TCO 0.0022582155652344227
0:01:53.085861 - saving /home/ubuntu/synthetic_pose_estimation/cosypose/local_data/experiments/bracket_assembly_debug_nut_nosym_coarse_noaug--938962 201
  0%|                                                     | 0/1 [00:00<?, ?it/s]0:01:53.501296 - iteration 0
0:01:53.544835 - outputs, {'pose': tensor([[-0.9277, -0.6702,  0.2763,  0.5548, -0.3760, -0.3497,  1.1568, -1.1060,
          0.7038]], device='cuda:0', grad_fn=<AddmmBackward0>)}
0:01:53.546487 - model_outputs {'pose': tensor([[-0.9277, -0.6702,  0.2763,  0.5548, -0.3760, -0.3497,  1.1568, -1.1060,
          0.7038]], device='cuda:0', grad_fn=<AddmmBackward0>)}
0:01:53.547264 - K crop tensor([[[1.6579e+03, 0.0000e+00, 2.6758e+02],
         [0.0000e+00, 1.6579e+03, 4.1857e+01],
         [0.0000e+00, 0.0000e+00, 1.0000e+00]]], device='cuda:0')
0:01:53.548116 - TCO_input tensor([[[ 1.0000,  0.0000,  0.0000, -0.0180],
         [ 0.0000,  1.0000,  0.0000,  0.0129],
         [ 0.0000,  0.0000,  1.0000,  0.2765],
         [ 0.0000,  0.0000,  0.0000,  1.0000]]], device='cuda:0')
0:01:53.549005 - model tco output tensor([[[-0.7879,  0.4545,  0.4155, -0.0125],
         [-0.5693, -0.7948, -0.2102,  0.0090],
         [ 0.2347, -0.4021,  0.8850,  0.1946],
         [ 0.0000,  0.0000,  0.0000,  1.0000]]], device='cuda:0',
       grad_fn=<CopySlices>)
0:01:53.588783 - Wrote debug data: /home/ubuntu/synthetic_pose_estimation/cosypose/local_data/debug_data/debug_iter=1.pth.tar
0:01:53.800447 - TCO_input tensor([[[ 1.0000,  0.0000,  0.0000, -0.0180],
         [ 0.0000,  1.0000,  0.0000,  0.0129],
         [ 0.0000,  0.0000,  1.0000,  0.2765],
         [ 0.0000,  0.0000,  0.0000,  1.0000]]], device='cuda:0')
0:01:53.801560 - vxvyvz tensor([[ 1.1568, -1.1060,  0.7038]], device='cuda:0',
       grad_fn=<SliceBackward0>)
0:01:53.802581 - dR tensor([[[-0.7879,  0.4545,  0.4155],
         [-0.5693, -0.7948, -0.2102],
         [ 0.2347, -0.4021,  0.8850]]], device='cuda:0',
       grad_fn=<StackBackward0>)
0:01:53.803483 - fxfy tensor([[1657.9498, 1657.9498]], device='cuda:0')
0:01:53.806043 - TCO_gt tensor([[[-0.7893,  0.4511,  0.4165, -0.0100],
         [-0.5688, -0.7927, -0.2192,  0.0062],
         [ 0.2313, -0.4099,  0.8823,  0.1920],
         [ 0.0000,  0.0000,  0.0000,  1.0000]]], device='cuda:0')
0:01:53.806968 - TCO pred_orn tensor([[[-0.7879,  0.4545,  0.4155, -0.0100],
         [-0.5693, -0.7948, -0.2102,  0.0062],
         [ 0.2347, -0.4021,  0.8850,  0.1920],
         [ 0.0000,  0.0000,  0.0000,  1.0000]]], device='cuda:0',
       grad_fn=<CopySlices>)
0:01:53.807881 - TCO pred_xy tensor([[[-0.7893,  0.4511,  0.4165, -0.0124],
         [-0.5688, -0.7927, -0.2192,  0.0089],
         [ 0.2313, -0.4099,  0.8823,  0.1920],
         [ 0.0000,  0.0000,  0.0000,  1.0000]]], device='cuda:0',
       grad_fn=<CopySlices>)
0:01:53.808806 - TCO pred_z tensor([[[-0.7893,  0.4511,  0.4165, -0.0100],
         [-0.5688, -0.7927, -0.2192,  0.0062],
         [ 0.2313, -0.4099,  0.8823,  0.1946],
         [ 0.0000,  0.0000,  0.0000,  1.0000]]], device='cuda:0',
       grad_fn=<CopySlices>)
0:01:53.809472 - loss orn tensor([3.7358e-05], device='cuda:0', grad_fn=<MinBackward0>)
0:01:53.810091 - loss xy tensor([0.0017], device='cuda:0', grad_fn=<MinBackward0>)
0:01:53.810707 - loss z tensor([0.0009], device='cuda:0', grad_fn=<MinBackward0>)
  0%|                                       | 0/1 [00:00<?, ?it/s, loss=0.00259]100%|███████████████████████████████| 1/1 [00:00<00:00,  4.59it/s, loss=0.00259]100%|███████████████████████████████| 1/1 [00:00<00:00,  4.58it/s, loss=0.00259]
0:01:53.558833 - saving /home/ubuntu/synthetic_pose_estimation/cosypose/local_data/experiments/bracket_assembly_debug_nut_nosym_coarse_noaug--938962 202
  0%|                                                     | 0/1 [00:00<?, ?it/s]0:01:53.975474 - iteration 0
0:01:54.020827 - outputs, {'pose': tensor([[-0.9236, -0.6724,  0.2749,  0.5501, -0.3788, -0.3524,  1.1670, -1.1078,
          0.6944]], device='cuda:0', grad_fn=<AddmmBackward0>)}
0:01:54.022505 - model_outputs {'pose': tensor([[-0.9236, -0.6724,  0.2749,  0.5501, -0.3788, -0.3524,  1.1670, -1.1078,
          0.6944]], device='cuda:0', grad_fn=<AddmmBackward0>)}
0:01:54.023942 - K crop tensor([[[1.9087e+03, 0.0000e+00, 2.5205e+02],
         [0.0000e+00, 1.9087e+03, 6.4086e+01],
         [0.0000e+00, 0.0000e+00, 1.0000e+00]]], device='cuda:0')
0:01:54.024924 - TCO_input tensor([[[ 1.0000,  0.0000,  0.0000, -0.0153],
         [ 0.0000,  1.0000,  0.0000,  0.0092],
         [ 0.0000,  0.0000,  1.0000,  0.3152],
         [ 0.0000,  0.0000,  0.0000,  1.0000]]], device='cuda:0')
0:01:54.025948 - model tco output tensor([[[-0.7860,  0.4551,  0.4183, -0.0105],
         [-0.5722, -0.7918, -0.2137,  0.0062],
         [ 0.2339, -0.4074,  0.8828,  0.2189],
         [ 0.0000,  0.0000,  0.0000,  1.0000]]], device='cuda:0',
       grad_fn=<CopySlices>)
0:01:54.065375 - Wrote debug data: /home/ubuntu/synthetic_pose_estimation/cosypose/local_data/debug_data/debug_iter=1.pth.tar
0:01:54.274999 - TCO_input tensor([[[ 1.0000,  0.0000,  0.0000, -0.0153],
         [ 0.0000,  1.0000,  0.0000,  0.0092],
         [ 0.0000,  0.0000,  1.0000,  0.3152],
         [ 0.0000,  0.0000,  0.0000,  1.0000]]], device='cuda:0')
0:01:54.276267 - vxvyvz tensor([[ 1.1670, -1.1078,  0.6944]], device='cuda:0',
       grad_fn=<SliceBackward0>)
0:01:54.277531 - dR tensor([[[-0.7860,  0.4551,  0.4183],
         [-0.5722, -0.7918, -0.2137],
         [ 0.2339, -0.4074,  0.8828]]], device='cuda:0',
       grad_fn=<StackBackward0>)
0:01:54.278443 - fxfy tensor([[1908.6891, 1908.6891]], device='cuda:0')
0:01:54.280943 - TCO_gt tensor([[[-0.7893,  0.4511,  0.4165, -0.0100],
         [-0.5688, -0.7927, -0.2192,  0.0062],
         [ 0.2313, -0.4099,  0.8823,  0.1920],
         [ 0.0000,  0.0000,  0.0000,  1.0000]]], device='cuda:0')
0:01:54.281913 - TCO pred_orn tensor([[[-0.7860,  0.4551,  0.4183, -0.0100],
         [-0.5722, -0.7918, -0.2137,  0.0062],
         [ 0.2339, -0.4074,  0.8828,  0.1920],
         [ 0.0000,  0.0000,  0.0000,  1.0000]]], device='cuda:0',
       grad_fn=<CopySlices>)
0:01:54.282838 - TCO pred_xy tensor([[[-0.7893,  0.4511,  0.4165, -0.0092],
         [-0.5688, -0.7927, -0.2192,  0.0055],
         [ 0.2313, -0.4099,  0.8823,  0.1920],
         [ 0.0000,  0.0000,  0.0000,  1.0000]]], device='cuda:0',
       grad_fn=<CopySlices>)
0:01:54.283763 - TCO pred_z tensor([[[-0.7893,  0.4511,  0.4165, -0.0100],
         [-0.5688, -0.7927, -0.2192,  0.0062],
         [ 0.2313, -0.4099,  0.8823,  0.2189],
         [ 0.0000,  0.0000,  0.0000,  1.0000]]], device='cuda:0',
       grad_fn=<CopySlices>)
0:01:54.284394 - loss orn tensor([2.7179e-05], device='cuda:0', grad_fn=<MinBackward0>)
0:01:54.285022 - loss xy tensor([0.0005], device='cuda:0', grad_fn=<MinBackward0>)
0:01:54.285660 - loss z tensor([0.0090], device='cuda:0', grad_fn=<MinBackward0>)
  0%|                                        | 0/1 [00:00<?, ?it/s, loss=0.0095]100%|████████████████████████████████| 1/1 [00:00<00:00,  4.56it/s, loss=0.0095]100%|████████████████████████████████| 1/1 [00:00<00:00,  4.55it/s, loss=0.0095]
0:01:54.048081 - saving /home/ubuntu/synthetic_pose_estimation/cosypose/local_data/experiments/bracket_assembly_debug_nut_nosym_coarse_noaug--938962 203
  0%|                                                     | 0/1 [00:00<?, ?it/s]0:01:54.465399 - iteration 0
0:01:54.510394 - outputs, {'pose': tensor([[-0.9236, -0.6558,  0.2662,  0.5454, -0.3732, -0.3572,  1.1856, -1.1149,
          0.6785]], device='cuda:0', grad_fn=<AddmmBackward0>)}
0:01:54.512842 - model_outputs {'pose': tensor([[-0.9236, -0.6558,  0.2662,  0.5454, -0.3732, -0.3572,  1.1856, -1.1149,
          0.6785]], device='cuda:0', grad_fn=<AddmmBackward0>)}
0:01:54.513743 - K crop tensor([[[1.8409e+03, 0.0000e+00, 2.6940e+02],
         [0.0000e+00, 1.8409e+03, 3.2501e+01],
         [0.0000e+00, 0.0000e+00, 1.0000e+00]]], device='cuda:0')
0:01:54.514665 - TCO_input tensor([[[ 1.0000,  0.0000,  0.0000, -0.0183],
         [ 0.0000,  1.0000,  0.0000,  0.0145],
         [ 0.0000,  0.0000,  1.0000,  0.3064],
         [ 0.0000,  0.0000,  0.0000,  1.0000]]], device='cuda:0')
0:01:54.515616 - model tco output tensor([[[-0.7937,  0.4425,  0.4174, -0.0123],
         [-0.5636, -0.7931, -0.2311,  0.0097],
         [ 0.2288, -0.4186,  0.8789,  0.2079],
         [ 0.0000,  0.0000,  0.0000,  1.0000]]], device='cuda:0',
       grad_fn=<CopySlices>)
0:01:54.553858 - Wrote debug data: /home/ubuntu/synthetic_pose_estimation/cosypose/local_data/debug_data/debug_iter=1.pth.tar
0:01:54.764926 - TCO_input tensor([[[ 1.0000,  0.0000,  0.0000, -0.0183],
         [ 0.0000,  1.0000,  0.0000,  0.0145],
         [ 0.0000,  0.0000,  1.0000,  0.3064],
         [ 0.0000,  0.0000,  0.0000,  1.0000]]], device='cuda:0')
0:01:54.766023 - vxvyvz tensor([[ 1.1856, -1.1149,  0.6785]], device='cuda:0',
       grad_fn=<SliceBackward0>)
0:01:54.767079 - dR tensor([[[-0.7937,  0.4425,  0.4174],
         [-0.5636, -0.7931, -0.2311],
         [ 0.2288, -0.4186,  0.8789]]], device='cuda:0',
       grad_fn=<StackBackward0>)
0:01:54.768008 - fxfy tensor([[1840.9009, 1840.9014]], device='cuda:0')
0:01:54.770594 - TCO_gt tensor([[[-0.7893,  0.4511,  0.4165, -0.0100],
         [-0.5688, -0.7927, -0.2192,  0.0062],
         [ 0.2313, -0.4099,  0.8823,  0.1920],
         [ 0.0000,  0.0000,  0.0000,  1.0000]]], device='cuda:0')
0:01:54.771584 - TCO pred_orn tensor([[[-0.7937,  0.4425,  0.4174, -0.0100],
         [-0.5636, -0.7931, -0.2311,  0.0062],
         [ 0.2288, -0.4186,  0.8789,  0.1920],
         [ 0.0000,  0.0000,  0.0000,  1.0000]]], device='cuda:0',
       grad_fn=<CopySlices>)
0:01:54.772540 - TCO pred_xy tensor([[[-0.7893,  0.4511,  0.4165, -0.0113],
         [-0.5688, -0.7927, -0.2192,  0.0090],
         [ 0.2313, -0.4099,  0.8823,  0.1920],
         [ 0.0000,  0.0000,  0.0000,  1.0000]]], device='cuda:0',
       grad_fn=<CopySlices>)
0:01:54.773540 - TCO pred_z tensor([[[-0.7893,  0.4511,  0.4165, -0.0100],
         [-0.5688, -0.7927, -0.2192,  0.0062],
         [ 0.2313, -0.4099,  0.8823,  0.2079],
         [ 0.0000,  0.0000,  0.0000,  1.0000]]], device='cuda:0',
       grad_fn=<CopySlices>)
0:01:54.774237 - loss orn tensor([5.5360e-05], device='cuda:0', grad_fn=<MinBackward0>)
0:01:54.774916 - loss xy tensor([0.0014], device='cuda:0', grad_fn=<MinBackward0>)
0:01:54.775611 - loss z tensor([0.0053], device='cuda:0', grad_fn=<MinBackward0>)
  0%|                                       | 0/1 [00:00<?, ?it/s, loss=0.00673]100%|███████████████████████████████| 1/1 [00:00<00:00,  4.48it/s, loss=0.00673]100%|███████████████████████████████| 1/1 [00:00<00:00,  4.47it/s, loss=0.00673]
0:01:54.544675 - saving /home/ubuntu/synthetic_pose_estimation/cosypose/local_data/experiments/bracket_assembly_debug_nut_nosym_coarse_noaug--938962 204
  0%|                                                     | 0/1 [00:00<?, ?it/s]0:01:54.959901 - iteration 0
0:01:55.004305 - outputs, {'pose': tensor([[-0.9350, -0.6630,  0.2726,  0.5472, -0.3706, -0.3550,  1.1950, -1.1249,
          0.6719]], device='cuda:0', grad_fn=<AddmmBackward0>)}
0:01:55.006074 - model_outputs {'pose': tensor([[-0.9350, -0.6630,  0.2726,  0.5472, -0.3706, -0.3550,  1.1950, -1.1249,
          0.6719]], device='cuda:0', grad_fn=<AddmmBackward0>)}
0:01:55.006932 - K crop tensor([[[1.8146e+03, 0.0000e+00, 2.8153e+02],
         [0.0000e+00, 1.8146e+03, 2.6194e+01],
         [0.0000e+00, 0.0000e+00, 1.0000e+00]]], device='cuda:0')
0:01:55.007844 - TCO_input tensor([[[ 1.0000,  0.0000,  0.0000, -0.0203],
         [ 0.0000,  1.0000,  0.0000,  0.0156],
         [ 0.0000,  0.0000,  1.0000,  0.3026],
         [ 0.0000,  0.0000,  0.0000,  1.0000]]], device='cuda:0')
0:01:55.009374 - model tco output tensor([[[-0.7936,  0.4428,  0.4173, -0.0135],
         [-0.5627, -0.7949, -0.2267,  0.0103],
         [ 0.2314, -0.4148,  0.8800,  0.2033],
         [ 0.0000,  0.0000,  0.0000,  1.0000]]], device='cuda:0',
       grad_fn=<CopySlices>)
0:01:55.048697 - Wrote debug data: /home/ubuntu/synthetic_pose_estimation/cosypose/local_data/debug_data/debug_iter=1.pth.tar
0:01:55.258457 - TCO_input tensor([[[ 1.0000,  0.0000,  0.0000, -0.0203],
         [ 0.0000,  1.0000,  0.0000,  0.0156],
         [ 0.0000,  0.0000,  1.0000,  0.3026],
         [ 0.0000,  0.0000,  0.0000,  1.0000]]], device='cuda:0')
0:01:55.259456 - vxvyvz tensor([[ 1.1950, -1.1249,  0.6719]], device='cuda:0',
       grad_fn=<SliceBackward0>)
0:01:55.260484 - dR tensor([[[-0.7936,  0.4428,  0.4173],
         [-0.5627, -0.7949, -0.2267],
         [ 0.2314, -0.4148,  0.8800]]], device='cuda:0',
       grad_fn=<StackBackward0>)
0:01:55.261469 - fxfy tensor([[1814.5969, 1814.5970]], device='cuda:0')
0:01:55.263960 - TCO_gt tensor([[[-0.7893,  0.4511,  0.4165, -0.0100],
         [-0.5688, -0.7927, -0.2192,  0.0062],
         [ 0.2313, -0.4099,  0.8823,  0.1920],
         [ 0.0000,  0.0000,  0.0000,  1.0000]]], device='cuda:0')
0:01:55.264930 - TCO pred_orn tensor([[[-0.7936,  0.4428,  0.4173, -0.0100],
         [-0.5627, -0.7949, -0.2267,  0.0062],
         [ 0.2314, -0.4148,  0.8800,  0.1920],
         [ 0.0000,  0.0000,  0.0000,  1.0000]]], device='cuda:0',
       grad_fn=<CopySlices>)
0:01:55.265919 - TCO pred_xy tensor([[[-0.7893,  0.4511,  0.4165, -0.0128],
         [-0.5688, -0.7927, -0.2192,  0.0098],
         [ 0.2313, -0.4099,  0.8823,  0.1920],
         [ 0.0000,  0.0000,  0.0000,  1.0000]]], device='cuda:0',
       grad_fn=<CopySlices>)
0:01:55.266870 - TCO pred_z tensor([[[-0.7893,  0.4511,  0.4165, -0.0100],
         [-0.5688, -0.7927, -0.2192,  0.0062],
         [ 0.2313, -0.4099,  0.8823,  0.2033],
         [ 0.0000,  0.0000,  0.0000,  1.0000]]], device='cuda:0',
       grad_fn=<CopySlices>)
0:01:55.267559 - loss orn tensor([4.3648e-05], device='cuda:0', grad_fn=<MinBackward0>)
0:01:55.268188 - loss xy tensor([0.0021], device='cuda:0', grad_fn=<MinBackward0>)
0:01:55.271039 - loss z tensor([0.0038], device='cuda:0', grad_fn=<MinBackward0>)
  0%|                                       | 0/1 [00:00<?, ?it/s, loss=0.00595]100%|███████████████████████████████| 1/1 [00:00<00:00,  4.57it/s, loss=0.00595]100%|███████████████████████████████| 1/1 [00:00<00:00,  4.56it/s, loss=0.00595]
0:01:55.028129 - saving /home/ubuntu/synthetic_pose_estimation/cosypose/local_data/experiments/bracket_assembly_debug_nut_nosym_coarse_noaug--938962 205
  0%|                                                     | 0/1 [00:00<?, ?it/s]0:01:55.443235 - iteration 0
0:01:55.486911 - outputs, {'pose': tensor([[-0.9349, -0.6605,  0.2685,  0.5580, -0.3766, -0.3502,  1.2143, -1.1309,
          0.6475]], device='cuda:0', grad_fn=<AddmmBackward0>)}
0:01:55.488580 - model_outputs {'pose': tensor([[-0.9349, -0.6605,  0.2685,  0.5580, -0.3766, -0.3502,  1.2143, -1.1309,
          0.6475]], device='cuda:0', grad_fn=<AddmmBackward0>)}
0:01:55.489372 - K crop tensor([[[1.6880e+03, 0.0000e+00, 2.7662e+02],
         [0.0000e+00, 1.6880e+03, 7.8464e+01],
         [0.0000e+00, 0.0000e+00, 1.0000e+00]]], device='cuda:0')
0:01:55.490199 - TCO_input tensor([[[ 1.0000,  0.0000,  0.0000, -0.0193],
         [ 0.0000,  1.0000,  0.0000,  0.0068],
         [ 0.0000,  0.0000,  1.0000,  0.2789],
         [ 0.0000,  0.0000,  0.0000,  1.0000]]], device='cuda:0')
0:01:55.491063 - model tco output tensor([[[-0.7952,  0.4479,  0.4087, -0.0124],
         [-0.5617, -0.7980, -0.2183,  0.0043],
         [ 0.2284, -0.4032,  0.8861,  0.1806],
         [ 0.0000,  0.0000,  0.0000,  1.0000]]], device='cuda:0',
       grad_fn=<CopySlices>)
0:01:55.528642 - Wrote debug data: /home/ubuntu/synthetic_pose_estimation/cosypose/local_data/debug_data/debug_iter=1.pth.tar
0:01:55.740400 - TCO_input tensor([[[ 1.0000,  0.0000,  0.0000, -0.0193],
         [ 0.0000,  1.0000,  0.0000,  0.0068],
         [ 0.0000,  0.0000,  1.0000,  0.2789],
         [ 0.0000,  0.0000,  0.0000,  1.0000]]], device='cuda:0')
0:01:55.741404 - vxvyvz tensor([[ 1.2143, -1.1309,  0.6475]], device='cuda:0',
       grad_fn=<SliceBackward0>)
0:01:55.742404 - dR tensor([[[-0.7952,  0.4479,  0.4087],
         [-0.5617, -0.7980, -0.2183],
         [ 0.2284, -0.4032,  0.8861]]], device='cuda:0',
       grad_fn=<StackBackward0>)
0:01:55.743294 - fxfy tensor([[1688.0345, 1688.0345]], device='cuda:0')
0:01:55.745859 - TCO_gt tensor([[[-0.7893,  0.4511,  0.4165, -0.0100],
         [-0.5688, -0.7927, -0.2192,  0.0062],
         [ 0.2313, -0.4099,  0.8823,  0.1920],
         [ 0.0000,  0.0000,  0.0000,  1.0000]]], device='cuda:0')
0:01:55.746797 - TCO pred_orn tensor([[[-0.7952,  0.4479,  0.4087, -0.0100],
         [-0.5617, -0.7980, -0.2183,  0.0062],
         [ 0.2284, -0.4032,  0.8861,  0.1920],
         [ 0.0000,  0.0000,  0.0000,  1.0000]]], device='cuda:0',
       grad_fn=<CopySlices>)
0:01:55.747723 - TCO pred_xy tensor([[[-0.7893,  0.4511,  0.4165, -0.0132],
         [-0.5688, -0.7927, -0.2192,  0.0045],
         [ 0.2313, -0.4099,  0.8823,  0.1920],
         [ 0.0000,  0.0000,  0.0000,  1.0000]]], device='cuda:0',
       grad_fn=<CopySlices>)
0:01:55.748650 - TCO pred_z tensor([[[-0.7893,  0.4511,  0.4165, -0.0100],
         [-0.5688, -0.7927, -0.2192,  0.0062],
         [ 0.2313, -0.4099,  0.8823,  0.1806],
         [ 0.0000,  0.0000,  0.0000,  1.0000]]], device='cuda:0',
       grad_fn=<CopySlices>)
0:01:55.749347 - loss orn tensor([4.7034e-05], device='cuda:0', grad_fn=<MinBackward0>)
0:01:55.749994 - loss xy tensor([0.0016], device='cuda:0', grad_fn=<MinBackward0>)
0:01:55.750630 - loss z tensor([0.0038], device='cuda:0', grad_fn=<MinBackward0>)
  0%|                                       | 0/1 [00:00<?, ?it/s, loss=0.00546]100%|███████████████████████████████| 1/1 [00:00<00:00,  4.66it/s, loss=0.00546]100%|███████████████████████████████| 1/1 [00:00<00:00,  4.65it/s, loss=0.00546]
0:01:55.498679 - saving /home/ubuntu/synthetic_pose_estimation/cosypose/local_data/experiments/bracket_assembly_debug_nut_nosym_coarse_noaug--938962 206
  0%|                                                     | 0/1 [00:00<?, ?it/s]0:01:55.913949 - iteration 0
0:01:55.957170 - outputs, {'pose': tensor([[-0.9249, -0.6735,  0.2710,  0.5543, -0.3795, -0.3472,  1.2298, -1.1349,
          0.6422]], device='cuda:0', grad_fn=<AddmmBackward0>)}
0:01:55.958818 - model_outputs {'pose': tensor([[-0.9249, -0.6735,  0.2710,  0.5543, -0.3795, -0.3472,  1.2298, -1.1349,
          0.6422]], device='cuda:0', grad_fn=<AddmmBackward0>)}
0:01:55.959599 - K crop tensor([[[1.9939e+03, 0.0000e+00, 2.0453e+02],
         [0.0000e+00, 1.9939e+03, 7.4162e+01],
         [0.0000e+00, 0.0000e+00, 1.0000e+00]]], device='cuda:0')
0:01:55.960465 - TCO_input tensor([[[ 1.0000,  0.0000,  0.0000, -0.0074],
         [ 0.0000,  1.0000,  0.0000,  0.0075],
         [ 0.0000,  0.0000,  1.0000,  0.3282],
         [ 0.0000,  0.0000,  0.0000,  1.0000]]], device='cuda:0')
0:01:55.961753 - model tco output tensor([[[-0.7866,  0.4598,  0.4122, -0.0046],
         [-0.5728, -0.7925, -0.2092,  0.0047],
         [ 0.2304, -0.4007,  0.8868,  0.2108],
         [ 0.0000,  0.0000,  0.0000,  1.0000]]], device='cuda:0',
       grad_fn=<CopySlices>)
0:01:55.999183 - Wrote debug data: /home/ubuntu/synthetic_pose_estimation/cosypose/local_data/debug_data/debug_iter=1.pth.tar
0:01:56.211855 - TCO_input tensor([[[ 1.0000,  0.0000,  0.0000, -0.0074],
         [ 0.0000,  1.0000,  0.0000,  0.0075],
         [ 0.0000,  0.0000,  1.0000,  0.3282],
         [ 0.0000,  0.0000,  0.0000,  1.0000]]], device='cuda:0')
0:01:56.212852 - vxvyvz tensor([[ 1.2298, -1.1349,  0.6422]], device='cuda:0',
       grad_fn=<SliceBackward0>)
0:01:56.213892 - dR tensor([[[-0.7866,  0.4598,  0.4122],
         [-0.5728, -0.7925, -0.2092],
         [ 0.2304, -0.4007,  0.8868]]], device='cuda:0',
       grad_fn=<StackBackward0>)
0:01:56.214781 - fxfy tensor([[1993.9441, 1993.9445]], device='cuda:0')
0:01:56.217257 - TCO_gt tensor([[[-0.7893,  0.4511,  0.4165, -0.0100],
         [-0.5688, -0.7927, -0.2192,  0.0062],
         [ 0.2313, -0.4099,  0.8823,  0.1920],
         [ 0.0000,  0.0000,  0.0000,  1.0000]]], device='cuda:0')
0:01:56.218174 - TCO pred_orn tensor([[[-0.7866,  0.4598,  0.4122, -0.0100],
         [-0.5728, -0.7925, -0.2092,  0.0062],
         [ 0.2304, -0.4007,  0.8868,  0.1920],
         [ 0.0000,  0.0000,  0.0000,  1.0000]]], device='cuda:0',
       grad_fn=<CopySlices>)
0:01:56.219075 - TCO pred_xy tensor([[[-0.7893,  0.4511,  0.4165, -0.0042],
         [-0.5688, -0.7927, -0.2192,  0.0043],
         [ 0.2313, -0.4099,  0.8823,  0.1920],
         [ 0.0000,  0.0000,  0.0000,  1.0000]]], device='cuda:0',
       grad_fn=<CopySlices>)
0:01:56.219969 - TCO pred_z tensor([[[-0.7893,  0.4511,  0.4165, -0.0100],
         [-0.5688, -0.7927, -0.2192,  0.0062],
         [ 0.2313, -0.4099,  0.8823,  0.2108],
         [ 0.0000,  0.0000,  0.0000,  1.0000]]], device='cuda:0',
       grad_fn=<CopySlices>)
0:01:56.220617 - loss orn tensor([5.3331e-05], device='cuda:0', grad_fn=<MinBackward0>)
0:01:56.221256 - loss xy tensor([0.0026], device='cuda:0', grad_fn=<MinBackward0>)
0:01:56.221864 - loss z tensor([0.0063], device='cuda:0', grad_fn=<MinBackward0>)
  0%|                                       | 0/1 [00:00<?, ?it/s, loss=0.00889]100%|███████████████████████████████| 1/1 [00:00<00:00,  4.66it/s, loss=0.00889]100%|███████████████████████████████| 1/1 [00:00<00:00,  4.65it/s, loss=0.00889]
0:01:55.973751 - saving /home/ubuntu/synthetic_pose_estimation/cosypose/local_data/experiments/bracket_assembly_debug_nut_nosym_coarse_noaug--938962 207
  0%|                                                     | 0/1 [00:00<?, ?it/s]0:01:56.388920 - iteration 0
0:01:56.432081 - outputs, {'pose': tensor([[-0.9284, -0.6785,  0.2687,  0.5533, -0.3831, -0.3468,  1.2501, -1.1397,
          0.6416]], device='cuda:0', grad_fn=<AddmmBackward0>)}
0:01:56.433753 - model_outputs {'pose': tensor([[-0.9284, -0.6785,  0.2687,  0.5533, -0.3831, -0.3468,  1.2501, -1.1397,
          0.6416]], device='cuda:0', grad_fn=<AddmmBackward0>)}
0:01:56.434584 - K crop tensor([[[1.6572e+03, 0.0000e+00, 2.6650e+02],
         [0.0000e+00, 1.6572e+03, 4.3832e+01],
         [0.0000e+00, 0.0000e+00, 1.0000e+00]]], device='cuda:0')
0:01:56.435514 - TCO_input tensor([[[ 1.0000,  0.0000,  0.0000, -0.0178],
         [ 0.0000,  1.0000,  0.0000,  0.0126],
         [ 0.0000,  0.0000,  1.0000,  0.2762],
         [ 0.0000,  0.0000,  0.0000,  1.0000]]], device='cuda:0')
0:01:56.437026 - model tco output tensor([[[-0.7862,  0.4619,  0.4105, -0.0113],
         [-0.5746, -0.7910, -0.2104,  0.0080],
         [ 0.2276, -0.4013,  0.8872,  0.1772],
         [ 0.0000,  0.0000,  0.0000,  1.0000]]], device='cuda:0',
       grad_fn=<CopySlices>)
0:01:56.476437 - Wrote debug data: /home/ubuntu/synthetic_pose_estimation/cosypose/local_data/debug_data/debug_iter=1.pth.tar
0:01:56.689399 - TCO_input tensor([[[ 1.0000,  0.0000,  0.0000, -0.0178],
         [ 0.0000,  1.0000,  0.0000,  0.0126],
         [ 0.0000,  0.0000,  1.0000,  0.2762],
         [ 0.0000,  0.0000,  0.0000,  1.0000]]], device='cuda:0')
0:01:56.690418 - vxvyvz tensor([[ 1.2501, -1.1397,  0.6416]], device='cuda:0',
       grad_fn=<SliceBackward0>)
0:01:56.691475 - dR tensor([[[-0.7862,  0.4619,  0.4105],
         [-0.5746, -0.7910, -0.2104],
         [ 0.2276, -0.4013,  0.8872]]], device='cuda:0',
       grad_fn=<StackBackward0>)
0:01:56.692367 - fxfy tensor([[1657.1592, 1657.1592]], device='cuda:0')
0:01:56.694921 - TCO_gt tensor([[[-0.7893,  0.4511,  0.4165, -0.0100],
         [-0.5688, -0.7927, -0.2192,  0.0062],
         [ 0.2313, -0.4099,  0.8823,  0.1920],
         [ 0.0000,  0.0000,  0.0000,  1.0000]]], device='cuda:0')
0:01:56.695871 - TCO pred_orn tensor([[[-0.7862,  0.4619,  0.4105, -0.0100],
         [-0.5746, -0.7910, -0.2104,  0.0062],
         [ 0.2276, -0.4013,  0.8872,  0.1920],
         [ 0.0000,  0.0000,  0.0000,  1.0000]]], device='cuda:0',
       grad_fn=<CopySlices>)
0:01:56.696796 - TCO pred_xy tensor([[[-0.7893,  0.4511,  0.4165, -0.0123],
         [-0.5688, -0.7927, -0.2192,  0.0086],
         [ 0.2313, -0.4099,  0.8823,  0.1920],
         [ 0.0000,  0.0000,  0.0000,  1.0000]]], device='cuda:0',
       grad_fn=<CopySlices>)
0:01:56.697747 - TCO pred_z tensor([[[-0.7893,  0.4511,  0.4165, -0.0100],
         [-0.5688, -0.7927, -0.2192,  0.0062],
         [ 0.2313, -0.4099,  0.8823,  0.1772],
         [ 0.0000,  0.0000,  0.0000,  1.0000]]], device='cuda:0',
       grad_fn=<CopySlices>)
0:01:56.698399 - loss orn tensor([5.8980e-05], device='cuda:0', grad_fn=<MinBackward0>)
0:01:56.699035 - loss xy tensor([0.0016], device='cuda:0', grad_fn=<MinBackward0>)
0:01:56.699670 - loss z tensor([0.0049], device='cuda:0', grad_fn=<MinBackward0>)
  0%|                                       | 0/1 [00:00<?, ?it/s, loss=0.00654]100%|███████████████████████████████| 1/1 [00:00<00:00,  4.58it/s, loss=0.00654]100%|███████████████████████████████| 1/1 [00:00<00:00,  4.57it/s, loss=0.00654]
0:01:56.447095 - saving /home/ubuntu/synthetic_pose_estimation/cosypose/local_data/experiments/bracket_assembly_debug_nut_nosym_coarse_noaug--938962 208
  0%|                                                     | 0/1 [00:00<?, ?it/s]0:01:56.862358 - iteration 0
0:01:56.905480 - outputs, {'pose': tensor([[-0.9195, -0.6706,  0.2718,  0.5479, -0.3722, -0.3514,  1.2628, -1.1348,
          0.6161]], device='cuda:0', grad_fn=<AddmmBackward0>)}
0:01:56.907081 - model_outputs {'pose': tensor([[-0.9195, -0.6706,  0.2718,  0.5479, -0.3722, -0.3514,  1.2628, -1.1348,
          0.6161]], device='cuda:0', grad_fn=<AddmmBackward0>)}
0:01:56.907897 - K crop tensor([[[1.8313e+03, 0.0000e+00, 2.8048e+02],
         [0.0000e+00, 1.8313e+03, 7.8592e+01],
         [0.0000e+00, 0.0000e+00, 1.0000e+00]]], device='cuda:0')
0:01:56.908772 - TCO_input tensor([[[ 1.0000,  0.0000,  0.0000, -0.0199],
         [ 0.0000,  1.0000,  0.0000,  0.0067],
         [ 0.0000,  0.0000,  1.0000,  0.3018],
         [ 0.0000,  0.0000,  0.0000,  1.0000]]], device='cuda:0')
0:01:56.909953 - model tco output tensor([[[-0.7859,  0.4552,  0.4186, -0.0122],
         [-0.5731, -0.7903, -0.2165,  0.0040],
         [ 0.2323, -0.4101,  0.8820,  0.1860],
         [ 0.0000,  0.0000,  0.0000,  1.0000]]], device='cuda:0',
       grad_fn=<CopySlices>)
0:01:56.947850 - Wrote debug data: /home/ubuntu/synthetic_pose_estimation/cosypose/local_data/debug_data/debug_iter=1.pth.tar
0:01:57.158170 - TCO_input tensor([[[ 1.0000,  0.0000,  0.0000, -0.0199],
         [ 0.0000,  1.0000,  0.0000,  0.0067],
         [ 0.0000,  0.0000,  1.0000,  0.3018],
         [ 0.0000,  0.0000,  0.0000,  1.0000]]], device='cuda:0')
0:01:57.159145 - vxvyvz tensor([[ 1.2628, -1.1348,  0.6161]], device='cuda:0',
       grad_fn=<SliceBackward0>)
0:01:57.160142 - dR tensor([[[-0.7859,  0.4552,  0.4186],
         [-0.5731, -0.7903, -0.2165],
         [ 0.2323, -0.4101,  0.8820]]], device='cuda:0',
       grad_fn=<StackBackward0>)
0:01:57.161057 - fxfy tensor([[1831.3079, 1831.3081]], device='cuda:0')
0:01:57.163592 - TCO_gt tensor([[[-0.7893,  0.4511,  0.4165, -0.0100],
         [-0.5688, -0.7927, -0.2192,  0.0062],
         [ 0.2313, -0.4099,  0.8823,  0.1920],
         [ 0.0000,  0.0000,  0.0000,  1.0000]]], device='cuda:0')
0:01:57.164520 - TCO pred_orn tensor([[[-0.7859,  0.4552,  0.4186, -0.0100],
         [-0.5731, -0.7903, -0.2165,  0.0062],
         [ 0.2323, -0.4101,  0.8820,  0.1920],
         [ 0.0000,  0.0000,  0.0000,  1.0000]]], device='cuda:0',
       grad_fn=<CopySlices>)
0:01:57.165455 - TCO pred_xy tensor([[[-0.7893,  0.4511,  0.4165, -0.0125],
         [-0.5688, -0.7927, -0.2192,  0.0042],
         [ 0.2313, -0.4099,  0.8823,  0.1920],
         [ 0.0000,  0.0000,  0.0000,  1.0000]]], device='cuda:0',
       grad_fn=<CopySlices>)
0:01:57.166367 - TCO pred_z tensor([[[-0.7893,  0.4511,  0.4165, -0.0100],
         [-0.5688, -0.7927, -0.2192,  0.0062],
         [ 0.2313, -0.4099,  0.8823,  0.1860],
         [ 0.0000,  0.0000,  0.0000,  1.0000]]], device='cuda:0',
       grad_fn=<CopySlices>)
0:01:57.167042 - loss orn tensor([2.2930e-05], device='cuda:0', grad_fn=<MinBackward0>)
0:01:57.167673 - loss xy tensor([0.0015], device='cuda:0', grad_fn=<MinBackward0>)
0:01:57.168304 - loss z tensor([0.0020], device='cuda:0', grad_fn=<MinBackward0>)
  0%|                                       | 0/1 [00:00<?, ?it/s, loss=0.00355]100%|███████████████████████████████| 1/1 [00:00<00:00,  4.68it/s, loss=0.00355]100%|███████████████████████████████| 1/1 [00:00<00:00,  4.67it/s, loss=0.00355]
0:01:56.914812 - saving /home/ubuntu/synthetic_pose_estimation/cosypose/local_data/experiments/bracket_assembly_debug_nut_nosym_coarse_noaug--938962 209
  0%|                                                     | 0/1 [00:00<?, ?it/s]0:01:57.330066 - iteration 0
0:01:57.373526 - outputs, {'pose': tensor([[-0.9353, -0.6675,  0.2606,  0.5423, -0.3748, -0.3606,  1.2804, -1.1385,
          0.6167]], device='cuda:0', grad_fn=<AddmmBackward0>)}
0:01:57.375202 - model_outputs {'pose': tensor([[-0.9353, -0.6675,  0.2606,  0.5423, -0.3748, -0.3606,  1.2804, -1.1385,
          0.6167]], device='cuda:0', grad_fn=<AddmmBackward0>)}
0:01:57.376056 - K crop tensor([[[1.7775e+03, 0.0000e+00, 1.9933e+02],
         [0.0000e+00, 1.7775e+03, 2.7321e+01],
         [0.0000e+00, 0.0000e+00, 1.0000e+00]]], device='cuda:0')
0:01:57.376965 - TCO_input tensor([[[ 1.0000,  0.0000,  0.0000, -0.0066],
         [ 0.0000,  1.0000,  0.0000,  0.0154],
         [ 0.0000,  0.0000,  1.0000,  0.2966],
         [ 0.0000,  0.0000,  0.0000,  1.0000]]], device='cuda:0')
0:01:57.378576 - model tco output tensor([[[-0.7938,  0.4433,  0.4163, -0.0040],
         [-0.5665, -0.7880, -0.2411,  0.0094],
         [ 0.2212, -0.4273,  0.8766,  0.1829],
         [ 0.0000,  0.0000,  0.0000,  1.0000]]], device='cuda:0',
       grad_fn=<CopySlices>)
0:01:57.418518 - Wrote debug data: /home/ubuntu/synthetic_pose_estimation/cosypose/local_data/debug_data/debug_iter=1.pth.tar
0:01:57.631882 - TCO_input tensor([[[ 1.0000,  0.0000,  0.0000, -0.0066],
         [ 0.0000,  1.0000,  0.0000,  0.0154],
         [ 0.0000,  0.0000,  1.0000,  0.2966],
         [ 0.0000,  0.0000,  0.0000,  1.0000]]], device='cuda:0')
0:01:57.633027 - vxvyvz tensor([[ 1.2804, -1.1385,  0.6167]], device='cuda:0',
       grad_fn=<SliceBackward0>)
0:01:57.634083 - dR tensor([[[-0.7938,  0.4433,  0.4163],
         [-0.5665, -0.7880, -0.2411],
         [ 0.2212, -0.4273,  0.8766]]], device='cuda:0',
       grad_fn=<StackBackward0>)
0:01:57.634947 - fxfy tensor([[1777.5071, 1777.5073]], device='cuda:0')
0:01:57.637484 - TCO_gt tensor([[[-0.7893,  0.4511,  0.4165, -0.0100],
         [-0.5688, -0.7927, -0.2192,  0.0062],
         [ 0.2313, -0.4099,  0.8823,  0.1920],
         [ 0.0000,  0.0000,  0.0000,  1.0000]]], device='cuda:0')
0:01:57.638384 - TCO pred_orn tensor([[[-0.7938,  0.4433,  0.4163, -0.0100],
         [-0.5665, -0.7880, -0.2411,  0.0062],
         [ 0.2212, -0.4273,  0.8766,  0.1920],
         [ 0.0000,  0.0000,  0.0000,  1.0000]]], device='cuda:0',
       grad_fn=<CopySlices>)
0:01:57.639266 - TCO pred_xy tensor([[[-0.7893,  0.4511,  0.4165, -0.0042],
         [-0.5688, -0.7927, -0.2192,  0.0098],
         [ 0.2313, -0.4099,  0.8823,  0.1920],
         [ 0.0000,  0.0000,  0.0000,  1.0000]]], device='cuda:0',
       grad_fn=<CopySlices>)
0:01:57.640142 - TCO pred_z tensor([[[-0.7893,  0.4511,  0.4165, -0.0100],
         [-0.5688, -0.7927, -0.2192,  0.0062],
         [ 0.2313, -0.4099,  0.8823,  0.1829],
         [ 0.0000,  0.0000,  0.0000,  1.0000]]], device='cuda:0',
       grad_fn=<CopySlices>)
0:01:57.640758 - loss orn tensor([8.9959e-05], device='cuda:0', grad_fn=<MinBackward0>)
0:01:57.641404 - loss xy tensor([0.0032], device='cuda:0', grad_fn=<MinBackward0>)
0:01:57.642005 - loss z tensor([0.0030], device='cuda:0', grad_fn=<MinBackward0>)
  0%|                                       | 0/1 [00:00<?, ?it/s, loss=0.00627]100%|███████████████████████████████| 1/1 [00:00<00:00,  4.51it/s, loss=0.00627]100%|███████████████████████████████| 1/1 [00:00<00:00,  4.50it/s, loss=0.00627]
  0%|                                                     | 0/1 [00:00<?, ?it/s]0:01:57.552116 - iteration 0
0:01:57.588639 - outputs, {'pose': tensor([[-0.0176,  0.0146, -0.0211,  0.0740,  0.0154, -0.0736,  0.0764, -0.0615,
          0.0710]], device='cuda:0')}
0:01:57.590208 - model_outputs {'pose': tensor([[-0.0176,  0.0146, -0.0211,  0.0740,  0.0154, -0.0736,  0.0764, -0.0615,
          0.0710]], device='cuda:0')}
0:01:57.591037 - K crop tensor([[[1.7506e+03, 0.0000e+00, 2.3140e+02],
         [0.0000e+00, 1.7506e+03, 3.7991e+01],
         [0.0000e+00, 0.0000e+00, 1.0000e+00]]], device='cuda:0')
0:01:57.591942 - TCO_input tensor([[[ 1.0000,  0.0000,  0.0000, -0.0120],
         [ 0.0000,  1.0000,  0.0000,  0.0136],
         [ 0.0000,  0.0000,  1.0000,  0.2916],
         [ 0.0000,  0.0000,  0.0000,  1.0000]]], device='cuda:0')
0:01:57.592877 - model tco output tensor([[[-5.6487e-01,  7.9238e-01, -2.3035e-01, -8.4966e-04],
         [ 4.6872e-01,  7.8362e-02, -8.7986e-01,  9.6357e-04],
         [-6.7913e-01, -6.0498e-01, -4.1567e-01,  2.0710e-02],
         [ 0.0000e+00,  0.0000e+00,  0.0000e+00,  1.0000e+00]]],
       device='cuda:0')
0:01:57.632332 - Wrote debug data: /home/ubuntu/synthetic_pose_estimation/cosypose/local_data/debug_data/debug_iter=1.pth.tar
0:01:57.842474 - TCO_input tensor([[[ 1.0000,  0.0000,  0.0000, -0.0120],
         [ 0.0000,  1.0000,  0.0000,  0.0136],
         [ 0.0000,  0.0000,  1.0000,  0.2916],
         [ 0.0000,  0.0000,  0.0000,  1.0000]]], device='cuda:0')
0:01:57.843499 - vxvyvz tensor([[ 0.0764, -0.0615,  0.0710]], device='cuda:0')
0:01:57.844524 - dR tensor([[[-0.5649,  0.7924, -0.2304],
         [ 0.4687,  0.0784, -0.8799],
         [-0.6791, -0.6050, -0.4157]]], device='cuda:0')
0:01:57.845494 - fxfy tensor([[1750.5919, 1750.5917]], device='cuda:0')
0:01:57.847815 - TCO_gt tensor([[[-0.7893,  0.4511,  0.4165, -0.0100],
         [-0.5688, -0.7927, -0.2192,  0.0062],
         [ 0.2313, -0.4099,  0.8823,  0.1920],
         [ 0.0000,  0.0000,  0.0000,  1.0000]]], device='cuda:0')
0:01:57.848765 - TCO pred_orn tensor([[[-0.5649,  0.7924, -0.2304, -0.0100],
         [ 0.4687,  0.0784, -0.8799,  0.0062],
         [-0.6791, -0.6050, -0.4157,  0.1920],
         [ 0.0000,  0.0000,  0.0000,  1.0000]]], device='cuda:0')
0:01:57.849748 - TCO pred_xy tensor([[[-0.7893,  0.4511,  0.4165, -0.0079],
         [-0.5688, -0.7927, -0.2192,  0.0089],
         [ 0.2313, -0.4099,  0.8823,  0.1920],
         [ 0.0000,  0.0000,  0.0000,  1.0000]]], device='cuda:0')
0:01:57.850721 - TCO pred_z tensor([[[-0.7893,  0.4511,  0.4165, -0.0100],
         [-0.5688, -0.7927, -0.2192,  0.0062],
         [ 0.2313, -0.4099,  0.8823,  0.0207],
         [ 0.0000,  0.0000,  0.0000,  1.0000]]], device='cuda:0')
0:01:57.851413 - loss orn tensor([0.0063], device='cuda:0')
0:01:57.852093 - loss xy tensor([0.0016], device='cuda:0')
0:01:57.852765 - loss z tensor([0.0571], device='cuda:0')
100%|█████████████████████████████████████████████| 1/1 [00:00<00:00,  8.36it/s]100%|█████████████████████████████████████████████| 1/1 [00:00<00:00,  8.33it/s]
0:01:57.518635 - saving /home/ubuntu/synthetic_pose_estimation/cosypose/local_data/experiments/bracket_assembly_debug_nut_nosym_coarse_noaug--938962 210
  0%|                                                     | 0/1 [00:00<?, ?it/s]0:01:57.930274 - iteration 0
0:01:57.973413 - outputs, {'pose': tensor([[-0.9271, -0.6586,  0.2627,  0.5354, -0.3693, -0.3623,  1.2933, -1.1414,
          0.6233]], device='cuda:0', grad_fn=<AddmmBackward0>)}
0:01:57.975095 - model_outputs {'pose': tensor([[-0.9271, -0.6586,  0.2627,  0.5354, -0.3693, -0.3623,  1.2933, -1.1414,
          0.6233]], device='cuda:0', grad_fn=<AddmmBackward0>)}
0:01:57.975912 - K crop tensor([[[1.6601e+03, 0.0000e+00, 2.8295e+02],
         [0.0000e+00, 1.6601e+03, 1.7628e+01],
         [0.0000e+00, 0.0000e+00, 1.0000e+00]]], device='cuda:0')
0:01:57.976745 - TCO_input tensor([[[ 1.0000,  0.0000,  0.0000, -0.0207],
         [ 0.0000,  1.0000,  0.0000,  0.0171],
         [ 0.0000,  0.0000,  1.0000,  0.2784],
         [ 0.0000,  0.0000,  0.0000,  1.0000]]], device='cuda:0')
0:01:57.977658 - model tco output tensor([[[-0.7943,  0.4374,  0.4216, -0.0128],
         [-0.5643, -0.7883, -0.2452,  0.0105],
         [ 0.2251, -0.4327,  0.8730,  0.1735],
         [ 0.0000,  0.0000,  0.0000,  1.0000]]], device='cuda:0',
       grad_fn=<CopySlices>)
0:01:58.018325 - Wrote debug data: /home/ubuntu/synthetic_pose_estimation/cosypose/local_data/debug_data/debug_iter=1.pth.tar
0:01:58.229841 - TCO_input tensor([[[ 1.0000,  0.0000,  0.0000, -0.0207],
         [ 0.0000,  1.0000,  0.0000,  0.0171],
         [ 0.0000,  0.0000,  1.0000,  0.2784],
         [ 0.0000,  0.0000,  0.0000,  1.0000]]], device='cuda:0')
0:01:58.230803 - vxvyvz tensor([[ 1.2933, -1.1414,  0.6233]], device='cuda:0',
       grad_fn=<SliceBackward0>)
0:01:58.231779 - dR tensor([[[-0.7943,  0.4374,  0.4216],
         [-0.5643, -0.7883, -0.2452],
         [ 0.2251, -0.4327,  0.8730]]], device='cuda:0',
       grad_fn=<StackBackward0>)
0:01:58.232635 - fxfy tensor([[1660.0750, 1660.0751]], device='cuda:0')
0:01:58.235052 - TCO_gt tensor([[[-0.7893,  0.4511,  0.4165, -0.0100],
         [-0.5688, -0.7927, -0.2192,  0.0062],
         [ 0.2313, -0.4099,  0.8823,  0.1920],
         [ 0.0000,  0.0000,  0.0000,  1.0000]]], device='cuda:0')
0:01:58.235951 - TCO pred_orn tensor([[[-0.7943,  0.4374,  0.4216, -0.0100],
         [-0.5643, -0.7883, -0.2452,  0.0062],
         [ 0.2251, -0.4327,  0.8730,  0.1920],
         [ 0.0000,  0.0000,  0.0000,  1.0000]]], device='cuda:0',
       grad_fn=<CopySlices>)
0:01:58.236841 - TCO pred_xy tensor([[[-0.7893,  0.4511,  0.4165, -0.0141],
         [-0.5688, -0.7927, -0.2192,  0.0116],
         [ 0.2313, -0.4099,  0.8823,  0.1920],
         [ 0.0000,  0.0000,  0.0000,  1.0000]]], device='cuda:0',
       grad_fn=<CopySlices>)
0:01:58.237741 - TCO pred_z tensor([[[-0.7893,  0.4511,  0.4165, -0.0100],
         [-0.5688, -0.7927, -0.2192,  0.0062],
         [ 0.2313, -0.4099,  0.8823,  0.1735],
         [ 0.0000,  0.0000,  0.0000,  1.0000]]], device='cuda:0',
       grad_fn=<CopySlices>)
0:01:58.238363 - loss orn tensor([0.0001], device='cuda:0', grad_fn=<MinBackward0>)
0:01:58.238971 - loss xy tensor([0.0032], device='cuda:0', grad_fn=<MinBackward0>)
0:01:58.239578 - loss z tensor([0.0061], device='cuda:0', grad_fn=<MinBackward0>)
  0%|                                       | 0/1 [00:00<?, ?it/s, loss=0.00946]100%|███████████████████████████████| 1/1 [00:00<00:00,  4.68it/s, loss=0.00946]100%|███████████████████████████████| 1/1 [00:00<00:00,  4.67it/s, loss=0.00946]
0:01:57.991801 - saving /home/ubuntu/synthetic_pose_estimation/cosypose/local_data/experiments/bracket_assembly_debug_nut_nosym_coarse_noaug--938962 211
  0%|                                                     | 0/1 [00:00<?, ?it/s]0:01:58.406944 - iteration 0
0:01:58.450415 - outputs, {'pose': tensor([[-0.9313, -0.6639,  0.2664,  0.5437, -0.3788, -0.3582,  1.3046, -1.1564,
          0.6201]], device='cuda:0', grad_fn=<AddmmBackward0>)}
0:01:58.452021 - model_outputs {'pose': tensor([[-0.9313, -0.6639,  0.2664,  0.5437, -0.3788, -0.3582,  1.3046, -1.1564,
          0.6201]], device='cuda:0', grad_fn=<AddmmBackward0>)}
0:01:58.452805 - K crop tensor([[[1.6805e+03, 0.0000e+00, 2.1359e+02],
         [0.0000e+00, 1.6805e+03, 6.7873e+01],
         [0.0000e+00, 0.0000e+00, 1.0000e+00]]], device='cuda:0')
0:01:58.453678 - TCO_input tensor([[[ 1.0000,  0.0000,  0.0000, -0.0090],
         [ 0.0000,  1.0000,  0.0000,  0.0086],
         [ 0.0000,  0.0000,  1.0000,  0.2784],
         [ 0.0000,  0.0000,  0.0000,  1.0000]]], device='cuda:0')
0:01:58.454558 - model tco output tensor([[[-0.7930,  0.4441,  0.4170, -0.0054],
         [-0.5654, -0.7914, -0.2324,  0.0052],
         [ 0.2268, -0.4201,  0.8787,  0.1726],
         [ 0.0000,  0.0000,  0.0000,  1.0000]]], device='cuda:0',
       grad_fn=<CopySlices>)
0:01:58.494995 - Wrote debug data: /home/ubuntu/synthetic_pose_estimation/cosypose/local_data/debug_data/debug_iter=1.pth.tar
0:01:58.709142 - TCO_input tensor([[[ 1.0000,  0.0000,  0.0000, -0.0090],
         [ 0.0000,  1.0000,  0.0000,  0.0086],
         [ 0.0000,  0.0000,  1.0000,  0.2784],
         [ 0.0000,  0.0000,  0.0000,  1.0000]]], device='cuda:0')
0:01:58.710167 - vxvyvz tensor([[ 1.3046, -1.1564,  0.6201]], device='cuda:0',
       grad_fn=<SliceBackward0>)
0:01:58.711180 - dR tensor([[[-0.7930,  0.4441,  0.4170],
         [-0.5654, -0.7914, -0.2324],
         [ 0.2268, -0.4201,  0.8787]]], device='cuda:0',
       grad_fn=<StackBackward0>)
0:01:58.712025 - fxfy tensor([[1680.5488, 1680.5491]], device='cuda:0')
0:01:58.714546 - TCO_gt tensor([[[-0.7893,  0.4511,  0.4165, -0.0100],
         [-0.5688, -0.7927, -0.2192,  0.0062],
         [ 0.2313, -0.4099,  0.8823,  0.1920],
         [ 0.0000,  0.0000,  0.0000,  1.0000]]], device='cuda:0')
0:01:58.715466 - TCO pred_orn tensor([[[-0.7930,  0.4441,  0.4170, -0.0100],
         [-0.5654, -0.7914, -0.2324,  0.0062],
         [ 0.2268, -0.4201,  0.8787,  0.1920],
         [ 0.0000,  0.0000,  0.0000,  1.0000]]], device='cuda:0',
       grad_fn=<CopySlices>)
0:01:58.716378 - TCO pred_xy tensor([[[-0.7893,  0.4511,  0.4165, -0.0060],
         [-0.5688, -0.7927, -0.2192,  0.0058],
         [ 0.2313, -0.4099,  0.8823,  0.1920],
         [ 0.0000,  0.0000,  0.0000,  1.0000]]], device='cuda:0',
       grad_fn=<CopySlices>)
0:01:58.717312 - TCO pred_z tensor([[[-0.7893,  0.4511,  0.4165, -0.0100],
         [-0.5688, -0.7927, -0.2192,  0.0062],
         [ 0.2313, -0.4099,  0.8823,  0.1726],
         [ 0.0000,  0.0000,  0.0000,  1.0000]]], device='cuda:0',
       grad_fn=<CopySlices>)
0:01:58.717938 - loss orn tensor([5.6877e-05], device='cuda:0', grad_fn=<MinBackward0>)
0:01:58.718547 - loss xy tensor([0.0015], device='cuda:0', grad_fn=<MinBackward0>)
0:01:58.719151 - loss z tensor([0.0064], device='cuda:0', grad_fn=<MinBackward0>)
  0%|                                       | 0/1 [00:00<?, ?it/s, loss=0.00797]100%|███████████████████████████████| 1/1 [00:00<00:00,  4.50it/s, loss=0.00797]100%|███████████████████████████████| 1/1 [00:00<00:00,  4.49it/s, loss=0.00797]
0:01:58.480634 - saving /home/ubuntu/synthetic_pose_estimation/cosypose/local_data/experiments/bracket_assembly_debug_nut_nosym_coarse_noaug--938962 212
  0%|                                                     | 0/1 [00:00<?, ?it/s]0:01:58.895958 - iteration 0
0:01:58.944413 - outputs, {'pose': tensor([[-0.9305, -0.6695,  0.2772,  0.5534, -0.3832, -0.3508,  1.3252, -1.1627,
          0.6280]], device='cuda:0', grad_fn=<AddmmBackward0>)}
0:01:58.946095 - model_outputs {'pose': tensor([[-0.9305, -0.6695,  0.2772,  0.5534, -0.3832, -0.3508,  1.3252, -1.1627,
          0.6280]], device='cuda:0', grad_fn=<AddmmBackward0>)}
0:01:58.947128 - K crop tensor([[[2.0251e+03, 0.0000e+00, 2.5130e+02],
         [0.0000e+00, 2.0251e+03, 4.3171e+01],
         [0.0000e+00, 0.0000e+00, 1.0000e+00]]], device='cuda:0')
0:01:58.948154 - TCO_input tensor([[[ 1.0000,  0.0000,  0.0000, -0.0152],
         [ 0.0000,  1.0000,  0.0000,  0.0126],
         [ 0.0000,  0.0000,  1.0000,  0.3352],
         [ 0.0000,  0.0000,  0.0000,  1.0000]]], device='cuda:0')
0:01:58.949142 - model tco output tensor([[[-0.7890,  0.4529,  0.4152, -0.0094],
         [-0.5677, -0.7959, -0.2106,  0.0078],
         [ 0.2350, -0.4019,  0.8850,  0.2105],
         [ 0.0000,  0.0000,  0.0000,  1.0000]]], device='cuda:0',
       grad_fn=<CopySlices>)
0:01:58.988981 - Wrote debug data: /home/ubuntu/synthetic_pose_estimation/cosypose/local_data/debug_data/debug_iter=1.pth.tar
0:01:59.203077 - TCO_input tensor([[[ 1.0000,  0.0000,  0.0000, -0.0152],
         [ 0.0000,  1.0000,  0.0000,  0.0126],
         [ 0.0000,  0.0000,  1.0000,  0.3352],
         [ 0.0000,  0.0000,  0.0000,  1.0000]]], device='cuda:0')
0:01:59.204241 - vxvyvz tensor([[ 1.3252, -1.1627,  0.6280]], device='cuda:0',
       grad_fn=<SliceBackward0>)
0:01:59.205319 - dR tensor([[[-0.7890,  0.4529,  0.4152],
         [-0.5677, -0.7959, -0.2106],
         [ 0.2350, -0.4019,  0.8850]]], device='cuda:0',
       grad_fn=<StackBackward0>)
0:01:59.206217 - fxfy tensor([[2025.0536, 2025.0536]], device='cuda:0')
0:01:59.208901 - TCO_gt tensor([[[-0.7893,  0.4511,  0.4165, -0.0100],
         [-0.5688, -0.7927, -0.2192,  0.0062],
         [ 0.2313, -0.4099,  0.8823,  0.1920],
         [ 0.0000,  0.0000,  0.0000,  1.0000]]], device='cuda:0')
0:01:59.209867 - TCO pred_orn tensor([[[-0.7890,  0.4529,  0.4152, -0.0100],
         [-0.5677, -0.7959, -0.2106,  0.0062],
         [ 0.2350, -0.4019,  0.8850,  0.1920],
         [ 0.0000,  0.0000,  0.0000,  1.0000]]], device='cuda:0',
       grad_fn=<CopySlices>)
0:01:59.210943 - TCO pred_xy tensor([[[-0.7893,  0.4511,  0.4165, -0.0086],
         [-0.5688, -0.7927, -0.2192,  0.0071],
         [ 0.2313, -0.4099,  0.8823,  0.1920],
         [ 0.0000,  0.0000,  0.0000,  1.0000]]], device='cuda:0',
       grad_fn=<CopySlices>)
0:01:59.212078 - TCO pred_z tensor([[[-0.7893,  0.4511,  0.4165, -0.0100],
         [-0.5688, -0.7927, -0.2192,  0.0062],
         [ 0.2313, -0.4099,  0.8823,  0.2105],
         [ 0.0000,  0.0000,  0.0000,  1.0000]]], device='cuda:0',
       grad_fn=<CopySlices>)
0:01:59.212727 - loss orn tensor([3.4195e-05], device='cuda:0', grad_fn=<MinBackward0>)
0:01:59.213362 - loss xy tensor([0.0008], device='cuda:0', grad_fn=<MinBackward0>)
0:01:59.213957 - loss z tensor([0.0062], device='cuda:0', grad_fn=<MinBackward0>)
  0%|                                       | 0/1 [00:00<?, ?it/s, loss=0.00701]100%|███████████████████████████████| 1/1 [00:00<00:00,  4.29it/s, loss=0.00701]100%|███████████████████████████████| 1/1 [00:00<00:00,  4.28it/s, loss=0.00701]
0:01:59.000830 - saving /home/ubuntu/synthetic_pose_estimation/cosypose/local_data/experiments/bracket_assembly_debug_nut_nosym_coarse_noaug--938962 213
  0%|                                                     | 0/1 [00:00<?, ?it/s]0:01:59.416050 - iteration 0
0:01:59.460212 - outputs, {'pose': tensor([[-0.9266, -0.6704,  0.2708,  0.5600, -0.3897, -0.3465,  1.3315, -1.1661,
          0.6330]], device='cuda:0', grad_fn=<AddmmBackward0>)}
0:01:59.461912 - model_outputs {'pose': tensor([[-0.9266, -0.6704,  0.2708,  0.5600, -0.3897, -0.3465,  1.3315, -1.1661,
          0.6330]], device='cuda:0', grad_fn=<AddmmBackward0>)}
0:01:59.462689 - K crop tensor([[[1.9214e+03, 0.0000e+00, 2.6377e+02],
         [0.0000e+00, 1.9214e+03, 6.0117e+01],
         [0.0000e+00, 0.0000e+00, 1.0000e+00]]], device='cuda:0')
0:01:59.463534 - TCO_input tensor([[[ 1.0000,  0.0000,  0.0000, -0.0172],
         [ 0.0000,  1.0000,  0.0000,  0.0098],
         [ 0.0000,  0.0000,  1.0000,  0.3175],
         [ 0.0000,  0.0000,  0.0000,  1.0000]]], device='cuda:0')
0:01:59.465017 - model tco output tensor([[[-0.7884,  0.4603,  0.4081, -0.0108],
         [-0.5704, -0.7955, -0.2047,  0.0061],
         [ 0.2304, -0.3942,  0.8897,  0.2010],
         [ 0.0000,  0.0000,  0.0000,  1.0000]]], device='cuda:0',
       grad_fn=<CopySlices>)
0:01:59.503791 - Wrote debug data: /home/ubuntu/synthetic_pose_estimation/cosypose/local_data/debug_data/debug_iter=1.pth.tar
0:01:59.714074 - TCO_input tensor([[[ 1.0000,  0.0000,  0.0000, -0.0172],
         [ 0.0000,  1.0000,  0.0000,  0.0098],
         [ 0.0000,  0.0000,  1.0000,  0.3175],
         [ 0.0000,  0.0000,  0.0000,  1.0000]]], device='cuda:0')
0:01:59.714997 - vxvyvz tensor([[ 1.3315, -1.1661,  0.6330]], device='cuda:0',
       grad_fn=<SliceBackward0>)
0:01:59.715956 - dR tensor([[[-0.7884,  0.4603,  0.4081],
         [-0.5704, -0.7955, -0.2047],
         [ 0.2304, -0.3942,  0.8897]]], device='cuda:0',
       grad_fn=<StackBackward0>)
0:01:59.716789 - fxfy tensor([[1921.4467, 1921.4464]], device='cuda:0')
0:01:59.719240 - TCO_gt tensor([[[-0.7893,  0.4511,  0.4165, -0.0100],
         [-0.5688, -0.7927, -0.2192,  0.0062],
         [ 0.2313, -0.4099,  0.8823,  0.1920],
         [ 0.0000,  0.0000,  0.0000,  1.0000]]], device='cuda:0')
0:01:59.720128 - TCO pred_orn tensor([[[-0.7884,  0.4603,  0.4081, -0.0100],
         [-0.5704, -0.7955, -0.2047,  0.0062],
         [ 0.2304, -0.3942,  0.8897,  0.1920],
         [ 0.0000,  0.0000,  0.0000,  1.0000]]], device='cuda:0',
       grad_fn=<CopySlices>)
0:01:59.721018 - TCO pred_xy tensor([[[-0.7893,  0.4511,  0.4165, -0.0103],
         [-0.5688, -0.7927, -0.2192,  0.0058],
         [ 0.2313, -0.4099,  0.8823,  0.1920],
         [ 0.0000,  0.0000,  0.0000,  1.0000]]], device='cuda:0',
       grad_fn=<CopySlices>)
0:01:59.721911 - TCO pred_z tensor([[[-0.7893,  0.4511,  0.4165, -0.0100],
         [-0.5688, -0.7927, -0.2192,  0.0062],
         [ 0.2313, -0.4099,  0.8823,  0.2010],
         [ 0.0000,  0.0000,  0.0000,  1.0000]]], device='cuda:0',
       grad_fn=<CopySlices>)
0:01:59.722536 - loss orn tensor([7.4213e-05], device='cuda:0', grad_fn=<MinBackward0>)
0:01:59.723141 - loss xy tensor([0.0002], device='cuda:0', grad_fn=<MinBackward0>)
0:01:59.723745 - loss z tensor([0.0030], device='cuda:0', grad_fn=<MinBackward0>)
  0%|                                       | 0/1 [00:00<?, ?it/s, loss=0.00329]100%|███████████████████████████████| 1/1 [00:00<00:00,  4.64it/s, loss=0.00329]100%|███████████████████████████████| 1/1 [00:00<00:00,  4.63it/s, loss=0.00329]
0:01:59.477352 - saving /home/ubuntu/synthetic_pose_estimation/cosypose/local_data/experiments/bracket_assembly_debug_nut_nosym_coarse_noaug--938962 214
  0%|                                                     | 0/1 [00:00<?, ?it/s]0:01:59.892397 - iteration 0
0:01:59.936204 - outputs, {'pose': tensor([[-0.9173, -0.6694,  0.2730,  0.5587, -0.3855, -0.3480,  1.3320, -1.1671,
          0.6283]], device='cuda:0', grad_fn=<AddmmBackward0>)}
0:01:59.937880 - model_outputs {'pose': tensor([[-0.9173, -0.6694,  0.2730,  0.5587, -0.3855, -0.3480,  1.3320, -1.1671,
          0.6283]], device='cuda:0', grad_fn=<AddmmBackward0>)}
0:01:59.938693 - K crop tensor([[[2.0369e+03, 0.0000e+00, 2.7036e+02],
         [0.0000e+00, 2.0369e+03, 5.8309e+01],
         [0.0000e+00, 0.0000e+00, 1.0000e+00]]], device='cuda:0')
0:01:59.939555 - TCO_input tensor([[[ 1.0000,  0.0000,  0.0000, -0.0183],
         [ 0.0000,  1.0000,  0.0000,  0.0101],
         [ 0.0000,  0.0000,  1.0000,  0.3361],
         [ 0.0000,  0.0000,  0.0000,  1.0000]]], device='cuda:0')
0:01:59.940498 - model tco output tensor([[[-0.7854,  0.4613,  0.4127, -0.0114],
         [-0.5732, -0.7938, -0.2035,  0.0062],
         [ 0.2337, -0.3964,  0.8878,  0.2112],
         [ 0.0000,  0.0000,  0.0000,  1.0000]]], device='cuda:0',
       grad_fn=<CopySlices>)
0:01:59.979803 - Wrote debug data: /home/ubuntu/synthetic_pose_estimation/cosypose/local_data/debug_data/debug_iter=1.pth.tar
0:02:00.192115 - TCO_input tensor([[[ 1.0000,  0.0000,  0.0000, -0.0183],
         [ 0.0000,  1.0000,  0.0000,  0.0101],
         [ 0.0000,  0.0000,  1.0000,  0.3361],
         [ 0.0000,  0.0000,  0.0000,  1.0000]]], device='cuda:0')
0:02:00.193151 - vxvyvz tensor([[ 1.3320, -1.1671,  0.6283]], device='cuda:0',
       grad_fn=<SliceBackward0>)
0:02:00.194174 - dR tensor([[[-0.7854,  0.4613,  0.4127],
         [-0.5732, -0.7938, -0.2035],
         [ 0.2337, -0.3964,  0.8878]]], device='cuda:0',
       grad_fn=<StackBackward0>)
0:02:00.195046 - fxfy tensor([[2036.9159, 2036.9158]], device='cuda:0')
0:02:00.197525 - TCO_gt tensor([[[-0.7893,  0.4511,  0.4165, -0.0100],
         [-0.5688, -0.7927, -0.2192,  0.0062],
         [ 0.2313, -0.4099,  0.8823,  0.1920],
         [ 0.0000,  0.0000,  0.0000,  1.0000]]], device='cuda:0')
0:02:00.198434 - TCO pred_orn tensor([[[-0.7854,  0.4613,  0.4127, -0.0100],
         [-0.5732, -0.7938, -0.2035,  0.0062],
         [ 0.2337, -0.3964,  0.8878,  0.1920],
         [ 0.0000,  0.0000,  0.0000,  1.0000]]], device='cuda:0',
       grad_fn=<CopySlices>)
0:02:00.199339 - TCO pred_xy tensor([[[-0.7893,  0.4511,  0.4165, -0.0103],
         [-0.5688, -0.7927, -0.2192,  0.0057],
         [ 0.2313, -0.4099,  0.8823,  0.1920],
         [ 0.0000,  0.0000,  0.0000,  1.0000]]], device='cuda:0',
       grad_fn=<CopySlices>)
0:02:00.200237 - TCO pred_z tensor([[[-0.7893,  0.4511,  0.4165, -0.0100],
         [-0.5688, -0.7927, -0.2192,  0.0062],
         [ 0.2313, -0.4099,  0.8823,  0.2112],
         [ 0.0000,  0.0000,  0.0000,  1.0000]]], device='cuda:0',
       grad_fn=<CopySlices>)
0:02:00.200891 - loss orn tensor([7.3115e-05], device='cuda:0', grad_fn=<MinBackward0>)
0:02:00.203781 - loss xy tensor([0.0003], device='cuda:0', grad_fn=<MinBackward0>)
0:02:00.204415 - loss z tensor([0.0064], device='cuda:0', grad_fn=<MinBackward0>)
  0%|                                       | 0/1 [00:00<?, ?it/s, loss=0.00676]100%|███████████████████████████████| 1/1 [00:00<00:00,  4.52it/s, loss=0.00676]100%|███████████████████████████████| 1/1 [00:00<00:00,  4.51it/s, loss=0.00676]
0:01:59.957909 - saving /home/ubuntu/synthetic_pose_estimation/cosypose/local_data/experiments/bracket_assembly_debug_nut_nosym_coarse_noaug--938962 215
  0%|                                                     | 0/1 [00:00<?, ?it/s]0:02:00.372982 - iteration 0
0:02:00.416258 - outputs, {'pose': tensor([[-0.9327, -0.6706,  0.2797,  0.5541, -0.3873, -0.3540,  1.3521, -1.1716,
          0.6359]], device='cuda:0', grad_fn=<AddmmBackward0>)}
0:02:00.417958 - model_outputs {'pose': tensor([[-0.9327, -0.6706,  0.2797,  0.5541, -0.3873, -0.3540,  1.3521, -1.1716,
          0.6359]], device='cuda:0', grad_fn=<AddmmBackward0>)}
0:02:00.418735 - K crop tensor([[[1.6713e+03, 0.0000e+00, 2.6667e+02],
         [0.0000e+00, 1.6713e+03, 4.2666e+01],
         [0.0000e+00, 0.0000e+00, 1.0000e+00]]], device='cuda:0')
0:02:00.419607 - TCO_input tensor([[[ 1.0000,  0.0000,  0.0000, -0.0179],
         [ 0.0000,  1.0000,  0.0000,  0.0128],
         [ 0.0000,  0.0000,  1.0000,  0.2785],
         [ 0.0000,  0.0000,  0.0000,  1.0000]]], device='cuda:0')
0:02:00.420511 - model tco output tensor([[[-0.7889,  0.4514,  0.4171, -0.0112],
         [-0.5672, -0.7960, -0.2113,  0.0080],
         [ 0.2366, -0.4033,  0.8840,  0.1771],
         [ 0.0000,  0.0000,  0.0000,  1.0000]]], device='cuda:0',
       grad_fn=<CopySlices>)
0:02:00.460188 - Wrote debug data: /home/ubuntu/synthetic_pose_estimation/cosypose/local_data/debug_data/debug_iter=1.pth.tar
0:02:00.671461 - TCO_input tensor([[[ 1.0000,  0.0000,  0.0000, -0.0179],
         [ 0.0000,  1.0000,  0.0000,  0.0128],
         [ 0.0000,  0.0000,  1.0000,  0.2785],
         [ 0.0000,  0.0000,  0.0000,  1.0000]]], device='cuda:0')
0:02:00.672432 - vxvyvz tensor([[ 1.3521, -1.1716,  0.6359]], device='cuda:0',
       grad_fn=<SliceBackward0>)
0:02:00.673467 - dR tensor([[[-0.7889,  0.4514,  0.4171],
         [-0.5672, -0.7960, -0.2113],
         [ 0.2366, -0.4033,  0.8840]]], device='cuda:0',
       grad_fn=<StackBackward0>)
0:02:00.674358 - fxfy tensor([[1671.2759, 1671.2762]], device='cuda:0')
0:02:00.676789 - TCO_gt tensor([[[-0.7893,  0.4511,  0.4165, -0.0100],
         [-0.5688, -0.7927, -0.2192,  0.0062],
         [ 0.2313, -0.4099,  0.8823,  0.1920],
         [ 0.0000,  0.0000,  0.0000,  1.0000]]], device='cuda:0')
0:02:00.677744 - TCO pred_orn tensor([[[-0.7889,  0.4514,  0.4171, -0.0100],
         [-0.5672, -0.7960, -0.2113,  0.0062],
         [ 0.2366, -0.4033,  0.8840,  0.1920],
         [ 0.0000,  0.0000,  0.0000,  1.0000]]], device='cuda:0',
       grad_fn=<CopySlices>)
0:02:00.678654 - TCO pred_xy tensor([[[-0.7893,  0.4511,  0.4165, -0.0122],
         [-0.5688, -0.7927, -0.2192,  0.0087],
         [ 0.2313, -0.4099,  0.8823,  0.1920],
         [ 0.0000,  0.0000,  0.0000,  1.0000]]], device='cuda:0',
       grad_fn=<CopySlices>)
0:02:00.679559 - TCO pred_z tensor([[[-0.7893,  0.4511,  0.4165, -0.0100],
         [-0.5688, -0.7927, -0.2192,  0.0062],
         [ 0.2313, -0.4099,  0.8823,  0.1771],
         [ 0.0000,  0.0000,  0.0000,  1.0000]]], device='cuda:0',
       grad_fn=<CopySlices>)
0:02:00.680206 - loss orn tensor([2.9900e-05], device='cuda:0', grad_fn=<MinBackward0>)
0:02:00.680845 - loss xy tensor([0.0016], device='cuda:0', grad_fn=<MinBackward0>)
0:02:00.681500 - loss z tensor([0.0049], device='cuda:0', grad_fn=<MinBackward0>)
  0%|                                       | 0/1 [00:00<?, ?it/s, loss=0.00653]100%|███████████████████████████████| 1/1 [00:00<00:00,  4.63it/s, loss=0.00653]100%|███████████████████████████████| 1/1 [00:00<00:00,  4.62it/s, loss=0.00653]
0:02:00.431954 - saving /home/ubuntu/synthetic_pose_estimation/cosypose/local_data/experiments/bracket_assembly_debug_nut_nosym_coarse_noaug--938962 216
  0%|                                                     | 0/1 [00:00<?, ?it/s]0:02:00.850835 - iteration 0
0:02:00.903411 - outputs, {'pose': tensor([[-0.9336, -0.6692,  0.2724,  0.5447, -0.3793, -0.3608,  1.3588, -1.1716,
          0.6297]], device='cuda:0', grad_fn=<AddmmBackward0>)}
0:02:00.905529 - model_outputs {'pose': tensor([[-0.9336, -0.6692,  0.2724,  0.5447, -0.3793, -0.3608,  1.3588, -1.1716,
          0.6297]], device='cuda:0', grad_fn=<AddmmBackward0>)}
0:02:00.906541 - K crop tensor([[[1.6254e+03, 0.0000e+00, 2.7571e+02],
         [0.0000e+00, 1.6254e+03, 5.8798e+01],
         [0.0000e+00, 0.0000e+00, 1.0000e+00]]], device='cuda:0')
0:02:00.907597 - TCO_input tensor([[[ 1.0000,  0.0000,  0.0000, -0.0193],
         [ 0.0000,  1.0000,  0.0000,  0.0101],
         [ 0.0000,  0.0000,  1.0000,  0.2701],
         [ 0.0000,  0.0000,  0.0000,  1.0000]]], device='cuda:0')
0:02:00.908710 - model tco output tensor([[[-0.7908,  0.4443,  0.4209, -0.0120],
         [-0.5669, -0.7910, -0.2302,  0.0062],
         [ 0.2307, -0.4206,  0.8774,  0.1701],
         [ 0.0000,  0.0000,  0.0000,  1.0000]]], device='cuda:0',
       grad_fn=<CopySlices>)
0:02:00.951964 - Wrote debug data: /home/ubuntu/synthetic_pose_estimation/cosypose/local_data/debug_data/debug_iter=1.pth.tar
0:02:01.163102 - TCO_input tensor([[[ 1.0000,  0.0000,  0.0000, -0.0193],
         [ 0.0000,  1.0000,  0.0000,  0.0101],
         [ 0.0000,  0.0000,  1.0000,  0.2701],
         [ 0.0000,  0.0000,  0.0000,  1.0000]]], device='cuda:0')
0:02:01.164176 - vxvyvz tensor([[ 1.3588, -1.1716,  0.6297]], device='cuda:0',
       grad_fn=<SliceBackward0>)
0:02:01.165202 - dR tensor([[[-0.7908,  0.4443,  0.4209],
         [-0.5669, -0.7910, -0.2302],
         [ 0.2307, -0.4206,  0.8774]]], device='cuda:0',
       grad_fn=<StackBackward0>)
0:02:01.166110 - fxfy tensor([[1625.3750, 1625.3750]], device='cuda:0')
0:02:01.168559 - TCO_gt tensor([[[-0.7893,  0.4511,  0.4165, -0.0100],
         [-0.5688, -0.7927, -0.2192,  0.0062],
         [ 0.2313, -0.4099,  0.8823,  0.1920],
         [ 0.0000,  0.0000,  0.0000,  1.0000]]], device='cuda:0')
0:02:01.169496 - TCO pred_orn tensor([[[-0.7908,  0.4443,  0.4209, -0.0100],
         [-0.5669, -0.7910, -0.2302,  0.0062],
         [ 0.2307, -0.4206,  0.8774,  0.1920],
         [ 0.0000,  0.0000,  0.0000,  1.0000]]], device='cuda:0',
       grad_fn=<CopySlices>)
0:02:01.170389 - TCO pred_xy tensor([[[-0.7893,  0.4511,  0.4165, -0.0136],
         [-0.5688, -0.7927, -0.2192,  0.0070],
         [ 0.2313, -0.4099,  0.8823,  0.1920],
         [ 0.0000,  0.0000,  0.0000,  1.0000]]], device='cuda:0',
       grad_fn=<CopySlices>)
0:02:01.171282 - TCO pred_z tensor([[[-0.7893,  0.4511,  0.4165, -0.0100],
         [-0.5688, -0.7927, -0.2192,  0.0062],
         [ 0.2313, -0.4099,  0.8823,  0.1701],
         [ 0.0000,  0.0000,  0.0000,  1.0000]]], device='cuda:0',
       grad_fn=<CopySlices>)
0:02:01.171923 - loss orn tensor([5.2539e-05], device='cuda:0', grad_fn=<MinBackward0>)
0:02:01.172539 - loss xy tensor([0.0015], device='cuda:0', grad_fn=<MinBackward0>)
0:02:01.173167 - loss z tensor([0.0073], device='cuda:0', grad_fn=<MinBackward0>)
  0%|                                       | 0/1 [00:00<?, ?it/s, loss=0.00882]100%|███████████████████████████████| 1/1 [00:00<00:00,  4.28it/s, loss=0.00882]100%|███████████████████████████████| 1/1 [00:00<00:00,  4.27it/s, loss=0.00882]
0:02:00.934570 - saving /home/ubuntu/synthetic_pose_estimation/cosypose/local_data/experiments/bracket_assembly_debug_nut_nosym_coarse_noaug--938962 217
  0%|                                                     | 0/1 [00:00<?, ?it/s]0:02:01.349599 - iteration 0
0:02:01.393414 - outputs, {'pose': tensor([[-0.9416, -0.6719,  0.2674,  0.5398, -0.3853, -0.3649,  1.3793, -1.1763,
          0.6339]], device='cuda:0', grad_fn=<AddmmBackward0>)}
0:02:01.395073 - model_outputs {'pose': tensor([[-0.9416, -0.6719,  0.2674,  0.5398, -0.3853, -0.3649,  1.3793, -1.1763,
          0.6339]], device='cuda:0', grad_fn=<AddmmBackward0>)}
0:02:01.395852 - K crop tensor([[[1.6939e+03, 0.0000e+00, 3.3394e+02],
         [0.0000e+00, 1.6939e+03, 5.8398e+01],
         [0.0000e+00, 0.0000e+00, 1.0000e+00]]], device='cuda:0')
0:02:01.396699 - TCO_input tensor([[[ 1.0000,  0.0000,  0.0000, -0.0290],
         [ 0.0000,  1.0000,  0.0000,  0.0101],
         [ 0.0000,  0.0000,  1.0000,  0.2811],
         [ 0.0000,  0.0000,  0.0000,  1.0000]]], device='cuda:0')
0:02:01.397642 - model tco output tensor([[[-0.7931,  0.4411,  0.4200, -0.0182],
         [-0.5659, -0.7886, -0.2403,  0.0063],
         [ 0.2252, -0.4283,  0.8751,  0.1782],
         [ 0.0000,  0.0000,  0.0000,  1.0000]]], device='cuda:0',
       grad_fn=<CopySlices>)
0:02:01.438679 - Wrote debug data: /home/ubuntu/synthetic_pose_estimation/cosypose/local_data/debug_data/debug_iter=1.pth.tar
0:02:01.652277 - TCO_input tensor([[[ 1.0000,  0.0000,  0.0000, -0.0290],
         [ 0.0000,  1.0000,  0.0000,  0.0101],
         [ 0.0000,  0.0000,  1.0000,  0.2811],
         [ 0.0000,  0.0000,  0.0000,  1.0000]]], device='cuda:0')
0:02:01.653378 - vxvyvz tensor([[ 1.3793, -1.1763,  0.6339]], device='cuda:0',
       grad_fn=<SliceBackward0>)
0:02:01.654376 - dR tensor([[[-0.7931,  0.4411,  0.4200],
         [-0.5659, -0.7886, -0.2403],
         [ 0.2252, -0.4283,  0.8751]]], device='cuda:0',
       grad_fn=<StackBackward0>)
0:02:01.655231 - fxfy tensor([[1693.9412, 1693.9415]], device='cuda:0')
0:02:01.657734 - TCO_gt tensor([[[-0.7893,  0.4511,  0.4165, -0.0100],
         [-0.5688, -0.7927, -0.2192,  0.0062],
         [ 0.2313, -0.4099,  0.8823,  0.1920],
         [ 0.0000,  0.0000,  0.0000,  1.0000]]], device='cuda:0')
0:02:01.658643 - TCO pred_orn tensor([[[-0.7931,  0.4411,  0.4200, -0.0100],
         [-0.5659, -0.7886, -0.2403,  0.0062],
         [ 0.2252, -0.4283,  0.8751,  0.1920],
         [ 0.0000,  0.0000,  0.0000,  1.0000]]], device='cuda:0',
       grad_fn=<CopySlices>)
0:02:01.659537 - TCO pred_xy tensor([[[-0.7893,  0.4511,  0.4165, -0.0196],
         [-0.5688, -0.7927, -0.2192,  0.0068],
         [ 0.2313, -0.4099,  0.8823,  0.1920],
         [ 0.0000,  0.0000,  0.0000,  1.0000]]], device='cuda:0',
       grad_fn=<CopySlices>)
0:02:01.660425 - TCO pred_z tensor([[[-0.7893,  0.4511,  0.4165, -0.0100],
         [-0.5688, -0.7927, -0.2192,  0.0062],
         [ 0.2313, -0.4099,  0.8823,  0.1782],
         [ 0.0000,  0.0000,  0.0000,  1.0000]]], device='cuda:0',
       grad_fn=<CopySlices>)
0:02:01.661072 - loss orn tensor([9.1798e-05], device='cuda:0', grad_fn=<MinBackward0>)
0:02:01.661705 - loss xy tensor([0.0034], device='cuda:0', grad_fn=<MinBackward0>)
0:02:01.662324 - loss z tensor([0.0046], device='cuda:0', grad_fn=<MinBackward0>)
  0%|                                       | 0/1 [00:00<?, ?it/s, loss=0.00809]100%|███████████████████████████████| 1/1 [00:00<00:00,  4.55it/s, loss=0.00809]100%|███████████████████████████████| 1/1 [00:00<00:00,  4.54it/s, loss=0.00809]
0:02:01.417460 - saving /home/ubuntu/synthetic_pose_estimation/cosypose/local_data/experiments/bracket_assembly_debug_nut_nosym_coarse_noaug--938962 218
  0%|                                                     | 0/1 [00:00<?, ?it/s]0:02:01.832585 - iteration 0
0:02:01.876474 - outputs, {'pose': tensor([[-0.9409, -0.6626,  0.2704,  0.5451, -0.3809, -0.3585,  1.3987, -1.1888,
          0.6419]], device='cuda:0', grad_fn=<AddmmBackward0>)}
0:02:01.878112 - model_outputs {'pose': tensor([[-0.9409, -0.6626,  0.2704,  0.5451, -0.3809, -0.3585,  1.3987, -1.1888,
          0.6419]], device='cuda:0', grad_fn=<AddmmBackward0>)}
0:02:01.878891 - K crop tensor([[[1.7538e+03, 0.0000e+00, 2.8853e+02],
         [0.0000e+00, 1.7538e+03, 6.2253e+01],
         [0.0000e+00, 0.0000e+00, 1.0000e+00]]], device='cuda:0')
0:02:01.880305 - TCO_input tensor([[[ 1.0000,  0.0000,  0.0000, -0.0214],
         [ 0.0000,  1.0000,  0.0000,  0.0095],
         [ 0.0000,  0.0000,  1.0000,  0.2905],
         [ 0.0000,  0.0000,  0.0000,  1.0000]]], device='cuda:0')
0:02:01.881336 - model tco output tensor([[[-0.7959,  0.4397,  0.4161, -0.0136],
         [-0.5605, -0.7950, -0.2320,  0.0060],
         [ 0.2287, -0.4179,  0.8792,  0.1865],
         [ 0.0000,  0.0000,  0.0000,  1.0000]]], device='cuda:0',
       grad_fn=<CopySlices>)
0:02:01.918845 - Wrote debug data: /home/ubuntu/synthetic_pose_estimation/cosypose/local_data/debug_data/debug_iter=1.pth.tar
0:02:02.128002 - TCO_input tensor([[[ 1.0000,  0.0000,  0.0000, -0.0214],
         [ 0.0000,  1.0000,  0.0000,  0.0095],
         [ 0.0000,  0.0000,  1.0000,  0.2905],
         [ 0.0000,  0.0000,  0.0000,  1.0000]]], device='cuda:0')
0:02:02.128942 - vxvyvz tensor([[ 1.3987, -1.1888,  0.6419]], device='cuda:0',
       grad_fn=<SliceBackward0>)
0:02:02.129929 - dR tensor([[[-0.7959,  0.4397,  0.4161],
         [-0.5605, -0.7950, -0.2320],
         [ 0.2287, -0.4179,  0.8792]]], device='cuda:0',
       grad_fn=<StackBackward0>)
0:02:02.130777 - fxfy tensor([[1753.8263, 1753.8265]], device='cuda:0')
0:02:02.133216 - TCO_gt tensor([[[-0.7893,  0.4511,  0.4165, -0.0100],
         [-0.5688, -0.7927, -0.2192,  0.0062],
         [ 0.2313, -0.4099,  0.8823,  0.1920],
         [ 0.0000,  0.0000,  0.0000,  1.0000]]], device='cuda:0')
0:02:02.134130 - TCO pred_orn tensor([[[-0.7959,  0.4397,  0.4161, -0.0100],
         [-0.5605, -0.7950, -0.2320,  0.0062],
         [ 0.2287, -0.4179,  0.8792,  0.1920],
         [ 0.0000,  0.0000,  0.0000,  1.0000]]], device='cuda:0',
       grad_fn=<CopySlices>)
0:02:02.135018 - TCO pred_xy tensor([[[-0.7893,  0.4511,  0.4165, -0.0140],
         [-0.5688, -0.7927, -0.2192,  0.0061],
         [ 0.2313, -0.4099,  0.8823,  0.1920],
         [ 0.0000,  0.0000,  0.0000,  1.0000]]], device='cuda:0',
       grad_fn=<CopySlices>)
0:02:02.135906 - TCO pred_z tensor([[[-0.7893,  0.4511,  0.4165, -0.0100],
         [-0.5688, -0.7927, -0.2192,  0.0062],
         [ 0.2313, -0.4099,  0.8823,  0.1865],
         [ 0.0000,  0.0000,  0.0000,  1.0000]]], device='cuda:0',
       grad_fn=<CopySlices>)
0:02:02.136532 - loss orn tensor([6.4605e-05], device='cuda:0', grad_fn=<MinBackward0>)
0:02:02.137161 - loss xy tensor([0.0013], device='cuda:0', grad_fn=<MinBackward0>)
0:02:02.137797 - loss z tensor([0.0018], device='cuda:0', grad_fn=<MinBackward0>)
  0%|                                       | 0/1 [00:00<?, ?it/s, loss=0.00324]100%|███████████████████████████████| 1/1 [00:00<00:00,  4.70it/s, loss=0.00324]100%|███████████████████████████████| 1/1 [00:00<00:00,  4.69it/s, loss=0.00324]
0:02:01.892554 - saving /home/ubuntu/synthetic_pose_estimation/cosypose/local_data/experiments/bracket_assembly_debug_nut_nosym_coarse_noaug--938962 219
  0%|                                                     | 0/1 [00:00<?, ?it/s]0:02:02.307637 - iteration 0
0:02:02.351808 - outputs, {'pose': tensor([[-0.9391, -0.6717,  0.2722,  0.5635, -0.3981, -0.3572,  1.4139, -1.2001,
          0.6384]], device='cuda:0', grad_fn=<AddmmBackward0>)}
0:02:02.353513 - model_outputs {'pose': tensor([[-0.9391, -0.6717,  0.2722,  0.5635, -0.3981, -0.3572,  1.4139, -1.2001,
          0.6384]], device='cuda:0', grad_fn=<AddmmBackward0>)}
0:02:02.354305 - K crop tensor([[[2.1075e+03, 0.0000e+00, 2.9700e+02],
         [0.0000e+00, 2.1075e+03, 8.7660e+01],
         [0.0000e+00, 0.0000e+00, 1.0000e+00]]], device='cuda:0')
0:02:02.355170 - TCO_input tensor([[[ 1.0000,  0.0000,  0.0000, -0.0225],
         [ 0.0000,  1.0000,  0.0000,  0.0052],
         [ 0.0000,  0.0000,  1.0000,  0.3455],
         [ 0.0000,  0.0000,  0.0000,  1.0000]]], device='cuda:0')
0:02:02.356658 - model tco output tensor([[[-0.7917,  0.4527,  0.4103, -0.0142],
         [-0.5662, -0.7958, -0.2145,  0.0032],
         [ 0.2295, -0.4022,  0.8863,  0.2206],
         [ 0.0000,  0.0000,  0.0000,  1.0000]]], device='cuda:0',
       grad_fn=<CopySlices>)
0:02:02.393828 - Wrote debug data: /home/ubuntu/synthetic_pose_estimation/cosypose/local_data/debug_data/debug_iter=1.pth.tar
0:02:02.604463 - TCO_input tensor([[[ 1.0000,  0.0000,  0.0000, -0.0225],
         [ 0.0000,  1.0000,  0.0000,  0.0052],
         [ 0.0000,  0.0000,  1.0000,  0.3455],
         [ 0.0000,  0.0000,  0.0000,  1.0000]]], device='cuda:0')
0:02:02.605511 - vxvyvz tensor([[ 1.4139, -1.2001,  0.6384]], device='cuda:0',
       grad_fn=<SliceBackward0>)
0:02:02.606511 - dR tensor([[[-0.7917,  0.4527,  0.4103],
         [-0.5662, -0.7958, -0.2145],
         [ 0.2295, -0.4022,  0.8863]]], device='cuda:0',
       grad_fn=<StackBackward0>)
0:02:02.607366 - fxfy tensor([[2107.4614, 2107.4612]], device='cuda:0')
0:02:02.609865 - TCO_gt tensor([[[-0.7893,  0.4511,  0.4165, -0.0100],
         [-0.5688, -0.7927, -0.2192,  0.0062],
         [ 0.2313, -0.4099,  0.8823,  0.1920],
         [ 0.0000,  0.0000,  0.0000,  1.0000]]], device='cuda:0')
0:02:02.610768 - TCO pred_orn tensor([[[-0.7917,  0.4527,  0.4103, -0.0100],
         [-0.5662, -0.7958, -0.2145,  0.0062],
         [ 0.2295, -0.4022,  0.8863,  0.1920],
         [ 0.0000,  0.0000,  0.0000,  1.0000]]], device='cuda:0',
       grad_fn=<CopySlices>)
0:02:02.611661 - TCO pred_xy tensor([[[-0.7893,  0.4511,  0.4165, -0.0124],
         [-0.5688, -0.7927, -0.2192,  0.0028],
         [ 0.2313, -0.4099,  0.8823,  0.1920],
         [ 0.0000,  0.0000,  0.0000,  1.0000]]], device='cuda:0',
       grad_fn=<CopySlices>)
0:02:02.612553 - TCO pred_z tensor([[[-0.7893,  0.4511,  0.4165, -0.0100],
         [-0.5688, -0.7927, -0.2192,  0.0062],
         [ 0.2313, -0.4099,  0.8823,  0.2206],
         [ 0.0000,  0.0000,  0.0000,  1.0000]]], device='cuda:0',
       grad_fn=<CopySlices>)
0:02:02.613195 - loss orn tensor([3.5648e-05], device='cuda:0', grad_fn=<MinBackward0>)
0:02:02.613832 - loss xy tensor([0.0019], device='cuda:0', grad_fn=<MinBackward0>)
0:02:02.614444 - loss z tensor([0.0095], device='cuda:0', grad_fn=<MinBackward0>)
  0%|                                        | 0/1 [00:00<?, ?it/s, loss=0.0115]100%|████████████████████████████████| 1/1 [00:00<00:00,  4.67it/s, loss=0.0115]100%|████████████████████████████████| 1/1 [00:00<00:00,  4.66it/s, loss=0.0115]
  0%|                                                     | 0/1 [00:00<?, ?it/s]0:02:02.522022 - iteration 0
0:02:02.559188 - outputs, {'pose': tensor([[-0.0248,  0.0045, -0.0230,  0.0888,  0.0104, -0.0773,  0.1032, -0.0734,
          0.0885]], device='cuda:0')}
0:02:02.560632 - model_outputs {'pose': tensor([[-0.0248,  0.0045, -0.0230,  0.0888,  0.0104, -0.0773,  0.1032, -0.0734,
          0.0885]], device='cuda:0')}
0:02:02.561401 - K crop tensor([[[1.6438e+03, 0.0000e+00, 2.7667e+02],
         [0.0000e+00, 1.6438e+03, 6.5172e+01],
         [0.0000e+00, 0.0000e+00, 1.0000e+00]]], device='cuda:0')
0:02:02.562252 - TCO_input tensor([[[ 1.0000,  0.0000,  0.0000, -0.0194],
         [ 0.0000,  1.0000,  0.0000,  0.0090],
         [ 0.0000,  0.0000,  1.0000,  0.2727],
         [ 0.0000,  0.0000,  0.0000,  1.0000]]], device='cuda:0')
0:02:02.563114 - model tco output tensor([[[-7.2724e-01,  6.8587e-01, -2.6323e-02, -1.7184e-03],
         [ 1.3077e-01,  1.0080e-01, -9.8628e-01,  7.9640e-04],
         [-6.7381e-01, -7.2071e-01, -1.6300e-01,  2.4129e-02],
         [ 0.0000e+00,  0.0000e+00,  0.0000e+00,  1.0000e+00]]],
       device='cuda:0')
0:02:02.601269 - Wrote debug data: /home/ubuntu/synthetic_pose_estimation/cosypose/local_data/debug_data/debug_iter=1.pth.tar
0:02:02.812572 - TCO_input tensor([[[ 1.0000,  0.0000,  0.0000, -0.0194],
         [ 0.0000,  1.0000,  0.0000,  0.0090],
         [ 0.0000,  0.0000,  1.0000,  0.2727],
         [ 0.0000,  0.0000,  0.0000,  1.0000]]], device='cuda:0')
0:02:02.813519 - vxvyvz tensor([[ 0.1032, -0.0734,  0.0885]], device='cuda:0')
0:02:02.814470 - dR tensor([[[-0.7272,  0.6859, -0.0263],
         [ 0.1308,  0.1008, -0.9863],
         [-0.6738, -0.7207, -0.1630]]], device='cuda:0')
0:02:02.815307 - fxfy tensor([[1643.8188, 1643.8188]], device='cuda:0')
0:02:02.817586 - TCO_gt tensor([[[-0.7893,  0.4511,  0.4165, -0.0100],
         [-0.5688, -0.7927, -0.2192,  0.0062],
         [ 0.2313, -0.4099,  0.8823,  0.1920],
         [ 0.0000,  0.0000,  0.0000,  1.0000]]], device='cuda:0')
0:02:02.818474 - TCO pred_orn tensor([[[-0.7272,  0.6859, -0.0263, -0.0100],
         [ 0.1308,  0.1008, -0.9863,  0.0062],
         [-0.6738, -0.7207, -0.1630,  0.1920],
         [ 0.0000,  0.0000,  0.0000,  1.0000]]], device='cuda:0')
0:02:02.819366 - TCO pred_xy tensor([[[-0.7893,  0.4511,  0.4165, -0.0137],
         [-0.5688, -0.7927, -0.2192,  0.0063],
         [ 0.2313, -0.4099,  0.8823,  0.1920],
         [ 0.0000,  0.0000,  0.0000,  1.0000]]], device='cuda:0')
0:02:02.820244 - TCO pred_z tensor([[[-0.7893,  0.4511,  0.4165, -0.0100],
         [-0.5688, -0.7927, -0.2192,  0.0062],
         [ 0.2313, -0.4099,  0.8823,  0.0241],
         [ 0.0000,  0.0000,  0.0000,  1.0000]]], device='cuda:0')
0:02:02.820877 - loss orn tensor([0.0053], device='cuda:0')
0:02:02.821521 - loss xy tensor([0.0013], device='cuda:0')
0:02:02.822130 - loss z tensor([0.0559], device='cuda:0')
100%|█████████████████████████████████████████████| 1/1 [00:00<00:00,  8.41it/s]100%|█████████████████████████████████████████████| 1/1 [00:00<00:00,  8.38it/s]
0:02:02.491592 - saving /home/ubuntu/synthetic_pose_estimation/cosypose/local_data/experiments/bracket_assembly_debug_nut_nosym_coarse_noaug--938962 220
  0%|                                                     | 0/1 [00:00<?, ?it/s]0:02:02.903388 - iteration 0
0:02:02.946751 - outputs, {'pose': tensor([[-0.9361, -0.6737,  0.2666,  0.5583, -0.3923, -0.3565,  1.4334, -1.2032,
          0.6539]], device='cuda:0', grad_fn=<AddmmBackward0>)}
0:02:02.948306 - model_outputs {'pose': tensor([[-0.9361, -0.6737,  0.2666,  0.5583, -0.3923, -0.3565,  1.4334, -1.2032,
          0.6539]], device='cuda:0', grad_fn=<AddmmBackward0>)}
0:02:02.949072 - K crop tensor([[[1.5013e+03, 0.0000e+00, 2.5006e+02],
         [0.0000e+00, 1.5013e+03, 3.7564e+01],
         [0.0000e+00, 0.0000e+00, 1.0000e+00]]], device='cuda:0')
0:02:02.949935 - TCO_input tensor([[[ 1.0000,  0.0000,  0.0000, -0.0152],
         [ 0.0000,  1.0000,  0.0000,  0.0137],
         [ 0.0000,  0.0000,  1.0000,  0.2517],
         [ 0.0000,  0.0000,  0.0000,  1.0000]]], device='cuda:0')
0:02:02.950824 - model tco output tensor([[[-0.7908,  0.4541,  0.4104, -0.0098],
         [-0.5692, -0.7922, -0.2201,  0.0088],
         [ 0.2252, -0.4076,  0.8849,  0.1646],
         [ 0.0000,  0.0000,  0.0000,  1.0000]]], device='cuda:0',
       grad_fn=<CopySlices>)
0:02:02.991355 - Wrote debug data: /home/ubuntu/synthetic_pose_estimation/cosypose/local_data/debug_data/debug_iter=1.pth.tar
0:02:03.202955 - TCO_input tensor([[[ 1.0000,  0.0000,  0.0000, -0.0152],
         [ 0.0000,  1.0000,  0.0000,  0.0137],
         [ 0.0000,  0.0000,  1.0000,  0.2517],
         [ 0.0000,  0.0000,  0.0000,  1.0000]]], device='cuda:0')
0:02:03.204049 - vxvyvz tensor([[ 1.4334, -1.2032,  0.6539]], device='cuda:0',
       grad_fn=<SliceBackward0>)
0:02:03.205061 - dR tensor([[[-0.7908,  0.4541,  0.4104],
         [-0.5692, -0.7922, -0.2201],
         [ 0.2252, -0.4076,  0.8849]]], device='cuda:0',
       grad_fn=<StackBackward0>)
0:02:03.205935 - fxfy tensor([[1501.3269, 1501.3268]], device='cuda:0')
0:02:03.208377 - TCO_gt tensor([[[-0.7893,  0.4511,  0.4165, -0.0100],
         [-0.5688, -0.7927, -0.2192,  0.0062],
         [ 0.2313, -0.4099,  0.8823,  0.1920],
         [ 0.0000,  0.0000,  0.0000,  1.0000]]], device='cuda:0')
0:02:03.209313 - TCO pred_orn tensor([[[-0.7908,  0.4541,  0.4104, -0.0100],
         [-0.5692, -0.7922, -0.2201,  0.0062],
         [ 0.2252, -0.4076,  0.8849,  0.1920],
         [ 0.0000,  0.0000,  0.0000,  1.0000]]], device='cuda:0',
       grad_fn=<CopySlices>)
0:02:03.210197 - TCO pred_xy tensor([[[-0.7893,  0.4511,  0.4165, -0.0114],
         [-0.5688, -0.7927, -0.2192,  0.0103],
         [ 0.2313, -0.4099,  0.8823,  0.1920],
         [ 0.0000,  0.0000,  0.0000,  1.0000]]], device='cuda:0',
       grad_fn=<CopySlices>)
0:02:03.211084 - TCO pred_z tensor([[[-0.7893,  0.4511,  0.4165, -0.0100],
         [-0.5688, -0.7927, -0.2192,  0.0062],
         [ 0.2313, -0.4099,  0.8823,  0.1646],
         [ 0.0000,  0.0000,  0.0000,  1.0000]]], device='cuda:0',
       grad_fn=<CopySlices>)
0:02:03.211736 - loss orn tensor([2.4859e-05], device='cuda:0', grad_fn=<MinBackward0>)
0:02:03.212351 - loss xy tensor([0.0018], device='cuda:0', grad_fn=<MinBackward0>)
0:02:03.212981 - loss z tensor([0.0091], device='cuda:0', grad_fn=<MinBackward0>)
  0%|                                         | 0/1 [00:00<?, ?it/s, loss=0.011]100%|█████████████████████████████████| 1/1 [00:00<00:00,  4.65it/s, loss=0.011]100%|█████████████████████████████████| 1/1 [00:00<00:00,  4.65it/s, loss=0.011]
0:02:02.970104 - saving /home/ubuntu/synthetic_pose_estimation/cosypose/local_data/experiments/bracket_assembly_debug_nut_nosym_coarse_noaug--938962 221
  0%|                                                     | 0/1 [00:00<?, ?it/s]0:02:03.385145 - iteration 0
0:02:03.428186 - outputs, {'pose': tensor([[-0.9174, -0.6829,  0.2766,  0.5594, -0.3962, -0.3536,  1.4499, -1.1983,
          0.6516]], device='cuda:0', grad_fn=<AddmmBackward0>)}
0:02:03.429745 - model_outputs {'pose': tensor([[-0.9174, -0.6829,  0.2766,  0.5594, -0.3962, -0.3536,  1.4499, -1.1983,
          0.6516]], device='cuda:0', grad_fn=<AddmmBackward0>)}
0:02:03.430503 - K crop tensor([[[1.7980e+03, 0.0000e+00, 3.0167e+02],
         [0.0000e+00, 1.7980e+03, 1.2179e+02],
         [0.0000e+00, 0.0000e+00, 1.0000e+00]]], device='cuda:0')
0:02:03.431311 - TCO_input tensor([[[ 1.0000e+00,  0.0000e+00,  0.0000e+00, -2.3249e-02],
         [ 0.0000e+00,  1.0000e+00,  0.0000e+00, -3.7421e-04],
         [ 0.0000e+00,  0.0000e+00,  1.0000e+00,  2.9404e-01],
         [ 0.0000e+00,  0.0000e+00,  0.0000e+00,  1.0000e+00]]],
       device='cuda:0')
0:02:03.432174 - model tco output tensor([[[-7.7970e-01,  4.6687e-01,  4.1726e-01, -1.4994e-02],
         [-5.8037e-01, -7.8898e-01, -2.0170e-01, -3.7151e-04],
         [ 2.3504e-01, -3.9943e-01,  8.8612e-01,  1.9158e-01],
         [ 0.0000e+00,  0.0000e+00,  0.0000e+00,  1.0000e+00]]],
       device='cuda:0', grad_fn=<CopySlices>)
0:02:03.469246 - Wrote debug data: /home/ubuntu/synthetic_pose_estimation/cosypose/local_data/debug_data/debug_iter=1.pth.tar
0:02:03.681782 - TCO_input tensor([[[ 1.0000e+00,  0.0000e+00,  0.0000e+00, -2.3249e-02],
         [ 0.0000e+00,  1.0000e+00,  0.0000e+00, -3.7421e-04],
         [ 0.0000e+00,  0.0000e+00,  1.0000e+00,  2.9404e-01],
         [ 0.0000e+00,  0.0000e+00,  0.0000e+00,  1.0000e+00]]],
       device='cuda:0')
0:02:03.682720 - vxvyvz tensor([[ 1.4499, -1.1983,  0.6516]], device='cuda:0',
       grad_fn=<SliceBackward0>)
0:02:03.683686 - dR tensor([[[-0.7797,  0.4669,  0.4173],
         [-0.5804, -0.7890, -0.2017],
         [ 0.2350, -0.3994,  0.8861]]], device='cuda:0',
       grad_fn=<StackBackward0>)
0:02:03.684535 - fxfy tensor([[1798.0250, 1798.0250]], device='cuda:0')
0:02:03.687022 - TCO_gt tensor([[[-0.7893,  0.4511,  0.4165, -0.0100],
         [-0.5688, -0.7927, -0.2192,  0.0062],
         [ 0.2313, -0.4099,  0.8823,  0.1920],
         [ 0.0000,  0.0000,  0.0000,  1.0000]]], device='cuda:0')
0:02:03.687930 - TCO pred_orn tensor([[[-0.7797,  0.4669,  0.4173, -0.0100],
         [-0.5804, -0.7890, -0.2017,  0.0062],
         [ 0.2350, -0.3994,  0.8861,  0.1920],
         [ 0.0000,  0.0000,  0.0000,  1.0000]]], device='cuda:0',
       grad_fn=<CopySlices>)
0:02:03.688797 - TCO pred_xy tensor([[[-7.8929e-01,  4.5115e-01,  4.1651e-01, -1.5024e-02],
         [-5.6879e-01, -7.9274e-01, -2.1920e-01, -3.7225e-04],
         [ 2.3129e-01, -4.0992e-01,  8.8231e-01,  1.9197e-01],
         [ 0.0000e+00,  0.0000e+00,  0.0000e+00,  1.0000e+00]]],
       device='cuda:0', grad_fn=<CopySlices>)
0:02:03.689728 - TCO pred_z tensor([[[-0.7893,  0.4511,  0.4165, -0.0100],
         [-0.5688, -0.7927, -0.2192,  0.0062],
         [ 0.2313, -0.4099,  0.8823,  0.1916],
         [ 0.0000,  0.0000,  0.0000,  1.0000]]], device='cuda:0',
       grad_fn=<CopySlices>)
0:02:03.690371 - loss orn tensor([8.9671e-05], device='cuda:0', grad_fn=<MinBackward0>)
0:02:03.690987 - loss xy tensor([0.0039], device='cuda:0', grad_fn=<MinBackward0>)
0:02:03.691602 - loss z tensor([0.0001], device='cuda:0', grad_fn=<MinBackward0>)
  0%|                                       | 0/1 [00:00<?, ?it/s, loss=0.00407]100%|███████████████████████████████| 1/1 [00:00<00:00,  4.67it/s, loss=0.00407]100%|███████████████████████████████| 1/1 [00:00<00:00,  4.65it/s, loss=0.00407]
0:02:03.441732 - saving /home/ubuntu/synthetic_pose_estimation/cosypose/local_data/experiments/bracket_assembly_debug_nut_nosym_coarse_noaug--938962 222
  0%|                                                     | 0/1 [00:00<?, ?it/s]0:02:03.856815 - iteration 0
0:02:03.900551 - outputs, {'pose': tensor([[-0.9273, -0.6820,  0.2779,  0.5547, -0.3988, -0.3485,  1.4786, -1.2028,
          0.6681]], device='cuda:0', grad_fn=<AddmmBackward0>)}
0:02:03.902184 - model_outputs {'pose': tensor([[-0.9273, -0.6820,  0.2779,  0.5547, -0.3988, -0.3485,  1.4786, -1.2028,
          0.6681]], device='cuda:0', grad_fn=<AddmmBackward0>)}
0:02:03.902965 - K crop tensor([[[1.7917e+03, 0.0000e+00, 2.5316e+02],
         [0.0000e+00, 1.7917e+03, 5.9266e+01],
         [0.0000e+00, 0.0000e+00, 1.0000e+00]]], device='cuda:0')
0:02:03.903803 - TCO_input tensor([[[ 1.0000,  0.0000,  0.0000, -0.0155],
         [ 0.0000,  1.0000,  0.0000,  0.0100],
         [ 0.0000,  0.0000,  1.0000,  0.2967],
         [ 0.0000,  0.0000,  0.0000,  1.0000]]], device='cuda:0')
0:02:03.904920 - model tco output tensor([[[-0.7831,  0.4644,  0.4137, -0.0102],
         [-0.5759, -0.7925, -0.2006,  0.0065],
         [ 0.2347, -0.3954,  0.8880,  0.1982],
         [ 0.0000,  0.0000,  0.0000,  1.0000]]], device='cuda:0',
       grad_fn=<CopySlices>)
0:02:03.944348 - Wrote debug data: /home/ubuntu/synthetic_pose_estimation/cosypose/local_data/debug_data/debug_iter=1.pth.tar
0:02:04.155606 - TCO_input tensor([[[ 1.0000,  0.0000,  0.0000, -0.0155],
         [ 0.0000,  1.0000,  0.0000,  0.0100],
         [ 0.0000,  0.0000,  1.0000,  0.2967],
         [ 0.0000,  0.0000,  0.0000,  1.0000]]], device='cuda:0')
0:02:04.156617 - vxvyvz tensor([[ 1.4786, -1.2028,  0.6681]], device='cuda:0',
       grad_fn=<SliceBackward0>)
0:02:04.157646 - dR tensor([[[-0.7831,  0.4644,  0.4137],
         [-0.5759, -0.7925, -0.2006],
         [ 0.2347, -0.3954,  0.8880]]], device='cuda:0',
       grad_fn=<StackBackward0>)
0:02:04.158501 - fxfy tensor([[1791.6685, 1791.6685]], device='cuda:0')
0:02:04.161106 - TCO_gt tensor([[[-0.7893,  0.4511,  0.4165, -0.0100],
         [-0.5688, -0.7927, -0.2192,  0.0062],
         [ 0.2313, -0.4099,  0.8823,  0.1920],
         [ 0.0000,  0.0000,  0.0000,  1.0000]]], device='cuda:0')
0:02:04.162119 - TCO pred_orn tensor([[[-0.7831,  0.4644,  0.4137, -0.0100],
         [-0.5759, -0.7925, -0.2006,  0.0062],
         [ 0.2347, -0.3954,  0.8880,  0.1920],
         [ 0.0000,  0.0000,  0.0000,  1.0000]]], device='cuda:0',
       grad_fn=<CopySlices>)
0:02:04.163049 - TCO pred_xy tensor([[[-0.7893,  0.4511,  0.4165, -0.0099],
         [-0.5688, -0.7927, -0.2192,  0.0063],
         [ 0.2313, -0.4099,  0.8823,  0.1920],
         [ 0.0000,  0.0000,  0.0000,  1.0000]]], device='cuda:0',
       grad_fn=<CopySlices>)
0:02:04.163934 - TCO pred_z tensor([[[-0.7893,  0.4511,  0.4165, -0.0100],
         [-0.5688, -0.7927, -0.2192,  0.0062],
         [ 0.2313, -0.4099,  0.8823,  0.1982],
         [ 0.0000,  0.0000,  0.0000,  1.0000]]], device='cuda:0',
       grad_fn=<CopySlices>)
0:02:04.164547 - loss orn tensor([8.7075e-05], device='cuda:0', grad_fn=<MinBackward0>)
0:02:04.165187 - loss xy tensor([9.0980e-05], device='cuda:0', grad_fn=<MinBackward0>)
0:02:04.165847 - loss z tensor([0.0021], device='cuda:0', grad_fn=<MinBackward0>)
  0%|                                       | 0/1 [00:00<?, ?it/s, loss=0.00227]100%|███████████████████████████████| 1/1 [00:00<00:00,  4.48it/s, loss=0.00227]100%|███████████████████████████████| 1/1 [00:00<00:00,  4.46it/s, loss=0.00227]
0:02:03.930444 - saving /home/ubuntu/synthetic_pose_estimation/cosypose/local_data/experiments/bracket_assembly_debug_nut_nosym_coarse_noaug--938962 223
  0%|                                                     | 0/1 [00:00<?, ?it/s]0:02:04.345796 - iteration 0
0:02:04.390036 - outputs, {'pose': tensor([[-0.9216, -0.6736,  0.2781,  0.5546, -0.4065, -0.3612,  1.4962, -1.2120,
          0.6804]], device='cuda:0', grad_fn=<AddmmBackward0>)}
0:02:04.391681 - model_outputs {'pose': tensor([[-0.9216, -0.6736,  0.2781,  0.5546, -0.4065, -0.3612,  1.4962, -1.2120,
          0.6804]], device='cuda:0', grad_fn=<AddmmBackward0>)}
0:02:04.392474 - K crop tensor([[[1.8687e+03, 0.0000e+00, 2.8644e+02],
         [0.0000e+00, 1.8687e+03, 3.4155e+01],
         [0.0000e+00, 0.0000e+00, 1.0000e+00]]], device='cuda:0')
0:02:04.393338 - TCO_input tensor([[[ 1.0000,  0.0000,  0.0000, -0.0211],
         [ 0.0000,  1.0000,  0.0000,  0.0142],
         [ 0.0000,  0.0000,  1.0000,  0.3107],
         [ 0.0000,  0.0000,  0.0000,  1.0000]]], device='cuda:0')
0:02:04.394819 - model tco output tensor([[[-0.7844,  0.4561,  0.4204, -0.0142],
         [-0.5733, -0.7918, -0.2107,  0.0095],
         [ 0.2367, -0.4063,  0.8825,  0.2114],
         [ 0.0000,  0.0000,  0.0000,  1.0000]]], device='cuda:0',
       grad_fn=<CopySlices>)
0:02:04.433782 - Wrote debug data: /home/ubuntu/synthetic_pose_estimation/cosypose/local_data/debug_data/debug_iter=1.pth.tar
0:02:04.644090 - TCO_input tensor([[[ 1.0000,  0.0000,  0.0000, -0.0211],
         [ 0.0000,  1.0000,  0.0000,  0.0142],
         [ 0.0000,  0.0000,  1.0000,  0.3107],
         [ 0.0000,  0.0000,  0.0000,  1.0000]]], device='cuda:0')
0:02:04.645110 - vxvyvz tensor([[ 1.4962, -1.2120,  0.6804]], device='cuda:0',
       grad_fn=<SliceBackward0>)
0:02:04.646127 - dR tensor([[[-0.7844,  0.4561,  0.4204],
         [-0.5733, -0.7918, -0.2107],
         [ 0.2367, -0.4063,  0.8825]]], device='cuda:0',
       grad_fn=<StackBackward0>)
0:02:04.646980 - fxfy tensor([[1868.7173, 1868.7174]], device='cuda:0')
0:02:04.649478 - TCO_gt tensor([[[-0.7893,  0.4511,  0.4165, -0.0100],
         [-0.5688, -0.7927, -0.2192,  0.0062],
         [ 0.2313, -0.4099,  0.8823,  0.1920],
         [ 0.0000,  0.0000,  0.0000,  1.0000]]], device='cuda:0')
0:02:04.650380 - TCO pred_orn tensor([[[-0.7844,  0.4561,  0.4204, -0.0100],
         [-0.5733, -0.7918, -0.2107,  0.0062],
         [ 0.2367, -0.4063,  0.8825,  0.1920],
         [ 0.0000,  0.0000,  0.0000,  1.0000]]], device='cuda:0',
       grad_fn=<CopySlices>)
0:02:04.651269 - TCO pred_xy tensor([[[-0.7893,  0.4511,  0.4165, -0.0129],
         [-0.5688, -0.7927, -0.2192,  0.0086],
         [ 0.2313, -0.4099,  0.8823,  0.1920],
         [ 0.0000,  0.0000,  0.0000,  1.0000]]], device='cuda:0',
       grad_fn=<CopySlices>)
0:02:04.652136 - TCO pred_z tensor([[[-0.7893,  0.4511,  0.4165, -0.0100],
         [-0.5688, -0.7927, -0.2192,  0.0062],
         [ 0.2313, -0.4099,  0.8823,  0.2114],
         [ 0.0000,  0.0000,  0.0000,  1.0000]]], device='cuda:0',
       grad_fn=<CopySlices>)
0:02:04.652749 - loss orn tensor([4.1160e-05], device='cuda:0', grad_fn=<MinBackward0>)
0:02:04.653382 - loss xy tensor([0.0018], device='cuda:0', grad_fn=<MinBackward0>)
0:02:04.653983 - loss z tensor([0.0065], device='cuda:0', grad_fn=<MinBackward0>)
  0%|                                       | 0/1 [00:00<?, ?it/s, loss=0.00831]100%|███████████████████████████████| 1/1 [00:00<00:00,  4.62it/s, loss=0.00831]100%|███████████████████████████████| 1/1 [00:00<00:00,  4.61it/s, loss=0.00831]
0:02:04.401912 - saving /home/ubuntu/synthetic_pose_estimation/cosypose/local_data/experiments/bracket_assembly_debug_nut_nosym_coarse_noaug--938962 224
  0%|                                                     | 0/1 [00:00<?, ?it/s]0:02:04.817210 - iteration 0
0:02:04.860867 - outputs, {'pose': tensor([[-0.9319, -0.6780,  0.2769,  0.5506, -0.3908, -0.3707,  1.5214, -1.2304,
          0.6774]], device='cuda:0', grad_fn=<AddmmBackward0>)}
0:02:04.862460 - model_outputs {'pose': tensor([[-0.9319, -0.6780,  0.2769,  0.5506, -0.3908, -0.3707,  1.5214, -1.2304,
          0.6774]], device='cuda:0', grad_fn=<AddmmBackward0>)}
0:02:04.863237 - K crop tensor([[[1.7931e+03, 0.0000e+00, 2.5589e+02],
         [0.0000e+00, 1.7931e+03, 3.7504e+01],
         [0.0000e+00, 0.0000e+00, 1.0000e+00]]], device='cuda:0')
0:02:04.864079 - TCO_input tensor([[[ 1.0000,  0.0000,  0.0000, -0.0160],
         [ 0.0000,  1.0000,  0.0000,  0.0136],
         [ 0.0000,  0.0000,  1.0000,  0.2984],
         [ 0.0000,  0.0000,  0.0000,  1.0000]]], device='cuda:0')
0:02:04.865910 - model tco output tensor([[[-0.7862,  0.4471,  0.4266, -0.0107],
         [-0.5721, -0.7876, -0.2289,  0.0091],
         [ 0.2337, -0.4240,  0.8750,  0.2021],
         [ 0.0000,  0.0000,  0.0000,  1.0000]]], device='cuda:0',
       grad_fn=<CopySlices>)
0:02:04.904557 - Wrote debug data: /home/ubuntu/synthetic_pose_estimation/cosypose/local_data/debug_data/debug_iter=1.pth.tar
0:02:05.114625 - TCO_input tensor([[[ 1.0000,  0.0000,  0.0000, -0.0160],
         [ 0.0000,  1.0000,  0.0000,  0.0136],
         [ 0.0000,  0.0000,  1.0000,  0.2984],
         [ 0.0000,  0.0000,  0.0000,  1.0000]]], device='cuda:0')
0:02:05.115570 - vxvyvz tensor([[ 1.5214, -1.2304,  0.6774]], device='cuda:0',
       grad_fn=<SliceBackward0>)
0:02:05.116529 - dR tensor([[[-0.7862,  0.4471,  0.4266],
         [-0.5721, -0.7876, -0.2289],
         [ 0.2337, -0.4240,  0.8750]]], device='cuda:0',
       grad_fn=<StackBackward0>)
0:02:05.117419 - fxfy tensor([[1793.0867, 1793.0864]], device='cuda:0')
0:02:05.119831 - TCO_gt tensor([[[-0.7893,  0.4511,  0.4165, -0.0100],
         [-0.5688, -0.7927, -0.2192,  0.0062],
         [ 0.2313, -0.4099,  0.8823,  0.1920],
         [ 0.0000,  0.0000,  0.0000,  1.0000]]], device='cuda:0')
0:02:05.120736 - TCO pred_orn tensor([[[-0.7862,  0.4471,  0.4266, -0.0100],
         [-0.5721, -0.7876, -0.2289,  0.0062],
         [ 0.2337, -0.4240,  0.8750,  0.1920],
         [ 0.0000,  0.0000,  0.0000,  1.0000]]], device='cuda:0',
       grad_fn=<CopySlices>)
0:02:05.121671 - TCO pred_xy tensor([[[-0.7893,  0.4511,  0.4165, -0.0102],
         [-0.5688, -0.7927, -0.2192,  0.0086],
         [ 0.2313, -0.4099,  0.8823,  0.1920],
         [ 0.0000,  0.0000,  0.0000,  1.0000]]], device='cuda:0',
       grad_fn=<CopySlices>)
0:02:05.122556 - TCO pred_z tensor([[[-0.7893,  0.4511,  0.4165, -0.0100],
         [-0.5688, -0.7927, -0.2192,  0.0062],
         [ 0.2313, -0.4099,  0.8823,  0.2021],
         [ 0.0000,  0.0000,  0.0000,  1.0000]]], device='cuda:0',
       grad_fn=<CopySlices>)
0:02:05.123187 - loss orn tensor([6.1243e-05], device='cuda:0', grad_fn=<MinBackward0>)
0:02:05.123801 - loss xy tensor([0.0009], device='cuda:0', grad_fn=<MinBackward0>)
0:02:05.124416 - loss z tensor([0.0034], device='cuda:0', grad_fn=<MinBackward0>)
  0%|                                       | 0/1 [00:00<?, ?it/s, loss=0.00432]100%|███████████████████████████████| 1/1 [00:00<00:00,  4.67it/s, loss=0.00432]100%|███████████████████████████████| 1/1 [00:00<00:00,  4.66it/s, loss=0.00432]
0:02:04.879215 - saving /home/ubuntu/synthetic_pose_estimation/cosypose/local_data/experiments/bracket_assembly_debug_nut_nosym_coarse_noaug--938962 225
  0%|                                                     | 0/1 [00:00<?, ?it/s]0:02:05.294279 - iteration 0
0:02:05.337788 - outputs, {'pose': tensor([[-0.9285, -0.6627,  0.2750,  0.5387, -0.3907, -0.3736,  1.5298, -1.2259,
          0.6681]], device='cuda:0', grad_fn=<AddmmBackward0>)}
0:02:05.339408 - model_outputs {'pose': tensor([[-0.9285, -0.6627,  0.2750,  0.5387, -0.3907, -0.3736,  1.5298, -1.2259,
          0.6681]], device='cuda:0', grad_fn=<AddmmBackward0>)}
0:02:05.340219 - K crop tensor([[[1.8019e+03, 0.0000e+00, 2.4251e+02],
         [0.0000e+00, 1.8019e+03, 4.4777e+01],
         [0.0000e+00, 0.0000e+00, 1.0000e+00]]], device='cuda:0')
0:02:05.341077 - TCO_input tensor([[[ 1.0000,  0.0000,  0.0000, -0.0138],
         [ 0.0000,  1.0000,  0.0000,  0.0124],
         [ 0.0000,  0.0000,  1.0000,  0.2993],
         [ 0.0000,  0.0000,  0.0000,  1.0000]]], device='cuda:0')
0:02:05.341992 - model tco output tensor([[[-0.7913,  0.4353,  0.4294, -0.0090],
         [-0.5648, -0.7895, -0.2404,  0.0082],
         [ 0.2344, -0.4328,  0.8705,  0.2000],
         [ 0.0000,  0.0000,  0.0000,  1.0000]]], device='cuda:0',
       grad_fn=<CopySlices>)
0:02:05.381360 - Wrote debug data: /home/ubuntu/synthetic_pose_estimation/cosypose/local_data/debug_data/debug_iter=1.pth.tar
0:02:05.593156 - TCO_input tensor([[[ 1.0000,  0.0000,  0.0000, -0.0138],
         [ 0.0000,  1.0000,  0.0000,  0.0124],
         [ 0.0000,  0.0000,  1.0000,  0.2993],
         [ 0.0000,  0.0000,  0.0000,  1.0000]]], device='cuda:0')
0:02:05.594180 - vxvyvz tensor([[ 1.5298, -1.2259,  0.6681]], device='cuda:0',
       grad_fn=<SliceBackward0>)
0:02:05.595172 - dR tensor([[[-0.7913,  0.4353,  0.4294],
         [-0.5648, -0.7895, -0.2404],
         [ 0.2344, -0.4328,  0.8705]]], device='cuda:0',
       grad_fn=<StackBackward0>)
0:02:05.596020 - fxfy tensor([[1801.9291, 1801.9292]], device='cuda:0')
0:02:05.598521 - TCO_gt tensor([[[-0.7893,  0.4511,  0.4165, -0.0100],
         [-0.5688, -0.7927, -0.2192,  0.0062],
         [ 0.2313, -0.4099,  0.8823,  0.1920],
         [ 0.0000,  0.0000,  0.0000,  1.0000]]], device='cuda:0')
0:02:05.599423 - TCO pred_orn tensor([[[-0.7913,  0.4353,  0.4294, -0.0100],
         [-0.5648, -0.7895, -0.2404,  0.0062],
         [ 0.2344, -0.4328,  0.8705,  0.1920],
         [ 0.0000,  0.0000,  0.0000,  1.0000]]], device='cuda:0',
       grad_fn=<CopySlices>)
0:02:05.600306 - TCO pred_xy tensor([[[-0.7893,  0.4511,  0.4165, -0.0087],
         [-0.5688, -0.7927, -0.2192,  0.0078],
         [ 0.2313, -0.4099,  0.8823,  0.1920],
         [ 0.0000,  0.0000,  0.0000,  1.0000]]], device='cuda:0',
       grad_fn=<CopySlices>)
0:02:05.601205 - TCO pred_z tensor([[[-0.7893,  0.4511,  0.4165, -0.0100],
         [-0.5688, -0.7927, -0.2192,  0.0062],
         [ 0.2313, -0.4099,  0.8823,  0.2000],
         [ 0.0000,  0.0000,  0.0000,  1.0000]]], device='cuda:0',
       grad_fn=<CopySlices>)
0:02:05.601856 - loss orn tensor([0.0001], device='cuda:0', grad_fn=<MinBackward0>)
0:02:05.602477 - loss xy tensor([0.0010], device='cuda:0', grad_fn=<MinBackward0>)
0:02:05.603089 - loss z tensor([0.0027], device='cuda:0', grad_fn=<MinBackward0>)
  0%|                                       | 0/1 [00:00<?, ?it/s, loss=0.00378]100%|███████████████████████████████| 1/1 [00:00<00:00,  4.65it/s, loss=0.00378]100%|███████████████████████████████| 1/1 [00:00<00:00,  4.64it/s, loss=0.00378]
0:02:05.367656 - saving /home/ubuntu/synthetic_pose_estimation/cosypose/local_data/experiments/bracket_assembly_debug_nut_nosym_coarse_noaug--938962 226
  0%|                                                     | 0/1 [00:00<?, ?it/s]0:02:05.782860 - iteration 0
0:02:05.826629 - outputs, {'pose': tensor([[-0.9387, -0.6589,  0.2692,  0.5398, -0.3940, -0.3746,  1.5553, -1.2464,
          0.6721]], device='cuda:0', grad_fn=<AddmmBackward0>)}
0:02:05.828264 - model_outputs {'pose': tensor([[-0.9387, -0.6589,  0.2692,  0.5398, -0.3940, -0.3746,  1.5553, -1.2464,
          0.6721]], device='cuda:0', grad_fn=<AddmmBackward0>)}
0:02:05.829039 - K crop tensor([[[1.7296e+03, 0.0000e+00, 2.8839e+02],
         [0.0000e+00, 1.7296e+03, 6.9609e+01],
         [0.0000e+00, 0.0000e+00, 1.0000e+00]]], device='cuda:0')
0:02:05.829919 - TCO_input tensor([[[ 1.0000,  0.0000,  0.0000, -0.0213],
         [ 0.0000,  1.0000,  0.0000,  0.0083],
         [ 0.0000,  0.0000,  1.0000,  0.2861],
         [ 0.0000,  0.0000,  0.0000,  1.0000]]], device='cuda:0')
0:02:05.831419 - model tco output tensor([[[-0.7968,  0.4306,  0.4238, -0.0142],
         [-0.5593, -0.7911, -0.2478,  0.0054],
         [ 0.2286, -0.4345,  0.8712,  0.1923],
         [ 0.0000,  0.0000,  0.0000,  1.0000]]], device='cuda:0',
       grad_fn=<CopySlices>)
0:02:05.869220 - Wrote debug data: /home/ubuntu/synthetic_pose_estimation/cosypose/local_data/debug_data/debug_iter=1.pth.tar
0:02:06.080239 - TCO_input tensor([[[ 1.0000,  0.0000,  0.0000, -0.0213],
         [ 0.0000,  1.0000,  0.0000,  0.0083],
         [ 0.0000,  0.0000,  1.0000,  0.2861],
         [ 0.0000,  0.0000,  0.0000,  1.0000]]], device='cuda:0')
0:02:06.081310 - vxvyvz tensor([[ 1.5553, -1.2464,  0.6721]], device='cuda:0',
       grad_fn=<SliceBackward0>)
0:02:06.082308 - dR tensor([[[-0.7968,  0.4306,  0.4238],
         [-0.5593, -0.7911, -0.2478],
         [ 0.2286, -0.4345,  0.8712]]], device='cuda:0',
       grad_fn=<StackBackward0>)
0:02:06.083161 - fxfy tensor([[1729.5903, 1729.5903]], device='cuda:0')
0:02:06.085648 - TCO_gt tensor([[[-0.7893,  0.4511,  0.4165, -0.0100],
         [-0.5688, -0.7927, -0.2192,  0.0062],
         [ 0.2313, -0.4099,  0.8823,  0.1920],
         [ 0.0000,  0.0000,  0.0000,  1.0000]]], device='cuda:0')
0:02:06.086551 - TCO pred_orn tensor([[[-0.7968,  0.4306,  0.4238, -0.0100],
         [-0.5593, -0.7911, -0.2478,  0.0062],
         [ 0.2286, -0.4345,  0.8712,  0.1920],
         [ 0.0000,  0.0000,  0.0000,  1.0000]]], device='cuda:0',
       grad_fn=<CopySlices>)
0:02:06.087441 - TCO pred_xy tensor([[[-0.7893,  0.4511,  0.4165, -0.0141],
         [-0.5688, -0.7927, -0.2192,  0.0054],
         [ 0.2313, -0.4099,  0.8823,  0.1920],
         [ 0.0000,  0.0000,  0.0000,  1.0000]]], device='cuda:0',
       grad_fn=<CopySlices>)
0:02:06.088325 - TCO pred_z tensor([[[-0.7893,  0.4511,  0.4165, -0.0100],
         [-0.5688, -0.7927, -0.2192,  0.0062],
         [ 0.2313, -0.4099,  0.8823,  0.1923],
         [ 0.0000,  0.0000,  0.0000,  1.0000]]], device='cuda:0',
       grad_fn=<CopySlices>)
0:02:06.088964 - loss orn tensor([0.0001], device='cuda:0', grad_fn=<MinBackward0>)
0:02:06.089609 - loss xy tensor([0.0016], device='cuda:0', grad_fn=<MinBackward0>)
0:02:06.090231 - loss z tensor([0.0001], device='cuda:0', grad_fn=<MinBackward0>)
  0%|                                       | 0/1 [00:00<?, ?it/s, loss=0.00188]100%|███████████████████████████████| 1/1 [00:00<00:00,  4.65it/s, loss=0.00188]100%|███████████████████████████████| 1/1 [00:00<00:00,  4.64it/s, loss=0.00188]
0:02:05.849803 - saving /home/ubuntu/synthetic_pose_estimation/cosypose/local_data/experiments/bracket_assembly_debug_nut_nosym_coarse_noaug--938962 227
  0%|                                                     | 0/1 [00:00<?, ?it/s]0:02:06.264935 - iteration 0
0:02:06.308665 - outputs, {'pose': tensor([[-0.9419, -0.6631,  0.2761,  0.5444, -0.3957, -0.3688,  1.5698, -1.2572,
          0.6589]], device='cuda:0', grad_fn=<AddmmBackward0>)}
0:02:06.310274 - model_outputs {'pose': tensor([[-0.9419, -0.6631,  0.2761,  0.5444, -0.3957, -0.3688,  1.5698, -1.2572,
          0.6589]], device='cuda:0', grad_fn=<AddmmBackward0>)}
0:02:06.311048 - K crop tensor([[[1.6818e+03, 0.0000e+00, 2.4922e+02],
         [0.0000e+00, 1.6818e+03, 5.0632e+01],
         [0.0000e+00, 0.0000e+00, 1.0000e+00]]], device='cuda:0')
0:02:06.311891 - TCO_input tensor([[[ 1.0000,  0.0000,  0.0000, -0.0149],
         [ 0.0000,  1.0000,  0.0000,  0.0115],
         [ 0.0000,  0.0000,  1.0000,  0.2797],
         [ 0.0000,  0.0000,  0.0000,  1.0000]]], device='cuda:0')
0:02:06.313359 - model tco output tensor([[[-0.7952,  0.4353,  0.4222, -0.0097],
         [-0.5598, -0.7946, -0.2351,  0.0074],
         [ 0.2331, -0.4233,  0.8755,  0.1843],
         [ 0.0000,  0.0000,  0.0000,  1.0000]]], device='cuda:0',
       grad_fn=<CopySlices>)
0:02:06.352314 - Wrote debug data: /home/ubuntu/synthetic_pose_estimation/cosypose/local_data/debug_data/debug_iter=1.pth.tar
0:02:06.561768 - TCO_input tensor([[[ 1.0000,  0.0000,  0.0000, -0.0149],
         [ 0.0000,  1.0000,  0.0000,  0.0115],
         [ 0.0000,  0.0000,  1.0000,  0.2797],
         [ 0.0000,  0.0000,  0.0000,  1.0000]]], device='cuda:0')
0:02:06.562680 - vxvyvz tensor([[ 1.5698, -1.2572,  0.6589]], device='cuda:0',
       grad_fn=<SliceBackward0>)
0:02:06.563639 - dR tensor([[[-0.7952,  0.4353,  0.4222],
         [-0.5598, -0.7946, -0.2351],
         [ 0.2331, -0.4233,  0.8755]]], device='cuda:0',
       grad_fn=<StackBackward0>)
0:02:06.564484 - fxfy tensor([[1681.8337, 1681.8339]], device='cuda:0')
0:02:06.566934 - TCO_gt tensor([[[-0.7893,  0.4511,  0.4165, -0.0100],
         [-0.5688, -0.7927, -0.2192,  0.0062],
         [ 0.2313, -0.4099,  0.8823,  0.1920],
         [ 0.0000,  0.0000,  0.0000,  1.0000]]], device='cuda:0')
0:02:06.567829 - TCO pred_orn tensor([[[-0.7952,  0.4353,  0.4222, -0.0100],
         [-0.5598, -0.7946, -0.2351,  0.0062],
         [ 0.2331, -0.4233,  0.8755,  0.1920],
         [ 0.0000,  0.0000,  0.0000,  1.0000]]], device='cuda:0',
       grad_fn=<CopySlices>)
0:02:06.568715 - TCO pred_xy tensor([[[-0.7893,  0.4511,  0.4165, -0.0101],
         [-0.5688, -0.7927, -0.2192,  0.0077],
         [ 0.2313, -0.4099,  0.8823,  0.1920],
         [ 0.0000,  0.0000,  0.0000,  1.0000]]], device='cuda:0',
       grad_fn=<CopySlices>)
0:02:06.569632 - TCO pred_z tensor([[[-0.7893,  0.4511,  0.4165, -0.0100],
         [-0.5688, -0.7927, -0.2192,  0.0062],
         [ 0.2313, -0.4099,  0.8823,  0.1843],
         [ 0.0000,  0.0000,  0.0000,  1.0000]]], device='cuda:0',
       grad_fn=<CopySlices>)
0:02:06.570261 - loss orn tensor([8.9260e-05], device='cuda:0', grad_fn=<MinBackward0>)
0:02:06.570877 - loss xy tensor([0.0005], device='cuda:0', grad_fn=<MinBackward0>)
0:02:06.571491 - loss z tensor([0.0026], device='cuda:0', grad_fn=<MinBackward0>)
  0%|                                       | 0/1 [00:00<?, ?it/s, loss=0.00317]100%|███████████████████████████████| 1/1 [00:00<00:00,  4.64it/s, loss=0.00317]100%|███████████████████████████████| 1/1 [00:00<00:00,  4.63it/s, loss=0.00317]
0:02:06.332855 - saving /home/ubuntu/synthetic_pose_estimation/cosypose/local_data/experiments/bracket_assembly_debug_nut_nosym_coarse_noaug--938962 228
  0%|                                                     | 0/1 [00:00<?, ?it/s]0:02:06.747842 - iteration 0
0:02:06.791384 - outputs, {'pose': tensor([[-0.9343, -0.6665,  0.2810,  0.5502, -0.4083, -0.3570,  1.5750, -1.2601,
          0.6561]], device='cuda:0', grad_fn=<AddmmBackward0>)}
0:02:06.792910 - model_outputs {'pose': tensor([[-0.9343, -0.6665,  0.2810,  0.5502, -0.4083, -0.3570,  1.5750, -1.2601,
          0.6561]], device='cuda:0', grad_fn=<AddmmBackward0>)}
0:02:06.793725 - K crop tensor([[[1.7407e+03, 0.0000e+00, 2.6035e+02],
         [0.0000e+00, 1.7407e+03, 5.7588e+01],
         [0.0000e+00, 0.0000e+00, 1.0000e+00]]], device='cuda:0')
0:02:06.794591 - TCO_input tensor([[[ 1.0000,  0.0000,  0.0000, -0.0167],
         [ 0.0000,  1.0000,  0.0000,  0.0103],
         [ 0.0000,  0.0000,  1.0000,  0.2887],
         [ 0.0000,  0.0000,  0.0000,  1.0000]]], device='cuda:0')
0:02:06.796049 - model tco output tensor([[[-0.7907,  0.4484,  0.4168, -0.0108],
         [-0.5641, -0.7982, -0.2115,  0.0066],
         [ 0.2378, -0.4023,  0.8841,  0.1894],
         [ 0.0000,  0.0000,  0.0000,  1.0000]]], device='cuda:0',
       grad_fn=<CopySlices>)
0:02:06.833945 - Wrote debug data: /home/ubuntu/synthetic_pose_estimation/cosypose/local_data/debug_data/debug_iter=1.pth.tar
0:02:07.044102 - TCO_input tensor([[[ 1.0000,  0.0000,  0.0000, -0.0167],
         [ 0.0000,  1.0000,  0.0000,  0.0103],
         [ 0.0000,  0.0000,  1.0000,  0.2887],
         [ 0.0000,  0.0000,  0.0000,  1.0000]]], device='cuda:0')
0:02:07.045113 - vxvyvz tensor([[ 1.5750, -1.2601,  0.6561]], device='cuda:0',
       grad_fn=<SliceBackward0>)
0:02:07.046121 - dR tensor([[[-0.7907,  0.4484,  0.4168],
         [-0.5641, -0.7982, -0.2115],
         [ 0.2378, -0.4023,  0.8841]]], device='cuda:0',
       grad_fn=<StackBackward0>)
0:02:07.046998 - fxfy tensor([[1740.7390, 1740.7390]], device='cuda:0')
0:02:07.049485 - TCO_gt tensor([[[-0.7893,  0.4511,  0.4165, -0.0100],
         [-0.5688, -0.7927, -0.2192,  0.0062],
         [ 0.2313, -0.4099,  0.8823,  0.1920],
         [ 0.0000,  0.0000,  0.0000,  1.0000]]], device='cuda:0')
0:02:07.050387 - TCO pred_orn tensor([[[-0.7907,  0.4484,  0.4168, -0.0100],
         [-0.5641, -0.7982, -0.2115,  0.0062],
         [ 0.2378, -0.4023,  0.8841,  0.1920],
         [ 0.0000,  0.0000,  0.0000,  1.0000]]], device='cuda:0',
       grad_fn=<CopySlices>)
0:02:07.051279 - TCO pred_xy tensor([[[-0.7893,  0.4511,  0.4165, -0.0109],
         [-0.5688, -0.7927, -0.2192,  0.0067],
         [ 0.2313, -0.4099,  0.8823,  0.1920],
         [ 0.0000,  0.0000,  0.0000,  1.0000]]], device='cuda:0',
       grad_fn=<CopySlices>)
0:02:07.052163 - TCO pred_z tensor([[[-0.7893,  0.4511,  0.4165, -0.0100],
         [-0.5688, -0.7927, -0.2192,  0.0062],
         [ 0.2313, -0.4099,  0.8823,  0.1894],
         [ 0.0000,  0.0000,  0.0000,  1.0000]]], device='cuda:0',
       grad_fn=<CopySlices>)
0:02:07.052796 - loss orn tensor([4.1984e-05], device='cuda:0', grad_fn=<MinBackward0>)
0:02:07.053448 - loss xy tensor([0.0005], device='cuda:0', grad_fn=<MinBackward0>)
0:02:07.054065 - loss z tensor([0.0009], device='cuda:0', grad_fn=<MinBackward0>)
  0%|                                       | 0/1 [00:00<?, ?it/s, loss=0.00138]100%|███████████████████████████████| 1/1 [00:00<00:00,  4.70it/s, loss=0.00138]100%|███████████████████████████████| 1/1 [00:00<00:00,  4.69it/s, loss=0.00138]
0:02:06.812407 - saving /home/ubuntu/synthetic_pose_estimation/cosypose/local_data/experiments/bracket_assembly_debug_nut_nosym_coarse_noaug--938962 229
  0%|                                                     | 0/1 [00:00<?, ?it/s]0:02:07.227384 - iteration 0
0:02:07.270522 - outputs, {'pose': tensor([[-0.9307, -0.6749,  0.2775,  0.5585, -0.4150, -0.3542,  1.6016, -1.2769,
          0.6574]], device='cuda:0', grad_fn=<AddmmBackward0>)}
0:02:07.272030 - model_outputs {'pose': tensor([[-0.9307, -0.6749,  0.2775,  0.5585, -0.4150, -0.3542,  1.6016, -1.2769,
          0.6574]], device='cuda:0', grad_fn=<AddmmBackward0>)}
0:02:07.272801 - K crop tensor([[[1.8738e+03, 0.0000e+00, 2.5688e+02],
         [0.0000e+00, 1.8738e+03, 7.1189e+01],
         [0.0000e+00, 0.0000e+00, 1.0000e+00]]], device='cuda:0')
0:02:07.273691 - TCO_input tensor([[[ 1.0000,  0.0000,  0.0000, -0.0161],
         [ 0.0000,  1.0000,  0.0000,  0.0080],
         [ 0.0000,  0.0000,  1.0000,  0.3091],
         [ 0.0000,  0.0000,  0.0000,  1.0000]]], device='cuda:0')
0:02:07.275116 - model tco output tensor([[[-0.7870,  0.4591,  0.4122, -0.0104],
         [-0.5707, -0.7956, -0.2033,  0.0051],
         [ 0.2346, -0.3952,  0.8881,  0.2032],
         [ 0.0000,  0.0000,  0.0000,  1.0000]]], device='cuda:0',
       grad_fn=<CopySlices>)
0:02:07.312892 - Wrote debug data: /home/ubuntu/synthetic_pose_estimation/cosypose/local_data/debug_data/debug_iter=1.pth.tar
0:02:07.522789 - TCO_input tensor([[[ 1.0000,  0.0000,  0.0000, -0.0161],
         [ 0.0000,  1.0000,  0.0000,  0.0080],
         [ 0.0000,  0.0000,  1.0000,  0.3091],
         [ 0.0000,  0.0000,  0.0000,  1.0000]]], device='cuda:0')
0:02:07.523738 - vxvyvz tensor([[ 1.6016, -1.2769,  0.6574]], device='cuda:0',
       grad_fn=<SliceBackward0>)
0:02:07.524705 - dR tensor([[[-0.7870,  0.4591,  0.4122],
         [-0.5707, -0.7956, -0.2033],
         [ 0.2346, -0.3952,  0.8881]]], device='cuda:0',
       grad_fn=<StackBackward0>)
0:02:07.525600 - fxfy tensor([[1873.7966, 1873.7966]], device='cuda:0')
0:02:07.528036 - TCO_gt tensor([[[-0.7893,  0.4511,  0.4165, -0.0100],
         [-0.5688, -0.7927, -0.2192,  0.0062],
         [ 0.2313, -0.4099,  0.8823,  0.1920],
         [ 0.0000,  0.0000,  0.0000,  1.0000]]], device='cuda:0')
0:02:07.528958 - TCO pred_orn tensor([[[-0.7870,  0.4591,  0.4122, -0.0100],
         [-0.5707, -0.7956, -0.2033,  0.0062],
         [ 0.2346, -0.3952,  0.8881,  0.1920],
         [ 0.0000,  0.0000,  0.0000,  1.0000]]], device='cuda:0',
       grad_fn=<CopySlices>)
0:02:07.529866 - TCO pred_xy tensor([[[-0.7893,  0.4511,  0.4165, -0.0098],
         [-0.5688, -0.7927, -0.2192,  0.0048],
         [ 0.2313, -0.4099,  0.8823,  0.1920],
         [ 0.0000,  0.0000,  0.0000,  1.0000]]], device='cuda:0',
       grad_fn=<CopySlices>)
0:02:07.530752 - TCO pred_z tensor([[[-0.7893,  0.4511,  0.4165, -0.0100],
         [-0.5688, -0.7927, -0.2192,  0.0062],
         [ 0.2313, -0.4099,  0.8823,  0.2032],
         [ 0.0000,  0.0000,  0.0000,  1.0000]]], device='cuda:0',
       grad_fn=<CopySlices>)
0:02:07.531393 - loss orn tensor([6.9968e-05], device='cuda:0', grad_fn=<MinBackward0>)
0:02:07.532004 - loss xy tensor([0.0005], device='cuda:0', grad_fn=<MinBackward0>)
0:02:07.532614 - loss z tensor([0.0037], device='cuda:0', grad_fn=<MinBackward0>)
  0%|                                       | 0/1 [00:00<?, ?it/s, loss=0.00433]100%|███████████████████████████████| 1/1 [00:00<00:00,  4.71it/s, loss=0.00433]100%|███████████████████████████████| 1/1 [00:00<00:00,  4.70it/s, loss=0.00433]
  0%|                                                     | 0/1 [00:00<?, ?it/s]0:02:07.439594 - iteration 0
0:02:07.476428 - outputs, {'pose': tensor([[-0.0337, -0.0043, -0.0222,  0.1015,  0.0097, -0.0790,  0.1373, -0.0917,
          0.1044]], device='cuda:0')}
0:02:07.477950 - model_outputs {'pose': tensor([[-0.0337, -0.0043, -0.0222,  0.1015,  0.0097, -0.0790,  0.1373, -0.0917,
          0.1044]], device='cuda:0')}
0:02:07.478738 - K crop tensor([[[1.7683e+03, 0.0000e+00, 2.4627e+02],
         [0.0000e+00, 1.7683e+03, 5.4956e+01],
         [0.0000e+00, 0.0000e+00, 1.0000e+00]]], device='cuda:0')
0:02:07.479599 - TCO_input tensor([[[ 1.0000,  0.0000,  0.0000, -0.0144],
         [ 0.0000,  1.0000,  0.0000,  0.0107],
         [ 0.0000,  0.0000,  1.0000,  0.2933],
         [ 0.0000,  0.0000,  0.0000,  1.0000]]], device='cuda:0')
0:02:07.480511 - model tco output tensor([[[-0.8295,  0.5470,  0.1127, -0.0015],
         [-0.1066,  0.0430, -0.9934,  0.0011],
         [-0.5482, -0.8360,  0.0227,  0.0306],
         [ 0.0000,  0.0000,  0.0000,  1.0000]]], device='cuda:0')
0:02:07.519165 - Wrote debug data: /home/ubuntu/synthetic_pose_estimation/cosypose/local_data/debug_data/debug_iter=1.pth.tar
0:02:07.734129 - TCO_input tensor([[[ 1.0000,  0.0000,  0.0000, -0.0144],
         [ 0.0000,  1.0000,  0.0000,  0.0107],
         [ 0.0000,  0.0000,  1.0000,  0.2933],
         [ 0.0000,  0.0000,  0.0000,  1.0000]]], device='cuda:0')
0:02:07.735107 - vxvyvz tensor([[ 0.1373, -0.0917,  0.1044]], device='cuda:0')
0:02:07.736070 - dR tensor([[[-0.8295,  0.5470,  0.1127],
         [-0.1066,  0.0430, -0.9934],
         [-0.5482, -0.8360,  0.0227]]], device='cuda:0')
0:02:07.736911 - fxfy tensor([[1768.2990, 1768.2992]], device='cuda:0')
0:02:07.739203 - TCO_gt tensor([[[-0.7893,  0.4511,  0.4165, -0.0100],
         [-0.5688, -0.7927, -0.2192,  0.0062],
         [ 0.2313, -0.4099,  0.8823,  0.1920],
         [ 0.0000,  0.0000,  0.0000,  1.0000]]], device='cuda:0')
0:02:07.740080 - TCO pred_orn tensor([[[-0.8295,  0.5470,  0.1127, -0.0100],
         [-0.1066,  0.0430, -0.9934,  0.0062],
         [-0.5482, -0.8360,  0.0227,  0.1920],
         [ 0.0000,  0.0000,  0.0000,  1.0000]]], device='cuda:0')
0:02:07.740957 - TCO pred_xy tensor([[[-0.7893,  0.4511,  0.4165, -0.0094],
         [-0.5688, -0.7927, -0.2192,  0.0070],
         [ 0.2313, -0.4099,  0.8823,  0.1920],
         [ 0.0000,  0.0000,  0.0000,  1.0000]]], device='cuda:0')
0:02:07.741841 - TCO pred_z tensor([[[-0.7893,  0.4511,  0.4165, -0.0100],
         [-0.5688, -0.7927, -0.2192,  0.0062],
         [ 0.2313, -0.4099,  0.8823,  0.0306],
         [ 0.0000,  0.0000,  0.0000,  1.0000]]], device='cuda:0')
0:02:07.742451 - loss orn tensor([0.0045], device='cuda:0')
0:02:07.743042 - loss xy tensor([0.0005], device='cuda:0')
0:02:07.743686 - loss z tensor([0.0538], device='cuda:0')
100%|█████████████████████████████████████████████| 1/1 [00:00<00:00,  8.16it/s]100%|█████████████████████████████████████████████| 1/1 [00:00<00:00,  8.13it/s]
0:02:07.415455 - saving /home/ubuntu/synthetic_pose_estimation/cosypose/local_data/experiments/bracket_assembly_debug_nut_nosym_coarse_noaug--938962 230
  0%|                                                     | 0/1 [00:00<?, ?it/s]0:02:07.827252 - iteration 0
0:02:07.871232 - outputs, {'pose': tensor([[-0.9300, -0.6790,  0.2718,  0.5625, -0.4158, -0.3505,  1.6131, -1.2875,
          0.6584]], device='cuda:0', grad_fn=<AddmmBackward0>)}
0:02:07.872857 - model_outputs {'pose': tensor([[-0.9300, -0.6790,  0.2718,  0.5625, -0.4158, -0.3505,  1.6131, -1.2875,
          0.6584]], device='cuda:0', grad_fn=<AddmmBackward0>)}
0:02:07.873665 - K crop tensor([[[1.4455e+03, 0.0000e+00, 2.6709e+02],
         [0.0000e+00, 1.4455e+03, 1.1305e+01],
         [0.0000e+00, 0.0000e+00, 1.0000e+00]]], device='cuda:0')
0:02:07.874509 - TCO_input tensor([[[ 1.0000,  0.0000,  0.0000, -0.0182],
         [ 0.0000,  1.0000,  0.0000,  0.0183],
         [ 0.0000,  0.0000,  1.0000,  0.2444],
         [ 0.0000,  0.0000,  0.0000,  1.0000]]], device='cuda:0')
0:02:07.875393 - model tco output tensor([[[-0.7861,  0.4653,  0.4070, -0.0118],
         [-0.5739, -0.7940, -0.2007,  0.0119],
         [ 0.2298, -0.3913,  0.8911,  0.1609],
         [ 0.0000,  0.0000,  0.0000,  1.0000]]], device='cuda:0',
       grad_fn=<CopySlices>)
0:02:08.022755 - Wrote debug data: /home/ubuntu/synthetic_pose_estimation/cosypose/local_data/debug_data/debug_iter=1.pth.tar
0:02:08.237491 - TCO_input tensor([[[ 1.0000,  0.0000,  0.0000, -0.0182],
         [ 0.0000,  1.0000,  0.0000,  0.0183],
         [ 0.0000,  0.0000,  1.0000,  0.2444],
         [ 0.0000,  0.0000,  0.0000,  1.0000]]], device='cuda:0')
0:02:08.238525 - vxvyvz tensor([[ 1.6131, -1.2875,  0.6584]], device='cuda:0',
       grad_fn=<SliceBackward0>)
0:02:08.239542 - dR tensor([[[-0.7861,  0.4653,  0.4070],
         [-0.5739, -0.7940, -0.2007],
         [ 0.2298, -0.3913,  0.8911]]], device='cuda:0',
       grad_fn=<StackBackward0>)
0:02:08.240497 - fxfy tensor([[1445.5089, 1445.5089]], device='cuda:0')
0:02:08.243085 - TCO_gt tensor([[[-0.7893,  0.4511,  0.4165, -0.0100],
         [-0.5688, -0.7927, -0.2192,  0.0062],
         [ 0.2313, -0.4099,  0.8823,  0.1920],
         [ 0.0000,  0.0000,  0.0000,  1.0000]]], device='cuda:0')
0:02:08.243987 - TCO pred_orn tensor([[[-0.7861,  0.4653,  0.4070, -0.0100],
         [-0.5739, -0.7940, -0.2007,  0.0062],
         [ 0.2298, -0.3913,  0.8911,  0.1920],
         [ 0.0000,  0.0000,  0.0000,  1.0000]]], device='cuda:0',
       grad_fn=<CopySlices>)
0:02:08.244882 - TCO pred_xy tensor([[[-0.7893,  0.4511,  0.4165, -0.0141],
         [-0.5688, -0.7927, -0.2192,  0.0142],
         [ 0.2313, -0.4099,  0.8823,  0.1920],
         [ 0.0000,  0.0000,  0.0000,  1.0000]]], device='cuda:0',
       grad_fn=<CopySlices>)
0:02:08.245787 - TCO pred_z tensor([[[-0.7893,  0.4511,  0.4165, -0.0100],
         [-0.5688, -0.7927, -0.2192,  0.0062],
         [ 0.2313, -0.4099,  0.8823,  0.1609],
         [ 0.0000,  0.0000,  0.0000,  1.0000]]], device='cuda:0',
       grad_fn=<CopySlices>)
0:02:08.246397 - loss orn tensor([9.7037e-05], device='cuda:0', grad_fn=<MinBackward0>)
0:02:08.246989 - loss xy tensor([0.0040], device='cuda:0', grad_fn=<MinBackward0>)
0:02:08.247579 - loss z tensor([0.0103], device='cuda:0', grad_fn=<MinBackward0>)
  0%|                                        | 0/1 [00:00<?, ?it/s, loss=0.0145]100%|████████████████████████████████| 1/1 [00:00<00:00,  3.08it/s, loss=0.0145]100%|████████████████████████████████| 1/1 [00:00<00:00,  3.07it/s, loss=0.0145]
0:02:08.003862 - saving /home/ubuntu/synthetic_pose_estimation/cosypose/local_data/experiments/bracket_assembly_debug_nut_nosym_coarse_noaug--938962 231
  0%|                                                     | 0/1 [00:00<?, ?it/s]0:02:08.419034 - iteration 0
0:02:08.462676 - outputs, {'pose': tensor([[-0.9274, -0.6791,  0.2709,  0.5623, -0.4182, -0.3576,  1.6418, -1.2994,
          0.6597]], device='cuda:0', grad_fn=<AddmmBackward0>)}
0:02:08.464352 - model_outputs {'pose': tensor([[-0.9274, -0.6791,  0.2709,  0.5623, -0.4182, -0.3576,  1.6418, -1.2994,
          0.6597]], device='cuda:0', grad_fn=<AddmmBackward0>)}
0:02:08.465346 - K crop tensor([[[2.0188e+03, 0.0000e+00, 2.6229e+02],
         [0.0000e+00, 2.0188e+03, 3.4061e+01],
         [0.0000e+00, 0.0000e+00, 1.0000e+00]]], device='cuda:0')
0:02:08.466624 - TCO_input tensor([[[ 1.0000,  0.0000,  0.0000, -0.0170],
         [ 0.0000,  1.0000,  0.0000,  0.0142],
         [ 0.0000,  0.0000,  1.0000,  0.3348],
         [ 0.0000,  0.0000,  0.0000,  1.0000]]], device='cuda:0')
0:02:08.468393 - model tco output tensor([[[-0.7853,  0.4631,  0.4109, -0.0111],
         [-0.5750, -0.7915, -0.2069,  0.0092],
         [ 0.2294, -0.3987,  0.8879,  0.2209],
         [ 0.0000,  0.0000,  0.0000,  1.0000]]], device='cuda:0',
       grad_fn=<CopySlices>)
0:02:08.506734 - Wrote debug data: /home/ubuntu/synthetic_pose_estimation/cosypose/local_data/debug_data/debug_iter=1.pth.tar
0:02:08.716644 - TCO_input tensor([[[ 1.0000,  0.0000,  0.0000, -0.0170],
         [ 0.0000,  1.0000,  0.0000,  0.0142],
         [ 0.0000,  0.0000,  1.0000,  0.3348],
         [ 0.0000,  0.0000,  0.0000,  1.0000]]], device='cuda:0')
0:02:08.717728 - vxvyvz tensor([[ 1.6418, -1.2994,  0.6597]], device='cuda:0',
       grad_fn=<SliceBackward0>)
0:02:08.718713 - dR tensor([[[-0.7853,  0.4631,  0.4109],
         [-0.5750, -0.7915, -0.2069],
         [ 0.2294, -0.3987,  0.8879]]], device='cuda:0',
       grad_fn=<StackBackward0>)
0:02:08.719562 - fxfy tensor([[2018.8024, 2018.8027]], device='cuda:0')
0:02:08.722054 - TCO_gt tensor([[[-0.7893,  0.4511,  0.4165, -0.0100],
         [-0.5688, -0.7927, -0.2192,  0.0062],
         [ 0.2313, -0.4099,  0.8823,  0.1920],
         [ 0.0000,  0.0000,  0.0000,  1.0000]]], device='cuda:0')
0:02:08.722956 - TCO pred_orn tensor([[[-0.7853,  0.4631,  0.4109, -0.0100],
         [-0.5750, -0.7915, -0.2069,  0.0062],
         [ 0.2294, -0.3987,  0.8879,  0.1920],
         [ 0.0000,  0.0000,  0.0000,  1.0000]]], device='cuda:0',
       grad_fn=<CopySlices>)
0:02:08.723848 - TCO pred_xy tensor([[[-0.7893,  0.4511,  0.4165, -0.0096],
         [-0.5688, -0.7927, -0.2192,  0.0080],
         [ 0.2313, -0.4099,  0.8823,  0.1920],
         [ 0.0000,  0.0000,  0.0000,  1.0000]]], device='cuda:0',
       grad_fn=<CopySlices>)
0:02:08.724733 - TCO pred_z tensor([[[-0.7893,  0.4511,  0.4165, -0.0100],
         [-0.5688, -0.7927, -0.2192,  0.0062],
         [ 0.2313, -0.4099,  0.8823,  0.2209],
         [ 0.0000,  0.0000,  0.0000,  1.0000]]], device='cuda:0',
       grad_fn=<CopySlices>)
0:02:08.725407 - loss orn tensor([6.9259e-05], device='cuda:0', grad_fn=<MinBackward0>)
0:02:08.726020 - loss xy tensor([0.0007], device='cuda:0', grad_fn=<MinBackward0>)
0:02:08.726629 - loss z tensor([0.0096], device='cuda:0', grad_fn=<MinBackward0>)
  0%|                                        | 0/1 [00:00<?, ?it/s, loss=0.0104]100%|████████████████████████████████| 1/1 [00:00<00:00,  4.63it/s, loss=0.0104]100%|████████████████████████████████| 1/1 [00:00<00:00,  4.62it/s, loss=0.0104]
0:02:08.481349 - saving /home/ubuntu/synthetic_pose_estimation/cosypose/local_data/experiments/bracket_assembly_debug_nut_nosym_coarse_noaug--938962 232
  0%|                                                     | 0/1 [00:00<?, ?it/s]0:02:08.896483 - iteration 0
0:02:08.941433 - outputs, {'pose': tensor([[-0.9328, -0.6748,  0.2591,  0.5517, -0.4123, -0.3562,  1.6462, -1.3085,
          0.6462]], device='cuda:0', grad_fn=<AddmmBackward0>)}
0:02:08.943085 - model_outputs {'pose': tensor([[-0.9328, -0.6748,  0.2591,  0.5517, -0.4123, -0.3562,  1.6462, -1.3085,
          0.6462]], device='cuda:0', grad_fn=<AddmmBackward0>)}
0:02:08.943860 - K crop tensor([[[1.9207e+03, 0.0000e+00, 2.6756e+02],
         [0.0000e+00, 1.9207e+03, 1.3020e+02],
         [0.0000e+00, 0.0000e+00, 1.0000e+00]]], device='cuda:0')
0:02:08.944693 - TCO_input tensor([[[ 1.0000,  0.0000,  0.0000, -0.0177],
         [ 0.0000,  1.0000,  0.0000, -0.0017],
         [ 0.0000,  0.0000,  1.0000,  0.3143],
         [ 0.0000,  0.0000,  0.0000,  1.0000]]], device='cuda:0')
0:02:08.945610 - model tco output tensor([[[-0.7905,  0.4581,  0.4066, -0.0113],
         [-0.5718, -0.7899, -0.2217, -0.0013],
         [ 0.2196, -0.4077,  0.8863,  0.2031],
         [ 0.0000,  0.0000,  0.0000,  1.0000]]], device='cuda:0',
       grad_fn=<CopySlices>)
0:02:08.984340 - Wrote debug data: /home/ubuntu/synthetic_pose_estimation/cosypose/local_data/debug_data/debug_iter=1.pth.tar
0:02:09.199059 - TCO_input tensor([[[ 1.0000,  0.0000,  0.0000, -0.0177],
         [ 0.0000,  1.0000,  0.0000, -0.0017],
         [ 0.0000,  0.0000,  1.0000,  0.3143],
         [ 0.0000,  0.0000,  0.0000,  1.0000]]], device='cuda:0')
0:02:09.200083 - vxvyvz tensor([[ 1.6462, -1.3085,  0.6462]], device='cuda:0',
       grad_fn=<SliceBackward0>)
0:02:09.201205 - dR tensor([[[-0.7905,  0.4581,  0.4066],
         [-0.5718, -0.7899, -0.2217],
         [ 0.2196, -0.4077,  0.8863]]], device='cuda:0',
       grad_fn=<StackBackward0>)
0:02:09.202061 - fxfy tensor([[1920.6923, 1920.6923]], device='cuda:0')
0:02:09.204600 - TCO_gt tensor([[[-0.7893,  0.4511,  0.4165, -0.0100],
         [-0.5688, -0.7927, -0.2192,  0.0062],
         [ 0.2313, -0.4099,  0.8823,  0.1920],
         [ 0.0000,  0.0000,  0.0000,  1.0000]]], device='cuda:0')
0:02:09.205536 - TCO pred_orn tensor([[[-0.7905,  0.4581,  0.4066, -0.0100],
         [-0.5718, -0.7899, -0.2217,  0.0062],
         [ 0.2196, -0.4077,  0.8863,  0.1920],
         [ 0.0000,  0.0000,  0.0000,  1.0000]]], device='cuda:0',
       grad_fn=<CopySlices>)
0:02:09.206472 - TCO pred_xy tensor([[[-0.7893,  0.4511,  0.4165, -0.0106],
         [-0.5688, -0.7927, -0.2192, -0.0012],
         [ 0.2313, -0.4099,  0.8823,  0.1920],
         [ 0.0000,  0.0000,  0.0000,  1.0000]]], device='cuda:0',
       grad_fn=<CopySlices>)
0:02:09.207351 - TCO pred_z tensor([[[-0.7893,  0.4511,  0.4165, -0.0100],
         [-0.5688, -0.7927, -0.2192,  0.0062],
         [ 0.2313, -0.4099,  0.8823,  0.2031],
         [ 0.0000,  0.0000,  0.0000,  1.0000]]], device='cuda:0',
       grad_fn=<CopySlices>)
0:02:09.207961 - loss orn tensor([5.0891e-05], device='cuda:0', grad_fn=<MinBackward0>)
0:02:09.208554 - loss xy tensor([0.0027], device='cuda:0', grad_fn=<MinBackward0>)
0:02:09.209161 - loss z tensor([0.0037], device='cuda:0', grad_fn=<MinBackward0>)
  0%|                                       | 0/1 [00:00<?, ?it/s, loss=0.00643]100%|███████████████████████████████| 1/1 [00:00<00:00,  4.49it/s, loss=0.00643]100%|███████████████████████████████| 1/1 [00:00<00:00,  4.48it/s, loss=0.00643]
0:02:08.971738 - saving /home/ubuntu/synthetic_pose_estimation/cosypose/local_data/experiments/bracket_assembly_debug_nut_nosym_coarse_noaug--938962 233
  0%|                                                     | 0/1 [00:00<?, ?it/s]0:02:09.387057 - iteration 0
0:02:09.430742 - outputs, {'pose': tensor([[-0.9358, -0.6753,  0.2638,  0.5477, -0.4074, -0.3627,  1.6659, -1.3230,
          0.6432]], device='cuda:0', grad_fn=<AddmmBackward0>)}
0:02:09.432321 - model_outputs {'pose': tensor([[-0.9358, -0.6753,  0.2638,  0.5477, -0.4074, -0.3627,  1.6659, -1.3230,
          0.6432]], device='cuda:0', grad_fn=<AddmmBackward0>)}
0:02:09.433123 - K crop tensor([[[1.7779e+03, 0.0000e+00, 2.0892e+02],
         [0.0000e+00, 1.7779e+03, 1.9234e+01],
         [0.0000e+00, 0.0000e+00, 1.0000e+00]]], device='cuda:0')
0:02:09.434005 - TCO_input tensor([[[ 1.0000,  0.0000,  0.0000, -0.0083],
         [ 0.0000,  1.0000,  0.0000,  0.0168],
         [ 0.0000,  0.0000,  1.0000,  0.2972],
         [ 0.0000,  0.0000,  0.0000,  1.0000]]], device='cuda:0')
0:02:09.435529 - model tco output tensor([[[-0.7905,  0.4518,  0.4135, -0.0051],
         [-0.5705, -0.7888, -0.2287,  0.0106],
         [ 0.2229, -0.4167,  0.8813,  0.1911],
         [ 0.0000,  0.0000,  0.0000,  1.0000]]], device='cuda:0',
       grad_fn=<CopySlices>)
0:02:09.474967 - Wrote debug data: /home/ubuntu/synthetic_pose_estimation/cosypose/local_data/debug_data/debug_iter=1.pth.tar
0:02:09.685017 - TCO_input tensor([[[ 1.0000,  0.0000,  0.0000, -0.0083],
         [ 0.0000,  1.0000,  0.0000,  0.0168],
         [ 0.0000,  0.0000,  1.0000,  0.2972],
         [ 0.0000,  0.0000,  0.0000,  1.0000]]], device='cuda:0')
0:02:09.686035 - vxvyvz tensor([[ 1.6659, -1.3230,  0.6432]], device='cuda:0',
       grad_fn=<SliceBackward0>)
0:02:09.687023 - dR tensor([[[-0.7905,  0.4518,  0.4135],
         [-0.5705, -0.7888, -0.2287],
         [ 0.2229, -0.4167,  0.8813]]], device='cuda:0',
       grad_fn=<StackBackward0>)
0:02:09.687893 - fxfy tensor([[1777.8752, 1777.8755]], device='cuda:0')
0:02:09.690393 - TCO_gt tensor([[[-0.7893,  0.4511,  0.4165, -0.0100],
         [-0.5688, -0.7927, -0.2192,  0.0062],
         [ 0.2313, -0.4099,  0.8823,  0.1920],
         [ 0.0000,  0.0000,  0.0000,  1.0000]]], device='cuda:0')
0:02:09.691305 - TCO pred_orn tensor([[[-0.7905,  0.4518,  0.4135, -0.0100],
         [-0.5705, -0.7888, -0.2287,  0.0062],
         [ 0.2229, -0.4167,  0.8813,  0.1920],
         [ 0.0000,  0.0000,  0.0000,  1.0000]]], device='cuda:0',
       grad_fn=<CopySlices>)
0:02:09.692202 - TCO pred_xy tensor([[[-0.7893,  0.4511,  0.4165, -0.0052],
         [-0.5688, -0.7927, -0.2192,  0.0107],
         [ 0.2313, -0.4099,  0.8823,  0.1920],
         [ 0.0000,  0.0000,  0.0000,  1.0000]]], device='cuda:0',
       grad_fn=<CopySlices>)
0:02:09.693115 - TCO pred_z tensor([[[-0.7893,  0.4511,  0.4165, -0.0100],
         [-0.5688, -0.7927, -0.2192,  0.0062],
         [ 0.2313, -0.4099,  0.8823,  0.1911],
         [ 0.0000,  0.0000,  0.0000,  1.0000]]], device='cuda:0',
       grad_fn=<CopySlices>)
0:02:09.693782 - loss orn tensor([4.1357e-05], device='cuda:0', grad_fn=<MinBackward0>)
0:02:09.694406 - loss xy tensor([0.0031], device='cuda:0', grad_fn=<MinBackward0>)
0:02:09.695024 - loss z tensor([0.0003], device='cuda:0', grad_fn=<MinBackward0>)
  0%|                                       | 0/1 [00:00<?, ?it/s, loss=0.00343]100%|███████████████████████████████| 1/1 [00:00<00:00,  4.49it/s, loss=0.00343]100%|███████████████████████████████| 1/1 [00:00<00:00,  4.49it/s, loss=0.00343]
0:02:09.447008 - saving /home/ubuntu/synthetic_pose_estimation/cosypose/local_data/experiments/bracket_assembly_debug_nut_nosym_coarse_noaug--938962 234
  0%|                                                     | 0/1 [00:00<?, ?it/s]0:02:09.862201 - iteration 0
0:02:09.909160 - outputs, {'pose': tensor([[-0.9400, -0.6740,  0.2659,  0.5429, -0.4084, -0.3742,  1.6754, -1.3298,
          0.6427]], device='cuda:0', grad_fn=<AddmmBackward0>)}
0:02:09.910788 - model_outputs {'pose': tensor([[-0.9400, -0.6740,  0.2659,  0.5429, -0.4084, -0.3742,  1.6754, -1.3298,
          0.6427]], device='cuda:0', grad_fn=<AddmmBackward0>)}
0:02:09.911572 - K crop tensor([[[1.6748e+03, 0.0000e+00, 3.0608e+02],
         [0.0000e+00, 1.6748e+03, 4.0449e+01],
         [0.0000e+00, 0.0000e+00, 1.0000e+00]]], device='cuda:0')
0:02:09.912414 - TCO_input tensor([[[ 1.0000,  0.0000,  0.0000, -0.0244],
         [ 0.0000,  1.0000,  0.0000,  0.0132],
         [ 0.0000,  0.0000,  1.0000,  0.2793],
         [ 0.0000,  0.0000,  0.0000,  1.0000]]], device='cuda:0')
0:02:09.913341 - model tco output tensor([[[-0.7920,  0.4424,  0.4207, -0.0155],
         [-0.5679, -0.7868, -0.2418,  0.0083],
         [ 0.2240, -0.4304,  0.8744,  0.1795],
         [ 0.0000,  0.0000,  0.0000,  1.0000]]], device='cuda:0',
       grad_fn=<CopySlices>)
0:02:09.954583 - Wrote debug data: /home/ubuntu/synthetic_pose_estimation/cosypose/local_data/debug_data/debug_iter=1.pth.tar
0:02:10.167079 - TCO_input tensor([[[ 1.0000,  0.0000,  0.0000, -0.0244],
         [ 0.0000,  1.0000,  0.0000,  0.0132],
         [ 0.0000,  0.0000,  1.0000,  0.2793],
         [ 0.0000,  0.0000,  0.0000,  1.0000]]], device='cuda:0')
0:02:10.168173 - vxvyvz tensor([[ 1.6754, -1.3298,  0.6427]], device='cuda:0',
       grad_fn=<SliceBackward0>)
0:02:10.169210 - dR tensor([[[-0.7920,  0.4424,  0.4207],
         [-0.5679, -0.7868, -0.2418],
         [ 0.2240, -0.4304,  0.8744]]], device='cuda:0',
       grad_fn=<StackBackward0>)
0:02:10.170102 - fxfy tensor([[1674.8030, 1674.8030]], device='cuda:0')
0:02:10.172561 - TCO_gt tensor([[[-0.7893,  0.4511,  0.4165, -0.0100],
         [-0.5688, -0.7927, -0.2192,  0.0062],
         [ 0.2313, -0.4099,  0.8823,  0.1920],
         [ 0.0000,  0.0000,  0.0000,  1.0000]]], device='cuda:0')
0:02:10.173517 - TCO pred_orn tensor([[[-0.7920,  0.4424,  0.4207, -0.0100],
         [-0.5679, -0.7868, -0.2418,  0.0062],
         [ 0.2240, -0.4304,  0.8744,  0.1920],
         [ 0.0000,  0.0000,  0.0000,  1.0000]]], device='cuda:0',
       grad_fn=<CopySlices>)
0:02:10.174421 - TCO pred_xy tensor([[[-0.7893,  0.4511,  0.4165, -0.0166],
         [-0.5688, -0.7927, -0.2192,  0.0089],
         [ 0.2313, -0.4099,  0.8823,  0.1920],
         [ 0.0000,  0.0000,  0.0000,  1.0000]]], device='cuda:0',
       grad_fn=<CopySlices>)
0:02:10.175314 - TCO pred_z tensor([[[-0.7893,  0.4511,  0.4165, -0.0100],
         [-0.5688, -0.7927, -0.2192,  0.0062],
         [ 0.2313, -0.4099,  0.8823,  0.1795],
         [ 0.0000,  0.0000,  0.0000,  1.0000]]], device='cuda:0',
       grad_fn=<CopySlices>)
0:02:10.175946 - loss orn tensor([9.6256e-05], device='cuda:0', grad_fn=<MinBackward0>)
0:02:10.176567 - loss xy tensor([0.0031], device='cuda:0', grad_fn=<MinBackward0>)
0:02:10.177199 - loss z tensor([0.0042], device='cuda:0', grad_fn=<MinBackward0>)
  0%|                                       | 0/1 [00:00<?, ?it/s, loss=0.00737]100%|███████████████████████████████| 1/1 [00:00<00:00,  4.46it/s, loss=0.00737]100%|███████████████████████████████| 1/1 [00:00<00:00,  4.45it/s, loss=0.00737]
0:02:09.933682 - saving /home/ubuntu/synthetic_pose_estimation/cosypose/local_data/experiments/bracket_assembly_debug_nut_nosym_coarse_noaug--938962 235
  0%|                                                     | 0/1 [00:00<?, ?it/s]0:02:10.348733 - iteration 0
0:02:10.392424 - outputs, {'pose': tensor([[-0.9367, -0.6601,  0.2686,  0.5415, -0.4072, -0.3627,  1.6903, -1.3385,
          0.6453]], device='cuda:0', grad_fn=<AddmmBackward0>)}
0:02:10.393997 - model_outputs {'pose': tensor([[-0.9367, -0.6601,  0.2686,  0.5415, -0.4072, -0.3627,  1.6903, -1.3385,
          0.6453]], device='cuda:0', grad_fn=<AddmmBackward0>)}
0:02:10.394758 - K crop tensor([[[1.7875e+03, 0.0000e+00, 2.6094e+02],
         [0.0000e+00, 1.7875e+03, 9.4887e+01],
         [0.0000e+00, 0.0000e+00, 1.0000e+00]]], device='cuda:0')
0:02:10.395594 - TCO_input tensor([[[ 1.0000,  0.0000,  0.0000, -0.0167],
         [ 0.0000,  1.0000,  0.0000,  0.0040],
         [ 0.0000,  0.0000,  1.0000,  0.2937],
         [ 0.0000,  0.0000,  0.0000,  1.0000]]], device='cuda:0')
0:02:10.396470 - model tco output tensor([[[-0.7959,  0.4406,  0.4153, -0.0106],
         [-0.5608, -0.7950, -0.2313,  0.0025],
         [ 0.2283, -0.4170,  0.8798,  0.1895],
         [ 0.0000,  0.0000,  0.0000,  1.0000]]], device='cuda:0',
       grad_fn=<CopySlices>)
0:02:10.434660 - Wrote debug data: /home/ubuntu/synthetic_pose_estimation/cosypose/local_data/debug_data/debug_iter=1.pth.tar
0:02:10.645642 - TCO_input tensor([[[ 1.0000,  0.0000,  0.0000, -0.0167],
         [ 0.0000,  1.0000,  0.0000,  0.0040],
         [ 0.0000,  0.0000,  1.0000,  0.2937],
         [ 0.0000,  0.0000,  0.0000,  1.0000]]], device='cuda:0')
0:02:10.646600 - vxvyvz tensor([[ 1.6903, -1.3385,  0.6453]], device='cuda:0',
       grad_fn=<SliceBackward0>)
0:02:10.647535 - dR tensor([[[-0.7959,  0.4406,  0.4153],
         [-0.5608, -0.7950, -0.2313],
         [ 0.2283, -0.4170,  0.8798]]], device='cuda:0',
       grad_fn=<StackBackward0>)
0:02:10.648367 - fxfy tensor([[1787.5051, 1787.5055]], device='cuda:0')
0:02:10.650859 - TCO_gt tensor([[[-0.7893,  0.4511,  0.4165, -0.0100],
         [-0.5688, -0.7927, -0.2192,  0.0062],
         [ 0.2313, -0.4099,  0.8823,  0.1920],
         [ 0.0000,  0.0000,  0.0000,  1.0000]]], device='cuda:0')
0:02:10.651749 - TCO pred_orn tensor([[[-0.7959,  0.4406,  0.4153, -0.0100],
         [-0.5608, -0.7950, -0.2313,  0.0062],
         [ 0.2283, -0.4170,  0.8798,  0.1920],
         [ 0.0000,  0.0000,  0.0000,  1.0000]]], device='cuda:0',
       grad_fn=<CopySlices>)
0:02:10.652612 - TCO pred_xy tensor([[[-0.7893,  0.4511,  0.4165, -0.0107],
         [-0.5688, -0.7927, -0.2192,  0.0025],
         [ 0.2313, -0.4099,  0.8823,  0.1920],
         [ 0.0000,  0.0000,  0.0000,  1.0000]]], device='cuda:0',
       grad_fn=<CopySlices>)
0:02:10.653535 - TCO pred_z tensor([[[-0.7893,  0.4511,  0.4165, -0.0100],
         [-0.5688, -0.7927, -0.2192,  0.0062],
         [ 0.2313, -0.4099,  0.8823,  0.1895],
         [ 0.0000,  0.0000,  0.0000,  1.0000]]], device='cuda:0',
       grad_fn=<CopySlices>)
0:02:10.654153 - loss orn tensor([6.1207e-05], device='cuda:0', grad_fn=<MinBackward0>)
0:02:10.654761 - loss xy tensor([0.0015], device='cuda:0', grad_fn=<MinBackward0>)
0:02:10.655353 - loss z tensor([0.0008], device='cuda:0', grad_fn=<MinBackward0>)
  0%|                                       | 0/1 [00:00<?, ?it/s, loss=0.00234]100%|███████████████████████████████| 1/1 [00:00<00:00,  4.69it/s, loss=0.00234]100%|███████████████████████████████| 1/1 [00:00<00:00,  4.68it/s, loss=0.00234]
0:02:10.417253 - saving /home/ubuntu/synthetic_pose_estimation/cosypose/local_data/experiments/bracket_assembly_debug_nut_nosym_coarse_noaug--938962 236
  0%|                                                     | 0/1 [00:00<?, ?it/s]0:02:10.832498 - iteration 0
0:02:10.876126 - outputs, {'pose': tensor([[-0.9321, -0.6725,  0.2772,  0.5467, -0.4163, -0.3660,  1.7004, -1.3592,
          0.6528]], device='cuda:0', grad_fn=<AddmmBackward0>)}
0:02:10.877740 - model_outputs {'pose': tensor([[-0.9321, -0.6725,  0.2772,  0.5467, -0.4163, -0.3660,  1.7004, -1.3592,
          0.6528]], device='cuda:0', grad_fn=<AddmmBackward0>)}
0:02:10.878511 - K crop tensor([[[1.7554e+03, 0.0000e+00, 2.8868e+02],
         [0.0000e+00, 1.7554e+03, 7.8116e+01],
         [0.0000e+00, 0.0000e+00, 1.0000e+00]]], device='cuda:0')
0:02:10.879354 - TCO_input tensor([[[ 1.0000,  0.0000,  0.0000, -0.0213],
         [ 0.0000,  1.0000,  0.0000,  0.0068],
         [ 0.0000,  0.0000,  1.0000,  0.2897],
         [ 0.0000,  0.0000,  0.0000,  1.0000]]], device='cuda:0')
0:02:10.880241 - model tco output tensor([[[-0.7884,  0.4487,  0.4209, -0.0137],
         [-0.5688, -0.7923, -0.2207,  0.0043],
         [ 0.2345, -0.4134,  0.8798,  0.1891],
         [ 0.0000,  0.0000,  0.0000,  1.0000]]], device='cuda:0',
       grad_fn=<CopySlices>)
0:02:10.917841 - Wrote debug data: /home/ubuntu/synthetic_pose_estimation/cosypose/local_data/debug_data/debug_iter=1.pth.tar
0:02:11.128508 - TCO_input tensor([[[ 1.0000,  0.0000,  0.0000, -0.0213],
         [ 0.0000,  1.0000,  0.0000,  0.0068],
         [ 0.0000,  0.0000,  1.0000,  0.2897],
         [ 0.0000,  0.0000,  0.0000,  1.0000]]], device='cuda:0')
0:02:11.129479 - vxvyvz tensor([[ 1.7004, -1.3592,  0.6528]], device='cuda:0',
       grad_fn=<SliceBackward0>)
0:02:11.130432 - dR tensor([[[-0.7884,  0.4487,  0.4209],
         [-0.5688, -0.7923, -0.2207],
         [ 0.2345, -0.4134,  0.8798]]], device='cuda:0',
       grad_fn=<StackBackward0>)
0:02:11.131294 - fxfy tensor([[1755.4440, 1755.4440]], device='cuda:0')
0:02:11.133791 - TCO_gt tensor([[[-0.7893,  0.4511,  0.4165, -0.0100],
         [-0.5688, -0.7927, -0.2192,  0.0062],
         [ 0.2313, -0.4099,  0.8823,  0.1920],
         [ 0.0000,  0.0000,  0.0000,  1.0000]]], device='cuda:0')
0:02:11.134698 - TCO pred_orn tensor([[[-0.7884,  0.4487,  0.4209, -0.0100],
         [-0.5688, -0.7923, -0.2207,  0.0062],
         [ 0.2345, -0.4134,  0.8798,  0.1920],
         [ 0.0000,  0.0000,  0.0000,  1.0000]]], device='cuda:0',
       grad_fn=<CopySlices>)
0:02:11.135594 - TCO pred_xy tensor([[[-0.7893,  0.4511,  0.4165, -0.0139],
         [-0.5688, -0.7927, -0.2192,  0.0044],
         [ 0.2313, -0.4099,  0.8823,  0.1920],
         [ 0.0000,  0.0000,  0.0000,  1.0000]]], device='cuda:0',
       grad_fn=<CopySlices>)
0:02:11.136495 - TCO pred_z tensor([[[-0.7893,  0.4511,  0.4165, -0.0100],
         [-0.5688, -0.7927, -0.2192,  0.0062],
         [ 0.2313, -0.4099,  0.8823,  0.1891],
         [ 0.0000,  0.0000,  0.0000,  1.0000]]], device='cuda:0',
       grad_fn=<CopySlices>)
0:02:11.137141 - loss orn tensor([1.9235e-05], device='cuda:0', grad_fn=<MinBackward0>)
0:02:11.137767 - loss xy tensor([0.0019], device='cuda:0', grad_fn=<MinBackward0>)
0:02:11.138373 - loss z tensor([0.0010], device='cuda:0', grad_fn=<MinBackward0>)
  0%|                                       | 0/1 [00:00<?, ?it/s, loss=0.00289]100%|███████████████████████████████| 1/1 [00:00<00:00,  4.66it/s, loss=0.00289]100%|███████████████████████████████| 1/1 [00:00<00:00,  4.65it/s, loss=0.00289]
0:02:10.884096 - saving /home/ubuntu/synthetic_pose_estimation/cosypose/local_data/experiments/bracket_assembly_debug_nut_nosym_coarse_noaug--938962 237
  0%|                                                     | 0/1 [00:00<?, ?it/s]0:02:11.299328 - iteration 0
0:02:11.342926 - outputs, {'pose': tensor([[-0.9378, -0.6727,  0.2838,  0.5541, -0.4169, -0.3601,  1.7287, -1.3661,
          0.6526]], device='cuda:0', grad_fn=<AddmmBackward0>)}
0:02:11.344582 - model_outputs {'pose': tensor([[-0.9378, -0.6727,  0.2838,  0.5541, -0.4169, -0.3601,  1.7287, -1.3661,
          0.6526]], device='cuda:0', grad_fn=<AddmmBackward0>)}
0:02:11.345375 - K crop tensor([[[1.9043e+03, 0.0000e+00, 2.8515e+02],
         [0.0000e+00, 1.9043e+03, 5.2931e+01],
         [0.0000e+00, 0.0000e+00, 1.0000e+00]]], device='cuda:0')
0:02:11.346238 - TCO_input tensor([[[ 1.0000,  0.0000,  0.0000, -0.0208],
         [ 0.0000,  1.0000,  0.0000,  0.0110],
         [ 0.0000,  0.0000,  1.0000,  0.3152],
         [ 0.0000,  0.0000,  0.0000,  1.0000]]], device='cuda:0')
0:02:11.347135 - model tco output tensor([[[-0.7891,  0.4506,  0.4175, -0.0134],
         [-0.5660, -0.7975, -0.2090,  0.0070],
         [ 0.2388, -0.4012,  0.8843,  0.2057],
         [ 0.0000,  0.0000,  0.0000,  1.0000]]], device='cuda:0',
       grad_fn=<CopySlices>)
0:02:11.385913 - Wrote debug data: /home/ubuntu/synthetic_pose_estimation/cosypose/local_data/debug_data/debug_iter=1.pth.tar
0:02:11.595275 - TCO_input tensor([[[ 1.0000,  0.0000,  0.0000, -0.0208],
         [ 0.0000,  1.0000,  0.0000,  0.0110],
         [ 0.0000,  0.0000,  1.0000,  0.3152],
         [ 0.0000,  0.0000,  0.0000,  1.0000]]], device='cuda:0')
0:02:11.596252 - vxvyvz tensor([[ 1.7287, -1.3661,  0.6526]], device='cuda:0',
       grad_fn=<SliceBackward0>)
0:02:11.597223 - dR tensor([[[-0.7891,  0.4506,  0.4175],
         [-0.5660, -0.7975, -0.2090],
         [ 0.2388, -0.4012,  0.8843]]], device='cuda:0',
       grad_fn=<StackBackward0>)
0:02:11.598114 - fxfy tensor([[1904.2794, 1904.2798]], device='cuda:0')
0:02:11.600569 - TCO_gt tensor([[[-0.7893,  0.4511,  0.4165, -0.0100],
         [-0.5688, -0.7927, -0.2192,  0.0062],
         [ 0.2313, -0.4099,  0.8823,  0.1920],
         [ 0.0000,  0.0000,  0.0000,  1.0000]]], device='cuda:0')
0:02:11.601530 - TCO pred_orn tensor([[[-0.7891,  0.4506,  0.4175, -0.0100],
         [-0.5660, -0.7975, -0.2090,  0.0062],
         [ 0.2388, -0.4012,  0.8843,  0.1920],
         [ 0.0000,  0.0000,  0.0000,  1.0000]]], device='cuda:0',
       grad_fn=<CopySlices>)
0:02:11.602432 - TCO pred_xy tensor([[[-0.7893,  0.4511,  0.4165, -0.0125],
         [-0.5688, -0.7927, -0.2192,  0.0066],
         [ 0.2313, -0.4099,  0.8823,  0.1920],
         [ 0.0000,  0.0000,  0.0000,  1.0000]]], device='cuda:0',
       grad_fn=<CopySlices>)
0:02:11.603355 - TCO pred_z tensor([[[-0.7893,  0.4511,  0.4165, -0.0100],
         [-0.5688, -0.7927, -0.2192,  0.0062],
         [ 0.2313, -0.4099,  0.8823,  0.2057],
         [ 0.0000,  0.0000,  0.0000,  1.0000]]], device='cuda:0',
       grad_fn=<CopySlices>)
0:02:11.606601 - loss orn tensor([4.0755e-05], device='cuda:0', grad_fn=<MinBackward0>)
0:02:11.607232 - loss xy tensor([0.0010], device='cuda:0', grad_fn=<MinBackward0>)
0:02:11.607841 - loss z tensor([0.0046], device='cuda:0', grad_fn=<MinBackward0>)
  0%|                                       | 0/1 [00:00<?, ?it/s, loss=0.00558]100%|███████████████████████████████| 1/1 [00:00<00:00,  4.64it/s, loss=0.00558]100%|███████████████████████████████| 1/1 [00:00<00:00,  4.63it/s, loss=0.00558]
0:02:11.349958 - saving /home/ubuntu/synthetic_pose_estimation/cosypose/local_data/experiments/bracket_assembly_debug_nut_nosym_coarse_noaug--938962 238
  0%|                                                     | 0/1 [00:00<?, ?it/s]0:02:11.765089 - iteration 0
0:02:11.808590 - outputs, {'pose': tensor([[-0.9368, -0.6807,  0.2841,  0.5684, -0.4264, -0.3541,  1.7426, -1.3720,
          0.6628]], device='cuda:0', grad_fn=<AddmmBackward0>)}
0:02:11.810333 - model_outputs {'pose': tensor([[-0.9368, -0.6807,  0.2841,  0.5684, -0.4264, -0.3541,  1.7426, -1.3720,
          0.6628]], device='cuda:0', grad_fn=<AddmmBackward0>)}
0:02:11.811138 - K crop tensor([[[1.7321e+03, 0.0000e+00, 2.5182e+02],
         [0.0000e+00, 1.7321e+03, 4.1308e+01],
         [0.0000e+00, 0.0000e+00, 1.0000e+00]]], device='cuda:0')
0:02:11.811997 - TCO_input tensor([[[ 1.0000,  0.0000,  0.0000, -0.0154],
         [ 0.0000,  1.0000,  0.0000,  0.0130],
         [ 0.0000,  0.0000,  1.0000,  0.2884],
         [ 0.0000,  0.0000,  0.0000,  1.0000]]], device='cuda:0')
0:02:11.812904 - model tco output tensor([[[-0.7857,  0.4628,  0.4104, -0.0100],
         [-0.5709, -0.7980, -0.1929,  0.0085],
         [ 0.2382, -0.3859,  0.8912,  0.1911],
         [ 0.0000,  0.0000,  0.0000,  1.0000]]], device='cuda:0',
       grad_fn=<CopySlices>)
0:02:11.854229 - Wrote debug data: /home/ubuntu/synthetic_pose_estimation/cosypose/local_data/debug_data/debug_iter=1.pth.tar
0:02:12.064373 - TCO_input tensor([[[ 1.0000,  0.0000,  0.0000, -0.0154],
         [ 0.0000,  1.0000,  0.0000,  0.0130],
         [ 0.0000,  0.0000,  1.0000,  0.2884],
         [ 0.0000,  0.0000,  0.0000,  1.0000]]], device='cuda:0')
0:02:12.065429 - vxvyvz tensor([[ 1.7426, -1.3720,  0.6628]], device='cuda:0',
       grad_fn=<SliceBackward0>)
0:02:12.066423 - dR tensor([[[-0.7857,  0.4628,  0.4104],
         [-0.5709, -0.7980, -0.1929],
         [ 0.2382, -0.3859,  0.8912]]], device='cuda:0',
       grad_fn=<StackBackward0>)
0:02:12.067274 - fxfy tensor([[1732.1311, 1732.1310]], device='cuda:0')
0:02:12.069778 - TCO_gt tensor([[[-0.7893,  0.4511,  0.4165, -0.0100],
         [-0.5688, -0.7927, -0.2192,  0.0062],
         [ 0.2313, -0.4099,  0.8823,  0.1920],
         [ 0.0000,  0.0000,  0.0000,  1.0000]]], device='cuda:0')
0:02:12.070679 - TCO pred_orn tensor([[[-0.7857,  0.4628,  0.4104, -0.0100],
         [-0.5709, -0.7980, -0.1929,  0.0062],
         [ 0.2382, -0.3859,  0.8912,  0.1920],
         [ 0.0000,  0.0000,  0.0000,  1.0000]]], device='cuda:0',
       grad_fn=<CopySlices>)
0:02:12.071566 - TCO pred_xy tensor([[[-0.7893,  0.4511,  0.4165, -0.0100],
         [-0.5688, -0.7927, -0.2192,  0.0085],
         [ 0.2313, -0.4099,  0.8823,  0.1920],
         [ 0.0000,  0.0000,  0.0000,  1.0000]]], device='cuda:0',
       grad_fn=<CopySlices>)
0:02:12.072460 - TCO pred_z tensor([[[-0.7893,  0.4511,  0.4165, -0.0100],
         [-0.5688, -0.7927, -0.2192,  0.0062],
         [ 0.2313, -0.4099,  0.8823,  0.1911],
         [ 0.0000,  0.0000,  0.0000,  1.0000]]], device='cuda:0',
       grad_fn=<CopySlices>)
0:02:12.073095 - loss orn tensor([0.0001], device='cuda:0', grad_fn=<MinBackward0>)
0:02:12.073727 - loss xy tensor([0.0008], device='cuda:0', grad_fn=<MinBackward0>)
0:02:12.074340 - loss z tensor([0.0003], device='cuda:0', grad_fn=<MinBackward0>)
  0%|                                       | 0/1 [00:00<?, ?it/s, loss=0.00118]100%|███████████████████████████████| 1/1 [00:00<00:00,  4.58it/s, loss=0.00118]100%|███████████████████████████████| 1/1 [00:00<00:00,  4.58it/s, loss=0.00118]
0:02:11.832464 - saving /home/ubuntu/synthetic_pose_estimation/cosypose/local_data/experiments/bracket_assembly_debug_nut_nosym_coarse_noaug--938962 239
  0%|                                                     | 0/1 [00:00<?, ?it/s]0:02:12.247530 - iteration 0
0:02:12.290899 - outputs, {'pose': tensor([[-0.9334, -0.6791,  0.2842,  0.5638, -0.4268, -0.3562,  1.7624, -1.3841,
          0.6632]], device='cuda:0', grad_fn=<AddmmBackward0>)}
0:02:12.292467 - model_outputs {'pose': tensor([[-0.9334, -0.6791,  0.2842,  0.5638, -0.4268, -0.3562,  1.7624, -1.3841,
          0.6632]], device='cuda:0', grad_fn=<AddmmBackward0>)}
0:02:12.293243 - K crop tensor([[[2.1032e+03, 0.0000e+00, 2.7434e+02],
         [0.0000e+00, 2.1032e+03, 1.2361e+02],
         [0.0000e+00, 0.0000e+00, 1.0000e+00]]], device='cuda:0')
0:02:12.294080 - TCO_input tensor([[[ 1.0000e+00,  0.0000e+00,  0.0000e+00, -1.8732e-02],
         [ 0.0000e+00,  1.0000e+00,  0.0000e+00, -6.7005e-04],
         [ 0.0000e+00,  0.0000e+00,  1.0000e+00,  3.4307e-01],
         [ 0.0000e+00,  0.0000e+00,  0.0000e+00,  1.0000e+00]]],
       device='cuda:0')
0:02:12.295557 - model tco output tensor([[[-7.8517e-01,  4.6111e-01,  4.1338e-01, -1.2232e-02],
         [-5.7128e-01, -7.9699e-01, -1.9606e-01, -5.9409e-04],
         [ 2.3906e-01, -3.9010e-01,  8.8920e-01,  2.2752e-01],
         [ 0.0000e+00,  0.0000e+00,  0.0000e+00,  1.0000e+00]]],
       device='cuda:0', grad_fn=<CopySlices>)
0:02:12.333653 - Wrote debug data: /home/ubuntu/synthetic_pose_estimation/cosypose/local_data/debug_data/debug_iter=1.pth.tar
0:02:12.545301 - TCO_input tensor([[[ 1.0000e+00,  0.0000e+00,  0.0000e+00, -1.8732e-02],
         [ 0.0000e+00,  1.0000e+00,  0.0000e+00, -6.7005e-04],
         [ 0.0000e+00,  0.0000e+00,  1.0000e+00,  3.4307e-01],
         [ 0.0000e+00,  0.0000e+00,  0.0000e+00,  1.0000e+00]]],
       device='cuda:0')
0:02:12.546357 - vxvyvz tensor([[ 1.7624, -1.3841,  0.6632]], device='cuda:0',
       grad_fn=<SliceBackward0>)
0:02:12.547362 - dR tensor([[[-0.7852,  0.4611,  0.4134],
         [-0.5713, -0.7970, -0.1961],
         [ 0.2391, -0.3901,  0.8892]]], device='cuda:0',
       grad_fn=<StackBackward0>)
0:02:12.548237 - fxfy tensor([[2103.1816, 2103.1816]], device='cuda:0')
0:02:12.550750 - TCO_gt tensor([[[-0.7893,  0.4511,  0.4165, -0.0100],
         [-0.5688, -0.7927, -0.2192,  0.0062],
         [ 0.2313, -0.4099,  0.8823,  0.1920],
         [ 0.0000,  0.0000,  0.0000,  1.0000]]], device='cuda:0')
0:02:12.551650 - TCO pred_orn tensor([[[-0.7852,  0.4611,  0.4134, -0.0100],
         [-0.5713, -0.7970, -0.1961,  0.0062],
         [ 0.2391, -0.3901,  0.8892,  0.1920],
         [ 0.0000,  0.0000,  0.0000,  1.0000]]], device='cuda:0',
       grad_fn=<CopySlices>)
0:02:12.552524 - TCO pred_xy tensor([[[-7.8929e-01,  4.5115e-01,  4.1651e-01, -1.0321e-02],
         [-5.6879e-01, -7.9274e-01, -2.1920e-01, -5.0126e-04],
         [ 2.3129e-01, -4.0992e-01,  8.8231e-01,  1.9197e-01],
         [ 0.0000e+00,  0.0000e+00,  0.0000e+00,  1.0000e+00]]],
       device='cuda:0', grad_fn=<CopySlices>)
0:02:12.553481 - TCO pred_z tensor([[[-0.7893,  0.4511,  0.4165, -0.0100],
         [-0.5688, -0.7927, -0.2192,  0.0062],
         [ 0.2313, -0.4099,  0.8823,  0.2275],
         [ 0.0000,  0.0000,  0.0000,  1.0000]]], device='cuda:0',
       grad_fn=<CopySlices>)
0:02:12.554113 - loss orn tensor([9.8524e-05], device='cuda:0', grad_fn=<MinBackward0>)
0:02:12.554726 - loss xy tensor([0.0023], device='cuda:0', grad_fn=<MinBackward0>)
0:02:12.555339 - loss z tensor([0.0118], device='cuda:0', grad_fn=<MinBackward0>)
  0%|                                        | 0/1 [00:00<?, ?it/s, loss=0.0143]100%|████████████████████████████████| 1/1 [00:00<00:00,  4.66it/s, loss=0.0143]100%|████████████████████████████████| 1/1 [00:00<00:00,  4.65it/s, loss=0.0143]
  0%|                                                     | 0/1 [00:00<?, ?it/s]0:02:12.462062 - iteration 0
0:02:12.499194 - outputs, {'pose': tensor([[-0.0413, -0.0093, -0.0142,  0.1124,  0.0187, -0.0811,  0.1728, -0.1137,
          0.1229]], device='cuda:0')}
0:02:12.500609 - model_outputs {'pose': tensor([[-0.0413, -0.0093, -0.0142,  0.1124,  0.0187, -0.0811,  0.1728, -0.1137,
          0.1229]], device='cuda:0')}
0:02:12.501379 - K crop tensor([[[1.4870e+03, 0.0000e+00, 2.6698e+02],
         [0.0000e+00, 1.4870e+03, 5.9599e+01],
         [0.0000e+00, 0.0000e+00, 1.0000e+00]]], device='cuda:0')
0:02:12.502241 - TCO_input tensor([[[ 1.0000,  0.0000,  0.0000, -0.0179],
         [ 0.0000,  1.0000,  0.0000,  0.0100],
         [ 0.0000,  0.0000,  1.0000,  0.2479],
         [ 0.0000,  0.0000,  0.0000,  1.0000]]], device='cuda:0')
0:02:12.503126 - model tco output tensor([[[-0.9250,  0.3219,  0.2018, -0.0022],
         [-0.2086,  0.0136, -0.9779,  0.0012],
         [-0.3175, -0.9467,  0.0545,  0.0305],
         [ 0.0000,  0.0000,  0.0000,  1.0000]]], device='cuda:0')
0:02:12.542676 - Wrote debug data: /home/ubuntu/synthetic_pose_estimation/cosypose/local_data/debug_data/debug_iter=1.pth.tar
0:02:12.754084 - TCO_input tensor([[[ 1.0000,  0.0000,  0.0000, -0.0179],
         [ 0.0000,  1.0000,  0.0000,  0.0100],
         [ 0.0000,  0.0000,  1.0000,  0.2479],
         [ 0.0000,  0.0000,  0.0000,  1.0000]]], device='cuda:0')
0:02:12.755057 - vxvyvz tensor([[ 0.1728, -0.1137,  0.1229]], device='cuda:0')
0:02:12.756007 - dR tensor([[[-0.9250,  0.3219,  0.2018],
         [-0.2086,  0.0136, -0.9779],
         [-0.3175, -0.9467,  0.0545]]], device='cuda:0')
0:02:12.756915 - fxfy tensor([[1486.9980, 1486.9980]], device='cuda:0')
0:02:12.759207 - TCO_gt tensor([[[-0.7893,  0.4511,  0.4165, -0.0100],
         [-0.5688, -0.7927, -0.2192,  0.0062],
         [ 0.2313, -0.4099,  0.8823,  0.1920],
         [ 0.0000,  0.0000,  0.0000,  1.0000]]], device='cuda:0')
0:02:12.760091 - TCO pred_orn tensor([[[-0.9250,  0.3219,  0.2018, -0.0100],
         [-0.2086,  0.0136, -0.9779,  0.0062],
         [-0.3175, -0.9467,  0.0545,  0.1920],
         [ 0.0000,  0.0000,  0.0000,  1.0000]]], device='cuda:0')
0:02:12.760984 - TCO pred_xy tensor([[[-0.7893,  0.4511,  0.4165, -0.0139],
         [-0.5688, -0.7927, -0.2192,  0.0077],
         [ 0.2313, -0.4099,  0.8823,  0.1920],
         [ 0.0000,  0.0000,  0.0000,  1.0000]]], device='cuda:0')
0:02:12.761890 - TCO pred_z tensor([[[-0.7893,  0.4511,  0.4165, -0.0100],
         [-0.5688, -0.7927, -0.2192,  0.0062],
         [ 0.2313, -0.4099,  0.8823,  0.0305],
         [ 0.0000,  0.0000,  0.0000,  1.0000]]], device='cuda:0')
0:02:12.762511 - loss orn tensor([0.0041], device='cuda:0')
0:02:12.763129 - loss xy tensor([0.0018], device='cuda:0')
0:02:12.763740 - loss z tensor([0.0538], device='cuda:0')
100%|█████████████████████████████████████████████| 1/1 [00:00<00:00,  8.31it/s]100%|█████████████████████████████████████████████| 1/1 [00:00<00:00,  8.28it/s]
0:02:12.425383 - saving /home/ubuntu/synthetic_pose_estimation/cosypose/local_data/experiments/bracket_assembly_debug_nut_nosym_coarse_noaug--938962 240
  0%|                                                     | 0/1 [00:00<?, ?it/s]0:02:12.838915 - iteration 0
0:02:12.894373 - outputs, {'pose': tensor([[-0.9317, -0.6808,  0.2841,  0.5619, -0.4325, -0.3689,  1.7972, -1.3998,
          0.6754]], device='cuda:0', grad_fn=<AddmmBackward0>)}
0:02:12.896469 - model_outputs {'pose': tensor([[-0.9317, -0.6808,  0.2841,  0.5619, -0.4325, -0.3689,  1.7972, -1.3998,
          0.6754]], device='cuda:0', grad_fn=<AddmmBackward0>)}
0:02:12.900276 - K crop tensor([[[1.8194e+03, 0.0000e+00, 2.4709e+02],
         [0.0000e+00, 1.8194e+03, 1.7623e+01],
         [0.0000e+00, 0.0000e+00, 1.0000e+00]]], device='cuda:0')
0:02:12.901448 - TCO_input tensor([[[ 1.0000,  0.0000,  0.0000, -0.0146],
         [ 0.0000,  1.0000,  0.0000,  0.0170],
         [ 0.0000,  0.0000,  1.0000,  0.3039],
         [ 0.0000,  0.0000,  0.0000,  1.0000]]], device='cuda:0')
0:02:12.902849 - model tco output tensor([[[-0.7840,  0.4565,  0.4206, -0.0097],
         [-0.5728, -0.7931, -0.2070,  0.0113],
         [ 0.2391, -0.4032,  0.8833,  0.2053],
         [ 0.0000,  0.0000,  0.0000,  1.0000]]], device='cuda:0',
       grad_fn=<CopySlices>)
0:02:12.945438 - Wrote debug data: /home/ubuntu/synthetic_pose_estimation/cosypose/local_data/debug_data/debug_iter=1.pth.tar
0:02:13.155386 - TCO_input tensor([[[ 1.0000,  0.0000,  0.0000, -0.0146],
         [ 0.0000,  1.0000,  0.0000,  0.0170],
         [ 0.0000,  0.0000,  1.0000,  0.3039],
         [ 0.0000,  0.0000,  0.0000,  1.0000]]], device='cuda:0')
0:02:13.156372 - vxvyvz tensor([[ 1.7972, -1.3998,  0.6754]], device='cuda:0',
       grad_fn=<SliceBackward0>)
0:02:13.157411 - dR tensor([[[-0.7840,  0.4565,  0.4206],
         [-0.5728, -0.7931, -0.2070],
         [ 0.2391, -0.4032,  0.8833]]], device='cuda:0',
       grad_fn=<StackBackward0>)
0:02:13.158258 - fxfy tensor([[1819.3695, 1819.3696]], device='cuda:0')
0:02:13.160666 - TCO_gt tensor([[[-0.7893,  0.4511,  0.4165, -0.0100],
         [-0.5688, -0.7927, -0.2192,  0.0062],
         [ 0.2313, -0.4099,  0.8823,  0.1920],
         [ 0.0000,  0.0000,  0.0000,  1.0000]]], device='cuda:0')
0:02:13.161603 - TCO pred_orn tensor([[[-0.7840,  0.4565,  0.4206, -0.0100],
         [-0.5728, -0.7931, -0.2070,  0.0062],
         [ 0.2391, -0.4032,  0.8833,  0.1920],
         [ 0.0000,  0.0000,  0.0000,  1.0000]]], device='cuda:0',
       grad_fn=<CopySlices>)
0:02:13.162491 - TCO pred_xy tensor([[[-0.7893,  0.4511,  0.4165, -0.0091],
         [-0.5688, -0.7927, -0.2192,  0.0106],
         [ 0.2313, -0.4099,  0.8823,  0.1920],
         [ 0.0000,  0.0000,  0.0000,  1.0000]]], device='cuda:0',
       grad_fn=<CopySlices>)
0:02:13.163373 - TCO pred_z tensor([[[-0.7893,  0.4511,  0.4165, -0.0100],
         [-0.5688, -0.7927, -0.2192,  0.0062],
         [ 0.2313, -0.4099,  0.8823,  0.2053],
         [ 0.0000,  0.0000,  0.0000,  1.0000]]], device='cuda:0',
       grad_fn=<CopySlices>)
0:02:13.164012 - loss orn tensor([5.4210e-05], device='cuda:0', grad_fn=<MinBackward0>)
0:02:13.164628 - loss xy tensor([0.0018], device='cuda:0', grad_fn=<MinBackward0>)
0:02:13.165274 - loss z tensor([0.0044], device='cuda:0', grad_fn=<MinBackward0>)
  0%|                                       | 0/1 [00:00<?, ?it/s, loss=0.00629]100%|███████████████████████████████| 1/1 [00:00<00:00,  4.32it/s, loss=0.00629]100%|███████████████████████████████| 1/1 [00:00<00:00,  4.31it/s, loss=0.00629]
0:02:12.921839 - saving /home/ubuntu/synthetic_pose_estimation/cosypose/local_data/experiments/bracket_assembly_debug_nut_nosym_coarse_noaug--938962 241
  0%|                                                     | 0/1 [00:00<?, ?it/s]0:02:13.336794 - iteration 0
0:02:13.380219 - outputs, {'pose': tensor([[-0.9350, -0.6776,  0.2731,  0.5582, -0.4317, -0.3700,  1.7955, -1.4011,
          0.6680]], device='cuda:0', grad_fn=<AddmmBackward0>)}
0:02:13.381802 - model_outputs {'pose': tensor([[-0.9350, -0.6776,  0.2731,  0.5582, -0.4317, -0.3700,  1.7955, -1.4011,
          0.6680]], device='cuda:0', grad_fn=<AddmmBackward0>)}
0:02:13.382565 - K crop tensor([[[1.6638e+03, 0.0000e+00, 2.4813e+02],
         [0.0000e+00, 1.6638e+03, 5.6087e+01],
         [0.0000e+00, 0.0000e+00, 1.0000e+00]]], device='cuda:0')
0:02:13.383430 - TCO_input tensor([[[ 1.0000,  0.0000,  0.0000, -0.0147],
         [ 0.0000,  1.0000,  0.0000,  0.0105],
         [ 0.0000,  0.0000,  1.0000,  0.2765],
         [ 0.0000,  0.0000,  0.0000,  1.0000]]], device='cuda:0')
0:02:13.384343 - model tco output tensor([[[-0.7880,  0.4538,  0.4161, -0.0096],
         [-0.5710, -0.7913, -0.2185,  0.0069],
         [ 0.2301, -0.4098,  0.8827,  0.1847],
         [ 0.0000,  0.0000,  0.0000,  1.0000]]], device='cuda:0',
       grad_fn=<CopySlices>)
0:02:13.423698 - Wrote debug data: /home/ubuntu/synthetic_pose_estimation/cosypose/local_data/debug_data/debug_iter=1.pth.tar
0:02:13.633339 - TCO_input tensor([[[ 1.0000,  0.0000,  0.0000, -0.0147],
         [ 0.0000,  1.0000,  0.0000,  0.0105],
         [ 0.0000,  0.0000,  1.0000,  0.2765],
         [ 0.0000,  0.0000,  0.0000,  1.0000]]], device='cuda:0')
0:02:13.634265 - vxvyvz tensor([[ 1.7955, -1.4011,  0.6680]], device='cuda:0',
       grad_fn=<SliceBackward0>)
0:02:13.635225 - dR tensor([[[-0.7880,  0.4538,  0.4161],
         [-0.5710, -0.7913, -0.2185],
         [ 0.2301, -0.4098,  0.8827]]], device='cuda:0',
       grad_fn=<StackBackward0>)
0:02:13.636070 - fxfy tensor([[1663.8290, 1663.8290]], device='cuda:0')
0:02:13.638568 - TCO_gt tensor([[[-0.7893,  0.4511,  0.4165, -0.0100],
         [-0.5688, -0.7927, -0.2192,  0.0062],
         [ 0.2313, -0.4099,  0.8823,  0.1920],
         [ 0.0000,  0.0000,  0.0000,  1.0000]]], device='cuda:0')
0:02:13.639469 - TCO pred_orn tensor([[[-0.7880,  0.4538,  0.4161, -0.0100],
         [-0.5710, -0.7913, -0.2185,  0.0062],
         [ 0.2301, -0.4098,  0.8827,  0.1920],
         [ 0.0000,  0.0000,  0.0000,  1.0000]]], device='cuda:0',
       grad_fn=<CopySlices>)
0:02:13.640361 - TCO pred_xy tensor([[[-0.7893,  0.4511,  0.4165, -0.0100],
         [-0.5688, -0.7927, -0.2192,  0.0072],
         [ 0.2313, -0.4099,  0.8823,  0.1920],
         [ 0.0000,  0.0000,  0.0000,  1.0000]]], device='cuda:0',
       grad_fn=<CopySlices>)
0:02:13.641292 - TCO pred_z tensor([[[-0.7893,  0.4511,  0.4165, -0.0100],
         [-0.5688, -0.7927, -0.2192,  0.0062],
         [ 0.2313, -0.4099,  0.8823,  0.1847],
         [ 0.0000,  0.0000,  0.0000,  1.0000]]], device='cuda:0',
       grad_fn=<CopySlices>)
0:02:13.641923 - loss orn tensor([1.3461e-05], device='cuda:0', grad_fn=<MinBackward0>)
0:02:13.642536 - loss xy tensor([0.0003], device='cuda:0', grad_fn=<MinBackward0>)
0:02:13.643149 - loss z tensor([0.0024], device='cuda:0', grad_fn=<MinBackward0>)
  0%|                                       | 0/1 [00:00<?, ?it/s, loss=0.00278]100%|███████████████████████████████| 1/1 [00:00<00:00,  4.72it/s, loss=0.00278]100%|███████████████████████████████| 1/1 [00:00<00:00,  4.71it/s, loss=0.00278]
0:02:13.387059 - saving /home/ubuntu/synthetic_pose_estimation/cosypose/local_data/experiments/bracket_assembly_debug_nut_nosym_coarse_noaug--938962 242
  0%|                                                     | 0/1 [00:00<?, ?it/s]0:02:13.802561 - iteration 0
0:02:13.846825 - outputs, {'pose': tensor([[-0.9515, -0.6696,  0.2751,  0.5473, -0.4262, -0.3713,  1.8170, -1.4170,
          0.6768]], device='cuda:0', grad_fn=<AddmmBackward0>)}
0:02:13.848548 - model_outputs {'pose': tensor([[-0.9515, -0.6696,  0.2751,  0.5473, -0.4262, -0.3713,  1.8170, -1.4170,
          0.6768]], device='cuda:0', grad_fn=<AddmmBackward0>)}
0:02:13.849375 - K crop tensor([[[1.9968e+03, 0.0000e+00, 2.7836e+02],
         [0.0000e+00, 1.9968e+03, 4.0325e+01],
         [0.0000e+00, 0.0000e+00, 1.0000e+00]]], device='cuda:0')
0:02:13.850857 - TCO_input tensor([[[ 1.0000,  0.0000,  0.0000, -0.0197],
         [ 0.0000,  1.0000,  0.0000,  0.0131],
         [ 0.0000,  0.0000,  1.0000,  0.3309],
         [ 0.0000,  0.0000,  0.0000,  1.0000]]], device='cuda:0')
0:02:13.851893 - model tco output tensor([[[-0.7959,  0.4393,  0.4167, -0.0131],
         [-0.5601, -0.7956, -0.2309,  0.0087],
         [ 0.2301, -0.4171,  0.8792,  0.2239],
         [ 0.0000,  0.0000,  0.0000,  1.0000]]], device='cuda:0',
       grad_fn=<CopySlices>)
0:02:13.889951 - Wrote debug data: /home/ubuntu/synthetic_pose_estimation/cosypose/local_data/debug_data/debug_iter=1.pth.tar
0:02:14.102650 - TCO_input tensor([[[ 1.0000,  0.0000,  0.0000, -0.0197],
         [ 0.0000,  1.0000,  0.0000,  0.0131],
         [ 0.0000,  0.0000,  1.0000,  0.3309],
         [ 0.0000,  0.0000,  0.0000,  1.0000]]], device='cuda:0')
0:02:14.104031 - vxvyvz tensor([[ 1.8170, -1.4170,  0.6768]], device='cuda:0',
       grad_fn=<SliceBackward0>)
0:02:14.105355 - dR tensor([[[-0.7959,  0.4393,  0.4167],
         [-0.5601, -0.7956, -0.2309],
         [ 0.2301, -0.4171,  0.8792]]], device='cuda:0',
       grad_fn=<StackBackward0>)
0:02:14.106475 - fxfy tensor([[1996.8385, 1996.8386]], device='cuda:0')
0:02:14.109014 - TCO_gt tensor([[[-0.7893,  0.4511,  0.4165, -0.0100],
         [-0.5688, -0.7927, -0.2192,  0.0062],
         [ 0.2313, -0.4099,  0.8823,  0.1920],
         [ 0.0000,  0.0000,  0.0000,  1.0000]]], device='cuda:0')
0:02:14.109982 - TCO pred_orn tensor([[[-0.7959,  0.4393,  0.4167, -0.0100],
         [-0.5601, -0.7956, -0.2309,  0.0062],
         [ 0.2301, -0.4171,  0.8792,  0.1920],
         [ 0.0000,  0.0000,  0.0000,  1.0000]]], device='cuda:0',
       grad_fn=<CopySlices>)
0:02:14.110894 - TCO pred_xy tensor([[[-0.7893,  0.4511,  0.4165, -0.0113],
         [-0.5688, -0.7927, -0.2192,  0.0075],
         [ 0.2313, -0.4099,  0.8823,  0.1920],
         [ 0.0000,  0.0000,  0.0000,  1.0000]]], device='cuda:0',
       grad_fn=<CopySlices>)
0:02:14.111780 - TCO pred_z tensor([[[-0.7893,  0.4511,  0.4165, -0.0100],
         [-0.5688, -0.7927, -0.2192,  0.0062],
         [ 0.2313, -0.4099,  0.8823,  0.2239],
         [ 0.0000,  0.0000,  0.0000,  1.0000]]], device='cuda:0',
       grad_fn=<CopySlices>)
0:02:14.112396 - loss orn tensor([6.4236e-05], device='cuda:0', grad_fn=<MinBackward0>)
0:02:14.113011 - loss xy tensor([0.0008], device='cuda:0', grad_fn=<MinBackward0>)
0:02:14.113646 - loss z tensor([0.0107], device='cuda:0', grad_fn=<MinBackward0>)
  0%|                                        | 0/1 [00:00<?, ?it/s, loss=0.0116]100%|████████████████████████████████| 1/1 [00:00<00:00,  4.46it/s, loss=0.0116]100%|████████████████████████████████| 1/1 [00:00<00:00,  4.45it/s, loss=0.0116]
0:02:13.880405 - saving /home/ubuntu/synthetic_pose_estimation/cosypose/local_data/experiments/bracket_assembly_debug_nut_nosym_coarse_noaug--938962 243
  0%|                                                     | 0/1 [00:00<?, ?it/s]0:02:14.295651 - iteration 0
0:02:14.339554 - outputs, {'pose': tensor([[-0.9473, -0.6663,  0.2675,  0.5535, -0.4261, -0.3676,  1.8362, -1.4261,
          0.6755]], device='cuda:0', grad_fn=<AddmmBackward0>)}
0:02:14.341215 - model_outputs {'pose': tensor([[-0.9473, -0.6663,  0.2675,  0.5535, -0.4261, -0.3676,  1.8362, -1.4261,
          0.6755]], device='cuda:0', grad_fn=<AddmmBackward0>)}
0:02:14.342062 - K crop tensor([[[1.9924e+03, 0.0000e+00, 2.3652e+02],
         [0.0000e+00, 1.9924e+03, 2.8192e+01],
         [0.0000e+00, 0.0000e+00, 1.0000e+00]]], device='cuda:0')
0:02:14.343196 - TCO_input tensor([[[ 1.0000,  0.0000,  0.0000, -0.0128],
         [ 0.0000,  1.0000,  0.0000,  0.0152],
         [ 0.0000,  0.0000,  1.0000,  0.3310],
         [ 0.0000,  0.0000,  0.0000,  1.0000]]], device='cuda:0')
0:02:14.344528 - model tco output tensor([[[-0.7969,  0.4434,  0.4102, -0.0084],
         [-0.5606, -0.7959, -0.2288,  0.0101],
         [ 0.2250, -0.4123,  0.8828,  0.2236],
         [ 0.0000,  0.0000,  0.0000,  1.0000]]], device='cuda:0',
       grad_fn=<CopySlices>)
0:02:14.382436 - Wrote debug data: /home/ubuntu/synthetic_pose_estimation/cosypose/local_data/debug_data/debug_iter=1.pth.tar
0:02:14.592453 - TCO_input tensor([[[ 1.0000,  0.0000,  0.0000, -0.0128],
         [ 0.0000,  1.0000,  0.0000,  0.0152],
         [ 0.0000,  0.0000,  1.0000,  0.3310],
         [ 0.0000,  0.0000,  0.0000,  1.0000]]], device='cuda:0')
0:02:14.593422 - vxvyvz tensor([[ 1.8362, -1.4261,  0.6755]], device='cuda:0',
       grad_fn=<SliceBackward0>)
0:02:14.594423 - dR tensor([[[-0.7969,  0.4434,  0.4102],
         [-0.5606, -0.7959, -0.2288],
         [ 0.2250, -0.4123,  0.8828]]], device='cuda:0',
       grad_fn=<StackBackward0>)
0:02:14.595262 - fxfy tensor([[1992.3853, 1992.3856]], device='cuda:0')
0:02:14.597803 - TCO_gt tensor([[[-0.7893,  0.4511,  0.4165, -0.0100],
         [-0.5688, -0.7927, -0.2192,  0.0062],
         [ 0.2313, -0.4099,  0.8823,  0.1920],
         [ 0.0000,  0.0000,  0.0000,  1.0000]]], device='cuda:0')
0:02:14.598718 - TCO pred_orn tensor([[[-0.7969,  0.4434,  0.4102, -0.0100],
         [-0.5606, -0.7959, -0.2288,  0.0062],
         [ 0.2250, -0.4123,  0.8828,  0.1920],
         [ 0.0000,  0.0000,  0.0000,  1.0000]]], device='cuda:0',
       grad_fn=<CopySlices>)
0:02:14.599626 - TCO pred_xy tensor([[[-0.7893,  0.4511,  0.4165, -0.0072],
         [-0.5688, -0.7927, -0.2192,  0.0087],
         [ 0.2313, -0.4099,  0.8823,  0.1920],
         [ 0.0000,  0.0000,  0.0000,  1.0000]]], device='cuda:0',
       grad_fn=<CopySlices>)
0:02:14.600543 - TCO pred_z tensor([[[-0.7893,  0.4511,  0.4165, -0.0100],
         [-0.5688, -0.7927, -0.2192,  0.0062],
         [ 0.2313, -0.4099,  0.8823,  0.2236],
         [ 0.0000,  0.0000,  0.0000,  1.0000]]], device='cuda:0',
       grad_fn=<CopySlices>)
0:02:14.601185 - loss orn tensor([5.5748e-05], device='cuda:0', grad_fn=<MinBackward0>)
0:02:14.601819 - loss xy tensor([0.0017], device='cuda:0', grad_fn=<MinBackward0>)
0:02:14.602433 - loss z tensor([0.0105], device='cuda:0', grad_fn=<MinBackward0>)
  0%|                                        | 0/1 [00:00<?, ?it/s, loss=0.0123]100%|████████████████████████████████| 1/1 [00:00<00:00,  4.65it/s, loss=0.0123]100%|████████████████████████████████| 1/1 [00:00<00:00,  4.64it/s, loss=0.0123]
0:02:14.361197 - saving /home/ubuntu/synthetic_pose_estimation/cosypose/local_data/experiments/bracket_assembly_debug_nut_nosym_coarse_noaug--938962 244
  0%|                                                     | 0/1 [00:00<?, ?it/s]0:02:14.776253 - iteration 0
0:02:14.819847 - outputs, {'pose': tensor([[-0.9466, -0.6646,  0.2663,  0.5433, -0.4232, -0.3759,  1.8437, -1.4410,
          0.6602]], device='cuda:0', grad_fn=<AddmmBackward0>)}
0:02:14.821490 - model_outputs {'pose': tensor([[-0.9466, -0.6646,  0.2663,  0.5433, -0.4232, -0.3759,  1.8437, -1.4410,
          0.6602]], device='cuda:0', grad_fn=<AddmmBackward0>)}
0:02:14.822323 - K crop tensor([[[1.6214e+03, 0.0000e+00, 2.7550e+02],
         [0.0000e+00, 1.6214e+03, 1.0853e+02],
         [0.0000e+00, 0.0000e+00, 1.0000e+00]]], device='cuda:0')
0:02:14.823224 - TCO_input tensor([[[ 1.0000,  0.0000,  0.0000, -0.0190],
         [ 0.0000,  1.0000,  0.0000,  0.0018],
         [ 0.0000,  0.0000,  1.0000,  0.2662],
         [ 0.0000,  0.0000,  0.0000,  1.0000]]], device='cuda:0')
0:02:14.824746 - model tco output tensor([[[-0.7976,  0.4360,  0.4169, -0.0124],
         [-0.5599, -0.7922, -0.2428,  0.0010],
         [ 0.2244, -0.4271,  0.8759,  0.1758],
         [ 0.0000,  0.0000,  0.0000,  1.0000]]], device='cuda:0',
       grad_fn=<CopySlices>)
0:02:14.863653 - Wrote debug data: /home/ubuntu/synthetic_pose_estimation/cosypose/local_data/debug_data/debug_iter=1.pth.tar
0:02:15.076022 - TCO_input tensor([[[ 1.0000,  0.0000,  0.0000, -0.0190],
         [ 0.0000,  1.0000,  0.0000,  0.0018],
         [ 0.0000,  0.0000,  1.0000,  0.2662],
         [ 0.0000,  0.0000,  0.0000,  1.0000]]], device='cuda:0')
0:02:15.077206 - vxvyvz tensor([[ 1.8437, -1.4410,  0.6602]], device='cuda:0',
       grad_fn=<SliceBackward0>)
0:02:15.078293 - dR tensor([[[-0.7976,  0.4360,  0.4169],
         [-0.5599, -0.7922, -0.2428],
         [ 0.2244, -0.4271,  0.8759]]], device='cuda:0',
       grad_fn=<StackBackward0>)
0:02:15.079245 - fxfy tensor([[1621.4255, 1621.4255]], device='cuda:0')
0:02:15.081839 - TCO_gt tensor([[[-0.7893,  0.4511,  0.4165, -0.0100],
         [-0.5688, -0.7927, -0.2192,  0.0062],
         [ 0.2313, -0.4099,  0.8823,  0.1920],
         [ 0.0000,  0.0000,  0.0000,  1.0000]]], device='cuda:0')
0:02:15.082802 - TCO pred_orn tensor([[[-0.7976,  0.4360,  0.4169, -0.0100],
         [-0.5599, -0.7922, -0.2428,  0.0062],
         [ 0.2244, -0.4271,  0.8759,  0.1920],
         [ 0.0000,  0.0000,  0.0000,  1.0000]]], device='cuda:0',
       grad_fn=<CopySlices>)
0:02:15.083751 - TCO pred_xy tensor([[[-0.7893,  0.4511,  0.4165, -0.0135],
         [-0.5688, -0.7927, -0.2192,  0.0011],
         [ 0.2313, -0.4099,  0.8823,  0.1920],
         [ 0.0000,  0.0000,  0.0000,  1.0000]]], device='cuda:0',
       grad_fn=<CopySlices>)
0:02:15.084696 - TCO pred_z tensor([[[-0.7893,  0.4511,  0.4165, -0.0100],
         [-0.5688, -0.7927, -0.2192,  0.0062],
         [ 0.2313, -0.4099,  0.8823,  0.1758],
         [ 0.0000,  0.0000,  0.0000,  1.0000]]], device='cuda:0',
       grad_fn=<CopySlices>)
0:02:15.085425 - loss orn tensor([0.0001], device='cuda:0', grad_fn=<MinBackward0>)
0:02:15.086090 - loss xy tensor([0.0029], device='cuda:0', grad_fn=<MinBackward0>)
0:02:15.086753 - loss z tensor([0.0054], device='cuda:0', grad_fn=<MinBackward0>)
  0%|                                       | 0/1 [00:00<?, ?it/s, loss=0.00837]100%|███████████████████████████████| 1/1 [00:00<00:00,  4.60it/s, loss=0.00837]100%|███████████████████████████████| 1/1 [00:00<00:00,  4.59it/s, loss=0.00837]
0:02:14.840185 - saving /home/ubuntu/synthetic_pose_estimation/cosypose/local_data/experiments/bracket_assembly_debug_nut_nosym_coarse_noaug--938962 245
  0%|                                                     | 0/1 [00:00<?, ?it/s]0:02:15.255487 - iteration 0
0:02:15.299119 - outputs, {'pose': tensor([[-0.9485, -0.6686,  0.2759,  0.5495, -0.4269, -0.3698,  1.8629, -1.4527,
          0.6670]], device='cuda:0', grad_fn=<AddmmBackward0>)}
0:02:15.300869 - model_outputs {'pose': tensor([[-0.9485, -0.6686,  0.2759,  0.5495, -0.4269, -0.3698,  1.8629, -1.4527,
          0.6670]], device='cuda:0', grad_fn=<AddmmBackward0>)}
0:02:15.301788 - K crop tensor([[[2.0527e+03, 0.0000e+00, 1.9808e+02],
         [0.0000e+00, 2.0527e+03, 1.1208e+02],
         [0.0000e+00, 0.0000e+00, 1.0000e+00]]], device='cuda:0')
0:02:15.302707 - TCO_input tensor([[[ 1.0000,  0.0000,  0.0000, -0.0063],
         [ 0.0000,  1.0000,  0.0000,  0.0012],
         [ 0.0000,  0.0000,  1.0000,  0.3351],
         [ 0.0000,  0.0000,  0.0000,  1.0000]]], device='cuda:0')
0:02:15.303639 - model tco output tensor([[[-7.9521e-01,  4.4097e-01,  4.1616e-01, -3.9973e-03],
         [-5.6049e-01, -7.9642e-01, -2.2710e-01,  6.4932e-04],
         [ 2.3130e-01, -4.1384e-01,  8.8048e-01,  2.2349e-01],
         [ 0.0000e+00,  0.0000e+00,  0.0000e+00,  1.0000e+00]]],
       device='cuda:0', grad_fn=<CopySlices>)
0:02:15.342161 - Wrote debug data: /home/ubuntu/synthetic_pose_estimation/cosypose/local_data/debug_data/debug_iter=1.pth.tar
0:02:15.553250 - TCO_input tensor([[[ 1.0000,  0.0000,  0.0000, -0.0063],
         [ 0.0000,  1.0000,  0.0000,  0.0012],
         [ 0.0000,  0.0000,  1.0000,  0.3351],
         [ 0.0000,  0.0000,  0.0000,  1.0000]]], device='cuda:0')
0:02:15.554411 - vxvyvz tensor([[ 1.8629, -1.4527,  0.6670]], device='cuda:0',
       grad_fn=<SliceBackward0>)
0:02:15.555481 - dR tensor([[[-0.7952,  0.4410,  0.4162],
         [-0.5605, -0.7964, -0.2271],
         [ 0.2313, -0.4138,  0.8805]]], device='cuda:0',
       grad_fn=<StackBackward0>)
0:02:15.556445 - fxfy tensor([[2052.7158, 2052.7161]], device='cuda:0')
0:02:15.559048 - TCO_gt tensor([[[-0.7893,  0.4511,  0.4165, -0.0100],
         [-0.5688, -0.7927, -0.2192,  0.0062],
         [ 0.2313, -0.4099,  0.8823,  0.1920],
         [ 0.0000,  0.0000,  0.0000,  1.0000]]], device='cuda:0')
0:02:15.560006 - TCO pred_orn tensor([[[-0.7952,  0.4410,  0.4162, -0.0100],
         [-0.5605, -0.7964, -0.2271,  0.0062],
         [ 0.2313, -0.4138,  0.8805,  0.1920],
         [ 0.0000,  0.0000,  0.0000,  1.0000]]], device='cuda:0',
       grad_fn=<CopySlices>)
0:02:15.560939 - TCO pred_xy tensor([[[-7.8929e-01,  4.5115e-01,  4.1651e-01, -3.4336e-03],
         [-5.6879e-01, -7.9274e-01, -2.1920e-01,  5.5775e-04],
         [ 2.3129e-01, -4.0992e-01,  8.8231e-01,  1.9197e-01],
         [ 0.0000e+00,  0.0000e+00,  0.0000e+00,  1.0000e+00]]],
       device='cuda:0', grad_fn=<CopySlices>)
0:02:15.561917 - TCO pred_z tensor([[[-0.7893,  0.4511,  0.4165, -0.0100],
         [-0.5688, -0.7927, -0.2192,  0.0062],
         [ 0.2313, -0.4099,  0.8823,  0.2235],
         [ 0.0000,  0.0000,  0.0000,  1.0000]]], device='cuda:0',
       grad_fn=<CopySlices>)
0:02:15.562588 - loss orn tensor([5.0828e-05], device='cuda:0', grad_fn=<MinBackward0>)
0:02:15.563248 - loss xy tensor([0.0041], device='cuda:0', grad_fn=<MinBackward0>)
0:02:15.563902 - loss z tensor([0.0105], device='cuda:0', grad_fn=<MinBackward0>)
  0%|                                        | 0/1 [00:00<?, ?it/s, loss=0.0146]100%|████████████████████████████████| 1/1 [00:00<00:00,  4.60it/s, loss=0.0146]100%|████████████████████████████████| 1/1 [00:00<00:00,  4.59it/s, loss=0.0146]
0:02:15.328740 - saving /home/ubuntu/synthetic_pose_estimation/cosypose/local_data/experiments/bracket_assembly_debug_nut_nosym_coarse_noaug--938962 246
  0%|                                                     | 0/1 [00:00<?, ?it/s]0:02:15.744034 - iteration 0
0:02:15.787576 - outputs, {'pose': tensor([[-0.9374, -0.6766,  0.2794,  0.5579, -0.4349, -0.3615,  1.8768, -1.4631,
          0.6607]], device='cuda:0', grad_fn=<AddmmBackward0>)}
0:02:15.789140 - model_outputs {'pose': tensor([[-0.9374, -0.6766,  0.2794,  0.5579, -0.4349, -0.3615,  1.8768, -1.4631,
          0.6607]], device='cuda:0', grad_fn=<AddmmBackward0>)}
0:02:15.789925 - K crop tensor([[[1.8224e+03, 0.0000e+00, 2.1838e+02],
         [0.0000e+00, 1.8224e+03, 5.4683e+01],
         [0.0000e+00, 0.0000e+00, 1.0000e+00]]], device='cuda:0')
0:02:15.790765 - TCO_input tensor([[[ 1.0000,  0.0000,  0.0000, -0.0098],
         [ 0.0000,  1.0000,  0.0000,  0.0107],
         [ 0.0000,  0.0000,  1.0000,  0.3020],
         [ 0.0000,  0.0000,  0.0000,  1.0000]]], device='cuda:0')
0:02:15.791650 - model tco output tensor([[[-0.7882,  0.4559,  0.4135, -0.0062],
         [-0.5689, -0.7960, -0.2066,  0.0069],
         [ 0.2349, -0.3981,  0.8868,  0.1995],
         [ 0.0000,  0.0000,  0.0000,  1.0000]]], device='cuda:0',
       grad_fn=<CopySlices>)
0:02:15.830163 - Wrote debug data: /home/ubuntu/synthetic_pose_estimation/cosypose/local_data/debug_data/debug_iter=1.pth.tar
0:02:16.042254 - TCO_input tensor([[[ 1.0000,  0.0000,  0.0000, -0.0098],
         [ 0.0000,  1.0000,  0.0000,  0.0107],
         [ 0.0000,  0.0000,  1.0000,  0.3020],
         [ 0.0000,  0.0000,  0.0000,  1.0000]]], device='cuda:0')
0:02:16.043230 - vxvyvz tensor([[ 1.8768, -1.4631,  0.6607]], device='cuda:0',
       grad_fn=<SliceBackward0>)
0:02:16.044251 - dR tensor([[[-0.7882,  0.4559,  0.4135],
         [-0.5689, -0.7960, -0.2066],
         [ 0.2349, -0.3981,  0.8868]]], device='cuda:0',
       grad_fn=<StackBackward0>)
0:02:16.045180 - fxfy tensor([[1822.3583, 1822.3588]], device='cuda:0')
0:02:16.047715 - TCO_gt tensor([[[-0.7893,  0.4511,  0.4165, -0.0100],
         [-0.5688, -0.7927, -0.2192,  0.0062],
         [ 0.2313, -0.4099,  0.8823,  0.1920],
         [ 0.0000,  0.0000,  0.0000,  1.0000]]], device='cuda:0')
0:02:16.048698 - TCO pred_orn tensor([[[-0.7882,  0.4559,  0.4135, -0.0100],
         [-0.5689, -0.7960, -0.2066,  0.0062],
         [ 0.2349, -0.3981,  0.8868,  0.1920],
         [ 0.0000,  0.0000,  0.0000,  1.0000]]], device='cuda:0',
       grad_fn=<CopySlices>)
0:02:16.049661 - TCO pred_xy tensor([[[-0.7893,  0.4511,  0.4165, -0.0060],
         [-0.5688, -0.7927, -0.2192,  0.0067],
         [ 0.2313, -0.4099,  0.8823,  0.1920],
         [ 0.0000,  0.0000,  0.0000,  1.0000]]], device='cuda:0',
       grad_fn=<CopySlices>)
0:02:16.050602 - TCO pred_z tensor([[[-0.7893,  0.4511,  0.4165, -0.0100],
         [-0.5688, -0.7927, -0.2192,  0.0062],
         [ 0.2313, -0.4099,  0.8823,  0.1995],
         [ 0.0000,  0.0000,  0.0000,  1.0000]]], device='cuda:0',
       grad_fn=<CopySlices>)
0:02:16.051271 - loss orn tensor([5.3627e-05], device='cuda:0', grad_fn=<MinBackward0>)
0:02:16.051953 - loss xy tensor([0.0015], device='cuda:0', grad_fn=<MinBackward0>)
0:02:16.052606 - loss z tensor([0.0025], device='cuda:0', grad_fn=<MinBackward0>)
  0%|                                       | 0/1 [00:00<?, ?it/s, loss=0.00407]100%|███████████████████████████████| 1/1 [00:00<00:00,  4.66it/s, loss=0.00407]100%|███████████████████████████████| 1/1 [00:00<00:00,  4.65it/s, loss=0.00407]
0:02:15.805938 - saving /home/ubuntu/synthetic_pose_estimation/cosypose/local_data/experiments/bracket_assembly_debug_nut_nosym_coarse_noaug--938962 247
  0%|                                                     | 0/1 [00:00<?, ?it/s]0:02:16.221091 - iteration 0
0:02:16.264660 - outputs, {'pose': tensor([[-0.9379, -0.6803,  0.2809,  0.5553, -0.4366, -0.3705,  1.8796, -1.4701,
          0.6539]], device='cuda:0', grad_fn=<AddmmBackward0>)}
0:02:16.266345 - model_outputs {'pose': tensor([[-0.9379, -0.6803,  0.2809,  0.5553, -0.4366, -0.3705,  1.8796, -1.4701,
          0.6539]], device='cuda:0', grad_fn=<AddmmBackward0>)}
0:02:16.267165 - K crop tensor([[[1.7463e+03, 0.0000e+00, 2.9018e+02],
         [0.0000e+00, 1.7463e+03, 6.4717e+01],
         [0.0000e+00, 0.0000e+00, 1.0000e+00]]], device='cuda:0')
0:02:16.268056 - TCO_input tensor([[[ 1.0000,  0.0000,  0.0000, -0.0216],
         [ 0.0000,  1.0000,  0.0000,  0.0091],
         [ 0.0000,  0.0000,  1.0000,  0.2891],
         [ 0.0000,  0.0000,  0.0000,  1.0000]]], device='cuda:0')
0:02:16.268996 - model tco output tensor([[[-0.7867,  0.4527,  0.4197, -0.0139],
         [-0.5706, -0.7927, -0.2145,  0.0058],
         [ 0.2356, -0.4083,  0.8819,  0.1890],
         [ 0.0000,  0.0000,  0.0000,  1.0000]]], device='cuda:0',
       grad_fn=<CopySlices>)
0:02:16.308858 - Wrote debug data: /home/ubuntu/synthetic_pose_estimation/cosypose/local_data/debug_data/debug_iter=1.pth.tar
0:02:16.519232 - TCO_input tensor([[[ 1.0000,  0.0000,  0.0000, -0.0216],
         [ 0.0000,  1.0000,  0.0000,  0.0091],
         [ 0.0000,  0.0000,  1.0000,  0.2891],
         [ 0.0000,  0.0000,  0.0000,  1.0000]]], device='cuda:0')
0:02:16.520259 - vxvyvz tensor([[ 1.8796, -1.4701,  0.6539]], device='cuda:0',
       grad_fn=<SliceBackward0>)
0:02:16.521323 - dR tensor([[[-0.7867,  0.4527,  0.4197],
         [-0.5706, -0.7927, -0.2145],
         [ 0.2356, -0.4083,  0.8819]]], device='cuda:0',
       grad_fn=<StackBackward0>)
0:02:16.522251 - fxfy tensor([[1746.2760, 1746.2760]], device='cuda:0')
0:02:16.524783 - TCO_gt tensor([[[-0.7893,  0.4511,  0.4165, -0.0100],
         [-0.5688, -0.7927, -0.2192,  0.0062],
         [ 0.2313, -0.4099,  0.8823,  0.1920],
         [ 0.0000,  0.0000,  0.0000,  1.0000]]], device='cuda:0')
0:02:16.525766 - TCO pred_orn tensor([[[-0.7867,  0.4527,  0.4197, -0.0100],
         [-0.5706, -0.7927, -0.2145,  0.0062],
         [ 0.2356, -0.4083,  0.8819,  0.1920],
         [ 0.0000,  0.0000,  0.0000,  1.0000]]], device='cuda:0',
       grad_fn=<CopySlices>)
0:02:16.526714 - TCO pred_xy tensor([[[-0.7893,  0.4511,  0.4165, -0.0142],
         [-0.5688, -0.7927, -0.2192,  0.0059],
         [ 0.2313, -0.4099,  0.8823,  0.1920],
         [ 0.0000,  0.0000,  0.0000,  1.0000]]], device='cuda:0',
       grad_fn=<CopySlices>)
0:02:16.527675 - TCO pred_z tensor([[[-0.7893,  0.4511,  0.4165, -0.0100],
         [-0.5688, -0.7927, -0.2192,  0.0062],
         [ 0.2313, -0.4099,  0.8823,  0.1890],
         [ 0.0000,  0.0000,  0.0000,  1.0000]]], device='cuda:0',
       grad_fn=<CopySlices>)
0:02:16.528361 - loss orn tensor([2.3152e-05], device='cuda:0', grad_fn=<MinBackward0>)
0:02:16.529032 - loss xy tensor([0.0015], device='cuda:0', grad_fn=<MinBackward0>)
0:02:16.529705 - loss z tensor([0.0010], device='cuda:0', grad_fn=<MinBackward0>)
  0%|                                       | 0/1 [00:00<?, ?it/s, loss=0.00249]100%|███████████████████████████████| 1/1 [00:00<00:00,  4.63it/s, loss=0.00249]100%|███████████████████████████████| 1/1 [00:00<00:00,  4.62it/s, loss=0.00249]
0:02:16.230856 - saving /home/ubuntu/synthetic_pose_estimation/cosypose/local_data/experiments/bracket_assembly_debug_nut_nosym_coarse_noaug--938962 248
  0%|                                                     | 0/1 [00:00<?, ?it/s]0:02:16.646040 - iteration 0
0:02:16.689226 - outputs, {'pose': tensor([[-0.9356, -0.6795,  0.2729,  0.5607, -0.4365, -0.3686,  1.8987, -1.4713,
          0.6500]], device='cuda:0', grad_fn=<AddmmBackward0>)}
0:02:16.690773 - model_outputs {'pose': tensor([[-0.9356, -0.6795,  0.2729,  0.5607, -0.4365, -0.3686,  1.8987, -1.4713,
          0.6500]], device='cuda:0', grad_fn=<AddmmBackward0>)}
0:02:16.691537 - K crop tensor([[[1.7211e+03, 0.0000e+00, 2.6430e+02],
         [0.0000e+00, 1.7211e+03, 8.8176e+01],
         [0.0000e+00, 0.0000e+00, 1.0000e+00]]], device='cuda:0')
0:02:16.692365 - TCO_input tensor([[[ 1.0000,  0.0000,  0.0000, -0.0173],
         [ 0.0000,  1.0000,  0.0000,  0.0052],
         [ 0.0000,  0.0000,  1.0000,  0.2835],
         [ 0.0000,  0.0000,  0.0000,  1.0000]]], device='cuda:0')
0:02:16.693261 - model tco output tensor([[[-0.7875,  0.4565,  0.4141, -0.0110],
         [-0.5719, -0.7916, -0.2149,  0.0032],
         [ 0.2297, -0.4061,  0.8845,  0.1843],
         [ 0.0000,  0.0000,  0.0000,  1.0000]]], device='cuda:0',
       grad_fn=<CopySlices>)
0:02:16.731238 - Wrote debug data: /home/ubuntu/synthetic_pose_estimation/cosypose/local_data/debug_data/debug_iter=1.pth.tar
0:02:16.942762 - TCO_input tensor([[[ 1.0000,  0.0000,  0.0000, -0.0173],
         [ 0.0000,  1.0000,  0.0000,  0.0052],
         [ 0.0000,  0.0000,  1.0000,  0.2835],
         [ 0.0000,  0.0000,  0.0000,  1.0000]]], device='cuda:0')
0:02:16.943691 - vxvyvz tensor([[ 1.8987, -1.4713,  0.6500]], device='cuda:0',
       grad_fn=<SliceBackward0>)
0:02:16.944640 - dR tensor([[[-0.7875,  0.4565,  0.4141],
         [-0.5719, -0.7916, -0.2149],
         [ 0.2297, -0.4061,  0.8845]]], device='cuda:0',
       grad_fn=<StackBackward0>)
0:02:16.945542 - fxfy tensor([[1721.1221, 1721.1223]], device='cuda:0')
0:02:16.948013 - TCO_gt tensor([[[-0.7893,  0.4511,  0.4165, -0.0100],
         [-0.5688, -0.7927, -0.2192,  0.0062],
         [ 0.2313, -0.4099,  0.8823,  0.1920],
         [ 0.0000,  0.0000,  0.0000,  1.0000]]], device='cuda:0')
0:02:16.948930 - TCO pred_orn tensor([[[-0.7875,  0.4565,  0.4141, -0.0100],
         [-0.5719, -0.7916, -0.2149,  0.0062],
         [ 0.2297, -0.4061,  0.8845,  0.1920],
         [ 0.0000,  0.0000,  0.0000,  1.0000]]], device='cuda:0',
       grad_fn=<CopySlices>)
0:02:16.949837 - TCO pred_xy tensor([[[-0.7893,  0.4511,  0.4165, -0.0115],
         [-0.5688, -0.7927, -0.2192,  0.0033],
         [ 0.2313, -0.4099,  0.8823,  0.1920],
         [ 0.0000,  0.0000,  0.0000,  1.0000]]], device='cuda:0',
       grad_fn=<CopySlices>)
0:02:16.950735 - TCO pred_z tensor([[[-0.7893,  0.4511,  0.4165, -0.0100],
         [-0.5688, -0.7927, -0.2192,  0.0062],
         [ 0.2313, -0.4099,  0.8823,  0.1843],
         [ 0.0000,  0.0000,  0.0000,  1.0000]]], device='cuda:0',
       grad_fn=<CopySlices>)
0:02:16.951385 - loss orn tensor([2.8376e-05], device='cuda:0', grad_fn=<MinBackward0>)
0:02:16.951991 - loss xy tensor([0.0014], device='cuda:0', grad_fn=<MinBackward0>)
0:02:16.952615 - loss z tensor([0.0026], device='cuda:0', grad_fn=<MinBackward0>)
  0%|                                       | 0/1 [00:00<?, ?it/s, loss=0.00403]100%|███████████████████████████████| 1/1 [00:00<00:00,  4.71it/s, loss=0.00403]100%|███████████████████████████████| 1/1 [00:00<00:00,  4.70it/s, loss=0.00403]
0:02:16.707370 - saving /home/ubuntu/synthetic_pose_estimation/cosypose/local_data/experiments/bracket_assembly_debug_nut_nosym_coarse_noaug--938962 249
  0%|                                                     | 0/1 [00:00<?, ?it/s]0:02:17.122294 - iteration 0
0:02:17.168894 - outputs, {'pose': tensor([[-0.9341, -0.6691,  0.2719,  0.5496, -0.4337, -0.3645,  1.8999, -1.4666,
          0.6514]], device='cuda:0', grad_fn=<AddmmBackward0>)}
0:02:17.170598 - model_outputs {'pose': tensor([[-0.9341, -0.6691,  0.2719,  0.5496, -0.4337, -0.3645,  1.8999, -1.4666,
          0.6514]], device='cuda:0', grad_fn=<AddmmBackward0>)}
0:02:17.172008 - K crop tensor([[[1.7165e+03, 0.0000e+00, 2.8806e+02],
         [0.0000e+00, 1.7165e+03, 6.7755e+01],
         [0.0000e+00, 0.0000e+00, 1.0000e+00]]], device='cuda:0')
0:02:17.172987 - TCO_input tensor([[[ 1.0000,  0.0000,  0.0000, -0.0213],
         [ 0.0000,  1.0000,  0.0000,  0.0086],
         [ 0.0000,  0.0000,  1.0000,  0.2841],
         [ 0.0000,  0.0000,  0.0000,  1.0000]]], device='cuda:0')
0:02:17.173985 - model tco output tensor([[[-0.7911,  0.4505,  0.4137, -0.0137],
         [-0.5667, -0.7945, -0.2184,  0.0054],
         [ 0.2303, -0.4073,  0.8838,  0.1851],
         [ 0.0000,  0.0000,  0.0000,  1.0000]]], device='cuda:0',
       grad_fn=<CopySlices>)
0:02:17.212388 - Wrote debug data: /home/ubuntu/synthetic_pose_estimation/cosypose/local_data/debug_data/debug_iter=1.pth.tar
0:02:17.423013 - TCO_input tensor([[[ 1.0000,  0.0000,  0.0000, -0.0213],
         [ 0.0000,  1.0000,  0.0000,  0.0086],
         [ 0.0000,  0.0000,  1.0000,  0.2841],
         [ 0.0000,  0.0000,  0.0000,  1.0000]]], device='cuda:0')
0:02:17.424056 - vxvyvz tensor([[ 1.8999, -1.4666,  0.6514]], device='cuda:0',
       grad_fn=<SliceBackward0>)
0:02:17.425093 - dR tensor([[[-0.7911,  0.4505,  0.4137],
         [-0.5667, -0.7945, -0.2184],
         [ 0.2303, -0.4073,  0.8838]]], device='cuda:0',
       grad_fn=<StackBackward0>)
0:02:17.426059 - fxfy tensor([[1716.4766, 1716.4764]], device='cuda:0')
0:02:17.428613 - TCO_gt tensor([[[-0.7893,  0.4511,  0.4165, -0.0100],
         [-0.5688, -0.7927, -0.2192,  0.0062],
         [ 0.2313, -0.4099,  0.8823,  0.1920],
         [ 0.0000,  0.0000,  0.0000,  1.0000]]], device='cuda:0')
0:02:17.429615 - TCO pred_orn tensor([[[-0.7911,  0.4505,  0.4137, -0.0100],
         [-0.5667, -0.7945, -0.2184,  0.0062],
         [ 0.2303, -0.4073,  0.8838,  0.1920],
         [ 0.0000,  0.0000,  0.0000,  1.0000]]], device='cuda:0',
       grad_fn=<CopySlices>)
0:02:17.430574 - TCO pred_xy tensor([[[-0.7893,  0.4511,  0.4165, -0.0142],
         [-0.5688, -0.7927, -0.2192,  0.0056],
         [ 0.2313, -0.4099,  0.8823,  0.1920],
         [ 0.0000,  0.0000,  0.0000,  1.0000]]], device='cuda:0',
       grad_fn=<CopySlices>)
0:02:17.431524 - TCO pred_z tensor([[[-0.7893,  0.4511,  0.4165, -0.0100],
         [-0.5688, -0.7927, -0.2192,  0.0062],
         [ 0.2313, -0.4099,  0.8823,  0.1851],
         [ 0.0000,  0.0000,  0.0000,  1.0000]]], device='cuda:0',
       grad_fn=<CopySlices>)
0:02:17.432213 - loss orn tensor([1.6176e-05], device='cuda:0', grad_fn=<MinBackward0>)
0:02:17.432903 - loss xy tensor([0.0016], device='cuda:0', grad_fn=<MinBackward0>)
0:02:17.433590 - loss z tensor([0.0023], device='cuda:0', grad_fn=<MinBackward0>)
  0%|                                       | 0/1 [00:00<?, ?it/s, loss=0.00389]100%|███████████████████████████████| 1/1 [00:00<00:00,  4.58it/s, loss=0.00389]100%|███████████████████████████████| 1/1 [00:00<00:00,  4.57it/s, loss=0.00389]
  0%|                                                     | 0/1 [00:00<?, ?it/s]0:02:17.340242 - iteration 0
0:02:17.377274 - outputs, {'pose': tensor([[-0.0426, -0.0091, -0.0095,  0.1171,  0.0266, -0.0824,  0.1976, -0.1318,
          0.1273]], device='cuda:0')}
0:02:17.378832 - model_outputs {'pose': tensor([[-0.0426, -0.0091, -0.0095,  0.1171,  0.0266, -0.0824,  0.1976, -0.1318,
          0.1273]], device='cuda:0')}
0:02:17.379637 - K crop tensor([[[2.1516e+03, 0.0000e+00, 2.1848e+02],
         [0.0000e+00, 2.1516e+03, 1.3874e+01],
         [0.0000e+00, 0.0000e+00, 1.0000e+00]]], device='cuda:0')
0:02:17.380518 - TCO_input tensor([[[ 1.0000,  0.0000,  0.0000, -0.0098],
         [ 0.0000,  1.0000,  0.0000,  0.0175],
         [ 0.0000,  0.0000,  1.0000,  0.3574],
         [ 0.0000,  0.0000,  0.0000,  1.0000]]], device='cuda:0')
0:02:17.381484 - model tco output tensor([[[-0.9553,  0.2059,  0.2123, -0.0012],
         [-0.2046,  0.0583, -0.9771,  0.0022],
         [-0.2136, -0.9768, -0.0136,  0.0455],
         [ 0.0000,  0.0000,  0.0000,  1.0000]]], device='cuda:0')
0:02:17.418900 - Wrote debug data: /home/ubuntu/synthetic_pose_estimation/cosypose/local_data/debug_data/debug_iter=1.pth.tar
0:02:17.629971 - TCO_input tensor([[[ 1.0000,  0.0000,  0.0000, -0.0098],
         [ 0.0000,  1.0000,  0.0000,  0.0175],
         [ 0.0000,  0.0000,  1.0000,  0.3574],
         [ 0.0000,  0.0000,  0.0000,  1.0000]]], device='cuda:0')
0:02:17.630965 - vxvyvz tensor([[ 0.1976, -0.1318,  0.1273]], device='cuda:0')
0:02:17.631956 - dR tensor([[[-0.9553,  0.2059,  0.2123],
         [-0.2046,  0.0583, -0.9771],
         [-0.2136, -0.9768, -0.0136]]], device='cuda:0')
0:02:17.632887 - fxfy tensor([[2151.6160, 2151.6162]], device='cuda:0')
0:02:17.635257 - TCO_gt tensor([[[-0.7893,  0.4511,  0.4165, -0.0100],
         [-0.5688, -0.7927, -0.2192,  0.0062],
         [ 0.2313, -0.4099,  0.8823,  0.1920],
         [ 0.0000,  0.0000,  0.0000,  1.0000]]], device='cuda:0')
0:02:17.636213 - TCO pred_orn tensor([[[-0.9553,  0.2059,  0.2123, -0.0100],
         [-0.2046,  0.0583, -0.9771,  0.0062],
         [-0.2136, -0.9768, -0.0136,  0.1920],
         [ 0.0000,  0.0000,  0.0000,  1.0000]]], device='cuda:0')
0:02:17.637173 - TCO pred_xy tensor([[[-0.7893,  0.4511,  0.4165, -0.0052],
         [-0.5688, -0.7927, -0.2192,  0.0094],
         [ 0.2313, -0.4099,  0.8823,  0.1920],
         [ 0.0000,  0.0000,  0.0000,  1.0000]]], device='cuda:0')
0:02:17.638142 - TCO pred_z tensor([[[-0.7893,  0.4511,  0.4165, -0.0100],
         [-0.5688, -0.7927, -0.2192,  0.0062],
         [ 0.2313, -0.4099,  0.8823,  0.0455],
         [ 0.0000,  0.0000,  0.0000,  1.0000]]], device='cuda:0')
0:02:17.638832 - loss orn tensor([0.0043], device='cuda:0')
0:02:17.639491 - loss xy tensor([0.0027], device='cuda:0')
0:02:17.640148 - loss z tensor([0.0488], device='cuda:0')
100%|█████████████████████████████████████████████| 1/1 [00:00<00:00,  8.43it/s]100%|█████████████████████████████████████████████| 1/1 [00:00<00:00,  8.41it/s]
0:02:17.307074 - saving /home/ubuntu/synthetic_pose_estimation/cosypose/local_data/experiments/bracket_assembly_debug_nut_nosym_coarse_noaug--938962 250
  0%|                                                     | 0/1 [00:00<?, ?it/s]0:02:17.718959 - iteration 0
0:02:17.762298 - outputs, {'pose': tensor([[-0.9387, -0.6820,  0.2690,  0.5438, -0.4271, -0.3788,  1.9234, -1.4702,
          0.6514]], device='cuda:0', grad_fn=<AddmmBackward0>)}
0:02:17.763934 - model_outputs {'pose': tensor([[-0.9387, -0.6820,  0.2690,  0.5438, -0.4271, -0.3788,  1.9234, -1.4702,
          0.6514]], device='cuda:0', grad_fn=<AddmmBackward0>)}
0:02:17.764757 - K crop tensor([[[1.6950e+03, 0.0000e+00, 2.8470e+02],
         [0.0000e+00, 1.6950e+03, 8.5290e+01],
         [0.0000e+00, 0.0000e+00, 1.0000e+00]]], device='cuda:0')
0:02:17.765703 - TCO_input tensor([[[ 1.0000,  0.0000,  0.0000, -0.0206],
         [ 0.0000,  1.0000,  0.0000,  0.0056],
         [ 0.0000,  0.0000,  1.0000,  0.2795],
         [ 0.0000,  0.0000,  0.0000,  1.0000]]], device='cuda:0')
0:02:17.766642 - model tco output tensor([[[-0.7881,  0.4472,  0.4229, -0.0132],
         [-0.5726, -0.7848, -0.2372,  0.0035],
         [ 0.2259, -0.4291,  0.8746,  0.1821],
         [ 0.0000,  0.0000,  0.0000,  1.0000]]], device='cuda:0',
       grad_fn=<CopySlices>)
0:02:17.805107 - Wrote debug data: /home/ubuntu/synthetic_pose_estimation/cosypose/local_data/debug_data/debug_iter=1.pth.tar
0:02:18.015059 - TCO_input tensor([[[ 1.0000,  0.0000,  0.0000, -0.0206],
         [ 0.0000,  1.0000,  0.0000,  0.0056],
         [ 0.0000,  0.0000,  1.0000,  0.2795],
         [ 0.0000,  0.0000,  0.0000,  1.0000]]], device='cuda:0')
0:02:18.016157 - vxvyvz tensor([[ 1.9234, -1.4702,  0.6514]], device='cuda:0',
       grad_fn=<SliceBackward0>)
0:02:18.017196 - dR tensor([[[-0.7881,  0.4472,  0.4229],
         [-0.5726, -0.7848, -0.2372],
         [ 0.2259, -0.4291,  0.8746]]], device='cuda:0',
       grad_fn=<StackBackward0>)
0:02:18.018171 - fxfy tensor([[1694.9525, 1694.9524]], device='cuda:0')
0:02:18.020711 - TCO_gt tensor([[[-0.7893,  0.4511,  0.4165, -0.0100],
         [-0.5688, -0.7927, -0.2192,  0.0062],
         [ 0.2313, -0.4099,  0.8823,  0.1920],
         [ 0.0000,  0.0000,  0.0000,  1.0000]]], device='cuda:0')
0:02:18.021695 - TCO pred_orn tensor([[[-0.7881,  0.4472,  0.4229, -0.0100],
         [-0.5726, -0.7848, -0.2372,  0.0062],
         [ 0.2259, -0.4291,  0.8746,  0.1920],
         [ 0.0000,  0.0000,  0.0000,  1.0000]]], device='cuda:0',
       grad_fn=<CopySlices>)
0:02:18.022644 - TCO pred_xy tensor([[[-0.7893,  0.4511,  0.4165, -0.0140],
         [-0.5688, -0.7927, -0.2192,  0.0037],
         [ 0.2313, -0.4099,  0.8823,  0.1920],
         [ 0.0000,  0.0000,  0.0000,  1.0000]]], device='cuda:0',
       grad_fn=<CopySlices>)
0:02:18.023569 - TCO pred_z tensor([[[-0.7893,  0.4511,  0.4165, -0.0100],
         [-0.5688, -0.7927, -0.2192,  0.0062],
         [ 0.2313, -0.4099,  0.8823,  0.1821],
         [ 0.0000,  0.0000,  0.0000,  1.0000]]], device='cuda:0',
       grad_fn=<CopySlices>)
0:02:18.024269 - loss orn tensor([7.8418e-05], device='cuda:0', grad_fn=<MinBackward0>)
0:02:18.024938 - loss xy tensor([0.0021], device='cuda:0', grad_fn=<MinBackward0>)
0:02:18.025632 - loss z tensor([0.0033], device='cuda:0', grad_fn=<MinBackward0>)
  0%|                                       | 0/1 [00:00<?, ?it/s, loss=0.00551]100%|███████████████████████████████| 1/1 [00:00<00:00,  4.76it/s, loss=0.00551]100%|███████████████████████████████| 1/1 [00:00<00:00,  4.75it/s, loss=0.00551]
train loss_total 0.0022582155652344227
train grad_norm 0.9164602756500244
train loss_TCO-iter=1 0.002590949647128582
train loss_TCO 0.002590949647128582
train loss_total 0.002590949647128582
train grad_norm 0.9068470001220703
train loss_TCO-iter=1 0.009499400854110718
train loss_TCO 0.009499400854110718
train loss_total 0.009499400854110718
train grad_norm 1.0466476678848267
train loss_TCO-iter=1 0.0067348787561059
train loss_TCO 0.0067348787561059
train loss_total 0.0067348787561059
train grad_norm 1.0170997381210327
train loss_TCO-iter=1 0.005948114674538374
train loss_TCO 0.005948114674538374
train loss_total 0.005948114674538374
train grad_norm 0.992033064365387
train loss_TCO-iter=1 0.005455471109598875
train loss_TCO 0.005455471109598875
train loss_total 0.005455471109598875
train grad_norm 0.9169803857803345
train loss_TCO-iter=1 0.008888383395969868
train loss_TCO 0.008888383395969868
train loss_total 0.008888383395969868
train grad_norm 1.060293436050415
train loss_TCO-iter=1 0.0065436046570539474
train loss_TCO 0.0065436046570539474
train loss_total 0.0065436046570539474
train grad_norm 0.8971090912818909
train loss_TCO-iter=1 0.003546946682035923
train loss_TCO 0.003546946682035923
train loss_total 0.003546946682035923
train grad_norm 1.003600835800171
train loss_TCO-iter=1 0.006274045445024967
train loss_TCO 0.006274045445024967
train loss_total 0.006274045445024967
train grad_norm 0.9354042410850525
val loss_TCO-iter=1 0.06497605890035629
val loss_TCO 0.06497605890035629
val loss_total 0.06497605890035629
train loss_TCO-iter=1 0.009457886219024658
train loss_TCO 0.009457886219024658
train loss_total 0.009457886219024658
train grad_norm 0.8735498785972595
train loss_TCO-iter=1 0.007966458797454834
train loss_TCO 0.007966458797454834
train loss_total 0.007966458797454834
train grad_norm 0.8927451968193054
train loss_TCO-iter=1 0.007007574662566185
train loss_TCO 0.007007574662566185
train loss_total 0.007007574662566185
train grad_norm 1.0879086256027222
train loss_TCO-iter=1 0.0032886704429984093
train loss_TCO 0.0032886704429984093
train loss_total 0.0032886704429984093
train grad_norm 1.0116244554519653
train loss_TCO-iter=1 0.006758552510291338
train loss_TCO 0.006758552510291338
train loss_total 0.006758552510291338
train grad_norm 1.0628509521484375
train loss_TCO-iter=1 0.006528240628540516
train loss_TCO 0.006528240628540516
train loss_total 0.006528240628540516
train grad_norm 0.8876326084136963
train loss_TCO-iter=1 0.008817892521619797
train loss_TCO 0.008817892521619797
train loss_total 0.008817892521619797
train grad_norm 0.8584804534912109
train loss_TCO-iter=1 0.008085698820650578
train loss_TCO 0.008085698820650578
train loss_total 0.008085698820650578
train grad_norm 0.9057974815368652
train loss_TCO-iter=1 0.003238331526517868
train loss_TCO 0.003238331526517868
train loss_total 0.003238331526517868
train grad_norm 0.9527833461761475
train loss_TCO-iter=1 0.011491788551211357
train loss_TCO 0.011491788551211357
train loss_total 0.011491788551211357
train grad_norm 1.1454702615737915
val loss_TCO-iter=1 0.06254032254219055
val loss_TCO 0.06254032254219055
val loss_total 0.06254032254219055
train loss_TCO-iter=1 0.011008567176759243
train loss_TCO 0.011008567176759243
train loss_total 0.011008567176759243
train grad_norm 0.8066995143890381
train loss_TCO-iter=1 0.004074558615684509
train loss_TCO 0.004074558615684509
train loss_total 0.004074558615684509
train grad_norm 0.9589594602584839
train loss_TCO-iter=1 0.002269273390993476
train loss_TCO 0.002269273390993476
train loss_total 0.002269273390993476
train grad_norm 0.9619130492210388
train loss_TCO-iter=1 0.008308052085340023
train loss_TCO 0.008308052085340023
train loss_total 0.008308052085340023
train grad_norm 0.980613648891449
train loss_TCO-iter=1 0.004322580527514219
train loss_TCO 0.004322580527514219
train loss_total 0.004322580527514219
train grad_norm 0.9833192229270935
train loss_TCO-iter=1 0.0037800907157361507
train loss_TCO 0.0037800907157361507
train loss_total 0.0037800907157361507
train grad_norm 0.9463082551956177
train loss_TCO-iter=1 0.0018791723996400833
train loss_TCO 0.0018791723996400833
train loss_total 0.0018791723996400833
train grad_norm 0.9406358599662781
train loss_TCO-iter=1 0.0031738404650241137
train loss_TCO 0.0031738404650241137
train loss_total 0.0031738404650241137
train grad_norm 0.9049268364906311
train loss_TCO-iter=1 0.0013821887550875545
train loss_TCO 0.0013821887550875545
train loss_total 0.0013821887550875545
train grad_norm 0.8699318170547485
train loss_TCO-iter=1 0.004331108182668686
train loss_TCO 0.004331108182668686
train loss_total 0.004331108182668686
train grad_norm 0.974804162979126
val loss_TCO-iter=1 0.05874767526984215
val loss_TCO 0.05874767526984215
val loss_total 0.05874767526984215
train loss_TCO-iter=1 0.014466365799307823
train loss_TCO 0.014466365799307823
train loss_total 0.014466365799307823
train grad_norm 0.7702035307884216
train loss_TCO-iter=1 0.01043938472867012
train loss_TCO 0.01043938472867012
train loss_total 0.01043938472867012
train grad_norm 1.0941945314407349
train loss_TCO-iter=1 0.006426544860005379
train loss_TCO 0.006426544860005379
train loss_total 0.006426544860005379
train grad_norm 1.0493327379226685
train loss_TCO-iter=1 0.0034338554833084345
train loss_TCO 0.0034338554833084345
train loss_total 0.0034338554833084345
train grad_norm 0.9386163949966431
train loss_TCO-iter=1 0.007372239604592323
train loss_TCO 0.007372239604592323
train loss_total 0.007372239604592323
train grad_norm 0.924518883228302
train loss_TCO-iter=1 0.0023384396918118
train loss_TCO 0.0023384396918118
train loss_total 0.0023384396918118
train grad_norm 0.9510031342506409
train loss_TCO-iter=1 0.0028895470313727856
train loss_TCO 0.0028895470313727856
train loss_total 0.0028895470313727856
train grad_norm 0.9040234684944153
train loss_TCO-iter=1 0.0055783651769161224
train loss_TCO 0.0055783651769161224
train loss_total 0.0055783651769161224
train grad_norm 1.0092839002609253
train loss_TCO-iter=1 0.00118131167255342
train loss_TCO 0.00118131167255342
train loss_total 0.00118131167255342
train grad_norm 0.9272935390472412
train loss_TCO-iter=1 0.014280118979513645
train loss_TCO 0.014280118979513645
train loss_total 0.014280118979513645
train grad_norm 1.1570117473602295
val loss_TCO-iter=1 0.059718985110521317
val loss_TCO 0.059718985110521317
val loss_total 0.059718985110521317
train loss_TCO-iter=1 0.006286186631768942
train loss_TCO 0.006286186631768942
train loss_total 0.006286186631768942
train grad_norm 0.9725311398506165
train loss_TCO-iter=1 0.0027766572311520576
train loss_TCO 0.0027766572311520576
train loss_total 0.0027766572311520576
train grad_norm 0.848177969455719
train loss_TCO-iter=1 0.011565671302378178
train loss_TCO 0.011565671302378178
train loss_total 0.011565671302378178
train grad_norm 1.1075400114059448
train loss_TCO-iter=1 0.012337814085185528
train loss_TCO 0.012337814085185528
train loss_total 0.012337814085185528
train grad_norm 1.0719573497772217
train loss_TCO-iter=1 0.00836588442325592
train loss_TCO 0.00836588442325592
train loss_total 0.00836588442325592
train grad_norm 0.8960952162742615
train loss_TCO-iter=1 0.0146204624325037
train loss_TCO 0.0146204624325037
train loss_total 0.0146204624325037
train grad_norm 1.077593207359314
train loss_TCO-iter=1 0.0040666209533810616
train loss_TCO 0.0040666209533810616
train loss_total 0.0040666209533810616
train grad_norm 0.9574118852615356
train loss_TCO-iter=1 0.002490431070327759
train loss_TCO 0.002490431070327759
train loss_total 0.002490431070327759
train grad_norm 0.8932350873947144
train loss_TCO-iter=1 0.004032393451780081
train loss_TCO 0.004032393451780081
train loss_total 0.004032393451780081
train grad_norm 0.9225398302078247
train loss_TCO-iter=1 0.003886877791956067
train loss_TCO 0.003886877791956067
train loss_total 0.003886877791956067
train grad_norm 0.91192626953125
val loss_TCO-iter=1 0.05583559349179268
val loss_TCO 0.05583559349179268
val loss_total 0.05583559349179268
train loss_TCO-iter=1 0.005512666422873735
train loss_TCO 0.005512666422873735
train loss_total 0.005512666422873735
train grad_norm
0:02:17.787619 - saving /home/ubuntu/synthetic_pose_estimation/cosypose/local_data/experiments/bracket_assembly_debug_nut_nosym_coarse_noaug--938962 251
  0%|                                                     | 0/1 [00:00<?, ?it/s]0:02:18.202804 - iteration 0
0:02:18.245836 - outputs, {'pose': tensor([[-0.9392, -0.6772,  0.2744,  0.5394, -0.4267, -0.3814,  1.9385, -1.4590,
          0.6697]], device='cuda:0', grad_fn=<AddmmBackward0>)}
0:02:18.247425 - model_outputs {'pose': tensor([[-0.9392, -0.6772,  0.2744,  0.5394, -0.4267, -0.3814,  1.9385, -1.4590,
          0.6697]], device='cuda:0', grad_fn=<AddmmBackward0>)}
0:02:18.248250 - K crop tensor([[[1.7685e+03, 0.0000e+00, 2.5571e+02],
         [0.0000e+00, 1.7685e+03, 4.7864e+01],
         [0.0000e+00, 0.0000e+00, 1.0000e+00]]], device='cuda:0')
0:02:18.249435 - TCO_input tensor([[[ 1.0000,  0.0000,  0.0000, -0.0160],
         [ 0.0000,  1.0000,  0.0000,  0.0119],
         [ 0.0000,  0.0000,  1.0000,  0.2938],
         [ 0.0000,  0.0000,  0.0000,  1.0000]]], device='cuda:0')
0:02:18.251013 - model tco output tensor([[[-0.7893,  0.4410,  0.4273, -0.0105],
         [-0.5691, -0.7867, -0.2392,  0.0078],
         [ 0.2306, -0.4320,  0.8719,  0.1967],
         [ 0.0000,  0.0000,  0.0000,  1.0000]]], device='cuda:0',
       grad_fn=<CopySlices>)
0:02:18.289228 - Wrote debug data: /home/ubuntu/synthetic_pose_estimation/cosypose/local_data/debug_data/debug_iter=1.pth.tar
0:02:18.500919 - TCO_input tensor([[[ 1.0000,  0.0000,  0.0000, -0.0160],
         [ 0.0000,  1.0000,  0.0000,  0.0119],
         [ 0.0000,  0.0000,  1.0000,  0.2938],
         [ 0.0000,  0.0000,  0.0000,  1.0000]]], device='cuda:0')
0:02:18.501900 - vxvyvz tensor([[ 1.9385, -1.4590,  0.6697]], device='cuda:0',
       grad_fn=<SliceBackward0>)
0:02:18.502905 - dR tensor([[[-0.7893,  0.4410,  0.4273],
         [-0.5691, -0.7867, -0.2392],
         [ 0.2306, -0.4320,  0.8719]]], device='cuda:0',
       grad_fn=<StackBackward0>)
0:02:18.503754 - fxfy tensor([[1768.5110, 1768.5109]], device='cuda:0')
0:02:18.506291 - TCO_gt tensor([[[-0.7893,  0.4511,  0.4165, -0.0100],
         [-0.5688, -0.7927, -0.2192,  0.0062],
         [ 0.2313, -0.4099,  0.8823,  0.1920],
         [ 0.0000,  0.0000,  0.0000,  1.0000]]], device='cuda:0')
0:02:18.507208 - TCO pred_orn tensor([[[-0.7893,  0.4410,  0.4273, -0.0100],
         [-0.5691, -0.7867, -0.2392,  0.0062],
         [ 0.2306, -0.4320,  0.8719,  0.1920],
         [ 0.0000,  0.0000,  0.0000,  1.0000]]], device='cuda:0',
       grad_fn=<CopySlices>)
0:02:18.508109 - TCO pred_xy tensor([[[-0.7893,  0.4511,  0.4165, -0.0102],
         [-0.5688, -0.7927, -0.2192,  0.0076],
         [ 0.2313, -0.4099,  0.8823,  0.1920],
         [ 0.0000,  0.0000,  0.0000,  1.0000]]], device='cuda:0',
       grad_fn=<CopySlices>)
0:02:18.509027 - TCO pred_z tensor([[[-0.7893,  0.4511,  0.4165, -0.0100],
         [-0.5688, -0.7927, -0.2192,  0.0062],
         [ 0.2313, -0.4099,  0.8823,  0.1967],
         [ 0.0000,  0.0000,  0.0000,  1.0000]]], device='cuda:0',
       grad_fn=<CopySlices>)
0:02:18.509692 - loss orn tensor([9.8356e-05], device='cuda:0', grad_fn=<MinBackward0>)
0:02:18.510309 - loss xy tensor([0.0006], device='cuda:0', grad_fn=<MinBackward0>)
0:02:18.510957 - loss z tensor([0.0016], device='cuda:0', grad_fn=<MinBackward0>)
  0%|                                       | 0/1 [00:00<?, ?it/s, loss=0.00225]100%|███████████████████████████████| 1/1 [00:00<00:00,  4.67it/s, loss=0.00225]100%|███████████████████████████████| 1/1 [00:00<00:00,  4.66it/s, loss=0.00225]
0:02:18.266049 - saving /home/ubuntu/synthetic_pose_estimation/cosypose/local_data/experiments/bracket_assembly_debug_nut_nosym_coarse_noaug--938962 252
  0%|                                                     | 0/1 [00:00<?, ?it/s]0:02:18.681414 - iteration 0
0:02:18.725095 - outputs, {'pose': tensor([[-0.9366, -0.6792,  0.2677,  0.5430, -0.4370, -0.3824,  1.9537, -1.4615,
          0.6737]], device='cuda:0', grad_fn=<AddmmBackward0>)}
0:02:18.726823 - model_outputs {'pose': tensor([[-0.9366, -0.6792,  0.2677,  0.5430, -0.4370, -0.3824,  1.9537, -1.4615,
          0.6737]], device='cuda:0', grad_fn=<AddmmBackward0>)}
0:02:18.727666 - K crop tensor([[[1.8756e+03, 0.0000e+00, 2.8916e+02],
         [0.0000e+00, 1.8756e+03, 7.4561e+01],
         [0.0000e+00, 0.0000e+00, 1.0000e+00]]], device='cuda:0')
0:02:18.728572 - TCO_input tensor([[[ 1.0000,  0.0000,  0.0000, -0.0214],
         [ 0.0000,  1.0000,  0.0000,  0.0074],
         [ 0.0000,  0.0000,  1.0000,  0.3092],
         [ 0.0000,  0.0000,  0.0000,  1.0000]]], device='cuda:0')
0:02:18.729868 - model tco output tensor([[[-0.7887,  0.4460,  0.4231, -0.0142],
         [-0.5719, -0.7847, -0.2390,  0.0048],
         [ 0.2254, -0.4305,  0.8740,  0.2083],
         [ 0.0000,  0.0000,  0.0000,  1.0000]]], device='cuda:0',
       grad_fn=<CopySlices>)
0:02:18.768849 - Wrote debug data: /home/ubuntu/synthetic_pose_estimation/cosypose/local_data/debug_data/debug_iter=1.pth.tar
0:02:18.979382 - TCO_input tensor([[[ 1.0000,  0.0000,  0.0000, -0.0214],
         [ 0.0000,  1.0000,  0.0000,  0.0074],
         [ 0.0000,  0.0000,  1.0000,  0.3092],
         [ 0.0000,  0.0000,  0.0000,  1.0000]]], device='cuda:0')
0:02:18.980460 - vxvyvz tensor([[ 1.9537, -1.4615,  0.6737]], device='cuda:0',
       grad_fn=<SliceBackward0>)
0:02:18.981577 - dR tensor([[[-0.7887,  0.4460,  0.4231],
         [-0.5719, -0.7847, -0.2390],
         [ 0.2254, -0.4305,  0.8740]]], device='cuda:0',
       grad_fn=<StackBackward0>)
0:02:18.982514 - fxfy tensor([[1875.6215, 1875.6215]], device='cuda:0')
0:02:18.985103 - TCO_gt tensor([[[-0.7893,  0.4511,  0.4165, -0.0100],
         [-0.5688, -0.7927, -0.2192,  0.0062],
         [ 0.2313, -0.4099,  0.8823,  0.1920],
         [ 0.0000,  0.0000,  0.0000,  1.0000]]], device='cuda:0')
0:02:18.986095 - TCO pred_orn tensor([[[-0.7887,  0.4460,  0.4231, -0.0100],
         [-0.5719, -0.7847, -0.2390,  0.0062],
         [ 0.2254, -0.4305,  0.8740,  0.1920],
         [ 0.0000,  0.0000,  0.0000,  1.0000]]], device='cuda:0',
       grad_fn=<CopySlices>)
0:02:18.987035 - TCO pred_xy tensor([[[-0.7893,  0.4511,  0.4165, -0.0131],
         [-0.5688, -0.7927, -0.2192,  0.0044],
         [ 0.2313, -0.4099,  0.8823,  0.1920],
         [ 0.0000,  0.0000,  0.0000,  1.0000]]], device='cuda:0',
       grad_fn=<CopySlices>)
0:02:18.987963 - TCO pred_z tensor([[[-0.7893,  0.4511,  0.4165, -0.0100],
         [-0.5688, -0.7927, -0.2192,  0.0062],
         [ 0.2313, -0.4099,  0.8823,  0.2083],
         [ 0.0000,  0.0000,  0.0000,  1.0000]]], device='cuda:0',
       grad_fn=<CopySlices>)
0:02:18.988658 - loss orn tensor([8.5752e-05], device='cuda:0', grad_fn=<MinBackward0>)
0:02:18.989372 - loss xy tensor([0.0016], device='cuda:0', grad_fn=<MinBackward0>)
0:02:18.990032 - loss z tensor([0.0054], device='cuda:0', grad_fn=<MinBackward0>)
  0%|                                       | 0/1 [00:00<?, ?it/s, loss=0.00712]100%|███████████████████████████████| 1/1 [00:00<00:00,  4.63it/s, loss=0.00712]100%|███████████████████████████████| 1/1 [00:00<00:00,  4.62it/s, loss=0.00712]
0:02:18.739720 - saving /home/ubuntu/synthetic_pose_estimation/cosypose/local_data/experiments/bracket_assembly_debug_nut_nosym_coarse_noaug--938962 253
  0%|                                                     | 0/1 [00:00<?, ?it/s]0:02:19.155015 - iteration 0
0:02:19.198962 - outputs, {'pose': tensor([[-0.9377, -0.6918,  0.2755,  0.5582, -0.4413, -0.3709,  1.9782, -1.4585,
          0.6684]], device='cuda:0', grad_fn=<AddmmBackward0>)}
0:02:19.200653 - model_outputs {'pose': tensor([[-0.9377, -0.6918,  0.2755,  0.5582, -0.4413, -0.3709,  1.9782, -1.4585,
          0.6684]], device='cuda:0', grad_fn=<AddmmBackward0>)}
0:02:19.201505 - K crop tensor([[[1.7440e+03, 0.0000e+00, 2.0091e+02],
         [0.0000e+00, 1.7440e+03, 4.9971e+01],
         [0.0000e+00, 0.0000e+00, 1.0000e+00]]], device='cuda:0')
0:02:19.202406 - TCO_input tensor([[[ 1.0000,  0.0000,  0.0000, -0.0069],
         [ 0.0000,  1.0000,  0.0000,  0.0116],
         [ 0.0000,  0.0000,  1.0000,  0.2897],
         [ 0.0000,  0.0000,  0.0000,  1.0000]]], device='cuda:0')
0:02:19.203916 - model tco output tensor([[[-0.7831,  0.4609,  0.4175, -0.0044],
         [-0.5778, -0.7876, -0.2142,  0.0076],
         [ 0.2301, -0.4090,  0.8831,  0.1936],
         [ 0.0000,  0.0000,  0.0000,  1.0000]]], device='cuda:0',
       grad_fn=<CopySlices>)
0:02:19.242713 - Wrote debug data: /home/ubuntu/synthetic_pose_estimation/cosypose/local_data/debug_data/debug_iter=1.pth.tar
0:02:19.454645 - TCO_input tensor([[[ 1.0000,  0.0000,  0.0000, -0.0069],
         [ 0.0000,  1.0000,  0.0000,  0.0116],
         [ 0.0000,  0.0000,  1.0000,  0.2897],
         [ 0.0000,  0.0000,  0.0000,  1.0000]]], device='cuda:0')
0:02:19.455593 - vxvyvz tensor([[ 1.9782, -1.4585,  0.6684]], device='cuda:0',
       grad_fn=<SliceBackward0>)
0:02:19.456588 - dR tensor([[[-0.7831,  0.4609,  0.4175],
         [-0.5778, -0.7876, -0.2142],
         [ 0.2301, -0.4090,  0.8831]]], device='cuda:0',
       grad_fn=<StackBackward0>)
0:02:19.457490 - fxfy tensor([[1743.9894, 1743.9895]], device='cuda:0')
0:02:19.459996 - TCO_gt tensor([[[-0.7893,  0.4511,  0.4165, -0.0100],
         [-0.5688, -0.7927, -0.2192,  0.0062],
         [ 0.2313, -0.4099,  0.8823,  0.1920],
         [ 0.0000,  0.0000,  0.0000,  1.0000]]], device='cuda:0')
0:02:19.460925 - TCO pred_orn tensor([[[-0.7831,  0.4609,  0.4175, -0.0100],
         [-0.5778, -0.7876, -0.2142,  0.0062],
         [ 0.2301, -0.4090,  0.8831,  0.1920],
         [ 0.0000,  0.0000,  0.0000,  1.0000]]], device='cuda:0',
       grad_fn=<CopySlices>)
0:02:19.461858 - TCO pred_xy tensor([[[-0.7893,  0.4511,  0.4165, -0.0043],
         [-0.5688, -0.7927, -0.2192,  0.0075],
         [ 0.2313, -0.4099,  0.8823,  0.1920],
         [ 0.0000,  0.0000,  0.0000,  1.0000]]], device='cuda:0',
       grad_fn=<CopySlices>)
0:02:19.462765 - TCO pred_z tensor([[[-0.7893,  0.4511,  0.4165, -0.0100],
         [-0.5688, -0.7927, -0.2192,  0.0062],
         [ 0.2313, -0.4099,  0.8823,  0.1936],
         [ 0.0000,  0.0000,  0.0000,  1.0000]]], device='cuda:0',
       grad_fn=<CopySlices>)
0:02:19.463429 - loss orn tensor([4.6604e-05], device='cuda:0', grad_fn=<MinBackward0>)
0:02:19.466475 - loss xy tensor([0.0023], device='cuda:0', grad_fn=<MinBackward0>)
0:02:19.467095 - loss z tensor([0.0006], device='cuda:0', grad_fn=<MinBackward0>)
  0%|                                       | 0/1 [00:00<?, ?it/s, loss=0.00293]100%|███████████████████████████████| 1/1 [00:00<00:00,  4.57it/s, loss=0.00293]100%|███████████████████████████████| 1/1 [00:00<00:00,  4.56it/s, loss=0.00293]
0:02:19.221990 - saving /home/ubuntu/synthetic_pose_estimation/cosypose/local_data/experiments/bracket_assembly_debug_nut_nosym_coarse_noaug--938962 254
  0%|                                                     | 0/1 [00:00<?, ?it/s]0:02:19.637289 - iteration 0
0:02:19.680914 - outputs, {'pose': tensor([[-0.9296, -0.6762,  0.2838,  0.5431, -0.4399, -0.3670,  1.9799, -1.4443,
          0.6618]], device='cuda:0', grad_fn=<AddmmBackward0>)}
0:02:19.682618 - model_outputs {'pose': tensor([[-0.9296, -0.6762,  0.2838,  0.5431, -0.4399, -0.3670,  1.9799, -1.4443,
          0.6618]], device='cuda:0', grad_fn=<AddmmBackward0>)}
0:02:19.683447 - K crop tensor([[[1.9203e+03, 0.0000e+00, 2.6844e+02],
         [0.0000e+00, 1.9203e+03, 4.0462e+01],
         [0.0000e+00, 0.0000e+00, 1.0000e+00]]], device='cuda:0')
0:02:19.684348 - TCO_input tensor([[[ 1.0000,  0.0000,  0.0000, -0.0181],
         [ 0.0000,  1.0000,  0.0000,  0.0131],
         [ 0.0000,  0.0000,  1.0000,  0.3186],
         [ 0.0000,  0.0000,  0.0000,  1.0000]]], device='cuda:0')
0:02:19.685851 - model tco output tensor([[[-0.7851,  0.4522,  0.4233, -0.0117],
         [-0.5711, -0.7930, -0.2122,  0.0085],
         [ 0.2397, -0.4083,  0.8808,  0.2108],
         [ 0.0000,  0.0000,  0.0000,  1.0000]]], device='cuda:0',
       grad_fn=<CopySlices>)
0:02:19.726579 - Wrote debug data: /home/ubuntu/synthetic_pose_estimation/cosypose/local_data/debug_data/debug_iter=1.pth.tar
0:02:19.938899 - TCO_input tensor([[[ 1.0000,  0.0000,  0.0000, -0.0181],
         [ 0.0000,  1.0000,  0.0000,  0.0131],
         [ 0.0000,  0.0000,  1.0000,  0.3186],
         [ 0.0000,  0.0000,  0.0000,  1.0000]]], device='cuda:0')
0:02:19.939980 - vxvyvz tensor([[ 1.9799, -1.4443,  0.6618]], device='cuda:0',
       grad_fn=<SliceBackward0>)
0:02:19.941060 - dR tensor([[[-0.7851,  0.4522,  0.4233],
         [-0.5711, -0.7930, -0.2122],
         [ 0.2397, -0.4083,  0.8808]]], device='cuda:0',
       grad_fn=<StackBackward0>)
0:02:19.942038 - fxfy tensor([[1920.3429, 1920.3433]], device='cuda:0')
0:02:19.944593 - TCO_gt tensor([[[-0.7893,  0.4511,  0.4165, -0.0100],
         [-0.5688, -0.7927, -0.2192,  0.0062],
         [ 0.2313, -0.4099,  0.8823,  0.1920],
         [ 0.0000,  0.0000,  0.0000,  1.0000]]], device='cuda:0')
0:02:19.945596 - TCO pred_orn tensor([[[-0.7851,  0.4522,  0.4233, -0.0100],
         [-0.5711, -0.7930, -0.2122,  0.0062],
         [ 0.2397, -0.4083,  0.8808,  0.1920],
         [ 0.0000,  0.0000,  0.0000,  1.0000]]], device='cuda:0',
       grad_fn=<CopySlices>)
0:02:19.946533 - TCO pred_xy tensor([[[-0.7893,  0.4511,  0.4165, -0.0107],
         [-0.5688, -0.7927, -0.2192,  0.0078],
         [ 0.2313, -0.4099,  0.8823,  0.1920],
         [ 0.0000,  0.0000,  0.0000,  1.0000]]], device='cuda:0',
       grad_fn=<CopySlices>)
0:02:19.947493 - TCO pred_z tensor([[[-0.7893,  0.4511,  0.4165, -0.0100],
         [-0.5688, -0.7927, -0.2192,  0.0062],
         [ 0.2313, -0.4099,  0.8823,  0.2108],
         [ 0.0000,  0.0000,  0.0000,  1.0000]]], device='cuda:0',
       grad_fn=<CopySlices>)
0:02:19.948165 - loss orn tensor([3.8822e-05], device='cuda:0', grad_fn=<MinBackward0>)
0:02:19.948849 - loss xy tensor([0.0008], device='cuda:0', grad_fn=<MinBackward0>)
0:02:19.949535 - loss z tensor([0.0063], device='cuda:0', grad_fn=<MinBackward0>)
  0%|                                       | 0/1 [00:00<?, ?it/s, loss=0.00709]100%|███████████████████████████████| 1/1 [00:00<00:00,  4.56it/s, loss=0.00709]100%|███████████████████████████████| 1/1 [00:00<00:00,  4.55it/s, loss=0.00709]
0:02:19.698219 - saving /home/ubuntu/synthetic_pose_estimation/cosypose/local_data/experiments/bracket_assembly_debug_nut_nosym_coarse_noaug--938962 255
  0%|                                                     | 0/1 [00:00<?, ?it/s]0:02:20.113518 - iteration 0
0:02:20.162866 - outputs, {'pose': tensor([[-0.9384, -0.6787,  0.2789,  0.5592, -0.4529, -0.3699,  2.0010, -1.4591,
          0.6524]], device='cuda:0', grad_fn=<AddmmBackward0>)}
0:02:20.164561 - model_outputs {'pose': tensor([[-0.9384, -0.6787,  0.2789,  0.5592, -0.4529, -0.3699,  2.0010, -1.4591,
          0.6524]], device='cuda:0', grad_fn=<AddmmBackward0>)}
0:02:20.165346 - K crop tensor([[[1.8777e+03, 0.0000e+00, 2.7101e+02],
         [0.0000e+00, 1.8777e+03, 6.8785e+01],
         [0.0000e+00, 0.0000e+00, 1.0000e+00]]], device='cuda:0')
0:02:20.166197 - TCO_input tensor([[[ 1.0000,  0.0000,  0.0000, -0.0184],
         [ 0.0000,  1.0000,  0.0000,  0.0084],
         [ 0.0000,  0.0000,  1.0000,  0.3099],
         [ 0.0000,  0.0000,  0.0000,  1.0000]]], device='cuda:0')
0:02:20.167076 - model tco output tensor([[[-0.7878,  0.4550,  0.4152, -0.0118],
         [-0.5698, -0.7945, -0.2103,  0.0053],
         [ 0.2342, -0.4022,  0.8851,  0.2022],
         [ 0.0000,  0.0000,  0.0000,  1.0000]]], device='cuda:0',
       grad_fn=<CopySlices>)
0:02:20.206819 - Wrote debug data: /home/ubuntu/synthetic_pose_estimation/cosypose/local_data/debug_data/debug_iter=1.pth.tar
0:02:20.417390 - TCO_input tensor([[[ 1.0000,  0.0000,  0.0000, -0.0184],
         [ 0.0000,  1.0000,  0.0000,  0.0084],
         [ 0.0000,  0.0000,  1.0000,  0.3099],
         [ 0.0000,  0.0000,  0.0000,  1.0000]]], device='cuda:0')
0:02:20.418430 - vxvyvz tensor([[ 2.0010, -1.4591,  0.6524]], device='cuda:0',
       grad_fn=<SliceBackward0>)
0:02:20.419411 - dR tensor([[[-0.7878,  0.4550,  0.4152],
         [-0.5698, -0.7945, -0.2103],
         [ 0.2342, -0.4022,  0.8851]]], device='cuda:0',
       grad_fn=<StackBackward0>)
0:02:20.420300 - fxfy tensor([[1877.6951, 1877.6949]], device='cuda:0')
0:02:20.422795 - TCO_gt tensor([[[-0.7893,  0.4511,  0.4165, -0.0100],
         [-0.5688, -0.7927, -0.2192,  0.0062],
         [ 0.2313, -0.4099,  0.8823,  0.1920],
         [ 0.0000,  0.0000,  0.0000,  1.0000]]], device='cuda:0')
0:02:20.423711 - TCO pred_orn tensor([[[-0.7878,  0.4550,  0.4152, -0.0100],
         [-0.5698, -0.7945, -0.2103,  0.0062],
         [ 0.2342, -0.4022,  0.8851,  0.1920],
         [ 0.0000,  0.0000,  0.0000,  1.0000]]], device='cuda:0',
       grad_fn=<CopySlices>)
0:02:20.424622 - TCO pred_xy tensor([[[-0.7893,  0.4511,  0.4165, -0.0112],
         [-0.5688, -0.7927, -0.2192,  0.0050],
         [ 0.2313, -0.4099,  0.8823,  0.1920],
         [ 0.0000,  0.0000,  0.0000,  1.0000]]], device='cuda:0',
       grad_fn=<CopySlices>)
0:02:20.425558 - TCO pred_z tensor([[[-0.7893,  0.4511,  0.4165, -0.0100],
         [-0.5688, -0.7927, -0.2192,  0.0062],
         [ 0.2313, -0.4099,  0.8823,  0.2022],
         [ 0.0000,  0.0000,  0.0000,  1.0000]]], device='cuda:0',
       grad_fn=<CopySlices>)
0:02:20.426186 - loss orn tensor([3.8327e-05], device='cuda:0', grad_fn=<MinBackward0>)
0:02:20.426798 - loss xy tensor([0.0008], device='cuda:0', grad_fn=<MinBackward0>)
0:02:20.427410 - loss z tensor([0.0034], device='cuda:0', grad_fn=<MinBackward0>)
  0%|                                       | 0/1 [00:00<?, ?it/s, loss=0.00422]100%|███████████████████████████████| 1/1 [00:00<00:00,  4.50it/s, loss=0.00422]100%|███████████████████████████████| 1/1 [00:00<00:00,  4.50it/s, loss=0.00422]
0:02:20.183862 - saving /home/ubuntu/synthetic_pose_estimation/cosypose/local_data/experiments/bracket_assembly_debug_nut_nosym_coarse_noaug--938962 256
  0%|                                                     | 0/1 [00:00<?, ?it/s]0:02:20.599144 - iteration 0
0:02:20.642558 - outputs, {'pose': tensor([[-0.9416, -0.6789,  0.2810,  0.5570, -0.4483, -0.3714,  2.0286, -1.4583,
          0.6551]], device='cuda:0', grad_fn=<AddmmBackward0>)}
0:02:20.644236 - model_outputs {'pose': tensor([[-0.9416, -0.6789,  0.2810,  0.5570, -0.4483, -0.3714,  2.0286, -1.4583,
          0.6551]], device='cuda:0', grad_fn=<AddmmBackward0>)}
0:02:20.645084 - K crop tensor([[[1.6173e+03, 0.0000e+00, 2.7483e+02],
         [0.0000e+00, 1.6173e+03, 4.4843e+01],
         [0.0000e+00, 0.0000e+00, 1.0000e+00]]], device='cuda:0')
0:02:20.645978 - TCO_input tensor([[[ 1.0000,  0.0000,  0.0000, -0.0192],
         [ 0.0000,  1.0000,  0.0000,  0.0125],
         [ 0.0000,  0.0000,  1.0000,  0.2697],
         [ 0.0000,  0.0000,  0.0000,  1.0000]]], device='cuda:0')
0:02:20.647478 - model tco output tensor([[[-0.7884,  0.4520,  0.4173, -0.0124],
         [-0.5684, -0.7946, -0.2132,  0.0080],
         [ 0.2353, -0.4053,  0.8834,  0.1767],
         [ 0.0000,  0.0000,  0.0000,  1.0000]]], device='cuda:0',
       grad_fn=<CopySlices>)
0:02:20.690665 - Wrote debug data: /home/ubuntu/synthetic_pose_estimation/cosypose/local_data/debug_data/debug_iter=1.pth.tar
0:02:20.900290 - TCO_input tensor([[[ 1.0000,  0.0000,  0.0000, -0.0192],
         [ 0.0000,  1.0000,  0.0000,  0.0125],
         [ 0.0000,  0.0000,  1.0000,  0.2697],
         [ 0.0000,  0.0000,  0.0000,  1.0000]]], device='cuda:0')
0:02:20.901348 - vxvyvz tensor([[ 2.0286, -1.4583,  0.6551]], device='cuda:0',
       grad_fn=<SliceBackward0>)
0:02:20.902352 - dR tensor([[[-0.7884,  0.4520,  0.4173],
         [-0.5684, -0.7946, -0.2132],
         [ 0.2353, -0.4053,  0.8834]]], device='cuda:0',
       grad_fn=<StackBackward0>)
0:02:20.903194 - fxfy tensor([[1617.2811, 1617.2811]], device='cuda:0')
0:02:20.905748 - TCO_gt tensor([[[-0.7893,  0.4511,  0.4165, -0.0100],
         [-0.5688, -0.7927, -0.2192,  0.0062],
         [ 0.2313, -0.4099,  0.8823,  0.1920],
         [ 0.0000,  0.0000,  0.0000,  1.0000]]], device='cuda:0')
0:02:20.906639 - TCO pred_orn tensor([[[-0.7884,  0.4520,  0.4173, -0.0100],
         [-0.5684, -0.7946, -0.2132,  0.0062],
         [ 0.2353, -0.4053,  0.8834,  0.1920],
         [ 0.0000,  0.0000,  0.0000,  1.0000]]], device='cuda:0',
       grad_fn=<CopySlices>)
0:02:20.907537 - TCO pred_xy tensor([[[-0.7893,  0.4511,  0.4165, -0.0134],
         [-0.5688, -0.7927, -0.2192,  0.0087],
         [ 0.2313, -0.4099,  0.8823,  0.1920],
         [ 0.0000,  0.0000,  0.0000,  1.0000]]], device='cuda:0',
       grad_fn=<CopySlices>)
0:02:20.908434 - TCO pred_z tensor([[[-0.7893,  0.4511,  0.4165, -0.0100],
         [-0.5688, -0.7927, -0.2192,  0.0062],
         [ 0.2313, -0.4099,  0.8823,  0.1767],
         [ 0.0000,  0.0000,  0.0000,  1.0000]]], device='cuda:0',
       grad_fn=<CopySlices>)
0:02:20.909106 - loss orn tensor([2.3512e-05], device='cuda:0', grad_fn=<MinBackward0>)
0:02:20.909731 - loss xy tensor([0.0020], device='cuda:0', grad_fn=<MinBackward0>)
0:02:20.910361 - loss z tensor([0.0051], device='cuda:0', grad_fn=<MinBackward0>)
  0%|                                        | 0/1 [00:00<?, ?it/s, loss=0.0071]100%|████████████████████████████████| 1/1 [00:00<00:00,  4.57it/s, loss=0.0071]100%|████████████████████████████████| 1/1 [00:00<00:00,  4.56it/s, loss=0.0071]
0:02:20.668861 - saving /home/ubuntu/synthetic_pose_estimation/cosypose/local_data/experiments/bracket_assembly_debug_nut_nosym_coarse_noaug--938962 257
  0%|                                                     | 0/1 [00:00<?, ?it/s]0:02:21.084009 - iteration 0
0:02:21.127721 - outputs, {'pose': tensor([[-0.9529, -0.6684,  0.2707,  0.5586, -0.4424, -0.3729,  2.0425, -1.4538,
          0.6408]], device='cuda:0', grad_fn=<AddmmBackward0>)}
0:02:21.129246 - model_outputs {'pose': tensor([[-0.9529, -0.6684,  0.2707,  0.5586, -0.4424, -0.3729,  2.0425, -1.4538,
          0.6408]], device='cuda:0', grad_fn=<AddmmBackward0>)}
0:02:21.130022 - K crop tensor([[[1.9029e+03, 0.0000e+00, 1.8169e+02],
         [0.0000e+00, 1.9029e+03, 6.3873e+01],
         [0.0000e+00, 0.0000e+00, 1.0000e+00]]], device='cuda:0')
0:02:21.130857 - TCO_input tensor([[[ 1.0000,  0.0000,  0.0000, -0.0037],
         [ 0.0000,  1.0000,  0.0000,  0.0092],
         [ 0.0000,  0.0000,  1.0000,  0.3143],
         [ 0.0000,  0.0000,  0.0000,  1.0000]]], device='cuda:0')
0:02:21.131739 - model tco output tensor([[[-0.7974,  0.4427,  0.4101, -0.0021],
         [-0.5593, -0.7973, -0.2268,  0.0057],
         [ 0.2266, -0.4102,  0.8834,  0.2014],
         [ 0.0000,  0.0000,  0.0000,  1.0000]]], device='cuda:0',
       grad_fn=<CopySlices>)
0:02:21.169680 - Wrote debug data: /home/ubuntu/synthetic_pose_estimation/cosypose/local_data/debug_data/debug_iter=1.pth.tar
0:02:21.380921 - TCO_input tensor([[[ 1.0000,  0.0000,  0.0000, -0.0037],
         [ 0.0000,  1.0000,  0.0000,  0.0092],
         [ 0.0000,  0.0000,  1.0000,  0.3143],
         [ 0.0000,  0.0000,  0.0000,  1.0000]]], device='cuda:0')
0:02:21.381872 - vxvyvz tensor([[ 2.0425, -1.4538,  0.6408]], device='cuda:0',
       grad_fn=<SliceBackward0>)
0:02:21.382855 - dR tensor([[[-0.7974,  0.4427,  0.4101],
         [-0.5593, -0.7973, -0.2268],
         [ 0.2266, -0.4102,  0.8834]]], device='cuda:0',
       grad_fn=<StackBackward0>)
0:02:21.383692 - fxfy tensor([[1902.9397, 1902.9398]], device='cuda:0')
0:02:21.386226 - TCO_gt tensor([[[-0.7893,  0.4511,  0.4165, -0.0100],
         [-0.5688, -0.7927, -0.2192,  0.0062],
         [ 0.2313, -0.4099,  0.8823,  0.1920],
         [ 0.0000,  0.0000,  0.0000,  1.0000]]], device='cuda:0')
0:02:21.387121 - TCO pred_orn tensor([[[-0.7974,  0.4427,  0.4101, -0.0100],
         [-0.5593, -0.7973, -0.2268,  0.0062],
         [ 0.2266, -0.4102,  0.8834,  0.1920],
         [ 0.0000,  0.0000,  0.0000,  1.0000]]], device='cuda:0',
       grad_fn=<CopySlices>)
0:02:21.388016 - TCO pred_xy tensor([[[-0.7893,  0.4511,  0.4165, -0.0020],
         [-0.5688, -0.7927, -0.2192,  0.0055],
         [ 0.2313, -0.4099,  0.8823,  0.1920],
         [ 0.0000,  0.0000,  0.0000,  1.0000]]], device='cuda:0',
       grad_fn=<CopySlices>)
0:02:21.388923 - TCO pred_z tensor([[[-0.7893,  0.4511,  0.4165, -0.0100],
         [-0.5688, -0.7927, -0.2192,  0.0062],
         [ 0.2313, -0.4099,  0.8823,  0.2014],
         [ 0.0000,  0.0000,  0.0000,  1.0000]]], device='cuda:0',
       grad_fn=<CopySlices>)
0:02:21.389573 - loss orn tensor([5.5679e-05], device='cuda:0', grad_fn=<MinBackward0>)
0:02:21.390183 - loss xy tensor([0.0029], device='cuda:0', grad_fn=<MinBackward0>)
0:02:21.390804 - loss z tensor([0.0031], device='cuda:0', grad_fn=<MinBackward0>)
  0%|                                       | 0/1 [00:00<?, ?it/s, loss=0.00609]100%|███████████████████████████████| 1/1 [00:00<00:00,  4.68it/s, loss=0.00609]100%|███████████████████████████████| 1/1 [00:00<00:00,  4.67it/s, loss=0.00609]
0:02:21.176040 - saving /home/ubuntu/synthetic_pose_estimation/cosypose/local_data/experiments/bracket_assembly_debug_nut_nosym_coarse_noaug--938962 258
  0%|                                                     | 0/1 [00:00<?, ?it/s]0:02:21.591326 - iteration 0
0:02:21.635103 - outputs, {'pose': tensor([[-0.9572, -0.6726,  0.2621,  0.5456, -0.4429, -0.3809,  2.0670, -1.4653,
          0.6425]], device='cuda:0', grad_fn=<AddmmBackward0>)}
0:02:21.636782 - model_outputs {'pose': tensor([[-0.9572, -0.6726,  0.2621,  0.5456, -0.4429, -0.3809,  2.0670, -1.4653,
          0.6425]], device='cuda:0', grad_fn=<AddmmBackward0>)}
0:02:21.637667 - K crop tensor([[[1.7740e+03, 0.0000e+00, 2.6004e+02],
         [0.0000e+00, 1.7740e+03, 2.8497e+01],
         [0.0000e+00, 0.0000e+00, 1.0000e+00]]], device='cuda:0')
0:02:21.638571 - TCO_input tensor([[[ 1.0000,  0.0000,  0.0000, -0.0168],
         [ 0.0000,  1.0000,  0.0000,  0.0152],
         [ 0.0000,  0.0000,  1.0000,  0.2960],
         [ 0.0000,  0.0000,  0.0000,  1.0000]]], device='cuda:0')
0:02:21.640163 - model tco output tensor([[[-0.7984,  0.4383,  0.4128, -0.0106],
         [-0.5611, -0.7904, -0.2458,  0.0096],
         [ 0.2186, -0.4279,  0.8770,  0.1901],
         [ 0.0000,  0.0000,  0.0000,  1.0000]]], device='cuda:0',
       grad_fn=<CopySlices>)
0:02:21.679039 - Wrote debug data: /home/ubuntu/synthetic_pose_estimation/cosypose/local_data/debug_data/debug_iter=1.pth.tar
0:02:21.892442 - TCO_input tensor([[[ 1.0000,  0.0000,  0.0000, -0.0168],
         [ 0.0000,  1.0000,  0.0000,  0.0152],
         [ 0.0000,  0.0000,  1.0000,  0.2960],
         [ 0.0000,  0.0000,  0.0000,  1.0000]]], device='cuda:0')
0:02:21.893695 - vxvyvz tensor([[ 2.0670, -1.4653,  0.6425]], device='cuda:0',
       grad_fn=<SliceBackward0>)
0:02:21.894739 - dR tensor([[[-0.7984,  0.4383,  0.4128],
         [-0.5611, -0.7904, -0.2458],
         [ 0.2186, -0.4279,  0.8770]]], device='cuda:0',
       grad_fn=<StackBackward0>)
0:02:21.895626 - fxfy tensor([[1774.0494, 1774.0497]], device='cuda:0')
0:02:21.898174 - TCO_gt tensor([[[-0.7893,  0.4511,  0.4165, -0.0100],
         [-0.5688, -0.7927, -0.2192,  0.0062],
         [ 0.2313, -0.4099,  0.8823,  0.1920],
         [ 0.0000,  0.0000,  0.0000,  1.0000]]], device='cuda:0')
0:02:21.899081 - TCO pred_orn tensor([[[-0.7984,  0.4383,  0.4128, -0.0100],
         [-0.5611, -0.7904, -0.2458,  0.0062],
         [ 0.2186, -0.4279,  0.8770,  0.1920],
         [ 0.0000,  0.0000,  0.0000,  1.0000]]], device='cuda:0',
       grad_fn=<CopySlices>)
0:02:21.899965 - TCO pred_xy tensor([[[-0.7893,  0.4511,  0.4165, -0.0107],
         [-0.5688, -0.7927, -0.2192,  0.0097],
         [ 0.2313, -0.4099,  0.8823,  0.1920],
         [ 0.0000,  0.0000,  0.0000,  1.0000]]], device='cuda:0',
       grad_fn=<CopySlices>)
0:02:21.900861 - TCO pred_z tensor([[[-0.7893,  0.4511,  0.4165, -0.0100],
         [-0.5688, -0.7927, -0.2192,  0.0062],
         [ 0.2313, -0.4099,  0.8823,  0.1901],
         [ 0.0000,  0.0000,  0.0000,  1.0000]]], device='cuda:0',
       grad_fn=<CopySlices>)
0:02:21.901518 - loss orn tensor([0.0001], device='cuda:0', grad_fn=<MinBackward0>)
0:02:21.902125 - loss xy tensor([0.0014], device='cuda:0', grad_fn=<MinBackward0>)
0:02:21.902740 - loss z tensor([0.0006], device='cuda:0', grad_fn=<MinBackward0>)
  0%|                                       | 0/1 [00:00<?, ?it/s, loss=0.00211]100%|███████████████████████████████| 1/1 [00:00<00:00,  4.49it/s, loss=0.00211]100%|███████████████████████████████| 1/1 [00:00<00:00,  4.48it/s, loss=0.00211]
0:02:21.667253 - saving /home/ubuntu/synthetic_pose_estimation/cosypose/local_data/experiments/bracket_assembly_debug_nut_nosym_coarse_noaug--938962 259
  0%|                                                     | 0/1 [00:00<?, ?it/s]0:02:22.082542 - iteration 0
0:02:22.125909 - outputs, {'pose': tensor([[-0.9449, -0.6732,  0.2587,  0.5447, -0.4458, -0.3747,  2.0628, -1.4521,
          0.6313]], device='cuda:0', grad_fn=<AddmmBackward0>)}
0:02:22.127514 - model_outputs {'pose': tensor([[-0.9449, -0.6732,  0.2587,  0.5447, -0.4458, -0.3747,  2.0628, -1.4521,
          0.6313]], device='cuda:0', grad_fn=<AddmmBackward0>)}
0:02:22.128335 - K crop tensor([[[1.7019e+03, 0.0000e+00, 2.8520e+02],
         [0.0000e+00, 1.7019e+03, 1.5375e+01],
         [0.0000e+00, 0.0000e+00, 1.0000e+00]]], device='cuda:0')
0:02:22.129241 - TCO_input tensor([[[ 1.0000,  0.0000,  0.0000, -0.0211],
         [ 0.0000,  1.0000,  0.0000,  0.0175],
         [ 0.0000,  0.0000,  1.0000,  0.2853],
         [ 0.0000,  0.0000,  0.0000,  1.0000]]], device='cuda:0')
0:02:22.130798 - model tco output tensor([[[-0.7949,  0.4467,  0.4106, -0.0131],
         [-0.5663, -0.7891, -0.2380,  0.0109],
         [ 0.2177, -0.4218,  0.8802,  0.1801],
         [ 0.0000,  0.0000,  0.0000,  1.0000]]], device='cuda:0',
       grad_fn=<CopySlices>)
0:02:22.173590 - Wrote debug data: /home/ubuntu/synthetic_pose_estimation/cosypose/local_data/debug_data/debug_iter=1.pth.tar
0:02:22.389631 - TCO_input tensor([[[ 1.0000,  0.0000,  0.0000, -0.0211],
         [ 0.0000,  1.0000,  0.0000,  0.0175],
         [ 0.0000,  0.0000,  1.0000,  0.2853],
         [ 0.0000,  0.0000,  0.0000,  1.0000]]], device='cuda:0')
0:02:22.390629 - vxvyvz tensor([[ 2.0628, -1.4521,  0.6313]], device='cuda:0',
       grad_fn=<SliceBackward0>)
0:02:22.391647 - dR tensor([[[-0.7949,  0.4467,  0.4106],
         [-0.5663, -0.7891, -0.2380],
         [ 0.2177, -0.4218,  0.8802]]], device='cuda:0',
       grad_fn=<StackBackward0>)
0:02:22.392554 - fxfy tensor([[1701.8993, 1701.8995]], device='cuda:0')
0:02:22.395116 - TCO_gt tensor([[[-0.7893,  0.4511,  0.4165, -0.0100],
         [-0.5688, -0.7927, -0.2192,  0.0062],
         [ 0.2313, -0.4099,  0.8823,  0.1920],
         [ 0.0000,  0.0000,  0.0000,  1.0000]]], device='cuda:0')
0:02:22.396066 - TCO pred_orn tensor([[[-0.7949,  0.4467,  0.4106, -0.0100],
         [-0.5663, -0.7891, -0.2380,  0.0062],
         [ 0.2177, -0.4218,  0.8802,  0.1920],
         [ 0.0000,  0.0000,  0.0000,  1.0000]]], device='cuda:0',
       grad_fn=<CopySlices>)
0:02:22.397016 - TCO pred_xy tensor([[[-0.7893,  0.4511,  0.4165, -0.0139],
         [-0.5688, -0.7927, -0.2192,  0.0116],
         [ 0.2313, -0.4099,  0.8823,  0.1920],
         [ 0.0000,  0.0000,  0.0000,  1.0000]]], device='cuda:0',
       grad_fn=<CopySlices>)
0:02:22.397968 - TCO pred_z tensor([[[-0.7893,  0.4511,  0.4165, -0.0100],
         [-0.5688, -0.7927, -0.2192,  0.0062],
         [ 0.2313, -0.4099,  0.8823,  0.1801],
         [ 0.0000,  0.0000,  0.0000,  1.0000]]], device='cuda:0',
       grad_fn=<CopySlices>)
0:02:22.398666 - loss orn tensor([7.8446e-05], device='cuda:0', grad_fn=<MinBackward0>)
0:02:22.399321 - loss xy tensor([0.0031], device='cuda:0', grad_fn=<MinBackward0>)
0:02:22.399991 - loss z tensor([0.0040], device='cuda:0', grad_fn=<MinBackward0>)
  0%|                                       | 0/1 [00:00<?, ?it/s, loss=0.00715]100%|███████████████████████████████| 1/1 [00:00<00:00,  4.45it/s, loss=0.00715]100%|███████████████████████████████| 1/1 [00:00<00:00,  4.45it/s, loss=0.00715]
  0%|                                                     | 0/1 [00:00<?, ?it/s]0:02:22.306622 - iteration 0
0:02:22.342909 - outputs, {'pose': tensor([[-0.0511, -0.0064, -0.0033,  0.1326,  0.0279, -0.0902,  0.2352, -0.1474,
          0.1281]], device='cuda:0')}
0:02:22.344364 - model_outputs {'pose': tensor([[-0.0511, -0.0064, -0.0033,  0.1326,  0.0279, -0.0902,  0.2352, -0.1474,
          0.1281]], device='cuda:0')}
0:02:22.345169 - K crop tensor([[[1.9519e+03, 0.0000e+00, 2.8258e+02],
         [0.0000e+00, 1.9519e+03, 7.7615e+01],
         [0.0000e+00, 0.0000e+00, 1.0000e+00]]], device='cuda:0')
0:02:22.346088 - TCO_input tensor([[[ 1.0000,  0.0000,  0.0000, -0.0203],
         [ 0.0000,  1.0000,  0.0000,  0.0069],
         [ 0.0000,  0.0000,  1.0000,  0.3212],
         [ 0.0000,  0.0000,  0.0000,  1.0000]]], device='cuda:0')
0:02:22.347000 - model tco output tensor([[[-9.9014e-01,  4.9027e-02,  1.3126e-01, -2.5891e-03],
         [-1.2471e-01,  1.1861e-01, -9.8508e-01,  8.7968e-04],
         [-6.3865e-02, -9.9173e-01, -1.1133e-01,  4.1139e-02],
         [ 0.0000e+00,  0.0000e+00,  0.0000e+00,  1.0000e+00]]],
       device='cuda:0')
0:02:22.384304 - Wrote debug data: /home/ubuntu/synthetic_pose_estimation/cosypose/local_data/debug_data/debug_iter=1.pth.tar
0:02:22.597512 - TCO_input tensor([[[ 1.0000,  0.0000,  0.0000, -0.0203],
         [ 0.0000,  1.0000,  0.0000,  0.0069],
         [ 0.0000,  0.0000,  1.0000,  0.3212],
         [ 0.0000,  0.0000,  0.0000,  1.0000]]], device='cuda:0')
0:02:22.598461 - vxvyvz tensor([[ 0.2352, -0.1474,  0.1281]], device='cuda:0')
0:02:22.599456 - dR tensor([[[-0.9901,  0.0490,  0.1313],
         [-0.1247,  0.1186, -0.9851],
         [-0.0639, -0.9917, -0.1113]]], device='cuda:0')
0:02:22.600369 - fxfy tensor([[1951.8917, 1951.8918]], device='cuda:0')
0:02:22.602741 - TCO_gt tensor([[[-0.7893,  0.4511,  0.4165, -0.0100],
         [-0.5688, -0.7927, -0.2192,  0.0062],
         [ 0.2313, -0.4099,  0.8823,  0.1920],
         [ 0.0000,  0.0000,  0.0000,  1.0000]]], device='cuda:0')
0:02:22.603689 - TCO pred_orn tensor([[[-0.9901,  0.0490,  0.1313, -0.0100],
         [-0.1247,  0.1186, -0.9851,  0.0062],
         [-0.0639, -0.9917, -0.1113,  0.1920],
         [ 0.0000,  0.0000,  0.0000,  1.0000]]], device='cuda:0')
0:02:22.604841 - TCO pred_xy tensor([[[-0.7893,  0.4511,  0.4165, -0.0121],
         [-0.5688, -0.7927, -0.2192,  0.0041],
         [ 0.2313, -0.4099,  0.8823,  0.1920],
         [ 0.0000,  0.0000,  0.0000,  1.0000]]], device='cuda:0')
0:02:22.605894 - TCO pred_z tensor([[[-0.7893,  0.4511,  0.4165, -0.0100],
         [-0.5688, -0.7927, -0.2192,  0.0062],
         [ 0.2313, -0.4099,  0.8823,  0.0411],
         [ 0.0000,  0.0000,  0.0000,  1.0000]]], device='cuda:0')
0:02:22.606523 - loss orn tensor([0.0049], device='cuda:0')
0:02:22.607141 - loss xy tensor([0.0014], device='cuda:0')
0:02:22.607756 - loss z tensor([0.0503], device='cuda:0')
100%|█████████████████████████████████████████████| 1/1 [00:00<00:00,  8.36it/s]100%|█████████████████████████████████████████████| 1/1 [00:00<00:00,  8.33it/s]
0:02:22.284825 - saving /home/ubuntu/synthetic_pose_estimation/cosypose/local_data/experiments/bracket_assembly_debug_nut_nosym_coarse_noaug--938962 260
  0%|                                                     | 0/1 [00:00<?, ?it/s]0:02:22.696632 - iteration 0
0:02:22.744264 - outputs, {'pose': tensor([[-0.9519, -0.6757,  0.2734,  0.5535, -0.4539, -0.3758,  2.0978, -1.4698,
          0.6305]], device='cuda:0', grad_fn=<AddmmBackward0>)}
0:02:22.745871 - model_outputs {'pose': tensor([[-0.9519, -0.6757,  0.2734,  0.5535, -0.4539, -0.3758,  2.0978, -1.4698,
          0.6305]], device='cuda:0', grad_fn=<AddmmBackward0>)}
0:02:22.746645 - K crop tensor([[[1.7256e+03, 0.0000e+00, 2.4521e+02],
         [0.0000e+00, 1.7256e+03, 2.9683e+01],
         [0.0000e+00, 0.0000e+00, 1.0000e+00]]], device='cuda:0')
0:02:22.747488 - TCO_input tensor([[[ 1.0000,  0.0000,  0.0000, -0.0143],
         [ 0.0000,  1.0000,  0.0000,  0.0150],
         [ 0.0000,  0.0000,  1.0000,  0.2881],
         [ 0.0000,  0.0000,  0.0000,  1.0000]]], device='cuda:0')
0:02:22.748383 - model tco output tensor([[[-0.7940,  0.4456,  0.4137, -0.0088],
         [-0.5636, -0.7946, -0.2258,  0.0093],
         [ 0.2281, -0.4124,  0.8820,  0.1817],
         [ 0.0000,  0.0000,  0.0000,  1.0000]]], device='cuda:0',
       grad_fn=<CopySlices>)
0:02:22.789616 - Wrote debug data: /home/ubuntu/synthetic_pose_estimation/cosypose/local_data/debug_data/debug_iter=1.pth.tar
0:02:22.999449 - TCO_input tensor([[[ 1.0000,  0.0000,  0.0000, -0.0143],
         [ 0.0000,  1.0000,  0.0000,  0.0150],
         [ 0.0000,  0.0000,  1.0000,  0.2881],
         [ 0.0000,  0.0000,  0.0000,  1.0000]]], device='cuda:0')
0:02:23.000392 - vxvyvz tensor([[ 2.0978, -1.4698,  0.6305]], device='cuda:0',
       grad_fn=<SliceBackward0>)
0:02:23.001432 - dR tensor([[[-0.7940,  0.4456,  0.4137],
         [-0.5636, -0.7946, -0.2258],
         [ 0.2281, -0.4124,  0.8820]]], device='cuda:0',
       grad_fn=<StackBackward0>)
0:02:23.002283 - fxfy tensor([[1725.5530, 1725.5530]], device='cuda:0')
0:02:23.004765 - TCO_gt tensor([[[-0.7893,  0.4511,  0.4165, -0.0100],
         [-0.5688, -0.7927, -0.2192,  0.0062],
         [ 0.2313, -0.4099,  0.8823,  0.1920],
         [ 0.0000,  0.0000,  0.0000,  1.0000]]], device='cuda:0')
0:02:23.005707 - TCO pred_orn tensor([[[-0.7940,  0.4456,  0.4137, -0.0100],
         [-0.5636, -0.7946, -0.2258,  0.0062],
         [ 0.2281, -0.4124,  0.8820,  0.1920],
         [ 0.0000,  0.0000,  0.0000,  1.0000]]], device='cuda:0',
       grad_fn=<CopySlices>)
0:02:23.006610 - TCO pred_xy tensor([[[-0.7893,  0.4511,  0.4165, -0.0093],
         [-0.5688, -0.7927, -0.2192,  0.0098],
         [ 0.2313, -0.4099,  0.8823,  0.1920],
         [ 0.0000,  0.0000,  0.0000,  1.0000]]], device='cuda:0',
       grad_fn=<CopySlices>)
0:02:23.007518 - TCO pred_z tensor([[[-0.7893,  0.4511,  0.4165, -0.0100],
         [-0.5688, -0.7927, -0.2192,  0.0062],
         [ 0.2313, -0.4099,  0.8823,  0.1817],
         [ 0.0000,  0.0000,  0.0000,  1.0000]]], device='cuda:0',
       grad_fn=<CopySlices>)
0:02:23.008165 - loss orn tensor([3.5965e-05], device='cuda:0', grad_fn=<MinBackward0>)
0:02:23.008780 - loss xy tensor([0.0015], device='cuda:0', grad_fn=<MinBackward0>)
0:02:23.009430 - loss z tensor([0.0034], device='cuda:0', grad_fn=<MinBackward0>)
  0%|                                       | 0/1 [00:00<?, ?it/s, loss=0.00493]100%|███████████████████████████████| 1/1 [00:00<00:00,  4.61it/s, loss=0.00493]100%|███████████████████████████████| 1/1 [00:00<00:00,  4.60it/s, loss=0.00493]
0:02:22.776589 - saving /home/ubuntu/synthetic_pose_estimation/cosypose/local_data/experiments/bracket_assembly_debug_nut_nosym_coarse_noaug--938962 261
  0%|                                                     | 0/1 [00:00<?, ?it/s]0:02:23.191629 - iteration 0
0:02:23.234732 - outputs, {'pose': tensor([[-0.9374, -0.6788,  0.2802,  0.5576, -0.4505, -0.3673,  2.1020, -1.4714,
          0.6378]], device='cuda:0', grad_fn=<AddmmBackward0>)}
0:02:23.236264 - model_outputs {'pose': tensor([[-0.9374, -0.6788,  0.2802,  0.5576, -0.4505, -0.3673,  2.1020, -1.4714,
          0.6378]], device='cuda:0', grad_fn=<AddmmBackward0>)}
0:02:23.237034 - K crop tensor([[[1.7847e+03, 0.0000e+00, 2.8193e+02],
         [0.0000e+00, 1.7847e+03, 4.9877e+01],
         [0.0000e+00, 0.0000e+00, 1.0000e+00]]], device='cuda:0')
0:02:23.237908 - TCO_input tensor([[[ 1.0000,  0.0000,  0.0000, -0.0203],
         [ 0.0000,  1.0000,  0.0000,  0.0116],
         [ 0.0000,  0.0000,  1.0000,  0.2962],
         [ 0.0000,  0.0000,  0.0000,  1.0000]]], device='cuda:0')
0:02:23.238796 - model tco output tensor([[[-0.7872,  0.4559,  0.4153, -0.0127],
         [-0.5701, -0.7948, -0.2080,  0.0072],
         [ 0.2353, -0.4005,  0.8856,  0.1889],
         [ 0.0000,  0.0000,  0.0000,  1.0000]]], device='cuda:0',
       grad_fn=<CopySlices>)
0:02:23.277227 - Wrote debug data: /home/ubuntu/synthetic_pose_estimation/cosypose/local_data/debug_data/debug_iter=1.pth.tar
0:02:23.487022 - TCO_input tensor([[[ 1.0000,  0.0000,  0.0000, -0.0203],
         [ 0.0000,  1.0000,  0.0000,  0.0116],
         [ 0.0000,  0.0000,  1.0000,  0.2962],
         [ 0.0000,  0.0000,  0.0000,  1.0000]]], device='cuda:0')
0:02:23.487977 - vxvyvz tensor([[ 2.1020, -1.4714,  0.6378]], device='cuda:0',
       grad_fn=<SliceBackward0>)
0:02:23.488974 - dR tensor([[[-0.7872,  0.4559,  0.4153],
         [-0.5701, -0.7948, -0.2080],
         [ 0.2353, -0.4005,  0.8856]]], device='cuda:0',
       grad_fn=<StackBackward0>)
0:02:23.489866 - fxfy tensor([[1784.6766, 1784.6770]], device='cuda:0')
0:02:23.492359 - TCO_gt tensor([[[-0.7893,  0.4511,  0.4165, -0.0100],
         [-0.5688, -0.7927, -0.2192,  0.0062],
         [ 0.2313, -0.4099,  0.8823,  0.1920],
         [ 0.0000,  0.0000,  0.0000,  1.0000]]], device='cuda:0')
0:02:23.493318 - TCO pred_orn tensor([[[-0.7872,  0.4559,  0.4153, -0.0100],
         [-0.5701, -0.7948, -0.2080,  0.0062],
         [ 0.2353, -0.4005,  0.8856,  0.1920],
         [ 0.0000,  0.0000,  0.0000,  1.0000]]], device='cuda:0',
       grad_fn=<CopySlices>)
0:02:23.494222 - TCO pred_xy tensor([[[-0.7893,  0.4511,  0.4165, -0.0129],
         [-0.5688, -0.7927, -0.2192,  0.0073],
         [ 0.2313, -0.4099,  0.8823,  0.1920],
         [ 0.0000,  0.0000,  0.0000,  1.0000]]], device='cuda:0',
       grad_fn=<CopySlices>)
0:02:23.495137 - TCO pred_z tensor([[[-0.7893,  0.4511,  0.4165, -0.0100],
         [-0.5688, -0.7927, -0.2192,  0.0062],
         [ 0.2313, -0.4099,  0.8823,  0.1889],
         [ 0.0000,  0.0000,  0.0000,  1.0000]]], device='cuda:0',
       grad_fn=<CopySlices>)
0:02:23.495801 - loss orn tensor([4.7208e-05], device='cuda:0', grad_fn=<MinBackward0>)
0:02:23.496420 - loss xy tensor([0.0014], device='cuda:0', grad_fn=<MinBackward0>)
0:02:23.497053 - loss z tensor([0.0010], device='cuda:0', grad_fn=<MinBackward0>)
  0%|                                       | 0/1 [00:00<?, ?it/s, loss=0.00242]100%|███████████████████████████████| 1/1 [00:00<00:00,  4.71it/s, loss=0.00242]100%|███████████████████████████████| 1/1 [00:00<00:00,  4.70it/s, loss=0.00242]
0:02:23.244391 - saving /home/ubuntu/synthetic_pose_estimation/cosypose/local_data/experiments/bracket_assembly_debug_nut_nosym_coarse_noaug--938962 262
  0%|                                                     | 0/1 [00:00<?, ?it/s]0:02:23.659361 - iteration 0
0:02:23.702302 - outputs, {'pose': tensor([[-0.9326, -0.6766,  0.2857,  0.5544, -0.4511, -0.3680,  2.1125, -1.4851,
          0.6401]], device='cuda:0', grad_fn=<AddmmBackward0>)}
0:02:23.703849 - model_outputs {'pose': tensor([[-0.9326, -0.6766,  0.2857,  0.5544, -0.4511, -0.3680,  2.1125, -1.4851,
          0.6401]], device='cuda:0', grad_fn=<AddmmBackward0>)}
0:02:23.704604 - K crop tensor([[[1.6969e+03, 0.0000e+00, 2.9633e+02],
         [0.0000e+00, 1.6969e+03, 1.1675e+02],
         [0.0000e+00, 0.0000e+00, 1.0000e+00]]], device='cuda:0')
0:02:23.705421 - TCO_input tensor([[[ 1.0000e+00,  0.0000e+00,  0.0000e+00, -2.2398e-02],
         [ 0.0000e+00,  1.0000e+00,  0.0000e+00,  4.4994e-04],
         [ 0.0000e+00,  0.0000e+00,  1.0000e+00,  2.7776e-01],
         [ 0.0000e+00,  0.0000e+00,  0.0000e+00,  1.0000e+00]]],
       device='cuda:0')
0:02:23.706540 - model tco output tensor([[[-7.8564e-01,  4.5448e-01,  4.1980e-01, -1.4115e-02],
         [-5.6995e-01, -7.9562e-01, -2.0530e-01,  1.3240e-04],
         [ 2.4069e-01, -4.0055e-01,  8.8409e-01,  1.7779e-01],
         [ 0.0000e+00,  0.0000e+00,  0.0000e+00,  1.0000e+00]]],
       device='cuda:0', grad_fn=<CopySlices>)
0:02:23.744195 - Wrote debug data: /home/ubuntu/synthetic_pose_estimation/cosypose/local_data/debug_data/debug_iter=1.pth.tar
0:02:23.962353 - TCO_input tensor([[[ 1.0000e+00,  0.0000e+00,  0.0000e+00, -2.2398e-02],
         [ 0.0000e+00,  1.0000e+00,  0.0000e+00,  4.4994e-04],
         [ 0.0000e+00,  0.0000e+00,  1.0000e+00,  2.7776e-01],
         [ 0.0000e+00,  0.0000e+00,  0.0000e+00,  1.0000e+00]]],
       device='cuda:0')
0:02:23.963398 - vxvyvz tensor([[ 2.1125, -1.4851,  0.6401]], device='cuda:0',
       grad_fn=<SliceBackward0>)
0:02:23.964426 - dR tensor([[[-0.7856,  0.4545,  0.4198],
         [-0.5700, -0.7956, -0.2053],
         [ 0.2407, -0.4006,  0.8841]]], device='cuda:0',
       grad_fn=<StackBackward0>)
0:02:23.965324 - fxfy tensor([[1696.9255, 1696.9258]], device='cuda:0')
0:02:23.967815 - TCO_gt tensor([[[-0.7893,  0.4511,  0.4165, -0.0100],
         [-0.5688, -0.7927, -0.2192,  0.0062],
         [ 0.2313, -0.4099,  0.8823,  0.1920],
         [ 0.0000,  0.0000,  0.0000,  1.0000]]], device='cuda:0')
0:02:23.968729 - TCO pred_orn tensor([[[-0.7856,  0.4545,  0.4198, -0.0100],
         [-0.5700, -0.7956, -0.2053,  0.0062],
         [ 0.2407, -0.4006,  0.8841,  0.1920],
         [ 0.0000,  0.0000,  0.0000,  1.0000]]], device='cuda:0',
       grad_fn=<CopySlices>)
0:02:23.969657 - TCO pred_xy tensor([[[-7.8929e-01,  4.5115e-01,  4.1651e-01, -1.5241e-02],
         [-5.6879e-01, -7.9274e-01, -2.1920e-01,  1.4296e-04],
         [ 2.3129e-01, -4.0992e-01,  8.8231e-01,  1.9197e-01],
         [ 0.0000e+00,  0.0000e+00,  0.0000e+00,  1.0000e+00]]],
       device='cuda:0', grad_fn=<CopySlices>)
0:02:23.970573 - TCO pred_z tensor([[[-0.7893,  0.4511,  0.4165, -0.0100],
         [-0.5688, -0.7927, -0.2192,  0.0062],
         [ 0.2313, -0.4099,  0.8823,  0.1778],
         [ 0.0000,  0.0000,  0.0000,  1.0000]]], device='cuda:0',
       grad_fn=<CopySlices>)
0:02:23.971202 - loss orn tensor([5.7141e-05], device='cuda:0', grad_fn=<MinBackward0>)
0:02:23.971813 - loss xy tensor([0.0038], device='cuda:0', grad_fn=<MinBackward0>)
0:02:23.972424 - loss z tensor([0.0047], device='cuda:0', grad_fn=<MinBackward0>)
  0%|                                       | 0/1 [00:00<?, ?it/s, loss=0.00854]100%|███████████████████████████████| 1/1 [00:00<00:00,  4.45it/s, loss=0.00854]100%|███████████████████████████████| 1/1 [00:00<00:00,  4.44it/s, loss=0.00854]
0:02:23.764638 - saving /home/ubuntu/synthetic_pose_estimation/cosypose/local_data/experiments/bracket_assembly_debug_nut_nosym_coarse_noaug--938962 263
  0%|                                                     | 0/1 [00:00<?, ?it/s]0:02:24.179991 - iteration 0
0:02:24.223814 - outputs, {'pose': tensor([[-0.9368, -0.6764,  0.2755,  0.5489, -0.4551, -0.3717,  2.1328, -1.4884,
          0.6481]], device='cuda:0', grad_fn=<AddmmBackward0>)}
0:02:24.225443 - model_outputs {'pose': tensor([[-0.9368, -0.6764,  0.2755,  0.5489, -0.4551, -0.3717,  2.1328, -1.4884,
          0.6481]], device='cuda:0', grad_fn=<AddmmBackward0>)}
0:02:24.226229 - K crop tensor([[[1.5835e+03, 0.0000e+00, 2.0689e+02],
         [0.0000e+00, 1.5835e+03, 7.3641e+01],
         [0.0000e+00, 0.0000e+00, 1.0000e+00]]], device='cuda:0')
0:02:24.227073 - TCO_input tensor([[[ 1.0000,  0.0000,  0.0000, -0.0079],
         [ 0.0000,  1.0000,  0.0000,  0.0076],
         [ 0.0000,  0.0000,  1.0000,  0.2624],
         [ 0.0000,  0.0000,  0.0000,  1.0000]]], device='cuda:0')
0:02:24.228614 - model tco output tensor([[[-0.7886,  0.4520,  0.4169, -0.0049],
         [-0.5695, -0.7926, -0.2179,  0.0048],
         [ 0.2319, -0.4093,  0.8825,  0.1701],
         [ 0.0000,  0.0000,  0.0000,  1.0000]]], device='cuda:0',
       grad_fn=<CopySlices>)
0:02:24.269211 - Wrote debug data: /home/ubuntu/synthetic_pose_estimation/cosypose/local_data/debug_data/debug_iter=1.pth.tar
0:02:24.480623 - TCO_input tensor([[[ 1.0000,  0.0000,  0.0000, -0.0079],
         [ 0.0000,  1.0000,  0.0000,  0.0076],
         [ 0.0000,  0.0000,  1.0000,  0.2624],
         [ 0.0000,  0.0000,  0.0000,  1.0000]]], device='cuda:0')
0:02:24.481623 - vxvyvz tensor([[ 2.1328, -1.4884,  0.6481]], device='cuda:0',
       grad_fn=<SliceBackward0>)
0:02:24.482617 - dR tensor([[[-0.7886,  0.4520,  0.4169],
         [-0.5695, -0.7926, -0.2179],
         [ 0.2319, -0.4093,  0.8825]]], device='cuda:0',
       grad_fn=<StackBackward0>)
0:02:24.483481 - fxfy tensor([[1583.5447, 1583.5447]], device='cuda:0')
0:02:24.485998 - TCO_gt tensor([[[-0.7893,  0.4511,  0.4165, -0.0100],
         [-0.5688, -0.7927, -0.2192,  0.0062],
         [ 0.2313, -0.4099,  0.8823,  0.1920],
         [ 0.0000,  0.0000,  0.0000,  1.0000]]], device='cuda:0')
0:02:24.486891 - TCO pred_orn tensor([[[-0.7886,  0.4520,  0.4169, -0.0100],
         [-0.5695, -0.7926, -0.2179,  0.0062],
         [ 0.2319, -0.4093,  0.8825,  0.1920],
         [ 0.0000,  0.0000,  0.0000,  1.0000]]], device='cuda:0',
       grad_fn=<CopySlices>)
0:02:24.487794 - TCO pred_xy tensor([[[-0.7893,  0.4511,  0.4165, -0.0055],
         [-0.5688, -0.7927, -0.2192,  0.0054],
         [ 0.2313, -0.4099,  0.8823,  0.1920],
         [ 0.0000,  0.0000,  0.0000,  1.0000]]], device='cuda:0',
       grad_fn=<CopySlices>)
0:02:24.488700 - TCO pred_z tensor([[[-0.7893,  0.4511,  0.4165, -0.0100],
         [-0.5688, -0.7927, -0.2192,  0.0062],
         [ 0.2313, -0.4099,  0.8823,  0.1701],
         [ 0.0000,  0.0000,  0.0000,  1.0000]]], device='cuda:0',
       grad_fn=<CopySlices>)
0:02:24.489373 - loss orn tensor([5.9808e-06], device='cuda:0', grad_fn=<MinBackward0>)
0:02:24.489985 - loss xy tensor([0.0018], device='cuda:0', grad_fn=<MinBackward0>)
0:02:24.490596 - loss z tensor([0.0073], device='cuda:0', grad_fn=<MinBackward0>)
  0%|                                       | 0/1 [00:00<?, ?it/s, loss=0.00908]100%|███████████████████████████████| 1/1 [00:00<00:00,  4.48it/s, loss=0.00908]100%|███████████████████████████████| 1/1 [00:00<00:00,  4.47it/s, loss=0.00908]
0:02:24.262123 - saving /home/ubuntu/synthetic_pose_estimation/cosypose/local_data/experiments/bracket_assembly_debug_nut_nosym_coarse_noaug--938962 264
  0%|                                                     | 0/1 [00:00<?, ?it/s]0:02:24.677250 - iteration 0
0:02:24.720700 - outputs, {'pose': tensor([[-0.9398, -0.6766,  0.2701,  0.5386, -0.4461, -0.3779,  2.1366, -1.4899,
          0.6615]], device='cuda:0', grad_fn=<AddmmBackward0>)}
0:02:24.722335 - model_outputs {'pose': tensor([[-0.9398, -0.6766,  0.2701,  0.5386, -0.4461, -0.3779,  2.1366, -1.4899,
          0.6615]], device='cuda:0', grad_fn=<AddmmBackward0>)}
0:02:24.723105 - K crop tensor([[[1.7337e+03, 0.0000e+00, 2.5532e+02],
         [0.0000e+00, 1.7337e+03, 1.0336e+02],
         [0.0000e+00, 0.0000e+00, 1.0000e+00]]], device='cuda:0')
0:02:24.723943 - TCO_input tensor([[[ 1.0000,  0.0000,  0.0000, -0.0157],
         [ 0.0000,  1.0000,  0.0000,  0.0026],
         [ 0.0000,  0.0000,  1.0000,  0.2845],
         [ 0.0000,  0.0000,  0.0000,  1.0000]]], device='cuda:0')
0:02:24.725419 - model tco output tensor([[[-0.7903,  0.4454,  0.4207, -0.0102],
         [-0.5690, -0.7882, -0.2345,  0.0016],
         [ 0.2271, -0.4247,  0.8764,  0.1882],
         [ 0.0000,  0.0000,  0.0000,  1.0000]]], device='cuda:0',
       grad_fn=<CopySlices>)
0:02:24.763321 - Wrote debug data: /home/ubuntu/synthetic_pose_estimation/cosypose/local_data/debug_data/debug_iter=1.pth.tar
0:02:24.974779 - TCO_input tensor([[[ 1.0000,  0.0000,  0.0000, -0.0157],
         [ 0.0000,  1.0000,  0.0000,  0.0026],
         [ 0.0000,  0.0000,  1.0000,  0.2845],
         [ 0.0000,  0.0000,  0.0000,  1.0000]]], device='cuda:0')
0:02:24.975777 - vxvyvz tensor([[ 2.1366, -1.4899,  0.6615]], device='cuda:0',
       grad_fn=<SliceBackward0>)
0:02:24.976801 - dR tensor([[[-0.7903,  0.4454,  0.4207],
         [-0.5690, -0.7882, -0.2345],
         [ 0.2271, -0.4247,  0.8764]]], device='cuda:0',
       grad_fn=<StackBackward0>)
0:02:24.977704 - fxfy tensor([[1733.7081, 1733.7080]], device='cuda:0')
0:02:24.980165 - TCO_gt tensor([[[-0.7893,  0.4511,  0.4165, -0.0100],
         [-0.5688, -0.7927, -0.2192,  0.0062],
         [ 0.2313, -0.4099,  0.8823,  0.1920],
         [ 0.0000,  0.0000,  0.0000,  1.0000]]], device='cuda:0')
0:02:24.981080 - TCO pred_orn tensor([[[-0.7903,  0.4454,  0.4207, -0.0100],
         [-0.5690, -0.7882, -0.2345,  0.0062],
         [ 0.2271, -0.4247,  0.8764,  0.1920],
         [ 0.0000,  0.0000,  0.0000,  1.0000]]], device='cuda:0',
       grad_fn=<CopySlices>)
0:02:24.982002 - TCO pred_xy tensor([[[-0.7893,  0.4511,  0.4165, -0.0104],
         [-0.5688, -0.7927, -0.2192,  0.0016],
         [ 0.2313, -0.4099,  0.8823,  0.1920],
         [ 0.0000,  0.0000,  0.0000,  1.0000]]], device='cuda:0',
       grad_fn=<CopySlices>)
0:02:24.982916 - TCO pred_z tensor([[[-0.7893,  0.4511,  0.4165, -0.0100],
         [-0.5688, -0.7927, -0.2192,  0.0062],
         [ 0.2313, -0.4099,  0.8823,  0.1882],
         [ 0.0000,  0.0000,  0.0000,  1.0000]]], device='cuda:0',
       grad_fn=<CopySlices>)
0:02:24.983540 - loss orn tensor([6.5071e-05], device='cuda:0', grad_fn=<MinBackward0>)
0:02:24.984150 - loss xy tensor([0.0016], device='cuda:0', grad_fn=<MinBackward0>)
0:02:24.984775 - loss z tensor([0.0012], device='cuda:0', grad_fn=<MinBackward0>)
  0%|                                       | 0/1 [00:00<?, ?it/s, loss=0.00295]100%|███████████████████████████████| 1/1 [00:00<00:00,  4.65it/s, loss=0.00295]100%|███████████████████████████████| 1/1 [00:00<00:00,  4.64it/s, loss=0.00295]
0:02:24.753059 - saving /home/ubuntu/synthetic_pose_estimation/cosypose/local_data/experiments/bracket_assembly_debug_nut_nosym_coarse_noaug--938962 265
  0%|                                                     | 0/1 [00:00<?, ?it/s]0:02:25.168401 - iteration 0
0:02:25.212709 - outputs, {'pose': tensor([[-0.9498, -0.6884,  0.2766,  0.5461, -0.4562, -0.3775,  2.1696, -1.4970,
          0.6765]], device='cuda:0', grad_fn=<AddmmBackward0>)}
0:02:25.214381 - model_outputs {'pose': tensor([[-0.9498, -0.6884,  0.2766,  0.5461, -0.4562, -0.3775,  2.1696, -1.4970,
          0.6765]], device='cuda:0', grad_fn=<AddmmBackward0>)}
0:02:25.215156 - K crop tensor([[[1.6480e+03, 0.0000e+00, 2.7020e+02],
         [0.0000e+00, 1.6480e+03, 5.8876e+01],
         [0.0000e+00, 0.0000e+00, 1.0000e+00]]], device='cuda:0')
0:02:25.215997 - TCO_input tensor([[[ 1.0000,  0.0000,  0.0000, -0.0184],
         [ 0.0000,  1.0000,  0.0000,  0.0101],
         [ 0.0000,  0.0000,  1.0000,  0.2737],
         [ 0.0000,  0.0000,  0.0000,  1.0000]]], device='cuda:0')
0:02:25.216885 - model tco output tensor([[[-0.7881,  0.4505,  0.4194, -0.0122],
         [-0.5712, -0.7892, -0.2255,  0.0066],
         [ 0.2295, -0.4173,  0.8793,  0.1852],
         [ 0.0000,  0.0000,  0.0000,  1.0000]]], device='cuda:0',
       grad_fn=<CopySlices>)
0:02:25.255740 - Wrote debug data: /home/ubuntu/synthetic_pose_estimation/cosypose/local_data/debug_data/debug_iter=1.pth.tar
0:02:25.467245 - TCO_input tensor([[[ 1.0000,  0.0000,  0.0000, -0.0184],
         [ 0.0000,  1.0000,  0.0000,  0.0101],
         [ 0.0000,  0.0000,  1.0000,  0.2737],
         [ 0.0000,  0.0000,  0.0000,  1.0000]]], device='cuda:0')
0:02:25.468258 - vxvyvz tensor([[ 2.1696, -1.4970,  0.6765]], device='cuda:0',
       grad_fn=<SliceBackward0>)
0:02:25.469290 - dR tensor([[[-0.7881,  0.4505,  0.4194],
         [-0.5712, -0.7892, -0.2255],
         [ 0.2295, -0.4173,  0.8793]]], device='cuda:0',
       grad_fn=<StackBackward0>)
0:02:25.470152 - fxfy tensor([[1647.9725, 1647.9723]], device='cuda:0')
0:02:25.472646 - TCO_gt tensor([[[-0.7893,  0.4511,  0.4165, -0.0100],
         [-0.5688, -0.7927, -0.2192,  0.0062],
         [ 0.2313, -0.4099,  0.8823,  0.1920],
         [ 0.0000,  0.0000,  0.0000,  1.0000]]], device='cuda:0')
0:02:25.473599 - TCO pred_orn tensor([[[-0.7881,  0.4505,  0.4194, -0.0100],
         [-0.5712, -0.7892, -0.2255,  0.0062],
         [ 0.2295, -0.4173,  0.8793,  0.1920],
         [ 0.0000,  0.0000,  0.0000,  1.0000]]], device='cuda:0',
       grad_fn=<CopySlices>)
0:02:25.474518 - TCO pred_xy tensor([[[-0.7893,  0.4511,  0.4165, -0.0126],
         [-0.5688, -0.7927, -0.2192,  0.0069],
         [ 0.2313, -0.4099,  0.8823,  0.1920],
         [ 0.0000,  0.0000,  0.0000,  1.0000]]], device='cuda:0',
       grad_fn=<CopySlices>)
0:02:25.475426 - TCO pred_z tensor([[[-0.7893,  0.4511,  0.4165, -0.0100],
         [-0.5688, -0.7927, -0.2192,  0.0062],
         [ 0.2313, -0.4099,  0.8823,  0.1852],
         [ 0.0000,  0.0000,  0.0000,  1.0000]]], device='cuda:0',
       grad_fn=<CopySlices>)
0:02:25.476056 - loss orn tensor([3.0610e-05], device='cuda:0', grad_fn=<MinBackward0>)
0:02:25.476712 - loss xy tensor([0.0011], device='cuda:0', grad_fn=<MinBackward0>)
0:02:25.477365 - loss z tensor([0.0023], device='cuda:0', grad_fn=<MinBackward0>)
  0%|                                       | 0/1 [00:00<?, ?it/s, loss=0.00341]100%|███████████████████████████████| 1/1 [00:00<00:00,  4.57it/s, loss=0.00341]100%|███████████████████████████████| 1/1 [00:00<00:00,  4.56it/s, loss=0.00341]
0:02:25.240719 - saving /home/ubuntu/synthetic_pose_estimation/cosypose/local_data/experiments/bracket_assembly_debug_nut_nosym_coarse_noaug--938962 266
  0%|                                                     | 0/1 [00:00<?, ?it/s]0:02:25.655812 - iteration 0
0:02:25.699554 - outputs, {'pose': tensor([[-0.9485, -0.6815,  0.2644,  0.5480, -0.4558, -0.3754,  2.1719, -1.4929,
          0.6963]], device='cuda:0', grad_fn=<AddmmBackward0>)}
0:02:25.701272 - model_outputs {'pose': tensor([[-0.9485, -0.6815,  0.2644,  0.5480, -0.4558, -0.3754,  2.1719, -1.4929,
          0.6963]], device='cuda:0', grad_fn=<AddmmBackward0>)}
0:02:25.702049 - K crop tensor([[[1.9707e+03, 0.0000e+00, 2.2635e+02],
         [0.0000e+00, 1.9707e+03, 5.2809e+00],
         [0.0000e+00, 0.0000e+00, 1.0000e+00]]], device='cuda:0')
0:02:25.702873 - TCO_input tensor([[[ 1.0000,  0.0000,  0.0000, -0.0112],
         [ 0.0000,  1.0000,  0.0000,  0.0191],
         [ 0.0000,  0.0000,  1.0000,  0.3290],
         [ 0.0000,  0.0000,  0.0000,  1.0000]]], device='cuda:0')
0:02:25.703751 - model tco output tensor([[[-0.7921,  0.4507,  0.4117, -0.0075],
         [-0.5691, -0.7891, -0.2310,  0.0131],
         [ 0.2208, -0.4173,  0.8815,  0.2291],
         [ 0.0000,  0.0000,  0.0000,  1.0000]]], device='cuda:0',
       grad_fn=<CopySlices>)
0:02:25.743137 - Wrote debug data: /home/ubuntu/synthetic_pose_estimation/cosypose/local_data/debug_data/debug_iter=1.pth.tar
0:02:25.955345 - TCO_input tensor([[[ 1.0000,  0.0000,  0.0000, -0.0112],
         [ 0.0000,  1.0000,  0.0000,  0.0191],
         [ 0.0000,  0.0000,  1.0000,  0.3290],
         [ 0.0000,  0.0000,  0.0000,  1.0000]]], device='cuda:0')
0:02:25.956444 - vxvyvz tensor([[ 2.1719, -1.4929,  0.6963]], device='cuda:0',
       grad_fn=<SliceBackward0>)
0:02:25.957499 - dR tensor([[[-0.7921,  0.4507,  0.4117],
         [-0.5691, -0.7891, -0.2310],
         [ 0.2208, -0.4173,  0.8815]]], device='cuda:0',
       grad_fn=<StackBackward0>)
0:02:25.958396 - fxfy tensor([[1970.6587, 1970.6593]], device='cuda:0')
0:02:25.960916 - TCO_gt tensor([[[-0.7893,  0.4511,  0.4165, -0.0100],
         [-0.5688, -0.7927, -0.2192,  0.0062],
         [ 0.2313, -0.4099,  0.8823,  0.1920],
         [ 0.0000,  0.0000,  0.0000,  1.0000]]], device='cuda:0')
0:02:25.961833 - TCO pred_orn tensor([[[-0.7921,  0.4507,  0.4117, -0.0100],
         [-0.5691, -0.7891, -0.2310,  0.0062],
         [ 0.2208, -0.4173,  0.8815,  0.1920],
         [ 0.0000,  0.0000,  0.0000,  1.0000]]], device='cuda:0',
       grad_fn=<CopySlices>)
0:02:25.962746 - TCO pred_xy tensor([[[-0.7893,  0.4511,  0.4165, -0.0063],
         [-0.5688, -0.7927, -0.2192,  0.0110],
         [ 0.2313, -0.4099,  0.8823,  0.1920],
         [ 0.0000,  0.0000,  0.0000,  1.0000]]], device='cuda:0',
       grad_fn=<CopySlices>)
0:02:25.963661 - TCO pred_z tensor([[[-0.7893,  0.4511,  0.4165, -0.0100],
         [-0.5688, -0.7927, -0.2192,  0.0062],
         [ 0.2313, -0.4099,  0.8823,  0.2291],
         [ 0.0000,  0.0000,  0.0000,  1.0000]]], device='cuda:0',
       grad_fn=<CopySlices>)
0:02:25.964316 - loss orn tensor([5.0859e-05], device='cuda:0', grad_fn=<MinBackward0>)
0:02:25.964943 - loss xy tensor([0.0028], device='cuda:0', grad_fn=<MinBackward0>)
0:02:25.965587 - loss z tensor([0.0124], device='cuda:0', grad_fn=<MinBackward0>)
  0%|                                        | 0/1 [00:00<?, ?it/s, loss=0.0153]100%|████████████████████████████████| 1/1 [00:00<00:00,  4.59it/s, loss=0.0153]100%|████████████████████████████████| 1/1 [00:00<00:00,  4.58it/s, loss=0.0153]
0:02:25.738144 - saving /home/ubuntu/synthetic_pose_estimation/cosypose/local_data/experiments/bracket_assembly_debug_nut_nosym_coarse_noaug--938962 267
  0%|                                                     | 0/1 [00:00<?, ?it/s]0:02:26.153358 - iteration 0
0:02:26.198230 - outputs, {'pose': tensor([[-0.9502, -0.6865,  0.2785,  0.5474, -0.4547, -0.3718,  2.1849, -1.5018,
          0.7028]], device='cuda:0', grad_fn=<AddmmBackward0>)}
0:02:26.199971 - model_outputs {'pose': tensor([[-0.9502, -0.6865,  0.2785,  0.5474, -0.4547, -0.3718,  2.1849, -1.5018,
          0.7028]], device='cuda:0', grad_fn=<AddmmBackward0>)}
0:02:26.200816 - K crop tensor([[[1.8527e+03, 0.0000e+00, 2.5041e+02],
         [0.0000e+00, 1.8527e+03, 1.1618e+02],
         [0.0000e+00, 0.0000e+00, 1.0000e+00]]], device='cuda:0')
0:02:26.201725 - TCO_input tensor([[[ 1.0000e+00,  0.0000e+00,  0.0000e+00, -1.4856e-02],
         [ 0.0000e+00,  1.0000e+00,  0.0000e+00,  5.4181e-04],
         [ 0.0000e+00,  0.0000e+00,  1.0000e+00,  3.0276e-01],
         [ 0.0000e+00,  0.0000e+00,  0.0000e+00,  1.0000e+00]]],
       device='cuda:0')
0:02:26.203375 - model tco output tensor([[[-7.8862e-01,  4.5188e-01,  4.1699e-01, -1.0190e-02],
         [-5.6977e-01, -7.9201e-01, -2.1927e-01,  2.0832e-04],
         [ 2.3118e-01, -4.1051e-01,  8.8207e-01,  2.1279e-01],
         [ 0.0000e+00,  0.0000e+00,  0.0000e+00,  1.0000e+00]]],
       device='cuda:0', grad_fn=<CopySlices>)
0:02:26.242487 - Wrote debug data: /home/ubuntu/synthetic_pose_estimation/cosypose/local_data/debug_data/debug_iter=1.pth.tar
0:02:26.458915 - TCO_input tensor([[[ 1.0000e+00,  0.0000e+00,  0.0000e+00, -1.4856e-02],
         [ 0.0000e+00,  1.0000e+00,  0.0000e+00,  5.4181e-04],
         [ 0.0000e+00,  0.0000e+00,  1.0000e+00,  3.0276e-01],
         [ 0.0000e+00,  0.0000e+00,  0.0000e+00,  1.0000e+00]]],
       device='cuda:0')
0:02:26.460248 - vxvyvz tensor([[ 2.1849, -1.5018,  0.7028]], device='cuda:0',
       grad_fn=<SliceBackward0>)
0:02:26.461574 - dR tensor([[[-0.7886,  0.4519,  0.4170],
         [-0.5698, -0.7920, -0.2193],
         [ 0.2312, -0.4105,  0.8821]]], device='cuda:0',
       grad_fn=<StackBackward0>)
0:02:26.462678 - fxfy tensor([[1852.7037, 1852.7040]], device='cuda:0')
0:02:26.465824 - TCO_gt tensor([[[-0.7893,  0.4511,  0.4165, -0.0100],
         [-0.5688, -0.7927, -0.2192,  0.0062],
         [ 0.2313, -0.4099,  0.8823,  0.1920],
         [ 0.0000,  0.0000,  0.0000,  1.0000]]], device='cuda:0')
0:02:26.467014 - TCO pred_orn tensor([[[-0.7886,  0.4519,  0.4170, -0.0100],
         [-0.5698, -0.7920, -0.2193,  0.0062],
         [ 0.2312, -0.4105,  0.8821,  0.1920],
         [ 0.0000,  0.0000,  0.0000,  1.0000]]], device='cuda:0',
       grad_fn=<CopySlices>)
0:02:26.468141 - TCO pred_xy tensor([[[-7.8929e-01,  4.5115e-01,  4.1651e-01, -9.1931e-03],
         [-5.6879e-01, -7.9274e-01, -2.1920e-01,  1.8793e-04],
         [ 2.3129e-01, -4.0992e-01,  8.8231e-01,  1.9197e-01],
         [ 0.0000e+00,  0.0000e+00,  0.0000e+00,  1.0000e+00]]],
       device='cuda:0', grad_fn=<CopySlices>)
0:02:26.469327 - TCO pred_z tensor([[[-0.7893,  0.4511,  0.4165, -0.0100],
         [-0.5688, -0.7927, -0.2192,  0.0062],
         [ 0.2313, -0.4099,  0.8823,  0.2128],
         [ 0.0000,  0.0000,  0.0000,  1.0000]]], device='cuda:0',
       grad_fn=<CopySlices>)
0:02:26.470122 - loss orn tensor([5.6272e-06], device='cuda:0', grad_fn=<MinBackward0>)
0:02:26.470879 - loss xy tensor([0.0023], device='cuda:0', grad_fn=<MinBackward0>)
0:02:26.471498 - loss z tensor([0.0069], device='cuda:0', grad_fn=<MinBackward0>)
  0%|                                       | 0/1 [00:00<?, ?it/s, loss=0.00921]100%|███████████████████████████████| 1/1 [00:00<00:00,  4.41it/s, loss=0.00921]100%|███████████████████████████████| 1/1 [00:00<00:00,  4.40it/s, loss=0.00921]
0:02:26.256299 - saving /home/ubuntu/synthetic_pose_estimation/cosypose/local_data/experiments/bracket_assembly_debug_nut_nosym_coarse_noaug--938962 268
  0%|                                                     | 0/1 [00:00<?, ?it/s]0:02:26.671499 - iteration 0
0:02:26.718700 - outputs, {'pose': tensor([[-0.9571, -0.6698,  0.2848,  0.5565, -0.4663, -0.3693,  2.1979, -1.5038,
          0.7157]], device='cuda:0', grad_fn=<AddmmBackward0>)}
0:02:26.720488 - model_outputs {'pose': tensor([[-0.9571, -0.6698,  0.2848,  0.5565, -0.4663, -0.3693,  2.1979, -1.5038,
          0.7157]], device='cuda:0', grad_fn=<AddmmBackward0>)}
0:02:26.721356 - K crop tensor([[[1.9372e+03, 0.0000e+00, 2.8634e+02],
         [0.0000e+00, 1.9372e+03, 4.8005e+01],
         [0.0000e+00, 0.0000e+00, 1.0000e+00]]], device='cuda:0')
0:02:26.722301 - TCO_input tensor([[[ 1.0000,  0.0000,  0.0000, -0.0210],
         [ 0.0000,  1.0000,  0.0000,  0.0118],
         [ 0.0000,  0.0000,  1.0000,  0.3208],
         [ 0.0000,  0.0000,  0.0000,  1.0000]]], device='cuda:0')
0:02:26.723274 - model tco output tensor([[[-0.7960,  0.4439,  0.4115, -0.0148],
         [-0.5570, -0.8032, -0.2111,  0.0083],
         [ 0.2368, -0.3972,  0.8866,  0.2296],
         [ 0.0000,  0.0000,  0.0000,  1.0000]]], device='cuda:0',
       grad_fn=<CopySlices>)
0:02:26.762175 - Wrote debug data: /home/ubuntu/synthetic_pose_estimation/cosypose/local_data/debug_data/debug_iter=1.pth.tar
0:02:26.977001 - TCO_input tensor([[[ 1.0000,  0.0000,  0.0000, -0.0210],
         [ 0.0000,  1.0000,  0.0000,  0.0118],
         [ 0.0000,  0.0000,  1.0000,  0.3208],
         [ 0.0000,  0.0000,  0.0000,  1.0000]]], device='cuda:0')
0:02:26.978098 - vxvyvz tensor([[ 2.1979, -1.5038,  0.7157]], device='cuda:0',
       grad_fn=<SliceBackward0>)
0:02:26.979129 - dR tensor([[[-0.7960,  0.4439,  0.4115],
         [-0.5570, -0.8032, -0.2111],
         [ 0.2368, -0.3972,  0.8866]]], device='cuda:0',
       grad_fn=<StackBackward0>)
0:02:26.980031 - fxfy tensor([[1937.2380, 1937.2378]], device='cuda:0')
0:02:26.982615 - TCO_gt tensor([[[-0.7893,  0.4511,  0.4165, -0.0100],
         [-0.5688, -0.7927, -0.2192,  0.0062],
         [ 0.2313, -0.4099,  0.8823,  0.1920],
         [ 0.0000,  0.0000,  0.0000,  1.0000]]], device='cuda:0')
0:02:26.983567 - TCO pred_orn tensor([[[-0.7960,  0.4439,  0.4115, -0.0100],
         [-0.5570, -0.8032, -0.2111,  0.0062],
         [ 0.2368, -0.3972,  0.8866,  0.1920],
         [ 0.0000,  0.0000,  0.0000,  1.0000]]], device='cuda:0',
       grad_fn=<CopySlices>)
0:02:26.984507 - TCO pred_xy tensor([[[-0.7893,  0.4511,  0.4165, -0.0124],
         [-0.5688, -0.7927, -0.2192,  0.0069],
         [ 0.2313, -0.4099,  0.8823,  0.1920],
         [ 0.0000,  0.0000,  0.0000,  1.0000]]], device='cuda:0',
       grad_fn=<CopySlices>)
0:02:26.985469 - TCO pred_z tensor([[[-0.7893,  0.4511,  0.4165, -0.0100],
         [-0.5688, -0.7927, -0.2192,  0.0062],
         [ 0.2313, -0.4099,  0.8823,  0.2296],
         [ 0.0000,  0.0000,  0.0000,  1.0000]]], device='cuda:0',
       grad_fn=<CopySlices>)
0:02:26.986150 - loss orn tensor([8.0011e-05], device='cuda:0', grad_fn=<MinBackward0>)
0:02:26.986809 - loss xy tensor([0.0010], device='cuda:0', grad_fn=<MinBackward0>)
0:02:26.987457 - loss z tensor([0.0125], device='cuda:0', grad_fn=<MinBackward0>)
  0%|                                        | 0/1 [00:00<?, ?it/s, loss=0.0137]100%|████████████████████████████████| 1/1 [00:00<00:00,  4.48it/s, loss=0.0137]100%|████████████████████████████████| 1/1 [00:00<00:00,  4.47it/s, loss=0.0137]
0:02:26.751417 - saving /home/ubuntu/synthetic_pose_estimation/cosypose/local_data/experiments/bracket_assembly_debug_nut_nosym_coarse_noaug--938962 269
  0%|                                                     | 0/1 [00:00<?, ?it/s]0:02:27.166756 - iteration 0
0:02:27.210653 - outputs, {'pose': tensor([[-0.9572, -0.6734,  0.2821,  0.5676, -0.4687, -0.3649,  2.2119, -1.5136,
          0.7248]], device='cuda:0', grad_fn=<AddmmBackward0>)}
0:02:27.212366 - model_outputs {'pose': tensor([[-0.9572, -0.6734,  0.2821,  0.5676, -0.4687, -0.3649,  2.2119, -1.5136,
          0.7248]], device='cuda:0', grad_fn=<AddmmBackward0>)}
0:02:27.213221 - K crop tensor([[[1.7023e+03, 0.0000e+00, 3.0185e+02],
         [0.0000e+00, 1.7023e+03, 4.4068e+01],
         [0.0000e+00, 0.0000e+00, 1.0000e+00]]], device='cuda:0')
0:02:27.214157 - TCO_input tensor([[[ 1.0000,  0.0000,  0.0000, -0.0237],
         [ 0.0000,  1.0000,  0.0000,  0.0126],
         [ 0.0000,  0.0000,  1.0000,  0.2834],
         [ 0.0000,  0.0000,  0.0000,  1.0000]]], device='cuda:0')
0:02:27.215728 - model tco output tensor([[[-0.7951,  0.4510,  0.4055, -0.0169],
         [-0.5594, -0.8037, -0.2030,  0.0089],
         [ 0.2343, -0.3882,  0.8913,  0.2054],
         [ 0.0000,  0.0000,  0.0000,  1.0000]]], device='cuda:0',
       grad_fn=<CopySlices>)
0:02:27.256519 - Wrote debug data: /home/ubuntu/synthetic_pose_estimation/cosypose/local_data/debug_data/debug_iter=1.pth.tar
0:02:27.468066 - TCO_input tensor([[[ 1.0000,  0.0000,  0.0000, -0.0237],
         [ 0.0000,  1.0000,  0.0000,  0.0126],
         [ 0.0000,  0.0000,  1.0000,  0.2834],
         [ 0.0000,  0.0000,  0.0000,  1.0000]]], device='cuda:0')
0:02:27.469114 - vxvyvz tensor([[ 2.2119, -1.5136,  0.7248]], device='cuda:0',
       grad_fn=<SliceBackward0>)
0:02:27.470175 - dR tensor([[[-0.7951,  0.4510,  0.4055],
         [-0.5594, -0.8037, -0.2030],
         [ 0.2343, -0.3882,  0.8913]]], device='cuda:0',
       grad_fn=<StackBackward0>)
0:02:27.471105 - fxfy tensor([[1702.3494, 1702.3492]], device='cuda:0')
0:02:27.473687 - TCO_gt tensor([[[-0.7893,  0.4511,  0.4165, -0.0100],
         [-0.5688, -0.7927, -0.2192,  0.0062],
         [ 0.2313, -0.4099,  0.8823,  0.1920],
         [ 0.0000,  0.0000,  0.0000,  1.0000]]], device='cuda:0')
0:02:27.474651 - TCO pred_orn tensor([[[-0.7951,  0.4510,  0.4055, -0.0100],
         [-0.5594, -0.8037, -0.2030,  0.0062],
         [ 0.2343, -0.3882,  0.8913,  0.1920],
         [ 0.0000,  0.0000,  0.0000,  1.0000]]], device='cuda:0',
       grad_fn=<CopySlices>)
0:02:27.475598 - TCO pred_xy tensor([[[-0.7893,  0.4511,  0.4165, -0.0158],
         [-0.5688, -0.7927, -0.2192,  0.0083],
         [ 0.2313, -0.4099,  0.8823,  0.1920],
         [ 0.0000,  0.0000,  0.0000,  1.0000]]], device='cuda:0',
       grad_fn=<CopySlices>)
0:02:27.476524 - TCO pred_z tensor([[[-0.7893,  0.4511,  0.4165, -0.0100],
         [-0.5688, -0.7927, -0.2192,  0.0062],
         [ 0.2313, -0.4099,  0.8823,  0.2054],
         [ 0.0000,  0.0000,  0.0000,  1.0000]]], device='cuda:0',
       grad_fn=<CopySlices>)
0:02:27.477208 - loss orn tensor([9.4795e-05], device='cuda:0', grad_fn=<MinBackward0>)
0:02:27.477936 - loss xy tensor([0.0027], device='cuda:0', grad_fn=<MinBackward0>)
0:02:27.478597 - loss z tensor([0.0045], device='cuda:0', grad_fn=<MinBackward0>)
  0%|                                       | 0/1 [00:00<?, ?it/s, loss=0.00723]100%|███████████████████████████████| 1/1 [00:00<00:00,  4.52it/s, loss=0.00723]100%|███████████████████████████████| 1/1 [00:00<00:00,  4.51it/s, loss=0.00723]
  0%|                                                     | 0/1 [00:00<?, ?it/s]0:02:27.387951 - iteration 0
0:02:27.424194 - outputs, {'pose': tensor([[-0.0642, -0.0054,  0.0027,  0.1512,  0.0229, -0.0972,  0.2759, -0.1715,
          0.1671]], device='cuda:0')}
0:02:27.425642 - model_outputs {'pose': tensor([[-0.0642, -0.0054,  0.0027,  0.1512,  0.0229, -0.0972,  0.2759, -0.1715,
          0.1671]], device='cuda:0')}
0:02:27.426389 - K crop tensor([[[1.7313e+03, 0.0000e+00, 2.9664e+02],
         [0.0000e+00, 1.7313e+03, 7.0900e+01],
         [0.0000e+00, 0.0000e+00, 1.0000e+00]]], device='cuda:0')
0:02:27.427224 - TCO_input tensor([[[ 1.0000,  0.0000,  0.0000, -0.0227],
         [ 0.0000,  1.0000,  0.0000,  0.0080],
         [ 0.0000,  0.0000,  1.0000,  0.2863],
         [ 0.0000,  0.0000,  0.0000,  1.0000]]], device='cuda:0')
0:02:27.428114 - model tco output tensor([[[-0.9956, -0.0503,  0.0792, -0.0038],
         [-0.0842,  0.1062, -0.9908,  0.0013],
         [ 0.0414, -0.9931, -0.1099,  0.0478],
         [ 0.0000,  0.0000,  0.0000,  1.0000]]], device='cuda:0')
0:02:27.466366 - Wrote debug data: /home/ubuntu/synthetic_pose_estimation/cosypose/local_data/debug_data/debug_iter=1.pth.tar
0:02:27.679355 - TCO_input tensor([[[ 1.0000,  0.0000,  0.0000, -0.0227],
         [ 0.0000,  1.0000,  0.0000,  0.0080],
         [ 0.0000,  0.0000,  1.0000,  0.2863],
         [ 0.0000,  0.0000,  0.0000,  1.0000]]], device='cuda:0')
0:02:27.680266 - vxvyvz tensor([[ 0.2759, -0.1715,  0.1671]], device='cuda:0')
0:02:27.681273 - dR tensor([[[-0.9956, -0.0503,  0.0792],
         [-0.0842,  0.1062, -0.9908],
         [ 0.0414, -0.9931, -0.1099]]], device='cuda:0')
0:02:27.682103 - fxfy tensor([[1731.2924, 1731.2924]], device='cuda:0')
0:02:27.684400 - TCO_gt tensor([[[-0.7893,  0.4511,  0.4165, -0.0100],
         [-0.5688, -0.7927, -0.2192,  0.0062],
         [ 0.2313, -0.4099,  0.8823,  0.1920],
         [ 0.0000,  0.0000,  0.0000,  1.0000]]], device='cuda:0')
0:02:27.685316 - TCO pred_orn tensor([[[-0.9956, -0.0503,  0.0792, -0.0100],
         [-0.0842,  0.1062, -0.9908,  0.0062],
         [ 0.0414, -0.9931, -0.1099,  0.1920],
         [ 0.0000,  0.0000,  0.0000,  1.0000]]], device='cuda:0')
0:02:27.686208 - TCO pred_xy tensor([[[-0.7893,  0.4511,  0.4165, -0.0152],
         [-0.5688, -0.7927, -0.2192,  0.0054],
         [ 0.2313, -0.4099,  0.8823,  0.1920],
         [ 0.0000,  0.0000,  0.0000,  1.0000]]], device='cuda:0')
0:02:27.687082 - TCO pred_z tensor([[[-0.7893,  0.4511,  0.4165, -0.0100],
         [-0.5688, -0.7927, -0.2192,  0.0062],
         [ 0.2313, -0.4099,  0.8823,  0.0478],
         [ 0.0000,  0.0000,  0.0000,  1.0000]]], device='cuda:0')
0:02:27.687709 - loss orn tensor([0.0049], device='cuda:0')
0:02:27.688318 - loss xy tensor([0.0020], device='cuda:0')
0:02:27.688939 - loss z tensor([0.0480], device='cuda:0')
100%|█████████████████████████████████████████████| 1/1 [00:00<00:00,  8.35it/s]100%|█████████████████████████████████████████████| 1/1 [00:00<00:00,  8.32it/s]
0:02:27.362505 - saving /home/ubuntu/synthetic_pose_estimation/cosypose/local_data/experiments/bracket_assembly_debug_nut_nosym_coarse_noaug--938962 270
  0%|                                                     | 0/1 [00:00<?, ?it/s]0:02:27.774355 - iteration 0
0:02:27.818374 - outputs, {'pose': tensor([[-0.9508, -0.6754,  0.2847,  0.5686, -0.4681, -0.3663,  2.2201, -1.5128,
          0.7171]], device='cuda:0', grad_fn=<AddmmBackward0>)}
0:02:27.820037 - model_outputs {'pose': tensor([[-0.9508, -0.6754,  0.2847,  0.5686, -0.4681, -0.3663,  2.2201, -1.5128,
          0.7171]], device='cuda:0', grad_fn=<AddmmBackward0>)}
0:02:27.820818 - K crop tensor([[[1.6468e+03, 0.0000e+00, 2.9059e+02],
         [0.0000e+00, 1.6468e+03, 6.1701e+01],
         [0.0000e+00, 0.0000e+00, 1.0000e+00]]], device='cuda:0')
0:02:27.821685 - TCO_input tensor([[[ 1.0000,  0.0000,  0.0000, -0.0218],
         [ 0.0000,  1.0000,  0.0000,  0.0096],
         [ 0.0000,  0.0000,  1.0000,  0.2734],
         [ 0.0000,  0.0000,  0.0000,  1.0000]]], device='cuda:0')
0:02:27.822568 - model tco output tensor([[[-0.7920,  0.4535,  0.4088, -0.0153],
         [-0.5626, -0.8021, -0.2001,  0.0067],
         [ 0.2371, -0.3885,  0.8904,  0.1960],
         [ 0.0000,  0.0000,  0.0000,  1.0000]]], device='cuda:0',
       grad_fn=<CopySlices>)
0:02:27.861617 - Wrote debug data: /home/ubuntu/synthetic_pose_estimation/cosypose/local_data/debug_data/debug_iter=1.pth.tar
0:02:28.071837 - TCO_input tensor([[[ 1.0000,  0.0000,  0.0000, -0.0218],
         [ 0.0000,  1.0000,  0.0000,  0.0096],
         [ 0.0000,  0.0000,  1.0000,  0.2734],
         [ 0.0000,  0.0000,  0.0000,  1.0000]]], device='cuda:0')
0:02:28.072888 - vxvyvz tensor([[ 2.2201, -1.5128,  0.7171]], device='cuda:0',
       grad_fn=<SliceBackward0>)
0:02:28.073954 - dR tensor([[[-0.7920,  0.4535,  0.4088],
         [-0.5626, -0.8021, -0.2001],
         [ 0.2371, -0.3885,  0.8904]]], device='cuda:0',
       grad_fn=<StackBackward0>)
0:02:28.074801 - fxfy tensor([[1646.8357, 1646.8357]], device='cuda:0')
0:02:28.077285 - TCO_gt tensor([[[-0.7893,  0.4511,  0.4165, -0.0100],
         [-0.5688, -0.7927, -0.2192,  0.0062],
         [ 0.2313, -0.4099,  0.8823,  0.1920],
         [ 0.0000,  0.0000,  0.0000,  1.0000]]], device='cuda:0')
0:02:28.078194 - TCO pred_orn tensor([[[-0.7920,  0.4535,  0.4088, -0.0100],
         [-0.5626, -0.8021, -0.2001,  0.0062],
         [ 0.2371, -0.3885,  0.8904,  0.1920],
         [ 0.0000,  0.0000,  0.0000,  1.0000]]], device='cuda:0',
       grad_fn=<CopySlices>)
0:02:28.079091 - TCO pred_xy tensor([[[-0.7893,  0.4511,  0.4165, -0.0150],
         [-0.5688, -0.7927, -0.2192,  0.0066],
         [ 0.2313, -0.4099,  0.8823,  0.1920],
         [ 0.0000,  0.0000,  0.0000,  1.0000]]], device='cuda:0',
       grad_fn=<CopySlices>)
0:02:28.079981 - TCO pred_z tensor([[[-0.7893,  0.4511,  0.4165, -0.0100],
         [-0.5688, -0.7927, -0.2192,  0.0062],
         [ 0.2313, -0.4099,  0.8823,  0.1960],
         [ 0.0000,  0.0000,  0.0000,  1.0000]]], device='cuda:0',
       grad_fn=<CopySlices>)
0:02:28.080606 - loss orn tensor([8.7953e-05], device='cuda:0', grad_fn=<MinBackward0>)
0:02:28.081267 - loss xy tensor([0.0018], device='cuda:0', grad_fn=<MinBackward0>)
0:02:28.081880 - loss z tensor([0.0014], device='cuda:0', grad_fn=<MinBackward0>)
  0%|                                       | 0/1 [00:00<?, ?it/s, loss=0.00324]100%|███████████████████████████████| 1/1 [00:00<00:00,  4.74it/s, loss=0.00324]100%|███████████████████████████████| 1/1 [00:00<00:00,  4.73it/s, loss=0.00324]
0:02:27.835226 - saving /home/ubuntu/synthetic_pose_estimation/cosypose/local_data/experiments/bracket_assembly_debug_nut_nosym_coarse_noaug--938962 271
  0%|                                                     | 0/1 [00:00<?, ?it/s]0:02:28.250347 - iteration 0
0:02:28.293117 - outputs, {'pose': tensor([[-0.9485, -0.6797,  0.2850,  0.5608, -0.4686, -0.3713,  2.2403, -1.5254,
          0.7191]], device='cuda:0', grad_fn=<AddmmBackward0>)}
0:02:28.294648 - model_outputs {'pose': tensor([[-0.9485, -0.6797,  0.2850,  0.5608, -0.4686, -0.3713,  2.2403, -1.5254,
          0.7191]], device='cuda:0', grad_fn=<AddmmBackward0>)}
0:02:28.295410 - K crop tensor([[[1.6322e+03, 0.0000e+00, 2.7016e+02],
         [0.0000e+00, 1.6322e+03, 1.5080e+01],
         [0.0000e+00, 0.0000e+00, 1.0000e+00]]], device='cuda:0')
0:02:28.296240 - TCO_input tensor([[[ 1.0000,  0.0000,  0.0000, -0.0186],
         [ 0.0000,  1.0000,  0.0000,  0.0175],
         [ 0.0000,  0.0000,  1.0000,  0.2741],
         [ 0.0000,  0.0000,  0.0000,  1.0000]]], device='cuda:0')
0:02:28.297148 - model tco output tensor([[[-0.7896,  0.4525,  0.4143, -0.0131],
         [-0.5658, -0.7983, -0.2065,  0.0124],
         [ 0.2373, -0.3975,  0.8864,  0.1971],
         [ 0.0000,  0.0000,  0.0000,  1.0000]]], device='cuda:0',
       grad_fn=<CopySlices>)
0:02:28.338277 - Wrote debug data: /home/ubuntu/synthetic_pose_estimation/cosypose/local_data/debug_data/debug_iter=1.pth.tar
0:02:28.548035 - TCO_input tensor([[[ 1.0000,  0.0000,  0.0000, -0.0186],
         [ 0.0000,  1.0000,  0.0000,  0.0175],
         [ 0.0000,  0.0000,  1.0000,  0.2741],
         [ 0.0000,  0.0000,  0.0000,  1.0000]]], device='cuda:0')
0:02:28.548990 - vxvyvz tensor([[ 2.2403, -1.5254,  0.7191]], device='cuda:0',
       grad_fn=<SliceBackward0>)
0:02:28.549975 - dR tensor([[[-0.7896,  0.4525,  0.4143],
         [-0.5658, -0.7983, -0.2065],
         [ 0.2373, -0.3975,  0.8864]]], device='cuda:0',
       grad_fn=<StackBackward0>)
0:02:28.550831 - fxfy tensor([[1632.2201, 1632.2197]], device='cuda:0')
0:02:28.553323 - TCO_gt tensor([[[-0.7893,  0.4511,  0.4165, -0.0100],
         [-0.5688, -0.7927, -0.2192,  0.0062],
         [ 0.2313, -0.4099,  0.8823,  0.1920],
         [ 0.0000,  0.0000,  0.0000,  1.0000]]], device='cuda:0')
0:02:28.554237 - TCO pred_orn tensor([[[-0.7896,  0.4525,  0.4143, -0.0100],
         [-0.5658, -0.7983, -0.2065,  0.0062],
         [ 0.2373, -0.3975,  0.8864,  0.1920],
         [ 0.0000,  0.0000,  0.0000,  1.0000]]], device='cuda:0',
       grad_fn=<CopySlices>)
0:02:28.555121 - TCO pred_xy tensor([[[-0.7893,  0.4511,  0.4165, -0.0128],
         [-0.5688, -0.7927, -0.2192,  0.0121],
         [ 0.2313, -0.4099,  0.8823,  0.1920],
         [ 0.0000,  0.0000,  0.0000,  1.0000]]], device='cuda:0',
       grad_fn=<CopySlices>)
0:02:28.556017 - TCO pred_z tensor([[[-0.7893,  0.4511,  0.4165, -0.0100],
         [-0.5688, -0.7927, -0.2192,  0.0062],
         [ 0.2313, -0.4099,  0.8823,  0.1971],
         [ 0.0000,  0.0000,  0.0000,  1.0000]]], device='cuda:0',
       grad_fn=<CopySlices>)
0:02:28.556645 - loss orn tensor([5.0409e-05], device='cuda:0', grad_fn=<MinBackward0>)
0:02:28.557315 - loss xy tensor([0.0029], device='cuda:0', grad_fn=<MinBackward0>)
0:02:28.557921 - loss z tensor([0.0017], device='cuda:0', grad_fn=<MinBackward0>)
  0%|                                       | 0/1 [00:00<?, ?it/s, loss=0.00466]100%|███████████████████████████████| 1/1 [00:00<00:00,  4.66it/s, loss=0.00466]100%|███████████████████████████████| 1/1 [00:00<00:00,  4.65it/s, loss=0.00466]
0:02:28.306819 - saving /home/ubuntu/synthetic_pose_estimation/cosypose/local_data/experiments/bracket_assembly_debug_nut_nosym_coarse_noaug--938962 272
  0%|                                                     | 0/1 [00:00<?, ?it/s]0:02:28.721821 - iteration 0
0:02:28.765785 - outputs, {'pose': tensor([[-0.9511, -0.6866,  0.2781,  0.5579, -0.4651, -0.3812,  2.2601, -1.5488,
          0.7156]], device='cuda:0', grad_fn=<AddmmBackward0>)}
0:02:28.767480 - model_outputs {'pose': tensor([[-0.9511, -0.6866,  0.2781,  0.5579, -0.4651, -0.3812,  2.2601, -1.5488,
          0.7156]], device='cuda:0', grad_fn=<AddmmBackward0>)}
0:02:28.768278 - K crop tensor([[[1.5696e+03, 0.0000e+00, 2.6889e+02],
         [0.0000e+00, 1.5696e+03, 2.2801e+01],
         [0.0000e+00, 0.0000e+00, 1.0000e+00]]], device='cuda:0')
0:02:28.769135 - TCO_input tensor([[[ 1.0000,  0.0000,  0.0000, -0.0184],
         [ 0.0000,  1.0000,  0.0000,  0.0162],
         [ 0.0000,  0.0000,  1.0000,  0.2636],
         [ 0.0000,  0.0000,  0.0000,  1.0000]]], device='cuda:0')
0:02:28.770629 - model tco output tensor([[[-0.7889,  0.4508,  0.4175, -0.0129],
         [-0.5695, -0.7916, -0.2215,  0.0114],
         [ 0.2307, -0.4125,  0.8813,  0.1886],
         [ 0.0000,  0.0000,  0.0000,  1.0000]]], device='cuda:0',
       grad_fn=<CopySlices>)
0:02:28.811608 - Wrote debug data: /home/ubuntu/synthetic_pose_estimation/cosypose/local_data/debug_data/debug_iter=1.pth.tar
0:02:29.023273 - TCO_input tensor([[[ 1.0000,  0.0000,  0.0000, -0.0184],
         [ 0.0000,  1.0000,  0.0000,  0.0162],
         [ 0.0000,  0.0000,  1.0000,  0.2636],
         [ 0.0000,  0.0000,  0.0000,  1.0000]]], device='cuda:0')
0:02:29.024335 - vxvyvz tensor([[ 2.2601, -1.5488,  0.7156]], device='cuda:0',
       grad_fn=<SliceBackward0>)
0:02:29.025390 - dR tensor([[[-0.7889,  0.4508,  0.4175],
         [-0.5695, -0.7916, -0.2215],
         [ 0.2307, -0.4125,  0.8813]]], device='cuda:0',
       grad_fn=<StackBackward0>)
0:02:29.026272 - fxfy tensor([[1569.6021, 1569.6023]], device='cuda:0')
0:02:29.028765 - TCO_gt tensor([[[-0.7893,  0.4511,  0.4165, -0.0100],
         [-0.5688, -0.7927, -0.2192,  0.0062],
         [ 0.2313, -0.4099,  0.8823,  0.1920],
         [ 0.0000,  0.0000,  0.0000,  1.0000]]], device='cuda:0')
0:02:29.029721 - TCO pred_orn tensor([[[-0.7889,  0.4508,  0.4175, -0.0100],
         [-0.5695, -0.7916, -0.2215,  0.0062],
         [ 0.2307, -0.4125,  0.8813,  0.1920],
         [ 0.0000,  0.0000,  0.0000,  1.0000]]], device='cuda:0',
       grad_fn=<CopySlices>)
0:02:29.030655 - TCO pred_xy tensor([[[-0.7893,  0.4511,  0.4165, -0.0131],
         [-0.5688, -0.7927, -0.2192,  0.0116],
         [ 0.2313, -0.4099,  0.8823,  0.1920],
         [ 0.0000,  0.0000,  0.0000,  1.0000]]], device='cuda:0',
       grad_fn=<CopySlices>)
0:02:29.031552 - TCO pred_z tensor([[[-0.7893,  0.4511,  0.4165, -0.0100],
         [-0.5688, -0.7927, -0.2192,  0.0062],
         [ 0.2313, -0.4099,  0.8823,  0.1886],
         [ 0.0000,  0.0000,  0.0000,  1.0000]]], device='cuda:0',
       grad_fn=<CopySlices>)
0:02:29.032181 - loss orn tensor([1.0911e-05], device='cuda:0', grad_fn=<MinBackward0>)
0:02:29.032794 - loss xy tensor([0.0029], device='cuda:0', grad_fn=<MinBackward0>)
0:02:29.033439 - loss z tensor([0.0011], device='cuda:0', grad_fn=<MinBackward0>)
  0%|                                       | 0/1 [00:00<?, ?it/s, loss=0.00398]100%|███████████████████████████████| 1/1 [00:00<00:00,  4.55it/s, loss=0.00398]100%|███████████████████████████████| 1/1 [00:00<00:00,  4.54it/s, loss=0.00398]
0:02:28.787356 - saving /home/ubuntu/synthetic_pose_estimation/cosypose/local_data/experiments/bracket_assembly_debug_nut_nosym_coarse_noaug--938962 273
  0%|                                                     | 0/1 [00:00<?, ?it/s]0:02:29.202760 - iteration 0
0:02:29.247248 - outputs, {'pose': tensor([[-0.9486, -0.6763,  0.2713,  0.5479, -0.4597, -0.3814,  2.2691, -1.5555,
          0.6995]], device='cuda:0', grad_fn=<AddmmBackward0>)}
0:02:29.248868 - model_outputs {'pose': tensor([[-0.9486, -0.6763,  0.2713,  0.5479, -0.4597, -0.3814,  2.2691, -1.5555,
          0.6995]], device='cuda:0', grad_fn=<AddmmBackward0>)}
0:02:29.249692 - K crop tensor([[[1.9154e+03, 0.0000e+00, 2.4367e+02],
         [0.0000e+00, 1.9154e+03, 3.7100e+01],
         [0.0000e+00, 0.0000e+00, 1.0000e+00]]], device='cuda:0')
0:02:29.250551 - TCO_input tensor([[[ 1.0000,  0.0000,  0.0000, -0.0140],
         [ 0.0000,  1.0000,  0.0000,  0.0137],
         [ 0.0000,  0.0000,  1.0000,  0.3180],
         [ 0.0000,  0.0000,  0.0000,  1.0000]]], device='cuda:0')
0:02:29.252100 - model tco output tensor([[[-0.7930,  0.4442,  0.4169, -0.0095],
         [-0.5654, -0.7914, -0.2323,  0.0094],
         [ 0.2268, -0.4199,  0.8788,  0.2225],
         [ 0.0000,  0.0000,  0.0000,  1.0000]]], device='cuda:0',
       grad_fn=<CopySlices>)
0:02:29.290644 - Wrote debug data: /home/ubuntu/synthetic_pose_estimation/cosypose/local_data/debug_data/debug_iter=1.pth.tar
0:02:29.502906 - TCO_input tensor([[[ 1.0000,  0.0000,  0.0000, -0.0140],
         [ 0.0000,  1.0000,  0.0000,  0.0137],
         [ 0.0000,  0.0000,  1.0000,  0.3180],
         [ 0.0000,  0.0000,  0.0000,  1.0000]]], device='cuda:0')
0:02:29.503893 - vxvyvz tensor([[ 2.2691, -1.5555,  0.6995]], device='cuda:0',
       grad_fn=<SliceBackward0>)
0:02:29.504893 - dR tensor([[[-0.7930,  0.4442,  0.4169],
         [-0.5654, -0.7914, -0.2323],
         [ 0.2268, -0.4199,  0.8788]]], device='cuda:0',
       grad_fn=<StackBackward0>)
0:02:29.505803 - fxfy tensor([[1915.4291, 1915.4288]], device='cuda:0')
0:02:29.508281 - TCO_gt tensor([[[-0.7893,  0.4511,  0.4165, -0.0100],
         [-0.5688, -0.7927, -0.2192,  0.0062],
         [ 0.2313, -0.4099,  0.8823,  0.1920],
         [ 0.0000,  0.0000,  0.0000,  1.0000]]], device='cuda:0')
0:02:29.509209 - TCO pred_orn tensor([[[-0.7930,  0.4442,  0.4169, -0.0100],
         [-0.5654, -0.7914, -0.2323,  0.0062],
         [ 0.2268, -0.4199,  0.8788,  0.1920],
         [ 0.0000,  0.0000,  0.0000,  1.0000]]], device='cuda:0',
       grad_fn=<CopySlices>)
0:02:29.510125 - TCO pred_xy tensor([[[-0.7893,  0.4511,  0.4165, -0.0082],
         [-0.5688, -0.7927, -0.2192,  0.0081],
         [ 0.2313, -0.4099,  0.8823,  0.1920],
         [ 0.0000,  0.0000,  0.0000,  1.0000]]], device='cuda:0',
       grad_fn=<CopySlices>)
0:02:29.511016 - TCO pred_z tensor([[[-0.7893,  0.4511,  0.4165, -0.0100],
         [-0.5688, -0.7927, -0.2192,  0.0062],
         [ 0.2313, -0.4099,  0.8823,  0.2225],
         [ 0.0000,  0.0000,  0.0000,  1.0000]]], device='cuda:0',
       grad_fn=<CopySlices>)
0:02:29.511661 - loss orn tensor([5.5862e-05], device='cuda:0', grad_fn=<MinBackward0>)
0:02:29.512272 - loss xy tensor([0.0012], device='cuda:0', grad_fn=<MinBackward0>)
0:02:29.512892 - loss z tensor([0.0102], device='cuda:0', grad_fn=<MinBackward0>)
  0%|                                        | 0/1 [00:00<?, ?it/s, loss=0.0115]100%|████████████████████████████████| 1/1 [00:00<00:00,  4.59it/s, loss=0.0115]100%|████████████████████████████████| 1/1 [00:00<00:00,  4.58it/s, loss=0.0115]
0:02:29.278330 - saving /home/ubuntu/synthetic_pose_estimation/cosypose/local_data/experiments/bracket_assembly_debug_nut_nosym_coarse_noaug--938962 274
  0%|                                                     | 0/1 [00:00<?, ?it/s]0:02:29.693583 - iteration 0
0:02:29.737552 - outputs, {'pose': tensor([[-0.9419, -0.6878,  0.2773,  0.5460, -0.4636, -0.3761,  2.2683, -1.5652,
          0.6862]], device='cuda:0', grad_fn=<AddmmBackward0>)}
0:02:29.739223 - model_outputs {'pose': tensor([[-0.9419, -0.6878,  0.2773,  0.5460, -0.4636, -0.3761,  2.2683, -1.5652,
          0.6862]], device='cuda:0', grad_fn=<AddmmBackward0>)}
0:02:29.740030 - K crop tensor([[[2.0830e+03, 0.0000e+00, 3.1848e+02],
         [0.0000e+00, 2.0830e+03, 1.2535e+02],
         [0.0000e+00, 0.0000e+00, 1.0000e+00]]], device='cuda:0')
0:02:29.740880 - TCO_input tensor([[[ 1.0000e+00,  0.0000e+00,  0.0000e+00, -2.5946e-02],
         [ 0.0000e+00,  1.0000e+00,  0.0000e+00, -9.5530e-04],
         [ 0.0000e+00,  0.0000e+00,  1.0000e+00,  3.3995e-01],
         [ 0.0000e+00,  0.0000e+00,  0.0000e+00,  1.0000e+00]]],
       device='cuda:0')
0:02:29.742423 - model tco output tensor([[[-7.8570e-01,  4.5435e-01,  4.1982e-01, -1.7552e-02],
         [-5.7373e-01, -7.8897e-01, -2.1990e-01, -8.3087e-04],
         [ 2.3131e-01, -4.1364e-01,  8.8057e-01,  2.3329e-01],
         [ 0.0000e+00,  0.0000e+00,  0.0000e+00,  1.0000e+00]]],
       device='cuda:0', grad_fn=<CopySlices>)
0:02:29.779912 - Wrote debug data: /home/ubuntu/synthetic_pose_estimation/cosypose/local_data/debug_data/debug_iter=1.pth.tar
0:02:29.990541 - TCO_input tensor([[[ 1.0000e+00,  0.0000e+00,  0.0000e+00, -2.5946e-02],
         [ 0.0000e+00,  1.0000e+00,  0.0000e+00, -9.5530e-04],
         [ 0.0000e+00,  0.0000e+00,  1.0000e+00,  3.3995e-01],
         [ 0.0000e+00,  0.0000e+00,  0.0000e+00,  1.0000e+00]]],
       device='cuda:0')
0:02:29.991730 - vxvyvz tensor([[ 2.2683, -1.5652,  0.6862]], device='cuda:0',
       grad_fn=<SliceBackward0>)
0:02:29.992784 - dR tensor([[[-0.7857,  0.4543,  0.4198],
         [-0.5737, -0.7890, -0.2199],
         [ 0.2313, -0.4136,  0.8806]]], device='cuda:0',
       grad_fn=<StackBackward0>)
0:02:29.993740 - fxfy tensor([[2082.9565, 2082.9565]], device='cuda:0')
0:02:29.996303 - TCO_gt tensor([[[-0.7893,  0.4511,  0.4165, -0.0100],
         [-0.5688, -0.7927, -0.2192,  0.0062],
         [ 0.2313, -0.4099,  0.8823,  0.1920],
         [ 0.0000,  0.0000,  0.0000,  1.0000]]], device='cuda:0')
0:02:29.997260 - TCO pred_orn tensor([[[-0.7857,  0.4543,  0.4198, -0.0100],
         [-0.5737, -0.7890, -0.2199,  0.0062],
         [ 0.2313, -0.4136,  0.8806,  0.1920],
         [ 0.0000,  0.0000,  0.0000,  1.0000]]], device='cuda:0',
       grad_fn=<CopySlices>)
0:02:29.998224 - TCO pred_xy tensor([[[-7.8929e-01,  4.5115e-01,  4.1651e-01, -1.4443e-02],
         [-5.6879e-01, -7.9274e-01, -2.1920e-01, -6.8371e-04],
         [ 2.3129e-01, -4.0992e-01,  8.8231e-01,  1.9197e-01],
         [ 0.0000e+00,  0.0000e+00,  0.0000e+00,  1.0000e+00]]],
       device='cuda:0', grad_fn=<CopySlices>)
0:02:29.999263 - TCO pred_z tensor([[[-0.7893,  0.4511,  0.4165, -0.0100],
         [-0.5688, -0.7927, -0.2192,  0.0062],
         [ 0.2313, -0.4099,  0.8823,  0.2333],
         [ 0.0000,  0.0000,  0.0000,  1.0000]]], device='cuda:0',
       grad_fn=<CopySlices>)
0:02:29.999944 - loss orn tensor([3.0087e-05], device='cuda:0', grad_fn=<MinBackward0>)
0:02:30.000599 - loss xy tensor([0.0038], device='cuda:0', grad_fn=<MinBackward0>)
0:02:30.001307 - loss z tensor([0.0138], device='cuda:0', grad_fn=<MinBackward0>)
  0%|                                        | 0/1 [00:00<?, ?it/s, loss=0.0176]100%|████████████████████████████████| 1/1 [00:00<00:00,  4.61it/s, loss=0.0176]100%|████████████████████████████████| 1/1 [00:00<00:00,  4.60it/s, loss=0.0176]
0:02:29.748682 - saving /home/ubuntu/synthetic_pose_estimation/cosypose/local_data/experiments/bracket_assembly_debug_nut_nosym_coarse_noaug--938962 275
  0%|                                                     | 0/1 [00:00<?, ?it/s]0:02:30.163971 - iteration 0
0:02:30.207720 - outputs, {'pose': tensor([[-0.9446, -0.6814,  0.2847,  0.5449, -0.4606, -0.3786,  2.3023, -1.5781,
          0.6863]], device='cuda:0', grad_fn=<AddmmBackward0>)}
0:02:30.209365 - model_outputs {'pose': tensor([[-0.9446, -0.6814,  0.2847,  0.5449, -0.4606, -0.3786,  2.3023, -1.5781,
          0.6863]], device='cuda:0', grad_fn=<AddmmBackward0>)}
0:02:30.210192 - K crop tensor([[[1.8226e+03, 0.0000e+00, 3.1598e+02],
         [0.0000e+00, 1.8226e+03, 1.4206e+01],
         [0.0000e+00, 0.0000e+00, 1.0000e+00]]], device='cuda:0')
0:02:30.211066 - TCO_input tensor([[[ 1.0000,  0.0000,  0.0000, -0.0262],
         [ 0.0000,  1.0000,  0.0000,  0.0176],
         [ 0.0000,  0.0000,  1.0000,  0.3047],
         [ 0.0000,  0.0000,  0.0000,  1.0000]]], device='cuda:0')
0:02:30.212592 - model tco output tensor([[[-0.7878,  0.4469,  0.4239, -0.0177],
         [-0.5683, -0.7927, -0.2206,  0.0119],
         [ 0.2374, -0.4147,  0.8784,  0.2091],
         [ 0.0000,  0.0000,  0.0000,  1.0000]]], device='cuda:0',
       grad_fn=<CopySlices>)
0:02:30.253983 - Wrote debug data: /home/ubuntu/synthetic_pose_estimation/cosypose/local_data/debug_data/debug_iter=1.pth.tar
0:02:30.464041 - TCO_input tensor([[[ 1.0000,  0.0000,  0.0000, -0.0262],
         [ 0.0000,  1.0000,  0.0000,  0.0176],
         [ 0.0000,  0.0000,  1.0000,  0.3047],
         [ 0.0000,  0.0000,  0.0000,  1.0000]]], device='cuda:0')
0:02:30.465108 - vxvyvz tensor([[ 2.3023, -1.5781,  0.6863]], device='cuda:0',
       grad_fn=<SliceBackward0>)
0:02:30.466136 - dR tensor([[[-0.7878,  0.4469,  0.4239],
         [-0.5683, -0.7927, -0.2206],
         [ 0.2374, -0.4147,  0.8784]]], device='cuda:0',
       grad_fn=<StackBackward0>)
0:02:30.467025 - fxfy tensor([[1822.5914, 1822.5917]], device='cuda:0')
0:02:30.469537 - TCO_gt tensor([[[-0.7893,  0.4511,  0.4165, -0.0100],
         [-0.5688, -0.7927, -0.2192,  0.0062],
         [ 0.2313, -0.4099,  0.8823,  0.1920],
         [ 0.0000,  0.0000,  0.0000,  1.0000]]], device='cuda:0')
0:02:30.470428 - TCO pred_orn tensor([[[-0.7878,  0.4469,  0.4239, -0.0100],
         [-0.5683, -0.7927, -0.2206,  0.0062],
         [ 0.2374, -0.4147,  0.8784,  0.1920],
         [ 0.0000,  0.0000,  0.0000,  1.0000]]], device='cuda:0',
       grad_fn=<CopySlices>)
0:02:30.471320 - TCO pred_xy tensor([[[-0.7893,  0.4511,  0.4165, -0.0162],
         [-0.5688, -0.7927, -0.2192,  0.0109],
         [ 0.2313, -0.4099,  0.8823,  0.1920],
         [ 0.0000,  0.0000,  0.0000,  1.0000]]], device='cuda:0',
       grad_fn=<CopySlices>)
0:02:30.472208 - TCO pred_z tensor([[[-0.7893,  0.4511,  0.4165, -0.0100],
         [-0.5688, -0.7927, -0.2192,  0.0062],
         [ 0.2313, -0.4099,  0.8823,  0.2091],
         [ 0.0000,  0.0000,  0.0000,  1.0000]]], device='cuda:0',
       grad_fn=<CopySlices>)
0:02:30.472836 - loss orn tensor([3.0764e-05], device='cuda:0', grad_fn=<MinBackward0>)
0:02:30.473490 - loss xy tensor([0.0037], device='cuda:0', grad_fn=<MinBackward0>)
0:02:30.474089 - loss z tensor([0.0057], device='cuda:0', grad_fn=<MinBackward0>)
  0%|                                       | 0/1 [00:00<?, ?it/s, loss=0.00941]100%|███████████████████████████████| 1/1 [00:00<00:00,  4.51it/s, loss=0.00941]100%|███████████████████████████████| 1/1 [00:00<00:00,  4.50it/s, loss=0.00941]
0:02:30.223750 - saving /home/ubuntu/synthetic_pose_estimation/cosypose/local_data/experiments/bracket_assembly_debug_nut_nosym_coarse_noaug--938962 276
  0%|                                                     | 0/1 [00:00<?, ?it/s]0:02:30.638982 - iteration 0
0:02:30.682389 - outputs, {'pose': tensor([[-0.9529, -0.6802,  0.2805,  0.5537, -0.4714, -0.3776,  2.3188, -1.5946,
          0.6655]], device='cuda:0', grad_fn=<AddmmBackward0>)}
0:02:30.683982 - model_outputs {'pose': tensor([[-0.9529, -0.6802,  0.2805,  0.5537, -0.4714, -0.3776,  2.3188, -1.5946,
          0.6655]], device='cuda:0', grad_fn=<AddmmBackward0>)}
0:02:30.684793 - K crop tensor([[[1.5783e+03, 0.0000e+00, 2.6598e+02],
         [0.0000e+00, 1.5783e+03, 9.4782e+01],
         [0.0000e+00, 0.0000e+00, 1.0000e+00]]], device='cuda:0')
0:02:30.685704 - TCO_input tensor([[[ 1.0000,  0.0000,  0.0000, -0.0176],
         [ 0.0000,  1.0000,  0.0000,  0.0041],
         [ 0.0000,  0.0000,  1.0000,  0.2602],
         [ 0.0000,  0.0000,  0.0000,  1.0000]]], device='cuda:0')
0:02:30.687211 - model tco output tensor([[[-0.7915,  0.4478,  0.4159, -0.0114],
         [-0.5650, -0.7956, -0.2186,  0.0025],
         [ 0.2330, -0.4080,  0.8827,  0.1732],
         [ 0.0000,  0.0000,  0.0000,  1.0000]]], device='cuda:0',
       grad_fn=<CopySlices>)
0:02:30.725828 - Wrote debug data: /home/ubuntu/synthetic_pose_estimation/cosypose/local_data/debug_data/debug_iter=1.pth.tar
0:02:30.937201 - TCO_input tensor([[[ 1.0000,  0.0000,  0.0000, -0.0176],
         [ 0.0000,  1.0000,  0.0000,  0.0041],
         [ 0.0000,  0.0000,  1.0000,  0.2602],
         [ 0.0000,  0.0000,  0.0000,  1.0000]]], device='cuda:0')
0:02:30.938334 - vxvyvz tensor([[ 2.3188, -1.5946,  0.6655]], device='cuda:0',
       grad_fn=<SliceBackward0>)
0:02:30.939386 - dR tensor([[[-0.7915,  0.4478,  0.4159],
         [-0.5650, -0.7956, -0.2186],
         [ 0.2330, -0.4080,  0.8827]]], device='cuda:0',
       grad_fn=<StackBackward0>)
0:02:30.940302 - fxfy tensor([[1578.3241, 1578.3241]], device='cuda:0')
0:02:30.942887 - TCO_gt tensor([[[-0.7893,  0.4511,  0.4165, -0.0100],
         [-0.5688, -0.7927, -0.2192,  0.0062],
         [ 0.2313, -0.4099,  0.8823,  0.1920],
         [ 0.0000,  0.0000,  0.0000,  1.0000]]], device='cuda:0')
0:02:30.943852 - TCO pred_orn tensor([[[-0.7915,  0.4478,  0.4159, -0.0100],
         [-0.5650, -0.7956, -0.2186,  0.0062],
         [ 0.2330, -0.4080,  0.8827,  0.1920],
         [ 0.0000,  0.0000,  0.0000,  1.0000]]], device='cuda:0',
       grad_fn=<CopySlices>)
0:02:30.944773 - TCO pred_xy tensor([[[-0.7893,  0.4511,  0.4165, -0.0127],
         [-0.5688, -0.7927, -0.2192,  0.0028],
         [ 0.2313, -0.4099,  0.8823,  0.1920],
         [ 0.0000,  0.0000,  0.0000,  1.0000]]], device='cuda:0',
       grad_fn=<CopySlices>)
0:02:30.948426 - TCO pred_z tensor([[[-0.7893,  0.4511,  0.4165, -0.0100],
         [-0.5688, -0.7927, -0.2192,  0.0062],
         [ 0.2313, -0.4099,  0.8823,  0.1732],
         [ 0.0000,  0.0000,  0.0000,  1.0000]]], device='cuda:0',
       grad_fn=<CopySlices>)
0:02:30.949115 - loss orn tensor([2.2339e-05], device='cuda:0', grad_fn=<MinBackward0>)
0:02:30.949786 - loss xy tensor([0.0020], device='cuda:0', grad_fn=<MinBackward0>)
0:02:30.950436 - loss z tensor([0.0063], device='cuda:0', grad_fn=<MinBackward0>)
  0%|                                        | 0/1 [00:00<?, ?it/s, loss=0.0083]100%|████████████████████████████████| 1/1 [00:00<00:00,  4.58it/s, loss=0.0083]100%|████████████████████████████████| 1/1 [00:00<00:00,  4.57it/s, loss=0.0083]
0:02:30.697045 - saving /home/ubuntu/synthetic_pose_estimation/cosypose/local_data/experiments/bracket_assembly_debug_nut_nosym_coarse_noaug--938962 277
  0%|                                                     | 0/1 [00:00<?, ?it/s]0:02:31.112062 - iteration 0
0:02:31.155297 - outputs, {'pose': tensor([[-0.9456, -0.6909,  0.2820,  0.5648, -0.4775, -0.3720,  2.3384, -1.6054,
          0.6626]], device='cuda:0', grad_fn=<AddmmBackward0>)}
0:02:31.156847 - model_outputs {'pose': tensor([[-0.9456, -0.6909,  0.2820,  0.5648, -0.4775, -0.3720,  2.3384, -1.6054,
          0.6626]], device='cuda:0', grad_fn=<AddmmBackward0>)}
0:02:31.157655 - K crop tensor([[[1.6659e+03, 0.0000e+00, 3.0792e+02],
         [0.0000e+00, 1.6659e+03, 7.3954e+01],
         [0.0000e+00, 0.0000e+00, 1.0000e+00]]], device='cuda:0')
0:02:31.158525 - TCO_input tensor([[[ 1.0000,  0.0000,  0.0000, -0.0246],
         [ 0.0000,  1.0000,  0.0000,  0.0075],
         [ 0.0000,  0.0000,  1.0000,  0.2756],
         [ 0.0000,  0.0000,  0.0000,  1.0000]]], device='cuda:0')
0:02:31.159469 - model tco output tensor([[[-0.7850,  0.4616,  0.4131, -0.0160],
         [-0.5735, -0.7936, -0.2030,  0.0048],
         [ 0.2341, -0.3963,  0.8878,  0.1826],
         [ 0.0000,  0.0000,  0.0000,  1.0000]]], device='cuda:0',
       grad_fn=<CopySlices>)
0:02:31.198519 - Wrote debug data: /home/ubuntu/synthetic_pose_estimation/cosypose/local_data/debug_data/debug_iter=1.pth.tar
0:02:31.409854 - TCO_input tensor([[[ 1.0000,  0.0000,  0.0000, -0.0246],
         [ 0.0000,  1.0000,  0.0000,  0.0075],
         [ 0.0000,  0.0000,  1.0000,  0.2756],
         [ 0.0000,  0.0000,  0.0000,  1.0000]]], device='cuda:0')
0:02:31.410833 - vxvyvz tensor([[ 2.3384, -1.6054,  0.6626]], device='cuda:0',
       grad_fn=<SliceBackward0>)
0:02:31.411835 - dR tensor([[[-0.7850,  0.4616,  0.4131],
         [-0.5735, -0.7936, -0.2030],
         [ 0.2341, -0.3963,  0.8878]]], device='cuda:0',
       grad_fn=<StackBackward0>)
0:02:31.412697 - fxfy tensor([[1665.8804, 1665.8807]], device='cuda:0')
0:02:31.415213 - TCO_gt tensor([[[-0.7893,  0.4511,  0.4165, -0.0100],
         [-0.5688, -0.7927, -0.2192,  0.0062],
         [ 0.2313, -0.4099,  0.8823,  0.1920],
         [ 0.0000,  0.0000,  0.0000,  1.0000]]], device='cuda:0')
0:02:31.416129 - TCO pred_orn tensor([[[-0.7850,  0.4616,  0.4131, -0.0100],
         [-0.5735, -0.7936, -0.2030,  0.0062],
         [ 0.2341, -0.3963,  0.8878,  0.1920],
         [ 0.0000,  0.0000,  0.0000,  1.0000]]], device='cuda:0',
       grad_fn=<CopySlices>)
0:02:31.417040 - TCO pred_xy tensor([[[-0.7893,  0.4511,  0.4165, -0.0168],
         [-0.5688, -0.7927, -0.2192,  0.0051],
         [ 0.2313, -0.4099,  0.8823,  0.1920],
         [ 0.0000,  0.0000,  0.0000,  1.0000]]], device='cuda:0',
       grad_fn=<CopySlices>)
0:02:31.417974 - TCO pred_z tensor([[[-0.7893,  0.4511,  0.4165, -0.0100],
         [-0.5688, -0.7927, -0.2192,  0.0062],
         [ 0.2313, -0.4099,  0.8823,  0.1826],
         [ 0.0000,  0.0000,  0.0000,  1.0000]]], device='cuda:0',
       grad_fn=<CopySlices>)
0:02:31.418600 - loss orn tensor([7.5233e-05], device='cuda:0', grad_fn=<MinBackward0>)
0:02:31.419212 - loss xy tensor([0.0026], device='cuda:0', grad_fn=<MinBackward0>)
0:02:31.419822 - loss z tensor([0.0031], device='cuda:0', grad_fn=<MinBackward0>)
  0%|                                       | 0/1 [00:00<?, ?it/s, loss=0.00584]100%|███████████████████████████████| 1/1 [00:00<00:00,  4.65it/s, loss=0.00584]100%|███████████████████████████████| 1/1 [00:00<00:00,  4.64it/s, loss=0.00584]
0:02:31.186906 - saving /home/ubuntu/synthetic_pose_estimation/cosypose/local_data/experiments/bracket_assembly_debug_nut_nosym_coarse_noaug--938962 278
  0%|                                                     | 0/1 [00:00<?, ?it/s]0:02:31.602036 - iteration 0
0:02:31.645376 - outputs, {'pose': tensor([[-0.9403, -0.6989,  0.2777,  0.5612, -0.4786, -0.3708,  2.3527, -1.6107,
          0.6532]], device='cuda:0', grad_fn=<AddmmBackward0>)}
0:02:31.646993 - model_outputs {'pose': tensor([[-0.9403, -0.6989,  0.2777,  0.5612, -0.4786, -0.3708,  2.3527, -1.6107,
          0.6532]], device='cuda:0', grad_fn=<AddmmBackward0>)}
0:02:31.647788 - K crop tensor([[[1.7709e+03, 0.0000e+00, 2.2610e+02],
         [0.0000e+00, 1.7709e+03, 7.4997e+01],
         [0.0000e+00, 0.0000e+00, 1.0000e+00]]], device='cuda:0')
0:02:31.648635 - TCO_input tensor([[[ 1.0000,  0.0000,  0.0000, -0.0110],
         [ 0.0000,  1.0000,  0.0000,  0.0073],
         [ 0.0000,  0.0000,  1.0000,  0.2924],
         [ 0.0000,  0.0000,  0.0000,  1.0000]]], device='cuda:0')
0:02:31.649556 - model tco output tensor([[[-0.7809,  0.4684,  0.4132, -0.0069],
         [-0.5805, -0.7885, -0.2032,  0.0046],
         [ 0.2307, -0.3986,  0.8877,  0.1910],
         [ 0.0000,  0.0000,  0.0000,  1.0000]]], device='cuda:0',
       grad_fn=<CopySlices>)
0:02:31.688706 - Wrote debug data: /home/ubuntu/synthetic_pose_estimation/cosypose/local_data/debug_data/debug_iter=1.pth.tar
0:02:31.902590 - TCO_input tensor([[[ 1.0000,  0.0000,  0.0000, -0.0110],
         [ 0.0000,  1.0000,  0.0000,  0.0073],
         [ 0.0000,  0.0000,  1.0000,  0.2924],
         [ 0.0000,  0.0000,  0.0000,  1.0000]]], device='cuda:0')
0:02:31.903609 - vxvyvz tensor([[ 2.3527, -1.6107,  0.6532]], device='cuda:0',
       grad_fn=<SliceBackward0>)
0:02:31.904610 - dR tensor([[[-0.7809,  0.4684,  0.4132],
         [-0.5805, -0.7885, -0.2032],
         [ 0.2307, -0.3986,  0.8877]]], device='cuda:0',
       grad_fn=<StackBackward0>)
0:02:31.905507 - fxfy tensor([[1770.8574, 1770.8578]], device='cuda:0')
0:02:31.907967 - TCO_gt tensor([[[-0.7893,  0.4511,  0.4165, -0.0100],
         [-0.5688, -0.7927, -0.2192,  0.0062],
         [ 0.2313, -0.4099,  0.8823,  0.1920],
         [ 0.0000,  0.0000,  0.0000,  1.0000]]], device='cuda:0')
0:02:31.908888 - TCO pred_orn tensor([[[-0.7809,  0.4684,  0.4132, -0.0100],
         [-0.5805, -0.7885, -0.2032,  0.0062],
         [ 0.2307, -0.3986,  0.8877,  0.1920],
         [ 0.0000,  0.0000,  0.0000,  1.0000]]], device='cuda:0',
       grad_fn=<CopySlices>)
0:02:31.909822 - TCO pred_xy tensor([[[-0.7893,  0.4511,  0.4165, -0.0070],
         [-0.5688, -0.7927, -0.2192,  0.0046],
         [ 0.2313, -0.4099,  0.8823,  0.1920],
         [ 0.0000,  0.0000,  0.0000,  1.0000]]], device='cuda:0',
       grad_fn=<CopySlices>)
0:02:31.910727 - TCO pred_z tensor([[[-0.7893,  0.4511,  0.4165, -0.0100],
         [-0.5688, -0.7927, -0.2192,  0.0062],
         [ 0.2313, -0.4099,  0.8823,  0.1910],
         [ 0.0000,  0.0000,  0.0000,  1.0000]]], device='cuda:0',
       grad_fn=<CopySlices>)
0:02:31.911354 - loss orn tensor([9.1468e-05], device='cuda:0', grad_fn=<MinBackward0>)
0:02:31.911965 - loss xy tensor([0.0015], device='cuda:0', grad_fn=<MinBackward0>)
0:02:31.912572 - loss z tensor([0.0003], device='cuda:0', grad_fn=<MinBackward0>)
  0%|                                       | 0/1 [00:00<?, ?it/s, loss=0.00195]100%|███████████████████████████████| 1/1 [00:00<00:00,  4.56it/s, loss=0.00195]100%|███████████████████████████████| 1/1 [00:00<00:00,  4.55it/s, loss=0.00195]
0:02:31.659661 - saving /home/ubuntu/synthetic_pose_estimation/cosypose/local_data/experiments/bracket_assembly_debug_nut_nosym_coarse_noaug--938962 279
  0%|                                                     | 0/1 [00:00<?, ?it/s]0:02:32.075341 - iteration 0
0:02:32.125530 - outputs, {'pose': tensor([[-0.9495, -0.6949,  0.2668,  0.5594, -0.4729, -0.3805,  2.3714, -1.6141,
          0.6614]], device='cuda:0', grad_fn=<AddmmBackward0>)}
0:02:32.127124 - model_outputs {'pose': tensor([[-0.9495, -0.6949,  0.2668,  0.5594, -0.4729, -0.3805,  2.3714, -1.6141,
          0.6614]], device='cuda:0', grad_fn=<AddmmBackward0>)}
0:02:32.127890 - K crop tensor([[[1.7963e+03, 0.0000e+00, 2.9700e+02],
         [0.0000e+00, 1.7963e+03, 7.8042e+01],
         [0.0000e+00, 0.0000e+00, 1.0000e+00]]], device='cuda:0')
0:02:32.128787 - TCO_input tensor([[[ 1.0000,  0.0000,  0.0000, -0.0227],
         [ 0.0000,  1.0000,  0.0000,  0.0068],
         [ 0.0000,  0.0000,  1.0000,  0.2962],
         [ 0.0000,  0.0000,  0.0000,  1.0000]]], device='cuda:0')
0:02:32.129812 - model tco output tensor([[[-0.7870,  0.4593,  0.4119, -0.0147],
         [-0.5760, -0.7863, -0.2236,  0.0043],
         [ 0.2212, -0.4132,  0.8834,  0.1959],
         [ 0.0000,  0.0000,  0.0000,  1.0000]]], device='cuda:0',
       grad_fn=<CopySlices>)
0:02:32.167901 - Wrote debug data: /home/ubuntu/synthetic_pose_estimation/cosypose/local_data/debug_data/debug_iter=1.pth.tar
0:02:32.379137 - TCO_input tensor([[[ 1.0000,  0.0000,  0.0000, -0.0227],
         [ 0.0000,  1.0000,  0.0000,  0.0068],
         [ 0.0000,  0.0000,  1.0000,  0.2962],
         [ 0.0000,  0.0000,  0.0000,  1.0000]]], device='cuda:0')
0:02:32.380126 - vxvyvz tensor([[ 2.3714, -1.6141,  0.6614]], device='cuda:0',
       grad_fn=<SliceBackward0>)
0:02:32.381128 - dR tensor([[[-0.7870,  0.4593,  0.4119],
         [-0.5760, -0.7863, -0.2236],
         [ 0.2212, -0.4132,  0.8834]]], device='cuda:0',
       grad_fn=<StackBackward0>)
0:02:32.382046 - fxfy tensor([[1796.2954, 1796.2953]], device='cuda:0')
0:02:32.384561 - TCO_gt tensor([[[-0.7893,  0.4511,  0.4165, -0.0100],
         [-0.5688, -0.7927, -0.2192,  0.0062],
         [ 0.2313, -0.4099,  0.8823,  0.1920],
         [ 0.0000,  0.0000,  0.0000,  1.0000]]], device='cuda:0')
0:02:32.385552 - TCO pred_orn tensor([[[-0.7870,  0.4593,  0.4119, -0.0100],
         [-0.5760, -0.7863, -0.2236,  0.0062],
         [ 0.2212, -0.4132,  0.8834,  0.1920],
         [ 0.0000,  0.0000,  0.0000,  1.0000]]], device='cuda:0',
       grad_fn=<CopySlices>)
0:02:32.386475 - TCO pred_xy tensor([[[-0.7893,  0.4511,  0.4165, -0.0144],
         [-0.5688, -0.7927, -0.2192,  0.0043],
         [ 0.2313, -0.4099,  0.8823,  0.1920],
         [ 0.0000,  0.0000,  0.0000,  1.0000]]], device='cuda:0',
       grad_fn=<CopySlices>)
0:02:32.387367 - TCO pred_z tensor([[[-0.7893,  0.4511,  0.4165, -0.0100],
         [-0.5688, -0.7927, -0.2192,  0.0062],
         [ 0.2313, -0.4099,  0.8823,  0.1959],
         [ 0.0000,  0.0000,  0.0000,  1.0000]]], device='cuda:0',
       grad_fn=<CopySlices>)
0:02:32.388027 - loss orn tensor([5.8462e-05], device='cuda:0', grad_fn=<MinBackward0>)
0:02:32.388648 - loss xy tensor([0.0021], device='cuda:0', grad_fn=<MinBackward0>)
0:02:32.389302 - loss z tensor([0.0013], device='cuda:0', grad_fn=<MinBackward0>)
  0%|                                        | 0/1 [00:00<?, ?it/s, loss=0.0035]100%|████████████████████████████████| 1/1 [00:00<00:00,  4.45it/s, loss=0.0035]100%|████████████████████████████████| 1/1 [00:00<00:00,  4.44it/s, loss=0.0035]
  0%|                                                     | 0/1 [00:00<?, ?it/s]0:02:32.299537 - iteration 0
0:02:32.336453 - outputs, {'pose': tensor([[-0.0770, -0.0111,  0.0051,  0.1524,  0.0089, -0.0969,  0.3060, -0.1994,
          0.1534]], device='cuda:0')}
0:02:32.337911 - model_outputs {'pose': tensor([[-0.0770, -0.0111,  0.0051,  0.1524,  0.0089, -0.0969,  0.3060, -0.1994,
          0.1534]], device='cuda:0')}
0:02:32.338662 - K crop tensor([[[1.8507e+03, 0.0000e+00, 2.6818e+02],
         [0.0000e+00, 1.8507e+03, 6.1958e+01],
         [0.0000e+00, 0.0000e+00, 1.0000e+00]]], device='cuda:0')
0:02:32.339496 - TCO_input tensor([[[ 1.0000,  0.0000,  0.0000, -0.0180],
         [ 0.0000,  1.0000,  0.0000,  0.0095],
         [ 0.0000,  0.0000,  1.0000,  0.3060],
         [ 0.0000,  0.0000,  0.0000,  1.0000]]], device='cuda:0')
0:02:32.340389 - model tco output tensor([[[-0.9877, -0.0431,  0.1502, -0.0027],
         [-0.1420, -0.1540, -0.9778,  0.0015],
         [ 0.0653, -0.9871,  0.1460,  0.0469],
         [ 0.0000,  0.0000,  0.0000,  1.0000]]], device='cuda:0')
0:02:32.479963 - Wrote debug data: /home/ubuntu/synthetic_pose_estimation/cosypose/local_data/debug_data/debug_iter=1.pth.tar
0:02:32.696227 - TCO_input tensor([[[ 1.0000,  0.0000,  0.0000, -0.0180],
         [ 0.0000,  1.0000,  0.0000,  0.0095],
         [ 0.0000,  0.0000,  1.0000,  0.3060],
         [ 0.0000,  0.0000,  0.0000,  1.0000]]], device='cuda:0')
0:02:32.697216 - vxvyvz tensor([[ 0.3060, -0.1994,  0.1534]], device='cuda:0')
0:02:32.698202 - dR tensor([[[-0.9877, -0.0431,  0.1502],
         [-0.1420, -0.1540, -0.9778],
         [ 0.0653, -0.9871,  0.1460]]], device='cuda:0')
0:02:32.699053 - fxfy tensor([[1850.7026, 1850.7026]], device='cuda:0')
0:02:32.701384 - TCO_gt tensor([[[-0.7893,  0.4511,  0.4165, -0.0100],
         [-0.5688, -0.7927, -0.2192,  0.0062],
         [ 0.2313, -0.4099,  0.8823,  0.1920],
         [ 0.0000,  0.0000,  0.0000,  1.0000]]], device='cuda:0')
0:02:32.702279 - TCO pred_orn tensor([[[-0.9877, -0.0431,  0.1502, -0.0100],
         [-0.1420, -0.1540, -0.9778,  0.0062],
         [ 0.0653, -0.9871,  0.1460,  0.1920],
         [ 0.0000,  0.0000,  0.0000,  1.0000]]], device='cuda:0')
0:02:32.703172 - TCO pred_xy tensor([[[-0.7893,  0.4511,  0.4165, -0.0112],
         [-0.5688, -0.7927, -0.2192,  0.0059],
         [ 0.2313, -0.4099,  0.8823,  0.1920],
         [ 0.0000,  0.0000,  0.0000,  1.0000]]], device='cuda:0')
0:02:32.704058 - TCO pred_z tensor([[[-0.7893,  0.4511,  0.4165, -0.0100],
         [-0.5688, -0.7927, -0.2192,  0.0062],
         [ 0.2313, -0.4099,  0.8823,  0.0469],
         [ 0.0000,  0.0000,  0.0000,  1.0000]]], device='cuda:0')
0:02:32.704673 - loss orn tensor([0.0042], device='cuda:0')
0:02:32.705333 - loss xy tensor([0.0005], device='cuda:0')
0:02:32.705967 - loss z tensor([0.0483], device='cuda:0')
100%|█████████████████████████████████████████████| 1/1 [00:00<00:00,  4.44it/s]100%|█████████████████████████████████████████████| 1/1 [00:00<00:00,  4.44it/s]
0:02:32.385564 - saving /home/ubuntu/synthetic_pose_estimation/cosypose/local_data/experiments/bracket_assembly_debug_nut_nosym_coarse_noaug--938962 280
  0%|                                                     | 0/1 [00:00<?, ?it/s]0:02:32.797356 - iteration 0
0:02:32.840986 - outputs, {'pose': tensor([[-0.9503, -0.6908,  0.2680,  0.5545, -0.4759, -0.3824,  2.3952, -1.6130,
          0.6577]], device='cuda:0', grad_fn=<AddmmBackward0>)}
0:02:32.842681 - model_outputs {'pose': tensor([[-0.9503, -0.6908,  0.2680,  0.5545, -0.4759, -0.3824,  2.3952, -1.6130,
          0.6577]], device='cuda:0', grad_fn=<AddmmBackward0>)}
0:02:32.843469 - K crop tensor([[[1.8616e+03, 0.0000e+00, 2.4711e+02],
         [0.0000e+00, 1.8616e+03, 8.6482e+01],
         [0.0000e+00, 0.0000e+00, 1.0000e+00]]], device='cuda:0')
0:02:32.844304 - TCO_input tensor([[[ 1.0000,  0.0000,  0.0000, -0.0144],
         [ 0.0000,  1.0000,  0.0000,  0.0054],
         [ 0.0000,  0.0000,  1.0000,  0.3062],
         [ 0.0000,  0.0000,  0.0000,  1.0000]]], device='cuda:0')
0:02:32.845201 - model tco output tensor([[[-0.7886,  0.4551,  0.4135, -0.0092],
         [-0.5733, -0.7874, -0.2267,  0.0034],
         [ 0.2224, -0.4158,  0.8818,  0.2014],
         [ 0.0000,  0.0000,  0.0000,  1.0000]]], device='cuda:0',
       grad_fn=<CopySlices>)
0:02:32.882989 - Wrote debug data: /home/ubuntu/synthetic_pose_estimation/cosypose/local_data/debug_data/debug_iter=1.pth.tar
0:02:33.094340 - TCO_input tensor([[[ 1.0000,  0.0000,  0.0000, -0.0144],
         [ 0.0000,  1.0000,  0.0000,  0.0054],
         [ 0.0000,  0.0000,  1.0000,  0.3062],
         [ 0.0000,  0.0000,  0.0000,  1.0000]]], device='cuda:0')
0:02:33.095325 - vxvyvz tensor([[ 2.3952, -1.6130,  0.6577]], device='cuda:0',
       grad_fn=<SliceBackward0>)
0:02:33.096337 - dR tensor([[[-0.7886,  0.4551,  0.4135],
         [-0.5733, -0.7874, -0.2267],
         [ 0.2224, -0.4158,  0.8818]]], device='cuda:0',
       grad_fn=<StackBackward0>)
0:02:33.097200 - fxfy tensor([[1861.6257, 1861.6260]], device='cuda:0')
0:02:33.099679 - TCO_gt tensor([[[-0.7893,  0.4511,  0.4165, -0.0100],
         [-0.5688, -0.7927, -0.2192,  0.0062],
         [ 0.2313, -0.4099,  0.8823,  0.1920],
         [ 0.0000,  0.0000,  0.0000,  1.0000]]], device='cuda:0')
0:02:33.100591 - TCO pred_orn tensor([[[-0.7886,  0.4551,  0.4135, -0.0100],
         [-0.5733, -0.7874, -0.2267,  0.0062],
         [ 0.2224, -0.4158,  0.8818,  0.1920],
         [ 0.0000,  0.0000,  0.0000,  1.0000]]], device='cuda:0',
       grad_fn=<CopySlices>)
0:02:33.101525 - TCO pred_xy tensor([[[-0.7893,  0.4511,  0.4165, -0.0088],
         [-0.5688, -0.7927, -0.2192,  0.0032],
         [ 0.2313, -0.4099,  0.8823,  0.1920],
         [ 0.0000,  0.0000,  0.0000,  1.0000]]], device='cuda:0',
       grad_fn=<CopySlices>)
0:02:33.102401 - TCO pred_z tensor([[[-0.7893,  0.4511,  0.4165, -0.0100],
         [-0.5688, -0.7927, -0.2192,  0.0062],
         [ 0.2313, -0.4099,  0.8823,  0.2014],
         [ 0.0000,  0.0000,  0.0000,  1.0000]]], device='cuda:0',
       grad_fn=<CopySlices>)
0:02:33.103052 - loss orn tensor([4.5683e-05], device='cuda:0', grad_fn=<MinBackward0>)
0:02:33.103662 - loss xy tensor([0.0014], device='cuda:0', grad_fn=<MinBackward0>)
0:02:33.104278 - loss z tensor([0.0031], device='cuda:0', grad_fn=<MinBackward0>)
  0%|                                       | 0/1 [00:00<?, ?it/s, loss=0.00456]100%|███████████████████████████████| 1/1 [00:00<00:00,  4.75it/s, loss=0.00456]100%|███████████████████████████████| 1/1 [00:00<00:00,  4.74it/s, loss=0.00456]
0:02:32.858936 - saving /home/ubuntu/synthetic_pose_estimation/cosypose/local_data/experiments/bracket_assembly_debug_nut_nosym_coarse_noaug--938962 281
  0%|                                                     | 0/1 [00:00<?, ?it/s]0:02:33.274121 - iteration 0
0:02:33.317832 - outputs, {'pose': tensor([[-0.9604, -0.6749,  0.2695,  0.5565, -0.4730, -0.3874,  2.4053, -1.6051,
          0.6486]], device='cuda:0', grad_fn=<AddmmBackward0>)}
0:02:33.319560 - model_outputs {'pose': tensor([[-0.9604, -0.6749,  0.2695,  0.5565, -0.4730, -0.3874,  2.4053, -1.6051,
          0.6486]], device='cuda:0', grad_fn=<AddmmBackward0>)}
0:02:33.320390 - K crop tensor([[[1.5352e+03, 0.0000e+00, 2.0250e+02],
         [0.0000e+00, 1.5352e+03, 4.6522e+01],
         [0.0000e+00, 0.0000e+00, 1.0000e+00]]], device='cuda:0')
0:02:33.321287 - TCO_input tensor([[[ 1.0000,  0.0000,  0.0000, -0.0072],
         [ 0.0000,  1.0000,  0.0000,  0.0122],
         [ 0.0000,  0.0000,  1.0000,  0.2565],
         [ 0.0000,  0.0000,  0.0000,  1.0000]]], device='cuda:0')
0:02:33.322232 - model tco output tensor([[[-0.7974,  0.4405,  0.4125, -0.0044],
         [-0.5604, -0.7940, -0.2355,  0.0077],
         [ 0.2238, -0.4189,  0.8800,  0.1664],
         [ 0.0000,  0.0000,  0.0000,  1.0000]]], device='cuda:0',
       grad_fn=<CopySlices>)
0:02:33.364041 - Wrote debug data: /home/ubuntu/synthetic_pose_estimation/cosypose/local_data/debug_data/debug_iter=1.pth.tar
0:02:33.574246 - TCO_input tensor([[[ 1.0000,  0.0000,  0.0000, -0.0072],
         [ 0.0000,  1.0000,  0.0000,  0.0122],
         [ 0.0000,  0.0000,  1.0000,  0.2565],
         [ 0.0000,  0.0000,  0.0000,  1.0000]]], device='cuda:0')
0:02:33.575299 - vxvyvz tensor([[ 2.4053, -1.6051,  0.6486]], device='cuda:0',
       grad_fn=<SliceBackward0>)
0:02:33.576359 - dR tensor([[[-0.7974,  0.4405,  0.4125],
         [-0.5604, -0.7940, -0.2355],
         [ 0.2238, -0.4189,  0.8800]]], device='cuda:0',
       grad_fn=<StackBackward0>)
0:02:33.577316 - fxfy tensor([[1535.1797, 1535.1798]], device='cuda:0')
0:02:33.579866 - TCO_gt tensor([[[-0.7893,  0.4511,  0.4165, -0.0100],
         [-0.5688, -0.7927, -0.2192,  0.0062],
         [ 0.2313, -0.4099,  0.8823,  0.1920],
         [ 0.0000,  0.0000,  0.0000,  1.0000]]], device='cuda:0')
0:02:33.580817 - TCO pred_orn tensor([[[-0.7974,  0.4405,  0.4125, -0.0100],
         [-0.5604, -0.7940, -0.2355,  0.0062],
         [ 0.2238, -0.4189,  0.8800,  0.1920],
         [ 0.0000,  0.0000,  0.0000,  1.0000]]], device='cuda:0',
       grad_fn=<CopySlices>)
0:02:33.581785 - TCO pred_xy tensor([[[-0.7893,  0.4511,  0.4165, -0.0051],
         [-0.5688, -0.7927, -0.2192,  0.0089],
         [ 0.2313, -0.4099,  0.8823,  0.1920],
         [ 0.0000,  0.0000,  0.0000,  1.0000]]], device='cuda:0',
       grad_fn=<CopySlices>)
0:02:33.582730 - TCO pred_z tensor([[[-0.7893,  0.4511,  0.4165, -0.0100],
         [-0.5688, -0.7927, -0.2192,  0.0062],
         [ 0.2313, -0.4099,  0.8823,  0.1664],
         [ 0.0000,  0.0000,  0.0000,  1.0000]]], device='cuda:0',
       grad_fn=<CopySlices>)
0:02:33.583388 - loss orn tensor([7.5509e-05], device='cuda:0', grad_fn=<MinBackward0>)
0:02:33.584066 - loss xy tensor([0.0026], device='cuda:0', grad_fn=<MinBackward0>)
0:02:33.584715 - loss z tensor([0.0085], device='cuda:0', grad_fn=<MinBackward0>)
  0%|                                        | 0/1 [00:00<?, ?it/s, loss=0.0112]100%|████████████████████████████████| 1/1 [00:00<00:00,  4.53it/s, loss=0.0112]100%|████████████████████████████████| 1/1 [00:00<00:00,  4.52it/s, loss=0.0112]
0:02:33.349695 - saving /home/ubuntu/synthetic_pose_estimation/cosypose/local_data/experiments/bracket_assembly_debug_nut_nosym_coarse_noaug--938962 282
  0%|                                                     | 0/1 [00:00<?, ?it/s]0:02:33.764993 - iteration 0
0:02:33.808854 - outputs, {'pose': tensor([[-0.9555, -0.6722,  0.2793,  0.5487, -0.4744, -0.3829,  2.4074, -1.6032,
          0.6515]], device='cuda:0', grad_fn=<AddmmBackward0>)}
0:02:33.810544 - model_outputs {'pose': tensor([[-0.9555, -0.6722,  0.2793,  0.5487, -0.4744, -0.3829,  2.4074, -1.6032,
          0.6515]], device='cuda:0', grad_fn=<AddmmBackward0>)}
0:02:33.811364 - K crop tensor([[[1.4520e+03, 0.0000e+00, 2.9628e+02],
         [0.0000e+00, 1.4520e+03, 8.3199e+01],
         [0.0000e+00, 0.0000e+00, 1.0000e+00]]], device='cuda:0')
0:02:33.812249 - TCO_input tensor([[[ 1.0000,  0.0000,  0.0000, -0.0227],
         [ 0.0000,  1.0000,  0.0000,  0.0060],
         [ 0.0000,  0.0000,  1.0000,  0.2407],
         [ 0.0000,  0.0000,  0.0000,  1.0000]]], device='cuda:0')
0:02:33.813890 - model tco output tensor([[[-0.7955,  0.4395,  0.4173, -0.0145],
         [-0.5596, -0.7969, -0.2276,  0.0037],
         [ 0.2325, -0.4145,  0.8798,  0.1568],
         [ 0.0000,  0.0000,  0.0000,  1.0000]]], device='cuda:0',
       grad_fn=<CopySlices>)
0:02:33.852313 - Wrote debug data: /home/ubuntu/synthetic_pose_estimation/cosypose/local_data/debug_data/debug_iter=1.pth.tar
0:02:34.063853 - TCO_input tensor([[[ 1.0000,  0.0000,  0.0000, -0.0227],
         [ 0.0000,  1.0000,  0.0000,  0.0060],
         [ 0.0000,  0.0000,  1.0000,  0.2407],
         [ 0.0000,  0.0000,  0.0000,  1.0000]]], device='cuda:0')
0:02:34.065026 - vxvyvz tensor([[ 2.4074, -1.6032,  0.6515]], device='cuda:0',
       grad_fn=<SliceBackward0>)
0:02:34.066134 - dR tensor([[[-0.7955,  0.4395,  0.4173],
         [-0.5596, -0.7969, -0.2276],
         [ 0.2325, -0.4145,  0.8798]]], device='cuda:0',
       grad_fn=<StackBackward0>)
0:02:34.067069 - fxfy tensor([[1451.9644, 1451.9645]], device='cuda:0')
0:02:34.069692 - TCO_gt tensor([[[-0.7893,  0.4511,  0.4165, -0.0100],
         [-0.5688, -0.7927, -0.2192,  0.0062],
         [ 0.2313, -0.4099,  0.8823,  0.1920],
         [ 0.0000,  0.0000,  0.0000,  1.0000]]], device='cuda:0')
0:02:34.070648 - TCO pred_orn tensor([[[-0.7955,  0.4395,  0.4173, -0.0100],
         [-0.5596, -0.7969, -0.2276,  0.0062],
         [ 0.2325, -0.4145,  0.8798,  0.1920],
         [ 0.0000,  0.0000,  0.0000,  1.0000]]], device='cuda:0',
       grad_fn=<CopySlices>)
0:02:34.071594 - TCO pred_xy tensor([[[-0.7893,  0.4511,  0.4165, -0.0178],
         [-0.5688, -0.7927, -0.2192,  0.0046],
         [ 0.2313, -0.4099,  0.8823,  0.1920],
         [ 0.0000,  0.0000,  0.0000,  1.0000]]], device='cuda:0',
       grad_fn=<CopySlices>)
0:02:34.072534 - TCO pred_z tensor([[[-0.7893,  0.4511,  0.4165, -0.0100],
         [-0.5688, -0.7927, -0.2192,  0.0062],
         [ 0.2313, -0.4099,  0.8823,  0.1568],
         [ 0.0000,  0.0000,  0.0000,  1.0000]]], device='cuda:0',
       grad_fn=<CopySlices>)
0:02:34.073250 - loss orn tensor([5.7308e-05], device='cuda:0', grad_fn=<MinBackward0>)
0:02:34.073925 - loss xy tensor([0.0031], device='cuda:0', grad_fn=<MinBackward0>)
0:02:34.074572 - loss z tensor([0.0117], device='cuda:0', grad_fn=<MinBackward0>)
  0%|                                        | 0/1 [00:00<?, ?it/s, loss=0.0149]100%|████████████████████████████████| 1/1 [00:00<00:00,  4.59it/s, loss=0.0149]100%|████████████████████████████████| 1/1 [00:00<00:00,  4.58it/s, loss=0.0149]
0:02:33.844864 - saving /home/ubuntu/synthetic_pose_estimation/cosypose/local_data/experiments/bracket_assembly_debug_nut_nosym_coarse_noaug--938962 283
  0%|                                                     | 0/1 [00:00<?, ?it/s]0:02:34.260004 - iteration 0
0:02:34.304007 - outputs, {'pose': tensor([[-0.9563, -0.6725,  0.2841,  0.5546, -0.4793, -0.3771,  2.4286, -1.5989,
          0.6606]], device='cuda:0', grad_fn=<AddmmBackward0>)}
0:02:34.305705 - model_outputs {'pose': tensor([[-0.9563, -0.6725,  0.2841,  0.5546, -0.4793, -0.3771,  2.4286, -1.5989,
          0.6606]], device='cuda:0', grad_fn=<AddmmBackward0>)}
0:02:34.306517 - K crop tensor([[[1.6574e+03, 0.0000e+00, 2.7178e+02],
         [0.0000e+00, 1.6574e+03, 5.0230e+01],
         [0.0000e+00, 0.0000e+00, 1.0000e+00]]], device='cuda:0')
0:02:34.307400 - TCO_input tensor([[[ 1.0000,  0.0000,  0.0000, -0.0187],
         [ 0.0000,  1.0000,  0.0000,  0.0115],
         [ 0.0000,  0.0000,  1.0000,  0.2758],
         [ 0.0000,  0.0000,  0.0000,  1.0000]]], device='cuda:0')
0:02:34.308960 - model tco output tensor([[[-0.7949,  0.4432,  0.4145, -0.0121],
         [-0.5590, -0.8006, -0.2160,  0.0074],
         [ 0.2361, -0.4034,  0.8841,  0.1822],
         [ 0.0000,  0.0000,  0.0000,  1.0000]]], device='cuda:0',
       grad_fn=<CopySlices>)
0:02:34.347982 - Wrote debug data: /home/ubuntu/synthetic_pose_estimation/cosypose/local_data/debug_data/debug_iter=1.pth.tar
0:02:34.559794 - TCO_input tensor([[[ 1.0000,  0.0000,  0.0000, -0.0187],
         [ 0.0000,  1.0000,  0.0000,  0.0115],
         [ 0.0000,  0.0000,  1.0000,  0.2758],
         [ 0.0000,  0.0000,  0.0000,  1.0000]]], device='cuda:0')
0:02:34.560797 - vxvyvz tensor([[ 2.4286, -1.5989,  0.6606]], device='cuda:0',
       grad_fn=<SliceBackward0>)
0:02:34.561852 - dR tensor([[[-0.7949,  0.4432,  0.4145],
         [-0.5590, -0.8006, -0.2160],
         [ 0.2361, -0.4034,  0.8841]]], device='cuda:0',
       grad_fn=<StackBackward0>)
0:02:34.562751 - fxfy tensor([[1657.4436, 1657.4438]], device='cuda:0')
0:02:34.565325 - TCO_gt tensor([[[-0.7893,  0.4511,  0.4165, -0.0100],
         [-0.5688, -0.7927, -0.2192,  0.0062],
         [ 0.2313, -0.4099,  0.8823,  0.1920],
         [ 0.0000,  0.0000,  0.0000,  1.0000]]], device='cuda:0')
0:02:34.566272 - TCO pred_orn tensor([[[-0.7949,  0.4432,  0.4145, -0.0100],
         [-0.5590, -0.8006, -0.2160,  0.0062],
         [ 0.2361, -0.4034,  0.8841,  0.1920],
         [ 0.0000,  0.0000,  0.0000,  1.0000]]], device='cuda:0',
       grad_fn=<CopySlices>)
0:02:34.567211 - TCO pred_xy tensor([[[-0.7893,  0.4511,  0.4165, -0.0127],
         [-0.5688, -0.7927, -0.2192,  0.0078],
         [ 0.2313, -0.4099,  0.8823,  0.1920],
         [ 0.0000,  0.0000,  0.0000,  1.0000]]], device='cuda:0',
       grad_fn=<CopySlices>)
0:02:34.568128 - TCO pred_z tensor([[[-0.7893,  0.4511,  0.4165, -0.0100],
         [-0.5688, -0.7927, -0.2192,  0.0062],
         [ 0.2313, -0.4099,  0.8823,  0.1822],
         [ 0.0000,  0.0000,  0.0000,  1.0000]]], device='cuda:0',
       grad_fn=<CopySlices>)
0:02:34.568831 - loss orn tensor([6.0323e-05], device='cuda:0', grad_fn=<MinBackward0>)
0:02:34.569555 - loss xy tensor([0.0015], device='cuda:0', grad_fn=<MinBackward0>)
0:02:34.570246 - loss z tensor([0.0033], device='cuda:0', grad_fn=<MinBackward0>)
  0%|                                       | 0/1 [00:00<?, ?it/s, loss=0.00478]100%|███████████████████████████████| 1/1 [00:00<00:00,  4.60it/s, loss=0.00478]100%|███████████████████████████████| 1/1 [00:00<00:00,  4.59it/s, loss=0.00478]
0:02:34.335253 - saving /home/ubuntu/synthetic_pose_estimation/cosypose/local_data/experiments/bracket_assembly_debug_nut_nosym_coarse_noaug--938962 284
  0%|                                                     | 0/1 [00:00<?, ?it/s]0:02:34.754080 - iteration 0
0:02:34.808853 - outputs, {'pose': tensor([[-0.9499, -0.6785,  0.2845,  0.5550, -0.4767, -0.3732,  2.4275, -1.5928,
          0.6525]], device='cuda:0', grad_fn=<AddmmBackward0>)}
0:02:34.810981 - model_outputs {'pose': tensor([[-0.9499, -0.6785,  0.2845,  0.5550, -0.4767, -0.3732,  2.4275, -1.5928,
          0.6525]], device='cuda:0', grad_fn=<AddmmBackward0>)}
0:02:34.811991 - K crop tensor([[[1.5928e+03, 0.0000e+00, 2.3106e+02],
         [0.0000e+00, 1.5928e+03, 1.4119e+02],
         [0.0000e+00, 0.0000e+00, 1.0000e+00]]], device='cuda:0')
0:02:34.813150 - TCO_input tensor([[[ 1.0000,  0.0000,  0.0000, -0.0118],
         [ 0.0000,  1.0000,  0.0000, -0.0036],
         [ 0.0000,  0.0000,  1.0000,  0.2624],
         [ 0.0000,  0.0000,  0.0000,  1.0000]]], device='cuda:0')
0:02:34.814465 - model tco output tensor([[[-0.7906,  0.4503,  0.4150, -0.0074],
         [-0.5647, -0.7982, -0.2098, -0.0025],
         [ 0.2368, -0.4002,  0.8853,  0.1712],
         [ 0.0000,  0.0000,  0.0000,  1.0000]]], device='cuda:0',
       grad_fn=<CopySlices>)
0:02:34.853885 - Wrote debug data: /home/ubuntu/synthetic_pose_estimation/cosypose/local_data/debug_data/debug_iter=1.pth.tar
0:02:35.067127 - TCO_input tensor([[[ 1.0000,  0.0000,  0.0000, -0.0118],
         [ 0.0000,  1.0000,  0.0000, -0.0036],
         [ 0.0000,  0.0000,  1.0000,  0.2624],
         [ 0.0000,  0.0000,  0.0000,  1.0000]]], device='cuda:0')
0:02:35.068076 - vxvyvz tensor([[ 2.4275, -1.5928,  0.6525]], device='cuda:0',
       grad_fn=<SliceBackward0>)
0:02:35.069063 - dR tensor([[[-0.7906,  0.4503,  0.4150],
         [-0.5647, -0.7982, -0.2098],
         [ 0.2368, -0.4002,  0.8853]]], device='cuda:0',
       grad_fn=<StackBackward0>)
0:02:35.069954 - fxfy tensor([[1592.8394, 1592.8396]], device='cuda:0')
0:02:35.072420 - TCO_gt tensor([[[-0.7893,  0.4511,  0.4165, -0.0100],
         [-0.5688, -0.7927, -0.2192,  0.0062],
         [ 0.2313, -0.4099,  0.8823,  0.1920],
         [ 0.0000,  0.0000,  0.0000,  1.0000]]], device='cuda:0')
0:02:35.073375 - TCO pred_orn tensor([[[-0.7906,  0.4503,  0.4150, -0.0100],
         [-0.5647, -0.7982, -0.2098,  0.0062],
         [ 0.2368, -0.4002,  0.8853,  0.1920],
         [ 0.0000,  0.0000,  0.0000,  1.0000]]], device='cuda:0',
       grad_fn=<CopySlices>)
0:02:35.074272 - TCO pred_xy tensor([[[-0.7893,  0.4511,  0.4165, -0.0083],
         [-0.5688, -0.7927, -0.2192, -0.0028],
         [ 0.2313, -0.4099,  0.8823,  0.1920],
         [ 0.0000,  0.0000,  0.0000,  1.0000]]], device='cuda:0',
       grad_fn=<CopySlices>)
0:02:35.075159 - TCO pred_z tensor([[[-0.7893,  0.4511,  0.4165, -0.0100],
         [-0.5688, -0.7927, -0.2192,  0.0062],
         [ 0.2313, -0.4099,  0.8823,  0.1712],
         [ 0.0000,  0.0000,  0.0000,  1.0000]]], device='cuda:0',
       grad_fn=<CopySlices>)
0:02:35.075795 - loss orn tensor([4.2276e-05], device='cuda:0', grad_fn=<MinBackward0>)
0:02:35.076420 - loss xy tensor([0.0036], device='cuda:0', grad_fn=<MinBackward0>)
0:02:35.077051 - loss z tensor([0.0069], device='cuda:0', grad_fn=<MinBackward0>)
  0%|                                        | 0/1 [00:00<?, ?it/s, loss=0.0105]100%|████████████████████████████████| 1/1 [00:00<00:00,  4.28it/s, loss=0.0105]100%|████████████████████████████████| 1/1 [00:00<00:00,  4.27it/s, loss=0.0105]
0:02:34.828664 - saving /home/ubuntu/synthetic_pose_estimation/cosypose/local_data/experiments/bracket_assembly_debug_nut_nosym_coarse_noaug--938962 285
  0%|                                                     | 0/1 [00:00<?, ?it/s]0:02:35.243779 - iteration 0
0:02:35.287484 - outputs, {'pose': tensor([[-0.9469, -0.6926,  0.2842,  0.5609, -0.4858, -0.3770,  2.4363, -1.5897,
          0.6590]], device='cuda:0', grad_fn=<AddmmBackward0>)}
0:02:35.289081 - model_outputs {'pose': tensor([[-0.9469, -0.6926,  0.2842,  0.5609, -0.4858, -0.3770,  2.4363, -1.5897,
          0.6590]], device='cuda:0', grad_fn=<AddmmBackward0>)}
0:02:35.289881 - K crop tensor([[[2.1422e+03, 0.0000e+00, 2.5314e+02],
         [0.0000e+00, 2.1422e+03, 8.2243e+01],
         [0.0000e+00, 0.0000e+00, 1.0000e+00]]], device='cuda:0')
0:02:35.290735 - TCO_input tensor([[[ 1.0000,  0.0000,  0.0000, -0.0154],
         [ 0.0000,  1.0000,  0.0000,  0.0061],
         [ 0.0000,  0.0000,  1.0000,  0.3514],
         [ 0.0000,  0.0000,  0.0000,  1.0000]]], device='cuda:0')
0:02:35.292176 - model tco output tensor([[[-0.7844,  0.4595,  0.4165, -0.0099],
         [-0.5738, -0.7926, -0.2062,  0.0039],
         [ 0.2354, -0.4007,  0.8854,  0.2316],
         [ 0.0000,  0.0000,  0.0000,  1.0000]]], device='cuda:0',
       grad_fn=<CopySlices>)
0:02:35.328227 - Wrote debug data: /home/ubuntu/synthetic_pose_estimation/cosypose/local_data/debug_data/debug_iter=1.pth.tar
0:02:35.537515 - TCO_input tensor([[[ 1.0000,  0.0000,  0.0000, -0.0154],
         [ 0.0000,  1.0000,  0.0000,  0.0061],
         [ 0.0000,  0.0000,  1.0000,  0.3514],
         [ 0.0000,  0.0000,  0.0000,  1.0000]]], device='cuda:0')
0:02:35.538467 - vxvyvz tensor([[ 2.4363, -1.5897,  0.6590]], device='cuda:0',
       grad_fn=<SliceBackward0>)
0:02:35.539431 - dR tensor([[[-0.7844,  0.4595,  0.4165],
         [-0.5738, -0.7926, -0.2062],
         [ 0.2354, -0.4007,  0.8854]]], device='cuda:0',
       grad_fn=<StackBackward0>)
0:02:35.540291 - fxfy tensor([[2142.2480, 2142.2485]], device='cuda:0')
0:02:35.542872 - TCO_gt tensor([[[-0.7893,  0.4511,  0.4165, -0.0100],
         [-0.5688, -0.7927, -0.2192,  0.0062],
         [ 0.2313, -0.4099,  0.8823,  0.1920],
         [ 0.0000,  0.0000,  0.0000,  1.0000]]], device='cuda:0')
0:02:35.543782 - TCO pred_orn tensor([[[-0.7844,  0.4595,  0.4165, -0.0100],
         [-0.5738, -0.7926, -0.2062,  0.0062],
         [ 0.2354, -0.4007,  0.8854,  0.1920],
         [ 0.0000,  0.0000,  0.0000,  1.0000]]], device='cuda:0',
       grad_fn=<CopySlices>)
0:02:35.544684 - TCO pred_xy tensor([[[-0.7893,  0.4511,  0.4165, -0.0082],
         [-0.5688, -0.7927, -0.2192,  0.0032],
         [ 0.2313, -0.4099,  0.8823,  0.1920],
         [ 0.0000,  0.0000,  0.0000,  1.0000]]], device='cuda:0',
       grad_fn=<CopySlices>)
0:02:35.545665 - TCO pred_z tensor([[[-0.7893,  0.4511,  0.4165, -0.0100],
         [-0.5688, -0.7927, -0.2192,  0.0062],
         [ 0.2313, -0.4099,  0.8823,  0.2316],
         [ 0.0000,  0.0000,  0.0000,  1.0000]]], device='cuda:0',
       grad_fn=<CopySlices>)
0:02:35.546303 - loss orn tensor([5.8882e-05], device='cuda:0', grad_fn=<MinBackward0>)
0:02:35.546922 - loss xy tensor([0.0016], device='cuda:0', grad_fn=<MinBackward0>)
0:02:35.547541 - loss z tensor([0.0132], device='cuda:0', grad_fn=<MinBackward0>)
  0%|                                        | 0/1 [00:00<?, ?it/s, loss=0.0149]100%|████████████████████████████████| 1/1 [00:00<00:00,  4.68it/s, loss=0.0149]100%|████████████████████████████████| 1/1 [00:00<00:00,  4.67it/s, loss=0.0149]
0:02:35.302269 - saving /home/ubuntu/synthetic_pose_estimation/cosypose/local_data/experiments/bracket_assembly_debug_nut_nosym_coarse_noaug--938962 286
  0%|                                                     | 0/1 [00:00<?, ?it/s]0:02:35.717608 - iteration 0
0:02:35.761147 - outputs, {'pose': tensor([[-0.9382, -0.6978,  0.2771,  0.5537, -0.4828, -0.3760,  2.4435, -1.5774,
          0.6642]], device='cuda:0', grad_fn=<AddmmBackward0>)}
0:02:35.762719 - model_outputs {'pose': tensor([[-0.9382, -0.6978,  0.2771,  0.5537, -0.4828, -0.3760,  2.4435, -1.5774,
          0.6642]], device='cuda:0', grad_fn=<AddmmBackward0>)}
0:02:35.763515 - K crop tensor([[[1.8662e+03, 0.0000e+00, 2.7219e+02],
         [0.0000e+00, 1.8662e+03, 1.1102e+02],
         [0.0000e+00, 0.0000e+00, 1.0000e+00]]], device='cuda:0')
0:02:35.764383 - TCO_input tensor([[[ 1.0000,  0.0000,  0.0000, -0.0184],
         [ 0.0000,  1.0000,  0.0000,  0.0014],
         [ 0.0000,  0.0000,  1.0000,  0.3053],
         [ 0.0000,  0.0000,  0.0000,  1.0000]]], device='cuda:0')
0:02:35.766890 - model tco output tensor([[[-7.8079e-01,  4.6500e-01,  4.1731e-01, -1.1977e-02],
         [-5.8069e-01, -7.8657e-01, -2.1000e-01,  7.4992e-04],
         [ 2.3059e-01, -4.0629e-01,  8.8417e-01,  2.0274e-01],
         [ 0.0000e+00,  0.0000e+00,  0.0000e+00,  1.0000e+00]]],
       device='cuda:0', grad_fn=<CopySlices>)
0:02:35.803800 - Wrote debug data: /home/ubuntu/synthetic_pose_estimation/cosypose/local_data/debug_data/debug_iter=1.pth.tar
0:02:36.014370 - TCO_input tensor([[[ 1.0000,  0.0000,  0.0000, -0.0184],
         [ 0.0000,  1.0000,  0.0000,  0.0014],
         [ 0.0000,  0.0000,  1.0000,  0.3053],
         [ 0.0000,  0.0000,  0.0000,  1.0000]]], device='cuda:0')
0:02:36.015403 - vxvyvz tensor([[ 2.4435, -1.5774,  0.6642]], device='cuda:0',
       grad_fn=<SliceBackward0>)
0:02:36.016401 - dR tensor([[[-0.7808,  0.4650,  0.4173],
         [-0.5807, -0.7866, -0.2100],
         [ 0.2306, -0.4063,  0.8842]]], device='cuda:0',
       grad_fn=<StackBackward0>)
0:02:36.017290 - fxfy tensor([[1866.1643, 1866.1643]], device='cuda:0')
0:02:36.019863 - TCO_gt tensor([[[-0.7893,  0.4511,  0.4165, -0.0100],
         [-0.5688, -0.7927, -0.2192,  0.0062],
         [ 0.2313, -0.4099,  0.8823,  0.1920],
         [ 0.0000,  0.0000,  0.0000,  1.0000]]], device='cuda:0')
0:02:36.020782 - TCO pred_orn tensor([[[-0.7808,  0.4650,  0.4173, -0.0100],
         [-0.5807, -0.7866, -0.2100,  0.0062],
         [ 0.2306, -0.4063,  0.8842,  0.1920],
         [ 0.0000,  0.0000,  0.0000,  1.0000]]], device='cuda:0',
       grad_fn=<CopySlices>)
0:02:36.021712 - TCO pred_xy tensor([[[-7.8929e-01,  4.5115e-01,  4.1651e-01, -1.1341e-02],
         [-5.6879e-01, -7.9274e-01, -2.1920e-01,  7.1007e-04],
         [ 2.3129e-01, -4.0992e-01,  8.8231e-01,  1.9197e-01],
         [ 0.0000e+00,  0.0000e+00,  0.0000e+00,  1.0000e+00]]],
       device='cuda:0', grad_fn=<CopySlices>)
0:02:36.022613 - TCO pred_z tensor([[[-0.7893,  0.4511,  0.4165, -0.0100],
         [-0.5688, -0.7927, -0.2192,  0.0062],
         [ 0.2313, -0.4099,  0.8823,  0.2027],
         [ 0.0000,  0.0000,  0.0000,  1.0000]]], device='cuda:0',
       grad_fn=<CopySlices>)
0:02:36.023251 - loss orn tensor([6.7813e-05], device='cuda:0', grad_fn=<MinBackward0>)
0:02:36.023903 - loss xy tensor([0.0023], device='cuda:0', grad_fn=<MinBackward0>)
0:02:36.024522 - loss z tensor([0.0036], device='cuda:0', grad_fn=<MinBackward0>)
  0%|                                       | 0/1 [00:00<?, ?it/s, loss=0.00593]100%|███████████████████████████████| 1/1 [00:00<00:00,  4.59it/s, loss=0.00593]100%|███████████████████████████████| 1/1 [00:00<00:00,  4.58it/s, loss=0.00593]
0:02:35.785161 - saving /home/ubuntu/synthetic_pose_estimation/cosypose/local_data/experiments/bracket_assembly_debug_nut_nosym_coarse_noaug--938962 287
  0%|                                                     | 0/1 [00:00<?, ?it/s]0:02:36.200921 - iteration 0
0:02:36.244656 - outputs, {'pose': tensor([[-0.9325, -0.6988,  0.2824,  0.5484, -0.4785, -0.3756,  2.4526, -1.5743,
          0.6695]], device='cuda:0', grad_fn=<AddmmBackward0>)}
0:02:36.246318 - model_outputs {'pose': tensor([[-0.9325, -0.6988,  0.2824,  0.5484, -0.4785, -0.3756,  2.4526, -1.5743,
          0.6695]], device='cuda:0', grad_fn=<AddmmBackward0>)}
0:02:36.247099 - K crop tensor([[[1.8588e+03, 0.0000e+00, 2.3705e+02],
         [0.0000e+00, 1.8588e+03, 9.6526e+01],
         [0.0000e+00, 0.0000e+00, 1.0000e+00]]], device='cuda:0')
0:02:36.247964 - TCO_input tensor([[[ 1.0000,  0.0000,  0.0000, -0.0127],
         [ 0.0000,  1.0000,  0.0000,  0.0038],
         [ 0.0000,  0.0000,  1.0000,  0.3050],
         [ 0.0000,  0.0000,  0.0000,  1.0000]]], device='cuda:0')
0:02:36.249472 - model tco output tensor([[[-0.7777,  0.4651,  0.4228, -0.0083],
         [-0.5828, -0.7856, -0.2078,  0.0024],
         [ 0.2355, -0.4080,  0.8821,  0.2042],
         [ 0.0000,  0.0000,  0.0000,  1.0000]]], device='cuda:0',
       grad_fn=<CopySlices>)
0:02:36.288569 - Wrote debug data: /home/ubuntu/synthetic_pose_estimation/cosypose/local_data/debug_data/debug_iter=1.pth.tar
0:02:36.500909 - TCO_input tensor([[[ 1.0000,  0.0000,  0.0000, -0.0127],
         [ 0.0000,  1.0000,  0.0000,  0.0038],
         [ 0.0000,  0.0000,  1.0000,  0.3050],
         [ 0.0000,  0.0000,  0.0000,  1.0000]]], device='cuda:0')
0:02:36.502009 - vxvyvz tensor([[ 2.4526, -1.5743,  0.6695]], device='cuda:0',
       grad_fn=<SliceBackward0>)
0:02:36.503020 - dR tensor([[[-0.7777,  0.4651,  0.4228],
         [-0.5828, -0.7856, -0.2078],
         [ 0.2355, -0.4080,  0.8821]]], device='cuda:0',
       grad_fn=<StackBackward0>)
0:02:36.503957 - fxfy tensor([[1858.7924, 1858.7925]], device='cuda:0')
0:02:36.506498 - TCO_gt tensor([[[-0.7893,  0.4511,  0.4165, -0.0100],
         [-0.5688, -0.7927, -0.2192,  0.0062],
         [ 0.2313, -0.4099,  0.8823,  0.1920],
         [ 0.0000,  0.0000,  0.0000,  1.0000]]], device='cuda:0')
0:02:36.507414 - TCO pred_orn tensor([[[-0.7777,  0.4651,  0.4228, -0.0100],
         [-0.5828, -0.7856, -0.2078,  0.0062],
         [ 0.2355, -0.4080,  0.8821,  0.1920],
         [ 0.0000,  0.0000,  0.0000,  1.0000]]], device='cuda:0',
       grad_fn=<CopySlices>)
0:02:36.508317 - TCO pred_xy tensor([[[-0.7893,  0.4511,  0.4165, -0.0078],
         [-0.5688, -0.7927, -0.2192,  0.0022],
         [ 0.2313, -0.4099,  0.8823,  0.1920],
         [ 0.0000,  0.0000,  0.0000,  1.0000]]], device='cuda:0',
       grad_fn=<CopySlices>)
0:02:36.509246 - TCO pred_z tensor([[[-0.7893,  0.4511,  0.4165, -0.0100],
         [-0.5688, -0.7927, -0.2192,  0.0062],
         [ 0.2313, -0.4099,  0.8823,  0.2042],
         [ 0.0000,  0.0000,  0.0000,  1.0000]]], device='cuda:0',
       grad_fn=<CopySlices>)
0:02:36.509908 - loss orn tensor([7.6746e-05], device='cuda:0', grad_fn=<MinBackward0>)
0:02:36.510526 - loss xy tensor([0.0021], device='cuda:0', grad_fn=<MinBackward0>)
0:02:36.511144 - loss z tensor([0.0041], device='cuda:0', grad_fn=<MinBackward0>)
  0%|                                       | 0/1 [00:00<?, ?it/s, loss=0.00623]100%|███████████████████████████████| 1/1 [00:00<00:00,  4.57it/s, loss=0.00623]100%|███████████████████████████████| 1/1 [00:00<00:00,  4.56it/s, loss=0.00623]
0:02:36.263222 - saving /home/ubuntu/synthetic_pose_estimation/cosypose/local_data/experiments/bracket_assembly_debug_nut_nosym_coarse_noaug--938962 288
  0%|                                                     | 0/1 [00:00<?, ?it/s]0:02:36.678652 - iteration 0
0:02:36.722113 - outputs, {'pose': tensor([[-0.9430, -0.6989,  0.2656,  0.5438, -0.4793, -0.3864,  2.4605, -1.5651,
          0.6631]], device='cuda:0', grad_fn=<AddmmBackward0>)}
0:02:36.723735 - model_outputs {'pose': tensor([[-0.9430, -0.6989,  0.2656,  0.5438, -0.4793, -0.3864,  2.4605, -1.5651,
          0.6631]], device='cuda:0', grad_fn=<AddmmBackward0>)}
0:02:36.724535 - K crop tensor([[[1.8287e+03, 0.0000e+00, 2.7609e+02],
         [0.0000e+00, 1.8287e+03, 7.7156e+00],
         [0.0000e+00, 0.0000e+00, 1.0000e+00]]], device='cuda:0')
0:02:36.725394 - TCO_input tensor([[[ 1.0000,  0.0000,  0.0000, -0.0195],
         [ 0.0000,  1.0000,  0.0000,  0.0187],
         [ 0.0000,  0.0000,  1.0000,  0.3061],
         [ 0.0000,  0.0000,  0.0000,  1.0000]]], device='cuda:0')
0:02:36.726900 - model tco output tensor([[[-0.7836,  0.4585,  0.4192, -0.0127],
         [-0.5808, -0.7803, -0.2321,  0.0122],
         [ 0.2207, -0.4253,  0.8777,  0.2030],
         [ 0.0000,  0.0000,  0.0000,  1.0000]]], device='cuda:0',
       grad_fn=<CopySlices>)
0:02:36.767580 - Wrote debug data: /home/ubuntu/synthetic_pose_estimation/cosypose/local_data/debug_data/debug_iter=1.pth.tar
0:02:36.977924 - TCO_input tensor([[[ 1.0000,  0.0000,  0.0000, -0.0195],
         [ 0.0000,  1.0000,  0.0000,  0.0187],
         [ 0.0000,  0.0000,  1.0000,  0.3061],
         [ 0.0000,  0.0000,  0.0000,  1.0000]]], device='cuda:0')
0:02:36.978959 - vxvyvz tensor([[ 2.4605, -1.5651,  0.6631]], device='cuda:0',
       grad_fn=<SliceBackward0>)
0:02:36.979953 - dR tensor([[[-0.7836,  0.4585,  0.4192],
         [-0.5808, -0.7803, -0.2321],
         [ 0.2207, -0.4253,  0.8777]]], device='cuda:0',
       grad_fn=<StackBackward0>)
0:02:36.980823 - fxfy tensor([[1828.7003, 1828.7004]], device='cuda:0')
0:02:36.983449 - TCO_gt tensor([[[-0.7893,  0.4511,  0.4165, -0.0100],
         [-0.5688, -0.7927, -0.2192,  0.0062],
         [ 0.2313, -0.4099,  0.8823,  0.1920],
         [ 0.0000,  0.0000,  0.0000,  1.0000]]], device='cuda:0')
0:02:36.984373 - TCO pred_orn tensor([[[-0.7836,  0.4585,  0.4192, -0.0100],
         [-0.5808, -0.7803, -0.2321,  0.0062],
         [ 0.2207, -0.4253,  0.8777,  0.1920],
         [ 0.0000,  0.0000,  0.0000,  1.0000]]], device='cuda:0',
       grad_fn=<CopySlices>)
0:02:36.985335 - TCO pred_xy tensor([[[-0.7893,  0.4511,  0.4165, -0.0120],
         [-0.5688, -0.7927, -0.2192,  0.0116],
         [ 0.2313, -0.4099,  0.8823,  0.1920],
         [ 0.0000,  0.0000,  0.0000,  1.0000]]], device='cuda:0',
       grad_fn=<CopySlices>)
0:02:36.986238 - TCO pred_z tensor([[[-0.7893,  0.4511,  0.4165, -0.0100],
         [-0.5688, -0.7927, -0.2192,  0.0062],
         [ 0.2313, -0.4099,  0.8823,  0.2030],
         [ 0.0000,  0.0000,  0.0000,  1.0000]]], device='cuda:0',
       grad_fn=<CopySlices>)
0:02:36.986915 - loss orn tensor([9.1499e-05], device='cuda:0', grad_fn=<MinBackward0>)
0:02:36.987539 - loss xy tensor([0.0025], device='cuda:0', grad_fn=<MinBackward0>)
0:02:36.988166 - loss z tensor([0.0037], device='cuda:0', grad_fn=<MinBackward0>)
  0%|                                       | 0/1 [00:00<?, ?it/s, loss=0.00621]100%|███████████████████████████████| 1/1 [00:00<00:00,  4.60it/s, loss=0.00621]100%|███████████████████████████████| 1/1 [00:00<00:00,  4.59it/s, loss=0.00621]
0:02:36.741801 - saving /home/ubuntu/synthetic_pose_estimation/cosypose/local_data/experiments/bracket_assembly_debug_nut_nosym_coarse_noaug--938962 289
  0%|                                                     | 0/1 [00:00<?, ?it/s]0:02:37.157078 - iteration 0
0:02:37.200446 - outputs, {'pose': tensor([[-0.9500, -0.6928,  0.2731,  0.5467, -0.4742, -0.3910,  2.4636, -1.5698,
          0.6662]], device='cuda:0', grad_fn=<AddmmBackward0>)}
0:02:37.202033 - model_outputs {'pose': tensor([[-0.9500, -0.6928,  0.2731,  0.5467, -0.4742, -0.3910,  2.4636, -1.5698,
          0.6662]], device='cuda:0', grad_fn=<AddmmBackward0>)}
0:02:37.202811 - K crop tensor([[[1.6386e+03, 0.0000e+00, 2.9690e+02],
         [0.0000e+00, 1.6386e+03, 7.4875e+01],
         [0.0000e+00, 0.0000e+00, 1.0000e+00]]], device='cuda:0')
0:02:37.203654 - TCO_input tensor([[[ 1.0000,  0.0000,  0.0000, -0.0227],
         [ 0.0000,  1.0000,  0.0000,  0.0074],
         [ 0.0000,  0.0000,  1.0000,  0.2712],
         [ 0.0000,  0.0000,  0.0000,  1.0000]]], device='cuda:0')
0:02:37.204544 - model tco output tensor([[[-0.7870,  0.4494,  0.4227, -0.0149],
         [-0.5739, -0.7846, -0.2345,  0.0047],
         [ 0.2263, -0.4271,  0.8754,  0.1807],
         [ 0.0000,  0.0000,  0.0000,  1.0000]]], device='cuda:0',
       grad_fn=<CopySlices>)
0:02:37.244057 - Wrote debug data: /home/ubuntu/synthetic_pose_estimation/cosypose/local_data/debug_data/debug_iter=1.pth.tar
0:02:37.455307 - TCO_input tensor([[[ 1.0000,  0.0000,  0.0000, -0.0227],
         [ 0.0000,  1.0000,  0.0000,  0.0074],
         [ 0.0000,  0.0000,  1.0000,  0.2712],
         [ 0.0000,  0.0000,  0.0000,  1.0000]]], device='cuda:0')
0:02:37.456253 - vxvyvz tensor([[ 2.4636, -1.5698,  0.6662]], device='cuda:0',
       grad_fn=<SliceBackward0>)
0:02:37.457263 - dR tensor([[[-0.7870,  0.4494,  0.4227],
         [-0.5739, -0.7846, -0.2345],
         [ 0.2263, -0.4271,  0.8754]]], device='cuda:0',
       grad_fn=<StackBackward0>)
0:02:37.458111 - fxfy tensor([[1638.6168, 1638.6169]], device='cuda:0')
0:02:37.460563 - TCO_gt tensor([[[-0.7893,  0.4511,  0.4165, -0.0100],
         [-0.5688, -0.7927, -0.2192,  0.0062],
         [ 0.2313, -0.4099,  0.8823,  0.1920],
         [ 0.0000,  0.0000,  0.0000,  1.0000]]], device='cuda:0')
0:02:37.461505 - TCO pred_orn tensor([[[-0.7870,  0.4494,  0.4227, -0.0100],
         [-0.5739, -0.7846, -0.2345,  0.0062],
         [ 0.2263, -0.4271,  0.8754,  0.1920],
         [ 0.0000,  0.0000,  0.0000,  1.0000]]], device='cuda:0',
       grad_fn=<CopySlices>)
0:02:37.462404 - TCO pred_xy tensor([[[-0.7893,  0.4511,  0.4165, -0.0158],
         [-0.5688, -0.7927, -0.2192,  0.0050],
         [ 0.2313, -0.4099,  0.8823,  0.1920],
         [ 0.0000,  0.0000,  0.0000,  1.0000]]], device='cuda:0',
       grad_fn=<CopySlices>)
0:02:37.463298 - TCO pred_z tensor([[[-0.7893,  0.4511,  0.4165, -0.0100],
         [-0.5688, -0.7927, -0.2192,  0.0062],
         [ 0.2313, -0.4099,  0.8823,  0.1807],
         [ 0.0000,  0.0000,  0.0000,  1.0000]]], device='cuda:0',
       grad_fn=<CopySlices>)
0:02:37.463939 - loss orn tensor([7.0738e-05], device='cuda:0', grad_fn=<MinBackward0>)
0:02:37.464562 - loss xy tensor([0.0023], device='cuda:0', grad_fn=<MinBackward0>)
0:02:37.465250 - loss z tensor([0.0038], device='cuda:0', grad_fn=<MinBackward0>)
  0%|                                       | 0/1 [00:00<?, ?it/s, loss=0.00615]100%|███████████████████████████████| 1/1 [00:00<00:00,  4.64it/s, loss=0.00615]100%|███████████████████████████████| 1/1 [00:00<00:00,  4.63it/s, loss=0.00615]
  0%|                                                     | 0/1 [00:00<?, ?it/s]0:02:37.372283 - iteration 0
0:02:37.408673 - outputs, {'pose': tensor([[-0.0904, -0.0164,  0.0055,  0.1579, -0.0019, -0.1029,  0.3392, -0.2226,
          0.1636]], device='cuda:0')}
0:02:37.410162 - model_outputs {'pose': tensor([[-0.0904, -0.0164,  0.0055,  0.1579, -0.0019, -0.1029,  0.3392, -0.2226,
          0.1636]], device='cuda:0')}
0:02:37.410910 - K crop tensor([[[1.9351e+03, 0.0000e+00, 2.5429e+02],
         [0.0000e+00, 1.9351e+03, 9.8703e+01],
         [0.0000e+00, 0.0000e+00, 1.0000e+00]]], device='cuda:0')
0:02:37.411745 - TCO_input tensor([[[ 1.0000,  0.0000,  0.0000, -0.0155],
         [ 0.0000,  1.0000,  0.0000,  0.0034],
         [ 0.0000,  0.0000,  1.0000,  0.3171],
         [ 0.0000,  0.0000,  0.0000,  1.0000]]], device='cuda:0')
0:02:37.412605 - model tco output tensor([[[-9.8212e-01, -1.0748e-03,  1.8826e-01, -2.5327e-03],
         [-1.7853e-01, -3.1206e-01, -9.3314e-01,  5.5172e-04],
         [ 5.9752e-02, -9.5006e-01,  3.0629e-01,  5.1893e-02],
         [ 0.0000e+00,  0.0000e+00,  0.0000e+00,  1.0000e+00]]],
       device='cuda:0')
0:02:37.453889 - Wrote debug data: /home/ubuntu/synthetic_pose_estimation/cosypose/local_data/debug_data/debug_iter=1.pth.tar
0:02:37.664976 - TCO_input tensor([[[ 1.0000,  0.0000,  0.0000, -0.0155],
         [ 0.0000,  1.0000,  0.0000,  0.0034],
         [ 0.0000,  0.0000,  1.0000,  0.3171],
         [ 0.0000,  0.0000,  0.0000,  1.0000]]], device='cuda:0')
0:02:37.665984 - vxvyvz tensor([[ 0.3392, -0.2226,  0.1636]], device='cuda:0')
0:02:37.666975 - dR tensor([[[-0.9821, -0.0011,  0.1883],
         [-0.1785, -0.3121, -0.9331],
         [ 0.0598, -0.9501,  0.3063]]], device='cuda:0')
0:02:37.667824 - fxfy tensor([[1935.1346, 1935.1346]], device='cuda:0')
0:02:37.670155 - TCO_gt tensor([[[-0.7893,  0.4511,  0.4165, -0.0100],
         [-0.5688, -0.7927, -0.2192,  0.0062],
         [ 0.2313, -0.4099,  0.8823,  0.1920],
         [ 0.0000,  0.0000,  0.0000,  1.0000]]], device='cuda:0')
0:02:37.671057 - TCO pred_orn tensor([[[-0.9821, -0.0011,  0.1883, -0.0100],
         [-0.1785, -0.3121, -0.9331,  0.0062],
         [ 0.0598, -0.9501,  0.3063,  0.1920],
         [ 0.0000,  0.0000,  0.0000,  1.0000]]], device='cuda:0')
0:02:37.671948 - TCO pred_xy tensor([[[-0.7893,  0.4511,  0.4165, -0.0094],
         [-0.5688, -0.7927, -0.2192,  0.0020],
         [ 0.2313, -0.4099,  0.8823,  0.1920],
         [ 0.0000,  0.0000,  0.0000,  1.0000]]], device='cuda:0')
0:02:37.672863 - TCO pred_z tensor([[[-0.7893,  0.4511,  0.4165, -0.0100],
         [-0.5688, -0.7927, -0.2192,  0.0062],
         [ 0.2313, -0.4099,  0.8823,  0.0519],
         [ 0.0000,  0.0000,  0.0000,  1.0000]]], device='cuda:0')
0:02:37.673513 - loss orn tensor([0.0037], device='cuda:0')
0:02:37.674146 - loss xy tensor([0.0016], device='cuda:0')
0:02:37.674769 - loss z tensor([0.0467], device='cuda:0')
100%|█████████████████████████████████████████████| 1/1 [00:00<00:00,  8.23it/s]100%|█████████████████████████████████████████████| 1/1 [00:00<00:00,  8.21it/s]
0:02:37.345108 - saving /home/ubuntu/synthetic_pose_estimation/cosypose/local_data/experiments/bracket_assembly_debug_nut_nosym_coarse_noaug--938962 290
  0%|                                                     | 0/1 [00:00<?, ?it/s]0:02:37.756965 - iteration 0
0:02:37.800436 - outputs, {'pose': tensor([[-0.9441, -0.6830,  0.2713,  0.5370, -0.4681, -0.3891,  2.4608, -1.5480,
          0.6508]], device='cuda:0', grad_fn=<AddmmBackward0>)}
0:02:37.802044 - model_outputs {'pose': tensor([[-0.9441, -0.6830,  0.2713,  0.5370, -0.4681, -0.3891,  2.4608, -1.5480,
          0.6508]], device='cuda:0', grad_fn=<AddmmBackward0>)}
0:02:37.802810 - K crop tensor([[[1.7005e+03, 0.0000e+00, 2.8155e+02],
         [0.0000e+00, 1.7005e+03, 6.5303e+01],
         [0.0000e+00, 0.0000e+00, 1.0000e+00]]], device='cuda:0')
0:02:37.803653 - TCO_input tensor([[[ 1.0000,  0.0000,  0.0000, -0.0202],
         [ 0.0000,  1.0000,  0.0000,  0.0090],
         [ 0.0000,  0.0000,  1.0000,  0.2817],
         [ 0.0000,  0.0000,  0.0000,  1.0000]]], device='cuda:0')
0:02:37.804540 - model tco output tensor([[[-0.7891,  0.4443,  0.4241, -0.0129],
         [-0.5709, -0.7854, -0.2394,  0.0057],
         [ 0.2267, -0.4310,  0.8734,  0.1834],
         [ 0.0000,  0.0000,  0.0000,  1.0000]]], device='cuda:0',
       grad_fn=<CopySlices>)
0:02:37.842645 - Wrote debug data: /home/ubuntu/synthetic_pose_estimation/cosypose/local_data/debug_data/debug_iter=1.pth.tar
0:02:38.053031 - TCO_input tensor([[[ 1.0000,  0.0000,  0.0000, -0.0202],
         [ 0.0000,  1.0000,  0.0000,  0.0090],
         [ 0.0000,  0.0000,  1.0000,  0.2817],
         [ 0.0000,  0.0000,  0.0000,  1.0000]]], device='cuda:0')
0:02:38.054025 - vxvyvz tensor([[ 2.4608, -1.5480,  0.6508]], device='cuda:0',
       grad_fn=<SliceBackward0>)
0:02:38.055006 - dR tensor([[[-0.7891,  0.4443,  0.4241],
         [-0.5709, -0.7854, -0.2394],
         [ 0.2267, -0.4310,  0.8734]]], device='cuda:0',
       grad_fn=<StackBackward0>)
0:02:38.055866 - fxfy tensor([[1700.5040, 1700.5039]], device='cuda:0')
0:02:38.058411 - TCO_gt tensor([[[-0.7893,  0.4511,  0.4165, -0.0100],
         [-0.5688, -0.7927, -0.2192,  0.0062],
         [ 0.2313, -0.4099,  0.8823,  0.1920],
         [ 0.0000,  0.0000,  0.0000,  1.0000]]], device='cuda:0')
0:02:38.059321 - TCO pred_orn tensor([[[-0.7891,  0.4443,  0.4241, -0.0100],
         [-0.5709, -0.7854, -0.2394,  0.0062],
         [ 0.2267, -0.4310,  0.8734,  0.1920],
         [ 0.0000,  0.0000,  0.0000,  1.0000]]], device='cuda:0',
       grad_fn=<CopySlices>)
0:02:38.060215 - TCO pred_xy tensor([[[-0.7893,  0.4511,  0.4165, -0.0135],
         [-0.5688, -0.7927, -0.2192,  0.0059],
         [ 0.2313, -0.4099,  0.8823,  0.1920],
         [ 0.0000,  0.0000,  0.0000,  1.0000]]], device='cuda:0',
       grad_fn=<CopySlices>)
0:02:38.061122 - TCO pred_z tensor([[[-0.7893,  0.4511,  0.4165, -0.0100],
         [-0.5688, -0.7927, -0.2192,  0.0062],
         [ 0.2313, -0.4099,  0.8823,  0.1834],
         [ 0.0000,  0.0000,  0.0000,  1.0000]]], device='cuda:0',
       grad_fn=<CopySlices>)
0:02:38.061808 - loss orn tensor([8.9660e-05], device='cuda:0', grad_fn=<MinBackward0>)
0:02:38.062426 - loss xy tensor([0.0012], device='cuda:0', grad_fn=<MinBackward0>)
0:02:38.063042 - loss z tensor([0.0029], device='cuda:0', grad_fn=<MinBackward0>)
  0%|                                        | 0/1 [00:00<?, ?it/s, loss=0.0042]100%|████████████████████████████████| 1/1 [00:00<00:00,  4.73it/s, loss=0.0042]100%|████████████████████████████████| 1/1 [00:00<00:00,  4.72it/s, loss=0.0042]
0:02:37.820463 - saving /home/ubuntu/synthetic_pose_estimation/cosypose/local_data/experiments/bracket_assembly_debug_nut_nosym_coarse_noaug--938962 291
  0%|                                                     | 0/1 [00:00<?, ?it/s]0:02:38.235921 - iteration 0
0:02:38.279619 - outputs, {'pose': tensor([[-0.9555, -0.6742,  0.2739,  0.5435, -0.4741, -0.3898,  2.4852, -1.5427,
          0.6578]], device='cuda:0', grad_fn=<AddmmBackward0>)}
0:02:38.281199 - model_outputs {'pose': tensor([[-0.9555, -0.6742,  0.2739,  0.5435, -0.4741, -0.3898,  2.4852, -1.5427,
          0.6578]], device='cuda:0', grad_fn=<AddmmBackward0>)}
0:02:38.281994 - K crop tensor([[[1.9523e+03, 0.0000e+00, 2.4774e+02],
         [0.0000e+00, 1.9523e+03, 5.5601e+01],
         [0.0000e+00, 0.0000e+00, 1.0000e+00]]], device='cuda:0')
0:02:38.282858 - TCO_input tensor([[[ 1.0000,  0.0000,  0.0000, -0.0146],
         [ 0.0000,  1.0000,  0.0000,  0.0106],
         [ 0.0000,  0.0000,  1.0000,  0.3227],
         [ 0.0000,  0.0000,  0.0000,  1.0000]]], device='cuda:0')
0:02:38.284430 - model tco output tensor([[[-0.7956,  0.4371,  0.4196, -0.0093],
         [-0.5613, -0.7923, -0.2390,  0.0068],
         [ 0.2280, -0.4256,  0.8757,  0.2123],
         [ 0.0000,  0.0000,  0.0000,  1.0000]]], device='cuda:0',
       grad_fn=<CopySlices>)
0:02:38.322097 - Wrote debug data: /home/ubuntu/synthetic_pose_estimation/cosypose/local_data/debug_data/debug_iter=1.pth.tar
0:02:38.534280 - TCO_input tensor([[[ 1.0000,  0.0000,  0.0000, -0.0146],
         [ 0.0000,  1.0000,  0.0000,  0.0106],
         [ 0.0000,  0.0000,  1.0000,  0.3227],
         [ 0.0000,  0.0000,  0.0000,  1.0000]]], device='cuda:0')
0:02:38.535254 - vxvyvz tensor([[ 2.4852, -1.5427,  0.6578]], device='cuda:0',
       grad_fn=<SliceBackward0>)
0:02:38.536264 - dR tensor([[[-0.7956,  0.4371,  0.4196],
         [-0.5613, -0.7923, -0.2390],
         [ 0.2280, -0.4256,  0.8757]]], device='cuda:0',
       grad_fn=<StackBackward0>)
0:02:38.537130 - fxfy tensor([[1952.3286, 1952.3281]], device='cuda:0')
0:02:38.539638 - TCO_gt tensor([[[-0.7893,  0.4511,  0.4165, -0.0100],
         [-0.5688, -0.7927, -0.2192,  0.0062],
         [ 0.2313, -0.4099,  0.8823,  0.1920],
         [ 0.0000,  0.0000,  0.0000,  1.0000]]], device='cuda:0')
0:02:38.540545 - TCO pred_orn tensor([[[-0.7956,  0.4371,  0.4196, -0.0100],
         [-0.5613, -0.7923, -0.2390,  0.0062],
         [ 0.2280, -0.4256,  0.8757,  0.1920],
         [ 0.0000,  0.0000,  0.0000,  1.0000]]], device='cuda:0',
       grad_fn=<CopySlices>)
0:02:38.541484 - TCO pred_xy tensor([[[-0.7893,  0.4511,  0.4165, -0.0084],
         [-0.5688, -0.7927, -0.2192,  0.0061],
         [ 0.2313, -0.4099,  0.8823,  0.1920],
         [ 0.0000,  0.0000,  0.0000,  1.0000]]], device='cuda:0',
       grad_fn=<CopySlices>)
0:02:38.542384 - TCO pred_z tensor([[[-0.7893,  0.4511,  0.4165, -0.0100],
         [-0.5688, -0.7927, -0.2192,  0.0062],
         [ 0.2313, -0.4099,  0.8823,  0.2123],
         [ 0.0000,  0.0000,  0.0000,  1.0000]]], device='cuda:0',
       grad_fn=<CopySlices>)
0:02:38.543014 - loss orn tensor([9.2803e-05], device='cuda:0', grad_fn=<MinBackward0>)
0:02:38.543633 - loss xy tensor([0.0005], device='cuda:0', grad_fn=<MinBackward0>)
0:02:38.544275 - loss z tensor([0.0068], device='cuda:0', grad_fn=<MinBackward0>)
  0%|                                       | 0/1 [00:00<?, ?it/s, loss=0.00741]100%|███████████████████████████████| 1/1 [00:00<00:00,  4.43it/s, loss=0.00741]100%|███████████████████████████████| 1/1 [00:00<00:00,  4.43it/s, loss=0.00741]
0:02:38.304568 - saving /home/ubuntu/synthetic_pose_estimation/cosypose/local_data/experiments/bracket_assembly_debug_nut_nosym_coarse_noaug--938962 292
  0%|                                                     | 0/1 [00:00<?, ?it/s]0:02:38.719802 - iteration 0
0:02:38.763758 - outputs, {'pose': tensor([[-0.9517, -0.6770,  0.2781,  0.5489, -0.4876, -0.3809,  2.4858, -1.5202,
          0.6455]], device='cuda:0', grad_fn=<AddmmBackward0>)}
0:02:38.765395 - model_outputs {'pose': tensor([[-0.9517, -0.6770,  0.2781,  0.5489, -0.4876, -0.3809,  2.4858, -1.5202,
          0.6455]], device='cuda:0', grad_fn=<AddmmBackward0>)}
0:02:38.766446 - K crop tensor([[[1.9912e+03, 0.0000e+00, 3.0220e+02],
         [0.0000e+00, 1.9912e+03, 4.6703e+01],
         [0.0000e+00, 0.0000e+00, 1.0000e+00]]], device='cuda:0')
0:02:38.767726 - TCO_input tensor([[[ 1.0000,  0.0000,  0.0000, -0.0236],
         [ 0.0000,  1.0000,  0.0000,  0.0120],
         [ 0.0000,  0.0000,  1.0000,  0.3295],
         [ 0.0000,  0.0000,  0.0000,  1.0000]]], device='cuda:0')
0:02:38.769635 - model tco output tensor([[[-0.7927,  0.4462,  0.4154, -0.0150],
         [-0.5639, -0.7956, -0.2215,  0.0076],
         [ 0.2317, -0.4098,  0.8823,  0.2127],
         [ 0.0000,  0.0000,  0.0000,  1.0000]]], device='cuda:0',
       grad_fn=<CopySlices>)
0:02:38.808244 - Wrote debug data: /home/ubuntu/synthetic_pose_estimation/cosypose/local_data/debug_data/debug_iter=1.pth.tar
0:02:39.021687 - TCO_input tensor([[[ 1.0000,  0.0000,  0.0000, -0.0236],
         [ 0.0000,  1.0000,  0.0000,  0.0120],
         [ 0.0000,  0.0000,  1.0000,  0.3295],
         [ 0.0000,  0.0000,  0.0000,  1.0000]]], device='cuda:0')
0:02:39.022640 - vxvyvz tensor([[ 2.4858, -1.5202,  0.6455]], device='cuda:0',
       grad_fn=<SliceBackward0>)
0:02:39.023610 - dR tensor([[[-0.7927,  0.4462,  0.4154],
         [-0.5639, -0.7956, -0.2215],
         [ 0.2317, -0.4098,  0.8823]]], device='cuda:0',
       grad_fn=<StackBackward0>)
0:02:39.024476 - fxfy tensor([[1991.1869, 1991.1870]], device='cuda:0')
0:02:39.026996 - TCO_gt tensor([[[-0.7893,  0.4511,  0.4165, -0.0100],
         [-0.5688, -0.7927, -0.2192,  0.0062],
         [ 0.2313, -0.4099,  0.8823,  0.1920],
         [ 0.0000,  0.0000,  0.0000,  1.0000]]], device='cuda:0')
0:02:39.027904 - TCO pred_orn tensor([[[-0.7927,  0.4462,  0.4154, -0.0100],
         [-0.5639, -0.7956, -0.2215,  0.0062],
         [ 0.2317, -0.4098,  0.8823,  0.1920],
         [ 0.0000,  0.0000,  0.0000,  1.0000]]], device='cuda:0',
       grad_fn=<CopySlices>)
0:02:39.028792 - TCO pred_xy tensor([[[-0.7893,  0.4511,  0.4165, -0.0135],
         [-0.5688, -0.7927, -0.2192,  0.0069],
         [ 0.2313, -0.4099,  0.8823,  0.1920],
         [ 0.0000,  0.0000,  0.0000,  1.0000]]], device='cuda:0',
       grad_fn=<CopySlices>)
0:02:39.029725 - TCO pred_z tensor([[[-0.7893,  0.4511,  0.4165, -0.0100],
         [-0.5688, -0.7927, -0.2192,  0.0062],
         [ 0.2313, -0.4099,  0.8823,  0.2127],
         [ 0.0000,  0.0000,  0.0000,  1.0000]]], device='cuda:0',
       grad_fn=<CopySlices>)
0:02:39.030365 - loss orn tensor([2.4159e-05], device='cuda:0', grad_fn=<MinBackward0>)
0:02:39.030983 - loss xy tensor([0.0014], device='cuda:0', grad_fn=<MinBackward0>)
0:02:39.031600 - loss z tensor([0.0069], device='cuda:0', grad_fn=<MinBackward0>)
  0%|                                       | 0/1 [00:00<?, ?it/s, loss=0.00834]100%|███████████████████████████████| 1/1 [00:00<00:00,  4.56it/s, loss=0.00834]100%|███████████████████████████████| 1/1 [00:00<00:00,  4.55it/s, loss=0.00834]
0:02:38.792071 - saving /home/ubuntu/synthetic_pose_estimation/cosypose/local_data/experiments/bracket_assembly_debug_nut_nosym_coarse_noaug--938962 293
  0%|                                                     | 0/1 [00:00<?, ?it/s]0:02:39.207208 - iteration 0
0:02:39.250425 - outputs, {'pose': tensor([[-0.9546, -0.6834,  0.2797,  0.5619, -0.4910, -0.3738,  2.5078, -1.5154,
          0.6445]], device='cuda:0', grad_fn=<AddmmBackward0>)}
0:02:39.251957 - model_outputs {'pose': tensor([[-0.9546, -0.6834,  0.2797,  0.5619, -0.4910, -0.3738,  2.5078, -1.5154,
          0.6445]], device='cuda:0', grad_fn=<AddmmBackward0>)}
0:02:39.252733 - K crop tensor([[[2.0415e+03, 0.0000e+00, 2.9738e+02],
         [0.0000e+00, 2.0415e+03, 3.6164e+01],
         [0.0000e+00, 0.0000e+00, 1.0000e+00]]], device='cuda:0')
0:02:39.253620 - TCO_input tensor([[[ 1.0000,  0.0000,  0.0000, -0.0228],
         [ 0.0000,  1.0000,  0.0000,  0.0138],
         [ 0.0000,  0.0000,  1.0000,  0.3383],
         [ 0.0000,  0.0000,  0.0000,  1.0000]]], device='cuda:0')
0:02:39.255072 - model tco output tensor([[[-0.7910,  0.4548,  0.4092, -0.0145],
         [-0.5663, -0.7975, -0.2081,  0.0087],
         [ 0.2318, -0.3963,  0.8884,  0.2180],
         [ 0.0000,  0.0000,  0.0000,  1.0000]]], device='cuda:0',
       grad_fn=<CopySlices>)
0:02:39.292636 - Wrote debug data: /home/ubuntu/synthetic_pose_estimation/cosypose/local_data/debug_data/debug_iter=1.pth.tar
0:02:39.503616 - TCO_input tensor([[[ 1.0000,  0.0000,  0.0000, -0.0228],
         [ 0.0000,  1.0000,  0.0000,  0.0138],
         [ 0.0000,  0.0000,  1.0000,  0.3383],
         [ 0.0000,  0.0000,  0.0000,  1.0000]]], device='cuda:0')
0:02:39.504673 - vxvyvz tensor([[ 2.5078, -1.5154,  0.6445]], device='cuda:0',
       grad_fn=<SliceBackward0>)
0:02:39.505741 - dR tensor([[[-0.7910,  0.4548,  0.4092],
         [-0.5663, -0.7975, -0.2081],
         [ 0.2318, -0.3963,  0.8884]]], device='cuda:0',
       grad_fn=<StackBackward0>)
0:02:39.506611 - fxfy tensor([[2041.4525, 2041.4520]], device='cuda:0')
0:02:39.509123 - TCO_gt tensor([[[-0.7893,  0.4511,  0.4165, -0.0100],
         [-0.5688, -0.7927, -0.2192,  0.0062],
         [ 0.2313, -0.4099,  0.8823,  0.1920],
         [ 0.0000,  0.0000,  0.0000,  1.0000]]], device='cuda:0')
0:02:39.510054 - TCO pred_orn tensor([[[-0.7910,  0.4548,  0.4092, -0.0100],
         [-0.5663, -0.7975, -0.2081,  0.0062],
         [ 0.2318, -0.3963,  0.8884,  0.1920],
         [ 0.0000,  0.0000,  0.0000,  1.0000]]], device='cuda:0',
       grad_fn=<CopySlices>)
0:02:39.510955 - TCO pred_xy tensor([[[-0.7893,  0.4511,  0.4165, -0.0127],
         [-0.5688, -0.7927, -0.2192,  0.0077],
         [ 0.2313, -0.4099,  0.8823,  0.1920],
         [ 0.0000,  0.0000,  0.0000,  1.0000]]], device='cuda:0',
       grad_fn=<CopySlices>)
0:02:39.511857 - TCO pred_z tensor([[[-0.7893,  0.4511,  0.4165, -0.0100],
         [-0.5688, -0.7927, -0.2192,  0.0062],
         [ 0.2313, -0.4099,  0.8823,  0.2180],
         [ 0.0000,  0.0000,  0.0000,  1.0000]]], device='cuda:0',
       grad_fn=<CopySlices>)
0:02:39.512498 - loss orn tensor([5.6937e-05], device='cuda:0', grad_fn=<MinBackward0>)
0:02:39.513137 - loss xy tensor([0.0014], device='cuda:0', grad_fn=<MinBackward0>)
0:02:39.513780 - loss z tensor([0.0087], device='cuda:0', grad_fn=<MinBackward0>)
  0%|                                        | 0/1 [00:00<?, ?it/s, loss=0.0102]100%|████████████████████████████████| 1/1 [00:00<00:00,  4.69it/s, loss=0.0102]100%|████████████████████████████████| 1/1 [00:00<00:00,  4.68it/s, loss=0.0102]
0:02:39.265940 - saving /home/ubuntu/synthetic_pose_estimation/cosypose/local_data/experiments/bracket_assembly_debug_nut_nosym_coarse_noaug--938962 294
  0%|                                                     | 0/1 [00:00<?, ?it/s]0:02:39.681017 - iteration 0
0:02:39.724322 - outputs, {'pose': tensor([[-0.9600, -0.6800,  0.2806,  0.5604, -0.4948, -0.3634,  2.5144, -1.5084,
          0.6415]], device='cuda:0', grad_fn=<AddmmBackward0>)}
0:02:39.725918 - model_outputs {'pose': tensor([[-0.9600, -0.6800,  0.2806,  0.5604, -0.4948, -0.3634,  2.5144, -1.5084,
          0.6415]], device='cuda:0', grad_fn=<AddmmBackward0>)}
0:02:39.726682 - K crop tensor([[[1.9370e+03, 0.0000e+00, 1.9260e+02],
         [0.0000e+00, 1.9370e+03, 6.8194e+01],
         [0.0000e+00, 0.0000e+00, 1.0000e+00]]], device='cuda:0')
0:02:39.727520 - TCO_input tensor([[[ 1.0000,  0.0000,  0.0000, -0.0055],
         [ 0.0000,  1.0000,  0.0000,  0.0085],
         [ 0.0000,  0.0000,  1.0000,  0.3194],
         [ 0.0000,  0.0000,  0.0000,  1.0000]]], device='cuda:0')
0:02:39.728408 - model tco output tensor([[[-0.7937,  0.4558,  0.4027, -0.0032],
         [-0.5623, -0.8024, -0.1999,  0.0053],
         [ 0.2320, -0.3851,  0.8932,  0.2049],
         [ 0.0000,  0.0000,  0.0000,  1.0000]]], device='cuda:0',
       grad_fn=<CopySlices>)
0:02:39.765829 - Wrote debug data: /home/ubuntu/synthetic_pose_estimation/cosypose/local_data/debug_data/debug_iter=1.pth.tar
0:02:39.976298 - TCO_input tensor([[[ 1.0000,  0.0000,  0.0000, -0.0055],
         [ 0.0000,  1.0000,  0.0000,  0.0085],
         [ 0.0000,  0.0000,  1.0000,  0.3194],
         [ 0.0000,  0.0000,  0.0000,  1.0000]]], device='cuda:0')
0:02:39.977292 - vxvyvz tensor([[ 2.5144, -1.5084,  0.6415]], device='cuda:0',
       grad_fn=<SliceBackward0>)
0:02:39.978259 - dR tensor([[[-0.7937,  0.4558,  0.4027],
         [-0.5623, -0.8024, -0.1999],
         [ 0.2320, -0.3851,  0.8932]]], device='cuda:0',
       grad_fn=<StackBackward0>)
0:02:39.979124 - fxfy tensor([[1937.0168, 1937.0173]], device='cuda:0')
0:02:39.981611 - TCO_gt tensor([[[-0.7893,  0.4511,  0.4165, -0.0100],
         [-0.5688, -0.7927, -0.2192,  0.0062],
         [ 0.2313, -0.4099,  0.8823,  0.1920],
         [ 0.0000,  0.0000,  0.0000,  1.0000]]], device='cuda:0')
0:02:39.982524 - TCO pred_orn tensor([[[-0.7937,  0.4558,  0.4027, -0.0100],
         [-0.5623, -0.8024, -0.1999,  0.0062],
         [ 0.2320, -0.3851,  0.8932,  0.1920],
         [ 0.0000,  0.0000,  0.0000,  1.0000]]], device='cuda:0',
       grad_fn=<CopySlices>)
0:02:39.983413 - TCO pred_xy tensor([[[-0.7893,  0.4511,  0.4165, -0.0030],
         [-0.5688, -0.7927, -0.2192,  0.0049],
         [ 0.2313, -0.4099,  0.8823,  0.1920],
         [ 0.0000,  0.0000,  0.0000,  1.0000]]], device='cuda:0',
       grad_fn=<CopySlices>)
0:02:39.984303 - TCO pred_z tensor([[[-0.7893,  0.4511,  0.4165, -0.0100],
         [-0.5688, -0.7927, -0.2192,  0.0062],
         [ 0.2313, -0.4099,  0.8823,  0.2049],
         [ 0.0000,  0.0000,  0.0000,  1.0000]]], device='cuda:0',
       grad_fn=<CopySlices>)
0:02:39.984962 - loss orn tensor([0.0001], device='cuda:0', grad_fn=<MinBackward0>)
0:02:39.985647 - loss xy tensor([0.0027], device='cuda:0', grad_fn=<MinBackward0>)
0:02:39.986269 - loss z tensor([0.0043], device='cuda:0', grad_fn=<MinBackward0>)
  0%|                                       | 0/1 [00:00<?, ?it/s, loss=0.00716]100%|███████████████████████████████| 1/1 [00:00<00:00,  4.72it/s, loss=0.00716]100%|███████████████████████████████| 1/1 [00:00<00:00,  4.71it/s, loss=0.00716]
0:02:39.745208 - saving /home/ubuntu/synthetic_pose_estimation/cosypose/local_data/experiments/bracket_assembly_debug_nut_nosym_coarse_noaug--938962 295
  0%|                                                     | 0/1 [00:00<?, ?it/s]0:02:40.160267 - iteration 0
0:02:40.203665 - outputs, {'pose': tensor([[-0.9503, -0.6885,  0.2799,  0.5621, -0.5032, -0.3762,  2.5229, -1.5021,
          0.6220]], device='cuda:0', grad_fn=<AddmmBackward0>)}
0:02:40.205255 - model_outputs {'pose': tensor([[-0.9503, -0.6885,  0.2799,  0.5621, -0.5032, -0.3762,  2.5229, -1.5021,
          0.6220]], device='cuda:0', grad_fn=<AddmmBackward0>)}
0:02:40.206054 - K crop tensor([[[1.9138e+03, 0.0000e+00, 3.2084e+02],
         [0.0000e+00, 1.9138e+03, 6.3557e+01],
         [0.0000e+00, 0.0000e+00, 1.0000e+00]]], device='cuda:0')
0:02:40.206918 - TCO_input tensor([[[ 1.0000,  0.0000,  0.0000, -0.0266],
         [ 0.0000,  1.0000,  0.0000,  0.0092],
         [ 0.0000,  0.0000,  1.0000,  0.3160],
         [ 0.0000,  0.0000,  0.0000,  1.0000]]], device='cuda:0')
0:02:40.208341 - model tco output tensor([[[-0.7877,  0.4593,  0.4106, -0.0163],
         [-0.5707, -0.7950, -0.2056,  0.0056],
         [ 0.2320, -0.3963,  0.8884,  0.1966],
         [ 0.0000,  0.0000,  0.0000,  1.0000]]], device='cuda:0',
       grad_fn=<CopySlices>)
0:02:40.247258 - Wrote debug data: /home/ubuntu/synthetic_pose_estimation/cosypose/local_data/debug_data/debug_iter=1.pth.tar
0:02:40.456519 - TCO_input tensor([[[ 1.0000,  0.0000,  0.0000, -0.0266],
         [ 0.0000,  1.0000,  0.0000,  0.0092],
         [ 0.0000,  0.0000,  1.0000,  0.3160],
         [ 0.0000,  0.0000,  0.0000,  1.0000]]], device='cuda:0')
0:02:40.457488 - vxvyvz tensor([[ 2.5229, -1.5021,  0.6220]], device='cuda:0',
       grad_fn=<SliceBackward0>)
0:02:40.458462 - dR tensor([[[-0.7877,  0.4593,  0.4106],
         [-0.5707, -0.7950, -0.2056],
         [ 0.2320, -0.3963,  0.8884]]], device='cuda:0',
       grad_fn=<StackBackward0>)
0:02:40.459331 - fxfy tensor([[1913.8494, 1913.8490]], device='cuda:0')
0:02:40.461827 - TCO_gt tensor([[[-0.7893,  0.4511,  0.4165, -0.0100],
         [-0.5688, -0.7927, -0.2192,  0.0062],
         [ 0.2313, -0.4099,  0.8823,  0.1920],
         [ 0.0000,  0.0000,  0.0000,  1.0000]]], device='cuda:0')
0:02:40.462738 - TCO pred_orn tensor([[[-0.7877,  0.4593,  0.4106, -0.0100],
         [-0.5707, -0.7950, -0.2056,  0.0062],
         [ 0.2320, -0.3963,  0.8884,  0.1920],
         [ 0.0000,  0.0000,  0.0000,  1.0000]]], device='cuda:0',
       grad_fn=<CopySlices>)
0:02:40.463637 - TCO pred_xy tensor([[[-0.7893,  0.4511,  0.4165, -0.0159],
         [-0.5688, -0.7927, -0.2192,  0.0055],
         [ 0.2313, -0.4099,  0.8823,  0.1920],
         [ 0.0000,  0.0000,  0.0000,  1.0000]]], device='cuda:0',
       grad_fn=<CopySlices>)
0:02:40.464534 - TCO pred_z tensor([[[-0.7893,  0.4511,  0.4165, -0.0100],
         [-0.5688, -0.7927, -0.2192,  0.0062],
         [ 0.2313, -0.4099,  0.8823,  0.1966],
         [ 0.0000,  0.0000,  0.0000,  1.0000]]], device='cuda:0',
       grad_fn=<CopySlices>)
0:02:40.465179 - loss orn tensor([6.5303e-05], device='cuda:0', grad_fn=<MinBackward0>)
0:02:40.465827 - loss xy tensor([0.0022], device='cuda:0', grad_fn=<MinBackward0>)
0:02:40.466443 - loss z tensor([0.0015], device='cuda:0', grad_fn=<MinBackward0>)
  0%|                                       | 0/1 [00:00<?, ?it/s, loss=0.00381]100%|███████████████████████████████| 1/1 [00:00<00:00,  4.70it/s, loss=0.00381]100%|███████████████████████████████| 1/1 [00:00<00:00,  4.69it/s, loss=0.00381]
0:02:40.229825 - saving /home/ubuntu/synthetic_pose_estimation/cosypose/local_data/experiments/bracket_assembly_debug_nut_nosym_coarse_noaug--938962 296
  0%|                                                     | 0/1 [00:00<?, ?it/s]0:02:40.644827 - iteration 0
0:02:40.688877 - outputs, {'pose': tensor([[-0.9502, -0.6877,  0.2726,  0.5545, -0.4902, -0.3788,  2.5394, -1.4870,
          0.6142]], device='cuda:0', grad_fn=<AddmmBackward0>)}
0:02:40.690639 - model_outputs {'pose': tensor([[-0.9502, -0.6877,  0.2726,  0.5545, -0.4902, -0.3788,  2.5394, -1.4870,
          0.6142]], device='cuda:0', grad_fn=<AddmmBackward0>)}
0:02:40.691415 - K crop tensor([[[1.8057e+03, 0.0000e+00, 2.3506e+02],
         [0.0000e+00, 1.8057e+03, 1.0776e+02],
         [0.0000e+00, 0.0000e+00, 1.0000e+00]]], device='cuda:0')
0:02:40.692246 - TCO_input tensor([[[ 1.0000,  0.0000,  0.0000, -0.0124],
         [ 0.0000,  1.0000,  0.0000,  0.0019],
         [ 0.0000,  0.0000,  1.0000,  0.2958],
         [ 0.0000,  0.0000,  0.0000,  1.0000]]], device='cuda:0')
0:02:40.693705 - model tco output tensor([[[-0.7891,  0.4560,  0.4117, -0.0073],
         [-0.5711, -0.7914, -0.2181,  0.0010],
         [ 0.2264, -0.4072,  0.8848,  0.1817],
         [ 0.0000,  0.0000,  0.0000,  1.0000]]], device='cuda:0',
       grad_fn=<CopySlices>)
0:02:40.733060 - Wrote debug data: /home/ubuntu/synthetic_pose_estimation/cosypose/local_data/debug_data/debug_iter=1.pth.tar
0:02:40.945433 - TCO_input tensor([[[ 1.0000,  0.0000,  0.0000, -0.0124],
         [ 0.0000,  1.0000,  0.0000,  0.0019],
         [ 0.0000,  0.0000,  1.0000,  0.2958],
         [ 0.0000,  0.0000,  0.0000,  1.0000]]], device='cuda:0')
0:02:40.946492 - vxvyvz tensor([[ 2.5394, -1.4870,  0.6142]], device='cuda:0',
       grad_fn=<SliceBackward0>)
0:02:40.947490 - dR tensor([[[-0.7891,  0.4560,  0.4117],
         [-0.5711, -0.7914, -0.2181],
         [ 0.2264, -0.4072,  0.8848]]], device='cuda:0',
       grad_fn=<StackBackward0>)
0:02:40.948355 - fxfy tensor([[1805.6899, 1805.6901]], device='cuda:0')
0:02:40.950895 - TCO_gt tensor([[[-0.7893,  0.4511,  0.4165, -0.0100],
         [-0.5688, -0.7927, -0.2192,  0.0062],
         [ 0.2313, -0.4099,  0.8823,  0.1920],
         [ 0.0000,  0.0000,  0.0000,  1.0000]]], device='cuda:0')
0:02:40.951806 - TCO pred_orn tensor([[[-0.7891,  0.4560,  0.4117, -0.0100],
         [-0.5711, -0.7914, -0.2181,  0.0062],
         [ 0.2264, -0.4072,  0.8848,  0.1920],
         [ 0.0000,  0.0000,  0.0000,  1.0000]]], device='cuda:0',
       grad_fn=<CopySlices>)
0:02:40.952707 - TCO pred_xy tensor([[[-0.7893,  0.4511,  0.4165, -0.0078],
         [-0.5688, -0.7927, -0.2192,  0.0011],
         [ 0.2313, -0.4099,  0.8823,  0.1920],
         [ 0.0000,  0.0000,  0.0000,  1.0000]]], device='cuda:0',
       grad_fn=<CopySlices>)
0:02:40.953645 - TCO pred_z tensor([[[-0.7893,  0.4511,  0.4165, -0.0100],
         [-0.5688, -0.7927, -0.2192,  0.0062],
         [ 0.2313, -0.4099,  0.8823,  0.1817],
         [ 0.0000,  0.0000,  0.0000,  1.0000]]], device='cuda:0',
       grad_fn=<CopySlices>)
0:02:40.954284 - loss orn tensor([2.8121e-05], device='cuda:0', grad_fn=<MinBackward0>)
0:02:40.954900 - loss xy tensor([0.0024], device='cuda:0', grad_fn=<MinBackward0>)
0:02:40.955515 - loss z tensor([0.0034], device='cuda:0', grad_fn=<MinBackward0>)
  0%|                                       | 0/1 [00:00<?, ?it/s, loss=0.00591]100%|███████████████████████████████| 1/1 [00:00<00:00,  4.60it/s, loss=0.00591]100%|███████████████████████████████| 1/1 [00:00<00:00,  4.59it/s, loss=0.00591]
0:02:40.719830 - saving /home/ubuntu/synthetic_pose_estimation/cosypose/local_data/experiments/bracket_assembly_debug_nut_nosym_coarse_noaug--938962 297
  0%|                                                     | 0/1 [00:00<?, ?it/s]0:02:41.135146 - iteration 0
0:02:41.180941 - outputs, {'pose': tensor([[-0.9595, -0.6827,  0.2785,  0.5578, -0.4897, -0.3844,  2.5462, -1.4791,
          0.6003]], device='cuda:0', grad_fn=<AddmmBackward0>)}
0:02:41.182633 - model_outputs {'pose': tensor([[-0.9595, -0.6827,  0.2785,  0.5578, -0.4897, -0.3844,  2.5462, -1.4791,
          0.6003]], device='cuda:0', grad_fn=<AddmmBackward0>)}
0:02:41.183431 - K crop tensor([[[1.7078e+03, 0.0000e+00, 2.6879e+02],
         [0.0000e+00, 1.7078e+03, 7.4188e+01],
         [0.0000e+00, 0.0000e+00, 1.0000e+00]]], device='cuda:0')
0:02:41.184805 - TCO_input tensor([[[ 1.0000,  0.0000,  0.0000, -0.0181],
         [ 0.0000,  1.0000,  0.0000,  0.0075],
         [ 0.0000,  0.0000,  1.0000,  0.2823],
         [ 0.0000,  0.0000,  0.0000,  1.0000]]], device='cuda:0')
0:02:41.185832 - model tco output tensor([[[-0.7929,  0.4471,  0.4139, -0.0106],
         [-0.5642, -0.7954, -0.2216,  0.0044],
         [ 0.2301, -0.4092,  0.8829,  0.1695],
         [ 0.0000,  0.0000,  0.0000,  1.0000]]], device='cuda:0',
       grad_fn=<CopySlices>)
0:02:41.223170 - Wrote debug data: /home/ubuntu/synthetic_pose_estimation/cosypose/local_data/debug_data/debug_iter=1.pth.tar
0:02:41.434506 - TCO_input tensor([[[ 1.0000,  0.0000,  0.0000, -0.0181],
         [ 0.0000,  1.0000,  0.0000,  0.0075],
         [ 0.0000,  0.0000,  1.0000,  0.2823],
         [ 0.0000,  0.0000,  0.0000,  1.0000]]], device='cuda:0')
0:02:41.435453 - vxvyvz tensor([[ 2.5462, -1.4791,  0.6003]], device='cuda:0',
       grad_fn=<SliceBackward0>)
0:02:41.436429 - dR tensor([[[-0.7929,  0.4471,  0.4139],
         [-0.5642, -0.7954, -0.2216],
         [ 0.2301, -0.4092,  0.8829]]], device='cuda:0',
       grad_fn=<StackBackward0>)
0:02:41.437321 - fxfy tensor([[1707.7640, 1707.7642]], device='cuda:0')
0:02:41.439787 - TCO_gt tensor([[[-0.7893,  0.4511,  0.4165, -0.0100],
         [-0.5688, -0.7927, -0.2192,  0.0062],
         [ 0.2313, -0.4099,  0.8823,  0.1920],
         [ 0.0000,  0.0000,  0.0000,  1.0000]]], device='cuda:0')
0:02:41.440700 - TCO pred_orn tensor([[[-0.7929,  0.4471,  0.4139, -0.0100],
         [-0.5642, -0.7954, -0.2216,  0.0062],
         [ 0.2301, -0.4092,  0.8829,  0.1920],
         [ 0.0000,  0.0000,  0.0000,  1.0000]]], device='cuda:0',
       grad_fn=<CopySlices>)
0:02:41.441638 - TCO pred_xy tensor([[[-0.7893,  0.4511,  0.4165, -0.0120],
         [-0.5688, -0.7927, -0.2192,  0.0049],
         [ 0.2313, -0.4099,  0.8823,  0.1920],
         [ 0.0000,  0.0000,  0.0000,  1.0000]]], device='cuda:0',
       grad_fn=<CopySlices>)
0:02:41.442536 - TCO pred_z tensor([[[-0.7893,  0.4511,  0.4165, -0.0100],
         [-0.5688, -0.7927, -0.2192,  0.0062],
         [ 0.2313, -0.4099,  0.8823,  0.1695],
         [ 0.0000,  0.0000,  0.0000,  1.0000]]], device='cuda:0',
       grad_fn=<CopySlices>)
0:02:41.443162 - loss orn tensor([2.4496e-05], device='cuda:0', grad_fn=<MinBackward0>)
0:02:41.443785 - loss xy tensor([0.0011], device='cuda:0', grad_fn=<MinBackward0>)
0:02:41.444397 - loss z tensor([0.0075], device='cuda:0', grad_fn=<MinBackward0>)
  0%|                                        | 0/1 [00:00<?, ?it/s, loss=0.0086]100%|████████████████████████████████| 1/1 [00:00<00:00,  4.64it/s, loss=0.0086]100%|████████████████████████████████| 1/1 [00:00<00:00,  4.63it/s, loss=0.0086]
0:02:41.226066 - saving /home/ubuntu/synthetic_pose_estimation/cosypose/local_data/experiments/bracket_assembly_debug_nut_nosym_coarse_noaug--938962 298
  0%|                                                     | 0/1 [00:00<?, ?it/s]0:02:41.641101 - iteration 0
0:02:41.684280 - outputs, {'pose': tensor([[-0.9606, -0.6826,  0.2806,  0.5486, -0.4901, -0.3882,  2.5382, -1.4638,
          0.6014]], device='cuda:0', grad_fn=<AddmmBackward0>)}
0:02:41.685836 - model_outputs {'pose': tensor([[-0.9606, -0.6826,  0.2806,  0.5486, -0.4901, -0.3882,  2.5382, -1.4638,
          0.6014]], device='cuda:0', grad_fn=<AddmmBackward0>)}
0:02:41.686611 - K crop tensor([[[1.8277e+03, 0.0000e+00, 3.0849e+02],
         [0.0000e+00, 1.8277e+03, 6.5333e+01],
         [0.0000e+00, 0.0000e+00, 1.0000e+00]]], device='cuda:0')
0:02:41.687458 - TCO_input tensor([[[ 1.0000,  0.0000,  0.0000, -0.0246],
         [ 0.0000,  1.0000,  0.0000,  0.0090],
         [ 0.0000,  0.0000,  1.0000,  0.3021],
         [ 0.0000,  0.0000,  0.0000,  1.0000]]], device='cuda:0')
0:02:41.688890 - model tco output tensor([[[-0.7930,  0.4426,  0.4186, -0.0146],
         [-0.5635, -0.7941, -0.2278,  0.0052],
         [ 0.2316, -0.4165,  0.8791,  0.1817],
         [ 0.0000,  0.0000,  0.0000,  1.0000]]], device='cuda:0',
       grad_fn=<CopySlices>)
0:02:41.727523 - Wrote debug data: /home/ubuntu/synthetic_pose_estimation/cosypose/local_data/debug_data/debug_iter=1.pth.tar
0:02:41.941801 - TCO_input tensor([[[ 1.0000,  0.0000,  0.0000, -0.0246],
         [ 0.0000,  1.0000,  0.0000,  0.0090],
         [ 0.0000,  0.0000,  1.0000,  0.3021],
         [ 0.0000,  0.0000,  0.0000,  1.0000]]], device='cuda:0')
0:02:41.942734 - vxvyvz tensor([[ 2.5382, -1.4638,  0.6014]], device='cuda:0',
       grad_fn=<SliceBackward0>)
0:02:41.943710 - dR tensor([[[-0.7930,  0.4426,  0.4186],
         [-0.5635, -0.7941, -0.2278],
         [ 0.2316, -0.4165,  0.8791]]], device='cuda:0',
       grad_fn=<StackBackward0>)
0:02:41.944565 - fxfy tensor([[1827.6833, 1827.6835]], device='cuda:0')
0:02:41.947063 - TCO_gt tensor([[[-0.7893,  0.4511,  0.4165, -0.0100],
         [-0.5688, -0.7927, -0.2192,  0.0062],
         [ 0.2313, -0.4099,  0.8823,  0.1920],
         [ 0.0000,  0.0000,  0.0000,  1.0000]]], device='cuda:0')
0:02:41.947973 - TCO pred_orn tensor([[[-0.7930,  0.4426,  0.4186, -0.0100],
         [-0.5635, -0.7941, -0.2278,  0.0062],
         [ 0.2316, -0.4165,  0.8791,  0.1920],
         [ 0.0000,  0.0000,  0.0000,  1.0000]]], device='cuda:0',
       grad_fn=<CopySlices>)
0:02:41.948883 - TCO pred_xy tensor([[[-0.7893,  0.4511,  0.4165, -0.0154],
         [-0.5688, -0.7927, -0.2192,  0.0055],
         [ 0.2313, -0.4099,  0.8823,  0.1920],
         [ 0.0000,  0.0000,  0.0000,  1.0000]]], device='cuda:0',
       grad_fn=<CopySlices>)
0:02:41.949804 - TCO pred_z tensor([[[-0.7893,  0.4511,  0.4165, -0.0100],
         [-0.5688, -0.7927, -0.2192,  0.0062],
         [ 0.2313, -0.4099,  0.8823,  0.1817],
         [ 0.0000,  0.0000,  0.0000,  1.0000]]], device='cuda:0',
       grad_fn=<CopySlices>)
0:02:41.950445 - loss orn tensor([4.6769e-05], device='cuda:0', grad_fn=<MinBackward0>)
0:02:41.951065 - loss xy tensor([0.0020], device='cuda:0', grad_fn=<MinBackward0>)
0:02:41.951687 - loss z tensor([0.0034], device='cuda:0', grad_fn=<MinBackward0>)
  0%|                                       | 0/1 [00:00<?, ?it/s, loss=0.00548]100%|███████████████████████████████| 1/1 [00:00<00:00,  4.61it/s, loss=0.00548]100%|███████████████████████████████| 1/1 [00:00<00:00,  4.60it/s, loss=0.00548]
0:02:41.716370 - saving /home/ubuntu/synthetic_pose_estimation/cosypose/local_data/experiments/bracket_assembly_debug_nut_nosym_coarse_noaug--938962 299
  0%|                                                     | 0/1 [00:00<?, ?it/s]0:02:42.131590 - iteration 0
0:02:42.174962 - outputs, {'pose': tensor([[-0.9512, -0.6949,  0.2818,  0.5506, -0.4937, -0.3887,  2.5692, -1.4510,
          0.5984]], device='cuda:0', grad_fn=<AddmmBackward0>)}
0:02:42.176474 - model_outputs {'pose': tensor([[-0.9512, -0.6949,  0.2818,  0.5506, -0.4937, -0.3887,  2.5692, -1.4510,
          0.5984]], device='cuda:0', grad_fn=<AddmmBackward0>)}
0:02:42.177252 - K crop tensor([[[2.0944e+03, 0.0000e+00, 2.8650e+02],
         [0.0000e+00, 2.0944e+03, 2.5847e+01],
         [0.0000e+00, 0.0000e+00, 1.0000e+00]]], device='cuda:0')
0:02:42.178112 - TCO_input tensor([[[ 1.0000,  0.0000,  0.0000, -0.0211],
         [ 0.0000,  1.0000,  0.0000,  0.0155],
         [ 0.0000,  0.0000,  1.0000,  0.3475],
         [ 0.0000,  0.0000,  0.0000,  1.0000]]], device='cuda:0')
0:02:42.179006 - model tco output tensor([[[-0.7853,  0.4529,  0.4221, -0.0124],
         [-0.5737, -0.7886, -0.2213,  0.0092],
         [ 0.2326, -0.4160,  0.8791,  0.2079],
         [ 0.0000,  0.0000,  0.0000,  1.0000]]], device='cuda:0',
       grad_fn=<CopySlices>)
0:02:42.217609 - Wrote debug data: /home/ubuntu/synthetic_pose_estimation/cosypose/local_data/debug_data/debug_iter=1.pth.tar
0:02:42.427557 - TCO_input tensor([[[ 1.0000,  0.0000,  0.0000, -0.0211],
         [ 0.0000,  1.0000,  0.0000,  0.0155],
         [ 0.0000,  0.0000,  1.0000,  0.3475],
         [ 0.0000,  0.0000,  0.0000,  1.0000]]], device='cuda:0')
0:02:42.428506 - vxvyvz tensor([[ 2.5692, -1.4510,  0.5984]], device='cuda:0',
       grad_fn=<SliceBackward0>)
0:02:42.429520 - dR tensor([[[-0.7853,  0.4529,  0.4221],
         [-0.5737, -0.7886, -0.2213],
         [ 0.2326, -0.4160,  0.8791]]], device='cuda:0',
       grad_fn=<StackBackward0>)
0:02:42.430382 - fxfy tensor([[2094.3601, 2094.3596]], device='cuda:0')
0:02:42.432832 - TCO_gt tensor([[[-0.7893,  0.4511,  0.4165, -0.0100],
         [-0.5688, -0.7927, -0.2192,  0.0062],
         [ 0.2313, -0.4099,  0.8823,  0.1920],
         [ 0.0000,  0.0000,  0.0000,  1.0000]]], device='cuda:0')
0:02:42.433757 - TCO pred_orn tensor([[[-0.7853,  0.4529,  0.4221, -0.0100],
         [-0.5737, -0.7886, -0.2213,  0.0062],
         [ 0.2326, -0.4160,  0.8791,  0.1920],
         [ 0.0000,  0.0000,  0.0000,  1.0000]]], device='cuda:0',
       grad_fn=<CopySlices>)
0:02:42.434668 - TCO pred_xy tensor([[[-0.7893,  0.4511,  0.4165, -0.0114],
         [-0.5688, -0.7927, -0.2192,  0.0085],
         [ 0.2313, -0.4099,  0.8823,  0.1920],
         [ 0.0000,  0.0000,  0.0000,  1.0000]]], device='cuda:0',
       grad_fn=<CopySlices>)
0:02:42.435555 - TCO pred_z tensor([[[-0.7893,  0.4511,  0.4165, -0.0100],
         [-0.5688, -0.7927, -0.2192,  0.0062],
         [ 0.2313, -0.4099,  0.8823,  0.2079],
         [ 0.0000,  0.0000,  0.0000,  1.0000]]], device='cuda:0',
       grad_fn=<CopySlices>)
0:02:42.436191 - loss orn tensor([3.5849e-05], device='cuda:0', grad_fn=<MinBackward0>)
0:02:42.436833 - loss xy tensor([0.0012], device='cuda:0', grad_fn=<MinBackward0>)
0:02:42.439513 - loss z tensor([0.0053], device='cuda:0', grad_fn=<MinBackward0>)
  0%|                                       | 0/1 [00:00<?, ?it/s, loss=0.00658]100%|███████████████████████████████| 1/1 [00:00<00:00,  4.64it/s, loss=0.00658]100%|███████████████████████████████| 1/1 [00:00<00:00,  4.63it/s, loss=0.00658]
  0%|                                                     | 0/1 [00:00<?, ?it/s]0:02:42.346571 - iteration 0
0:02:42.382811 - outputs, {'pose': tensor([[-0.0899, -0.0090,  0.0112,  0.1711, -0.0011, -0.1026,  0.3696, -0.2259,
          0.1462]], device='cuda:0')}
0:02:42.384237 - model_outputs {'pose': tensor([[-0.0899, -0.0090,  0.0112,  0.1711, -0.0011, -0.1026,  0.3696, -0.2259,
          0.1462]], device='cuda:0')}
0:02:42.384990 - K crop tensor([[[1.5256e+03, 0.0000e+00, 2.5691e+02],
         [0.0000e+00, 1.5256e+03, 5.5647e+01],
         [0.0000e+00, 0.0000e+00, 1.0000e+00]]], device='cuda:0')
0:02:42.385862 - TCO_input tensor([[[ 1.0000,  0.0000,  0.0000, -0.0162],
         [ 0.0000,  1.0000,  0.0000,  0.0106],
         [ 0.0000,  0.0000,  1.0000,  0.2543],
         [ 0.0000,  0.0000,  0.0000,  1.0000]]], device='cuda:0')
0:02:42.386749 - model tco output tensor([[[-0.9875, -0.0978,  0.1235, -0.0024],
         [-0.0985, -0.2287, -0.9685,  0.0016],
         [ 0.1229, -0.9686,  0.2162,  0.0372],
         [ 0.0000,  0.0000,  0.0000,  1.0000]]], device='cuda:0')
0:02:42.426717 - Wrote debug data: /home/ubuntu/synthetic_pose_estimation/cosypose/local_data/debug_data/debug_iter=1.pth.tar
0:02:42.637393 - TCO_input tensor([[[ 1.0000,  0.0000,  0.0000, -0.0162],
         [ 0.0000,  1.0000,  0.0000,  0.0106],
         [ 0.0000,  0.0000,  1.0000,  0.2543],
         [ 0.0000,  0.0000,  0.0000,  1.0000]]], device='cuda:0')
0:02:42.638285 - vxvyvz tensor([[ 0.3696, -0.2259,  0.1462]], device='cuda:0')
0:02:42.639238 - dR tensor([[[-0.9875, -0.0978,  0.1235],
         [-0.0985, -0.2287, -0.9685],
         [ 0.1229, -0.9686,  0.2162]]], device='cuda:0')
0:02:42.640088 - fxfy tensor([[1525.6173, 1525.6168]], device='cuda:0')
0:02:42.642397 - TCO_gt tensor([[[-0.7893,  0.4511,  0.4165, -0.0100],
         [-0.5688, -0.7927, -0.2192,  0.0062],
         [ 0.2313, -0.4099,  0.8823,  0.1920],
         [ 0.0000,  0.0000,  0.0000,  1.0000]]], device='cuda:0')
0:02:42.643294 - TCO pred_orn tensor([[[-0.9875, -0.0978,  0.1235, -0.0100],
         [-0.0985, -0.2287, -0.9685,  0.0062],
         [ 0.1229, -0.9686,  0.2162,  0.1920],
         [ 0.0000,  0.0000,  0.0000,  1.0000]]], device='cuda:0')
0:02:42.644191 - TCO pred_xy tensor([[[-0.7893,  0.4511,  0.4165, -0.0122],
         [-0.5688, -0.7927, -0.2192,  0.0080],
         [ 0.2313, -0.4099,  0.8823,  0.1920],
         [ 0.0000,  0.0000,  0.0000,  1.0000]]], device='cuda:0')
0:02:42.645100 - TCO pred_z tensor([[[-0.7893,  0.4511,  0.4165, -0.0100],
         [-0.5688, -0.7927, -0.2192,  0.0062],
         [ 0.2313, -0.4099,  0.8823,  0.0372],
         [ 0.0000,  0.0000,  0.0000,  1.0000]]], device='cuda:0')
0:02:42.645753 - loss orn tensor([0.0042], device='cuda:0')
0:02:42.646380 - loss xy tensor([0.0013], device='cuda:0')
0:02:42.646995 - loss z tensor([0.0516], device='cuda:0')
100%|█████████████████████████████████████████████| 1/1 [00:00<00:00,  8.41it/s]100%|█████████████████████████████████████████████| 1/1 [00:00<00:00,  8.39it/s]
0:02:42.315165 - saving /home/ubuntu/synthetic_pose_estimation/cosypose/local_data/experiments/bracket_assembly_debug_nut_nosym_coarse_noaug--938962 300
  0%|                                                     | 0/1 [00:00<?, ?it/s]0:02:42.726996 - iteration 0
0:02:42.770813 - outputs, {'pose': tensor([[-0.9533, -0.6968,  0.2871,  0.5491, -0.4898, -0.3859,  2.5740, -1.4340,
          0.5967]], device='cuda:0', grad_fn=<AddmmBackward0>)}
0:02:42.772476 - model_outputs {'pose': tensor([[-0.9533, -0.6968,  0.2871,  0.5491, -0.4898, -0.3859,  2.5740, -1.4340,
          0.5967]], device='cuda:0', grad_fn=<AddmmBackward0>)}
0:02:42.773288 - K crop tensor([[[1.8607e+03, 0.0000e+00, 2.9246e+02],
         [0.0000e+00, 1.8607e+03, 6.3154e+01],
         [0.0000e+00, 0.0000e+00, 1.0000e+00]]], device='cuda:0')
0:02:42.774153 - TCO_input tensor([[[ 1.0000,  0.0000,  0.0000, -0.0220],
         [ 0.0000,  1.0000,  0.0000,  0.0093],
         [ 0.0000,  0.0000,  1.0000,  0.3075],
         [ 0.0000,  0.0000,  0.0000,  1.0000]]], device='cuda:0')
0:02:42.775046 - model tco output tensor([[[-0.7845,  0.4527,  0.4238, -0.0129],
         [-0.5734, -0.7898, -0.2176,  0.0054],
         [ 0.2362, -0.4137,  0.8792,  0.1835],
         [ 0.0000,  0.0000,  0.0000,  1.0000]]], device='cuda:0',
       grad_fn=<CopySlices>)
0:02:42.813941 - Wrote debug data: /home/ubuntu/synthetic_pose_estimation/cosypose/local_data/debug_data/debug_iter=1.pth.tar
0:02:43.024543 - TCO_input tensor([[[ 1.0000,  0.0000,  0.0000, -0.0220],
         [ 0.0000,  1.0000,  0.0000,  0.0093],
         [ 0.0000,  0.0000,  1.0000,  0.3075],
         [ 0.0000,  0.0000,  0.0000,  1.0000]]], device='cuda:0')
0:02:43.025599 - vxvyvz tensor([[ 2.5740, -1.4340,  0.5967]], device='cuda:0',
       grad_fn=<SliceBackward0>)
0:02:43.026606 - dR tensor([[[-0.7845,  0.4527,  0.4238],
         [-0.5734, -0.7898, -0.2176],
         [ 0.2362, -0.4137,  0.8792]]], device='cuda:0',
       grad_fn=<StackBackward0>)
0:02:43.027475 - fxfy tensor([[1860.6985, 1860.6990]], device='cuda:0')
0:02:43.029997 - TCO_gt tensor([[[-0.7893,  0.4511,  0.4165, -0.0100],
         [-0.5688, -0.7927, -0.2192,  0.0062],
         [ 0.2313, -0.4099,  0.8823,  0.1920],
         [ 0.0000,  0.0000,  0.0000,  1.0000]]], device='cuda:0')
0:02:43.030903 - TCO pred_orn tensor([[[-0.7845,  0.4527,  0.4238, -0.0100],
         [-0.5734, -0.7898, -0.2176,  0.0062],
         [ 0.2362, -0.4137,  0.8792,  0.1920],
         [ 0.0000,  0.0000,  0.0000,  1.0000]]], device='cuda:0',
       grad_fn=<CopySlices>)
0:02:43.031794 - TCO pred_xy tensor([[[-0.7893,  0.4511,  0.4165, -0.0135],
         [-0.5688, -0.7927, -0.2192,  0.0057],
         [ 0.2313, -0.4099,  0.8823,  0.1920],
         [ 0.0000,  0.0000,  0.0000,  1.0000]]], device='cuda:0',
       grad_fn=<CopySlices>)
0:02:43.032686 - TCO pred_z tensor([[[-0.7893,  0.4511,  0.4165, -0.0100],
         [-0.5688, -0.7927, -0.2192,  0.0062],
         [ 0.2313, -0.4099,  0.8823,  0.1835],
         [ 0.0000,  0.0000,  0.0000,  1.0000]]], device='cuda:0',
       grad_fn=<CopySlices>)
0:02:43.033357 - loss orn tensor([3.6678e-05], device='cuda:0', grad_fn=<MinBackward0>)
0:02:43.033975 - loss xy tensor([0.0013], device='cuda:0', grad_fn=<MinBackward0>)
0:02:43.034590 - loss z tensor([0.0028], device='cuda:0', grad_fn=<MinBackward0>)
  0%|                                       | 0/1 [00:00<?, ?it/s, loss=0.00417]100%|███████████████████████████████| 1/1 [00:00<00:00,  4.71it/s, loss=0.00417]100%|███████████████████████████████| 1/1 [00:00<00:00,  4.70it/s, loss=0.00417]
0:02:42.788616 - saving /home/ubuntu/synthetic_pose_estimation/cosypose/local_data/experiments/bracket_assembly_debug_nut_nosym_coarse_noaug--938962 301
  0%|                                                     | 0/1 [00:00<?, ?it/s]0:02:43.203745 - iteration 0
0:02:43.247653 - outputs, {'pose': tensor([[-0.9533, -0.6958,  0.2818,  0.5504, -0.4983, -0.3936,  2.5932, -1.4219,
          0.6029]], device='cuda:0', grad_fn=<AddmmBackward0>)}
0:02:43.249271 - model_outputs {'pose': tensor([[-0.9533, -0.6958,  0.2818,  0.5504, -0.4983, -0.3936,  2.5932, -1.4219,
          0.6029]], device='cuda:0', grad_fn=<AddmmBackward0>)}
0:02:43.250075 - K crop tensor([[[1.5433e+03, 0.0000e+00, 2.4999e+02],
         [0.0000e+00, 1.5433e+03, 3.8293e+01],
         [0.0000e+00, 0.0000e+00, 1.0000e+00]]], device='cuda:0')
0:02:43.250930 - TCO_input tensor([[[ 1.0000,  0.0000,  0.0000, -0.0151],
         [ 0.0000,  1.0000,  0.0000,  0.0136],
         [ 0.0000,  0.0000,  1.0000,  0.2583],
         [ 0.0000,  0.0000,  0.0000,  1.0000]]], device='cuda:0')
0:02:43.252392 - model tco output tensor([[[-0.7856,  0.4508,  0.4237, -0.0089],
         [-0.5734, -0.7877, -0.2251,  0.0081],
         [ 0.2323, -0.4198,  0.8774,  0.1557],
         [ 0.0000,  0.0000,  0.0000,  1.0000]]], device='cuda:0',
       grad_fn=<CopySlices>)
0:02:43.292863 - Wrote debug data: /home/ubuntu/synthetic_pose_estimation/cosypose/local_data/debug_data/debug_iter=1.pth.tar
0:02:43.503933 - TCO_input tensor([[[ 1.0000,  0.0000,  0.0000, -0.0151],
         [ 0.0000,  1.0000,  0.0000,  0.0136],
         [ 0.0000,  0.0000,  1.0000,  0.2583],
         [ 0.0000,  0.0000,  0.0000,  1.0000]]], device='cuda:0')
0:02:43.504950 - vxvyvz tensor([[ 2.5932, -1.4219,  0.6029]], device='cuda:0',
       grad_fn=<SliceBackward0>)
0:02:43.505954 - dR tensor([[[-0.7856,  0.4508,  0.4237],
         [-0.5734, -0.7877, -0.2251],
         [ 0.2323, -0.4198,  0.8774]]], device='cuda:0',
       grad_fn=<StackBackward0>)
0:02:43.506846 - fxfy tensor([[1543.3300, 1543.3301]], device='cuda:0')
0:02:43.509368 - TCO_gt tensor([[[-0.7893,  0.4511,  0.4165, -0.0100],
         [-0.5688, -0.7927, -0.2192,  0.0062],
         [ 0.2313, -0.4099,  0.8823,  0.1920],
         [ 0.0000,  0.0000,  0.0000,  1.0000]]], device='cuda:0')
0:02:43.510283 - TCO pred_orn tensor([[[-0.7856,  0.4508,  0.4237, -0.0100],
         [-0.5734, -0.7877, -0.2251,  0.0062],
         [ 0.2323, -0.4198,  0.8774,  0.1920],
         [ 0.0000,  0.0000,  0.0000,  1.0000]]], device='cuda:0',
       grad_fn=<CopySlices>)
0:02:43.511187 - TCO pred_xy tensor([[[-0.7893,  0.4511,  0.4165, -0.0109],
         [-0.5688, -0.7927, -0.2192,  0.0099],
         [ 0.2313, -0.4099,  0.8823,  0.1920],
         [ 0.0000,  0.0000,  0.0000,  1.0000]]], device='cuda:0',
       grad_fn=<CopySlices>)
0:02:43.512071 - TCO pred_z tensor([[[-0.7893,  0.4511,  0.4165, -0.0100],
         [-0.5688, -0.7927, -0.2192,  0.0062],
         [ 0.2313, -0.4099,  0.8823,  0.1557],
         [ 0.0000,  0.0000,  0.0000,  1.0000]]], device='cuda:0',
       grad_fn=<CopySlices>)
0:02:43.512702 - loss orn tensor([4.6175e-05], device='cuda:0', grad_fn=<MinBackward0>)
0:02:43.513353 - loss xy tensor([0.0016], device='cuda:0', grad_fn=<MinBackward0>)
0:02:43.513993 - loss z tensor([0.0121], device='cuda:0', grad_fn=<MinBackward0>)
  0%|                                        | 0/1 [00:00<?, ?it/s, loss=0.0137]100%|████████████████████████████████| 1/1 [00:00<00:00,  4.60it/s, loss=0.0137]100%|████████████████████████████████| 1/1 [00:00<00:00,  4.59it/s, loss=0.0137] 0.8983405232429504
train loss_TCO-iter=1 0.002246129559352994
train loss_TCO 0.002246129559352994
train loss_total 0.002246129559352994
train grad_norm 0.9412245750427246
train loss_TCO-iter=1 0.007124778814613819
train loss_TCO 0.007124778814613819
train loss_total 0.007124778814613819
train grad_norm 0.9710551500320435
train loss_TCO-iter=1 0.002932172268629074
train loss_TCO 0.002932172268629074
train loss_total 0.002932172268629074
train grad_norm 0.9133330583572388
train loss_TCO-iter=1 0.007086087949573994
train loss_TCO 0.007086087949573994
train loss_total 0.007086087949573994
train grad_norm 0.9819740653038025
train loss_TCO-iter=1 0.004221831448376179
train loss_TCO 0.004221831448376179
train loss_total 0.004221831448376179
train grad_norm 1.013360619544983
train loss_TCO-iter=1 0.007095679175108671
train loss_TCO 0.007095679175108671
train loss_total 0.007095679175108671
train grad_norm 0.8636244535446167
train loss_TCO-iter=1 0.006085606291890144
train loss_TCO 0.006085606291890144
train loss_total 0.006085606291890144
train grad_norm 1.0519331693649292
train loss_TCO-iter=1 0.0021120295859873295
train loss_TCO 0.0021120295859873295
train loss_total 0.0021120295859873295
train grad_norm 0.949386477470398
train loss_TCO-iter=1 0.007154757156968117
train loss_TCO 0.007154757156968117
train loss_total 0.007154757156968117
train grad_norm 0.9317492246627808
val loss_TCO-iter=1 0.056514691561460495
val loss_TCO 0.056514691561460495
val loss_total 0.056514691561460495
train loss_TCO-iter=1 0.004925918765366077
train loss_TCO 0.004925918765366077
train loss_total 0.004925918765366077
train grad_norm 0.9069809317588806
train loss_TCO-iter=1 0.0024189557880163193
train loss_TCO 0.0024189557880163193
train loss_total 0.0024189557880163193
train grad_norm 0.9381695985794067
train loss_TCO-iter=1 0.008540752343833447
train loss_TCO 0.008540752343833447
train loss_total 0.008540752343833447
train grad_norm 0.8775082230567932
train loss_TCO-iter=1 0.009075567126274109
train loss_TCO 0.009075567126274109
train loss_total 0.009075567126274109
train grad_norm 0.8584956526756287
train loss_TCO-iter=1 0.0029517668299376965
train loss_TCO 0.0029517668299376965
train loss_total 0.0029517668299376965
train grad_norm 0.8936066627502441
train loss_TCO-iter=1 0.0034113521687686443
train loss_TCO 0.0034113521687686443
train loss_total 0.0034113521687686443
train grad_norm 0.9097470641136169
train loss_TCO-iter=1 0.015257290564477444
train loss_TCO 0.015257290564477444
train loss_total 0.015257290564477444
train grad_norm 1.016021728515625
train loss_TCO-iter=1 0.009213651530444622
train loss_TCO 0.009213651530444622
train loss_total 0.009213651530444622
train grad_norm 1.0297061204910278
train loss_TCO-iter=1 0.01365941483527422
train loss_TCO 0.01365941483527422
train loss_total 0.01365941483527422
train grad_norm 1.013420581817627
train loss_TCO-iter=1 0.007234537973999977
train loss_TCO 0.007234537973999977
train loss_total 0.007234537973999977
train grad_norm 0.875971794128418
val loss_TCO-iter=1 0.0549863800406456
val loss_TCO 0.0549863800406456
val loss_total 0.0549863800406456
train loss_TCO-iter=1 0.00323945889249444
train loss_TCO 0.00323945889249444
train loss_total 0.00323945889249444
train grad_norm 0.8775253891944885
train loss_TCO-iter=1 0.0046570030972361565
train loss_TCO 0.0046570030972361565
train loss_total 0.0046570030972361565
train grad_norm 0.8660938739776611
train loss_TCO-iter=1 0.003983325324952602
train loss_TCO 0.003983325324952602
train loss_total 0.003983325324952602
train grad_norm 0.8361303210258484
train loss_TCO-iter=1 0.011459240689873695
train loss_TCO 0.011459240689873695
train loss_total 0.011459240689873695
train grad_norm 0.9553482532501221
train loss_TCO-iter=1 0.017570508643984795
train loss_TCO 0.017570508643984795
train loss_total 0.017570508643984795
train grad_norm 1.1248308420181274
train loss_TCO-iter=1 0.009405067190527916
train loss_TCO 0.009405067190527916
train loss_total 0.009405067190527916
train grad_norm 1.0003917217254639
train loss_TCO-iter=1 0.008299900218844414
train loss_TCO 0.008299900218844414
train loss_total 0.008299900218844414
train grad_norm 0.8666845560073853
train loss_TCO-iter=1 0.005842455662786961
train loss_TCO 0.005842455662786961
train loss_total 0.005842455662786961
train grad_norm 0.8677535057067871
train loss_TCO-iter=1 0.0019451960688456893
train loss_TCO 0.0019451960688456893
train loss_total 0.0019451960688456893
train grad_norm 0.9303242564201355
train loss_TCO-iter=1 0.003499208018183708
train loss_TCO 0.003499208018183708
train loss_total 0.003499208018183708
train grad_norm 0.9559590220451355
val loss_TCO-iter=1 0.05307428911328316
val loss_TCO 0.05307428911328316
val loss_total 0.05307428911328316
train loss_TCO-iter=1 0.004558979533612728
train loss_TCO 0.004558979533612728
train loss_total 0.004558979533612728
train grad_norm 1.003519058227539
train loss_TCO-iter=1 0.011167573742568493
train loss_TCO 0.011167573742568493
train loss_total 0.011167573742568493
train grad_norm 0.8201555609703064
train loss_TCO-iter=1 0.014882869087159634
train loss_TCO 0.014882869087159634
train loss_total 0.014882869087159634
train grad_norm 0.7655469179153442
train loss_TCO-iter=1 0.004775554407387972
train loss_TCO 0.004775554407387972
train loss_total 0.004775554407387972
train grad_norm 0.8673191070556641
train loss_TCO-iter=1 0.010500863194465637
train loss_TCO 0.010500863194465637
train loss_total 0.010500863194465637
train grad_norm 0.8702312707901001
train loss_TCO-iter=1 0.014868523925542831
train loss_TCO 0.014868523925542831
train loss_total 0.014868523925542831
train grad_norm 1.121543526649475
train loss_TCO-iter=1 0.0059276120737195015
train loss_TCO 0.0059276120737195015
train loss_total 0.0059276120737195015
train grad_norm 0.957632839679718
train loss_TCO-iter=1 0.006230903323739767
train loss_TCO 0.006230903323739767
train loss_total 0.006230903323739767
train grad_norm 0.9929952025413513
train loss_TCO-iter=1 0.006208648905158043
train loss_TCO 0.006208648905158043
train loss_total 0.006208648905158043
train grad_norm 0.975823163986206
train loss_TCO-iter=1 0.006153627764433622
train loss_TCO 0.006153627764433622
train loss_total 0.006153627764433622
train grad_norm 0.8408097624778748
val loss_TCO-iter=1 0.05202271044254303
val loss_TCO 0.05202271044254303
val loss_total 0.05202271044254303
train loss_TCO-iter=1 0.004204194992780685
train loss_TCO 0.004204194992780685
train loss_total 0.004204194992780685
train grad_norm 0.8601637482643127
train loss_TCO-iter=1 0.007410963997244835
train loss_TCO 0.007410963997244835
train loss_total 0.007410963997244835
train grad_norm 1.0398609638214111
train loss_TCO-iter=1 0.00834107305854559
train loss_TCO 0.00834107305854559
train loss_total 0.00834107305854559
train grad_norm 0.9892655611038208
train loss_TCO-iter=1 0.0101541206240654
train loss_TCO 0.0101541206240654
train loss_total 0.0101541206240654
train grad_norm 1.0741835832595825
train loss_TCO-iter=1 0.007158984430134296
train loss_TCO 0.007158984430134296
train loss_total 0.007158984430134296
train grad_norm 1.040257453918457
train loss_TCO-iter=1 0.0038141384720802307
train loss_TCO 0.0038141384720802307
train loss_total 0.0038141384720802307
train grad_norm 1.0146729946136475
train loss_TCO-iter=1 0.005908401682972908
train loss_TCO 0.005908401682972908
train loss_total 0.005908401682972908
train grad_norm 0.9489890933036804
train loss_TCO-iter=1 0.008602331392467022
train loss_TCO 0.008602331392467022
train loss_total 0.008602331392467022
train grad_norm 0.8797144293785095
train loss_TCO-iter=1 0.005483886692672968
train loss_TCO 0.005483886692672968
train loss_total 0.005483886692672968
train grad_norm 0.9690544605255127
train loss_TCO-iter=1 0.006580721121281385
train loss_TCO 0.006580721121281385
train loss_total 0.006580721121281385
train grad_norm 1.1121883392333984
val loss_TCO-iter=1 0.05710799992084503
val loss_TCO 0.05710799992084503
val loss_total 0.05710799992084503
train loss_TCO-iter=1 0.004173361696302891
train loss_TCO 0.004173361696302891
train loss_total 0.004173361696302891
train grad_norm 1.0131816864013672
train loss_TCO-iter=1 0.013680452480912209
0:02:43.278743 - saving /home/ubuntu/synthetic_pose_estimation/cosypose/local_data/experiments/bracket_assembly_debug_nut_nosym_coarse_noaug--938962 302
  0%|                                                     | 0/1 [00:00<?, ?it/s]0:02:43.694007 - iteration 0
0:02:43.739766 - outputs, {'pose': tensor([[-0.9550, -0.6930,  0.2842,  0.5553, -0.4946, -0.3860,  2.6146, -1.4163,
          0.6057]], device='cuda:0', grad_fn=<AddmmBackward0>)}
0:02:43.741335 - model_outputs {'pose': tensor([[-0.9550, -0.6930,  0.2842,  0.5553, -0.4946, -0.3860,  2.6146, -1.4163,
          0.6057]], device='cuda:0', grad_fn=<AddmmBackward0>)}
0:02:43.742613 - K crop tensor([[[1.8534e+03, 0.0000e+00, 3.0456e+02],
         [0.0000e+00, 1.8534e+03, 3.0547e+01],
         [0.0000e+00, 0.0000e+00, 1.0000e+00]]], device='cuda:0')
0:02:43.743531 - TCO_input tensor([[[ 1.0000,  0.0000,  0.0000, -0.0241],
         [ 0.0000,  1.0000,  0.0000,  0.0148],
         [ 0.0000,  0.0000,  1.0000,  0.3085],
         [ 0.0000,  0.0000,  0.0000,  1.0000]]], device='cuda:0')
0:02:43.744420 - model tco output tensor([[[-0.7868,  0.4525,  0.4197, -0.0144],
         [-0.5710, -0.7918, -0.2168,  0.0088],
         [ 0.2342, -0.4102,  0.8814,  0.1869],
         [ 0.0000,  0.0000,  0.0000,  1.0000]]], device='cuda:0',
       grad_fn=<CopySlices>)
0:02:43.783691 - Wrote debug data: /home/ubuntu/synthetic_pose_estimation/cosypose/local_data/debug_data/debug_iter=1.pth.tar
0:02:43.997164 - TCO_input tensor([[[ 1.0000,  0.0000,  0.0000, -0.0241],
         [ 0.0000,  1.0000,  0.0000,  0.0148],
         [ 0.0000,  0.0000,  1.0000,  0.3085],
         [ 0.0000,  0.0000,  0.0000,  1.0000]]], device='cuda:0')
0:02:43.998144 - vxvyvz tensor([[ 2.6146, -1.4163,  0.6057]], device='cuda:0',
       grad_fn=<SliceBackward0>)
0:02:43.999142 - dR tensor([[[-0.7868,  0.4525,  0.4197],
         [-0.5710, -0.7918, -0.2168],
         [ 0.2342, -0.4102,  0.8814]]], device='cuda:0',
       grad_fn=<StackBackward0>)
0:02:43.999989 - fxfy tensor([[1853.3933, 1853.3933]], device='cuda:0')
0:02:44.002513 - TCO_gt tensor([[[-0.7893,  0.4511,  0.4165, -0.0100],
         [-0.5688, -0.7927, -0.2192,  0.0062],
         [ 0.2313, -0.4099,  0.8823,  0.1920],
         [ 0.0000,  0.0000,  0.0000,  1.0000]]], device='cuda:0')
0:02:44.003427 - TCO pred_orn tensor([[[-0.7868,  0.4525,  0.4197, -0.0100],
         [-0.5710, -0.7918, -0.2168,  0.0062],
         [ 0.2342, -0.4102,  0.8814,  0.1920],
         [ 0.0000,  0.0000,  0.0000,  1.0000]]], device='cuda:0',
       grad_fn=<CopySlices>)
0:02:44.004347 - TCO pred_xy tensor([[[-0.7893,  0.4511,  0.4165, -0.0148],
         [-0.5688, -0.7927, -0.2192,  0.0091],
         [ 0.2313, -0.4099,  0.8823,  0.1920],
         [ 0.0000,  0.0000,  0.0000,  1.0000]]], device='cuda:0',
       grad_fn=<CopySlices>)
0:02:44.005264 - TCO pred_z tensor([[[-0.7893,  0.4511,  0.4165, -0.0100],
         [-0.5688, -0.7927, -0.2192,  0.0062],
         [ 0.2313, -0.4099,  0.8823,  0.1869],
         [ 0.0000,  0.0000,  0.0000,  1.0000]]], device='cuda:0',
       grad_fn=<CopySlices>)
0:02:44.005893 - loss orn tensor([1.7198e-05], device='cuda:0', grad_fn=<MinBackward0>)
0:02:44.006510 - loss xy tensor([0.0025], device='cuda:0', grad_fn=<MinBackward0>)
0:02:44.007124 - loss z tensor([0.0017], device='cuda:0', grad_fn=<MinBackward0>)
  0%|                                       | 0/1 [00:00<?, ?it/s, loss=0.00426]100%|███████████████████████████████| 1/1 [00:00<00:00,  4.55it/s, loss=0.00426]100%|███████████████████████████████| 1/1 [00:00<00:00,  4.54it/s, loss=0.00426]
0:02:43.757443 - saving /home/ubuntu/synthetic_pose_estimation/cosypose/local_data/experiments/bracket_assembly_debug_nut_nosym_coarse_noaug--938962 303
  0%|                                                     | 0/1 [00:00<?, ?it/s]0:02:44.172570 - iteration 0
0:02:44.215837 - outputs, {'pose': tensor([[-0.9627, -0.6801,  0.2870,  0.5537, -0.5045, -0.3799,  2.6313, -1.4145,
          0.6074]], device='cuda:0', grad_fn=<AddmmBackward0>)}
0:02:44.217371 - model_outputs {'pose': tensor([[-0.9627, -0.6801,  0.2870,  0.5537, -0.5045, -0.3799,  2.6313, -1.4145,
          0.6074]], device='cuda:0', grad_fn=<AddmmBackward0>)}
0:02:44.218159 - K crop tensor([[[1.8224e+03, 0.0000e+00, 2.3437e+02],
         [0.0000e+00, 1.8224e+03, 5.7166e+01],
         [0.0000e+00, 0.0000e+00, 1.0000e+00]]], device='cuda:0')
0:02:44.219016 - TCO_input tensor([[[ 1.0000,  0.0000,  0.0000, -0.0124],
         [ 0.0000,  1.0000,  0.0000,  0.0103],
         [ 0.0000,  0.0000,  1.0000,  0.3018],
         [ 0.0000,  0.0000,  0.0000,  1.0000]]], device='cuda:0')
0:02:44.220448 - model tco output tensor([[[-0.7936,  0.4460,  0.4139, -0.0073],
         [-0.5606, -0.8004, -0.2123,  0.0061],
         [ 0.2366, -0.4005,  0.8852,  0.1833],
         [ 0.0000,  0.0000,  0.0000,  1.0000]]], device='cuda:0',
       grad_fn=<CopySlices>)
0:02:44.258488 - Wrote debug data: /home/ubuntu/synthetic_pose_estimation/cosypose/local_data/debug_data/debug_iter=1.pth.tar
0:02:44.469876 - TCO_input tensor([[[ 1.0000,  0.0000,  0.0000, -0.0124],
         [ 0.0000,  1.0000,  0.0000,  0.0103],
         [ 0.0000,  0.0000,  1.0000,  0.3018],
         [ 0.0000,  0.0000,  0.0000,  1.0000]]], device='cuda:0')
0:02:44.470901 - vxvyvz tensor([[ 2.6313, -1.4145,  0.6074]], device='cuda:0',
       grad_fn=<SliceBackward0>)
0:02:44.471903 - dR tensor([[[-0.7936,  0.4460,  0.4139],
         [-0.5606, -0.8004, -0.2123],
         [ 0.2366, -0.4005,  0.8852]]], device='cuda:0',
       grad_fn=<StackBackward0>)
0:02:44.472757 - fxfy tensor([[1822.3621, 1822.3621]], device='cuda:0')
0:02:44.475321 - TCO_gt tensor([[[-0.7893,  0.4511,  0.4165, -0.0100],
         [-0.5688, -0.7927, -0.2192,  0.0062],
         [ 0.2313, -0.4099,  0.8823,  0.1920],
         [ 0.0000,  0.0000,  0.0000,  1.0000]]], device='cuda:0')
0:02:44.476223 - TCO pred_orn tensor([[[-0.7936,  0.4460,  0.4139, -0.0100],
         [-0.5606, -0.8004, -0.2123,  0.0062],
         [ 0.2366, -0.4005,  0.8852,  0.1920],
         [ 0.0000,  0.0000,  0.0000,  1.0000]]], device='cuda:0',
       grad_fn=<CopySlices>)
0:02:44.477144 - TCO pred_xy tensor([[[-0.7893,  0.4511,  0.4165, -0.0076],
         [-0.5688, -0.7927, -0.2192,  0.0064],
         [ 0.2313, -0.4099,  0.8823,  0.1920],
         [ 0.0000,  0.0000,  0.0000,  1.0000]]], device='cuda:0',
       grad_fn=<CopySlices>)
0:02:44.478052 - TCO pred_z tensor([[[-0.7893,  0.4511,  0.4165, -0.0100],
         [-0.5688, -0.7927, -0.2192,  0.0062],
         [ 0.2313, -0.4099,  0.8823,  0.1833],
         [ 0.0000,  0.0000,  0.0000,  1.0000]]], device='cuda:0',
       grad_fn=<CopySlices>)
0:02:44.478684 - loss orn tensor([5.7506e-05], device='cuda:0', grad_fn=<MinBackward0>)
0:02:44.479300 - loss xy tensor([0.0009], device='cuda:0', grad_fn=<MinBackward0>)
0:02:44.479933 - loss z tensor([0.0029], device='cuda:0', grad_fn=<MinBackward0>)
  0%|                                       | 0/1 [00:00<?, ?it/s, loss=0.00382]100%|███████████████████████████████| 1/1 [00:00<00:00,  4.67it/s, loss=0.00382]100%|███████████████████████████████| 1/1 [00:00<00:00,  4.66it/s, loss=0.00382]
0:02:44.262637 - saving /home/ubuntu/synthetic_pose_estimation/cosypose/local_data/experiments/bracket_assembly_debug_nut_nosym_coarse_noaug--938962 304
  0%|                                                     | 0/1 [00:00<?, ?it/s]0:02:44.677865 - iteration 0
0:02:44.722187 - outputs, {'pose': tensor([[-0.9534, -0.6740,  0.2763,  0.5553, -0.4945, -0.3695,  2.6146, -1.4034,
          0.6044]], device='cuda:0', grad_fn=<AddmmBackward0>)}
0:02:44.723785 - model_outputs {'pose': tensor([[-0.9534, -0.6740,  0.2763,  0.5553, -0.4945, -0.3695,  2.6146, -1.4034,
          0.6044]], device='cuda:0', grad_fn=<AddmmBackward0>)}
0:02:44.724565 - K crop tensor([[[1.9469e+03, 0.0000e+00, 2.8303e+02],
         [0.0000e+00, 1.9469e+03, 1.2360e+02],
         [0.0000e+00, 0.0000e+00, 1.0000e+00]]], device='cuda:0')
0:02:44.725983 - TCO_input tensor([[[ 1.0000e+00,  0.0000e+00,  0.0000e+00, -2.0178e-02],
         [ 0.0000e+00,  1.0000e+00,  0.0000e+00, -6.6953e-04],
         [ 0.0000e+00,  0.0000e+00,  1.0000e+00,  3.1802e-01],
         [ 0.0000e+00,  0.0000e+00,  0.0000e+00,  1.0000e+00]]],
       device='cuda:0')
0:02:44.726949 - model tco output tensor([[[-7.9460e-01,  4.5166e-01,  4.0574e-01, -1.1937e-02],
         [-5.6176e-01, -8.0043e-01, -2.0912e-01, -5.4322e-04],
         [ 2.3031e-01, -3.9409e-01,  8.8974e-01,  1.9221e-01],
         [ 0.0000e+00,  0.0000e+00,  0.0000e+00,  1.0000e+00]]],
       device='cuda:0', grad_fn=<CopySlices>)
0:02:44.764395 - Wrote debug data: /home/ubuntu/synthetic_pose_estimation/cosypose/local_data/debug_data/debug_iter=1.pth.tar
0:02:44.979694 - TCO_input tensor([[[ 1.0000e+00,  0.0000e+00,  0.0000e+00, -2.0178e-02],
         [ 0.0000e+00,  1.0000e+00,  0.0000e+00, -6.6953e-04],
         [ 0.0000e+00,  0.0000e+00,  1.0000e+00,  3.1802e-01],
         [ 0.0000e+00,  0.0000e+00,  0.0000e+00,  1.0000e+00]]],
       device='cuda:0')
0:02:44.980742 - vxvyvz tensor([[ 2.6146, -1.4034,  0.6044]], device='cuda:0',
       grad_fn=<SliceBackward0>)
0:02:44.981803 - dR tensor([[[-0.7946,  0.4517,  0.4057],
         [-0.5618, -0.8004, -0.2091],
         [ 0.2303, -0.3941,  0.8897]]], device='cuda:0',
       grad_fn=<StackBackward0>)
0:02:44.982674 - fxfy tensor([[1946.9126, 1946.9128]], device='cuda:0')
0:02:44.985171 - TCO_gt tensor([[[-0.7893,  0.4511,  0.4165, -0.0100],
         [-0.5688, -0.7927, -0.2192,  0.0062],
         [ 0.2313, -0.4099,  0.8823,  0.1920],
         [ 0.0000,  0.0000,  0.0000,  1.0000]]], device='cuda:0')
0:02:44.986112 - TCO pred_orn tensor([[[-0.7946,  0.4517,  0.4057, -0.0100],
         [-0.5618, -0.8004, -0.2091,  0.0062],
         [ 0.2303, -0.3941,  0.8897,  0.1920],
         [ 0.0000,  0.0000,  0.0000,  1.0000]]], device='cuda:0',
       grad_fn=<CopySlices>)
0:02:44.987014 - TCO pred_xy tensor([[[-7.8929e-01,  4.5115e-01,  4.1651e-01, -1.1922e-02],
         [-5.6879e-01, -7.9274e-01, -2.1920e-01, -5.4253e-04],
         [ 2.3129e-01, -4.0992e-01,  8.8231e-01,  1.9197e-01],
         [ 0.0000e+00,  0.0000e+00,  0.0000e+00,  1.0000e+00]]],
       device='cuda:0', grad_fn=<CopySlices>)
0:02:44.987901 - TCO pred_z tensor([[[-0.7893,  0.4511,  0.4165, -0.0100],
         [-0.5688, -0.7927, -0.2192,  0.0062],
         [ 0.2313, -0.4099,  0.8823,  0.1922],
         [ 0.0000,  0.0000,  0.0000,  1.0000]]], device='cuda:0',
       grad_fn=<CopySlices>)
0:02:44.988530 - loss orn tensor([7.2193e-05], device='cuda:0', grad_fn=<MinBackward0>)
0:02:44.989157 - loss xy tensor([0.0029], device='cuda:0', grad_fn=<MinBackward0>)
0:02:44.989800 - loss z tensor([8.1271e-05], device='cuda:0', grad_fn=<MinBackward0>)
  0%|                                       | 0/1 [00:00<?, ?it/s, loss=0.00303]100%|███████████████████████████████| 1/1 [00:00<00:00,  4.58it/s, loss=0.00303]100%|███████████████████████████████| 1/1 [00:00<00:00,  4.57it/s, loss=0.00303]
0:02:44.739030 - saving /home/ubuntu/synthetic_pose_estimation/cosypose/local_data/experiments/bracket_assembly_debug_nut_nosym_coarse_noaug--938962 305
  0%|                                                     | 0/1 [00:00<?, ?it/s]0:02:45.157508 - iteration 0
0:02:45.208241 - outputs, {'pose': tensor([[-0.9682, -0.6806,  0.2763,  0.5638, -0.5128, -0.3747,  2.6561, -1.4054,
          0.6170]], device='cuda:0', grad_fn=<AddmmBackward0>)}
0:02:45.210056 - model_outputs {'pose': tensor([[-0.9682, -0.6806,  0.2763,  0.5638, -0.5128, -0.3747,  2.6561, -1.4054,
          0.6170]], device='cuda:0', grad_fn=<AddmmBackward0>)}
0:02:45.210866 - K crop tensor([[[1.8758e+03, 0.0000e+00, 2.9564e+02],
         [0.0000e+00, 1.8758e+03, 1.1595e+02],
         [0.0000e+00, 0.0000e+00, 1.0000e+00]]], device='cuda:0')
0:02:45.211707 - TCO_input tensor([[[ 1.0000e+00,  0.0000e+00,  0.0000e+00, -2.2243e-02],
         [ 0.0000e+00,  1.0000e+00,  0.0000e+00,  5.7999e-04],
         [ 0.0000e+00,  0.0000e+00,  1.0000e+00,  3.0648e-01],
         [ 0.0000e+00,  0.0000e+00,  0.0000e+00,  1.0000e+00]]],
       device='cuda:0')
0:02:45.212600 - model tco output tensor([[[-7.9666e-01,  4.5157e-01,  4.0177e-01, -1.3455e-02],
         [-5.6003e-01, -8.0152e-01, -2.0960e-01,  2.1616e-04],
         [ 2.2738e-01, -3.9198e-01,  8.9143e-01,  1.8909e-01],
         [ 0.0000e+00,  0.0000e+00,  0.0000e+00,  1.0000e+00]]],
       device='cuda:0', grad_fn=<CopySlices>)
0:02:45.250348 - Wrote debug data: /home/ubuntu/synthetic_pose_estimation/cosypose/local_data/debug_data/debug_iter=1.pth.tar
0:02:45.462175 - TCO_input tensor([[[ 1.0000e+00,  0.0000e+00,  0.0000e+00, -2.2243e-02],
         [ 0.0000e+00,  1.0000e+00,  0.0000e+00,  5.7999e-04],
         [ 0.0000e+00,  0.0000e+00,  1.0000e+00,  3.0648e-01],
         [ 0.0000e+00,  0.0000e+00,  0.0000e+00,  1.0000e+00]]],
       device='cuda:0')
0:02:45.463260 - vxvyvz tensor([[ 2.6561, -1.4054,  0.6170]], device='cuda:0',
       grad_fn=<SliceBackward0>)
0:02:45.464310 - dR tensor([[[-0.7967,  0.4516,  0.4018],
         [-0.5600, -0.8015, -0.2096],
         [ 0.2274, -0.3920,  0.8914]]], device='cuda:0',
       grad_fn=<StackBackward0>)
0:02:45.465215 - fxfy tensor([[1875.8409, 1875.8413]], device='cuda:0')
0:02:45.467863 - TCO_gt tensor([[[-0.7893,  0.4511,  0.4165, -0.0100],
         [-0.5688, -0.7927, -0.2192,  0.0062],
         [ 0.2313, -0.4099,  0.8823,  0.1920],
         [ 0.0000,  0.0000,  0.0000,  1.0000]]], device='cuda:0')
0:02:45.468815 - TCO pred_orn tensor([[[-0.7967,  0.4516,  0.4018, -0.0100],
         [-0.5600, -0.8015, -0.2096,  0.0062],
         [ 0.2274, -0.3920,  0.8914,  0.1920],
         [ 0.0000,  0.0000,  0.0000,  1.0000]]], device='cuda:0',
       grad_fn=<CopySlices>)
0:02:45.469756 - TCO pred_xy tensor([[[-7.8929e-01,  4.5115e-01,  4.1651e-01, -1.3660e-02],
         [-5.6879e-01, -7.9274e-01, -2.1920e-01,  2.1945e-04],
         [ 2.3129e-01, -4.0992e-01,  8.8231e-01,  1.9197e-01],
         [ 0.0000e+00,  0.0000e+00,  0.0000e+00,  1.0000e+00]]],
       device='cuda:0', grad_fn=<CopySlices>)
0:02:45.470682 - TCO pred_z tensor([[[-0.7893,  0.4511,  0.4165, -0.0100],
         [-0.5688, -0.7927, -0.2192,  0.0062],
         [ 0.2313, -0.4099,  0.8823,  0.1891],
         [ 0.0000,  0.0000,  0.0000,  1.0000]]], device='cuda:0',
       grad_fn=<CopySlices>)
0:02:45.471348 - loss orn tensor([8.7473e-05], device='cuda:0', grad_fn=<MinBackward0>)
0:02:45.472004 - loss xy tensor([0.0032], device='cuda:0', grad_fn=<MinBackward0>)
0:02:45.475039 - loss z tensor([0.0010], device='cuda:0', grad_fn=<MinBackward0>)
  0%|                                       | 0/1 [00:00<?, ?it/s, loss=0.00425]100%|███████████████████████████████| 1/1 [00:00<00:00,  4.35it/s, loss=0.00425]100%|███████████████████████████████| 1/1 [00:00<00:00,  4.35it/s, loss=0.00425]
0:02:45.244531 - saving /home/ubuntu/synthetic_pose_estimation/cosypose/local_data/experiments/bracket_assembly_debug_nut_nosym_coarse_noaug--938962 306
  0%|                                                     | 0/1 [00:00<?, ?it/s]0:02:45.660100 - iteration 0
0:02:45.703791 - outputs, {'pose': tensor([[-0.9649, -0.6799,  0.2668,  0.5632, -0.5008, -0.3807,  2.6740, -1.3975,
          0.6312]], device='cuda:0', grad_fn=<AddmmBackward0>)}
0:02:45.705440 - model_outputs {'pose': tensor([[-0.9649, -0.6799,  0.2668,  0.5632, -0.5008, -0.3807,  2.6740, -1.3975,
          0.6312]], device='cuda:0', grad_fn=<AddmmBackward0>)}
0:02:45.706269 - K crop tensor([[[1.8542e+03, 0.0000e+00, 2.5253e+02],
         [0.0000e+00, 1.8542e+03, 4.3135e+01],
         [0.0000e+00, 0.0000e+00, 1.0000e+00]]], device='cuda:0')
0:02:45.707138 - TCO_input tensor([[[ 1.0000,  0.0000,  0.0000, -0.0154],
         [ 0.0000,  1.0000,  0.0000,  0.0127],
         [ 0.0000,  0.0000,  1.0000,  0.3078],
         [ 0.0000,  0.0000,  0.0000,  1.0000]]], device='cuda:0')
0:02:45.708057 - model tco output tensor([[[-0.7973,  0.4499,  0.4024, -0.0095],
         [-0.5619, -0.7967, -0.2226,  0.0079],
         [ 0.2205, -0.4035,  0.8880,  0.1943],
         [ 0.0000,  0.0000,  0.0000,  1.0000]]], device='cuda:0',
       grad_fn=<CopySlices>)
0:02:45.747061 - Wrote debug data: /home/ubuntu/synthetic_pose_estimation/cosypose/local_data/debug_data/debug_iter=1.pth.tar
0:02:45.960875 - TCO_input tensor([[[ 1.0000,  0.0000,  0.0000, -0.0154],
         [ 0.0000,  1.0000,  0.0000,  0.0127],
         [ 0.0000,  0.0000,  1.0000,  0.3078],
         [ 0.0000,  0.0000,  0.0000,  1.0000]]], device='cuda:0')
0:02:45.961898 - vxvyvz tensor([[ 2.6740, -1.3975,  0.6312]], device='cuda:0',
       grad_fn=<SliceBackward0>)
0:02:45.962897 - dR tensor([[[-0.7973,  0.4499,  0.4024],
         [-0.5619, -0.7967, -0.2226],
         [ 0.2205, -0.4035,  0.8880]]], device='cuda:0',
       grad_fn=<StackBackward0>)
0:02:45.963793 - fxfy tensor([[1854.1941, 1854.1941]], device='cuda:0')
0:02:45.966407 - TCO_gt tensor([[[-0.7893,  0.4511,  0.4165, -0.0100],
         [-0.5688, -0.7927, -0.2192,  0.0062],
         [ 0.2313, -0.4099,  0.8823,  0.1920],
         [ 0.0000,  0.0000,  0.0000,  1.0000]]], device='cuda:0')
0:02:45.967330 - TCO pred_orn tensor([[[-0.7973,  0.4499,  0.4024, -0.0100],
         [-0.5619, -0.7967, -0.2226,  0.0062],
         [ 0.2205, -0.4035,  0.8880,  0.1920],
         [ 0.0000,  0.0000,  0.0000,  1.0000]]], device='cuda:0',
       grad_fn=<CopySlices>)
0:02:45.968259 - TCO pred_xy tensor([[[-0.7893,  0.4511,  0.4165, -0.0094],
         [-0.5688, -0.7927, -0.2192,  0.0078],
         [ 0.2313, -0.4099,  0.8823,  0.1920],
         [ 0.0000,  0.0000,  0.0000,  1.0000]]], device='cuda:0',
       grad_fn=<CopySlices>)
0:02:45.969185 - TCO pred_z tensor([[[-0.7893,  0.4511,  0.4165, -0.0100],
         [-0.5688, -0.7927, -0.2192,  0.0062],
         [ 0.2313, -0.4099,  0.8823,  0.1943],
         [ 0.0000,  0.0000,  0.0000,  1.0000]]], device='cuda:0',
       grad_fn=<CopySlices>)
0:02:45.969869 - loss orn tensor([6.4593e-05], device='cuda:0', grad_fn=<MinBackward0>)
0:02:45.970525 - loss xy tensor([0.0007], device='cuda:0', grad_fn=<MinBackward0>)
0:02:45.971193 - loss z tensor([0.0008], device='cuda:0', grad_fn=<MinBackward0>)
  0%|                                       | 0/1 [00:00<?, ?it/s, loss=0.00158]100%|███████████████████████████████| 1/1 [00:00<00:00,  4.58it/s, loss=0.00158]100%|███████████████████████████████| 1/1 [00:00<00:00,  4.57it/s, loss=0.00158]
0:02:45.741072 - saving /home/ubuntu/synthetic_pose_estimation/cosypose/local_data/experiments/bracket_assembly_debug_nut_nosym_coarse_noaug--938962 307
  0%|                                                     | 0/1 [00:00<?, ?it/s]0:02:46.156434 - iteration 0
0:02:46.199999 - outputs, {'pose': tensor([[-0.9561, -0.6850,  0.2654,  0.5523, -0.4937, -0.3845,  2.6719, -1.3913,
          0.6322]], device='cuda:0', grad_fn=<AddmmBackward0>)}
0:02:46.201663 - model_outputs {'pose': tensor([[-0.9561, -0.6850,  0.2654,  0.5523, -0.4937, -0.3845,  2.6719, -1.3913,
          0.6322]], device='cuda:0', grad_fn=<AddmmBackward0>)}
0:02:46.202474 - K crop tensor([[[1.7520e+03, 0.0000e+00, 2.5787e+02],
         [0.0000e+00, 1.7520e+03, 6.6741e+01],
         [0.0000e+00, 0.0000e+00, 1.0000e+00]]], device='cuda:0')
0:02:46.203350 - TCO_input tensor([[[ 1.0000,  0.0000,  0.0000, -0.0163],
         [ 0.0000,  1.0000,  0.0000,  0.0087],
         [ 0.0000,  0.0000,  1.0000,  0.2899],
         [ 0.0000,  0.0000,  0.0000,  1.0000]]], device='cuda:0')
0:02:46.204857 - model tco output tensor([[[-0.7930,  0.4511,  0.4095, -0.0100],
         [-0.5681, -0.7903, -0.2295,  0.0054],
         [ 0.2201, -0.4146,  0.8830,  0.1833],
         [ 0.0000,  0.0000,  0.0000,  1.0000]]], device='cuda:0',
       grad_fn=<CopySlices>)
0:02:46.243249 - Wrote debug data: /home/ubuntu/synthetic_pose_estimation/cosypose/local_data/debug_data/debug_iter=1.pth.tar
0:02:46.456238 - TCO_input tensor([[[ 1.0000,  0.0000,  0.0000, -0.0163],
         [ 0.0000,  1.0000,  0.0000,  0.0087],
         [ 0.0000,  0.0000,  1.0000,  0.2899],
         [ 0.0000,  0.0000,  0.0000,  1.0000]]], device='cuda:0')
0:02:46.457355 - vxvyvz tensor([[ 2.6719, -1.3913,  0.6322]], device='cuda:0',
       grad_fn=<SliceBackward0>)
0:02:46.458396 - dR tensor([[[-0.7930,  0.4511,  0.4095],
         [-0.5681, -0.7903, -0.2295],
         [ 0.2201, -0.4146,  0.8830]]], device='cuda:0',
       grad_fn=<StackBackward0>)
0:02:46.459278 - fxfy tensor([[1752.0284, 1752.0286]], device='cuda:0')
0:02:46.461837 - TCO_gt tensor([[[-0.7893,  0.4511,  0.4165, -0.0100],
         [-0.5688, -0.7927, -0.2192,  0.0062],
         [ 0.2313, -0.4099,  0.8823,  0.1920],
         [ 0.0000,  0.0000,  0.0000,  1.0000]]], device='cuda:0')
0:02:46.462770 - TCO pred_orn tensor([[[-0.7930,  0.4511,  0.4095, -0.0100],
         [-0.5681, -0.7903, -0.2295,  0.0062],
         [ 0.2201, -0.4146,  0.8830,  0.1920],
         [ 0.0000,  0.0000,  0.0000,  1.0000]]], device='cuda:0',
       grad_fn=<CopySlices>)
0:02:46.463679 - TCO pred_xy tensor([[[-0.7893,  0.4511,  0.4165, -0.0105],
         [-0.5688, -0.7927, -0.2192,  0.0056],
         [ 0.2313, -0.4099,  0.8823,  0.1920],
         [ 0.0000,  0.0000,  0.0000,  1.0000]]], device='cuda:0',
       grad_fn=<CopySlices>)
0:02:46.464582 - TCO pred_z tensor([[[-0.7893,  0.4511,  0.4165, -0.0100],
         [-0.5688, -0.7927, -0.2192,  0.0062],
         [ 0.2313, -0.4099,  0.8823,  0.1833],
         [ 0.0000,  0.0000,  0.0000,  1.0000]]], device='cuda:0',
       grad_fn=<CopySlices>)
0:02:46.465224 - loss orn tensor([5.0486e-05], device='cuda:0', grad_fn=<MinBackward0>)
0:02:46.465864 - loss xy tensor([0.0003], device='cuda:0', grad_fn=<MinBackward0>)
0:02:46.466512 - loss z tensor([0.0029], device='cuda:0', grad_fn=<MinBackward0>)
  0%|                                       | 0/1 [00:00<?, ?it/s, loss=0.00329]100%|███████████████████████████████| 1/1 [00:00<00:00,  4.60it/s, loss=0.00329]100%|███████████████████████████████| 1/1 [00:00<00:00,  4.59it/s, loss=0.00329]
0:02:46.278016 - saving /home/ubuntu/synthetic_pose_estimation/cosypose/local_data/experiments/bracket_assembly_debug_nut_nosym_coarse_noaug--938962 308
  0%|                                                     | 0/1 [00:00<?, ?it/s]0:02:46.693233 - iteration 0
0:02:46.736934 - outputs, {'pose': tensor([[-0.9567, -0.6910,  0.2705,  0.5552, -0.4986, -0.3881,  2.6979, -1.3940,
          0.6441]], device='cuda:0', grad_fn=<AddmmBackward0>)}
0:02:46.738612 - model_outputs {'pose': tensor([[-0.9567, -0.6910,  0.2705,  0.5552, -0.4986, -0.3881,  2.6979, -1.3940,
          0.6441]], device='cuda:0', grad_fn=<AddmmBackward0>)}
0:02:46.739413 - K crop tensor([[[1.6607e+03, 0.0000e+00, 2.6711e+02],
         [0.0000e+00, 1.6607e+03, 1.0762e+02],
         [0.0000e+00, 0.0000e+00, 1.0000e+00]]], device='cuda:0')
0:02:46.740261 - TCO_input tensor([[[ 1.0000,  0.0000,  0.0000, -0.0177],
         [ 0.0000,  1.0000,  0.0000,  0.0019],
         [ 0.0000,  0.0000,  1.0000,  0.2726],
         [ 0.0000,  0.0000,  0.0000,  1.0000]]], device='cuda:0')
0:02:46.741170 - model tco output tensor([[[-0.7902,  0.4528,  0.4131, -0.0111],
         [-0.5707, -0.7893, -0.2266,  0.0011],
         [ 0.2234, -0.4148,  0.8821,  0.1756],
         [ 0.0000,  0.0000,  0.0000,  1.0000]]], device='cuda:0',
       grad_fn=<CopySlices>)
0:02:46.779440 - Wrote debug data: /home/ubuntu/synthetic_pose_estimation/cosypose/local_data/debug_data/debug_iter=1.pth.tar
0:02:46.990165 - TCO_input tensor([[[ 1.0000,  0.0000,  0.0000, -0.0177],
         [ 0.0000,  1.0000,  0.0000,  0.0019],
         [ 0.0000,  0.0000,  1.0000,  0.2726],
         [ 0.0000,  0.0000,  0.0000,  1.0000]]], device='cuda:0')
0:02:46.991222 - vxvyvz tensor([[ 2.6979, -1.3940,  0.6441]], device='cuda:0',
       grad_fn=<SliceBackward0>)
0:02:46.992240 - dR tensor([[[-0.7902,  0.4528,  0.4131],
         [-0.5707, -0.7893, -0.2266],
         [ 0.2234, -0.4148,  0.8821]]], device='cuda:0',
       grad_fn=<StackBackward0>)
0:02:46.993122 - fxfy tensor([[1660.6907, 1660.6908]], device='cuda:0')
0:02:46.995656 - TCO_gt tensor([[[-0.7893,  0.4511,  0.4165, -0.0100],
         [-0.5688, -0.7927, -0.2192,  0.0062],
         [ 0.2313, -0.4099,  0.8823,  0.1920],
         [ 0.0000,  0.0000,  0.0000,  1.0000]]], device='cuda:0')
0:02:46.996590 - TCO pred_orn tensor([[[-0.7902,  0.4528,  0.4131, -0.0100],
         [-0.5707, -0.7893, -0.2266,  0.0062],
         [ 0.2234, -0.4148,  0.8821,  0.1920],
         [ 0.0000,  0.0000,  0.0000,  1.0000]]], device='cuda:0',
       grad_fn=<CopySlices>)
0:02:46.997546 - TCO pred_xy tensor([[[-0.7893,  0.4511,  0.4165, -0.0121],
         [-0.5688, -0.7927, -0.2192,  0.0012],
         [ 0.2313, -0.4099,  0.8823,  0.1920],
         [ 0.0000,  0.0000,  0.0000,  1.0000]]], device='cuda:0',
       grad_fn=<CopySlices>)
0:02:46.998451 - TCO pred_z tensor([[[-0.7893,  0.4511,  0.4165, -0.0100],
         [-0.5688, -0.7927, -0.2192,  0.0062],
         [ 0.2313, -0.4099,  0.8823,  0.1756],
         [ 0.0000,  0.0000,  0.0000,  1.0000]]], device='cuda:0',
       grad_fn=<CopySlices>)
0:02:46.999100 - loss orn tensor([3.5924e-05], device='cuda:0', grad_fn=<MinBackward0>)
0:02:46.999735 - loss xy tensor([0.0024], device='cuda:0', grad_fn=<MinBackward0>)
0:02:47.000350 - loss z tensor([0.0055], device='cuda:0', grad_fn=<MinBackward0>)
  0%|                                       | 0/1 [00:00<?, ?it/s, loss=0.00787]100%|███████████████████████████████| 1/1 [00:00<00:00,  4.67it/s, loss=0.00787]100%|███████████████████████████████| 1/1 [00:00<00:00,  4.66it/s, loss=0.00787]
0:02:46.790939 - saving /home/ubuntu/synthetic_pose_estimation/cosypose/local_data/experiments/bracket_assembly_debug_nut_nosym_coarse_noaug--938962 309
  0%|                                                     | 0/1 [00:00<?, ?it/s]0:02:47.206249 - iteration 0
0:02:47.249716 - outputs, {'pose': tensor([[-0.9544, -0.6940,  0.2791,  0.5566, -0.4950, -0.3906,  2.7154, -1.3846,
          0.6501]], device='cuda:0', grad_fn=<AddmmBackward0>)}
0:02:47.251252 - model_outputs {'pose': tensor([[-0.9544, -0.6940,  0.2791,  0.5566, -0.4950, -0.3906,  2.7154, -1.3846,
          0.6501]], device='cuda:0', grad_fn=<AddmmBackward0>)}
0:02:47.252029 - K crop tensor([[[2.1542e+03, 0.0000e+00, 2.7909e+02],
         [0.0000e+00, 2.1542e+03, 6.7415e+01],
         [0.0000e+00, 0.0000e+00, 1.0000e+00]]], device='cuda:0')
0:02:47.252886 - TCO_input tensor([[[ 1.0000,  0.0000,  0.0000, -0.0197],
         [ 0.0000,  1.0000,  0.0000,  0.0086],
         [ 0.0000,  0.0000,  1.0000,  0.3543],
         [ 0.0000,  0.0000,  0.0000,  1.0000]]], device='cuda:0')
0:02:47.254378 - model tco output tensor([[[-0.7871,  0.4524,  0.4194, -0.0125],
         [-0.5723, -0.7892, -0.2228,  0.0054],
         [ 0.2302, -0.4154,  0.8800,  0.2303],
         [ 0.0000,  0.0000,  0.0000,  1.0000]]], device='cuda:0',
       grad_fn=<CopySlices>)
0:02:47.291397 - Wrote debug data: /home/ubuntu/synthetic_pose_estimation/cosypose/local_data/debug_data/debug_iter=1.pth.tar
0:02:47.503170 - TCO_input tensor([[[ 1.0000,  0.0000,  0.0000, -0.0197],
         [ 0.0000,  1.0000,  0.0000,  0.0086],
         [ 0.0000,  0.0000,  1.0000,  0.3543],
         [ 0.0000,  0.0000,  0.0000,  1.0000]]], device='cuda:0')
0:02:47.504122 - vxvyvz tensor([[ 2.7154, -1.3846,  0.6501]], device='cuda:0',
       grad_fn=<SliceBackward0>)
0:02:47.505121 - dR tensor([[[-0.7871,  0.4524,  0.4194],
         [-0.5723, -0.7892, -0.2228],
         [ 0.2302, -0.4154,  0.8800]]], device='cuda:0',
       grad_fn=<StackBackward0>)
0:02:47.506011 - fxfy tensor([[2154.1611, 2154.1611]], device='cuda:0')
0:02:47.508494 - TCO_gt tensor([[[-0.7893,  0.4511,  0.4165, -0.0100],
         [-0.5688, -0.7927, -0.2192,  0.0062],
         [ 0.2313, -0.4099,  0.8823,  0.1920],
         [ 0.0000,  0.0000,  0.0000,  1.0000]]], device='cuda:0')
0:02:47.509456 - TCO pred_orn tensor([[[-0.7871,  0.4524,  0.4194, -0.0100],
         [-0.5723, -0.7892, -0.2228,  0.0062],
         [ 0.2302, -0.4154,  0.8800,  0.1920],
         [ 0.0000,  0.0000,  0.0000,  1.0000]]], device='cuda:0',
       grad_fn=<CopySlices>)
0:02:47.510365 - TCO pred_xy tensor([[[-0.7893,  0.4511,  0.4165, -0.0104],
         [-0.5688, -0.7927, -0.2192,  0.0045],
         [ 0.2313, -0.4099,  0.8823,  0.1920],
         [ 0.0000,  0.0000,  0.0000,  1.0000]]], device='cuda:0',
       grad_fn=<CopySlices>)
0:02:47.511260 - TCO pred_z tensor([[[-0.7893,  0.4511,  0.4165, -0.0100],
         [-0.5688, -0.7927, -0.2192,  0.0062],
         [ 0.2313, -0.4099,  0.8823,  0.2303],
         [ 0.0000,  0.0000,  0.0000,  1.0000]]], device='cuda:0',
       grad_fn=<CopySlices>)
0:02:47.511909 - loss orn tensor([2.7602e-05], device='cuda:0', grad_fn=<MinBackward0>)
0:02:47.512525 - loss xy tensor([0.0007], device='cuda:0', grad_fn=<MinBackward0>)
0:02:47.513170 - loss z tensor([0.0128], device='cuda:0', grad_fn=<MinBackward0>)
  0%|                                        | 0/1 [00:00<?, ?it/s, loss=0.0135]100%|████████████████████████████████| 1/1 [00:00<00:00,  4.69it/s, loss=0.0135]100%|████████████████████████████████| 1/1 [00:00<00:00,  4.68it/s, loss=0.0135]
  0%|                                                     | 0/1 [00:00<?, ?it/s]0:02:47.419044 - iteration 0
0:02:47.455852 - outputs, {'pose': tensor([[-0.1087, -0.0127,  0.0069,  0.1987, -0.0066, -0.1113,  0.4382, -0.2452,
          0.2015]], device='cuda:0')}
0:02:47.457404 - model_outputs {'pose': tensor([[-0.1087, -0.0127,  0.0069,  0.1987, -0.0066, -0.1113,  0.4382, -0.2452,
          0.2015]], device='cuda:0')}
0:02:47.458193 - K crop tensor([[[1.7089e+03, 0.0000e+00, 2.5266e+02],
         [0.0000e+00, 1.7089e+03, 1.2700e+02],
         [0.0000e+00, 0.0000e+00, 1.0000e+00]]], device='cuda:0')
0:02:47.459033 - TCO_input tensor([[[ 1.0000,  0.0000,  0.0000, -0.0153],
         [ 0.0000,  1.0000,  0.0000, -0.0012],
         [ 0.0000,  0.0000,  1.0000,  0.2801],
         [ 0.0000,  0.0000,  0.0000,  1.0000]]], device='cuda:0')
0:02:47.459914 - model tco output tensor([[[-9.9129e-01, -2.6537e-02,  1.2903e-01, -3.0624e-03],
         [-1.1573e-01, -2.9238e-01, -9.4927e-01, -2.5572e-04],
         [ 6.2917e-02, -9.5593e-01,  2.8676e-01,  5.6442e-02],
         [ 0.0000e+00,  0.0000e+00,  0.0000e+00,  1.0000e+00]]],
       device='cuda:0')
0:02:47.498627 - Wrote debug data: /home/ubuntu/synthetic_pose_estimation/cosypose/local_data/debug_data/debug_iter=1.pth.tar
0:02:47.713583 - TCO_input tensor([[[ 1.0000,  0.0000,  0.0000, -0.0153],
         [ 0.0000,  1.0000,  0.0000, -0.0012],
         [ 0.0000,  0.0000,  1.0000,  0.2801],
         [ 0.0000,  0.0000,  0.0000,  1.0000]]], device='cuda:0')
0:02:47.714652 - vxvyvz tensor([[ 0.4382, -0.2452,  0.2015]], device='cuda:0')
0:02:47.715698 - dR tensor([[[-0.9913, -0.0265,  0.1290],
         [-0.1157, -0.2924, -0.9493],
         [ 0.0629, -0.9559,  0.2868]]], device='cuda:0')
0:02:47.716593 - fxfy tensor([[1708.9287, 1708.9288]], device='cuda:0')
0:02:47.718946 - TCO_gt tensor([[[-0.7893,  0.4511,  0.4165, -0.0100],
         [-0.5688, -0.7927, -0.2192,  0.0062],
         [ 0.2313, -0.4099,  0.8823,  0.1920],
         [ 0.0000,  0.0000,  0.0000,  1.0000]]], device='cuda:0')
0:02:47.719869 - TCO pred_orn tensor([[[-0.9913, -0.0265,  0.1290, -0.0100],
         [-0.1157, -0.2924, -0.9493,  0.0062],
         [ 0.0629, -0.9559,  0.2868,  0.1920],
         [ 0.0000,  0.0000,  0.0000,  1.0000]]], device='cuda:0')
0:02:47.720732 - TCO pred_xy tensor([[[-7.8929e-01,  4.5115e-01,  4.1651e-01, -1.0416e-02],
         [-5.6879e-01, -7.9274e-01, -2.1920e-01, -8.6973e-04],
         [ 2.3129e-01, -4.0992e-01,  8.8231e-01,  1.9197e-01],
         [ 0.0000e+00,  0.0000e+00,  0.0000e+00,  1.0000e+00]]],
       device='cuda:0')
0:02:47.721663 - TCO pred_z tensor([[[-0.7893,  0.4511,  0.4165, -0.0100],
         [-0.5688, -0.7927, -0.2192,  0.0062],
         [ 0.2313, -0.4099,  0.8823,  0.0564],
         [ 0.0000,  0.0000,  0.0000,  1.0000]]], device='cuda:0')
0:02:47.722302 - loss orn tensor([0.0039], device='cuda:0')
0:02:47.722915 - loss xy tensor([0.0025], device='cuda:0')
0:02:47.723543 - loss z tensor([0.0452], device='cuda:0')
100%|█████████████████████████████████████████████| 1/1 [00:00<00:00,  8.12it/s]100%|█████████████████████████████████████████████| 1/1 [00:00<00:00,  8.09it/s]
0:02:47.430741 - saving /home/ubuntu/synthetic_pose_estimation/cosypose/local_data/experiments/bracket_assembly_debug_nut_nosym_coarse_noaug--938962 310
  0%|                                                     | 0/1 [00:00<?, ?it/s]0:02:47.842507 - iteration 0
0:02:47.886298 - outputs, {'pose': tensor([[-0.9441, -0.6909,  0.2955,  0.5473, -0.4973, -0.3901,  2.7105, -1.3655,
          0.6493]], device='cuda:0', grad_fn=<AddmmBackward0>)}
0:02:47.887914 - model_outputs {'pose': tensor([[-0.9441, -0.6909,  0.2955,  0.5473, -0.4973, -0.3901,  2.7105, -1.3655,
          0.6493]], device='cuda:0', grad_fn=<AddmmBackward0>)}
0:02:47.888695 - K crop tensor([[[1.8770e+03, 0.0000e+00, 3.0102e+02],
         [0.0000e+00, 1.8770e+03, 7.8914e+01],
         [0.0000e+00, 0.0000e+00, 1.0000e+00]]], device='cuda:0')
0:02:47.889575 - TCO_input tensor([[[ 1.0000,  0.0000,  0.0000, -0.0233],
         [ 0.0000,  1.0000,  0.0000,  0.0067],
         [ 0.0000,  0.0000,  1.0000,  0.3091],
         [ 0.0000,  0.0000,  0.0000,  1.0000]]], device='cuda:0')
0:02:47.890462 - model tco output tensor([[[-0.7824,  0.4497,  0.4308, -0.0148],
         [-0.5726, -0.7915, -0.2137,  0.0042],
         [ 0.2449, -0.4139,  0.8768,  0.2007],
         [ 0.0000,  0.0000,  0.0000,  1.0000]]], device='cuda:0',
       grad_fn=<CopySlices>)
0:02:47.929211 - Wrote debug data: /home/ubuntu/synthetic_pose_estimation/cosypose/local_data/debug_data/debug_iter=1.pth.tar
0:02:48.146024 - TCO_input tensor([[[ 1.0000,  0.0000,  0.0000, -0.0233],
         [ 0.0000,  1.0000,  0.0000,  0.0067],
         [ 0.0000,  0.0000,  1.0000,  0.3091],
         [ 0.0000,  0.0000,  0.0000,  1.0000]]], device='cuda:0')
0:02:48.146993 - vxvyvz tensor([[ 2.7105, -1.3655,  0.6493]], device='cuda:0',
       grad_fn=<SliceBackward0>)
0:02:48.147998 - dR tensor([[[-0.7824,  0.4497,  0.4308],
         [-0.5726, -0.7915, -0.2137],
         [ 0.2449, -0.4139,  0.8768]]], device='cuda:0',
       grad_fn=<StackBackward0>)
0:02:48.148896 - fxfy tensor([[1876.9624, 1876.9622]], device='cuda:0')
0:02:48.151358 - TCO_gt tensor([[[-0.7893,  0.4511,  0.4165, -0.0100],
         [-0.5688, -0.7927, -0.2192,  0.0062],
         [ 0.2313, -0.4099,  0.8823,  0.1920],
         [ 0.0000,  0.0000,  0.0000,  1.0000]]], device='cuda:0')
0:02:48.152283 - TCO pred_orn tensor([[[-0.7824,  0.4497,  0.4308, -0.0100],
         [-0.5726, -0.7915, -0.2137,  0.0062],
         [ 0.2449, -0.4139,  0.8768,  0.1920],
         [ 0.0000,  0.0000,  0.0000,  1.0000]]], device='cuda:0',
       grad_fn=<CopySlices>)
0:02:48.153189 - TCO pred_xy tensor([[[-0.7893,  0.4511,  0.4165, -0.0142],
         [-0.5688, -0.7927, -0.2192,  0.0040],
         [ 0.2313, -0.4099,  0.8823,  0.1920],
         [ 0.0000,  0.0000,  0.0000,  1.0000]]], device='cuda:0',
       grad_fn=<CopySlices>)
0:02:48.154092 - TCO pred_z tensor([[[-0.7893,  0.4511,  0.4165, -0.0100],
         [-0.5688, -0.7927, -0.2192,  0.0062],
         [ 0.2313, -0.4099,  0.8823,  0.2007],
         [ 0.0000,  0.0000,  0.0000,  1.0000]]], device='cuda:0',
       grad_fn=<CopySlices>)
0:02:48.154735 - loss orn tensor([6.1771e-05], device='cuda:0', grad_fn=<MinBackward0>)
0:02:48.155362 - loss xy tensor([0.0021], device='cuda:0', grad_fn=<MinBackward0>)
0:02:48.155975 - loss z tensor([0.0029], device='cuda:0', grad_fn=<MinBackward0>)
  0%|                                       | 0/1 [00:00<?, ?it/s, loss=0.00509]100%|███████████████████████████████| 1/1 [00:00<00:00,  4.62it/s, loss=0.00509]100%|███████████████████████████████| 1/1 [00:00<00:00,  4.61it/s, loss=0.00509]
0:02:47.923485 - saving /home/ubuntu/synthetic_pose_estimation/cosypose/local_data/experiments/bracket_assembly_debug_nut_nosym_coarse_noaug--938962 311
  0%|                                                     | 0/1 [00:00<?, ?it/s]0:02:48.338589 - iteration 0
0:02:48.381896 - outputs, {'pose': tensor([[-0.9470, -0.6880,  0.2937,  0.5528, -0.5029, -0.3863,  2.7365, -1.3541,
          0.6508]], device='cuda:0', grad_fn=<AddmmBackward0>)}
0:02:48.383501 - model_outputs {'pose': tensor([[-0.9470, -0.6880,  0.2937,  0.5528, -0.5029, -0.3863,  2.7365, -1.3541,
          0.6508]], device='cuda:0', grad_fn=<AddmmBackward0>)}
0:02:48.384301 - K crop tensor([[[1.8216e+03, 0.0000e+00, 2.1080e+02],
         [0.0000e+00, 1.8216e+03, 6.6218e+01],
         [0.0000e+00, 0.0000e+00, 1.0000e+00]]], device='cuda:0')
0:02:48.385164 - TCO_input tensor([[[ 1.0000,  0.0000,  0.0000, -0.0085],
         [ 0.0000,  1.0000,  0.0000,  0.0088],
         [ 0.0000,  0.0000,  1.0000,  0.3011],
         [ 0.0000,  0.0000,  0.0000,  1.0000]]], device='cuda:0')
0:02:48.386078 - model tco output tensor([[[-0.7847,  0.4512,  0.4251, -0.0052],
         [-0.5701, -0.7945, -0.2092,  0.0056],
         [ 0.2434, -0.4065,  0.8806,  0.1959],
         [ 0.0000,  0.0000,  0.0000,  1.0000]]], device='cuda:0',
       grad_fn=<CopySlices>)
0:02:48.425732 - Wrote debug data: /home/ubuntu/synthetic_pose_estimation/cosypose/local_data/debug_data/debug_iter=1.pth.tar
0:02:48.638338 - TCO_input tensor([[[ 1.0000,  0.0000,  0.0000, -0.0085],
         [ 0.0000,  1.0000,  0.0000,  0.0088],
         [ 0.0000,  0.0000,  1.0000,  0.3011],
         [ 0.0000,  0.0000,  0.0000,  1.0000]]], device='cuda:0')
0:02:48.639403 - vxvyvz tensor([[ 2.7365, -1.3541,  0.6508]], device='cuda:0',
       grad_fn=<SliceBackward0>)
0:02:48.640404 - dR tensor([[[-0.7847,  0.4512,  0.4251],
         [-0.5701, -0.7945, -0.2092],
         [ 0.2434, -0.4065,  0.8806]]], device='cuda:0',
       grad_fn=<StackBackward0>)
0:02:48.641316 - fxfy tensor([[1821.6090, 1821.6091]], device='cuda:0')
0:02:48.643848 - TCO_gt tensor([[[-0.7893,  0.4511,  0.4165, -0.0100],
         [-0.5688, -0.7927, -0.2192,  0.0062],
         [ 0.2313, -0.4099,  0.8823,  0.1920],
         [ 0.0000,  0.0000,  0.0000,  1.0000]]], device='cuda:0')
0:02:48.644767 - TCO pred_orn tensor([[[-0.7847,  0.4512,  0.4251, -0.0100],
         [-0.5701, -0.7945, -0.2092,  0.0062],
         [ 0.2434, -0.4065,  0.8806,  0.1920],
         [ 0.0000,  0.0000,  0.0000,  1.0000]]], device='cuda:0',
       grad_fn=<CopySlices>)
0:02:48.645700 - TCO pred_xy tensor([[[-0.7893,  0.4511,  0.4165, -0.0051],
         [-0.5688, -0.7927, -0.2192,  0.0055],
         [ 0.2313, -0.4099,  0.8823,  0.1920],
         [ 0.0000,  0.0000,  0.0000,  1.0000]]], device='cuda:0',
       grad_fn=<CopySlices>)
0:02:48.646623 - TCO pred_z tensor([[[-0.7893,  0.4511,  0.4165, -0.0100],
         [-0.5688, -0.7927, -0.2192,  0.0062],
         [ 0.2313, -0.4099,  0.8823,  0.1959],
         [ 0.0000,  0.0000,  0.0000,  1.0000]]], device='cuda:0',
       grad_fn=<CopySlices>)
0:02:48.647250 - loss orn tensor([5.3061e-05], device='cuda:0', grad_fn=<MinBackward0>)
0:02:48.647865 - loss xy tensor([0.0019], device='cuda:0', grad_fn=<MinBackward0>)
0:02:48.648478 - loss z tensor([0.0013], device='cuda:0', grad_fn=<MinBackward0>)
  0%|                                       | 0/1 [00:00<?, ?it/s, loss=0.00324]100%|███████████████████████████████| 1/1 [00:00<00:00,  4.58it/s, loss=0.00324]100%|███████████████████████████████| 1/1 [00:00<00:00,  4.57it/s, loss=0.00324]
0:02:48.424084 - saving /home/ubuntu/synthetic_pose_estimation/cosypose/local_data/experiments/bracket_assembly_debug_nut_nosym_coarse_noaug--938962 312
  0%|                                                     | 0/1 [00:00<?, ?it/s]0:02:48.839542 - iteration 0
0:02:48.883379 - outputs, {'pose': tensor([[-0.9475, -0.6895,  0.2937,  0.5579, -0.5069, -0.3845,  2.7428, -1.3446,
          0.6474]], device='cuda:0', grad_fn=<AddmmBackward0>)}
0:02:48.884991 - model_outputs {'pose': tensor([[-0.9475, -0.6895,  0.2937,  0.5579, -0.5069, -0.3845,  2.7428, -1.3446,
          0.6474]], device='cuda:0', grad_fn=<AddmmBackward0>)}
0:02:48.885815 - K crop tensor([[[1.8428e+03, 0.0000e+00, 2.5829e+02],
         [0.0000e+00, 1.8428e+03, 8.0321e+01],
         [0.0000e+00, 0.0000e+00, 1.0000e+00]]], device='cuda:0')
0:02:48.886660 - TCO_input tensor([[[ 1.0000,  0.0000,  0.0000, -0.0163],
         [ 0.0000,  1.0000,  0.0000,  0.0065],
         [ 0.0000,  0.0000,  1.0000,  0.3035],
         [ 0.0000,  0.0000,  0.0000,  1.0000]]], device='cuda:0')
0:02:48.888183 - model tco output tensor([[[-0.7843,  0.4541,  0.4226, -0.0102],
         [-0.5707, -0.7952, -0.2047,  0.0040],
         [ 0.2431, -0.4017,  0.8829,  0.1965],
         [ 0.0000,  0.0000,  0.0000,  1.0000]]], device='cuda:0',
       grad_fn=<CopySlices>)
0:02:48.926128 - Wrote debug data: /home/ubuntu/synthetic_pose_estimation/cosypose/local_data/debug_data/debug_iter=1.pth.tar
0:02:49.138430 - TCO_input tensor([[[ 1.0000,  0.0000,  0.0000, -0.0163],
         [ 0.0000,  1.0000,  0.0000,  0.0065],
         [ 0.0000,  0.0000,  1.0000,  0.3035],
         [ 0.0000,  0.0000,  0.0000,  1.0000]]], device='cuda:0')
0:02:49.139524 - vxvyvz tensor([[ 2.7428, -1.3446,  0.6474]], device='cuda:0',
       grad_fn=<SliceBackward0>)
0:02:49.140579 - dR tensor([[[-0.7843,  0.4541,  0.4226],
         [-0.5707, -0.7952, -0.2047],
         [ 0.2431, -0.4017,  0.8829]]], device='cuda:0',
       grad_fn=<StackBackward0>)
0:02:49.141474 - fxfy tensor([[1842.7823, 1842.7822]], device='cuda:0')
0:02:49.143968 - TCO_gt tensor([[[-0.7893,  0.4511,  0.4165, -0.0100],
         [-0.5688, -0.7927, -0.2192,  0.0062],
         [ 0.2313, -0.4099,  0.8823,  0.1920],
         [ 0.0000,  0.0000,  0.0000,  1.0000]]], device='cuda:0')
0:02:49.144895 - TCO pred_orn tensor([[[-0.7843,  0.4541,  0.4226, -0.0100],
         [-0.5707, -0.7952, -0.2047,  0.0062],
         [ 0.2431, -0.4017,  0.8829,  0.1920],
         [ 0.0000,  0.0000,  0.0000,  1.0000]]], device='cuda:0',
       grad_fn=<CopySlices>)
0:02:49.145829 - TCO pred_xy tensor([[[-0.7893,  0.4511,  0.4165, -0.0100],
         [-0.5688, -0.7927, -0.2192,  0.0039],
         [ 0.2313, -0.4099,  0.8823,  0.1920],
         [ 0.0000,  0.0000,  0.0000,  1.0000]]], device='cuda:0',
       grad_fn=<CopySlices>)
0:02:49.146750 - TCO pred_z tensor([[[-0.7893,  0.4511,  0.4165, -0.0100],
         [-0.5688, -0.7927, -0.2192,  0.0062],
         [ 0.2313, -0.4099,  0.8823,  0.1965],
         [ 0.0000,  0.0000,  0.0000,  1.0000]]], device='cuda:0',
       grad_fn=<CopySlices>)
0:02:49.147382 - loss orn tensor([6.2832e-05], device='cuda:0', grad_fn=<MinBackward0>)
0:02:49.147998 - loss xy tensor([0.0007], device='cuda:0', grad_fn=<MinBackward0>)
0:02:49.148614 - loss z tensor([0.0015], device='cuda:0', grad_fn=<MinBackward0>)
  0%|                                       | 0/1 [00:00<?, ?it/s, loss=0.00233]100%|███████████████████████████████| 1/1 [00:00<00:00,  4.63it/s, loss=0.00233]100%|███████████████████████████████| 1/1 [00:00<00:00,  4.62it/s, loss=0.00233]
0:02:48.916185 - saving /home/ubuntu/synthetic_pose_estimation/cosypose/local_data/experiments/bracket_assembly_debug_nut_nosym_coarse_noaug--938962 313
  0%|                                                     | 0/1 [00:00<?, ?it/s]0:02:49.331615 - iteration 0
0:02:49.376668 - outputs, {'pose': tensor([[-0.9540, -0.6923,  0.2911,  0.5501, -0.4974, -0.3856,  2.7713, -1.3253,
          0.6444]], device='cuda:0', grad_fn=<AddmmBackward0>)}
0:02:49.378365 - model_outputs {'pose': tensor([[-0.9540, -0.6923,  0.2911,  0.5501, -0.4974, -0.3856,  2.7713, -1.3253,
          0.6444]], device='cuda:0', grad_fn=<AddmmBackward0>)}
0:02:49.379176 - K crop tensor([[[1.8409e+03, 0.0000e+00, 2.7094e+02],
         [0.0000e+00, 1.8409e+03, 7.5631e+01],
         [0.0000e+00, 0.0000e+00, 1.0000e+00]]], device='cuda:0')
0:02:49.380057 - TCO_input tensor([[[ 1.0000,  0.0000,  0.0000, -0.0184],
         [ 0.0000,  1.0000,  0.0000,  0.0072],
         [ 0.0000,  0.0000,  1.0000,  0.3036],
         [ 0.0000,  0.0000,  0.0000,  1.0000]]], device='cuda:0')
0:02:49.380994 - model tco output tensor([[[-0.7857,  0.4507,  0.4237, -0.0115],
         [-0.5702, -0.7932, -0.2137,  0.0045],
         [ 0.2398, -0.4096,  0.8802,  0.1956],
         [ 0.0000,  0.0000,  0.0000,  1.0000]]], device='cuda:0',
       grad_fn=<CopySlices>)
0:02:49.418416 - Wrote debug data: /home/ubuntu/synthetic_pose_estimation/cosypose/local_data/debug_data/debug_iter=1.pth.tar
0:02:49.629641 - TCO_input tensor([[[ 1.0000,  0.0000,  0.0000, -0.0184],
         [ 0.0000,  1.0000,  0.0000,  0.0072],
         [ 0.0000,  0.0000,  1.0000,  0.3036],
         [ 0.0000,  0.0000,  0.0000,  1.0000]]], device='cuda:0')
0:02:49.630621 - vxvyvz tensor([[ 2.7713, -1.3253,  0.6444]], device='cuda:0',
       grad_fn=<SliceBackward0>)
0:02:49.631637 - dR tensor([[[-0.7857,  0.4507,  0.4237],
         [-0.5702, -0.7932, -0.2137],
         [ 0.2398, -0.4096,  0.8802]]], device='cuda:0',
       grad_fn=<StackBackward0>)
0:02:49.632525 - fxfy tensor([[1840.9224, 1840.9227]], device='cuda:0')
0:02:49.635060 - TCO_gt tensor([[[-0.7893,  0.4511,  0.4165, -0.0100],
         [-0.5688, -0.7927, -0.2192,  0.0062],
         [ 0.2313, -0.4099,  0.8823,  0.1920],
         [ 0.0000,  0.0000,  0.0000,  1.0000]]], device='cuda:0')
0:02:49.636001 - TCO pred_orn tensor([[[-0.7857,  0.4507,  0.4237, -0.0100],
         [-0.5702, -0.7932, -0.2137,  0.0062],
         [ 0.2398, -0.4096,  0.8802,  0.1920],
         [ 0.0000,  0.0000,  0.0000,  1.0000]]], device='cuda:0',
       grad_fn=<CopySlices>)
0:02:49.636945 - TCO pred_xy tensor([[[-0.7893,  0.4511,  0.4165, -0.0113],
         [-0.5688, -0.7927, -0.2192,  0.0044],
         [ 0.2313, -0.4099,  0.8823,  0.1920],
         [ 0.0000,  0.0000,  0.0000,  1.0000]]], device='cuda:0',
       grad_fn=<CopySlices>)
0:02:49.637884 - TCO pred_z tensor([[[-0.7893,  0.4511,  0.4165, -0.0100],
         [-0.5688, -0.7927, -0.2192,  0.0062],
         [ 0.2313, -0.4099,  0.8823,  0.1956],
         [ 0.0000,  0.0000,  0.0000,  1.0000]]], device='cuda:0',
       grad_fn=<CopySlices>)
0:02:49.638552 - loss orn tensor([3.5919e-05], device='cuda:0', grad_fn=<MinBackward0>)
0:02:49.639201 - loss xy tensor([0.0010], device='cuda:0', grad_fn=<MinBackward0>)
0:02:49.639863 - loss z tensor([0.0012], device='cuda:0', grad_fn=<MinBackward0>)
  0%|                                       | 0/1 [00:00<?, ?it/s, loss=0.00227]100%|███████████████████████████████| 1/1 [00:00<00:00,  4.64it/s, loss=0.00227]100%|███████████████████████████████| 1/1 [00:00<00:00,  4.63it/s, loss=0.00227]
0:02:49.402952 - saving /home/ubuntu/synthetic_pose_estimation/cosypose/local_data/experiments/bracket_assembly_debug_nut_nosym_coarse_noaug--938962 314
  0%|                                                     | 0/1 [00:00<?, ?it/s]0:02:49.818443 - iteration 0
0:02:49.862790 - outputs, {'pose': tensor([[-0.9595, -0.6794,  0.2787,  0.5449, -0.5006, -0.3838,  2.7770, -1.3082,
          0.6304]], device='cuda:0', grad_fn=<AddmmBackward0>)}
0:02:49.864467 - model_outputs {'pose': tensor([[-0.9595, -0.6794,  0.2787,  0.5449, -0.5006, -0.3838,  2.7770, -1.3082,
          0.6304]], device='cuda:0', grad_fn=<AddmmBackward0>)}
0:02:49.865298 - K crop tensor([[[1.8535e+03, 0.0000e+00, 2.5803e+02],
         [0.0000e+00, 1.8535e+03, 9.0468e+01],
         [0.0000e+00, 0.0000e+00, 1.0000e+00]]], device='cuda:0')
0:02:49.866775 - TCO_input tensor([[[ 1.0000,  0.0000,  0.0000, -0.0162],
         [ 0.0000,  1.0000,  0.0000,  0.0048],
         [ 0.0000,  0.0000,  1.0000,  0.3046],
         [ 0.0000,  0.0000,  0.0000,  1.0000]]], device='cuda:0')
0:02:49.867822 - model tco output tensor([[[-0.7941,  0.4441,  0.4150, -0.0099],
         [-0.5623, -0.7959, -0.2243,  0.0029],
         [ 0.2307, -0.4114,  0.8818,  0.1920],
         [ 0.0000,  0.0000,  0.0000,  1.0000]]], device='cuda:0',
       grad_fn=<CopySlices>)
0:02:49.910346 - Wrote debug data: /home/ubuntu/synthetic_pose_estimation/cosypose/local_data/debug_data/debug_iter=1.pth.tar
0:02:50.120382 - TCO_input tensor([[[ 1.0000,  0.0000,  0.0000, -0.0162],
         [ 0.0000,  1.0000,  0.0000,  0.0048],
         [ 0.0000,  0.0000,  1.0000,  0.3046],
         [ 0.0000,  0.0000,  0.0000,  1.0000]]], device='cuda:0')
0:02:50.121504 - vxvyvz tensor([[ 2.7770, -1.3082,  0.6304]], device='cuda:0',
       grad_fn=<SliceBackward0>)
0:02:50.122544 - dR tensor([[[-0.7941,  0.4441,  0.4150],
         [-0.5623, -0.7959, -0.2243],
         [ 0.2307, -0.4114,  0.8818]]], device='cuda:0',
       grad_fn=<StackBackward0>)
0:02:50.123439 - fxfy tensor([[1853.5184, 1853.5182]], device='cuda:0')
0:02:50.125975 - TCO_gt tensor([[[-0.7893,  0.4511,  0.4165, -0.0100],
         [-0.5688, -0.7927, -0.2192,  0.0062],
         [ 0.2313, -0.4099,  0.8823,  0.1920],
         [ 0.0000,  0.0000,  0.0000,  1.0000]]], device='cuda:0')
0:02:50.126912 - TCO pred_orn tensor([[[-0.7941,  0.4441,  0.4150, -0.0100],
         [-0.5623, -0.7959, -0.2243,  0.0062],
         [ 0.2307, -0.4114,  0.8818,  0.1920],
         [ 0.0000,  0.0000,  0.0000,  1.0000]]], device='cuda:0',
       grad_fn=<CopySlices>)
0:02:50.127833 - TCO pred_xy tensor([[[-0.7893,  0.4511,  0.4165, -0.0099],
         [-0.5688, -0.7927, -0.2192,  0.0029],
         [ 0.2313, -0.4099,  0.8823,  0.1920],
         [ 0.0000,  0.0000,  0.0000,  1.0000]]], device='cuda:0',
       grad_fn=<CopySlices>)
0:02:50.128750 - TCO pred_z tensor([[[-0.7893,  0.4511,  0.4165, -0.0100],
         [-0.5688, -0.7927, -0.2192,  0.0062],
         [ 0.2313, -0.4099,  0.8823,  0.1920],
         [ 0.0000,  0.0000,  0.0000,  1.0000]]], device='cuda:0',
       grad_fn=<CopySlices>)
0:02:50.129458 - loss orn tensor([3.5670e-05], device='cuda:0', grad_fn=<MinBackward0>)
0:02:50.130114 - loss xy tensor([0.0011], device='cuda:0', grad_fn=<MinBackward0>)
0:02:50.130772 - loss z tensor([1.8999e-05], device='cuda:0', grad_fn=<MinBackward0>)
  0%|                                       | 0/1 [00:00<?, ?it/s, loss=0.00119]100%|███████████████████████████████| 1/1 [00:00<00:00,  4.54it/s, loss=0.00119]100%|███████████████████████████████| 1/1 [00:00<00:00,  4.53it/s, loss=0.00119]
0:02:49.897112 - saving /home/ubuntu/synthetic_pose_estimation/cosypose/local_data/experiments/bracket_assembly_debug_nut_nosym_coarse_noaug--938962 315
  0%|                                                     | 0/1 [00:00<?, ?it/s]0:02:50.312244 - iteration 0
0:02:50.356201 - outputs, {'pose': tensor([[-0.9648, -0.6825,  0.2696,  0.5525, -0.4987, -0.3834,  2.7915, -1.2846,
          0.6274]], device='cuda:0', grad_fn=<AddmmBackward0>)}
0:02:50.357933 - model_outputs {'pose': tensor([[-0.9648, -0.6825,  0.2696,  0.5525, -0.4987, -0.3834,  2.7915, -1.2846,
          0.6274]], device='cuda:0', grad_fn=<AddmmBackward0>)}
0:02:50.358755 - K crop tensor([[[1.8377e+03, 0.0000e+00, 2.9896e+02],
         [0.0000e+00, 1.8377e+03, 1.9536e+01],
         [0.0000e+00, 0.0000e+00, 1.0000e+00]]], device='cuda:0')
0:02:50.359637 - TCO_input tensor([[[ 1.0000,  0.0000,  0.0000, -0.0233],
         [ 0.0000,  1.0000,  0.0000,  0.0167],
         [ 0.0000,  0.0000,  1.0000,  0.3067],
         [ 0.0000,  0.0000,  0.0000,  1.0000]]], device='cuda:0')
0:02:50.361434 - model tco output tensor([[[-0.7959,  0.4472,  0.4081, -0.0143],
         [-0.5630, -0.7944, -0.2277,  0.0103],
         [ 0.2224, -0.4110,  0.8841,  0.1925],
         [ 0.0000,  0.0000,  0.0000,  1.0000]]], device='cuda:0',
       grad_fn=<CopySlices>)
0:02:50.402416 - Wrote debug data: /home/ubuntu/synthetic_pose_estimation/cosypose/local_data/debug_data/debug_iter=1.pth.tar
0:02:50.613934 - TCO_input tensor([[[ 1.0000,  0.0000,  0.0000, -0.0233],
         [ 0.0000,  1.0000,  0.0000,  0.0167],
         [ 0.0000,  0.0000,  1.0000,  0.3067],
         [ 0.0000,  0.0000,  0.0000,  1.0000]]], device='cuda:0')
0:02:50.615022 - vxvyvz tensor([[ 2.7915, -1.2846,  0.6274]], device='cuda:0',
       grad_fn=<SliceBackward0>)
0:02:50.616072 - dR tensor([[[-0.7959,  0.4472,  0.4081],
         [-0.5630, -0.7944, -0.2277],
         [ 0.2224, -0.4110,  0.8841]]], device='cuda:0',
       grad_fn=<StackBackward0>)
0:02:50.616996 - fxfy tensor([[1837.7451, 1837.7448]], device='cuda:0')
0:02:50.619518 - TCO_gt tensor([[[-0.7893,  0.4511,  0.4165, -0.0100],
         [-0.5688, -0.7927, -0.2192,  0.0062],
         [ 0.2313, -0.4099,  0.8823,  0.1920],
         [ 0.0000,  0.0000,  0.0000,  1.0000]]], device='cuda:0')
0:02:50.620460 - TCO pred_orn tensor([[[-0.7959,  0.4472,  0.4081, -0.0100],
         [-0.5630, -0.7944, -0.2277,  0.0062],
         [ 0.2224, -0.4110,  0.8841,  0.1920],
         [ 0.0000,  0.0000,  0.0000,  1.0000]]], device='cuda:0',
       grad_fn=<CopySlices>)
0:02:50.621433 - TCO pred_xy tensor([[[-0.7893,  0.4511,  0.4165, -0.0143],
         [-0.5688, -0.7927, -0.2192,  0.0103],
         [ 0.2313, -0.4099,  0.8823,  0.1920],
         [ 0.0000,  0.0000,  0.0000,  1.0000]]], device='cuda:0',
       grad_fn=<CopySlices>)
0:02:50.622360 - TCO pred_z tensor([[[-0.7893,  0.4511,  0.4165, -0.0100],
         [-0.5688, -0.7927, -0.2192,  0.0062],
         [ 0.2313, -0.4099,  0.8823,  0.1925],
         [ 0.0000,  0.0000,  0.0000,  1.0000]]], device='cuda:0',
       grad_fn=<CopySlices>)
0:02:50.623029 - loss orn tensor([5.1199e-05], device='cuda:0', grad_fn=<MinBackward0>)
0:02:50.623852 - loss xy tensor([0.0028], device='cuda:0', grad_fn=<MinBackward0>)
0:02:50.624532 - loss z tensor([0.0002], device='cuda:0', grad_fn=<MinBackward0>)
  0%|                                       | 0/1 [00:00<?, ?it/s, loss=0.00302]100%|███████████████████████████████| 1/1 [00:00<00:00,  4.51it/s, loss=0.00302]100%|███████████████████████████████| 1/1 [00:00<00:00,  4.50it/s, loss=0.00302]
0:02:50.396092 - saving /home/ubuntu/synthetic_pose_estimation/cosypose/local_data/experiments/bracket_assembly_debug_nut_nosym_coarse_noaug--938962 316
  0%|                                                     | 0/1 [00:00<?, ?it/s]0:02:50.811365 - iteration 0
0:02:50.855160 - outputs, {'pose': tensor([[-0.9702, -0.6927,  0.2669,  0.5570, -0.5032, -0.3897,  2.8173, -1.2839,
          0.6153]], device='cuda:0', grad_fn=<AddmmBackward0>)}
0:02:50.856808 - model_outputs {'pose': tensor([[-0.9702, -0.6927,  0.2669,  0.5570, -0.5032, -0.3897,  2.8173, -1.2839,
          0.6153]], device='cuda:0', grad_fn=<AddmmBackward0>)}
0:02:50.857613 - K crop tensor([[[2.0022e+03, 0.0000e+00, 2.8099e+02],
         [0.0000e+00, 2.0022e+03, 1.6504e+01],
         [0.0000e+00, 0.0000e+00, 1.0000e+00]]], device='cuda:0')
0:02:50.858461 - TCO_input tensor([[[ 1.0000,  0.0000,  0.0000, -0.0202],
         [ 0.0000,  1.0000,  0.0000,  0.0171],
         [ 0.0000,  0.0000,  1.0000,  0.3333],
         [ 0.0000,  0.0000,  0.0000,  1.0000]]], device='cuda:0')
0:02:50.859349 - model tco output tensor([[[-0.7942,  0.4500,  0.4084, -0.0122],
         [-0.5670, -0.7904, -0.2318,  0.0104],
         [ 0.2185, -0.4157,  0.8829,  0.2051],
         [ 0.0000,  0.0000,  0.0000,  1.0000]]], device='cuda:0',
       grad_fn=<CopySlices>)
0:02:50.899247 - Wrote debug data: /home/ubuntu/synthetic_pose_estimation/cosypose/local_data/debug_data/debug_iter=1.pth.tar
0:02:51.111048 - TCO_input tensor([[[ 1.0000,  0.0000,  0.0000, -0.0202],
         [ 0.0000,  1.0000,  0.0000,  0.0171],
         [ 0.0000,  0.0000,  1.0000,  0.3333],
         [ 0.0000,  0.0000,  0.0000,  1.0000]]], device='cuda:0')
0:02:51.112195 - vxvyvz tensor([[ 2.8173, -1.2839,  0.6153]], device='cuda:0',
       grad_fn=<SliceBackward0>)
0:02:51.113267 - dR tensor([[[-0.7942,  0.4500,  0.4084],
         [-0.5670, -0.7904, -0.2318],
         [ 0.2185, -0.4157,  0.8829]]], device='cuda:0',
       grad_fn=<StackBackward0>)
0:02:51.114171 - fxfy tensor([[2002.1646, 2002.1646]], device='cuda:0')
0:02:51.116696 - TCO_gt tensor([[[-0.7893,  0.4511,  0.4165, -0.0100],
         [-0.5688, -0.7927, -0.2192,  0.0062],
         [ 0.2313, -0.4099,  0.8823,  0.1920],
         [ 0.0000,  0.0000,  0.0000,  1.0000]]], device='cuda:0')
0:02:51.117674 - TCO pred_orn tensor([[[-0.7942,  0.4500,  0.4084, -0.0100],
         [-0.5670, -0.7904, -0.2318,  0.0062],
         [ 0.2185, -0.4157,  0.8829,  0.1920],
         [ 0.0000,  0.0000,  0.0000,  1.0000]]], device='cuda:0',
       grad_fn=<CopySlices>)
0:02:51.118591 - TCO pred_xy tensor([[[-0.7893,  0.4511,  0.4165, -0.0114],
         [-0.5688, -0.7927, -0.2192,  0.0098],
         [ 0.2313, -0.4099,  0.8823,  0.1920],
         [ 0.0000,  0.0000,  0.0000,  1.0000]]], device='cuda:0',
       grad_fn=<CopySlices>)
0:02:51.119495 - TCO pred_z tensor([[[-0.7893,  0.4511,  0.4165, -0.0100],
         [-0.5688, -0.7927, -0.2192,  0.0062],
         [ 0.2313, -0.4099,  0.8823,  0.2051],
         [ 0.0000,  0.0000,  0.0000,  1.0000]]], device='cuda:0',
       grad_fn=<CopySlices>)
0:02:51.120125 - loss orn tensor([5.9872e-05], device='cuda:0', grad_fn=<MinBackward0>)
0:02:51.120740 - loss xy tensor([0.0016], device='cuda:0', grad_fn=<MinBackward0>)
0:02:51.121384 - loss z tensor([0.0044], device='cuda:0', grad_fn=<MinBackward0>)
  0%|                                       | 0/1 [00:00<?, ?it/s, loss=0.00608]100%|███████████████████████████████| 1/1 [00:00<00:00,  4.52it/s, loss=0.00608]100%|███████████████████████████████| 1/1 [00:00<00:00,  4.51it/s, loss=0.00608]
0:02:50.876550 - saving /home/ubuntu/synthetic_pose_estimation/cosypose/local_data/experiments/bracket_assembly_debug_nut_nosym_coarse_noaug--938962 317
  0%|                                                     | 0/1 [00:00<?, ?it/s]0:02:51.291821 - iteration 0
0:02:51.335793 - outputs, {'pose': tensor([[-0.9725, -0.6926,  0.2708,  0.5546, -0.5093, -0.3917,  2.8377, -1.2734,
          0.6015]], device='cuda:0', grad_fn=<AddmmBackward0>)}
0:02:51.337420 - model_outputs {'pose': tensor([[-0.9725, -0.6926,  0.2708,  0.5546, -0.5093, -0.3917,  2.8377, -1.2734,
          0.6015]], device='cuda:0', grad_fn=<AddmmBackward0>)}
0:02:51.338242 - K crop tensor([[[1.6971e+03, 0.0000e+00, 2.7717e+02],
         [0.0000e+00, 1.6971e+03, 5.9602e+01],
         [0.0000e+00, 0.0000e+00, 1.0000e+00]]], device='cuda:0')
0:02:51.339119 - TCO_input tensor([[[ 1.0000,  0.0000,  0.0000, -0.0195],
         [ 0.0000,  1.0000,  0.0000,  0.0099],
         [ 0.0000,  0.0000,  1.0000,  0.2816],
         [ 0.0000,  0.0000,  0.0000,  1.0000]]], device='cuda:0')
0:02:51.340687 - model tco output tensor([[[-0.7944,  0.4478,  0.4104, -0.0115],
         [-0.5657, -0.7914, -0.2314,  0.0059],
         [ 0.2212, -0.4160,  0.8820,  0.1694],
         [ 0.0000,  0.0000,  0.0000,  1.0000]]], device='cuda:0',
       grad_fn=<CopySlices>)
0:02:51.379372 - Wrote debug data: /home/ubuntu/synthetic_pose_estimation/cosypose/local_data/debug_data/debug_iter=1.pth.tar
0:02:51.592928 - TCO_input tensor([[[ 1.0000,  0.0000,  0.0000, -0.0195],
         [ 0.0000,  1.0000,  0.0000,  0.0099],
         [ 0.0000,  0.0000,  1.0000,  0.2816],
         [ 0.0000,  0.0000,  0.0000,  1.0000]]], device='cuda:0')
0:02:51.593913 - vxvyvz tensor([[ 2.8377, -1.2734,  0.6015]], device='cuda:0',
       grad_fn=<SliceBackward0>)
0:02:51.594887 - dR tensor([[[-0.7944,  0.4478,  0.4104],
         [-0.5657, -0.7914, -0.2314],
         [ 0.2212, -0.4160,  0.8820]]], device='cuda:0',
       grad_fn=<StackBackward0>)
0:02:51.595738 - fxfy tensor([[1697.0583, 1697.0585]], device='cuda:0')
0:02:51.598251 - TCO_gt tensor([[[-0.7893,  0.4511,  0.4165, -0.0100],
         [-0.5688, -0.7927, -0.2192,  0.0062],
         [ 0.2313, -0.4099,  0.8823,  0.1920],
         [ 0.0000,  0.0000,  0.0000,  1.0000]]], device='cuda:0')
0:02:51.599157 - TCO pred_orn tensor([[[-0.7944,  0.4478,  0.4104, -0.0100],
         [-0.5657, -0.7914, -0.2314,  0.0062],
         [ 0.2212, -0.4160,  0.8820,  0.1920],
         [ 0.0000,  0.0000,  0.0000,  1.0000]]], device='cuda:0',
       grad_fn=<CopySlices>)
0:02:51.600066 - TCO pred_xy tensor([[[-0.7893,  0.4511,  0.4165, -0.0130],
         [-0.5688, -0.7927, -0.2192,  0.0066],
         [ 0.2313, -0.4099,  0.8823,  0.1920],
         [ 0.0000,  0.0000,  0.0000,  1.0000]]], device='cuda:0',
       grad_fn=<CopySlices>)
0:02:51.600975 - TCO pred_z tensor([[[-0.7893,  0.4511,  0.4165, -0.0100],
         [-0.5688, -0.7927, -0.2192,  0.0062],
         [ 0.2313, -0.4099,  0.8823,  0.1694],
         [ 0.0000,  0.0000,  0.0000,  1.0000]]], device='cuda:0',
       grad_fn=<CopySlices>)
0:02:51.601650 - loss orn tensor([5.5036e-05], device='cuda:0', grad_fn=<MinBackward0>)
0:02:51.602281 - loss xy tensor([0.0011], device='cuda:0', grad_fn=<MinBackward0>)
0:02:51.602896 - loss z tensor([0.0075], device='cuda:0', grad_fn=<MinBackward0>)
  0%|                                       | 0/1 [00:00<?, ?it/s, loss=0.00874]100%|███████████████████████████████| 1/1 [00:00<00:00,  4.58it/s, loss=0.00874]100%|███████████████████████████████| 1/1 [00:00<00:00,  4.57it/s, loss=0.00874]
0:02:51.360414 - saving /home/ubuntu/synthetic_pose_estimation/cosypose/local_data/experiments/bracket_assembly_debug_nut_nosym_coarse_noaug--938962 318
  0%|                                                     | 0/1 [00:00<?, ?it/s]0:02:51.775598 - iteration 0
0:02:51.820251 - outputs, {'pose': tensor([[-0.9615, -0.7009,  0.2746,  0.5626, -0.5118, -0.3806,  2.8555, -1.2694,
          0.5879]], device='cuda:0', grad_fn=<AddmmBackward0>)}
0:02:51.821869 - model_outputs {'pose': tensor([[-0.9615, -0.7009,  0.2746,  0.5626, -0.5118, -0.3806,  2.8555, -1.2694,
          0.5879]], device='cuda:0', grad_fn=<AddmmBackward0>)}
0:02:51.822646 - K crop tensor([[[1.6302e+03, 0.0000e+00, 2.8598e+02],
         [0.0000e+00, 1.6302e+03, 5.4470e+01],
         [0.0000e+00, 0.0000e+00, 1.0000e+00]]], device='cuda:0')
0:02:51.823499 - TCO_input tensor([[[ 1.0000,  0.0000,  0.0000, -0.0210],
         [ 0.0000,  1.0000,  0.0000,  0.0108],
         [ 0.0000,  0.0000,  1.0000,  0.2712],
         [ 0.0000,  0.0000,  0.0000,  1.0000]]], device='cuda:0')
0:02:51.825092 - model tco output tensor([[[-0.7874,  0.4621,  0.4080, -0.0121],
         [-0.5740, -0.7910, -0.2118,  0.0062],
         [ 0.2249, -0.4010,  0.8881,  0.1594],
         [ 0.0000,  0.0000,  0.0000,  1.0000]]], device='cuda:0',
       grad_fn=<CopySlices>)
0:02:51.864224 - Wrote debug data: /home/ubuntu/synthetic_pose_estimation/cosypose/local_data/debug_data/debug_iter=1.pth.tar
0:02:52.075229 - TCO_input tensor([[[ 1.0000,  0.0000,  0.0000, -0.0210],
         [ 0.0000,  1.0000,  0.0000,  0.0108],
         [ 0.0000,  0.0000,  1.0000,  0.2712],
         [ 0.0000,  0.0000,  0.0000,  1.0000]]], device='cuda:0')
0:02:52.076318 - vxvyvz tensor([[ 2.8555, -1.2694,  0.5879]], device='cuda:0',
       grad_fn=<SliceBackward0>)
0:02:52.077370 - dR tensor([[[-0.7874,  0.4621,  0.4080],
         [-0.5740, -0.7910, -0.2118],
         [ 0.2249, -0.4010,  0.8881]]], device='cuda:0',
       grad_fn=<StackBackward0>)
0:02:52.078279 - fxfy tensor([[1630.2394, 1630.2395]], device='cuda:0')
0:02:52.080772 - TCO_gt tensor([[[-0.7893,  0.4511,  0.4165, -0.0100],
         [-0.5688, -0.7927, -0.2192,  0.0062],
         [ 0.2313, -0.4099,  0.8823,  0.1920],
         [ 0.0000,  0.0000,  0.0000,  1.0000]]], device='cuda:0')
0:02:52.081721 - TCO pred_orn tensor([[[-0.7874,  0.4621,  0.4080, -0.0100],
         [-0.5740, -0.7910, -0.2118,  0.0062],
         [ 0.2249, -0.4010,  0.8881,  0.1920],
         [ 0.0000,  0.0000,  0.0000,  1.0000]]], device='cuda:0',
       grad_fn=<CopySlices>)
0:02:52.082644 - TCO pred_xy tensor([[[-0.7893,  0.4511,  0.4165, -0.0146],
         [-0.5688, -0.7927, -0.2192,  0.0075],
         [ 0.2313, -0.4099,  0.8823,  0.1920],
         [ 0.0000,  0.0000,  0.0000,  1.0000]]], device='cuda:0',
       grad_fn=<CopySlices>)
0:02:52.083546 - TCO pred_z tensor([[[-0.7893,  0.4511,  0.4165, -0.0100],
         [-0.5688, -0.7927, -0.2192,  0.0062],
         [ 0.2313, -0.4099,  0.8823,  0.1594],
         [ 0.0000,  0.0000,  0.0000,  1.0000]]], device='cuda:0',
       grad_fn=<CopySlices>)
0:02:52.084190 - loss orn tensor([6.0275e-05], device='cuda:0', grad_fn=<MinBackward0>)
0:02:52.084816 - loss xy tensor([0.0020], device='cuda:0', grad_fn=<MinBackward0>)
0:02:52.085453 - loss z tensor([0.0108], device='cuda:0', grad_fn=<MinBackward0>)
  0%|                                        | 0/1 [00:00<?, ?it/s, loss=0.0129]100%|████████████████████████████████| 1/1 [00:00<00:00,  4.56it/s, loss=0.0129]100%|████████████████████████████████| 1/1 [00:00<00:00,  4.55it/s, loss=0.0129]
0:02:51.858435 - saving /home/ubuntu/synthetic_pose_estimation/cosypose/local_data/experiments/bracket_assembly_debug_nut_nosym_coarse_noaug--938962 319
  0%|                                                     | 0/1 [00:00<?, ?it/s]0:02:52.273605 - iteration 0
0:02:52.317704 - outputs, {'pose': tensor([[-0.9517, -0.6990,  0.2797,  0.5673, -0.5152, -0.3789,  2.8658, -1.2687,
          0.5799]], device='cuda:0', grad_fn=<AddmmBackward0>)}
0:02:52.319236 - model_outputs {'pose': tensor([[-0.9517, -0.6990,  0.2797,  0.5673, -0.5152, -0.3789,  2.8658, -1.2687,
          0.5799]], device='cuda:0', grad_fn=<AddmmBackward0>)}
0:02:52.320119 - K crop tensor([[[1.7907e+03, 0.0000e+00, 2.1192e+02],
         [0.0000e+00, 1.7907e+03, 6.8145e+01],
         [0.0000e+00, 0.0000e+00, 1.0000e+00]]], device='cuda:0')
0:02:52.321113 - TCO_input tensor([[[ 1.0000,  0.0000,  0.0000, -0.0087],
         [ 0.0000,  1.0000,  0.0000,  0.0085],
         [ 0.0000,  0.0000,  1.0000,  0.2960],
         [ 0.0000,  0.0000,  0.0000,  1.0000]]], device='cuda:0')
0:02:52.322647 - model tco output tensor([[[-0.7843,  0.4656,  0.4101, -0.0047],
         [-0.5760, -0.7920, -0.2025,  0.0048],
         [ 0.2304, -0.3950,  0.8893,  0.1717],
         [ 0.0000,  0.0000,  0.0000,  1.0000]]], device='cuda:0',
       grad_fn=<CopySlices>)
0:02:52.361820 - Wrote debug data: /home/ubuntu/synthetic_pose_estimation/cosypose/local_data/debug_data/debug_iter=1.pth.tar
0:02:52.572520 - TCO_input tensor([[[ 1.0000,  0.0000,  0.0000, -0.0087],
         [ 0.0000,  1.0000,  0.0000,  0.0085],
         [ 0.0000,  0.0000,  1.0000,  0.2960],
         [ 0.0000,  0.0000,  0.0000,  1.0000]]], device='cuda:0')
0:02:52.573570 - vxvyvz tensor([[ 2.8658, -1.2687,  0.5799]], device='cuda:0',
       grad_fn=<SliceBackward0>)
0:02:52.574571 - dR tensor([[[-0.7843,  0.4656,  0.4101],
         [-0.5760, -0.7920, -0.2025],
         [ 0.2304, -0.3950,  0.8893]]], device='cuda:0',
       grad_fn=<StackBackward0>)
0:02:52.575456 - fxfy tensor([[1790.6709, 1790.6710]], device='cuda:0')
0:02:52.578025 - TCO_gt tensor([[[-0.7893,  0.4511,  0.4165, -0.0100],
         [-0.5688, -0.7927, -0.2192,  0.0062],
         [ 0.2313, -0.4099,  0.8823,  0.1920],
         [ 0.0000,  0.0000,  0.0000,  1.0000]]], device='cuda:0')
0:02:52.578943 - TCO pred_orn tensor([[[-0.7843,  0.4656,  0.4101, -0.0100],
         [-0.5760, -0.7920, -0.2025,  0.0062],
         [ 0.2304, -0.3950,  0.8893,  0.1920],
         [ 0.0000,  0.0000,  0.0000,  1.0000]]], device='cuda:0',
       grad_fn=<CopySlices>)
0:02:52.579832 - TCO pred_xy tensor([[[-0.7893,  0.4511,  0.4165, -0.0053],
         [-0.5688, -0.7927, -0.2192,  0.0054],
         [ 0.2313, -0.4099,  0.8823,  0.1920],
         [ 0.0000,  0.0000,  0.0000,  1.0000]]], device='cuda:0',
       grad_fn=<CopySlices>)
0:02:52.580749 - TCO pred_z tensor([[[-0.7893,  0.4511,  0.4165, -0.0100],
         [-0.5688, -0.7927, -0.2192,  0.0062],
         [ 0.2313, -0.4099,  0.8823,  0.1717],
         [ 0.0000,  0.0000,  0.0000,  1.0000]]], device='cuda:0',
       grad_fn=<CopySlices>)
0:02:52.581432 - loss orn tensor([8.8351e-05], device='cuda:0', grad_fn=<MinBackward0>)
0:02:52.582050 - loss xy tensor([0.0018], device='cuda:0', grad_fn=<MinBackward0>)
0:02:52.582666 - loss z tensor([0.0068], device='cuda:0', grad_fn=<MinBackward0>)
  0%|                                       | 0/1 [00:00<?, ?it/s, loss=0.00869]100%|███████████████████████████████| 1/1 [00:00<00:00,  4.58it/s, loss=0.00869]100%|███████████████████████████████| 1/1 [00:00<00:00,  4.57it/s, loss=0.00869]
  0%|                                                     | 0/1 [00:00<?, ?it/s]0:02:52.491319 - iteration 0
0:02:52.527162 - outputs, {'pose': tensor([[-0.1299, -0.0226,  0.0053,  0.2185, -0.0196, -0.1153,  0.5129, -0.2580,
          0.2079]], device='cuda:0')}
0:02:52.528557 - model_outputs {'pose': tensor([[-0.1299, -0.0226,  0.0053,  0.2185, -0.0196, -0.1153,  0.5129, -0.2580,
          0.2079]], device='cuda:0')}
0:02:52.529313 - K crop tensor([[[1.9119e+03, 0.0000e+00, 2.3733e+02],
         [0.0000e+00, 1.9119e+03, 4.1504e+01],
         [0.0000e+00, 0.0000e+00, 1.0000e+00]]], device='cuda:0')
0:02:52.530155 - TCO_input tensor([[[ 1.0000,  0.0000,  0.0000, -0.0129],
         [ 0.0000,  1.0000,  0.0000,  0.0129],
         [ 0.0000,  0.0000,  1.0000,  0.3172],
         [ 0.0000,  0.0000,  0.0000,  1.0000]]], device='cuda:0')
0:02:52.531037 - model tco output tensor([[[-0.9843,  0.0457,  0.1702, -0.0027],
         [-0.1716, -0.4698, -0.8660,  0.0027],
         [ 0.0404, -0.8816,  0.4703,  0.0659],
         [ 0.0000,  0.0000,  0.0000,  1.0000]]], device='cuda:0')
0:02:52.568698 - Wrote debug data: /home/ubuntu/synthetic_pose_estimation/cosypose/local_data/debug_data/debug_iter=1.pth.tar
0:02:52.783013 - TCO_input tensor([[[ 1.0000,  0.0000,  0.0000, -0.0129],
         [ 0.0000,  1.0000,  0.0000,  0.0129],
         [ 0.0000,  0.0000,  1.0000,  0.3172],
         [ 0.0000,  0.0000,  0.0000,  1.0000]]], device='cuda:0')
0:02:52.783941 - vxvyvz tensor([[ 0.5129, -0.2580,  0.2079]], device='cuda:0')
0:02:52.784915 - dR tensor([[[-0.9843,  0.0457,  0.1702],
         [-0.1716, -0.4698, -0.8660],
         [ 0.0404, -0.8816,  0.4703]]], device='cuda:0')
0:02:52.785781 - fxfy tensor([[1911.8595, 1911.8593]], device='cuda:0')
0:02:52.788074 - TCO_gt tensor([[[-0.7893,  0.4511,  0.4165, -0.0100],
         [-0.5688, -0.7927, -0.2192,  0.0062],
         [ 0.2313, -0.4099,  0.8823,  0.1920],
         [ 0.0000,  0.0000,  0.0000,  1.0000]]], device='cuda:0')
0:02:52.788994 - TCO pred_orn tensor([[[-0.9843,  0.0457,  0.1702, -0.0100],
         [-0.1716, -0.4698, -0.8660,  0.0062],
         [ 0.0404, -0.8816,  0.4703,  0.1920],
         [ 0.0000,  0.0000,  0.0000,  1.0000]]], device='cuda:0')
0:02:52.789929 - TCO pred_xy tensor([[[-0.7893,  0.4511,  0.4165, -0.0078],
         [-0.5688, -0.7927, -0.2192,  0.0078],
         [ 0.2313, -0.4099,  0.8823,  0.1920],
         [ 0.0000,  0.0000,  0.0000,  1.0000]]], device='cuda:0')
0:02:52.790813 - TCO pred_z tensor([[[-0.7893,  0.4511,  0.4165, -0.0100],
         [-0.5688, -0.7927, -0.2192,  0.0062],
         [ 0.2313, -0.4099,  0.8823,  0.0659],
         [ 0.0000,  0.0000,  0.0000,  1.0000]]], device='cuda:0')
0:02:52.791437 - loss orn tensor([0.0032], device='cuda:0')
0:02:52.792054 - loss xy tensor([0.0013], device='cuda:0')
0:02:52.792666 - loss z tensor([0.0420], device='cuda:0')
100%|█████████████████████████████████████████████| 1/1 [00:00<00:00,  8.34it/s]100%|█████████████████████████████████████████████| 1/1 [00:00<00:00,  8.32it/s]
0:02:52.469477 - saving /home/ubuntu/synthetic_pose_estimation/cosypose/local_data/experiments/bracket_assembly_debug_nut_nosym_coarse_noaug--938962 320
  0%|                                                     | 0/1 [00:00<?, ?it/s]0:02:52.881285 - iteration 0
0:02:52.925176 - outputs, {'pose': tensor([[-0.9579, -0.6975,  0.2853,  0.5578, -0.5090, -0.3832,  2.8905, -1.2583,
          0.5835]], device='cuda:0', grad_fn=<AddmmBackward0>)}
0:02:52.927343 - model_outputs {'pose': tensor([[-0.9579, -0.6975,  0.2853,  0.5578, -0.5090, -0.3832,  2.8905, -1.2583,
          0.5835]], device='cuda:0', grad_fn=<AddmmBackward0>)}
0:02:52.928233 - K crop tensor([[[1.7107e+03, 0.0000e+00, 2.6395e+02],
         [0.0000e+00, 1.7107e+03, 1.2918e+02],
         [0.0000e+00, 0.0000e+00, 1.0000e+00]]], device='cuda:0')
0:02:52.929090 - TCO_input tensor([[[ 1.0000,  0.0000,  0.0000, -0.0171],
         [ 0.0000,  1.0000,  0.0000, -0.0016],
         [ 0.0000,  0.0000,  1.0000,  0.2805],
         [ 0.0000,  0.0000,  0.0000,  1.0000]]], device='cuda:0')
0:02:52.930016 - model tco output tensor([[[-0.7859,  0.4572,  0.4162, -0.0097],
         [-0.5723, -0.7928, -0.2098, -0.0010],
         [ 0.2340, -0.4031,  0.8847,  0.1637],
         [ 0.0000,  0.0000,  0.0000,  1.0000]]], device='cuda:0',
       grad_fn=<CopySlices>)
0:02:52.967576 - Wrote debug data: /home/ubuntu/synthetic_pose_estimation/cosypose/local_data/debug_data/debug_iter=1.pth.tar
0:02:53.179159 - TCO_input tensor([[[ 1.0000,  0.0000,  0.0000, -0.0171],
         [ 0.0000,  1.0000,  0.0000, -0.0016],
         [ 0.0000,  0.0000,  1.0000,  0.2805],
         [ 0.0000,  0.0000,  0.0000,  1.0000]]], device='cuda:0')
0:02:53.180162 - vxvyvz tensor([[ 2.8905, -1.2583,  0.5835]], device='cuda:0',
       grad_fn=<SliceBackward0>)
0:02:53.181157 - dR tensor([[[-0.7859,  0.4572,  0.4162],
         [-0.5723, -0.7928, -0.2098],
         [ 0.2340, -0.4031,  0.8847]]], device='cuda:0',
       grad_fn=<StackBackward0>)
0:02:53.182069 - fxfy tensor([[1710.7061, 1710.7061]], device='cuda:0')
0:02:53.184674 - TCO_gt tensor([[[-0.7893,  0.4511,  0.4165, -0.0100],
         [-0.5688, -0.7927, -0.2192,  0.0062],
         [ 0.2313, -0.4099,  0.8823,  0.1920],
         [ 0.0000,  0.0000,  0.0000,  1.0000]]], device='cuda:0')
0:02:53.185693 - TCO pred_orn tensor([[[-0.7859,  0.4572,  0.4162, -0.0100],
         [-0.5723, -0.7928, -0.2098,  0.0062],
         [ 0.2340, -0.4031,  0.8847,  0.1920],
         [ 0.0000,  0.0000,  0.0000,  1.0000]]], device='cuda:0',
       grad_fn=<CopySlices>)
0:02:53.186589 - TCO pred_xy tensor([[[-0.7893,  0.4511,  0.4165, -0.0114],
         [-0.5688, -0.7927, -0.2192, -0.0012],
         [ 0.2313, -0.4099,  0.8823,  0.1920],
         [ 0.0000,  0.0000,  0.0000,  1.0000]]], device='cuda:0',
       grad_fn=<CopySlices>)
0:02:53.187487 - TCO pred_z tensor([[[-0.7893,  0.4511,  0.4165, -0.0100],
         [-0.5688, -0.7927, -0.2192,  0.0062],
         [ 0.2313, -0.4099,  0.8823,  0.1637],
         [ 0.0000,  0.0000,  0.0000,  1.0000]]], device='cuda:0',
       grad_fn=<CopySlices>)
0:02:53.188108 - loss orn tensor([4.2403e-05], device='cuda:0', grad_fn=<MinBackward0>)
0:02:53.188715 - loss xy tensor([0.0029], device='cuda:0', grad_fn=<MinBackward0>)
0:02:53.189354 - loss z tensor([0.0094], device='cuda:0', grad_fn=<MinBackward0>)
  0%|                                        | 0/1 [00:00<?, ?it/s, loss=0.0124]100%|████████████████████████████████| 1/1 [00:00<00:00,  4.61it/s, loss=0.0124]100%|████████████████████████████████| 1/1 [00:00<00:00,  4.60it/s, loss=0.0124]
0:02:52.947914 - saving /home/ubuntu/synthetic_pose_estimation/cosypose/local_data/experiments/bracket_assembly_debug_nut_nosym_coarse_noaug--938962 321
  0%|                                                     | 0/1 [00:00<?, ?it/s]0:02:53.363135 - iteration 0
0:02:53.406710 - outputs, {'pose': tensor([[-0.9595, -0.6929,  0.2967,  0.5511, -0.5118, -0.3908,  2.8959, -1.2480,
          0.5809]], device='cuda:0', grad_fn=<AddmmBackward0>)}
0:02:53.408282 - model_outputs {'pose': tensor([[-0.9595, -0.6929,  0.2967,  0.5511, -0.5118, -0.3908,  2.8959, -1.2480,
          0.5809]], device='cuda:0', grad_fn=<AddmmBackward0>)}
0:02:53.409055 - K crop tensor([[[1.7426e+03, 0.0000e+00, 2.5731e+02],
         [0.0000e+00, 1.7426e+03, 1.4806e+01],
         [0.0000e+00, 0.0000e+00, 1.0000e+00]]], device='cuda:0')
0:02:53.409919 - TCO_input tensor([[[ 1.0000,  0.0000,  0.0000, -0.0164],
         [ 0.0000,  1.0000,  0.0000,  0.0175],
         [ 0.0000,  0.0000,  1.0000,  0.2918],
         [ 0.0000,  0.0000,  0.0000,  1.0000]]], device='cuda:0')
0:02:53.410813 - model tco output tensor([[[-0.7864,  0.4476,  0.4258, -0.0092],
         [-0.5679, -0.7951, -0.2131,  0.0101],
         [ 0.2431, -0.4093,  0.8794,  0.1695],
         [ 0.0000,  0.0000,  0.0000,  1.0000]]], device='cuda:0',
       grad_fn=<CopySlices>)
0:02:53.451186 - Wrote debug data: /home/ubuntu/synthetic_pose_estimation/cosypose/local_data/debug_data/debug_iter=1.pth.tar
0:02:53.663052 - TCO_input tensor([[[ 1.0000,  0.0000,  0.0000, -0.0164],
         [ 0.0000,  1.0000,  0.0000,  0.0175],
         [ 0.0000,  0.0000,  1.0000,  0.2918],
         [ 0.0000,  0.0000,  0.0000,  1.0000]]], device='cuda:0')
0:02:53.664219 - vxvyvz tensor([[ 2.8959, -1.2480,  0.5809]], device='cuda:0',
       grad_fn=<SliceBackward0>)
0:02:53.665293 - dR tensor([[[-0.7864,  0.4476,  0.4258],
         [-0.5679, -0.7951, -0.2131],
         [ 0.2431, -0.4093,  0.8794]]], device='cuda:0',
       grad_fn=<StackBackward0>)
0:02:53.666205 - fxfy tensor([[1742.5759, 1742.5759]], device='cuda:0')
0:02:53.668747 - TCO_gt tensor([[[-0.7893,  0.4511,  0.4165, -0.0100],
         [-0.5688, -0.7927, -0.2192,  0.0062],
         [ 0.2313, -0.4099,  0.8823,  0.1920],
         [ 0.0000,  0.0000,  0.0000,  1.0000]]], device='cuda:0')
0:02:53.669702 - TCO pred_orn tensor([[[-0.7864,  0.4476,  0.4258, -0.0100],
         [-0.5679, -0.7951, -0.2131,  0.0062],
         [ 0.2431, -0.4093,  0.8794,  0.1920],
         [ 0.0000,  0.0000,  0.0000,  1.0000]]], device='cuda:0',
       grad_fn=<CopySlices>)
0:02:53.670647 - TCO pred_xy tensor([[[-0.7893,  0.4511,  0.4165, -0.0105],
         [-0.5688, -0.7927, -0.2192,  0.0114],
         [ 0.2313, -0.4099,  0.8823,  0.1920],
         [ 0.0000,  0.0000,  0.0000,  1.0000]]], device='cuda:0',
       grad_fn=<CopySlices>)
0:02:53.674691 - TCO pred_z tensor([[[-0.7893,  0.4511,  0.4165, -0.0100],
         [-0.5688, -0.7927, -0.2192,  0.0062],
         [ 0.2313, -0.4099,  0.8823,  0.1695],
         [ 0.0000,  0.0000,  0.0000,  1.0000]]], device='cuda:0',
       grad_fn=<CopySlices>)
0:02:53.675342 - loss orn tensor([4.7764e-05], device='cuda:0', grad_fn=<MinBackward0>)
0:02:53.675991 - loss xy tensor([0.0019], device='cuda:0', grad_fn=<MinBackward0>)
0:02:53.676629 - loss z tensor([0.0075], device='cuda:0', grad_fn=<MinBackward0>)
  0%|                                       | 0/1 [00:00<?, ?it/s, loss=0.00942]100%|███████████████████████████████| 1/1 [00:00<00:00,  4.49it/s, loss=0.00942]100%|███████████████████████████████| 1/1 [00:00<00:00,  4.48it/s, loss=0.00942]
0:02:53.436276 - saving /home/ubuntu/synthetic_pose_estimation/cosypose/local_data/experiments/bracket_assembly_debug_nut_nosym_coarse_noaug--938962 322
  0%|                                                     | 0/1 [00:00<?, ?it/s]0:02:53.851374 - iteration 0
0:02:53.895407 - outputs, {'pose': tensor([[-0.9624, -0.6975,  0.2850,  0.5451, -0.5039, -0.3931,  2.9172, -1.2462,
          0.5942]], device='cuda:0', grad_fn=<AddmmBackward0>)}
0:02:53.897043 - model_outputs {'pose': tensor([[-0.9624, -0.6975,  0.2850,  0.5451, -0.5039, -0.3931,  2.9172, -1.2462,
          0.5942]], device='cuda:0', grad_fn=<AddmmBackward0>)}
0:02:53.897840 - K crop tensor([[[1.6918e+03, 0.0000e+00, 2.9346e+02],
         [0.0000e+00, 1.6918e+03, 4.9041e+01],
         [0.0000e+00, 0.0000e+00, 1.0000e+00]]], device='cuda:0')
0:02:53.898680 - TCO_input tensor([[[ 1.0000,  0.0000,  0.0000, -0.0223],
         [ 0.0000,  1.0000,  0.0000,  0.0117],
         [ 0.0000,  0.0000,  1.0000,  0.2814],
         [ 0.0000,  0.0000,  0.0000,  1.0000]]], device='cuda:0')
0:02:53.899563 - model tco output tensor([[[-0.7874,  0.4479,  0.4235, -0.0130],
         [-0.5706, -0.7895, -0.2260,  0.0068],
         [ 0.2331, -0.4197,  0.8772,  0.1672],
         [ 0.0000,  0.0000,  0.0000,  1.0000]]], device='cuda:0',
       grad_fn=<CopySlices>)
0:02:53.938876 - Wrote debug data: /home/ubuntu/synthetic_pose_estimation/cosypose/local_data/debug_data/debug_iter=1.pth.tar
0:02:54.149957 - TCO_input tensor([[[ 1.0000,  0.0000,  0.0000, -0.0223],
         [ 0.0000,  1.0000,  0.0000,  0.0117],
         [ 0.0000,  0.0000,  1.0000,  0.2814],
         [ 0.0000,  0.0000,  0.0000,  1.0000]]], device='cuda:0')
0:02:54.150966 - vxvyvz tensor([[ 2.9172, -1.2462,  0.5942]], device='cuda:0',
       grad_fn=<SliceBackward0>)
0:02:54.151957 - dR tensor([[[-0.7874,  0.4479,  0.4235],
         [-0.5706, -0.7895, -0.2260],
         [ 0.2331, -0.4197,  0.8772]]], device='cuda:0',
       grad_fn=<StackBackward0>)
0:02:54.152823 - fxfy tensor([[1691.7555, 1691.7556]], device='cuda:0')
0:02:54.155334 - TCO_gt tensor([[[-0.7893,  0.4511,  0.4165, -0.0100],
         [-0.5688, -0.7927, -0.2192,  0.0062],
         [ 0.2313, -0.4099,  0.8823,  0.1920],
         [ 0.0000,  0.0000,  0.0000,  1.0000]]], device='cuda:0')
0:02:54.156242 - TCO pred_orn tensor([[[-0.7874,  0.4479,  0.4235, -0.0100],
         [-0.5706, -0.7895, -0.2260,  0.0062],
         [ 0.2331, -0.4197,  0.8772,  0.1920],
         [ 0.0000,  0.0000,  0.0000,  1.0000]]], device='cuda:0',
       grad_fn=<CopySlices>)
0:02:54.157152 - TCO pred_xy tensor([[[-0.7893,  0.4511,  0.4165, -0.0149],
         [-0.5688, -0.7927, -0.2192,  0.0079],
         [ 0.2313, -0.4099,  0.8823,  0.1920],
         [ 0.0000,  0.0000,  0.0000,  1.0000]]], device='cuda:0',
       grad_fn=<CopySlices>)
0:02:54.158069 - TCO pred_z tensor([[[-0.7893,  0.4511,  0.4165, -0.0100],
         [-0.5688, -0.7927, -0.2192,  0.0062],
         [ 0.2313, -0.4099,  0.8823,  0.1672],
         [ 0.0000,  0.0000,  0.0000,  1.0000]]], device='cuda:0',
       grad_fn=<CopySlices>)
0:02:54.158703 - loss orn tensor([4.2339e-05], device='cuda:0', grad_fn=<MinBackward0>)
0:02:54.159312 - loss xy tensor([0.0022], device='cuda:0', grad_fn=<MinBackward0>)
0:02:54.159920 - loss z tensor([0.0083], device='cuda:0', grad_fn=<MinBackward0>)
  0%|                                        | 0/1 [00:00<?, ?it/s, loss=0.0105]100%|████████████████████████████████| 1/1 [00:00<00:00,  4.54it/s, loss=0.0105]100%|████████████████████████████████| 1/1 [00:00<00:00,  4.53it/s, loss=0.0105]
0:02:53.917359 - saving /home/ubuntu/synthetic_pose_estimation/cosypose/local_data/experiments/bracket_assembly_debug_nut_nosym_coarse_noaug--938962 323
  0%|                                                     | 0/1 [00:00<?, ?it/s]0:02:54.332825 - iteration 0
0:02:54.376326 - outputs, {'pose': tensor([[-0.9608, -0.6896,  0.2846,  0.5463, -0.4985, -0.3921,  2.9289, -1.2501,
          0.5908]], device='cuda:0', grad_fn=<AddmmBackward0>)}
0:02:54.378103 - model_outputs {'pose': tensor([[-0.9608, -0.6896,  0.2846,  0.5463, -0.4985, -0.3921,  2.9289, -1.2501,
          0.5908]], device='cuda:0', grad_fn=<AddmmBackward0>)}
0:02:54.378886 - K crop tensor([[[1.6140e+03, 0.0000e+00, 2.5052e+02],
         [0.0000e+00, 1.6140e+03, 4.8020e+01],
         [0.0000e+00, 0.0000e+00, 1.0000e+00]]], device='cuda:0')
0:02:54.379729 - TCO_input tensor([[[ 1.0000,  0.0000,  0.0000, -0.0152],
         [ 0.0000,  1.0000,  0.0000,  0.0119],
         [ 0.0000,  0.0000,  1.0000,  0.2690],
         [ 0.0000,  0.0000,  0.0000,  1.0000]]], device='cuda:0')
0:02:54.381213 - model tco output tensor([[[-0.7898,  0.4443,  0.4227, -0.0087],
         [-0.5669, -0.7919, -0.2269,  0.0069],
         [ 0.2340, -0.4189,  0.8774,  0.1589],
         [ 0.0000,  0.0000,  0.0000,  1.0000]]], device='cuda:0',
       grad_fn=<CopySlices>)
0:02:54.420732 - Wrote debug data: /home/ubuntu/synthetic_pose_estimation/cosypose/local_data/debug_data/debug_iter=1.pth.tar
0:02:54.630758 - TCO_input tensor([[[ 1.0000,  0.0000,  0.0000, -0.0152],
         [ 0.0000,  1.0000,  0.0000,  0.0119],
         [ 0.0000,  0.0000,  1.0000,  0.2690],
         [ 0.0000,  0.0000,  0.0000,  1.0000]]], device='cuda:0')
0:02:54.631904 - vxvyvz tensor([[ 2.9289, -1.2501,  0.5908]], device='cuda:0',
       grad_fn=<SliceBackward0>)
0:02:54.632916 - dR tensor([[[-0.7898,  0.4443,  0.4227],
         [-0.5669, -0.7919, -0.2269],
         [ 0.2340, -0.4189,  0.8774]]], device='cuda:0',
       grad_fn=<StackBackward0>)
0:02:54.633818 - fxfy tensor([[1614.0188, 1614.0189]], device='cuda:0')
0:02:54.636286 - TCO_gt tensor([[[-0.7893,  0.4511,  0.4165, -0.0100],
         [-0.5688, -0.7927, -0.2192,  0.0062],
         [ 0.2313, -0.4099,  0.8823,  0.1920],
         [ 0.0000,  0.0000,  0.0000,  1.0000]]], device='cuda:0')
0:02:54.637205 - TCO pred_orn tensor([[[-0.7898,  0.4443,  0.4227, -0.0100],
         [-0.5669, -0.7919, -0.2269,  0.0062],
         [ 0.2340, -0.4189,  0.8774,  0.1920],
         [ 0.0000,  0.0000,  0.0000,  1.0000]]], device='cuda:0',
       grad_fn=<CopySlices>)
0:02:54.638123 - TCO pred_xy tensor([[[-0.7893,  0.4511,  0.4165, -0.0105],
         [-0.5688, -0.7927, -0.2192,  0.0084],
         [ 0.2313, -0.4099,  0.8823,  0.1920],
         [ 0.0000,  0.0000,  0.0000,  1.0000]]], device='cuda:0',
       grad_fn=<CopySlices>)
0:02:54.639033 - TCO pred_z tensor([[[-0.7893,  0.4511,  0.4165, -0.0100],
         [-0.5688, -0.7927, -0.2192,  0.0062],
         [ 0.2313, -0.4099,  0.8823,  0.1589],
         [ 0.0000,  0.0000,  0.0000,  1.0000]]], device='cuda:0',
       grad_fn=<CopySlices>)
0:02:54.639661 - loss orn tensor([4.6081e-05], device='cuda:0', grad_fn=<MinBackward0>)
0:02:54.640268 - loss xy tensor([0.0009], device='cuda:0', grad_fn=<MinBackward0>)
0:02:54.640889 - loss z tensor([0.0110], device='cuda:0', grad_fn=<MinBackward0>)
  0%|                                        | 0/1 [00:00<?, ?it/s, loss=0.0119]100%|████████████████████████████████| 1/1 [00:00<00:00,  4.63it/s, loss=0.0119]100%|████████████████████████████████| 1/1 [00:00<00:00,  4.62it/s, loss=0.0119]
0:02:54.388076 - saving /home/ubuntu/synthetic_pose_estimation/cosypose/local_data/experiments/bracket_assembly_debug_nut_nosym_coarse_noaug--938962 324
  0%|                                                     | 0/1 [00:00<?, ?it/s]0:02:54.803116 - iteration 0
0:02:54.846283 - outputs, {'pose': tensor([[-0.9620, -0.6907,  0.2795,  0.5465, -0.5043, -0.3881,  2.9331, -1.2478,
          0.5959]], device='cuda:0', grad_fn=<AddmmBackward0>)}
0:02:54.847811 - model_outputs {'pose': tensor([[-0.9620, -0.6907,  0.2795,  0.5465, -0.5043, -0.3881,  2.9331, -1.2478,
          0.5959]], device='cuda:0', grad_fn=<AddmmBackward0>)}
0:02:54.848575 - K crop tensor([[[2.0019e+03, 0.0000e+00, 2.2219e+02],
         [0.0000e+00, 2.0019e+03, 8.8415e+01],
         [0.0000e+00, 0.0000e+00, 1.0000e+00]]], device='cuda:0')
0:02:54.849426 - TCO_input tensor([[[ 1.0000,  0.0000,  0.0000, -0.0103],
         [ 0.0000,  1.0000,  0.0000,  0.0051],
         [ 0.0000,  0.0000,  1.0000,  0.3285],
         [ 0.0000,  0.0000,  0.0000,  1.0000]]], device='cuda:0')
0:02:54.850351 - model tco output tensor([[[-0.7906,  0.4480,  0.4174, -0.0058],
         [-0.5676, -0.7919, -0.2252,  0.0029],
         [ 0.2297, -0.4149,  0.8804,  0.1958],
         [ 0.0000,  0.0000,  0.0000,  1.0000]]], device='cuda:0',
       grad_fn=<CopySlices>)
0:02:54.887504 - Wrote debug data: /home/ubuntu/synthetic_pose_estimation/cosypose/local_data/debug_data/debug_iter=1.pth.tar
0:02:55.099714 - TCO_input tensor([[[ 1.0000,  0.0000,  0.0000, -0.0103],
         [ 0.0000,  1.0000,  0.0000,  0.0051],
         [ 0.0000,  0.0000,  1.0000,  0.3285],
         [ 0.0000,  0.0000,  0.0000,  1.0000]]], device='cuda:0')
0:02:55.100701 - vxvyvz tensor([[ 2.9331, -1.2478,  0.5959]], device='cuda:0',
       grad_fn=<SliceBackward0>)
0:02:55.101738 - dR tensor([[[-0.7906,  0.4480,  0.4174],
         [-0.5676, -0.7919, -0.2252],
         [ 0.2297, -0.4149,  0.8804]]], device='cuda:0',
       grad_fn=<StackBackward0>)
0:02:55.102601 - fxfy tensor([[2001.8666, 2001.8666]], device='cuda:0')
0:02:55.105085 - TCO_gt tensor([[[-0.7893,  0.4511,  0.4165, -0.0100],
         [-0.5688, -0.7927, -0.2192,  0.0062],
         [ 0.2313, -0.4099,  0.8823,  0.1920],
         [ 0.0000,  0.0000,  0.0000,  1.0000]]], device='cuda:0')
0:02:55.106056 - TCO pred_orn tensor([[[-0.7906,  0.4480,  0.4174, -0.0100],
         [-0.5676, -0.7919, -0.2252,  0.0062],
         [ 0.2297, -0.4149,  0.8804,  0.1920],
         [ 0.0000,  0.0000,  0.0000,  1.0000]]], device='cuda:0',
       grad_fn=<CopySlices>)
0:02:55.106961 - TCO pred_xy tensor([[[-0.7893,  0.4511,  0.4165, -0.0057],
         [-0.5688, -0.7927, -0.2192,  0.0029],
         [ 0.2313, -0.4099,  0.8823,  0.1920],
         [ 0.0000,  0.0000,  0.0000,  1.0000]]], device='cuda:0',
       grad_fn=<CopySlices>)
0:02:55.107867 - TCO pred_z tensor([[[-0.7893,  0.4511,  0.4165, -0.0100],
         [-0.5688, -0.7927, -0.2192,  0.0062],
         [ 0.2313, -0.4099,  0.8823,  0.1958],
         [ 0.0000,  0.0000,  0.0000,  1.0000]]], device='cuda:0',
       grad_fn=<CopySlices>)
0:02:55.108521 - loss orn tensor([2.6326e-05], device='cuda:0', grad_fn=<MinBackward0>)
0:02:55.109169 - loss xy tensor([0.0025], device='cuda:0', grad_fn=<MinBackward0>)
0:02:55.109829 - loss z tensor([0.0013], device='cuda:0', grad_fn=<MinBackward0>)
  0%|                                       | 0/1 [00:00<?, ?it/s, loss=0.00382]100%|███████████████████████████████| 1/1 [00:00<00:00,  4.68it/s, loss=0.00382]100%|███████████████████████████████| 1/1 [00:00<00:00,  4.67it/s, loss=0.00382]
0:02:54.859451 - saving /home/ubuntu/synthetic_pose_estimation/cosypose/local_data/experiments/bracket_assembly_debug_nut_nosym_coarse_noaug--938962 325
  0%|                                                     | 0/1 [00:00<?, ?it/s]0:02:55.274685 - iteration 0
0:02:55.318667 - outputs, {'pose': tensor([[-0.9631, -0.6884,  0.2760,  0.5568, -0.5083, -0.3812,  2.9632, -1.2529,
          0.6085]], device='cuda:0', grad_fn=<AddmmBackward0>)}
0:02:55.320425 - model_outputs {'pose': tensor([[-0.9631, -0.6884,  0.2760,  0.5568, -0.5083, -0.3812,  2.9632, -1.2529,
          0.6085]], device='cuda:0', grad_fn=<AddmmBackward0>)}
0:02:55.321227 - K crop tensor([[[1.4038e+03, 0.0000e+00, 2.7881e+02],
         [0.0000e+00, 1.4038e+03, 2.8311e+01],
         [0.0000e+00, 0.0000e+00, 1.0000e+00]]], device='cuda:0')
0:02:55.322108 - TCO_input tensor([[[ 1.0000,  0.0000,  0.0000, -0.0201],
         [ 0.0000,  1.0000,  0.0000,  0.0154],
         [ 0.0000,  0.0000,  1.0000,  0.2366],
         [ 0.0000,  0.0000,  0.0000,  1.0000]]], device='cuda:0')
0:02:55.323594 - model tco output tensor([[[-0.7923,  0.4528,  0.4090, -0.0119],
         [-0.5663, -0.7952, -0.2167,  0.0092],
         [ 0.2271, -0.4033,  0.8864,  0.1440],
         [ 0.0000,  0.0000,  0.0000,  1.0000]]], device='cuda:0',
       grad_fn=<CopySlices>)
0:02:55.365273 - Wrote debug data: /home/ubuntu/synthetic_pose_estimation/cosypose/local_data/debug_data/debug_iter=1.pth.tar
0:02:55.575654 - TCO_input tensor([[[ 1.0000,  0.0000,  0.0000, -0.0201],
         [ 0.0000,  1.0000,  0.0000,  0.0154],
         [ 0.0000,  0.0000,  1.0000,  0.2366],
         [ 0.0000,  0.0000,  0.0000,  1.0000]]], device='cuda:0')
0:02:55.576725 - vxvyvz tensor([[ 2.9632, -1.2529,  0.6085]], device='cuda:0',
       grad_fn=<SliceBackward0>)
0:02:55.577776 - dR tensor([[[-0.7923,  0.4528,  0.4090],
         [-0.5663, -0.7952, -0.2167],
         [ 0.2271, -0.4033,  0.8864]]], device='cuda:0',
       grad_fn=<StackBackward0>)
0:02:55.578661 - fxfy tensor([[1403.7731, 1403.7731]], device='cuda:0')
0:02:55.581174 - TCO_gt tensor([[[-0.7893,  0.4511,  0.4165, -0.0100],
         [-0.5688, -0.7927, -0.2192,  0.0062],
         [ 0.2313, -0.4099,  0.8823,  0.1920],
         [ 0.0000,  0.0000,  0.0000,  1.0000]]], device='cuda:0')
0:02:55.582115 - TCO pred_orn tensor([[[-0.7923,  0.4528,  0.4090, -0.0100],
         [-0.5663, -0.7952, -0.2167,  0.0062],
         [ 0.2271, -0.4033,  0.8864,  0.1920],
         [ 0.0000,  0.0000,  0.0000,  1.0000]]], device='cuda:0',
       grad_fn=<CopySlices>)
0:02:55.583036 - TCO pred_xy tensor([[[-0.7893,  0.4511,  0.4165, -0.0159],
         [-0.5688, -0.7927, -0.2192,  0.0123],
         [ 0.2313, -0.4099,  0.8823,  0.1920],
         [ 0.0000,  0.0000,  0.0000,  1.0000]]], device='cuda:0',
       grad_fn=<CopySlices>)
0:02:55.583959 - TCO pred_z tensor([[[-0.7893,  0.4511,  0.4165, -0.0100],
         [-0.5688, -0.7927, -0.2192,  0.0062],
         [ 0.2313, -0.4099,  0.8823,  0.1440],
         [ 0.0000,  0.0000,  0.0000,  1.0000]]], device='cuda:0',
       grad_fn=<CopySlices>)
0:02:55.584589 - loss orn tensor([3.4947e-05], device='cuda:0', grad_fn=<MinBackward0>)
0:02:55.585218 - loss xy tensor([0.0040], device='cuda:0', grad_fn=<MinBackward0>)
0:02:55.585854 - loss z tensor([0.0160], device='cuda:0', grad_fn=<MinBackward0>)
  0%|                                          | 0/1 [00:00<?, ?it/s, loss=0.02]100%|██████████████████████████████████| 1/1 [00:00<00:00,  4.57it/s, loss=0.02]100%|██████████████████████████████████| 1/1 [00:00<00:00,  4.56it/s, loss=0.02]
0:02:55.340214 - saving /home/ubuntu/synthetic_pose_estimation/cosypose/local_data/experiments/bracket_assembly_debug_nut_nosym_coarse_noaug--938962 326
  0%|                                                     | 0/1 [00:00<?, ?it/s]0:02:55.755422 - iteration 0
0:02:55.799381 - outputs, {'pose': tensor([[-0.9569, -0.6974,  0.2801,  0.5566, -0.5121, -0.3810,  2.9666, -1.2509,
          0.6102]], device='cuda:0', grad_fn=<AddmmBackward0>)}
0:02:55.800969 - model_outputs {'pose': tensor([[-0.9569, -0.6974,  0.2801,  0.5566, -0.5121, -0.3810,  2.9666, -1.2509,
          0.6102]], device='cuda:0', grad_fn=<AddmmBackward0>)}
0:02:55.801784 - K crop tensor([[[1.6696e+03, 0.0000e+00, 2.5450e+02],
         [0.0000e+00, 1.6696e+03, 1.0353e+02],
         [0.0000e+00, 0.0000e+00, 1.0000e+00]]], device='cuda:0')
0:02:55.802633 - TCO_input tensor([[[ 1.0000,  0.0000,  0.0000, -0.0156],
         [ 0.0000,  1.0000,  0.0000,  0.0026],
         [ 0.0000,  0.0000,  1.0000,  0.2743],
         [ 0.0000,  0.0000,  0.0000,  1.0000]]], device='cuda:0')
0:02:55.804150 - model tco output tensor([[[-0.7864,  0.4594,  0.4128, -0.0092],
         [-0.5732, -0.7919, -0.2105,  0.0015],
         [ 0.2302, -0.4022,  0.8861,  0.1674],
         [ 0.0000,  0.0000,  0.0000,  1.0000]]], device='cuda:0',
       grad_fn=<CopySlices>)
0:02:55.842110 - Wrote debug data: /home/ubuntu/synthetic_pose_estimation/cosypose/local_data/debug_data/debug_iter=1.pth.tar
0:02:56.053324 - TCO_input tensor([[[ 1.0000,  0.0000,  0.0000, -0.0156],
         [ 0.0000,  1.0000,  0.0000,  0.0026],
         [ 0.0000,  0.0000,  1.0000,  0.2743],
         [ 0.0000,  0.0000,  0.0000,  1.0000]]], device='cuda:0')
0:02:56.054357 - vxvyvz tensor([[ 2.9666, -1.2509,  0.6102]], device='cuda:0',
       grad_fn=<SliceBackward0>)
0:02:56.055368 - dR tensor([[[-0.7864,  0.4594,  0.4128],
         [-0.5732, -0.7919, -0.2105],
         [ 0.2302, -0.4022,  0.8861]]], device='cuda:0',
       grad_fn=<StackBackward0>)
0:02:56.056238 - fxfy tensor([[1669.6178, 1669.6182]], device='cuda:0')
0:02:56.058807 - TCO_gt tensor([[[-0.7893,  0.4511,  0.4165, -0.0100],
         [-0.5688, -0.7927, -0.2192,  0.0062],
         [ 0.2313, -0.4099,  0.8823,  0.1920],
         [ 0.0000,  0.0000,  0.0000,  1.0000]]], device='cuda:0')
0:02:56.059732 - TCO pred_orn tensor([[[-0.7864,  0.4594,  0.4128, -0.0100],
         [-0.5732, -0.7919, -0.2105,  0.0062],
         [ 0.2302, -0.4022,  0.8861,  0.1920],
         [ 0.0000,  0.0000,  0.0000,  1.0000]]], device='cuda:0',
       grad_fn=<CopySlices>)
0:02:56.060638 - TCO pred_xy tensor([[[-0.7893,  0.4511,  0.4165, -0.0106],
         [-0.5688, -0.7927, -0.2192,  0.0017],
         [ 0.2313, -0.4099,  0.8823,  0.1920],
         [ 0.0000,  0.0000,  0.0000,  1.0000]]], device='cuda:0',
       grad_fn=<CopySlices>)
0:02:56.061557 - TCO pred_z tensor([[[-0.7893,  0.4511,  0.4165, -0.0100],
         [-0.5688, -0.7927, -0.2192,  0.0062],
         [ 0.2313, -0.4099,  0.8823,  0.1674],
         [ 0.0000,  0.0000,  0.0000,  1.0000]]], device='cuda:0',
       grad_fn=<CopySlices>)
0:02:56.062218 - loss orn tensor([4.7586e-05], device='cuda:0', grad_fn=<MinBackward0>)
0:02:56.062837 - loss xy tensor([0.0017], device='cuda:0', grad_fn=<MinBackward0>)
0:02:56.063467 - loss z tensor([0.0082], device='cuda:0', grad_fn=<MinBackward0>)
  0%|                                       | 0/1 [00:00<?, ?it/s, loss=0.00994]100%|███████████████████████████████| 1/1 [00:00<00:00,  4.61it/s, loss=0.00994]100%|███████████████████████████████| 1/1 [00:00<00:00,  4.60it/s, loss=0.00994]
0:02:55.809796 - saving /home/ubuntu/synthetic_pose_estimation/cosypose/local_data/experiments/bracket_assembly_debug_nut_nosym_coarse_noaug--938962 327
  0%|                                                     | 0/1 [00:00<?, ?it/s]0:02:56.224962 - iteration 0
0:02:56.268745 - outputs, {'pose': tensor([[-0.9646, -0.6991,  0.2760,  0.5556, -0.5133, -0.3902,  3.0118, -1.2690,
          0.6327]], device='cuda:0', grad_fn=<AddmmBackward0>)}
0:02:56.270537 - model_outputs {'pose': tensor([[-0.9646, -0.6991,  0.2760,  0.5556, -0.5133, -0.3902,  3.0118, -1.2690,
          0.6327]], device='cuda:0', grad_fn=<AddmmBackward0>)}
0:02:56.271329 - K crop tensor([[[1.9124e+03, 0.0000e+00, 2.6233e+02],
         [0.0000e+00, 1.9124e+03, 7.1029e+01],
         [0.0000e+00, 0.0000e+00, 1.0000e+00]]], device='cuda:0')
0:02:56.272176 - TCO_input tensor([[[ 1.0000,  0.0000,  0.0000, -0.0170],
         [ 0.0000,  1.0000,  0.0000,  0.0080],
         [ 0.0000,  0.0000,  1.0000,  0.3153],
         [ 0.0000,  0.0000,  0.0000,  1.0000]]], device='cuda:0')
0:02:56.273709 - model tco output tensor([[[-0.7888,  0.4543,  0.4140, -0.0104],
         [-0.5717, -0.7896, -0.2228,  0.0049],
         [ 0.2257, -0.4124,  0.8826,  0.1995],
         [ 0.0000,  0.0000,  0.0000,  1.0000]]], device='cuda:0',
       grad_fn=<CopySlices>)
0:02:56.311424 - Wrote debug data: /home/ubuntu/synthetic_pose_estimation/cosypose/local_data/debug_data/debug_iter=1.pth.tar
0:02:56.524974 - TCO_input tensor([[[ 1.0000,  0.0000,  0.0000, -0.0170],
         [ 0.0000,  1.0000,  0.0000,  0.0080],
         [ 0.0000,  0.0000,  1.0000,  0.3153],
         [ 0.0000,  0.0000,  0.0000,  1.0000]]], device='cuda:0')
0:02:56.526027 - vxvyvz tensor([[ 3.0118, -1.2690,  0.6327]], device='cuda:0',
       grad_fn=<SliceBackward0>)
0:02:56.527095 - dR tensor([[[-0.7888,  0.4543,  0.4140],
         [-0.5717, -0.7896, -0.2228],
         [ 0.2257, -0.4124,  0.8826]]], device='cuda:0',
       grad_fn=<StackBackward0>)
0:02:56.527955 - fxfy tensor([[1912.3668, 1912.3668]], device='cuda:0')
0:02:56.530504 - TCO_gt tensor([[[-0.7893,  0.4511,  0.4165, -0.0100],
         [-0.5688, -0.7927, -0.2192,  0.0062],
         [ 0.2313, -0.4099,  0.8823,  0.1920],
         [ 0.0000,  0.0000,  0.0000,  1.0000]]], device='cuda:0')
0:02:56.531435 - TCO pred_orn tensor([[[-0.7888,  0.4543,  0.4140, -0.0100],
         [-0.5717, -0.7896, -0.2228,  0.0062],
         [ 0.2257, -0.4124,  0.8826,  0.1920],
         [ 0.0000,  0.0000,  0.0000,  1.0000]]], device='cuda:0',
       grad_fn=<CopySlices>)
0:02:56.532351 - TCO pred_xy tensor([[[-0.7893,  0.4511,  0.4165, -0.0100],
         [-0.5688, -0.7927, -0.2192,  0.0047],
         [ 0.2313, -0.4099,  0.8823,  0.1920],
         [ 0.0000,  0.0000,  0.0000,  1.0000]]], device='cuda:0',
       grad_fn=<CopySlices>)
0:02:56.533271 - TCO pred_z tensor([[[-0.7893,  0.4511,  0.4165, -0.0100],
         [-0.5688, -0.7927, -0.2192,  0.0062],
         [ 0.2313, -0.4099,  0.8823,  0.1995],
         [ 0.0000,  0.0000,  0.0000,  1.0000]]], device='cuda:0',
       grad_fn=<CopySlices>)
0:02:56.533902 - loss orn tensor([2.8389e-05], device='cuda:0', grad_fn=<MinBackward0>)
0:02:56.534520 - loss xy tensor([0.0005], device='cuda:0', grad_fn=<MinBackward0>)
0:02:56.535135 - loss z tensor([0.0025], device='cuda:0', grad_fn=<MinBackward0>)
  0%|                                       | 0/1 [00:00<?, ?it/s, loss=0.00303]100%|███████████████████████████████| 1/1 [00:00<00:00,  4.56it/s, loss=0.00303]100%|███████████████████████████████| 1/1 [00:00<00:00,  4.55it/s, loss=0.00303]
0:02:56.287108 - saving /home/ubuntu/synthetic_pose_estimation/cosypose/local_data/experiments/bracket_assembly_debug_nut_nosym_coarse_noaug--938962 328
  0%|                                                     | 0/1 [00:00<?, ?it/s]0:02:56.702280 - iteration 0
0:02:56.745606 - outputs, {'pose': tensor([[-0.9658, -0.6942,  0.2793,  0.5589, -0.5113, -0.3901,  3.0315, -1.2633,
          0.6419]], device='cuda:0', grad_fn=<AddmmBackward0>)}
0:02:56.747205 - model_outputs {'pose': tensor([[-0.9658, -0.6942,  0.2793,  0.5589, -0.5113, -0.3901,  3.0315, -1.2633,
          0.6419]], device='cuda:0', grad_fn=<AddmmBackward0>)}
0:02:56.748001 - K crop tensor([[[1.8379e+03, 0.0000e+00, 2.7948e+02],
         [0.0000e+00, 1.8379e+03, 5.2270e+01],
         [0.0000e+00, 0.0000e+00, 1.0000e+00]]], device='cuda:0')
0:02:56.748868 - TCO_input tensor([[[ 1.0000,  0.0000,  0.0000, -0.0199],
         [ 0.0000,  1.0000,  0.0000,  0.0111],
         [ 0.0000,  0.0000,  1.0000,  0.3046],
         [ 0.0000,  0.0000,  0.0000,  1.0000]]], device='cuda:0')
0:02:56.750433 - model tco output tensor([[[-0.7905,  0.4512,  0.4142, -0.0124],
         [-0.5682, -0.7927, -0.2210,  0.0070],
         [ 0.2286, -0.4100,  0.8830,  0.1955],
         [ 0.0000,  0.0000,  0.0000,  1.0000]]], device='cuda:0',
       grad_fn=<CopySlices>)
0:02:56.788163 - Wrote debug data: /home/ubuntu/synthetic_pose_estimation/cosypose/local_data/debug_data/debug_iter=1.pth.tar
0:02:56.999356 - TCO_input tensor([[[ 1.0000,  0.0000,  0.0000, -0.0199],
         [ 0.0000,  1.0000,  0.0000,  0.0111],
         [ 0.0000,  0.0000,  1.0000,  0.3046],
         [ 0.0000,  0.0000,  0.0000,  1.0000]]], device='cuda:0')
0:02:57.000337 - vxvyvz tensor([[ 3.0315, -1.2633,  0.6419]], device='cuda:0',
       grad_fn=<SliceBackward0>)
0:02:57.001382 - dR tensor([[[-0.7905,  0.4512,  0.4142],
         [-0.5682, -0.7927, -0.2210],
         [ 0.2286, -0.4100,  0.8830]]], device='cuda:0',
       grad_fn=<StackBackward0>)
0:02:57.002268 - fxfy tensor([[1837.8743, 1837.8743]], device='cuda:0')
0:02:57.004807 - TCO_gt tensor([[[-0.7893,  0.4511,  0.4165, -0.0100],
         [-0.5688, -0.7927, -0.2192,  0.0062],
         [ 0.2313, -0.4099,  0.8823,  0.1920],
         [ 0.0000,  0.0000,  0.0000,  1.0000]]], device='cuda:0')
0:02:57.005771 - TCO pred_orn tensor([[[-0.7905,  0.4512,  0.4142, -0.0100],
         [-0.5682, -0.7927, -0.2210,  0.0062],
         [ 0.2286, -0.4100,  0.8830,  0.1920],
         [ 0.0000,  0.0000,  0.0000,  1.0000]]], device='cuda:0',
       grad_fn=<CopySlices>)
0:02:57.006699 - TCO pred_xy tensor([[[-0.7893,  0.4511,  0.4165, -0.0122],
         [-0.5688, -0.7927, -0.2192,  0.0069],
         [ 0.2313, -0.4099,  0.8823,  0.1920],
         [ 0.0000,  0.0000,  0.0000,  1.0000]]], device='cuda:0',
       grad_fn=<CopySlices>)
0:02:57.007630 - TCO pred_z tensor([[[-0.7893,  0.4511,  0.4165, -0.0100],
         [-0.5688, -0.7927, -0.2192,  0.0062],
         [ 0.2313, -0.4099,  0.8823,  0.1955],
         [ 0.0000,  0.0000,  0.0000,  1.0000]]], device='cuda:0',
       grad_fn=<CopySlices>)
0:02:57.008292 - loss orn tensor([1.1684e-05], device='cuda:0', grad_fn=<MinBackward0>)
0:02:57.008976 - loss xy tensor([0.0010], device='cuda:0', grad_fn=<MinBackward0>)
0:02:57.011720 - loss z tensor([0.0012], device='cuda:0', grad_fn=<MinBackward0>)
  0%|                                       | 0/1 [00:00<?, ?it/s, loss=0.00217]100%|███████████████████████████████| 1/1 [00:00<00:00,  4.57it/s, loss=0.00217]100%|███████████████████████████████| 1/1 [00:00<00:00,  4.56it/s, loss=0.00217]
0:02:56.770220 - saving /home/ubuntu/synthetic_pose_estimation/cosypose/local_data/experiments/bracket_assembly_debug_nut_nosym_coarse_noaug--938962 329
  0%|                                                     | 0/1 [00:00<?, ?it/s]0:02:57.185506 - iteration 0
0:02:57.229342 - outputs, {'pose': tensor([[-0.9612, -0.6826,  0.2894,  0.5584, -0.5080, -0.3807,  3.0535, -1.2629,
          0.6350]], device='cuda:0', grad_fn=<AddmmBackward0>)}
0:02:57.231017 - model_outputs {'pose': tensor([[-0.9612, -0.6826,  0.2894,  0.5584, -0.5080, -0.3807,  3.0535, -1.2629,
          0.6350]], device='cuda:0', grad_fn=<AddmmBackward0>)}
0:02:57.231818 - K crop tensor([[[1.8232e+03, 0.0000e+00, 3.0581e+02],
         [0.0000e+00, 1.8232e+03, 4.6467e+01],
         [0.0000e+00, 0.0000e+00, 1.0000e+00]]], device='cuda:0')
0:02:57.232686 - TCO_input tensor([[[ 1.0000,  0.0000,  0.0000, -0.0243],
         [ 0.0000,  1.0000,  0.0000,  0.0121],
         [ 0.0000,  0.0000,  1.0000,  0.3026],
         [ 0.0000,  0.0000,  0.0000,  1.0000]]], device='cuda:0')
0:02:57.233875 - model tco output tensor([[[-0.7918,  0.4485,  0.4146, -0.0151],
         [-0.5623, -0.8003, -0.2082,  0.0076],
         [ 0.2384, -0.3979,  0.8859,  0.1922],
         [ 0.0000,  0.0000,  0.0000,  1.0000]]], device='cuda:0',
       grad_fn=<CopySlices>)
0:02:57.273622 - Wrote debug data: /home/ubuntu/synthetic_pose_estimation/cosypose/local_data/debug_data/debug_iter=1.pth.tar
0:02:57.485696 - TCO_input tensor([[[ 1.0000,  0.0000,  0.0000, -0.0243],
         [ 0.0000,  1.0000,  0.0000,  0.0121],
         [ 0.0000,  0.0000,  1.0000,  0.3026],
         [ 0.0000,  0.0000,  0.0000,  1.0000]]], device='cuda:0')
0:02:57.486773 - vxvyvz tensor([[ 3.0535, -1.2629,  0.6350]], device='cuda:0',
       grad_fn=<SliceBackward0>)
0:02:57.487817 - dR tensor([[[-0.7918,  0.4485,  0.4146],
         [-0.5623, -0.8003, -0.2082],
         [ 0.2384, -0.3979,  0.8859]]], device='cuda:0',
       grad_fn=<StackBackward0>)
0:02:57.488705 - fxfy tensor([[1823.1564, 1823.1561]], device='cuda:0')
0:02:57.491261 - TCO_gt tensor([[[-0.7893,  0.4511,  0.4165, -0.0100],
         [-0.5688, -0.7927, -0.2192,  0.0062],
         [ 0.2313, -0.4099,  0.8823,  0.1920],
         [ 0.0000,  0.0000,  0.0000,  1.0000]]], device='cuda:0')
0:02:57.492182 - TCO pred_orn tensor([[[-0.7918,  0.4485,  0.4146, -0.0100],
         [-0.5623, -0.8003, -0.2082,  0.0062],
         [ 0.2384, -0.3979,  0.8859,  0.1920],
         [ 0.0000,  0.0000,  0.0000,  1.0000]]], device='cuda:0',
       grad_fn=<CopySlices>)
0:02:57.493102 - TCO pred_xy tensor([[[-0.7893,  0.4511,  0.4165, -0.0151],
         [-0.5688, -0.7927, -0.2192,  0.0076],
         [ 0.2313, -0.4099,  0.8823,  0.1920],
         [ 0.0000,  0.0000,  0.0000,  1.0000]]], device='cuda:0',
       grad_fn=<CopySlices>)
0:02:57.494062 - TCO pred_z tensor([[[-0.7893,  0.4511,  0.4165, -0.0100],
         [-0.5688, -0.7927, -0.2192,  0.0062],
         [ 0.2313, -0.4099,  0.8823,  0.1922],
         [ 0.0000,  0.0000,  0.0000,  1.0000]]], device='cuda:0',
       grad_fn=<CopySlices>)
0:02:57.494714 - loss orn tensor([5.6768e-05], device='cuda:0', grad_fn=<MinBackward0>)
0:02:57.495347 - loss xy tensor([0.0022], device='cuda:0', grad_fn=<MinBackward0>)
0:02:57.495987 - loss z tensor([6.9688e-05], device='cuda:0', grad_fn=<MinBackward0>)
  0%|                                       | 0/1 [00:00<?, ?it/s, loss=0.00228]100%|███████████████████████████████| 1/1 [00:00<00:00,  4.58it/s, loss=0.00228]100%|███████████████████████████████| 1/1 [00:00<00:00,  4.57it/s, loss=0.00228]
  0%|                                                     | 0/1 [00:00<?, ?it/s]0:02:57.403692 - iteration 0
0:02:57.440504 - outputs, {'pose': tensor([[-0.1704, -0.0297,  0.0119,  0.2371, -0.0349, -0.1247,  0.6372, -0.2971,
          0.2947]], device='cuda:0')}
0:02:57.442130 - model_outputs {'pose': tensor([[-0.1704, -0.0297,  0.0119,  0.2371, -0.0349, -0.1247,  0.6372, -0.2971,
          0.2947]], device='cuda:0')}
0:02:57.442940 - K crop tensor([[[1.8786e+03, 0.0000e+00, 2.9340e+02],
         [0.0000e+00, 1.8786e+03, 3.6388e+01],
         [0.0000e+00, 0.0000e+00, 1.0000e+00]]], device='cuda:0')
0:02:57.443808 - TCO_input tensor([[[ 1.0000,  0.0000,  0.0000, -0.0223],
         [ 0.0000,  1.0000,  0.0000,  0.0138],
         [ 0.0000,  0.0000,  1.0000,  0.3122],
         [ 0.0000,  0.0000,  0.0000,  1.0000]]], device='cuda:0')
0:02:57.444723 - model tco output tensor([[[-0.9828,  0.0420,  0.1797, -0.0065],
         [-0.1714, -0.5693, -0.8041,  0.0041],
         [ 0.0685, -0.8211,  0.5667,  0.0920],
         [ 0.0000,  0.0000,  0.0000,  1.0000]]], device='cuda:0')
0:02:57.484547 - Wrote debug data: /home/ubuntu/synthetic_pose_estimation/cosypose/local_data/debug_data/debug_iter=1.pth.tar
0:02:57.694911 - TCO_input tensor([[[ 1.0000,  0.0000,  0.0000, -0.0223],
         [ 0.0000,  1.0000,  0.0000,  0.0138],
         [ 0.0000,  0.0000,  1.0000,  0.3122],
         [ 0.0000,  0.0000,  0.0000,  1.0000]]], device='cuda:0')
0:02:57.695935 - vxvyvz tensor([[ 0.6372, -0.2971,  0.2947]], device='cuda:0')
0:02:57.696946 - dR tensor([[[-0.9828,  0.0420,  0.1797],
         [-0.1714, -0.5693, -0.8041],
         [ 0.0685, -0.8211,  0.5667]]], device='cuda:0')
0:02:57.697885 - fxfy tensor([[1878.6312, 1878.6313]], device='cuda:0')
0:02:57.700243 - TCO_gt tensor([[[-0.7893,  0.4511,  0.4165, -0.0100],
         [-0.5688, -0.7927, -0.2192,  0.0062],
         [ 0.2313, -0.4099,  0.8823,  0.1920],
         [ 0.0000,  0.0000,  0.0000,  1.0000]]], device='cuda:0')
0:02:57.701187 - TCO pred_orn tensor([[[-0.9828,  0.0420,  0.1797, -0.0100],
         [-0.1714, -0.5693, -0.8041,  0.0062],
         [ 0.0685, -0.8211,  0.5667,  0.1920],
         [ 0.0000,  0.0000,  0.0000,  1.0000]]], device='cuda:0')
0:02:57.702128 - TCO pred_xy tensor([[[-0.7893,  0.4511,  0.4165, -0.0136],
         [-0.5688, -0.7927, -0.2192,  0.0085],
         [ 0.2313, -0.4099,  0.8823,  0.1920],
         [ 0.0000,  0.0000,  0.0000,  1.0000]]], device='cuda:0')
0:02:57.703061 - TCO pred_z tensor([[[-0.7893,  0.4511,  0.4165, -0.0100],
         [-0.5688, -0.7927, -0.2192,  0.0062],
         [ 0.2313, -0.4099,  0.8823,  0.0920],
         [ 0.0000,  0.0000,  0.0000,  1.0000]]], device='cuda:0')
0:02:57.703701 - loss orn tensor([0.0030], device='cuda:0')
0:02:57.704333 - loss xy tensor([0.0020], device='cuda:0')
0:02:57.704978 - loss z tensor([0.0333], device='cuda:0')
100%|█████████████████████████████████████████████| 1/1 [00:00<00:00,  8.32it/s]100%|█████████████████████████████████████████████| 1/1 [00:00<00:00,  8.28it/s]
0:02:57.373412 - saving /home/ubuntu/synthetic_pose_estimation/cosypose/local_data/experiments/bracket_assembly_debug_nut_nosym_coarse_noaug--938962 330
  0%|                                                     | 0/1 [00:00<?, ?it/s]0:02:57.785303 - iteration 0
0:02:57.828867 - outputs, {'pose': tensor([[-0.9611, -0.6912,  0.2987,  0.5564, -0.5075, -0.3909,  3.0830, -1.2685,
          0.6349]], device='cuda:0', grad_fn=<AddmmBackward0>)}
0:02:57.830657 - model_outputs {'pose': tensor([[-0.9611, -0.6912,  0.2987,  0.5564, -0.5075, -0.3909,  3.0830, -1.2685,
          0.6349]], device='cuda:0', grad_fn=<AddmmBackward0>)}
0:02:57.831520 - K crop tensor([[[1.6545e+03, 0.0000e+00, 2.4357e+02],
         [0.0000e+00, 1.6545e+03, 8.0714e+01],
         [0.0000e+00, 0.0000e+00, 1.0000e+00]]], device='cuda:0')
0:02:57.832387 - TCO_input tensor([[[ 1.0000,  0.0000,  0.0000, -0.0139],
         [ 0.0000,  1.0000,  0.0000,  0.0064],
         [ 0.0000,  0.0000,  1.0000,  0.2733],
         [ 0.0000,  0.0000,  0.0000,  1.0000]]], device='cuda:0')
0:02:57.833297 - model tco output tensor([[[-0.7872,  0.4464,  0.4255, -0.0085],
         [-0.5661, -0.7968, -0.2114,  0.0039],
         [ 0.2447, -0.4073,  0.8799,  0.1735],
         [ 0.0000,  0.0000,  0.0000,  1.0000]]], device='cuda:0',
       grad_fn=<CopySlices>)
0:02:57.873196 - Wrote debug data: /home/ubuntu/synthetic_pose_estimation/cosypose/local_data/debug_data/debug_iter=1.pth.tar
0:02:58.084092 - TCO_input tensor([[[ 1.0000,  0.0000,  0.0000, -0.0139],
         [ 0.0000,  1.0000,  0.0000,  0.0064],
         [ 0.0000,  0.0000,  1.0000,  0.2733],
         [ 0.0000,  0.0000,  0.0000,  1.0000]]], device='cuda:0')
0:02:58.085137 - vxvyvz tensor([[ 3.0830, -1.2685,  0.6349]], device='cuda:0',
       grad_fn=<SliceBackward0>)
0:02:58.086169 - dR tensor([[[-0.7872,  0.4464,  0.4255],
         [-0.5661, -0.7968, -0.2114],
         [ 0.2447, -0.4073,  0.8799]]], device='cuda:0',
       grad_fn=<StackBackward0>)
0:02:58.087034 - fxfy tensor([[1654.4688, 1654.4689]], device='cuda:0')
0:02:58.089558 - TCO_gt tensor([[[-0.7893,  0.4511,  0.4165, -0.0100],
         [-0.5688, -0.7927, -0.2192,  0.0062],
         [ 0.2313, -0.4099,  0.8823,  0.1920],
         [ 0.0000,  0.0000,  0.0000,  1.0000]]], device='cuda:0')
0:02:58.090453 - TCO pred_orn tensor([[[-0.7872,  0.4464,  0.4255, -0.0100],
         [-0.5661, -0.7968, -0.2114,  0.0062],
         [ 0.2447, -0.4073,  0.8799,  0.1920],
         [ 0.0000,  0.0000,  0.0000,  1.0000]]], device='cuda:0',
       grad_fn=<CopySlices>)
0:02:58.091347 - TCO pred_xy tensor([[[-0.7893,  0.4511,  0.4165, -0.0094],
         [-0.5688, -0.7927, -0.2192,  0.0044],
         [ 0.2313, -0.4099,  0.8823,  0.1920],
         [ 0.0000,  0.0000,  0.0000,  1.0000]]], device='cuda:0',
       grad_fn=<CopySlices>)
0:02:58.092243 - TCO pred_z tensor([[[-0.7893,  0.4511,  0.4165, -0.0100],
         [-0.5688, -0.7927, -0.2192,  0.0062],
         [ 0.2313, -0.4099,  0.8823,  0.1735],
         [ 0.0000,  0.0000,  0.0000,  1.0000]]], device='cuda:0',
       grad_fn=<CopySlices>)
0:02:58.092897 - loss orn tensor([5.5699e-05], device='cuda:0', grad_fn=<MinBackward0>)
0:02:58.093530 - loss xy tensor([0.0008], device='cuda:0', grad_fn=<MinBackward0>)
0:02:58.094151 - loss z tensor([0.0061], device='cuda:0', grad_fn=<MinBackward0>)
  0%|                                       | 0/1 [00:00<?, ?it/s, loss=0.00701]100%|███████████████████████████████| 1/1 [00:00<00:00,  4.72it/s, loss=0.00701]100%|███████████████████████████████| 1/1 [00:00<00:00,  4.71it/s, loss=0.00701]
0:02:57.852923 - saving /home/ubuntu/synthetic_pose_estimation/cosypose/local_data/experiments/bracket_assembly_debug_nut_nosym_coarse_noaug--938962 331
  0%|                                                     | 0/1 [00:00<?, ?it/s]0:02:58.268268 - iteration 0
0:02:58.314448 - outputs, {'pose': tensor([[-0.9648, -0.7016,  0.2970,  0.5494, -0.5059, -0.3930,  3.1007, -1.2716,
          0.6480]], device='cuda:0', grad_fn=<AddmmBackward0>)}
0:02:58.316771 - model_outputs {'pose': tensor([[-0.9648, -0.7016,  0.2970,  0.5494, -0.5059, -0.3930,  3.1007, -1.2716,
          0.6480]], device='cuda:0', grad_fn=<AddmmBackward0>)}
0:02:58.317678 - K crop tensor([[[2.0666e+03, 0.0000e+00, 2.3075e+02],
         [0.0000e+00, 2.0666e+03, 7.8469e+01],
         [0.0000e+00, 0.0000e+00, 1.0000e+00]]], device='cuda:0')
0:02:58.318511 - TCO_input tensor([[[ 1.0000,  0.0000,  0.0000, -0.0117],
         [ 0.0000,  1.0000,  0.0000,  0.0067],
         [ 0.0000,  0.0000,  1.0000,  0.3395],
         [ 0.0000,  0.0000,  0.0000,  1.0000]]], device='cuda:0')
0:02:58.319393 - model tco output tensor([[[-0.7848,  0.4484,  0.4278, -0.0073],
         [-0.5707, -0.7920, -0.2169,  0.0042],
         [ 0.2416, -0.4144,  0.8774,  0.2200],
         [ 0.0000,  0.0000,  0.0000,  1.0000]]], device='cuda:0',
       grad_fn=<CopySlices>)
0:02:58.357751 - Wrote debug data: /home/ubuntu/synthetic_pose_estimation/cosypose/local_data/debug_data/debug_iter=1.pth.tar
0:02:58.567521 - TCO_input tensor([[[ 1.0000,  0.0000,  0.0000, -0.0117],
         [ 0.0000,  1.0000,  0.0000,  0.0067],
         [ 0.0000,  0.0000,  1.0000,  0.3395],
         [ 0.0000,  0.0000,  0.0000,  1.0000]]], device='cuda:0')
0:02:58.568474 - vxvyvz tensor([[ 3.1007, -1.2716,  0.6480]], device='cuda:0',
       grad_fn=<SliceBackward0>)
0:02:58.569472 - dR tensor([[[-0.7848,  0.4484,  0.4278],
         [-0.5707, -0.7920, -0.2169],
         [ 0.2416, -0.4144,  0.8774]]], device='cuda:0',
       grad_fn=<StackBackward0>)
0:02:58.570324 - fxfy tensor([[2066.6426, 2066.6428]], device='cuda:0')
0:02:58.572814 - TCO_gt tensor([[[-0.7893,  0.4511,  0.4165, -0.0100],
         [-0.5688, -0.7927, -0.2192,  0.0062],
         [ 0.2313, -0.4099,  0.8823,  0.1920],
         [ 0.0000,  0.0000,  0.0000,  1.0000]]], device='cuda:0')
0:02:58.573745 - TCO pred_orn tensor([[[-0.7848,  0.4484,  0.4278, -0.0100],
         [-0.5707, -0.7920, -0.2169,  0.0062],
         [ 0.2416, -0.4144,  0.8774,  0.1920],
         [ 0.0000,  0.0000,  0.0000,  1.0000]]], device='cuda:0',
       grad_fn=<CopySlices>)
0:02:58.574650 - TCO pred_xy tensor([[[-0.7893,  0.4511,  0.4165, -0.0063],
         [-0.5688, -0.7927, -0.2192,  0.0037],
         [ 0.2313, -0.4099,  0.8823,  0.1920],
         [ 0.0000,  0.0000,  0.0000,  1.0000]]], device='cuda:0',
       grad_fn=<CopySlices>)
0:02:58.575556 - TCO pred_z tensor([[[-0.7893,  0.4511,  0.4165, -0.0100],
         [-0.5688, -0.7927, -0.2192,  0.0062],
         [ 0.2313, -0.4099,  0.8823,  0.2200],
         [ 0.0000,  0.0000,  0.0000,  1.0000]]], device='cuda:0',
       grad_fn=<CopySlices>)
0:02:58.576180 - loss orn tensor([4.5148e-05], device='cuda:0', grad_fn=<MinBackward0>)
0:02:58.576817 - loss xy tensor([0.0021], device='cuda:0', grad_fn=<MinBackward0>)
0:02:58.577448 - loss z tensor([0.0094], device='cuda:0', grad_fn=<MinBackward0>)
  0%|                                        | 0/1 [00:00<?, ?it/s, loss=0.0115]100%|████████████████████████████████| 1/1 [00:00<00:00,  4.63it/s, loss=0.0115]100%|████████████████████████████████| 1/1 [00:00<00:00,  4.62it/s, loss=0.0115]
0:02:58.448367 - saving /home/ubuntu/synthetic_pose_estimation/cosypose/local_data/experiments/bracket_assembly_debug_nut_nosym_coarse_noaug--938962 332
  0%|                                                     | 0/1 [00:00<?, ?it/s]0:02:58.863369 - iteration 0
0:02:58.906861 - outputs, {'pose': tensor([[-0.9657, -0.7038,  0.2932,  0.5496, -0.5138, -0.3983,  3.1253, -1.2725,
          0.6367]], device='cuda:0', grad_fn=<AddmmBackward0>)}
0:02:58.908463 - model_outputs {'pose': tensor([[-0.9657, -0.7038,  0.2932,  0.5496, -0.5138, -0.3983,  3.1253, -1.2725,
          0.6367]], device='cuda:0', grad_fn=<AddmmBackward0>)}
0:02:58.909261 - K crop tensor([[[1.9132e+03, 0.0000e+00, 2.8665e+02],
         [0.0000e+00, 1.9132e+03, 3.9790e+01],
         [0.0000e+00, 0.0000e+00, 1.0000e+00]]], device='cuda:0')
0:02:58.910122 - TCO_input tensor([[[ 1.0000,  0.0000,  0.0000, -0.0211],
         [ 0.0000,  1.0000,  0.0000,  0.0132],
         [ 0.0000,  0.0000,  1.0000,  0.3175],
         [ 0.0000,  0.0000,  0.0000,  1.0000]]], device='cuda:0')
0:02:58.911021 - model tco output tensor([[[-0.7848,  0.4484,  0.4277, -0.0131],
         [-0.5720, -0.7897, -0.2218,  0.0083],
         [ 0.2383, -0.4187,  0.8763,  0.2022],
         [ 0.0000,  0.0000,  0.0000,  1.0000]]], device='cuda:0',
       grad_fn=<CopySlices>)
0:02:58.949721 - Wrote debug data: /home/ubuntu/synthetic_pose_estimation/cosypose/local_data/debug_data/debug_iter=1.pth.tar
0:02:59.162313 - TCO_input tensor([[[ 1.0000,  0.0000,  0.0000, -0.0211],
         [ 0.0000,  1.0000,  0.0000,  0.0132],
         [ 0.0000,  0.0000,  1.0000,  0.3175],
         [ 0.0000,  0.0000,  0.0000,  1.0000]]], device='cuda:0')
0:02:59.163330 - vxvyvz tensor([[ 3.1253, -1.2725,  0.6367]], device='cuda:0',
       grad_fn=<SliceBackward0>)
0:02:59.164306 - dR tensor([[[-0.7848,  0.4484,  0.4277],
         [-0.5720, -0.7897, -0.2218],
         [ 0.2383, -0.4187,  0.8763]]], device='cuda:0',
       grad_fn=<StackBackward0>)
0:02:59.165196 - fxfy tensor([[1913.1654, 1913.1655]], device='cuda:0')
0:02:59.167696 - TCO_gt tensor([[[-0.7893,  0.4511,  0.4165, -0.0100],
         [-0.5688, -0.7927, -0.2192,  0.0062],
         [ 0.2313, -0.4099,  0.8823,  0.1920],
         [ 0.0000,  0.0000,  0.0000,  1.0000]]], device='cuda:0')
0:02:59.168616 - TCO pred_orn tensor([[[-0.7848,  0.4484,  0.4277, -0.0100],
         [-0.5720, -0.7897, -0.2218,  0.0062],
         [ 0.2383, -0.4187,  0.8763,  0.1920],
         [ 0.0000,  0.0000,  0.0000,  1.0000]]], device='cuda:0',
       grad_fn=<CopySlices>)
0:02:59.169554 - TCO pred_xy tensor([[[-0.7893,  0.4511,  0.4165, -0.0124],
         [-0.5688, -0.7927, -0.2192,  0.0079],
         [ 0.2313, -0.4099,  0.8823,  0.1920],
         [ 0.0000,  0.0000,  0.0000,  1.0000]]], device='cuda:0',
       grad_fn=<CopySlices>)
0:02:59.170443 - TCO pred_z tensor([[[-0.7893,  0.4511,  0.4165, -0.0100],
         [-0.5688, -0.7927, -0.2192,  0.0062],
         [ 0.2313, -0.4099,  0.8823,  0.2022],
         [ 0.0000,  0.0000,  0.0000,  1.0000]]], device='cuda:0',
       grad_fn=<CopySlices>)
0:02:59.171072 - loss orn tensor([4.9042e-05], device='cuda:0', grad_fn=<MinBackward0>)
0:02:59.171714 - loss xy tensor([0.0014], device='cuda:0', grad_fn=<MinBackward0>)
0:02:59.172314 - loss z tensor([0.0034], device='cuda:0', grad_fn=<MinBackward0>)
  0%|                                       | 0/1 [00:00<?, ?it/s, loss=0.00482]100%|███████████████████████████████| 1/1 [00:00<00:00,  4.53it/s, loss=0.00482]100%|███████████████████████████████| 1/1 [00:00<00:00,  4.52it/s, loss=0.00482]
0:02:58.951218 - saving /home/ubuntu/synthetic_pose_estimation/cosypose/local_data/experiments/bracket_assembly_debug_nut_nosym_coarse_noaug--938962 333
  0%|                                                     | 0/1 [00:00<?, ?it/s]0:02:59.370050 - iteration 0
0:02:59.421675 - outputs, {'pose': tensor([[-0.9646, -0.7009,  0.2864,  0.5519, -0.5089, -0.3936,  3.1223, -1.2698,
          0.6297]], device='cuda:0', grad_fn=<AddmmBackward0>)}
0:02:59.423404 - model_outputs {'pose': tensor([[-0.9646, -0.7009,  0.2864,  0.5519, -0.5089, -0.3936,  3.1223, -1.2698,
          0.6297]], device='cuda:0', grad_fn=<AddmmBackward0>)}
0:02:59.424232 - K crop tensor([[[1.8722e+03, 0.0000e+00, 2.3623e+02],
         [0.0000e+00, 1.8722e+03, 7.9610e+01],
         [0.0000e+00, 0.0000e+00, 1.0000e+00]]], device='cuda:0')
0:02:59.425130 - TCO_input tensor([[[ 1.0000,  0.0000,  0.0000, -0.0126],
         [ 0.0000,  1.0000,  0.0000,  0.0066],
         [ 0.0000,  0.0000,  1.0000,  0.3083],
         [ 0.0000,  0.0000,  0.0000,  1.0000]]], device='cuda:0')
0:02:59.426215 - model tco output tensor([[[-0.7866,  0.4505,  0.4222, -0.0076],
         [-0.5715, -0.7900, -0.2220,  0.0040],
         [ 0.2335, -0.4160,  0.8789,  0.1941],
         [ 0.0000,  0.0000,  0.0000,  1.0000]]], device='cuda:0',
       grad_fn=<CopySlices>)
0:02:59.467429 - Wrote debug data: /home/ubuntu/synthetic_pose_estimation/cosypose/local_data/debug_data/debug_iter=1.pth.tar
0:02:59.677278 - TCO_input tensor([[[ 1.0000,  0.0000,  0.0000, -0.0126],
         [ 0.0000,  1.0000,  0.0000,  0.0066],
         [ 0.0000,  0.0000,  1.0000,  0.3083],
         [ 0.0000,  0.0000,  0.0000,  1.0000]]], device='cuda:0')
0:02:59.678380 - vxvyvz tensor([[ 3.1223, -1.2698,  0.6297]], device='cuda:0',
       grad_fn=<SliceBackward0>)
0:02:59.679446 - dR tensor([[[-0.7866,  0.4505,  0.4222],
         [-0.5715, -0.7900, -0.2220],
         [ 0.2335, -0.4160,  0.8789]]], device='cuda:0',
       grad_fn=<StackBackward0>)
0:02:59.680389 - fxfy tensor([[1872.1884, 1872.1884]], device='cuda:0')
0:02:59.682981 - TCO_gt tensor([[[-0.7893,  0.4511,  0.4165, -0.0100],
         [-0.5688, -0.7927, -0.2192,  0.0062],
         [ 0.2313, -0.4099,  0.8823,  0.1920],
         [ 0.0000,  0.0000,  0.0000,  1.0000]]], device='cuda:0')
0:02:59.683889 - TCO pred_orn tensor([[[-0.7866,  0.4505,  0.4222, -0.0100],
         [-0.5715, -0.7900, -0.2220,  0.0062],
         [ 0.2335, -0.4160,  0.8789,  0.1920],
         [ 0.0000,  0.0000,  0.0000,  1.0000]]], device='cuda:0',
       grad_fn=<CopySlices>)
0:02:59.684815 - TCO pred_xy tensor([[[-0.7893,  0.4511,  0.4165, -0.0075],
         [-0.5688, -0.7927, -0.2192,  0.0040],
         [ 0.2313, -0.4099,  0.8823,  0.1920],
         [ 0.0000,  0.0000,  0.0000,  1.0000]]], device='cuda:0',
       grad_fn=<CopySlices>)
0:02:59.685744 - TCO pred_z tensor([[[-0.7893,  0.4511,  0.4165, -0.0100],
         [-0.5688, -0.7927, -0.2192,  0.0062],
         [ 0.2313, -0.4099,  0.8823,  0.1941],
         [ 0.0000,  0.0000,  0.0000,  1.0000]]], device='cuda:0',
       grad_fn=<CopySlices>)
0:02:59.686394 - loss orn tensor([3.0169e-05], device='cuda:0', grad_fn=<MinBackward0>)
0:02:59.687025 - loss xy tensor([0.0016], device='cuda:0', grad_fn=<MinBackward0>)
0:02:59.687650 - loss z tensor([0.0007], device='cuda:0', grad_fn=<MinBackward0>)
  0%|                                       | 0/1 [00:00<?, ?it/s, loss=0.00231]100%|███████████████████████████████| 1/1 [00:00<00:00,  4.36it/s, loss=0.00231]100%|███████████████████████████████| 1/1 [00:00<00:00,  4.36it/s, loss=0.00231]
0:02:59.457539 - saving /home/ubuntu/synthetic_pose_estimation/cosypose/local_data/experiments/bracket_assembly_debug_nut_nosym_coarse_noaug--938962 334
  0%|                                                     | 0/1 [00:00<?, ?it/s]0:02:59.876616 - iteration 0
0:02:59.928220 - outputs, {'pose': tensor([[-0.9632, -0.6948,  0.2817,  0.5571, -0.5088, -0.3882,  3.1318, -1.2679,
          0.6262]], device='cuda:0', grad_fn=<AddmmBackward0>)}
0:02:59.929946 - model_outputs {'pose': tensor([[-0.9632, -0.6948,  0.2817,  0.5571, -0.5088, -0.3882,  3.1318, -1.2679,
          0.6262]], device='cuda:0', grad_fn=<AddmmBackward0>)}
0:02:59.930753 - K crop tensor([[[1.8832e+03, 0.0000e+00, 2.9753e+02],
         [0.0000e+00, 1.8832e+03, 1.1048e+02],
         [0.0000e+00, 0.0000e+00, 1.0000e+00]]], device='cuda:0')
0:02:59.931611 - TCO_input tensor([[[ 1.0000,  0.0000,  0.0000, -0.0226],
         [ 0.0000,  1.0000,  0.0000,  0.0015],
         [ 0.0000,  0.0000,  1.0000,  0.3080],
         [ 0.0000,  0.0000,  0.0000,  1.0000]]], device='cuda:0')
0:02:59.932497 - model tco output tensor([[[-7.8911e-01,  4.5214e-01,  4.1578e-01, -1.3818e-02],
         [-5.6923e-01, -7.9264e-01, -2.1840e-01,  7.9413e-04],
         [ 2.3081e-01, -4.0902e-01,  8.8285e-01,  1.9290e-01],
         [ 0.0000e+00,  0.0000e+00,  0.0000e+00,  1.0000e+00]]],
       device='cuda:0', grad_fn=<CopySlices>)
0:02:59.969647 - Wrote debug data: /home/ubuntu/synthetic_pose_estimation/cosypose/local_data/debug_data/debug_iter=1.pth.tar
0:03:00.183924 - TCO_input tensor([[[ 1.0000,  0.0000,  0.0000, -0.0226],
         [ 0.0000,  1.0000,  0.0000,  0.0015],
         [ 0.0000,  0.0000,  1.0000,  0.3080],
         [ 0.0000,  0.0000,  0.0000,  1.0000]]], device='cuda:0')
0:03:00.185004 - vxvyvz tensor([[ 3.1318, -1.2679,  0.6262]], device='cuda:0',
       grad_fn=<SliceBackward0>)
0:03:00.186047 - dR tensor([[[-0.7891,  0.4521,  0.4158],
         [-0.5692, -0.7926, -0.2184],
         [ 0.2308, -0.4090,  0.8829]]], device='cuda:0',
       grad_fn=<StackBackward0>)
0:03:00.186918 - fxfy tensor([[1883.2150, 1883.2148]], device='cuda:0')
0:03:00.189402 - TCO_gt tensor([[[-0.7893,  0.4511,  0.4165, -0.0100],
         [-0.5688, -0.7927, -0.2192,  0.0062],
         [ 0.2313, -0.4099,  0.8823,  0.1920],
         [ 0.0000,  0.0000,  0.0000,  1.0000]]], device='cuda:0')
0:03:00.190325 - TCO pred_orn tensor([[[-0.7891,  0.4521,  0.4158, -0.0100],
         [-0.5692, -0.7926, -0.2184,  0.0062],
         [ 0.2308, -0.4090,  0.8829,  0.1920],
         [ 0.0000,  0.0000,  0.0000,  1.0000]]], device='cuda:0',
       grad_fn=<CopySlices>)
0:03:00.191219 - TCO pred_xy tensor([[[-7.8929e-01,  4.5115e-01,  4.1651e-01, -1.3751e-02],
         [-5.6879e-01, -7.9274e-01, -2.1920e-01,  7.9030e-04],
         [ 2.3129e-01, -4.0992e-01,  8.8231e-01,  1.9197e-01],
         [ 0.0000e+00,  0.0000e+00,  0.0000e+00,  1.0000e+00]]],
       device='cuda:0', grad_fn=<CopySlices>)
0:03:00.192137 - TCO pred_z tensor([[[-0.7893,  0.4511,  0.4165, -0.0100],
         [-0.5688, -0.7927, -0.2192,  0.0062],
         [ 0.2313, -0.4099,  0.8823,  0.1929],
         [ 0.0000,  0.0000,  0.0000,  1.0000]]], device='cuda:0',
       grad_fn=<CopySlices>)
0:03:00.192790 - loss orn tensor([5.5768e-06], device='cuda:0', grad_fn=<MinBackward0>)
0:03:00.193450 - loss xy tensor([0.0030], device='cuda:0', grad_fn=<MinBackward0>)
0:03:00.194114 - loss z tensor([0.0003], device='cuda:0', grad_fn=<MinBackward0>)
  0%|                                       | 0/1 [00:00<?, ?it/s, loss=0.00336]100%|███████████████████████████████| 1/1 [00:00<00:00,  4.37it/s, loss=0.00336]100%|███████████████████████████████| 1/1 [00:00<00:00,  4.36it/s, loss=0.00336]
0:02:59.977412 - saving /home/ubuntu/synthetic_pose_estimation/cosypose/local_data/experiments/bracket_assembly_debug_nut_nosym_coarse_noaug--938962 335
  0%|                                                     | 0/1 [00:00<?, ?it/s]0:03:00.392412 - iteration 0
0:03:00.436298 - outputs, {'pose': tensor([[-0.9703, -0.6963,  0.2748,  0.5533, -0.5201, -0.3860,  3.1557, -1.2663,
          0.6147]], device='cuda:0', grad_fn=<AddmmBackward0>)}
0:03:00.437940 - model_outputs {'pose': tensor([[-0.9703, -0.6963,  0.2748,  0.5533, -0.5201, -0.3860,  3.1557, -1.2663,
          0.6147]], device='cuda:0', grad_fn=<AddmmBackward0>)}
0:03:00.438722 - K crop tensor([[[1.9765e+03, 0.0000e+00, 2.8942e+02],
         [0.0000e+00, 1.9765e+03, 4.2145e+01],
         [0.0000e+00, 0.0000e+00, 1.0000e+00]]], device='cuda:0')
0:03:00.439569 - TCO_input tensor([[[ 1.0000,  0.0000,  0.0000, -0.0215],
         [ 0.0000,  1.0000,  0.0000,  0.0128],
         [ 0.0000,  0.0000,  1.0000,  0.3275],
         [ 0.0000,  0.0000,  0.0000,  1.0000]]], device='cuda:0')
0:03:00.440468 - model tco output tensor([[[-0.7918,  0.4533,  0.4094, -0.0129],
         [-0.5682, -0.7926, -0.2213,  0.0078],
         [ 0.2242, -0.4078,  0.8851,  0.2013],
         [ 0.0000,  0.0000,  0.0000,  1.0000]]], device='cuda:0',
       grad_fn=<CopySlices>)
0:03:00.478458 - Wrote debug data: /home/ubuntu/synthetic_pose_estimation/cosypose/local_data/debug_data/debug_iter=1.pth.tar
0:03:00.691183 - TCO_input tensor([[[ 1.0000,  0.0000,  0.0000, -0.0215],
         [ 0.0000,  1.0000,  0.0000,  0.0128],
         [ 0.0000,  0.0000,  1.0000,  0.3275],
         [ 0.0000,  0.0000,  0.0000,  1.0000]]], device='cuda:0')
0:03:00.692192 - vxvyvz tensor([[ 3.1557, -1.2663,  0.6147]], device='cuda:0',
       grad_fn=<SliceBackward0>)
0:03:00.693202 - dR tensor([[[-0.7918,  0.4533,  0.4094],
         [-0.5682, -0.7926, -0.2213],
         [ 0.2242, -0.4078,  0.8851]]], device='cuda:0',
       grad_fn=<StackBackward0>)
0:03:00.694098 - fxfy tensor([[1976.5255, 1976.5255]], device='cuda:0')
0:03:00.696551 - TCO_gt tensor([[[-0.7893,  0.4511,  0.4165, -0.0100],
         [-0.5688, -0.7927, -0.2192,  0.0062],
         [ 0.2313, -0.4099,  0.8823,  0.1920],
         [ 0.0000,  0.0000,  0.0000,  1.0000]]], device='cuda:0')
0:03:00.697501 - TCO pred_orn tensor([[[-0.7918,  0.4533,  0.4094, -0.0100],
         [-0.5682, -0.7926, -0.2213,  0.0062],
         [ 0.2242, -0.4078,  0.8851,  0.1920],
         [ 0.0000,  0.0000,  0.0000,  1.0000]]], device='cuda:0',
       grad_fn=<CopySlices>)
0:03:00.698397 - TCO pred_xy tensor([[[-0.7893,  0.4511,  0.4165, -0.0123],
         [-0.5688, -0.7927, -0.2192,  0.0074],
         [ 0.2313, -0.4099,  0.8823,  0.1920],
         [ 0.0000,  0.0000,  0.0000,  1.0000]]], device='cuda:0',
       grad_fn=<CopySlices>)
0:03:00.699287 - TCO pred_z tensor([[[-0.7893,  0.4511,  0.4165, -0.0100],
         [-0.5688, -0.7927, -0.2192,  0.0062],
         [ 0.2313, -0.4099,  0.8823,  0.2013],
         [ 0.0000,  0.0000,  0.0000,  1.0000]]], device='cuda:0',
       grad_fn=<CopySlices>)
0:03:00.699924 - loss orn tensor([2.9190e-05], device='cuda:0', grad_fn=<MinBackward0>)
0:03:00.700555 - loss xy tensor([0.0012], device='cuda:0', grad_fn=<MinBackward0>)
0:03:00.701184 - loss z tensor([0.0031], device='cuda:0', grad_fn=<MinBackward0>)
  0%|                                       | 0/1 [00:00<?, ?it/s, loss=0.00432]100%|███████████████████████████████| 1/1 [00:00<00:00,  4.61it/s, loss=0.00432]100%|███████████████████████████████| 1/1 [00:00<00:00,  4.60it/s, loss=0.00432]
0:03:00.465908 - saving /home/ubuntu/synthetic_pose_estimation/cosypose/local_data/experiments/bracket_assembly_debug_nut_nosym_coarse_noaug--938962 336
  0%|                                                     | 0/1 [00:00<?, ?it/s]0:03:00.880892 - iteration 0
0:03:00.925054 - outputs, {'pose': tensor([[-0.9749, -0.6939,  0.2768,  0.5585, -0.5178, -0.3951,  3.1772, -1.2732,
          0.6182]], device='cuda:0', grad_fn=<AddmmBackward0>)}
0:03:00.926704 - model_outputs {'pose': tensor([[-0.9749, -0.6939,  0.2768,  0.5585, -0.5178, -0.3951,  3.1772, -1.2732,
          0.6182]], device='cuda:0', grad_fn=<AddmmBackward0>)}
0:03:00.927498 - K crop tensor([[[ 1.8131e+03,  0.0000e+00,  2.7571e+02],
         [ 0.0000e+00,  1.8131e+03, -1.7209e+01],
         [ 0.0000e+00,  0.0000e+00,  1.0000e+00]]], device='cuda:0')
0:03:00.928353 - TCO_input tensor([[[ 1.0000,  0.0000,  0.0000, -0.0196],
         [ 0.0000,  1.0000,  0.0000,  0.0230],
         [ 0.0000,  0.0000,  1.0000,  0.3052],
         [ 0.0000,  0.0000,  0.0000,  1.0000]]], device='cuda:0')
0:03:00.929945 - model tco output tensor([[[-0.7937,  0.4469,  0.4126, -0.0118],
         [-0.5650, -0.7930, -0.2279,  0.0141],
         [ 0.2253, -0.4140,  0.8819,  0.1887],
         [ 0.0000,  0.0000,  0.0000,  1.0000]]], device='cuda:0',
       grad_fn=<CopySlices>)
0:03:00.971572 - Wrote debug data: /home/ubuntu/synthetic_pose_estimation/cosypose/local_data/debug_data/debug_iter=1.pth.tar
0:03:01.182877 - TCO_input tensor([[[ 1.0000,  0.0000,  0.0000, -0.0196],
         [ 0.0000,  1.0000,  0.0000,  0.0230],
         [ 0.0000,  0.0000,  1.0000,  0.3052],
         [ 0.0000,  0.0000,  0.0000,  1.0000]]], device='cuda:0')
0:03:01.183923 - vxvyvz tensor([[ 3.1772, -1.2732,  0.6182]], device='cuda:0',
       grad_fn=<SliceBackward0>)
0:03:01.184934 - dR tensor([[[-0.7937,  0.4469,  0.4126],
         [-0.5650, -0.7930, -0.2279],
         [ 0.2253, -0.4140,  0.8819]]], device='cuda:0',
       grad_fn=<StackBackward0>)
0:03:01.185835 - fxfy tensor([[1813.1267, 1813.1268]], device='cuda:0')
0:03:01.188294 - TCO_gt tensor([[[-0.7893,  0.4511,  0.4165, -0.0100],
         [-0.5688, -0.7927, -0.2192,  0.0062],
         [ 0.2313, -0.4099,  0.8823,  0.1920],
         [ 0.0000,  0.0000,  0.0000,  1.0000]]], device='cuda:0')
0:03:01.189217 - TCO pred_orn tensor([[[-0.7937,  0.4469,  0.4126, -0.0100],
         [-0.5650, -0.7930, -0.2279,  0.0062],
         [ 0.2253, -0.4140,  0.8819,  0.1920],
         [ 0.0000,  0.0000,  0.0000,  1.0000]]], device='cuda:0',
       grad_fn=<CopySlices>)
0:03:01.190136 - TCO pred_xy tensor([[[-0.7893,  0.4511,  0.4165, -0.0120],
         [-0.5688, -0.7927, -0.2192,  0.0143],
         [ 0.2313, -0.4099,  0.8823,  0.1920],
         [ 0.0000,  0.0000,  0.0000,  1.0000]]], device='cuda:0',
       grad_fn=<CopySlices>)
0:03:01.191025 - TCO pred_z tensor([[[-0.7893,  0.4511,  0.4165, -0.0100],
         [-0.5688, -0.7927, -0.2192,  0.0062],
         [ 0.2313, -0.4099,  0.8823,  0.1887],
         [ 0.0000,  0.0000,  0.0000,  1.0000]]], device='cuda:0',
       grad_fn=<CopySlices>)
0:03:01.191660 - loss orn tensor([4.1099e-05], device='cuda:0', grad_fn=<MinBackward0>)
0:03:01.192283 - loss xy tensor([0.0034], device='cuda:0', grad_fn=<MinBackward0>)
0:03:01.192919 - loss z tensor([0.0011], device='cuda:0', grad_fn=<MinBackward0>)
  0%|                                       | 0/1 [00:00<?, ?it/s, loss=0.00451]100%|███████████████████████████████| 1/1 [00:00<00:00,  4.55it/s, loss=0.00451]100%|███████████████████████████████| 1/1 [00:00<00:00,  4.53it/s, loss=0.00451]
0:03:00.948990 - saving /home/ubuntu/synthetic_pose_estimation/cosypose/local_data/experiments/bracket_assembly_debug_nut_nosym_coarse_noaug--938962 337
  0%|                                                     | 0/1 [00:00<?, ?it/s]0:03:01.363937 - iteration 0
0:03:01.407702 - outputs, {'pose': tensor([[-0.9730, -0.6921,  0.2799,  0.5598, -0.5181, -0.3915,  3.1741, -1.2666,
          0.5980]], device='cuda:0', grad_fn=<AddmmBackward0>)}
0:03:01.409365 - model_outputs {'pose': tensor([[-0.9730, -0.6921,  0.2799,  0.5598, -0.5181, -0.3915,  3.1741, -1.2666,
          0.5980]], device='cuda:0', grad_fn=<AddmmBackward0>)}
0:03:01.410161 - K crop tensor([[[1.5888e+03, 0.0000e+00, 2.4579e+02],
         [0.0000e+00, 1.5888e+03, 2.8024e+01],
         [0.0000e+00, 0.0000e+00, 1.0000e+00]]], device='cuda:0')
0:03:01.411257 - TCO_input tensor([[[ 1.0000,  0.0000,  0.0000, -0.0145],
         [ 0.0000,  1.0000,  0.0000,  0.0153],
         [ 0.0000,  0.0000,  1.0000,  0.2663],
         [ 0.0000,  0.0000,  0.0000,  1.0000]]], device='cuda:0')
0:03:01.412587 - model tco output tensor([[[-0.7934,  0.4479,  0.4122, -0.0083],
         [-0.5643, -0.7951, -0.2222,  0.0090],
         [ 0.2282, -0.4089,  0.8836,  0.1592],
         [ 0.0000,  0.0000,  0.0000,  1.0000]]], device='cuda:0',
       grad_fn=<CopySlices>)
0:03:01.453757 - Wrote debug data: /home/ubuntu/synthetic_pose_estimation/cosypose/local_data/debug_data/debug_iter=1.pth.tar
0:03:01.664312 - TCO_input tensor([[[ 1.0000,  0.0000,  0.0000, -0.0145],
         [ 0.0000,  1.0000,  0.0000,  0.0153],
         [ 0.0000,  0.0000,  1.0000,  0.2663],
         [ 0.0000,  0.0000,  0.0000,  1.0000]]], device='cuda:0')
0:03:01.665375 - vxvyvz tensor([[ 3.1741, -1.2666,  0.5980]], device='cuda:0',
       grad_fn=<SliceBackward0>)
0:03:01.666385 - dR tensor([[[-0.7934,  0.4479,  0.4122],
         [-0.5643, -0.7951, -0.2222],
         [ 0.2282, -0.4089,  0.8836]]], device='cuda:0',
       grad_fn=<StackBackward0>)
0:03:01.667245 - fxfy tensor([[1588.8418, 1588.8419]], device='cuda:0')
0:03:01.669771 - TCO_gt tensor([[[-0.7893,  0.4511,  0.4165, -0.0100],
         [-0.5688, -0.7927, -0.2192,  0.0062],
         [ 0.2313, -0.4099,  0.8823,  0.1920],
         [ 0.0000,  0.0000,  0.0000,  1.0000]]], device='cuda:0')
0:03:01.670680 - TCO pred_orn tensor([[[-0.7934,  0.4479,  0.4122, -0.0100],
         [-0.5643, -0.7951, -0.2222,  0.0062],
         [ 0.2282, -0.4089,  0.8836,  0.1920],
         [ 0.0000,  0.0000,  0.0000,  1.0000]]], device='cuda:0',
       grad_fn=<CopySlices>)
0:03:01.671582 - TCO pred_xy tensor([[[-0.7893,  0.4511,  0.4165, -0.0100],
         [-0.5688, -0.7927, -0.2192,  0.0109],
         [ 0.2313, -0.4099,  0.8823,  0.1920],
         [ 0.0000,  0.0000,  0.0000,  1.0000]]], device='cuda:0',
       grad_fn=<CopySlices>)
0:03:01.672471 - TCO pred_z tensor([[[-0.7893,  0.4511,  0.4165, -0.0100],
         [-0.5688, -0.7927, -0.2192,  0.0062],
         [ 0.2313, -0.4099,  0.8823,  0.1592],
         [ 0.0000,  0.0000,  0.0000,  1.0000]]], device='cuda:0',
       grad_fn=<CopySlices>)
0:03:01.673123 - loss orn tensor([2.8018e-05], device='cuda:0', grad_fn=<MinBackward0>)
0:03:01.673761 - loss xy tensor([0.0016], device='cuda:0', grad_fn=<MinBackward0>)
0:03:01.674384 - loss z tensor([0.0109], device='cuda:0', grad_fn=<MinBackward0>)
  0%|                                        | 0/1 [00:00<?, ?it/s, loss=0.0125]100%|████████████████████████████████| 1/1 [00:00<00:00,  4.59it/s, loss=0.0125]100%|████████████████████████████████| 1/1 [00:00<00:00,  4.58it/s, loss=0.0125]
0:03:01.436245 - saving /home/ubuntu/synthetic_pose_estimation/cosypose/local_data/experiments/bracket_assembly_debug_nut_nosym_coarse_noaug--938962 338
  0%|                                                     | 0/1 [00:00<?, ?it/s]0:03:01.851357 - iteration 0
0:03:01.895133 - outputs, {'pose': tensor([[-0.9675, -0.6883,  0.2901,  0.5623, -0.5219, -0.3891,  3.2004, -1.2719,
          0.5930]], device='cuda:0', grad_fn=<AddmmBackward0>)}
0:03:01.896696 - model_outputs {'pose': tensor([[-0.9675, -0.6883,  0.2901,  0.5623, -0.5219, -0.3891,  3.2004, -1.2719,
          0.5930]], device='cuda:0', grad_fn=<AddmmBackward0>)}
0:03:01.897503 - K crop tensor([[[1.9034e+03, 0.0000e+00, 2.5823e+02],
         [0.0000e+00, 1.9034e+03, 1.1117e+02],
         [0.0000e+00, 0.0000e+00, 1.0000e+00]]], device='cuda:0')
0:03:01.898349 - TCO_input tensor([[[ 1.0000,  0.0000,  0.0000, -0.0161],
         [ 0.0000,  1.0000,  0.0000,  0.0014],
         [ 0.0000,  0.0000,  1.0000,  0.3112],
         [ 0.0000,  0.0000,  0.0000,  1.0000]]], device='cuda:0')
0:03:01.899222 - model tco output tensor([[[-7.9157e-01,  4.4786e-01,  4.1575e-01, -9.2619e-03],
         [-5.6310e-01, -7.9884e-01, -2.1158e-01,  6.8443e-04],
         [ 2.3736e-01, -4.0159e-01,  8.8453e-01,  1.8455e-01],
         [ 0.0000e+00,  0.0000e+00,  0.0000e+00,  1.0000e+00]]],
       device='cuda:0', grad_fn=<CopySlices>)
0:03:01.937401 - Wrote debug data: /home/ubuntu/synthetic_pose_estimation/cosypose/local_data/debug_data/debug_iter=1.pth.tar
0:03:02.149993 - TCO_input tensor([[[ 1.0000,  0.0000,  0.0000, -0.0161],
         [ 0.0000,  1.0000,  0.0000,  0.0014],
         [ 0.0000,  0.0000,  1.0000,  0.3112],
         [ 0.0000,  0.0000,  0.0000,  1.0000]]], device='cuda:0')
0:03:02.150990 - vxvyvz tensor([[ 3.2004, -1.2719,  0.5930]], device='cuda:0',
       grad_fn=<SliceBackward0>)
0:03:02.151979 - dR tensor([[[-0.7916,  0.4479,  0.4157],
         [-0.5631, -0.7988, -0.2116],
         [ 0.2374, -0.4016,  0.8845]]], device='cuda:0',
       grad_fn=<StackBackward0>)
0:03:02.152845 - fxfy tensor([[1903.4103, 1903.4100]], device='cuda:0')
0:03:02.155323 - TCO_gt tensor([[[-0.7893,  0.4511,  0.4165, -0.0100],
         [-0.5688, -0.7927, -0.2192,  0.0062],
         [ 0.2313, -0.4099,  0.8823,  0.1920],
         [ 0.0000,  0.0000,  0.0000,  1.0000]]], device='cuda:0')
0:03:02.156234 - TCO pred_orn tensor([[[-0.7916,  0.4479,  0.4157, -0.0100],
         [-0.5631, -0.7988, -0.2116,  0.0062],
         [ 0.2374, -0.4016,  0.8845,  0.1920],
         [ 0.0000,  0.0000,  0.0000,  1.0000]]], device='cuda:0',
       grad_fn=<CopySlices>)
0:03:02.157121 - TCO pred_xy tensor([[[-7.8929e-01,  4.5115e-01,  4.1651e-01, -9.6343e-03],
         [-5.6879e-01, -7.9274e-01, -2.1920e-01,  7.1195e-04],
         [ 2.3129e-01, -4.0992e-01,  8.8231e-01,  1.9197e-01],
         [ 0.0000e+00,  0.0000e+00,  0.0000e+00,  1.0000e+00]]],
       device='cuda:0', grad_fn=<CopySlices>)
0:03:02.158028 - TCO pred_z tensor([[[-0.7893,  0.4511,  0.4165, -0.0100],
         [-0.5688, -0.7927, -0.2192,  0.0062],
         [ 0.2313, -0.4099,  0.8823,  0.1845],
         [ 0.0000,  0.0000,  0.0000,  1.0000]]], device='cuda:0',
       grad_fn=<CopySlices>)
0:03:02.158662 - loss orn tensor([4.5757e-05], device='cuda:0', grad_fn=<MinBackward0>)
0:03:02.159281 - loss xy tensor([0.0019], device='cuda:0', grad_fn=<MinBackward0>)
0:03:02.159897 - loss z tensor([0.0025], device='cuda:0', grad_fn=<MinBackward0>)
  0%|                                       | 0/1 [00:00<?, ?it/s, loss=0.00446]100%|███████████████████████████████| 1/1 [00:00<00:00,  4.65it/s, loss=0.00446]100%|███████████████████████████████| 1/1 [00:00<00:00,  4.64it/s, loss=0.00446]
0:03:01.917444 - saving /home/ubuntu/synthetic_pose_estimation/cosypose/local_data/experiments/bracket_assembly_debug_nut_nosym_coarse_noaug--938962 339
  0%|                                                     | 0/1 [00:00<?, ?it/s]0:03:02.332523 - iteration 0
0:03:02.376892 - outputs, {'pose': tensor([[-0.9606, -0.7018,  0.2892,  0.5648, -0.5231, -0.3831,  3.2114, -1.2734,
          0.5963]], device='cuda:0', grad_fn=<AddmmBackward0>)}
0:03:02.378605 - model_outputs {'pose': tensor([[-0.9606, -0.7018,  0.2892,  0.5648, -0.5231, -0.3831,  3.2114, -1.2734,
          0.5963]], device='cuda:0', grad_fn=<AddmmBackward0>)}
0:03:02.379411 - K crop tensor([[[1.8312e+03, 0.0000e+00, 2.9478e+02],
         [0.0000e+00, 1.8312e+03, 5.9634e+01],
         [0.0000e+00, 0.0000e+00, 1.0000e+00]]], device='cuda:0')
0:03:02.380250 - TCO_input tensor([[[ 1.0000,  0.0000,  0.0000, -0.0224],
         [ 0.0000,  1.0000,  0.0000,  0.0099],
         [ 0.0000,  0.0000,  1.0000,  0.3030],
         [ 0.0000,  0.0000,  0.0000,  1.0000]]], device='cuda:0')
0:03:02.381796 - model tco output tensor([[[-0.7846,  0.4609,  0.4147, -0.0130],
         [-0.5732, -0.7941, -0.2020,  0.0058],
         [ 0.2363, -0.3962,  0.8873,  0.1807],
         [ 0.0000,  0.0000,  0.0000,  1.0000]]], device='cuda:0',
       grad_fn=<CopySlices>)
0:03:02.420681 - Wrote debug data: /home/ubuntu/synthetic_pose_estimation/cosypose/local_data/debug_data/debug_iter=1.pth.tar
0:03:02.631031 - TCO_input tensor([[[ 1.0000,  0.0000,  0.0000, -0.0224],
         [ 0.0000,  1.0000,  0.0000,  0.0099],
         [ 0.0000,  0.0000,  1.0000,  0.3030],
         [ 0.0000,  0.0000,  0.0000,  1.0000]]], device='cuda:0')
0:03:02.632001 - vxvyvz tensor([[ 3.2114, -1.2734,  0.5963]], device='cuda:0',
       grad_fn=<SliceBackward0>)
0:03:02.632994 - dR tensor([[[-0.7846,  0.4609,  0.4147],
         [-0.5732, -0.7941, -0.2020],
         [ 0.2363, -0.3962,  0.8873]]], device='cuda:0',
       grad_fn=<StackBackward0>)
0:03:02.633879 - fxfy tensor([[1831.1915, 1831.1920]], device='cuda:0')
0:03:02.636328 - TCO_gt tensor([[[-0.7893,  0.4511,  0.4165, -0.0100],
         [-0.5688, -0.7927, -0.2192,  0.0062],
         [ 0.2313, -0.4099,  0.8823,  0.1920],
         [ 0.0000,  0.0000,  0.0000,  1.0000]]], device='cuda:0')
0:03:02.637271 - TCO pred_orn tensor([[[-0.7846,  0.4609,  0.4147, -0.0100],
         [-0.5732, -0.7941, -0.2020,  0.0062],
         [ 0.2363, -0.3962,  0.8873,  0.1920],
         [ 0.0000,  0.0000,  0.0000,  1.0000]]], device='cuda:0',
       grad_fn=<CopySlices>)
0:03:02.638166 - TCO pred_xy tensor([[[-0.7893,  0.4511,  0.4165, -0.0138],
         [-0.5688, -0.7927, -0.2192,  0.0061],
         [ 0.2313, -0.4099,  0.8823,  0.1920],
         [ 0.0000,  0.0000,  0.0000,  1.0000]]], device='cuda:0',
       grad_fn=<CopySlices>)
0:03:02.639057 - TCO pred_z tensor([[[-0.7893,  0.4511,  0.4165, -0.0100],
         [-0.5688, -0.7927, -0.2192,  0.0062],
         [ 0.2313, -0.4099,  0.8823,  0.1807],
         [ 0.0000,  0.0000,  0.0000,  1.0000]]], device='cuda:0',
       grad_fn=<CopySlices>)
0:03:02.639694 - loss orn tensor([7.6127e-05], device='cuda:0', grad_fn=<MinBackward0>)
0:03:02.640315 - loss xy tensor([0.0013], device='cuda:0', grad_fn=<MinBackward0>)
0:03:02.640952 - loss z tensor([0.0038], device='cuda:0', grad_fn=<MinBackward0>)
  0%|                                       | 0/1 [00:00<?, ?it/s, loss=0.00513]100%|███████████████████████████████| 1/1 [00:00<00:00,  4.62it/s, loss=0.00513]100%|███████████████████████████████| 1/1 [00:00<00:00,  4.61it/s, loss=0.00513]
  0%|                                                     | 0/1 [00:00<?, ?it/s]0:03:02.548773 - iteration 0
0:03:02.585146 - outputs, {'pose': tensor([[-0.1921, -0.0318,  0.0208,  0.2414, -0.0424, -0.1230,  0.7026, -0.3149,
          0.3081]], device='cuda:0')}
0:03:02.586577 - model_outputs {'pose': tensor([[-0.1921, -0.0318,  0.0208,  0.2414, -0.0424, -0.1230,  0.7026, -0.3149,
          0.3081]], device='cuda:0')}
0:03:02.587335 - K crop tensor([[[1.6633e+03, 0.0000e+00, 2.5628e+02],
         [0.0000e+00, 1.6633e+03, 3.6478e+01],
         [0.0000e+00, 0.0000e+00, 1.0000e+00]]], device='cuda:0')
0:03:02.588171 - TCO_input tensor([[[ 1.0000,  0.0000,  0.0000, -0.0162],
         [ 0.0000,  1.0000,  0.0000,  0.0139],
         [ 0.0000,  0.0000,  1.0000,  0.2777],
         [ 0.0000,  0.0000,  0.0000,  1.0000]]], device='cuda:0')
0:03:02.589076 - model tco output tensor([[[-0.9810,  0.0239,  0.1928, -0.0049],
         [-0.1625, -0.6447, -0.7470,  0.0043],
         [ 0.1064, -0.7641,  0.6363,  0.0855],
         [ 0.0000,  0.0000,  0.0000,  1.0000]]], device='cuda:0')
0:03:02.628602 - Wrote debug data: /home/ubuntu/synthetic_pose_estimation/cosypose/local_data/debug_data/debug_iter=1.pth.tar
0:03:02.842590 - TCO_input tensor([[[ 1.0000,  0.0000,  0.0000, -0.0162],
         [ 0.0000,  1.0000,  0.0000,  0.0139],
         [ 0.0000,  0.0000,  1.0000,  0.2777],
         [ 0.0000,  0.0000,  0.0000,  1.0000]]], device='cuda:0')
0:03:02.843570 - vxvyvz tensor([[ 0.7026, -0.3149,  0.3081]], device='cuda:0')
0:03:02.844542 - dR tensor([[[-0.9810,  0.0239,  0.1928],
         [-0.1625, -0.6447, -0.7470],
         [ 0.1064, -0.7641,  0.6363]]], device='cuda:0')
0:03:02.845451 - fxfy tensor([[1663.3146, 1663.3146]], device='cuda:0')
0:03:02.847719 - TCO_gt tensor([[[-0.7893,  0.4511,  0.4165, -0.0100],
         [-0.5688, -0.7927, -0.2192,  0.0062],
         [ 0.2313, -0.4099,  0.8823,  0.1920],
         [ 0.0000,  0.0000,  0.0000,  1.0000]]], device='cuda:0')
0:03:02.848610 - TCO pred_orn tensor([[[-0.9810,  0.0239,  0.1928, -0.0100],
         [-0.1625, -0.6447, -0.7470,  0.0062],
         [ 0.1064, -0.7641,  0.6363,  0.1920],
         [ 0.0000,  0.0000,  0.0000,  1.0000]]], device='cuda:0')
0:03:02.849532 - TCO pred_xy tensor([[[-0.7893,  0.4511,  0.4165, -0.0111],
         [-0.5688, -0.7927, -0.2192,  0.0095],
         [ 0.2313, -0.4099,  0.8823,  0.1920],
         [ 0.0000,  0.0000,  0.0000,  1.0000]]], device='cuda:0')
0:03:02.850420 - TCO pred_z tensor([[[-0.7893,  0.4511,  0.4165, -0.0100],
         [-0.5688, -0.7927, -0.2192,  0.0062],
         [ 0.2313, -0.4099,  0.8823,  0.0855],
         [ 0.0000,  0.0000,  0.0000,  1.0000]]], device='cuda:0')
0:03:02.851045 - loss orn tensor([0.0027], device='cuda:0')
0:03:02.851665 - loss xy tensor([0.0015], device='cuda:0')
0:03:02.852281 - loss z tensor([0.0355], device='cuda:0')
100%|█████████████████████████████████████████████| 1/1 [00:00<00:00,  8.18it/s]100%|█████████████████████████████████████████████| 1/1 [00:00<00:00,  8.15it/s]
0:03:02.523320 - saving /home/ubuntu/synthetic_pose_estimation/cosypose/local_data/experiments/bracket_assembly_debug_nut_nosym_coarse_noaug--938962 340
  0%|                                                     | 0/1 [00:00<?, ?it/s]0:03:02.935029 - iteration 0
0:03:02.978777 - outputs, {'pose': tensor([[-0.9638, -0.7056,  0.2873,  0.5625, -0.5198, -0.3896,  3.2329, -1.2768,
          0.5925]], device='cuda:0', grad_fn=<AddmmBackward0>)}
0:03:02.980326 - model_outputs {'pose': tensor([[-0.9638, -0.7056,  0.2873,  0.5625, -0.5198, -0.3896,  3.2329, -1.2768,
          0.5925]], device='cuda:0', grad_fn=<AddmmBackward0>)}
0:03:02.981115 - K crop tensor([[[1.9043e+03, 0.0000e+00, 2.8997e+02],
         [0.0000e+00, 1.9043e+03, 6.6968e+01],
         [0.0000e+00, 0.0000e+00, 1.0000e+00]]], device='cuda:0')
0:03:02.981982 - TCO_input tensor([[[ 1.0000,  0.0000,  0.0000, -0.0215],
         [ 0.0000,  1.0000,  0.0000,  0.0087],
         [ 0.0000,  0.0000,  1.0000,  0.3143],
         [ 0.0000,  0.0000,  0.0000,  1.0000]]], device='cuda:0')
0:03:02.982881 - model tco output tensor([[[-0.7845,  0.4584,  0.4176, -0.0124],
         [-0.5744, -0.7911, -0.2105,  0.0050],
         [ 0.2339, -0.4050,  0.8839,  0.1862],
         [ 0.0000,  0.0000,  0.0000,  1.0000]]], device='cuda:0',
       grad_fn=<CopySlices>)
0:03:03.021775 - Wrote debug data: /home/ubuntu/synthetic_pose_estimation/cosypose/local_data/debug_data/debug_iter=1.pth.tar
0:03:03.234545 - TCO_input tensor([[[ 1.0000,  0.0000,  0.0000, -0.0215],
         [ 0.0000,  1.0000,  0.0000,  0.0087],
         [ 0.0000,  0.0000,  1.0000,  0.3143],
         [ 0.0000,  0.0000,  0.0000,  1.0000]]], device='cuda:0')
0:03:03.235522 - vxvyvz tensor([[ 3.2329, -1.2768,  0.5925]], device='cuda:0',
       grad_fn=<SliceBackward0>)
0:03:03.236498 - dR tensor([[[-0.7845,  0.4584,  0.4176],
         [-0.5744, -0.7911, -0.2105],
         [ 0.2339, -0.4050,  0.8839]]], device='cuda:0',
       grad_fn=<StackBackward0>)
0:03:03.237393 - fxfy tensor([[1904.2915, 1904.2917]], device='cuda:0')
0:03:03.239830 - TCO_gt tensor([[[-0.7893,  0.4511,  0.4165, -0.0100],
         [-0.5688, -0.7927, -0.2192,  0.0062],
         [ 0.2313, -0.4099,  0.8823,  0.1920],
         [ 0.0000,  0.0000,  0.0000,  1.0000]]], device='cuda:0')
0:03:03.240730 - TCO pred_orn tensor([[[-0.7845,  0.4584,  0.4176, -0.0100],
         [-0.5744, -0.7911, -0.2105,  0.0062],
         [ 0.2339, -0.4050,  0.8839,  0.1920],
         [ 0.0000,  0.0000,  0.0000,  1.0000]]], device='cuda:0',
       grad_fn=<CopySlices>)
0:03:03.241658 - TCO pred_xy tensor([[[-0.7893,  0.4511,  0.4165, -0.0128],
         [-0.5688, -0.7927, -0.2192,  0.0052],
         [ 0.2313, -0.4099,  0.8823,  0.1920],
         [ 0.0000,  0.0000,  0.0000,  1.0000]]], device='cuda:0',
       grad_fn=<CopySlices>)
0:03:03.242552 - TCO pred_z tensor([[[-0.7893,  0.4511,  0.4165, -0.0100],
         [-0.5688, -0.7927, -0.2192,  0.0062],
         [ 0.2313, -0.4099,  0.8823,  0.1862],
         [ 0.0000,  0.0000,  0.0000,  1.0000]]], device='cuda:0',
       grad_fn=<CopySlices>)
0:03:03.243187 - loss orn tensor([4.3632e-05], device='cuda:0', grad_fn=<MinBackward0>)
0:03:03.243807 - loss xy tensor([0.0013], device='cuda:0', grad_fn=<MinBackward0>)
0:03:03.244425 - loss z tensor([0.0019], device='cuda:0', grad_fn=<MinBackward0>)
  0%|                                       | 0/1 [00:00<?, ?it/s, loss=0.00325]100%|███████████████████████████████| 1/1 [00:00<00:00,  4.69it/s, loss=0.00325]100%|███████████████████████████████| 1/1 [00:00<00:00,  4.68it/s, loss=0.00325]
0:03:02.996005 - saving /home/ubuntu/synthetic_pose_estimation/cosypose/local_data/experiments/bracket_assembly_debug_nut_nosym_coarse_noaug--938962 341
  0%|                                                     | 0/1 [00:00<?, ?it/s]0:03:03.411136 - iteration 0
0:03:03.454968 - outputs, {'pose': tensor([[-0.9545, -0.7032,  0.2902,  0.5536, -0.5079, -0.3926,  3.2300, -1.2665,
          0.5993]], device='cuda:0', grad_fn=<AddmmBackward0>)}
0:03:03.456600 - model_outputs {'pose': tensor([[-0.9545, -0.7032,  0.2902,  0.5536, -0.5079, -0.3926,  3.2300, -1.2665,
          0.5993]], device='cuda:0', grad_fn=<AddmmBackward0>)}
0:03:03.457405 - K crop tensor([[[1.6275e+03, 0.0000e+00, 2.7827e+02],
         [0.0000e+00, 1.6275e+03, 7.0924e+01],
         [0.0000e+00, 0.0000e+00, 1.0000e+00]]], device='cuda:0')
0:03:03.458287 - TCO_input tensor([[[ 1.0000,  0.0000,  0.0000, -0.0197],
         [ 0.0000,  1.0000,  0.0000,  0.0080],
         [ 0.0000,  0.0000,  1.0000,  0.2697],
         [ 0.0000,  0.0000,  0.0000,  1.0000]]], device='cuda:0')
0:03:03.459818 - model tco output tensor([[[-0.7820,  0.4552,  0.4258, -0.0115],
         [-0.5761, -0.7885, -0.2152,  0.0047],
         [ 0.2378, -0.4136,  0.8789,  0.1616],
         [ 0.0000,  0.0000,  0.0000,  1.0000]]], device='cuda:0',
       grad_fn=<CopySlices>)
0:03:03.498038 - Wrote debug data: /home/ubuntu/synthetic_pose_estimation/cosypose/local_data/debug_data/debug_iter=1.pth.tar
0:03:03.709839 - TCO_input tensor([[[ 1.0000,  0.0000,  0.0000, -0.0197],
         [ 0.0000,  1.0000,  0.0000,  0.0080],
         [ 0.0000,  0.0000,  1.0000,  0.2697],
         [ 0.0000,  0.0000,  0.0000,  1.0000]]], device='cuda:0')
0:03:03.710782 - vxvyvz tensor([[ 3.2300, -1.2665,  0.5993]], device='cuda:0',
       grad_fn=<SliceBackward0>)
0:03:03.711758 - dR tensor([[[-0.7820,  0.4552,  0.4258],
         [-0.5761, -0.7885, -0.2152],
         [ 0.2378, -0.4136,  0.8789]]], device='cuda:0',
       grad_fn=<StackBackward0>)
0:03:03.712606 - fxfy tensor([[1627.5369, 1627.5371]], device='cuda:0')
0:03:03.715086 - TCO_gt tensor([[[-0.7893,  0.4511,  0.4165, -0.0100],
         [-0.5688, -0.7927, -0.2192,  0.0062],
         [ 0.2313, -0.4099,  0.8823,  0.1920],
         [ 0.0000,  0.0000,  0.0000,  1.0000]]], device='cuda:0')
0:03:03.715997 - TCO pred_orn tensor([[[-0.7820,  0.4552,  0.4258, -0.0100],
         [-0.5761, -0.7885, -0.2152,  0.0062],
         [ 0.2378, -0.4136,  0.8789,  0.1920],
         [ 0.0000,  0.0000,  0.0000,  1.0000]]], device='cuda:0',
       grad_fn=<CopySlices>)
0:03:03.716902 - TCO pred_xy tensor([[[-0.7893,  0.4511,  0.4165, -0.0136],
         [-0.5688, -0.7927, -0.2192,  0.0056],
         [ 0.2313, -0.4099,  0.8823,  0.1920],
         [ 0.0000,  0.0000,  0.0000,  1.0000]]], device='cuda:0',
       grad_fn=<CopySlices>)
0:03:03.717816 - TCO pred_z tensor([[[-0.7893,  0.4511,  0.4165, -0.0100],
         [-0.5688, -0.7927, -0.2192,  0.0062],
         [ 0.2313, -0.4099,  0.8823,  0.1616],
         [ 0.0000,  0.0000,  0.0000,  1.0000]]], device='cuda:0',
       grad_fn=<CopySlices>)
0:03:03.718452 - loss orn tensor([5.1806e-05], device='cuda:0', grad_fn=<MinBackward0>)
0:03:03.719073 - loss xy tensor([0.0014], device='cuda:0', grad_fn=<MinBackward0>)
0:03:03.719689 - loss z tensor([0.0101], device='cuda:0', grad_fn=<MinBackward0>)
  0%|                                        | 0/1 [00:00<?, ?it/s, loss=0.0116]100%|████████████████████████████████| 1/1 [00:00<00:00,  4.59it/s, loss=0.0116]100%|████████████████████████████████| 1/1 [00:00<00:00,  4.58it/s, loss=0.0116]
0:03:03.478981 - saving /home/ubuntu/synthetic_pose_estimation/cosypose/local_data/experiments/bracket_assembly_debug_nut_nosym_coarse_noaug--938962 342
  0%|                                                     | 0/1 [00:00<?, ?it/s]0:03:03.894356 - iteration 0
0:03:03.938665 - outputs, {'pose': tensor([[-0.9661, -0.7064,  0.2848,  0.5564, -0.5174, -0.3995,  3.2764, -1.2663,
          0.6213]], device='cuda:0', grad_fn=<AddmmBackward0>)}
0:03:03.940365 - model_outputs {'pose': tensor([[-0.9661, -0.7064,  0.2848,  0.5564, -0.5174, -0.3995,  3.2764, -1.2663,
          0.6213]], device='cuda:0', grad_fn=<AddmmBackward0>)}
0:03:03.941185 - K crop tensor([[[1.5348e+03, 0.0000e+00, 2.3888e+02],
         [0.0000e+00, 1.5348e+03, 4.8251e+01],
         [0.0000e+00, 0.0000e+00, 1.0000e+00]]], device='cuda:0')
0:03:03.942125 - TCO_input tensor([[[ 1.0000,  0.0000,  0.0000, -0.0133],
         [ 0.0000,  1.0000,  0.0000,  0.0119],
         [ 0.0000,  0.0000,  1.0000,  0.2563],
         [ 0.0000,  0.0000,  0.0000,  1.0000]]], device='cuda:0')
0:03:03.943760 - model tco output tensor([[[-0.7853,  0.4526,  0.4225, -0.0079],
         [-0.5742, -0.7875, -0.2237,  0.0073],
         [ 0.2315, -0.4183,  0.8783,  0.1592],
         [ 0.0000,  0.0000,  0.0000,  1.0000]]], device='cuda:0',
       grad_fn=<CopySlices>)
0:03:03.983587 - Wrote debug data: /home/ubuntu/synthetic_pose_estimation/cosypose/local_data/debug_data/debug_iter=1.pth.tar
0:03:04.194328 - TCO_input tensor([[[ 1.0000,  0.0000,  0.0000, -0.0133],
         [ 0.0000,  1.0000,  0.0000,  0.0119],
         [ 0.0000,  0.0000,  1.0000,  0.2563],
         [ 0.0000,  0.0000,  0.0000,  1.0000]]], device='cuda:0')
0:03:04.195300 - vxvyvz tensor([[ 3.2764, -1.2663,  0.6213]], device='cuda:0',
       grad_fn=<SliceBackward0>)
0:03:04.196289 - dR tensor([[[-0.7853,  0.4526,  0.4225],
         [-0.5742, -0.7875, -0.2237],
         [ 0.2315, -0.4183,  0.8783]]], device='cuda:0',
       grad_fn=<StackBackward0>)
0:03:04.197166 - fxfy tensor([[1534.8000, 1534.8003]], device='cuda:0')
0:03:04.199651 - TCO_gt tensor([[[-0.7893,  0.4511,  0.4165, -0.0100],
         [-0.5688, -0.7927, -0.2192,  0.0062],
         [ 0.2313, -0.4099,  0.8823,  0.1920],
         [ 0.0000,  0.0000,  0.0000,  1.0000]]], device='cuda:0')
0:03:04.200562 - TCO pred_orn tensor([[[-0.7853,  0.4526,  0.4225, -0.0100],
         [-0.5742, -0.7875, -0.2237,  0.0062],
         [ 0.2315, -0.4183,  0.8783,  0.1920],
         [ 0.0000,  0.0000,  0.0000,  1.0000]]], device='cuda:0',
       grad_fn=<CopySlices>)
0:03:04.201520 - TCO pred_xy tensor([[[-0.7893,  0.4511,  0.4165, -0.0095],
         [-0.5688, -0.7927, -0.2192,  0.0088],
         [ 0.2313, -0.4099,  0.8823,  0.1920],
         [ 0.0000,  0.0000,  0.0000,  1.0000]]], device='cuda:0',
       grad_fn=<CopySlices>)
0:03:04.202427 - TCO pred_z tensor([[[-0.7893,  0.4511,  0.4165, -0.0100],
         [-0.5688, -0.7927, -0.2192,  0.0062],
         [ 0.2313, -0.4099,  0.8823,  0.1592],
         [ 0.0000,  0.0000,  0.0000,  1.0000]]], device='cuda:0',
       grad_fn=<CopySlices>)
0:03:04.203066 - loss orn tensor([4.3057e-05], device='cuda:0', grad_fn=<MinBackward0>)
0:03:04.203689 - loss xy tensor([0.0010], device='cuda:0', grad_fn=<MinBackward0>)
0:03:04.204304 - loss z tensor([0.0109], device='cuda:0', grad_fn=<MinBackward0>)
  0%|                                         | 0/1 [00:00<?, ?it/s, loss=0.012]100%|█████████████████████████████████| 1/1 [00:00<00:00,  4.52it/s, loss=0.012]100%|█████████████████████████████████| 1/1 [00:00<00:00,  4.51it/s, loss=0.012]
0:03:03.962564 - saving /home/ubuntu/synthetic_pose_estimation/cosypose/local_data/experiments/bracket_assembly_debug_nut_nosym_coarse_noaug--938962 343
  0%|                                                     | 0/1 [00:00<?, ?it/s]0:03:04.377658 - iteration 0
0:03:04.422026 - outputs, {'pose': tensor([[-0.9738, -0.6936,  0.2864,  0.5567, -0.5096, -0.4019,  3.2740, -1.2560,
          0.6240]], device='cuda:0', grad_fn=<AddmmBackward0>)}
0:03:04.423604 - model_outputs {'pose': tensor([[-0.9738, -0.6936,  0.2864,  0.5567, -0.5096, -0.4019,  3.2740, -1.2560,
          0.6240]], device='cuda:0', grad_fn=<AddmmBackward0>)}
0:03:04.424437 - K crop tensor([[[1.8553e+03, 0.0000e+00, 2.8550e+02],
         [0.0000e+00, 1.8553e+03, 5.3947e+01],
         [0.0000e+00, 0.0000e+00, 1.0000e+00]]], device='cuda:0')
0:03:04.425311 - TCO_input tensor([[[ 1.0000,  0.0000,  0.0000, -0.0209],
         [ 0.0000,  1.0000,  0.0000,  0.0109],
         [ 0.0000,  0.0000,  1.0000,  0.3073],
         [ 0.0000,  0.0000,  0.0000,  1.0000]]], device='cuda:0')
0:03:04.426924 - model tco output tensor([[[-0.7921,  0.4410,  0.4220, -0.0127],
         [-0.5642, -0.7928, -0.2305,  0.0066],
         [ 0.2330, -0.4207,  0.8768,  0.1917],
         [ 0.0000,  0.0000,  0.0000,  1.0000]]], device='cuda:0',
       grad_fn=<CopySlices>)
0:03:04.465437 - Wrote debug data: /home/ubuntu/synthetic_pose_estimation/cosypose/local_data/debug_data/debug_iter=1.pth.tar
0:03:04.676880 - TCO_input tensor([[[ 1.0000,  0.0000,  0.0000, -0.0209],
         [ 0.0000,  1.0000,  0.0000,  0.0109],
         [ 0.0000,  0.0000,  1.0000,  0.3073],
         [ 0.0000,  0.0000,  0.0000,  1.0000]]], device='cuda:0')
0:03:04.677999 - vxvyvz tensor([[ 3.2740, -1.2560,  0.6240]], device='cuda:0',
       grad_fn=<SliceBackward0>)
0:03:04.679005 - dR tensor([[[-0.7921,  0.4410,  0.4220],
         [-0.5642, -0.7928, -0.2305],
         [ 0.2330, -0.4207,  0.8768]]], device='cuda:0',
       grad_fn=<StackBackward0>)
0:03:04.679868 - fxfy tensor([[1855.3118, 1855.3119]], device='cuda:0')
0:03:04.682406 - TCO_gt tensor([[[-0.7893,  0.4511,  0.4165, -0.0100],
         [-0.5688, -0.7927, -0.2192,  0.0062],
         [ 0.2313, -0.4099,  0.8823,  0.1920],
         [ 0.0000,  0.0000,  0.0000,  1.0000]]], device='cuda:0')
0:03:04.683316 - TCO pred_orn tensor([[[-0.7921,  0.4410,  0.4220, -0.0100],
         [-0.5642, -0.7928, -0.2305,  0.0062],
         [ 0.2330, -0.4207,  0.8768,  0.1920],
         [ 0.0000,  0.0000,  0.0000,  1.0000]]], device='cuda:0',
       grad_fn=<CopySlices>)
0:03:04.684221 - TCO pred_xy tensor([[[-0.7893,  0.4511,  0.4165, -0.0127],
         [-0.5688, -0.7927, -0.2192,  0.0067],
         [ 0.2313, -0.4099,  0.8823,  0.1920],
         [ 0.0000,  0.0000,  0.0000,  1.0000]]], device='cuda:0',
       grad_fn=<CopySlices>)
0:03:04.685127 - TCO pred_z tensor([[[-0.7893,  0.4511,  0.4165, -0.0100],
         [-0.5688, -0.7927, -0.2192,  0.0062],
         [ 0.2313, -0.4099,  0.8823,  0.1917],
         [ 0.0000,  0.0000,  0.0000,  1.0000]]], device='cuda:0',
       grad_fn=<CopySlices>)
0:03:04.685796 - loss orn tensor([6.1148e-05], device='cuda:0', grad_fn=<MinBackward0>)
0:03:04.686419 - loss xy tensor([0.0011], device='cuda:0', grad_fn=<MinBackward0>)
0:03:04.687046 - loss z tensor([7.7690e-05], device='cuda:0', grad_fn=<MinBackward0>)
  0%|                                       | 0/1 [00:00<?, ?it/s, loss=0.00119]100%|███████████████████████████████| 1/1 [00:00<00:00,  4.61it/s, loss=0.00119]100%|███████████████████████████████| 1/1 [00:00<00:00,  4.60it/s, loss=0.00119]
0:03:04.445065 - saving /home/ubuntu/synthetic_pose_estimation/cosypose/local_data/experiments/bracket_assembly_debug_nut_nosym_coarse_noaug--938962 344
  0%|                                                     | 0/1 [00:00<?, ?it/s]0:03:04.860062 - iteration 0
0:03:04.903871 - outputs, {'pose': tensor([[-0.9796, -0.6921,  0.2938,  0.5574, -0.5174, -0.3976,  3.3042, -1.2665,
          0.6505]], device='cuda:0', grad_fn=<AddmmBackward0>)}
0:03:04.905478 - model_outputs {'pose': tensor([[-0.9796, -0.6921,  0.2938,  0.5574, -0.5174, -0.3976,  3.3042, -1.2665,
          0.6505]], device='cuda:0', grad_fn=<AddmmBackward0>)}
0:03:04.906257 - K crop tensor([[[1.7190e+03, 0.0000e+00, 2.5978e+02],
         [0.0000e+00, 1.7190e+03, 1.5068e+01],
         [0.0000e+00, 0.0000e+00, 1.0000e+00]]], device='cuda:0')
0:03:04.907110 - TCO_input tensor([[[ 1.0000,  0.0000,  0.0000, -0.0168],
         [ 0.0000,  1.0000,  0.0000,  0.0175],
         [ 0.0000,  0.0000,  1.0000,  0.2880],
         [ 0.0000,  0.0000,  0.0000,  1.0000]]], device='cuda:0')
0:03:04.908649 - model tco output tensor([[[-0.7933,  0.4400,  0.4209, -0.0106],
         [-0.5604, -0.7978, -0.2224,  0.0112],
         [ 0.2379, -0.4123,  0.8794,  0.1873],
         [ 0.0000,  0.0000,  0.0000,  1.0000]]], device='cuda:0',
       grad_fn=<CopySlices>)
0:03:04.950854 - Wrote debug data: /home/ubuntu/synthetic_pose_estimation/cosypose/local_data/debug_data/debug_iter=1.pth.tar
0:03:05.165469 - TCO_input tensor([[[ 1.0000,  0.0000,  0.0000, -0.0168],
         [ 0.0000,  1.0000,  0.0000,  0.0175],
         [ 0.0000,  0.0000,  1.0000,  0.2880],
         [ 0.0000,  0.0000,  0.0000,  1.0000]]], device='cuda:0')
0:03:05.166464 - vxvyvz tensor([[ 3.3042, -1.2665,  0.6505]], device='cuda:0',
       grad_fn=<SliceBackward0>)
0:03:05.167459 - dR tensor([[[-0.7933,  0.4400,  0.4209],
         [-0.5604, -0.7978, -0.2224],
         [ 0.2379, -0.4123,  0.8794]]], device='cuda:0',
       grad_fn=<StackBackward0>)
0:03:05.168315 - fxfy tensor([[1718.9714, 1718.9717]], device='cuda:0')
0:03:05.170818 - TCO_gt tensor([[[-0.7893,  0.4511,  0.4165, -0.0100],
         [-0.5688, -0.7927, -0.2192,  0.0062],
         [ 0.2313, -0.4099,  0.8823,  0.1920],
         [ 0.0000,  0.0000,  0.0000,  1.0000]]], device='cuda:0')
0:03:05.171721 - TCO pred_orn tensor([[[-0.7933,  0.4400,  0.4209, -0.0100],
         [-0.5604, -0.7978, -0.2224,  0.0062],
         [ 0.2379, -0.4123,  0.8794,  0.1920],
         [ 0.0000,  0.0000,  0.0000,  1.0000]]], device='cuda:0',
       grad_fn=<CopySlices>)
0:03:05.172617 - TCO pred_xy tensor([[[-0.7893,  0.4511,  0.4165, -0.0108],
         [-0.5688, -0.7927, -0.2192,  0.0115],
         [ 0.2313, -0.4099,  0.8823,  0.1920],
         [ 0.0000,  0.0000,  0.0000,  1.0000]]], device='cuda:0',
       grad_fn=<CopySlices>)
0:03:05.173542 - TCO pred_z tensor([[[-0.7893,  0.4511,  0.4165, -0.0100],
         [-0.5688, -0.7927, -0.2192,  0.0062],
         [ 0.2313, -0.4099,  0.8823,  0.1873],
         [ 0.0000,  0.0000,  0.0000,  1.0000]]], device='cuda:0',
       grad_fn=<CopySlices>)
0:03:05.174180 - loss orn tensor([5.7998e-05], device='cuda:0', grad_fn=<MinBackward0>)
0:03:05.174805 - loss xy tensor([0.0021], device='cuda:0', grad_fn=<MinBackward0>)
0:03:05.175472 - loss z tensor([0.0015], device='cuda:0', grad_fn=<MinBackward0>)
  0%|                                       | 0/1 [00:00<?, ?it/s, loss=0.00365]100%|███████████████████████████████| 1/1 [00:00<00:00,  4.45it/s, loss=0.00365]100%|███████████████████████████████| 1/1 [00:00<00:00,  4.44it/s, loss=0.00365]
0:03:04.941326 - saving /home/ubuntu/synthetic_pose_estimation/cosypose/local_data/experiments/bracket_assembly_debug_nut_nosym_coarse_noaug--938962 345
  0%|                                                     | 0/1 [00:00<?, ?it/s]0:03:05.356452 - iteration 0
0:03:05.399966 - outputs, {'pose': tensor([[-0.9715, -0.6943,  0.2803,  0.5554, -0.5212, -0.3939,  3.3029, -1.2639,
          0.6556]], device='cuda:0', grad_fn=<AddmmBackward0>)}
0:03:05.401580 - model_outputs {'pose': tensor([[-0.9715, -0.6943,  0.2803,  0.5554, -0.5212, -0.3939,  3.3029, -1.2639,
          0.6556]], device='cuda:0', grad_fn=<AddmmBackward0>)}
0:03:05.402362 - K crop tensor([[[2.1626e+03, 0.0000e+00, 2.5117e+02],
         [0.0000e+00, 2.1626e+03, 1.1314e+02],
         [0.0000e+00, 0.0000e+00, 1.0000e+00]]], device='cuda:0')
0:03:05.403205 - TCO_input tensor([[[ 1.0000,  0.0000,  0.0000, -0.0149],
         [ 0.0000,  1.0000,  0.0000,  0.0010],
         [ 0.0000,  0.0000,  1.0000,  0.3526],
         [ 0.0000,  0.0000,  0.0000,  1.0000]]], device='cuda:0')
0:03:05.404069 - model tco output tensor([[[-7.9204e-01,  4.4790e-01,  4.1480e-01, -9.4461e-03],
         [-5.6609e-01, -7.9321e-01, -2.2443e-01,  5.4529e-04],
         [ 2.2850e-01, -4.1257e-01,  8.8180e-01,  2.3117e-01],
         [ 0.0000e+00,  0.0000e+00,  0.0000e+00,  1.0000e+00]]],
       device='cuda:0', grad_fn=<CopySlices>)
0:03:05.442379 - Wrote debug data: /home/ubuntu/synthetic_pose_estimation/cosypose/local_data/debug_data/debug_iter=1.pth.tar
0:03:05.654433 - TCO_input tensor([[[ 1.0000,  0.0000,  0.0000, -0.0149],
         [ 0.0000,  1.0000,  0.0000,  0.0010],
         [ 0.0000,  0.0000,  1.0000,  0.3526],
         [ 0.0000,  0.0000,  0.0000,  1.0000]]], device='cuda:0')
0:03:05.655550 - vxvyvz tensor([[ 3.3029, -1.2639,  0.6556]], device='cuda:0',
       grad_fn=<SliceBackward0>)
0:03:05.656590 - dR tensor([[[-0.7920,  0.4479,  0.4148],
         [-0.5661, -0.7932, -0.2244],
         [ 0.2285, -0.4126,  0.8818]]], device='cuda:0',
       grad_fn=<StackBackward0>)
0:03:05.657524 - fxfy tensor([[2162.6025, 2162.6030]], device='cuda:0')
0:03:05.660048 - TCO_gt tensor([[[-0.7893,  0.4511,  0.4165, -0.0100],
         [-0.5688, -0.7927, -0.2192,  0.0062],
         [ 0.2313, -0.4099,  0.8823,  0.1920],
         [ 0.0000,  0.0000,  0.0000,  1.0000]]], device='cuda:0')
0:03:05.660995 - TCO pred_orn tensor([[[-0.7920,  0.4479,  0.4148, -0.0100],
         [-0.5661, -0.7932, -0.2244,  0.0062],
         [ 0.2285, -0.4126,  0.8818,  0.1920],
         [ 0.0000,  0.0000,  0.0000,  1.0000]]], device='cuda:0',
       grad_fn=<CopySlices>)
0:03:05.661915 - TCO pred_xy tensor([[[-7.8929e-01,  4.5115e-01,  4.1651e-01, -7.8442e-03],
         [-5.6879e-01, -7.9274e-01, -2.1920e-01,  4.5281e-04],
         [ 2.3129e-01, -4.0992e-01,  8.8231e-01,  1.9197e-01],
         [ 0.0000e+00,  0.0000e+00,  0.0000e+00,  1.0000e+00]]],
       device='cuda:0', grad_fn=<CopySlices>)
0:03:05.662845 - TCO pred_z tensor([[[-0.7893,  0.4511,  0.4165, -0.0100],
         [-0.5688, -0.7927, -0.2192,  0.0062],
         [ 0.2313, -0.4099,  0.8823,  0.2312],
         [ 0.0000,  0.0000,  0.0000,  1.0000]]], device='cuda:0',
       grad_fn=<CopySlices>)
0:03:05.663495 - loss orn tensor([2.4789e-05], device='cuda:0', grad_fn=<MinBackward0>)
0:03:05.664146 - loss xy tensor([0.0026], device='cuda:0', grad_fn=<MinBackward0>)
0:03:05.664787 - loss z tensor([0.0131], device='cuda:0', grad_fn=<MinBackward0>)
  0%|                                        | 0/1 [00:00<?, ?it/s, loss=0.0157]100%|████████████████████████████████| 1/1 [00:00<00:00,  4.63it/s, loss=0.0157]100%|████████████████████████████████| 1/1 [00:00<00:00,  4.62it/s, loss=0.0157]
0:03:05.422887 - saving /home/ubuntu/synthetic_pose_estimation/cosypose/local_data/experiments/bracket_assembly_debug_nut_nosym_coarse_noaug--938962 346
  0%|                                                     | 0/1 [00:00<?, ?it/s]0:03:05.839444 - iteration 0
0:03:05.883057 - outputs, {'pose': tensor([[-0.9740, -0.6926,  0.2785,  0.5658, -0.5218, -0.3878,  3.3056, -1.2673,
          0.6643]], device='cuda:0', grad_fn=<AddmmBackward0>)}
0:03:05.884676 - model_outputs {'pose': tensor([[-0.9740, -0.6926,  0.2785,  0.5658, -0.5218, -0.3878,  3.3056, -1.2673,
          0.6643]], device='cuda:0', grad_fn=<AddmmBackward0>)}
0:03:05.885475 - K crop tensor([[[1.6259e+03, 0.0000e+00, 2.7061e+02],
         [0.0000e+00, 1.6259e+03, 5.0124e+01],
         [0.0000e+00, 0.0000e+00, 1.0000e+00]]], device='cuda:0')
0:03:05.886909 - TCO_input tensor([[[ 1.0000,  0.0000,  0.0000, -0.0185],
         [ 0.0000,  1.0000,  0.0000,  0.0116],
         [ 0.0000,  0.0000,  1.0000,  0.2708],
         [ 0.0000,  0.0000,  0.0000,  1.0000]]], device='cuda:0')
0:03:05.887875 - model tco output tensor([[[-0.7937,  0.4514,  0.4078, -0.0119],
         [-0.5644, -0.7965, -0.2169,  0.0075],
         [ 0.2269, -0.4023,  0.8869,  0.1799],
         [ 0.0000,  0.0000,  0.0000,  1.0000]]], device='cuda:0',
       grad_fn=<CopySlices>)
0:03:05.927640 - Wrote debug data: /home/ubuntu/synthetic_pose_estimation/cosypose/local_data/debug_data/debug_iter=1.pth.tar
0:03:06.138959 - TCO_input tensor([[[ 1.0000,  0.0000,  0.0000, -0.0185],
         [ 0.0000,  1.0000,  0.0000,  0.0116],
         [ 0.0000,  0.0000,  1.0000,  0.2708],
         [ 0.0000,  0.0000,  0.0000,  1.0000]]], device='cuda:0')
0:03:06.139956 - vxvyvz tensor([[ 3.3056, -1.2673,  0.6643]], device='cuda:0',
       grad_fn=<SliceBackward0>)
0:03:06.140995 - dR tensor([[[-0.7937,  0.4514,  0.4078],
         [-0.5644, -0.7965, -0.2169],
         [ 0.2269, -0.4023,  0.8869]]], device='cuda:0',
       grad_fn=<StackBackward0>)
0:03:06.141903 - fxfy tensor([[1625.8639, 1625.8641]], device='cuda:0')
0:03:06.144433 - TCO_gt tensor([[[-0.7893,  0.4511,  0.4165, -0.0100],
         [-0.5688, -0.7927, -0.2192,  0.0062],
         [ 0.2313, -0.4099,  0.8823,  0.1920],
         [ 0.0000,  0.0000,  0.0000,  1.0000]]], device='cuda:0')
0:03:06.145404 - TCO pred_orn tensor([[[-0.7937,  0.4514,  0.4078, -0.0100],
         [-0.5644, -0.7965, -0.2169,  0.0062],
         [ 0.2269, -0.4023,  0.8869,  0.1920],
         [ 0.0000,  0.0000,  0.0000,  1.0000]]], device='cuda:0',
       grad_fn=<CopySlices>)
0:03:06.146325 - TCO pred_xy tensor([[[-0.7893,  0.4511,  0.4165, -0.0127],
         [-0.5688, -0.7927, -0.2192,  0.0080],
         [ 0.2313, -0.4099,  0.8823,  0.1920],
         [ 0.0000,  0.0000,  0.0000,  1.0000]]], device='cuda:0',
       grad_fn=<CopySlices>)
0:03:06.147243 - TCO pred_z tensor([[[-0.7893,  0.4511,  0.4165, -0.0100],
         [-0.5688, -0.7927, -0.2192,  0.0062],
         [ 0.2313, -0.4099,  0.8823,  0.1799],
         [ 0.0000,  0.0000,  0.0000,  1.0000]]], device='cuda:0',
       grad_fn=<CopySlices>)
0:03:06.147903 - loss orn tensor([4.3725e-05], device='cuda:0', grad_fn=<MinBackward0>)
0:03:06.148537 - loss xy tensor([0.0015], device='cuda:0', grad_fn=<MinBackward0>)
0:03:06.149181 - loss z tensor([0.0040], device='cuda:0', grad_fn=<MinBackward0>)
  0%|                                       | 0/1 [00:00<?, ?it/s, loss=0.00561]100%|███████████████████████████████| 1/1 [00:00<00:00,  4.58it/s, loss=0.00561]100%|███████████████████████████████| 1/1 [00:00<00:00,  4.57it/s, loss=0.00561]
0:03:05.909132 - saving /home/ubuntu/synthetic_pose_estimation/cosypose/local_data/experiments/bracket_assembly_debug_nut_nosym_coarse_noaug--938962 347
  0%|                                                     | 0/1 [00:00<?, ?it/s]0:03:06.328155 - iteration 0
0:03:06.379115 - outputs, {'pose': tensor([[-0.9759, -0.7064,  0.2785,  0.5699, -0.5302, -0.3847,  3.3492, -1.2780,
          0.7009]], device='cuda:0', grad_fn=<AddmmBackward0>)}
0:03:06.380748 - model_outputs {'pose': tensor([[-0.9759, -0.7064,  0.2785,  0.5699, -0.5302, -0.3847,  3.3492, -1.2780,
          0.7009]], device='cuda:0', grad_fn=<AddmmBackward0>)}
0:03:06.381575 - K crop tensor([[[1.6498e+03, 0.0000e+00, 2.8148e+02],
         [0.0000e+00, 1.6498e+03, 2.5405e+01],
         [0.0000e+00, 0.0000e+00, 1.0000e+00]]], device='cuda:0')
0:03:06.382440 - TCO_input tensor([[[ 1.0000,  0.0000,  0.0000, -0.0204],
         [ 0.0000,  1.0000,  0.0000,  0.0158],
         [ 0.0000,  0.0000,  1.0000,  0.2762],
         [ 0.0000,  0.0000,  0.0000,  1.0000]]], device='cuda:0')
0:03:06.383335 - model tco output tensor([[[-0.7892,  0.4611,  0.4056, -0.0139],
         [-0.5713, -0.7935, -0.2096,  0.0109],
         [ 0.2252, -0.3971,  0.8897,  0.1936],
         [ 0.0000,  0.0000,  0.0000,  1.0000]]], device='cuda:0',
       grad_fn=<CopySlices>)
0:03:06.423993 - Wrote debug data: /home/ubuntu/synthetic_pose_estimation/cosypose/local_data/debug_data/debug_iter=1.pth.tar
0:03:06.635195 - TCO_input tensor([[[ 1.0000,  0.0000,  0.0000, -0.0204],
         [ 0.0000,  1.0000,  0.0000,  0.0158],
         [ 0.0000,  0.0000,  1.0000,  0.2762],
         [ 0.0000,  0.0000,  0.0000,  1.0000]]], device='cuda:0')
0:03:06.636232 - vxvyvz tensor([[ 3.3492, -1.2780,  0.7009]], device='cuda:0',
       grad_fn=<SliceBackward0>)
0:03:06.637265 - dR tensor([[[-0.7892,  0.4611,  0.4056],
         [-0.5713, -0.7935, -0.2096],
         [ 0.2252, -0.3971,  0.8897]]], device='cuda:0',
       grad_fn=<StackBackward0>)
0:03:06.638141 - fxfy tensor([[1649.7705, 1649.7705]], device='cuda:0')
0:03:06.640641 - TCO_gt tensor([[[-0.7893,  0.4511,  0.4165, -0.0100],
         [-0.5688, -0.7927, -0.2192,  0.0062],
         [ 0.2313, -0.4099,  0.8823,  0.1920],
         [ 0.0000,  0.0000,  0.0000,  1.0000]]], device='cuda:0')
0:03:06.641593 - TCO pred_orn tensor([[[-0.7892,  0.4611,  0.4056, -0.0100],
         [-0.5713, -0.7935, -0.2096,  0.0062],
         [ 0.2252, -0.3971,  0.8897,  0.1920],
         [ 0.0000,  0.0000,  0.0000,  1.0000]]], device='cuda:0',
       grad_fn=<CopySlices>)
0:03:06.642497 - TCO pred_xy tensor([[[-0.7893,  0.4511,  0.4165, -0.0138],
         [-0.5688, -0.7927, -0.2192,  0.0108],
         [ 0.2313, -0.4099,  0.8823,  0.1920],
         [ 0.0000,  0.0000,  0.0000,  1.0000]]], device='cuda:0',
       grad_fn=<CopySlices>)
0:03:06.643404 - TCO pred_z tensor([[[-0.7893,  0.4511,  0.4165, -0.0100],
         [-0.5688, -0.7927, -0.2192,  0.0062],
         [ 0.2313, -0.4099,  0.8823,  0.1936],
         [ 0.0000,  0.0000,  0.0000,  1.0000]]], device='cuda:0',
       grad_fn=<CopySlices>)
0:03:06.644038 - loss orn tensor([6.5864e-05], device='cuda:0', grad_fn=<MinBackward0>)
0:03:06.644656 - loss xy tensor([0.0028], device='cuda:0', grad_fn=<MinBackward0>)
0:03:06.645306 - loss z tensor([0.0005], device='cuda:0', grad_fn=<MinBackward0>)
  0%|                                       | 0/1 [00:00<?, ?it/s, loss=0.00342]100%|███████████████████████████████| 1/1 [00:00<00:00,  4.38it/s, loss=0.00342]100%|███████████████████████████████| 1/1 [00:00<00:00,  4.37it/s, loss=0.00342]
0:03:06.389659 - saving /home/ubuntu/synthetic_pose_estimation/cosypose/local_data/experiments/bracket_assembly_debug_nut_nosym_coarse_noaug--938962 348
  0%|                                                     | 0/1 [00:00<?, ?it/s]0:03:06.804852 - iteration 0
0:03:06.848969 - outputs, {'pose': tensor([[-0.9642, -0.7099,  0.2722,  0.5614, -0.5313, -0.3807,  3.3460, -1.2846,
          0.6825]], device='cuda:0', grad_fn=<AddmmBackward0>)}
0:03:06.850631 - model_outputs {'pose': tensor([[-0.9642, -0.7099,  0.2722,  0.5614, -0.5313, -0.3807,  3.3460, -1.2846,
          0.6825]], device='cuda:0', grad_fn=<AddmmBackward0>)}
0:03:06.851412 - K crop tensor([[[1.7860e+03, 0.0000e+00, 2.7345e+02],
         [0.0000e+00, 1.7860e+03, 2.8690e+01],
         [0.0000e+00, 0.0000e+00, 1.0000e+00]]], device='cuda:0')
0:03:06.852274 - TCO_input tensor([[[ 1.0000,  0.0000,  0.0000, -0.0190],
         [ 0.0000,  1.0000,  0.0000,  0.0151],
         [ 0.0000,  0.0000,  1.0000,  0.2979],
         [ 0.0000,  0.0000,  0.0000,  1.0000]]], device='cuda:0')
0:03:06.853510 - model tco output tensor([[[-0.7853,  0.4681,  0.4053, -0.0126],
         [-0.5781, -0.7886, -0.2093,  0.0102],
         [ 0.2217, -0.3987,  0.8899,  0.2033],
         [ 0.0000,  0.0000,  0.0000,  1.0000]]], device='cuda:0',
       grad_fn=<CopySlices>)
0:03:06.892886 - Wrote debug data: /home/ubuntu/synthetic_pose_estimation/cosypose/local_data/debug_data/debug_iter=1.pth.tar
0:03:07.104022 - TCO_input tensor([[[ 1.0000,  0.0000,  0.0000, -0.0190],
         [ 0.0000,  1.0000,  0.0000,  0.0151],
         [ 0.0000,  0.0000,  1.0000,  0.2979],
         [ 0.0000,  0.0000,  0.0000,  1.0000]]], device='cuda:0')
0:03:07.105084 - vxvyvz tensor([[ 3.3460, -1.2846,  0.6825]], device='cuda:0',
       grad_fn=<SliceBackward0>)
0:03:07.106110 - dR tensor([[[-0.7853,  0.4681,  0.4053],
         [-0.5781, -0.7886, -0.2093],
         [ 0.2217, -0.3987,  0.8899]]], device='cuda:0',
       grad_fn=<StackBackward0>)
0:03:07.106980 - fxfy tensor([[1786.0284, 1786.0287]], device='cuda:0')
0:03:07.109576 - TCO_gt tensor([[[-0.7893,  0.4511,  0.4165, -0.0100],
         [-0.5688, -0.7927, -0.2192,  0.0062],
         [ 0.2313, -0.4099,  0.8823,  0.1920],
         [ 0.0000,  0.0000,  0.0000,  1.0000]]], device='cuda:0')
0:03:07.110487 - TCO pred_orn tensor([[[-0.7853,  0.4681,  0.4053, -0.0100],
         [-0.5781, -0.7886, -0.2093,  0.0062],
         [ 0.2217, -0.3987,  0.8899,  0.1920],
         [ 0.0000,  0.0000,  0.0000,  1.0000]]], device='cuda:0',
       grad_fn=<CopySlices>)
0:03:07.111388 - TCO pred_xy tensor([[[-0.7893,  0.4511,  0.4165, -0.0119],
         [-0.5688, -0.7927, -0.2192,  0.0096],
         [ 0.2313, -0.4099,  0.8823,  0.1920],
         [ 0.0000,  0.0000,  0.0000,  1.0000]]], device='cuda:0',
       grad_fn=<CopySlices>)
0:03:07.112335 - TCO pred_z tensor([[[-0.7893,  0.4511,  0.4165, -0.0100],
         [-0.5688, -0.7927, -0.2192,  0.0062],
         [ 0.2313, -0.4099,  0.8823,  0.2033],
         [ 0.0000,  0.0000,  0.0000,  1.0000]]], device='cuda:0',
       grad_fn=<CopySlices>)
0:03:07.112982 - loss orn tensor([9.0754e-05], device='cuda:0', grad_fn=<MinBackward0>)
0:03:07.113626 - loss xy tensor([0.0018], device='cuda:0', grad_fn=<MinBackward0>)
0:03:07.114246 - loss z tensor([0.0038], device='cuda:0', grad_fn=<MinBackward0>)
  0%|                                       | 0/1 [00:00<?, ?it/s, loss=0.00564]100%|███████████████████████████████| 1/1 [00:00<00:00,  4.50it/s, loss=0.00564]100%|███████████████████████████████| 1/1 [00:00<00:00,  4.49it/s, loss=0.00564]
0:03:06.880941 - saving /home/ubuntu/synthetic_pose_estimation/cosypose/local_data/experiments/bracket_assembly_debug_nut_nosym_coarse_noaug--938962 349
  0%|                                                     | 0/1 [00:00<?, ?it/s]0:03:07.296216 - iteration 0
0:03:07.339706 - outputs, {'pose': tensor([[-0.9693, -0.7031,  0.2777,  0.5600, -0.5254, -0.3878,  3.3707, -1.2954,
          0.7010]], device='cuda:0', grad_fn=<AddmmBackward0>)}
0:03:07.341339 - model_outputs {'pose': tensor([[-0.9693, -0.7031,  0.2777,  0.5600, -0.5254, -0.3878,  3.3707, -1.2954,
          0.7010]], device='cuda:0', grad_fn=<AddmmBackward0>)}
0:03:07.342149 - K crop tensor([[[1.8862e+03, 0.0000e+00, 2.8055e+02],
         [0.0000e+00, 1.8862e+03, 1.1503e+02],
         [0.0000e+00, 0.0000e+00, 1.0000e+00]]], device='cuda:0')
0:03:07.343014 - TCO_input tensor([[[ 1.0000e+00,  0.0000e+00,  0.0000e+00, -1.9779e-02],
         [ 0.0000e+00,  1.0000e+00,  0.0000e+00,  7.2982e-04],
         [ 0.0000e+00,  0.0000e+00,  1.0000e+00,  3.0820e-01],
         [ 0.0000e+00,  0.0000e+00,  0.0000e+00,  1.0000e+00]]],
       device='cuda:0')
0:03:07.344512 - model tco output tensor([[[-7.8855e-01,  4.5784e-01,  4.1058e-01, -1.3478e-02],
         [-5.7198e-01, -7.9127e-01, -2.1618e-01,  3.6320e-04],
         [ 2.2590e-01, -4.0531e-01,  8.8583e-01,  2.1604e-01],
         [ 0.0000e+00,  0.0000e+00,  0.0000e+00,  1.0000e+00]]],
       device='cuda:0', grad_fn=<CopySlices>)
0:03:07.383124 - Wrote debug data: /home/ubuntu/synthetic_pose_estimation/cosypose/local_data/debug_data/debug_iter=1.pth.tar
0:03:07.595111 - TCO_input tensor([[[ 1.0000e+00,  0.0000e+00,  0.0000e+00, -1.9779e-02],
         [ 0.0000e+00,  1.0000e+00,  0.0000e+00,  7.2982e-04],
         [ 0.0000e+00,  0.0000e+00,  1.0000e+00,  3.0820e-01],
         [ 0.0000e+00,  0.0000e+00,  0.0000e+00,  1.0000e+00]]],
       device='cuda:0')
0:03:07.596165 - vxvyvz tensor([[ 3.3707, -1.2954,  0.7010]], device='cuda:0',
       grad_fn=<SliceBackward0>)
0:03:07.597191 - dR tensor([[[-0.7885,  0.4578,  0.4106],
         [-0.5720, -0.7913, -0.2162],
         [ 0.2259, -0.4053,  0.8858]]], device='cuda:0',
       grad_fn=<StackBackward0>)
0:03:07.598146 - fxfy tensor([[1886.2000, 1886.2001]], device='cuda:0')
0:03:07.600646 - TCO_gt tensor([[[-0.7893,  0.4511,  0.4165, -0.0100],
         [-0.5688, -0.7927, -0.2192,  0.0062],
         [ 0.2313, -0.4099,  0.8823,  0.1920],
         [ 0.0000,  0.0000,  0.0000,  1.0000]]], device='cuda:0')
0:03:07.601616 - TCO pred_orn tensor([[[-0.7885,  0.4578,  0.4106, -0.0100],
         [-0.5720, -0.7913, -0.2162,  0.0062],
         [ 0.2259, -0.4053,  0.8858,  0.1920],
         [ 0.0000,  0.0000,  0.0000,  1.0000]]], device='cuda:0',
       grad_fn=<CopySlices>)
0:03:07.602526 - TCO pred_xy tensor([[[-7.8929e-01,  4.5115e-01,  4.1651e-01, -1.1977e-02],
         [-5.6879e-01, -7.9274e-01, -2.1920e-01,  3.2273e-04],
         [ 2.3129e-01, -4.0992e-01,  8.8231e-01,  1.9197e-01],
         [ 0.0000e+00,  0.0000e+00,  0.0000e+00,  1.0000e+00]]],
       device='cuda:0', grad_fn=<CopySlices>)
0:03:07.603460 - TCO pred_z tensor([[[-0.7893,  0.4511,  0.4165, -0.0100],
         [-0.5688, -0.7927, -0.2192,  0.0062],
         [ 0.2313, -0.4099,  0.8823,  0.2160],
         [ 0.0000,  0.0000,  0.0000,  1.0000]]], device='cuda:0',
       grad_fn=<CopySlices>)
0:03:07.604105 - loss orn tensor([3.6932e-05], device='cuda:0', grad_fn=<MinBackward0>)
0:03:07.604736 - loss xy tensor([0.0026], device='cuda:0', grad_fn=<MinBackward0>)
0:03:07.605413 - loss z tensor([0.0080], device='cuda:0', grad_fn=<MinBackward0>)
  0%|                                        | 0/1 [00:00<?, ?it/s, loss=0.0107]100%|████████████████████████████████| 1/1 [00:00<00:00,  4.61it/s, loss=0.0107]100%|████████████████████████████████| 1/1 [00:00<00:00,  4.60it/s, loss=0.0107]
  0%|                                                     | 0/1 [00:00<?, ?it/s]0:03:07.512786 - iteration 0
0:03:07.549015 - outputs, {'pose': tensor([[-0.2248, -0.0343,  0.0309,  0.2760, -0.0508, -0.1298,  0.8256, -0.3708,
          0.4276]], device='cuda:0')}
0:03:07.550473 - model_outputs {'pose': tensor([[-0.2248, -0.0343,  0.0309,  0.2760, -0.0508, -0.1298,  0.8256, -0.3708,
          0.4276]], device='cuda:0')}
0:03:07.551240 - K crop tensor([[[2.0312e+03, 0.0000e+00, 2.3121e+02],
         [0.0000e+00, 2.0312e+03, 6.8721e+01],
         [0.0000e+00, 0.0000e+00, 1.0000e+00]]], device='cuda:0')
0:03:07.552079 - TCO_input tensor([[[ 1.0000,  0.0000,  0.0000, -0.0118],
         [ 0.0000,  1.0000,  0.0000,  0.0084],
         [ 0.0000,  0.0000,  1.0000,  0.3345],
         [ 0.0000,  0.0000,  0.0000,  1.0000]]], device='cuda:0')
0:03:07.552979 - model tco output tensor([[[-0.9796,  0.0114,  0.2007, -0.0050],
         [-0.1495, -0.7092, -0.6890,  0.0035],
         [ 0.1345, -0.7049,  0.6964,  0.1430],
         [ 0.0000,  0.0000,  0.0000,  1.0000]]], device='cuda:0')
0:03:07.591971 - Wrote debug data: /home/ubuntu/synthetic_pose_estimation/cosypose/local_data/debug_data/debug_iter=1.pth.tar
0:03:07.803894 - TCO_input tensor([[[ 1.0000,  0.0000,  0.0000, -0.0118],
         [ 0.0000,  1.0000,  0.0000,  0.0084],
         [ 0.0000,  0.0000,  1.0000,  0.3345],
         [ 0.0000,  0.0000,  0.0000,  1.0000]]], device='cuda:0')
0:03:07.804862 - vxvyvz tensor([[ 0.8256, -0.3708,  0.4276]], device='cuda:0')
0:03:07.805893 - dR tensor([[[-0.9796,  0.0114,  0.2007],
         [-0.1495, -0.7092, -0.6890],
         [ 0.1345, -0.7049,  0.6964]]], device='cuda:0')
0:03:07.806800 - fxfy tensor([[2031.1606, 2031.1608]], device='cuda:0')
0:03:07.809185 - TCO_gt tensor([[[-0.7893,  0.4511,  0.4165, -0.0100],
         [-0.5688, -0.7927, -0.2192,  0.0062],
         [ 0.2313, -0.4099,  0.8823,  0.1920],
         [ 0.0000,  0.0000,  0.0000,  1.0000]]], device='cuda:0')
0:03:07.810143 - TCO pred_orn tensor([[[-0.9796,  0.0114,  0.2007, -0.0100],
         [-0.1495, -0.7092, -0.6890,  0.0062],
         [ 0.1345, -0.7049,  0.6964,  0.1920],
         [ 0.0000,  0.0000,  0.0000,  1.0000]]], device='cuda:0')
0:03:07.811072 - TCO pred_xy tensor([[[-0.7893,  0.4511,  0.4165, -0.0067],
         [-0.5688, -0.7927, -0.2192,  0.0048],
         [ 0.2313, -0.4099,  0.8823,  0.1920],
         [ 0.0000,  0.0000,  0.0000,  1.0000]]], device='cuda:0')
0:03:07.811969 - TCO pred_z tensor([[[-0.7893,  0.4511,  0.4165, -0.0100],
         [-0.5688, -0.7927, -0.2192,  0.0062],
         [ 0.2313, -0.4099,  0.8823,  0.1430],
         [ 0.0000,  0.0000,  0.0000,  1.0000]]], device='cuda:0')
0:03:07.812634 - loss orn tensor([0.0026], device='cuda:0')
0:03:07.813305 - loss xy tensor([0.0016], device='cuda:0')
0:03:07.813942 - loss z tensor([0.0163], device='cuda:0')
100%|█████████████████████████████████████████████| 1/1 [00:00<00:00,  8.33it/s]100%|█████████████████████████████████████████████| 1/1 [00:00<00:00,  8.29it/s]
0:03:07.487235 - saving /home/ubuntu/synthetic_pose_estimation/cosypose/local_data/experiments/bracket_assembly_debug_nut_nosym_coarse_noaug--938962 350
  0%|                                                     | 0/1 [00:00<?, ?it/s]0:03:07.899066 - iteration 0
0:03:07.942248 - outputs, {'pose': tensor([[-0.9717, -0.6983,  0.2762,  0.5552, -0.5245, -0.3986,  3.4036, -1.3107,
          0.6995]], device='cuda:0', grad_fn=<AddmmBackward0>)}
0:03:07.943854 - model_outputs {'pose': tensor([[-0.9717, -0.6983,  0.2762,  0.5552, -0.5245, -0.3986,  3.4036, -1.3107,
          0.6995]], device='cuda:0', grad_fn=<AddmmBackward0>)}
0:03:07.944643 - K crop tensor([[[1.8649e+03, 0.0000e+00, 2.5845e+02],
         [0.0000e+00, 1.8649e+03, 6.4432e+01],
         [0.0000e+00, 0.0000e+00, 1.0000e+00]]], device='cuda:0')
0:03:07.945531 - TCO_input tensor([[[ 1.0000,  0.0000,  0.0000, -0.0163],
         [ 0.0000,  1.0000,  0.0000,  0.0091],
         [ 0.0000,  0.0000,  1.0000,  0.3081],
         [ 0.0000,  0.0000,  0.0000,  1.0000]]], device='cuda:0')
0:03:07.946439 - model tco output tensor([[[-0.7913,  0.4489,  0.4152, -0.0110],
         [-0.5686, -0.7899, -0.2295,  0.0062],
         [ 0.2249, -0.4177,  0.8803,  0.2155],
         [ 0.0000,  0.0000,  0.0000,  1.0000]]], device='cuda:0',
       grad_fn=<CopySlices>)
0:03:07.984545 - Wrote debug data: /home/ubuntu/synthetic_pose_estimation/cosypose/local_data/debug_data/debug_iter=1.pth.tar
0:03:08.194414 - TCO_input tensor([[[ 1.0000,  0.0000,  0.0000, -0.0163],
         [ 0.0000,  1.0000,  0.0000,  0.0091],
         [ 0.0000,  0.0000,  1.0000,  0.3081],
         [ 0.0000,  0.0000,  0.0000,  1.0000]]], device='cuda:0')
0:03:08.195469 - vxvyvz tensor([[ 3.4036, -1.3107,  0.6995]], device='cuda:0',
       grad_fn=<SliceBackward0>)
0:03:08.196500 - dR tensor([[[-0.7913,  0.4489,  0.4152],
         [-0.5686, -0.7899, -0.2295],
         [ 0.2249, -0.4177,  0.8803]]], device='cuda:0',
       grad_fn=<StackBackward0>)
0:03:08.197431 - fxfy tensor([[1864.8844, 1864.8846]], device='cuda:0')
0:03:08.199936 - TCO_gt tensor([[[-0.7893,  0.4511,  0.4165, -0.0100],
         [-0.5688, -0.7927, -0.2192,  0.0062],
         [ 0.2313, -0.4099,  0.8823,  0.1920],
         [ 0.0000,  0.0000,  0.0000,  1.0000]]], device='cuda:0')
0:03:08.200887 - TCO pred_orn tensor([[[-0.7913,  0.4489,  0.4152, -0.0100],
         [-0.5686, -0.7899, -0.2295,  0.0062],
         [ 0.2249, -0.4177,  0.8803,  0.1920],
         [ 0.0000,  0.0000,  0.0000,  1.0000]]], device='cuda:0',
       grad_fn=<CopySlices>)
0:03:08.201826 - TCO pred_xy tensor([[[-0.7893,  0.4511,  0.4165, -0.0098],
         [-0.5688, -0.7927, -0.2192,  0.0055],
         [ 0.2313, -0.4099,  0.8823,  0.1920],
         [ 0.0000,  0.0000,  0.0000,  1.0000]]], device='cuda:0',
       grad_fn=<CopySlices>)
0:03:08.202744 - TCO pred_z tensor([[[-0.7893,  0.4511,  0.4165, -0.0100],
         [-0.5688, -0.7927, -0.2192,  0.0062],
         [ 0.2313, -0.4099,  0.8823,  0.2155],
         [ 0.0000,  0.0000,  0.0000,  1.0000]]], device='cuda:0',
       grad_fn=<CopySlices>)
0:03:08.203403 - loss orn tensor([4.0594e-05], device='cuda:0', grad_fn=<MinBackward0>)
0:03:08.204052 - loss xy tensor([0.0003], device='cuda:0', grad_fn=<MinBackward0>)
0:03:08.207366 - loss z tensor([0.0079], device='cuda:0', grad_fn=<MinBackward0>)
  0%|                                       | 0/1 [00:00<?, ?it/s, loss=0.00817]100%|███████████████████████████████| 1/1 [00:00<00:00,  4.70it/s, loss=0.00817]100%|███████████████████████████████| 1/1 [00:00<00:00,  4.69it/s, loss=0.00817]
0:03:07.958410 - saving /home/ubuntu/synthetic_pose_estimation/cosypose/local_data/experiments/bracket_assembly_debug_nut_nosym_coarse_noaug--938962 351
  0%|                                                     | 0/1 [00:00<?, ?it/s]0:03:08.373595 - iteration 0
0:03:08.416470 - outputs, {'pose': tensor([[-0.9686, -0.6964,  0.2836,  0.5515, -0.5225, -0.4039,  3.4029, -1.3012,
          0.6971]], device='cuda:0', grad_fn=<AddmmBackward0>)}
0:03:08.418236 - model_outputs {'pose': tensor([[-0.9686, -0.6964,  0.2836,  0.5515, -0.5225, -0.4039,  3.4029, -1.3012,
          0.6971]], device='cuda:0', grad_fn=<AddmmBackward0>)}
0:03:08.419028 - K crop tensor([[[1.6381e+03, 0.0000e+00, 2.5435e+02],
         [0.0000e+00, 1.6381e+03, 6.5231e+00],
         [0.0000e+00, 0.0000e+00, 1.0000e+00]]], device='cuda:0')
0:03:08.419885 - TCO_input tensor([[[ 1.0000,  0.0000,  0.0000, -0.0160],
         [ 0.0000,  1.0000,  0.0000,  0.0190],
         [ 0.0000,  0.0000,  1.0000,  0.2756],
         [ 0.0000,  0.0000,  0.0000,  1.0000]]], device='cuda:0')
0:03:08.420798 - model tco output tensor([[[-0.7899,  0.4442,  0.4228, -0.0107],
         [-0.5679, -0.7899, -0.2312,  0.0131],
         [ 0.2313, -0.4227,  0.8763,  0.1921],
         [ 0.0000,  0.0000,  0.0000,  1.0000]]], device='cuda:0',
       grad_fn=<CopySlices>)
0:03:08.462008 - Wrote debug data: /home/ubuntu/synthetic_pose_estimation/cosypose/local_data/debug_data/debug_iter=1.pth.tar
0:03:08.672183 - TCO_input tensor([[[ 1.0000,  0.0000,  0.0000, -0.0160],
         [ 0.0000,  1.0000,  0.0000,  0.0190],
         [ 0.0000,  0.0000,  1.0000,  0.2756],
         [ 0.0000,  0.0000,  0.0000,  1.0000]]], device='cuda:0')
0:03:08.673162 - vxvyvz tensor([[ 3.4029, -1.3012,  0.6971]], device='cuda:0',
       grad_fn=<SliceBackward0>)
0:03:08.674196 - dR tensor([[[-0.7899,  0.4442,  0.4228],
         [-0.5679, -0.7899, -0.2312],
         [ 0.2313, -0.4227,  0.8763]]], device='cuda:0',
       grad_fn=<StackBackward0>)
0:03:08.675059 - fxfy tensor([[1638.0625, 1638.0627]], device='cuda:0')
0:03:08.677608 - TCO_gt tensor([[[-0.7893,  0.4511,  0.4165, -0.0100],
         [-0.5688, -0.7927, -0.2192,  0.0062],
         [ 0.2313, -0.4099,  0.8823,  0.1920],
         [ 0.0000,  0.0000,  0.0000,  1.0000]]], device='cuda:0')
0:03:08.678533 - TCO pred_orn tensor([[[-0.7899,  0.4442,  0.4228, -0.0100],
         [-0.5679, -0.7899, -0.2312,  0.0062],
         [ 0.2313, -0.4227,  0.8763,  0.1920],
         [ 0.0000,  0.0000,  0.0000,  1.0000]]], device='cuda:0',
       grad_fn=<CopySlices>)
0:03:08.679448 - TCO pred_xy tensor([[[-0.7893,  0.4511,  0.4165, -0.0107],
         [-0.5688, -0.7927, -0.2192,  0.0131],
         [ 0.2313, -0.4099,  0.8823,  0.1920],
         [ 0.0000,  0.0000,  0.0000,  1.0000]]], device='cuda:0',
       grad_fn=<CopySlices>)
0:03:08.680367 - TCO pred_z tensor([[[-0.7893,  0.4511,  0.4165, -0.0100],
         [-0.5688, -0.7927, -0.2192,  0.0062],
         [ 0.2313, -0.4099,  0.8823,  0.1921],
         [ 0.0000,  0.0000,  0.0000,  1.0000]]], device='cuda:0',
       grad_fn=<CopySlices>)
0:03:08.681055 - loss orn tensor([5.9438e-05], device='cuda:0', grad_fn=<MinBackward0>)
0:03:08.681704 - loss xy tensor([0.0025], device='cuda:0', grad_fn=<MinBackward0>)
0:03:08.682341 - loss z tensor([5.6078e-05], device='cuda:0', grad_fn=<MinBackward0>)
  0%|                                       | 0/1 [00:00<?, ?it/s, loss=0.00266]100%|███████████████████████████████| 1/1 [00:00<00:00,  4.60it/s, loss=0.00266]100%|███████████████████████████████| 1/1 [00:00<00:00,  4.59it/s, loss=0.00266]
train loss_TCO 0.013680452480912209
train loss_total 0.013680452480912209
train grad_norm 0.796703040599823
train loss_TCO-iter=1 0.004261778201907873
train loss_TCO 0.004261778201907873
train loss_total 0.004261778201907873
train grad_norm 0.9676499962806702
train loss_TCO-iter=1 0.003821361344307661
train loss_TCO 0.003821361344307661
train loss_total 0.003821361344307661
train grad_norm 0.9644159078598022
train loss_TCO-iter=1 0.003033304587006569
train loss_TCO 0.003033304587006569
train loss_total 0.003033304587006569
train grad_norm 1.0123242139816284
train loss_TCO-iter=1 0.004252576734870672
train loss_TCO 0.004252576734870672
train loss_total 0.004252576734870672
train grad_norm 1.0157089233398438
train loss_TCO-iter=1 0.0015818445244804025
train loss_TCO 0.0015818445244804025
train loss_total 0.0015818445244804025
train grad_norm 0.9669314026832581
train loss_TCO-iter=1 0.0032923074904829264
train loss_TCO 0.0032923074904829264
train loss_total 0.0032923074904829264
train grad_norm 0.9096911549568176
train loss_TCO-iter=1 0.007866356521844864
train loss_TCO 0.007866356521844864
train loss_total 0.007866356521844864
train grad_norm 0.8615667223930359
train loss_TCO-iter=1 0.013506783172488213
train loss_TCO 0.013506783172488213
train loss_total 0.013506783172488213
train grad_norm 1.1166936159133911
val loss_TCO-iter=1 0.051572345197200775
val loss_TCO 0.051572345197200775
val loss_total 0.051572345197200775
train loss_TCO-iter=1 0.00509144552052021
train loss_TCO 0.00509144552052021
train loss_total 0.00509144552052021
train grad_norm 0.9306598901748657
train loss_TCO-iter=1 0.003236751537770033
train loss_TCO 0.003236751537770033
train loss_total 0.003236751537770033
train grad_norm 0.9352878332138062
train loss_TCO-iter=1 0.0023265648633241653
train loss_TCO 0.0023265648633241653
train loss_total 0.0023265648633241653
train grad_norm 0.9264684319496155
train loss_TCO-iter=1 0.0022718519903719425
train loss_TCO 0.0022718519903719425
train loss_total 0.0022718519903719425
train grad_norm 0.9483779668807983
train loss_TCO-iter=1 0.0011861782986670732
train loss_TCO 0.0011861782986670732
train loss_total 0.0011861782986670732
train grad_norm 0.9436678886413574
train loss_TCO-iter=1 0.003018561052158475
train loss_TCO 0.003018561052158475
train loss_total 0.003018561052158475
train grad_norm 0.953065037727356
train loss_TCO-iter=1 0.006075229495763779
train loss_TCO 0.006075229495763779
train loss_total 0.006075229495763779
train grad_norm 1.052503228187561
train loss_TCO-iter=1 0.008736318908631802
train loss_TCO 0.008736318908631802
train loss_total 0.008736318908631802
train grad_norm 0.888772189617157
train loss_TCO-iter=1 0.012861892580986023
train loss_TCO 0.012861892580986023
train loss_total 0.012861892580986023
train grad_norm 0.8674910664558411
train loss_TCO-iter=1 0.008692477829754353
train loss_TCO 0.008692477829754353
train loss_total 0.008692477829754353
train grad_norm 0.9308886528015137
val loss_TCO-iter=1 0.04654586687684059
val loss_TCO 0.04654586687684059
val loss_total 0.04654586687684059
train loss_TCO-iter=1 0.012396949343383312
train loss_TCO 0.012396949343383312
train loss_total 0.012396949343383312
train grad_norm 0.8851593136787415
train loss_TCO-iter=1 0.009418318048119545
train loss_TCO 0.009418318048119545
train loss_total 0.009418318048119545
train grad_norm 0.9142821431159973
train loss_TCO-iter=1 0.010472970083355904
train loss_TCO 0.010472970083355904
train loss_total 0.010472970083355904
train grad_norm 0.8812575936317444
train loss_TCO-iter=1 0.01193813607096672
train loss_TCO 0.01193813607096672
train loss_total 0.01193813607096672
train grad_norm 0.8336100578308105
train loss_TCO-iter=1 0.003818834898993373
train loss_TCO 0.003818834898993373
train loss_total 0.003818834898993373
train grad_norm 1.0070700645446777
train loss_TCO-iter=1 0.020037587732076645
train loss_TCO 0.020037587732076645
train loss_total 0.020037587732076645
train grad_norm 0.7684817910194397
train loss_TCO-iter=1 0.009936608374118805
train loss_TCO 0.009936608374118805
train loss_total 0.009936608374118805
train grad_norm 0.8936902284622192
train loss_TCO-iter=1 0.003026004880666733
train loss_TCO 0.003026004880666733
train loss_total 0.003026004880666733
train grad_norm 1.0479114055633545
train loss_TCO-iter=1 0.002170884981751442
train loss_TCO 0.002170884981751442
train loss_total 0.002170884981751442
train grad_norm 0.9562807679176331
train loss_TCO-iter=1 0.002279168926179409
train loss_TCO 0.002279168926179409
train loss_total 0.002279168926179409
train grad_norm 0.9148267507553101
val loss_TCO-iter=1 0.038253139704465866
val loss_TCO 0.038253139704465866
val loss_total 0.038253139704465866
train loss_TCO-iter=1 0.007010793779045343
train loss_TCO 0.007010793779045343
train loss_total 0.007010793779045343
train grad_norm 0.8279623985290527
train loss_TCO-iter=1 0.011450380086898804
train loss_TCO 0.011450380086898804
train loss_total 0.011450380086898804
train grad_norm 1.1026726961135864
train loss_TCO-iter=1 0.004823905881494284
train loss_TCO 0.004823905881494284
train loss_total 0.004823905881494284
train grad_norm 1.0128804445266724
train loss_TCO-iter=1 0.0023121903650462627
train loss_TCO 0.0023121903650462627
train loss_total 0.0023121903650462627
train grad_norm 0.9475035667419434
train loss_TCO-iter=1 0.0033610714599490166
train loss_TCO 0.0033610714599490166
train loss_total 0.0033610714599490166
train grad_norm 0.9857770800590515
train loss_TCO-iter=1 0.004320291802287102
train loss_TCO 0.004320291802287102
train loss_total 0.004320291802287102
train grad_norm 1.0161606073379517
train loss_TCO-iter=1 0.00450705224648118
train loss_TCO 0.00450705224648118
train loss_total 0.00450705224648118
train grad_norm 0.9591912031173706
train loss_TCO-iter=1 0.012523961253464222
train loss_TCO 0.012523961253464222
train loss_total 0.012523961253464222
train grad_norm 0.8436404466629028
train loss_TCO-iter=1 0.0044641317799687386
train loss_TCO 0.0044641317799687386
train loss_total 0.0044641317799687386
train grad_norm 1.009690761566162
train loss_TCO-iter=1 0.005126645788550377
train loss_TCO 0.005126645788550377
train loss_total 0.005126645788550377
train grad_norm 0.9482009410858154
val loss_TCO-iter=1 0.03969943895936012
val loss_TCO 0.03969943895936012
val loss_total 0.03969943895936012
train loss_TCO-iter=1 0.003245946951210499
train loss_TCO 0.003245946951210499
train loss_total 0.003245946951210499
train grad_norm 1.015095829963684
train loss_TCO-iter=1 0.011573419906198978
train loss_TCO 0.011573419906198978
train loss_total 0.011573419906198978
train grad_norm 0.8320921659469604
train loss_TCO-iter=1 0.011971715837717056
train loss_TCO 0.011971715837717056
train loss_total 0.011971715837717056
train grad_norm 0.7815403342247009
train loss_TCO-iter=1 0.001194857293739915
train loss_TCO 0.001194857293739915
train loss_total 0.001194857293739915
train grad_norm 0.9784892201423645
train loss_TCO-iter=1 0.0036536429543048143
train loss_TCO 0.0036536429543048143
train loss_total 0.0036536429543048143
train grad_norm 0.898799479007721
train loss_TCO-iter=1 0.015721328556537628
train loss_TCO 0.015721328556537628
train loss_total 0.015721328556537628
train grad_norm 1.0938817262649536
train loss_TCO-iter=1 0.005606320686638355
train loss_TCO 0.005606320686638355
train loss_total 0.005606320686638355
train grad_norm 0.8370924592018127
train loss_TCO-iter=1 0.0034204181283712387
train loss_TCO 0.0034204181283712387
train loss_total 0.0034204181283712387
train grad_norm 0.8450844287872314
train loss_TCO-iter=1 0.005639024544507265
train loss_TCO 0.005639024544507265
train loss_total 0.005639024544507265
train grad_norm 0.9296873211860657
train loss_TCO-iter=1 0.010669488459825516
train loss_TCO 0.010669488459825516
train loss_total 0.010669488459825516
train grad_norm 0.9653158783912659
val loss_TCO-iter=1 0.02049258165061474
val loss_TCO 0.02049258165061474
val loss_total 0.02049258165061474
train loss_TCO-iter=1 0.008169660344719887
train loss_TCO 0.008169660344719887
train loss_total 0.008169660344719887
train grad_norm 0.9544971585273743
train loss_TCO-iter=1 0.0026561657432466745
train loss_TCO 0.0026561657432466745
0:03:08.446621 - saving /home/ubuntu/synthetic_pose_estimation/cosypose/local_data/experiments/bracket_assembly_debug_nut_nosym_coarse_noaug--938962 352
  0%|                                                     | 0/1 [00:00<?, ?it/s]0:03:08.861792 - iteration 0
0:03:08.908446 - outputs, {'pose': tensor([[-0.9704, -0.6939,  0.2942,  0.5472, -0.5144, -0.3912,  3.4058, -1.3032,
          0.6709]], device='cuda:0', grad_fn=<AddmmBackward0>)}
0:03:08.911133 - model_outputs {'pose': tensor([[-0.9704, -0.6939,  0.2942,  0.5472, -0.5144, -0.3912,  3.4058, -1.3032,
          0.6709]], device='cuda:0', grad_fn=<AddmmBackward0>)}
0:03:08.912120 - K crop tensor([[[1.8081e+03, 0.0000e+00, 2.2433e+02],
         [0.0000e+00, 1.8081e+03, 5.1553e+01],
         [0.0000e+00, 0.0000e+00, 1.0000e+00]]], device='cuda:0')
0:03:08.913212 - TCO_input tensor([[[ 1.0000,  0.0000,  0.0000, -0.0108],
         [ 0.0000,  1.0000,  0.0000,  0.0113],
         [ 0.0000,  0.0000,  1.0000,  0.2999],
         [ 0.0000,  0.0000,  0.0000,  1.0000]]], device='cuda:0')
0:03:08.914383 - model tco output tensor([[[-0.7898,  0.4442,  0.4230, -0.0068],
         [-0.5647, -0.7958, -0.2187,  0.0074],
         [ 0.2394, -0.4116,  0.8793,  0.2012],
         [ 0.0000,  0.0000,  0.0000,  1.0000]]], device='cuda:0',
       grad_fn=<CopySlices>)
0:03:08.955274 - Wrote debug data: /home/ubuntu/synthetic_pose_estimation/cosypose/local_data/debug_data/debug_iter=1.pth.tar
0:03:09.165535 - TCO_input tensor([[[ 1.0000,  0.0000,  0.0000, -0.0108],
         [ 0.0000,  1.0000,  0.0000,  0.0113],
         [ 0.0000,  0.0000,  1.0000,  0.2999],
         [ 0.0000,  0.0000,  0.0000,  1.0000]]], device='cuda:0')
0:03:09.166530 - vxvyvz tensor([[ 3.4058, -1.3032,  0.6709]], device='cuda:0',
       grad_fn=<SliceBackward0>)
0:03:09.167502 - dR tensor([[[-0.7898,  0.4442,  0.4230],
         [-0.5647, -0.7958, -0.2187],
         [ 0.2394, -0.4116,  0.8793]]], device='cuda:0',
       grad_fn=<StackBackward0>)
0:03:09.168389 - fxfy tensor([[1808.0516, 1808.0518]], device='cuda:0')
0:03:09.170880 - TCO_gt tensor([[[-0.7893,  0.4511,  0.4165, -0.0100],
         [-0.5688, -0.7927, -0.2192,  0.0062],
         [ 0.2313, -0.4099,  0.8823,  0.1920],
         [ 0.0000,  0.0000,  0.0000,  1.0000]]], device='cuda:0')
0:03:09.171789 - TCO pred_orn tensor([[[-0.7898,  0.4442,  0.4230, -0.0100],
         [-0.5647, -0.7958, -0.2187,  0.0062],
         [ 0.2394, -0.4116,  0.8793,  0.1920],
         [ 0.0000,  0.0000,  0.0000,  1.0000]]], device='cuda:0',
       grad_fn=<CopySlices>)
0:03:09.172690 - TCO pred_xy tensor([[[-0.7893,  0.4511,  0.4165, -0.0065],
         [-0.5688, -0.7927, -0.2192,  0.0071],
         [ 0.2313, -0.4099,  0.8823,  0.1920],
         [ 0.0000,  0.0000,  0.0000,  1.0000]]], device='cuda:0',
       grad_fn=<CopySlices>)
0:03:09.173632 - TCO pred_z tensor([[[-0.7893,  0.4511,  0.4165, -0.0100],
         [-0.5688, -0.7927, -0.2192,  0.0062],
         [ 0.2313, -0.4099,  0.8823,  0.2012],
         [ 0.0000,  0.0000,  0.0000,  1.0000]]], device='cuda:0',
       grad_fn=<CopySlices>)
0:03:09.174270 - loss orn tensor([4.2530e-05], device='cuda:0', grad_fn=<MinBackward0>)
0:03:09.174886 - loss xy tensor([0.0015], device='cuda:0', grad_fn=<MinBackward0>)
0:03:09.175497 - loss z tensor([0.0031], device='cuda:0', grad_fn=<MinBackward0>)
  0%|                                       | 0/1 [00:00<?, ?it/s, loss=0.00457]100%|███████████████████████████████| 1/1 [00:00<00:00,  4.52it/s, loss=0.00457]100%|███████████████████████████████| 1/1 [00:00<00:00,  4.51it/s, loss=0.00457]
0:03:08.936864 - saving /home/ubuntu/synthetic_pose_estimation/cosypose/local_data/experiments/bracket_assembly_debug_nut_nosym_coarse_noaug--938962 353
  0%|                                                     | 0/1 [00:00<?, ?it/s]0:03:09.352094 - iteration 0
0:03:09.395716 - outputs, {'pose': tensor([[-0.9620, -0.6974,  0.2973,  0.5574, -0.5249, -0.3923,  3.4180, -1.3140,
          0.6677]], device='cuda:0', grad_fn=<AddmmBackward0>)}
0:03:09.397310 - model_outputs {'pose': tensor([[-0.9620, -0.6974,  0.2973,  0.5574, -0.5249, -0.3923,  3.4180, -1.3140,
          0.6677]], device='cuda:0', grad_fn=<AddmmBackward0>)}
0:03:09.398102 - K crop tensor([[[1.7328e+03, 0.0000e+00, 2.2657e+02],
         [0.0000e+00, 1.7328e+03, 2.7847e+01],
         [0.0000e+00, 0.0000e+00, 1.0000e+00]]], device='cuda:0')
0:03:09.398936 - TCO_input tensor([[[ 1.0000,  0.0000,  0.0000, -0.0112],
         [ 0.0000,  1.0000,  0.0000,  0.0153],
         [ 0.0000,  0.0000,  1.0000,  0.2894],
         [ 0.0000,  0.0000,  0.0000,  1.0000]]], device='cuda:0')
0:03:09.399813 - model tco output tensor([[[-0.7854,  0.4512,  0.4237, -0.0071],
         [-0.5694, -0.7951, -0.2088,  0.0101],
         [ 0.2427, -0.4052,  0.8814,  0.1932],
         [ 0.0000,  0.0000,  0.0000,  1.0000]]], device='cuda:0',
       grad_fn=<CopySlices>)
0:03:09.439858 - Wrote debug data: /home/ubuntu/synthetic_pose_estimation/cosypose/local_data/debug_data/debug_iter=1.pth.tar
0:03:09.651886 - TCO_input tensor([[[ 1.0000,  0.0000,  0.0000, -0.0112],
         [ 0.0000,  1.0000,  0.0000,  0.0153],
         [ 0.0000,  0.0000,  1.0000,  0.2894],
         [ 0.0000,  0.0000,  0.0000,  1.0000]]], device='cuda:0')
0:03:09.652959 - vxvyvz tensor([[ 3.4180, -1.3140,  0.6677]], device='cuda:0',
       grad_fn=<SliceBackward0>)
0:03:09.653988 - dR tensor([[[-0.7854,  0.4512,  0.4237],
         [-0.5694, -0.7951, -0.2088],
         [ 0.2427, -0.4052,  0.8814]]], device='cuda:0',
       grad_fn=<StackBackward0>)
0:03:09.654866 - fxfy tensor([[1732.7635, 1732.7633]], device='cuda:0')
0:03:09.657397 - TCO_gt tensor([[[-0.7893,  0.4511,  0.4165, -0.0100],
         [-0.5688, -0.7927, -0.2192,  0.0062],
         [ 0.2313, -0.4099,  0.8823,  0.1920],
         [ 0.0000,  0.0000,  0.0000,  1.0000]]], device='cuda:0')
0:03:09.658288 - TCO pred_orn tensor([[[-0.7854,  0.4512,  0.4237, -0.0100],
         [-0.5694, -0.7951, -0.2088,  0.0062],
         [ 0.2427, -0.4052,  0.8814,  0.1920],
         [ 0.0000,  0.0000,  0.0000,  1.0000]]], device='cuda:0',
       grad_fn=<CopySlices>)
0:03:09.659182 - TCO pred_xy tensor([[[-0.7893,  0.4511,  0.4165, -0.0071],
         [-0.5688, -0.7927, -0.2192,  0.0100],
         [ 0.2313, -0.4099,  0.8823,  0.1920],
         [ 0.0000,  0.0000,  0.0000,  1.0000]]], device='cuda:0',
       grad_fn=<CopySlices>)
0:03:09.660080 - TCO pred_z tensor([[[-0.7893,  0.4511,  0.4165, -0.0100],
         [-0.5688, -0.7927, -0.2192,  0.0062],
         [ 0.2313, -0.4099,  0.8823,  0.1932],
         [ 0.0000,  0.0000,  0.0000,  1.0000]]], device='cuda:0',
       grad_fn=<CopySlices>)
0:03:09.660736 - loss orn tensor([5.1082e-05], device='cuda:0', grad_fn=<MinBackward0>)
0:03:09.661376 - loss xy tensor([0.0023], device='cuda:0', grad_fn=<MinBackward0>)
0:03:09.661987 - loss z tensor([0.0004], device='cuda:0', grad_fn=<MinBackward0>)
  0%|                                       | 0/1 [00:00<?, ?it/s, loss=0.00273]100%|███████████████████████████████| 1/1 [00:00<00:00,  4.61it/s, loss=0.00273]100%|███████████████████████████████| 1/1 [00:00<00:00,  4.60it/s, loss=0.00273]
0:03:09.416328 - saving /home/ubuntu/synthetic_pose_estimation/cosypose/local_data/experiments/bracket_assembly_debug_nut_nosym_coarse_noaug--938962 354
  0%|                                                     | 0/1 [00:00<?, ?it/s]0:03:09.831464 - iteration 0
0:03:09.875015 - outputs, {'pose': tensor([[-0.9641, -0.7036,  0.2966,  0.5605, -0.5300, -0.3991,  3.4410, -1.3339,
          0.6663]], device='cuda:0', grad_fn=<AddmmBackward0>)}
0:03:09.876690 - model_outputs {'pose': tensor([[-0.9641, -0.7036,  0.2966,  0.5605, -0.5300, -0.3991,  3.4410, -1.3339,
          0.6663]], device='cuda:0', grad_fn=<AddmmBackward0>)}
0:03:09.877555 - K crop tensor([[[2.0375e+03, 0.0000e+00, 2.3641e+02],
         [0.0000e+00, 2.0375e+03, 9.5295e+01],
         [0.0000e+00, 0.0000e+00, 1.0000e+00]]], device='cuda:0')
0:03:09.878466 - TCO_input tensor([[[ 1.0000,  0.0000,  0.0000, -0.0126],
         [ 0.0000,  1.0000,  0.0000,  0.0040],
         [ 0.0000,  0.0000,  1.0000,  0.3337],
         [ 0.0000,  0.0000,  0.0000,  1.0000]]], device='cuda:0')
0:03:09.880075 - model tco output tensor([[[-0.7839,  0.4520,  0.4256, -0.0080],
         [-0.5721, -0.7922, -0.2123,  0.0025],
         [ 0.2412, -0.4099,  0.8796,  0.2224],
         [ 0.0000,  0.0000,  0.0000,  1.0000]]], device='cuda:0',
       grad_fn=<CopySlices>)
0:03:09.917956 - Wrote debug data: /home/ubuntu/synthetic_pose_estimation/cosypose/local_data/debug_data/debug_iter=1.pth.tar
0:03:10.129363 - TCO_input tensor([[[ 1.0000,  0.0000,  0.0000, -0.0126],
         [ 0.0000,  1.0000,  0.0000,  0.0040],
         [ 0.0000,  0.0000,  1.0000,  0.3337],
         [ 0.0000,  0.0000,  0.0000,  1.0000]]], device='cuda:0')
0:03:10.130440 - vxvyvz tensor([[ 3.4410, -1.3339,  0.6663]], device='cuda:0',
       grad_fn=<SliceBackward0>)
0:03:10.131493 - dR tensor([[[-0.7839,  0.4520,  0.4256],
         [-0.5721, -0.7922, -0.2123],
         [ 0.2412, -0.4099,  0.8796]]], device='cuda:0',
       grad_fn=<StackBackward0>)
0:03:10.132433 - fxfy tensor([[2037.4685, 2037.4685]], device='cuda:0')
0:03:10.134994 - TCO_gt tensor([[[-0.7893,  0.4511,  0.4165, -0.0100],
         [-0.5688, -0.7927, -0.2192,  0.0062],
         [ 0.2313, -0.4099,  0.8823,  0.1920],
         [ 0.0000,  0.0000,  0.0000,  1.0000]]], device='cuda:0')
0:03:10.135959 - TCO pred_orn tensor([[[-0.7839,  0.4520,  0.4256, -0.0100],
         [-0.5721, -0.7922, -0.2123,  0.0062],
         [ 0.2412, -0.4099,  0.8796,  0.1920],
         [ 0.0000,  0.0000,  0.0000,  1.0000]]], device='cuda:0',
       grad_fn=<CopySlices>)
0:03:10.136925 - TCO pred_xy tensor([[[-0.7893,  0.4511,  0.4165, -0.0069],
         [-0.5688, -0.7927, -0.2192,  0.0022],
         [ 0.2313, -0.4099,  0.8823,  0.1920],
         [ 0.0000,  0.0000,  0.0000,  1.0000]]], device='cuda:0',
       grad_fn=<CopySlices>)
0:03:10.137878 - TCO pred_z tensor([[[-0.7893,  0.4511,  0.4165, -0.0100],
         [-0.5688, -0.7927, -0.2192,  0.0062],
         [ 0.2313, -0.4099,  0.8823,  0.2224],
         [ 0.0000,  0.0000,  0.0000,  1.0000]]], device='cuda:0',
       grad_fn=<CopySlices>)
0:03:10.138552 - loss orn tensor([4.5647e-05], device='cuda:0', grad_fn=<MinBackward0>)
0:03:10.139227 - loss xy tensor([0.0024], device='cuda:0', grad_fn=<MinBackward0>)
0:03:10.139916 - loss z tensor([0.0101], device='cuda:0', grad_fn=<MinBackward0>)
  0%|                                        | 0/1 [00:00<?, ?it/s, loss=0.0126]100%|████████████████████████████████| 1/1 [00:00<00:00,  4.64it/s, loss=0.0126]100%|████████████████████████████████| 1/1 [00:00<00:00,  4.63it/s, loss=0.0126]
0:03:09.888033 - saving /home/ubuntu/synthetic_pose_estimation/cosypose/local_data/experiments/bracket_assembly_debug_nut_nosym_coarse_noaug--938962 355
  0%|                                                     | 0/1 [00:00<?, ?it/s]0:03:10.303323 - iteration 0
0:03:10.346721 - outputs, {'pose': tensor([[-0.9720, -0.7088,  0.2947,  0.5706, -0.5342, -0.3983,  3.4682, -1.3481,
          0.6606]], device='cuda:0', grad_fn=<AddmmBackward0>)}
0:03:10.348333 - model_outputs {'pose': tensor([[-0.9720, -0.7088,  0.2947,  0.5706, -0.5342, -0.3983,  3.4682, -1.3481,
          0.6606]], device='cuda:0', grad_fn=<AddmmBackward0>)}
0:03:10.349160 - K crop tensor([[[1.6603e+03, 0.0000e+00, 2.7822e+02],
         [0.0000e+00, 1.6603e+03, 4.6425e+01],
         [0.0000e+00, 0.0000e+00, 1.0000e+00]]], device='cuda:0')
0:03:10.350070 - TCO_input tensor([[[ 1.0000,  0.0000,  0.0000, -0.0198],
         [ 0.0000,  1.0000,  0.0000,  0.0122],
         [ 0.0000,  0.0000,  1.0000,  0.2765],
         [ 0.0000,  0.0000,  0.0000,  1.0000]]], device='cuda:0')
0:03:10.351795 - model tco output tensor([[[-0.7848,  0.4554,  0.4203, -0.0127],
         [-0.5722, -0.7929, -0.2093,  0.0079],
         [ 0.2379, -0.4048,  0.8829,  0.1827],
         [ 0.0000,  0.0000,  0.0000,  1.0000]]], device='cuda:0',
       grad_fn=<CopySlices>)
0:03:10.391340 - Wrote debug data: /home/ubuntu/synthetic_pose_estimation/cosypose/local_data/debug_data/debug_iter=1.pth.tar
0:03:10.602335 - TCO_input tensor([[[ 1.0000,  0.0000,  0.0000, -0.0198],
         [ 0.0000,  1.0000,  0.0000,  0.0122],
         [ 0.0000,  0.0000,  1.0000,  0.2765],
         [ 0.0000,  0.0000,  0.0000,  1.0000]]], device='cuda:0')
0:03:10.603440 - vxvyvz tensor([[ 3.4682, -1.3481,  0.6606]], device='cuda:0',
       grad_fn=<SliceBackward0>)
0:03:10.604472 - dR tensor([[[-0.7848,  0.4554,  0.4203],
         [-0.5722, -0.7929, -0.2093],
         [ 0.2379, -0.4048,  0.8829]]], device='cuda:0',
       grad_fn=<StackBackward0>)
0:03:10.605406 - fxfy tensor([[1660.3385, 1660.3385]], device='cuda:0')
0:03:10.607903 - TCO_gt tensor([[[-0.7893,  0.4511,  0.4165, -0.0100],
         [-0.5688, -0.7927, -0.2192,  0.0062],
         [ 0.2313, -0.4099,  0.8823,  0.1920],
         [ 0.0000,  0.0000,  0.0000,  1.0000]]], device='cuda:0')
0:03:10.608840 - TCO pred_orn tensor([[[-0.7848,  0.4554,  0.4203, -0.0100],
         [-0.5722, -0.7929, -0.2093,  0.0062],
         [ 0.2379, -0.4048,  0.8829,  0.1920],
         [ 0.0000,  0.0000,  0.0000,  1.0000]]], device='cuda:0',
       grad_fn=<CopySlices>)
0:03:10.609780 - TCO pred_xy tensor([[[-0.7893,  0.4511,  0.4165, -0.0133],
         [-0.5688, -0.7927, -0.2192,  0.0083],
         [ 0.2313, -0.4099,  0.8823,  0.1920],
         [ 0.0000,  0.0000,  0.0000,  1.0000]]], device='cuda:0',
       grad_fn=<CopySlices>)
0:03:10.610705 - TCO pred_z tensor([[[-0.7893,  0.4511,  0.4165, -0.0100],
         [-0.5688, -0.7927, -0.2192,  0.0062],
         [ 0.2313, -0.4099,  0.8823,  0.1827],
         [ 0.0000,  0.0000,  0.0000,  1.0000]]], device='cuda:0',
       grad_fn=<CopySlices>)
0:03:10.611340 - loss orn tensor([4.4232e-05], device='cuda:0', grad_fn=<MinBackward0>)
0:03:10.611962 - loss xy tensor([0.0018], device='cuda:0', grad_fn=<MinBackward0>)
0:03:10.612581 - loss z tensor([0.0031], device='cuda:0', grad_fn=<MinBackward0>)
  0%|                                       | 0/1 [00:00<?, ?it/s, loss=0.00495]100%|███████████████████████████████| 1/1 [00:00<00:00,  4.55it/s, loss=0.00495]100%|███████████████████████████████| 1/1 [00:00<00:00,  4.54it/s, loss=0.00495]
0:03:10.374049 - saving /home/ubuntu/synthetic_pose_estimation/cosypose/local_data/experiments/bracket_assembly_debug_nut_nosym_coarse_noaug--938962 356
  0%|                                                     | 0/1 [00:00<?, ?it/s]0:03:10.789243 - iteration 0
0:03:10.833123 - outputs, {'pose': tensor([[-0.9657, -0.6938,  0.2804,  0.5531, -0.5177, -0.3891,  3.4227, -1.3396,
          0.6197]], device='cuda:0', grad_fn=<AddmmBackward0>)}
0:03:10.834787 - model_outputs {'pose': tensor([[-0.9657, -0.6938,  0.2804,  0.5531, -0.5177, -0.3891,  3.4227, -1.3396,
          0.6197]], device='cuda:0', grad_fn=<AddmmBackward0>)}
0:03:10.835593 - K crop tensor([[[1.8814e+03, 0.0000e+00, 2.0699e+02],
         [0.0000e+00, 1.8814e+03, 1.0483e+02],
         [0.0000e+00, 0.0000e+00, 1.0000e+00]]], device='cuda:0')
0:03:10.836434 - TCO_input tensor([[[ 1.0000,  0.0000,  0.0000, -0.0078],
         [ 0.0000,  1.0000,  0.0000,  0.0024],
         [ 0.0000,  0.0000,  1.0000,  0.3081],
         [ 0.0000,  0.0000,  0.0000,  1.0000]]], device='cuda:0')
0:03:10.837955 - model tco output tensor([[[-0.7905,  0.4507,  0.4147, -0.0045],
         [-0.5679, -0.7930, -0.2205,  0.0014],
         [ 0.2295, -0.4098,  0.8828,  0.1909],
         [ 0.0000,  0.0000,  0.0000,  1.0000]]], device='cuda:0',
       grad_fn=<CopySlices>)
0:03:10.875882 - Wrote debug data: /home/ubuntu/synthetic_pose_estimation/cosypose/local_data/debug_data/debug_iter=1.pth.tar
0:03:11.087247 - TCO_input tensor([[[ 1.0000,  0.0000,  0.0000, -0.0078],
         [ 0.0000,  1.0000,  0.0000,  0.0024],
         [ 0.0000,  0.0000,  1.0000,  0.3081],
         [ 0.0000,  0.0000,  0.0000,  1.0000]]], device='cuda:0')
0:03:11.088229 - vxvyvz tensor([[ 3.4227, -1.3396,  0.6197]], device='cuda:0',
       grad_fn=<SliceBackward0>)
0:03:11.089275 - dR tensor([[[-0.7905,  0.4507,  0.4147],
         [-0.5679, -0.7930, -0.2205],
         [ 0.2295, -0.4098,  0.8828]]], device='cuda:0',
       grad_fn=<StackBackward0>)
0:03:11.090143 - fxfy tensor([[1881.4122, 1881.4124]], device='cuda:0')
0:03:11.092637 - TCO_gt tensor([[[-0.7893,  0.4511,  0.4165, -0.0100],
         [-0.5688, -0.7927, -0.2192,  0.0062],
         [ 0.2313, -0.4099,  0.8823,  0.1920],
         [ 0.0000,  0.0000,  0.0000,  1.0000]]], device='cuda:0')
0:03:11.093585 - TCO pred_orn tensor([[[-0.7905,  0.4507,  0.4147, -0.0100],
         [-0.5679, -0.7930, -0.2205,  0.0062],
         [ 0.2295, -0.4098,  0.8828,  0.1920],
         [ 0.0000,  0.0000,  0.0000,  1.0000]]], device='cuda:0',
       grad_fn=<CopySlices>)
0:03:11.094492 - TCO pred_xy tensor([[[-0.7893,  0.4511,  0.4165, -0.0045],
         [-0.5688, -0.7927, -0.2192,  0.0014],
         [ 0.2313, -0.4099,  0.8823,  0.1920],
         [ 0.0000,  0.0000,  0.0000,  1.0000]]], device='cuda:0',
       grad_fn=<CopySlices>)
0:03:11.095393 - TCO pred_z tensor([[[-0.7893,  0.4511,  0.4165, -0.0100],
         [-0.5688, -0.7927, -0.2192,  0.0062],
         [ 0.2313, -0.4099,  0.8823,  0.1909],
         [ 0.0000,  0.0000,  0.0000,  1.0000]]], device='cuda:0',
       grad_fn=<CopySlices>)
0:03:11.096023 - loss orn tensor([9.0775e-06], device='cuda:0', grad_fn=<MinBackward0>)
0:03:11.096673 - loss xy tensor([0.0034], device='cuda:0', grad_fn=<MinBackward0>)
0:03:11.097324 - loss z tensor([0.0003], device='cuda:0', grad_fn=<MinBackward0>)
  0%|                                       | 0/1 [00:00<?, ?it/s, loss=0.00379]100%|███████████████████████████████| 1/1 [00:00<00:00,  4.64it/s, loss=0.00379]100%|███████████████████████████████| 1/1 [00:00<00:00,  4.63it/s, loss=0.00379]
0:03:10.845994 - saving /home/ubuntu/synthetic_pose_estimation/cosypose/local_data/experiments/bracket_assembly_debug_nut_nosym_coarse_noaug--938962 357
  0%|                                                     | 0/1 [00:00<?, ?it/s]0:03:11.261051 - iteration 0
0:03:11.304185 - outputs, {'pose': tensor([[-0.9667, -0.6994,  0.2721,  0.5573, -0.5229, -0.3939,  3.4481, -1.3525,
          0.6391]], device='cuda:0', grad_fn=<AddmmBackward0>)}
0:03:11.305767 - model_outputs {'pose': tensor([[-0.9667, -0.6994,  0.2721,  0.5573, -0.5229, -0.3939,  3.4481, -1.3525,
          0.6391]], device='cuda:0', grad_fn=<AddmmBackward0>)}
0:03:11.306509 - K crop tensor([[[2.0348e+03, 0.0000e+00, 2.0725e+02],
         [0.0000e+00, 2.0348e+03, 3.5392e+01],
         [0.0000e+00, 0.0000e+00, 1.0000e+00]]], device='cuda:0')
0:03:11.307341 - TCO_input tensor([[[ 1.0000,  0.0000,  0.0000, -0.0079],
         [ 0.0000,  1.0000,  0.0000,  0.0139],
         [ 0.0000,  0.0000,  1.0000,  0.3373],
         [ 0.0000,  0.0000,  0.0000,  1.0000]]], device='cuda:0')
0:03:11.308230 - model tco output tensor([[[-0.7899,  0.4543,  0.4119, -0.0047],
         [-0.5715, -0.7889, -0.2259,  0.0088],
         [ 0.2223, -0.4139,  0.8828,  0.2156],
         [ 0.0000,  0.0000,  0.0000,  1.0000]]], device='cuda:0',
       grad_fn=<CopySlices>)
0:03:11.345071 - Wrote debug data: /home/ubuntu/synthetic_pose_estimation/cosypose/local_data/debug_data/debug_iter=1.pth.tar
0:03:11.556745 - TCO_input tensor([[[ 1.0000,  0.0000,  0.0000, -0.0079],
         [ 0.0000,  1.0000,  0.0000,  0.0139],
         [ 0.0000,  0.0000,  1.0000,  0.3373],
         [ 0.0000,  0.0000,  0.0000,  1.0000]]], device='cuda:0')
0:03:11.557721 - vxvyvz tensor([[ 3.4481, -1.3525,  0.6391]], device='cuda:0',
       grad_fn=<SliceBackward0>)
0:03:11.558716 - dR tensor([[[-0.7899,  0.4543,  0.4119],
         [-0.5715, -0.7889, -0.2259],
         [ 0.2223, -0.4139,  0.8828]]], device='cuda:0',
       grad_fn=<StackBackward0>)
0:03:11.559697 - fxfy tensor([[2034.8407, 2034.8407]], device='cuda:0')
0:03:11.562886 - TCO_gt tensor([[[-0.7893,  0.4511,  0.4165, -0.0100],
         [-0.5688, -0.7927, -0.2192,  0.0062],
         [ 0.2313, -0.4099,  0.8823,  0.1920],
         [ 0.0000,  0.0000,  0.0000,  1.0000]]], device='cuda:0')
0:03:11.564074 - TCO pred_orn tensor([[[-0.7899,  0.4543,  0.4119, -0.0100],
         [-0.5715, -0.7889, -0.2259,  0.0062],
         [ 0.2223, -0.4139,  0.8828,  0.1920],
         [ 0.0000,  0.0000,  0.0000,  1.0000]]], device='cuda:0',
       grad_fn=<CopySlices>)
0:03:11.565253 - TCO pred_xy tensor([[[-0.7893,  0.4511,  0.4165, -0.0042],
         [-0.5688, -0.7927, -0.2192,  0.0078],
         [ 0.2313, -0.4099,  0.8823,  0.1920],
         [ 0.0000,  0.0000,  0.0000,  1.0000]]], device='cuda:0',
       grad_fn=<CopySlices>)
0:03:11.566389 - TCO pred_z tensor([[[-0.7893,  0.4511,  0.4165, -0.0100],
         [-0.5688, -0.7927, -0.2192,  0.0062],
         [ 0.2313, -0.4099,  0.8823,  0.2156],
         [ 0.0000,  0.0000,  0.0000,  1.0000]]], device='cuda:0',
       grad_fn=<CopySlices>)
0:03:11.567087 - loss orn tensor([3.9606e-05], device='cuda:0', grad_fn=<MinBackward0>)
0:03:11.567865 - loss xy tensor([0.0025], device='cuda:0', grad_fn=<MinBackward0>)
0:03:11.568676 - loss z tensor([0.0079], device='cuda:0', grad_fn=<MinBackward0>)
  0%|                                        | 0/1 [00:00<?, ?it/s, loss=0.0104]100%|████████████████████████████████| 1/1 [00:00<00:00,  4.60it/s, loss=0.0104]100%|████████████████████████████████| 1/1 [00:00<00:00,  4.58it/s, loss=0.0104]
0:03:11.322061 - saving /home/ubuntu/synthetic_pose_estimation/cosypose/local_data/experiments/bracket_assembly_debug_nut_nosym_coarse_noaug--938962 358
  0%|                                                     | 0/1 [00:00<?, ?it/s]0:03:11.737247 - iteration 0
0:03:11.780985 - outputs, {'pose': tensor([[-0.9789, -0.7060,  0.2720,  0.5647, -0.5335, -0.3987,  3.4658, -1.3664,
          0.6264]], device='cuda:0', grad_fn=<AddmmBackward0>)}
0:03:11.782753 - model_outputs {'pose': tensor([[-0.9789, -0.7060,  0.2720,  0.5647, -0.5335, -0.3987,  3.4658, -1.3664,
          0.6264]], device='cuda:0', grad_fn=<AddmmBackward0>)}
0:03:11.783587 - K crop tensor([[[1.9457e+03, 0.0000e+00, 2.4804e+02],
         [0.0000e+00, 1.9457e+03, 3.3350e+01],
         [0.0000e+00, 0.0000e+00, 1.0000e+00]]], device='cuda:0')
0:03:11.784472 - TCO_input tensor([[[ 1.0000,  0.0000,  0.0000, -0.0147],
         [ 0.0000,  1.0000,  0.0000,  0.0143],
         [ 0.0000,  0.0000,  1.0000,  0.3231],
         [ 0.0000,  0.0000,  0.0000,  1.0000]]], device='cuda:0')
0:03:11.785420 - model tco output tensor([[[-0.7912,  0.4543,  0.4094, -0.0089],
         [-0.5706, -0.7892, -0.2271,  0.0088],
         [ 0.2199, -0.4133,  0.8837,  0.2024],
         [ 0.0000,  0.0000,  0.0000,  1.0000]]], device='cuda:0',
       grad_fn=<CopySlices>)
0:03:11.824238 - Wrote debug data: /home/ubuntu/synthetic_pose_estimation/cosypose/local_data/debug_data/debug_iter=1.pth.tar
0:03:12.034426 - TCO_input tensor([[[ 1.0000,  0.0000,  0.0000, -0.0147],
         [ 0.0000,  1.0000,  0.0000,  0.0143],
         [ 0.0000,  0.0000,  1.0000,  0.3231],
         [ 0.0000,  0.0000,  0.0000,  1.0000]]], device='cuda:0')
0:03:12.035537 - vxvyvz tensor([[ 3.4658, -1.3664,  0.6264]], device='cuda:0',
       grad_fn=<SliceBackward0>)
0:03:12.036588 - dR tensor([[[-0.7912,  0.4543,  0.4094],
         [-0.5706, -0.7892, -0.2271],
         [ 0.2199, -0.4133,  0.8837]]], device='cuda:0',
       grad_fn=<StackBackward0>)
0:03:12.037536 - fxfy tensor([[1945.6718, 1945.6720]], device='cuda:0')
0:03:12.040072 - TCO_gt tensor([[[-0.7893,  0.4511,  0.4165, -0.0100],
         [-0.5688, -0.7927, -0.2192,  0.0062],
         [ 0.2313, -0.4099,  0.8823,  0.1920],
         [ 0.0000,  0.0000,  0.0000,  1.0000]]], device='cuda:0')
0:03:12.041028 - TCO pred_orn tensor([[[-0.7912,  0.4543,  0.4094, -0.0100],
         [-0.5706, -0.7892, -0.2271,  0.0062],
         [ 0.2199, -0.4133,  0.8837,  0.1920],
         [ 0.0000,  0.0000,  0.0000,  1.0000]]], device='cuda:0',
       grad_fn=<CopySlices>)
0:03:12.041973 - TCO pred_xy tensor([[[-0.7893,  0.4511,  0.4165, -0.0084],
         [-0.5688, -0.7927, -0.2192,  0.0084],
         [ 0.2313, -0.4099,  0.8823,  0.1920],
         [ 0.0000,  0.0000,  0.0000,  1.0000]]], device='cuda:0',
       grad_fn=<CopySlices>)
0:03:12.042879 - TCO pred_z tensor([[[-0.7893,  0.4511,  0.4165, -0.0100],
         [-0.5688, -0.7927, -0.2192,  0.0062],
         [ 0.2313, -0.4099,  0.8823,  0.2024],
         [ 0.0000,  0.0000,  0.0000,  1.0000]]], device='cuda:0',
       grad_fn=<CopySlices>)
0:03:12.043559 - loss orn tensor([4.7346e-05], device='cuda:0', grad_fn=<MinBackward0>)
0:03:12.044193 - loss xy tensor([0.0013], device='cuda:0', grad_fn=<MinBackward0>)
0:03:12.044849 - loss z tensor([0.0035], device='cuda:0', grad_fn=<MinBackward0>)
  0%|                                        | 0/1 [00:00<?, ?it/s, loss=0.0048]100%|████████████████████████████████| 1/1 [00:00<00:00,  4.51it/s, loss=0.0048]100%|████████████████████████████████| 1/1 [00:00<00:00,  4.51it/s, loss=0.0048]
0:03:11.800400 - saving /home/ubuntu/synthetic_pose_estimation/cosypose/local_data/experiments/bracket_assembly_debug_nut_nosym_coarse_noaug--938962 359
  0%|                                                     | 0/1 [00:00<?, ?it/s]0:03:12.217595 - iteration 0
0:03:12.262175 - outputs, {'pose': tensor([[-0.9752, -0.6950,  0.2786,  0.5519, -0.5290, -0.3913,  3.4388, -1.3696,
          0.6155]], device='cuda:0', grad_fn=<AddmmBackward0>)}
0:03:12.263798 - model_outputs {'pose': tensor([[-0.9752, -0.6950,  0.2786,  0.5519, -0.5290, -0.3913,  3.4388, -1.3696,
          0.6155]], device='cuda:0', grad_fn=<AddmmBackward0>)}
0:03:12.265262 - K crop tensor([[[1.7911e+03, 0.0000e+00, 3.2834e+02],
         [0.0000e+00, 1.7911e+03, 5.5674e+01],
         [0.0000e+00, 0.0000e+00, 1.0000e+00]]], device='cuda:0')
0:03:12.266145 - TCO_input tensor([[[ 1.0000,  0.0000,  0.0000, -0.0280],
         [ 0.0000,  1.0000,  0.0000,  0.0106],
         [ 0.0000,  0.0000,  1.0000,  0.2969],
         [ 0.0000,  0.0000,  0.0000,  1.0000]]], device='cuda:0')
0:03:12.267061 - model tco output tensor([[[-0.7931,  0.4487,  0.4119, -0.0169],
         [-0.5653, -0.7940, -0.2237,  0.0064],
         [ 0.2266, -0.4103,  0.8834,  0.1827],
         [ 0.0000,  0.0000,  0.0000,  1.0000]]], device='cuda:0',
       grad_fn=<CopySlices>)
0:03:12.306182 - Wrote debug data: /home/ubuntu/synthetic_pose_estimation/cosypose/local_data/debug_data/debug_iter=1.pth.tar
0:03:12.516503 - TCO_input tensor([[[ 1.0000,  0.0000,  0.0000, -0.0280],
         [ 0.0000,  1.0000,  0.0000,  0.0106],
         [ 0.0000,  0.0000,  1.0000,  0.2969],
         [ 0.0000,  0.0000,  0.0000,  1.0000]]], device='cuda:0')
0:03:12.517513 - vxvyvz tensor([[ 3.4388, -1.3696,  0.6155]], device='cuda:0',
       grad_fn=<SliceBackward0>)
0:03:12.518521 - dR tensor([[[-0.7931,  0.4487,  0.4119],
         [-0.5653, -0.7940, -0.2237],
         [ 0.2266, -0.4103,  0.8834]]], device='cuda:0',
       grad_fn=<StackBackward0>)
0:03:12.519427 - fxfy tensor([[1791.1093, 1791.1093]], device='cuda:0')
0:03:12.521944 - TCO_gt tensor([[[-0.7893,  0.4511,  0.4165, -0.0100],
         [-0.5688, -0.7927, -0.2192,  0.0062],
         [ 0.2313, -0.4099,  0.8823,  0.1920],
         [ 0.0000,  0.0000,  0.0000,  1.0000]]], device='cuda:0')
0:03:12.522877 - TCO pred_orn tensor([[[-0.7931,  0.4487,  0.4119, -0.0100],
         [-0.5653, -0.7940, -0.2237,  0.0062],
         [ 0.2266, -0.4103,  0.8834,  0.1920],
         [ 0.0000,  0.0000,  0.0000,  1.0000]]], device='cuda:0',
       grad_fn=<CopySlices>)
0:03:12.523799 - TCO pred_xy tensor([[[-0.7893,  0.4511,  0.4165, -0.0177],
         [-0.5688, -0.7927, -0.2192,  0.0067],
         [ 0.2313, -0.4099,  0.8823,  0.1920],
         [ 0.0000,  0.0000,  0.0000,  1.0000]]], device='cuda:0',
       grad_fn=<CopySlices>)
0:03:12.524728 - TCO pred_z tensor([[[-0.7893,  0.4511,  0.4165, -0.0100],
         [-0.5688, -0.7927, -0.2192,  0.0062],
         [ 0.2313, -0.4099,  0.8823,  0.1827],
         [ 0.0000,  0.0000,  0.0000,  1.0000]]], device='cuda:0',
       grad_fn=<CopySlices>)
0:03:12.525421 - loss orn tensor([2.8064e-05], device='cuda:0', grad_fn=<MinBackward0>)
0:03:12.526057 - loss xy tensor([0.0027], device='cuda:0', grad_fn=<MinBackward0>)
0:03:12.526694 - loss z tensor([0.0031], device='cuda:0', grad_fn=<MinBackward0>)
  0%|                                       | 0/1 [00:00<?, ?it/s, loss=0.00586]100%|███████████████████████████████| 1/1 [00:00<00:00,  4.57it/s, loss=0.00586]100%|███████████████████████████████| 1/1 [00:00<00:00,  4.56it/s, loss=0.00586]
  0%|                                                     | 0/1 [00:00<?, ?it/s]0:03:12.434554 - iteration 0
0:03:12.471296 - outputs, {'pose': tensor([[-0.2365, -0.0329,  0.0454,  0.2772, -0.0721, -0.1184,  0.8788, -0.4255,
          0.3961]], device='cuda:0')}
0:03:12.472817 - model_outputs {'pose': tensor([[-0.2365, -0.0329,  0.0454,  0.2772, -0.0721, -0.1184,  0.8788, -0.4255,
          0.3961]], device='cuda:0')}
0:03:12.473643 - K crop tensor([[[1.8941e+03, 0.0000e+00, 3.2471e+02],
         [0.0000e+00, 1.8941e+03, 5.3957e+01],
         [0.0000e+00, 0.0000e+00, 1.0000e+00]]], device='cuda:0')
0:03:12.474503 - TCO_input tensor([[[ 1.0000,  0.0000,  0.0000, -0.0273],
         [ 0.0000,  1.0000,  0.0000,  0.0108],
         [ 0.0000,  0.0000,  1.0000,  0.3135],
         [ 0.0000,  0.0000,  0.0000,  1.0000]]], device='cuda:0')
0:03:12.475522 - model tco output tensor([[[-0.9730,  0.0211,  0.2297, -0.0108],
         [-0.1352, -0.8590, -0.4937,  0.0043],
         [ 0.1868, -0.5115,  0.8387,  0.1242],
         [ 0.0000,  0.0000,  0.0000,  1.0000]]], device='cuda:0')
0:03:12.520495 - Wrote debug data: /home/ubuntu/synthetic_pose_estimation/cosypose/local_data/debug_data/debug_iter=1.pth.tar
0:03:12.731572 - TCO_input tensor([[[ 1.0000,  0.0000,  0.0000, -0.0273],
         [ 0.0000,  1.0000,  0.0000,  0.0108],
         [ 0.0000,  0.0000,  1.0000,  0.3135],
         [ 0.0000,  0.0000,  0.0000,  1.0000]]], device='cuda:0')
0:03:12.732538 - vxvyvz tensor([[ 0.8788, -0.4255,  0.3961]], device='cuda:0')
0:03:12.733541 - dR tensor([[[-0.9730,  0.0211,  0.2297],
         [-0.1352, -0.8590, -0.4937],
         [ 0.1868, -0.5115,  0.8387]]], device='cuda:0')
0:03:12.734438 - fxfy tensor([[1894.0521, 1894.0522]], device='cuda:0')
0:03:12.736743 - TCO_gt tensor([[[-0.7893,  0.4511,  0.4165, -0.0100],
         [-0.5688, -0.7927, -0.2192,  0.0062],
         [ 0.2313, -0.4099,  0.8823,  0.1920],
         [ 0.0000,  0.0000,  0.0000,  1.0000]]], device='cuda:0')
0:03:12.737690 - TCO pred_orn tensor([[[-0.9730,  0.0211,  0.2297, -0.0100],
         [-0.1352, -0.8590, -0.4937,  0.0062],
         [ 0.1868, -0.5115,  0.8387,  0.1920],
         [ 0.0000,  0.0000,  0.0000,  1.0000]]], device='cuda:0')
0:03:12.738600 - TCO pred_xy tensor([[[-0.7893,  0.4511,  0.4165, -0.0167],
         [-0.5688, -0.7927, -0.2192,  0.0066],
         [ 0.2313, -0.4099,  0.8823,  0.1920],
         [ 0.0000,  0.0000,  0.0000,  1.0000]]], device='cuda:0')
0:03:12.739526 - TCO pred_z tensor([[[-0.7893,  0.4511,  0.4165, -0.0100],
         [-0.5688, -0.7927, -0.2192,  0.0062],
         [ 0.2313, -0.4099,  0.8823,  0.1242],
         [ 0.0000,  0.0000,  0.0000,  1.0000]]], device='cuda:0')
0:03:12.740165 - loss orn tensor([0.0021], device='cuda:0')
0:03:12.740837 - loss xy tensor([0.0024], device='cuda:0')
0:03:12.741500 - loss z tensor([0.0226], device='cuda:0')
100%|█████████████████████████████████████████████| 1/1 [00:00<00:00,  7.93it/s]100%|█████████████████████████████████████████████| 1/1 [00:00<00:00,  7.90it/s]
0:03:12.424494 - saving /home/ubuntu/synthetic_pose_estimation/cosypose/local_data/experiments/bracket_assembly_debug_nut_nosym_coarse_noaug--938962 360
  0%|                                                     | 0/1 [00:00<?, ?it/s]0:03:12.836533 - iteration 0
0:03:12.880035 - outputs, {'pose': tensor([[-0.9772, -0.7101,  0.2874,  0.5603, -0.5282, -0.3996,  3.4599, -1.3889,
          0.6175]], device='cuda:0', grad_fn=<AddmmBackward0>)}
0:03:12.881674 - model_outputs {'pose': tensor([[-0.9772, -0.7101,  0.2874,  0.5603, -0.5282, -0.3996,  3.4599, -1.3889,
          0.6175]], device='cuda:0', grad_fn=<AddmmBackward0>)}
0:03:12.882480 - K crop tensor([[[1.9205e+03, 0.0000e+00, 3.2665e+02],
         [0.0000e+00, 1.9205e+03, 6.2681e+01],
         [0.0000e+00, 0.0000e+00, 1.0000e+00]]], device='cuda:0')
0:03:12.883368 - TCO_input tensor([[[ 1.0000,  0.0000,  0.0000, -0.0276],
         [ 0.0000,  1.0000,  0.0000,  0.0094],
         [ 0.0000,  0.0000,  1.0000,  0.3172],
         [ 0.0000,  0.0000,  0.0000,  1.0000]]], device='cuda:0')
0:03:12.884305 - model tco output tensor([[[-0.7870,  0.4524,  0.4195, -0.0167],
         [-0.5719, -0.7900, -0.2210,  0.0057],
         [ 0.2314, -0.4139,  0.8804,  0.1958],
         [ 0.0000,  0.0000,  0.0000,  1.0000]]], device='cuda:0',
       grad_fn=<CopySlices>)
0:03:12.924294 - Wrote debug data: /home/ubuntu/synthetic_pose_estimation/cosypose/local_data/debug_data/debug_iter=1.pth.tar
0:03:13.134709 - TCO_input tensor([[[ 1.0000,  0.0000,  0.0000, -0.0276],
         [ 0.0000,  1.0000,  0.0000,  0.0094],
         [ 0.0000,  0.0000,  1.0000,  0.3172],
         [ 0.0000,  0.0000,  0.0000,  1.0000]]], device='cuda:0')
0:03:13.135634 - vxvyvz tensor([[ 3.4599, -1.3889,  0.6175]], device='cuda:0',
       grad_fn=<SliceBackward0>)
0:03:13.136613 - dR tensor([[[-0.7870,  0.4524,  0.4195],
         [-0.5719, -0.7900, -0.2210],
         [ 0.2314, -0.4139,  0.8804]]], device='cuda:0',
       grad_fn=<StackBackward0>)
0:03:13.137631 - fxfy tensor([[1920.4913, 1920.4917]], device='cuda:0')
0:03:13.140130 - TCO_gt tensor([[[-0.7893,  0.4511,  0.4165, -0.0100],
         [-0.5688, -0.7927, -0.2192,  0.0062],
         [ 0.2313, -0.4099,  0.8823,  0.1920],
         [ 0.0000,  0.0000,  0.0000,  1.0000]]], device='cuda:0')
0:03:13.141094 - TCO pred_orn tensor([[[-0.7870,  0.4524,  0.4195, -0.0100],
         [-0.5719, -0.7900, -0.2210,  0.0062],
         [ 0.2314, -0.4139,  0.8804,  0.1920],
         [ 0.0000,  0.0000,  0.0000,  1.0000]]], device='cuda:0',
       grad_fn=<CopySlices>)
0:03:13.142055 - TCO pred_xy tensor([[[-0.7893,  0.4511,  0.4165, -0.0164],
         [-0.5688, -0.7927, -0.2192,  0.0055],
         [ 0.2313, -0.4099,  0.8823,  0.1920],
         [ 0.0000,  0.0000,  0.0000,  1.0000]]], device='cuda:0',
       grad_fn=<CopySlices>)
0:03:13.142998 - TCO pred_z tensor([[[-0.7893,  0.4511,  0.4165, -0.0100],
         [-0.5688, -0.7927, -0.2192,  0.0062],
         [ 0.2313, -0.4099,  0.8823,  0.1958],
         [ 0.0000,  0.0000,  0.0000,  1.0000]]], device='cuda:0',
       grad_fn=<CopySlices>)
0:03:13.143677 - loss orn tensor([2.2349e-05], device='cuda:0', grad_fn=<MinBackward0>)
0:03:13.144357 - loss xy tensor([0.0023], device='cuda:0', grad_fn=<MinBackward0>)
0:03:13.145026 - loss z tensor([0.0013], device='cuda:0', grad_fn=<MinBackward0>)
  0%|                                       | 0/1 [00:00<?, ?it/s, loss=0.00365]100%|███████████████████████████████| 1/1 [00:00<00:00,  4.71it/s, loss=0.00365]100%|███████████████████████████████| 1/1 [00:00<00:00,  4.70it/s, loss=0.00365]
0:03:12.895078 - saving /home/ubuntu/synthetic_pose_estimation/cosypose/local_data/experiments/bracket_assembly_debug_nut_nosym_coarse_noaug--938962 361
  0%|                                                     | 0/1 [00:00<?, ?it/s]0:03:13.310320 - iteration 0
0:03:13.354132 - outputs, {'pose': tensor([[-0.9766, -0.7013,  0.2929,  0.5608, -0.5311, -0.3929,  3.4534, -1.3987,
          0.6014]], device='cuda:0', grad_fn=<AddmmBackward0>)}
0:03:13.355824 - model_outputs {'pose': tensor([[-0.9766, -0.7013,  0.2929,  0.5608, -0.5311, -0.3929,  3.4534, -1.3987,
          0.6014]], device='cuda:0', grad_fn=<AddmmBackward0>)}
0:03:13.356650 - K crop tensor([[[1.9978e+03, 0.0000e+00, 2.9316e+02],
         [0.0000e+00, 1.9978e+03, 8.6645e+01],
         [0.0000e+00, 0.0000e+00, 1.0000e+00]]], device='cuda:0')
0:03:13.357569 - TCO_input tensor([[[ 1.0000,  0.0000,  0.0000, -0.0219],
         [ 0.0000,  1.0000,  0.0000,  0.0054],
         [ 0.0000,  0.0000,  1.0000,  0.3280],
         [ 0.0000,  0.0000,  0.0000,  1.0000]]], device='cuda:0')
0:03:13.358507 - model tco output tensor([[[-0.7892,  0.4503,  0.4176, -0.0129],
         [-0.5667, -0.7960, -0.2126,  0.0031],
         [ 0.2367, -0.4044,  0.8834,  0.1972],
         [ 0.0000,  0.0000,  0.0000,  1.0000]]], device='cuda:0',
       grad_fn=<CopySlices>)
0:03:13.396456 - Wrote debug data: /home/ubuntu/synthetic_pose_estimation/cosypose/local_data/debug_data/debug_iter=1.pth.tar
0:03:13.609482 - TCO_input tensor([[[ 1.0000,  0.0000,  0.0000, -0.0219],
         [ 0.0000,  1.0000,  0.0000,  0.0054],
         [ 0.0000,  0.0000,  1.0000,  0.3280],
         [ 0.0000,  0.0000,  0.0000,  1.0000]]], device='cuda:0')
0:03:13.610527 - vxvyvz tensor([[ 3.4534, -1.3987,  0.6014]], device='cuda:0',
       grad_fn=<SliceBackward0>)
0:03:13.611556 - dR tensor([[[-0.7892,  0.4503,  0.4176],
         [-0.5667, -0.7960, -0.2126],
         [ 0.2367, -0.4044,  0.8834]]], device='cuda:0',
       grad_fn=<StackBackward0>)
0:03:13.612493 - fxfy tensor([[1997.7612, 1997.7614]], device='cuda:0')
0:03:13.615099 - TCO_gt tensor([[[-0.7893,  0.4511,  0.4165, -0.0100],
         [-0.5688, -0.7927, -0.2192,  0.0062],
         [ 0.2313, -0.4099,  0.8823,  0.1920],
         [ 0.0000,  0.0000,  0.0000,  1.0000]]], device='cuda:0')
0:03:13.616057 - TCO pred_orn tensor([[[-0.7892,  0.4503,  0.4176, -0.0100],
         [-0.5667, -0.7960, -0.2126,  0.0062],
         [ 0.2367, -0.4044,  0.8834,  0.1920],
         [ 0.0000,  0.0000,  0.0000,  1.0000]]], device='cuda:0',
       grad_fn=<CopySlices>)
0:03:13.617016 - TCO pred_xy tensor([[[-0.7893,  0.4511,  0.4165, -0.0125],
         [-0.5688, -0.7927, -0.2192,  0.0030],
         [ 0.2313, -0.4099,  0.8823,  0.1920],
         [ 0.0000,  0.0000,  0.0000,  1.0000]]], device='cuda:0',
       grad_fn=<CopySlices>)
0:03:13.618002 - TCO pred_z tensor([[[-0.7893,  0.4511,  0.4165, -0.0100],
         [-0.5688, -0.7927, -0.2192,  0.0062],
         [ 0.2313, -0.4099,  0.8823,  0.1972],
         [ 0.0000,  0.0000,  0.0000,  1.0000]]], device='cuda:0',
       grad_fn=<CopySlices>)
0:03:13.618675 - loss orn tensor([2.8473e-05], device='cuda:0', grad_fn=<MinBackward0>)
0:03:13.619332 - loss xy tensor([0.0019], device='cuda:0', grad_fn=<MinBackward0>)
0:03:13.619988 - loss z tensor([0.0018], device='cuda:0', grad_fn=<MinBackward0>)
  0%|                                       | 0/1 [00:00<?, ?it/s, loss=0.00368]100%|███████████████████████████████| 1/1 [00:00<00:00,  4.58it/s, loss=0.00368]100%|███████████████████████████████| 1/1 [00:00<00:00,  4.57it/s, loss=0.00368]
0:03:13.379945 - saving /home/ubuntu/synthetic_pose_estimation/cosypose/local_data/experiments/bracket_assembly_debug_nut_nosym_coarse_noaug--938962 362
  0%|                                                     | 0/1 [00:00<?, ?it/s]0:03:13.795216 - iteration 0
0:03:13.838886 - outputs, {'pose': tensor([[-0.9763, -0.7021,  0.2951,  0.5618, -0.5368, -0.3918,  3.4752, -1.4049,
          0.5975]], device='cuda:0', grad_fn=<AddmmBackward0>)}
0:03:13.840556 - model_outputs {'pose': tensor([[-0.9763, -0.7021,  0.2951,  0.5618, -0.5368, -0.3918,  3.4752, -1.4049,
          0.5975]], device='cuda:0', grad_fn=<AddmmBackward0>)}
0:03:13.841390 - K crop tensor([[[ 1.7794e+03,  0.0000e+00,  2.6476e+02],
         [ 0.0000e+00,  1.7794e+03, -1.9648e+00],
         [ 0.0000e+00,  0.0000e+00,  1.0000e+00]]], device='cuda:0')
0:03:13.842319 - TCO_input tensor([[[ 1.0000,  0.0000,  0.0000, -0.0177],
         [ 0.0000,  1.0000,  0.0000,  0.0204],
         [ 0.0000,  0.0000,  1.0000,  0.2988],
         [ 0.0000,  0.0000,  0.0000,  1.0000]]], device='cuda:0')
0:03:13.844014 - model tco output tensor([[[-0.7885,  0.4518,  0.4174, -0.0102],
         [-0.5670, -0.7968, -0.2086,  0.0120],
         [ 0.2383, -0.4012,  0.8844,  0.1785],
         [ 0.0000,  0.0000,  0.0000,  1.0000]]], device='cuda:0',
       grad_fn=<CopySlices>)
0:03:13.886384 - Wrote debug data: /home/ubuntu/synthetic_pose_estimation/cosypose/local_data/debug_data/debug_iter=1.pth.tar
0:03:14.098331 - TCO_input tensor([[[ 1.0000,  0.0000,  0.0000, -0.0177],
         [ 0.0000,  1.0000,  0.0000,  0.0204],
         [ 0.0000,  0.0000,  1.0000,  0.2988],
         [ 0.0000,  0.0000,  0.0000,  1.0000]]], device='cuda:0')
0:03:14.099523 - vxvyvz tensor([[ 3.4752, -1.4049,  0.5975]], device='cuda:0',
       grad_fn=<SliceBackward0>)
0:03:14.100619 - dR tensor([[[-0.7885,  0.4518,  0.4174],
         [-0.5670, -0.7968, -0.2086],
         [ 0.2383, -0.4012,  0.8844]]], device='cuda:0',
       grad_fn=<StackBackward0>)
0:03:14.101619 - fxfy tensor([[1779.3715, 1779.3718]], device='cuda:0')
0:03:14.104233 - TCO_gt tensor([[[-0.7893,  0.4511,  0.4165, -0.0100],
         [-0.5688, -0.7927, -0.2192,  0.0062],
         [ 0.2313, -0.4099,  0.8823,  0.1920],
         [ 0.0000,  0.0000,  0.0000,  1.0000]]], device='cuda:0')
0:03:14.105242 - TCO pred_orn tensor([[[-0.7885,  0.4518,  0.4174, -0.0100],
         [-0.5670, -0.7968, -0.2086,  0.0062],
         [ 0.2383, -0.4012,  0.8844,  0.1920],
         [ 0.0000,  0.0000,  0.0000,  1.0000]]], device='cuda:0',
       grad_fn=<CopySlices>)
0:03:14.106203 - TCO pred_xy tensor([[[-0.7893,  0.4511,  0.4165, -0.0110],
         [-0.5688, -0.7927, -0.2192,  0.0130],
         [ 0.2313, -0.4099,  0.8823,  0.1920],
         [ 0.0000,  0.0000,  0.0000,  1.0000]]], device='cuda:0',
       grad_fn=<CopySlices>)
0:03:14.107137 - TCO pred_z tensor([[[-0.7893,  0.4511,  0.4165, -0.0100],
         [-0.5688, -0.7927, -0.2192,  0.0062],
         [ 0.2313, -0.4099,  0.8823,  0.1785],
         [ 0.0000,  0.0000,  0.0000,  1.0000]]], device='cuda:0',
       grad_fn=<CopySlices>)
0:03:14.107810 - loss orn tensor([3.9788e-05], device='cuda:0', grad_fn=<MinBackward0>)
0:03:14.108469 - loss xy tensor([0.0026], device='cuda:0', grad_fn=<MinBackward0>)
0:03:14.109138 - loss z tensor([0.0045], device='cuda:0', grad_fn=<MinBackward0>)
  0%|                                        | 0/1 [00:00<?, ?it/s, loss=0.0071]100%|████████████████████████████████| 1/1 [00:00<00:00,  4.50it/s, loss=0.0071]100%|████████████████████████████████| 1/1 [00:00<00:00,  4.49it/s, loss=0.0071]
0:03:13.868166 - saving /home/ubuntu/synthetic_pose_estimation/cosypose/local_data/experiments/bracket_assembly_debug_nut_nosym_coarse_noaug--938962 363
  0%|                                                     | 0/1 [00:00<?, ?it/s]0:03:14.283518 - iteration 0
0:03:14.327298 - outputs, {'pose': tensor([[-0.9783, -0.6999,  0.2964,  0.5607, -0.5305, -0.3953,  3.4798, -1.4184,
          0.5893]], device='cuda:0', grad_fn=<AddmmBackward0>)}
0:03:14.328954 - model_outputs {'pose': tensor([[-0.9783, -0.6999,  0.2964,  0.5607, -0.5305, -0.3953,  3.4798, -1.4184,
          0.5893]], device='cuda:0', grad_fn=<AddmmBackward0>)}
0:03:14.329888 - K crop tensor([[[ 1.7463e+03,  0.0000e+00,  2.8413e+02],
         [ 0.0000e+00,  1.7463e+03, -8.4885e+00],
         [ 0.0000e+00,  0.0000e+00,  1.0000e+00]]], device='cuda:0')
0:03:14.331106 - TCO_input tensor([[[ 1.0000,  0.0000,  0.0000, -0.0210],
         [ 0.0000,  1.0000,  0.0000,  0.0215],
         [ 0.0000,  0.0000,  1.0000,  0.2940],
         [ 0.0000,  0.0000,  0.0000,  1.0000]]], device='cuda:0')
0:03:14.332777 - model tco output tensor([[[-0.7897,  0.4473,  0.4199, -0.0120],
         [-0.5649, -0.7970, -0.2135,  0.0126],
         [ 0.2392, -0.4058,  0.8821,  0.1732],
         [ 0.0000,  0.0000,  0.0000,  1.0000]]], device='cuda:0',
       grad_fn=<CopySlices>)
0:03:14.374828 - Wrote debug data: /home/ubuntu/synthetic_pose_estimation/cosypose/local_data/debug_data/debug_iter=1.pth.tar
0:03:14.588026 - TCO_input tensor([[[ 1.0000,  0.0000,  0.0000, -0.0210],
         [ 0.0000,  1.0000,  0.0000,  0.0215],
         [ 0.0000,  0.0000,  1.0000,  0.2940],
         [ 0.0000,  0.0000,  0.0000,  1.0000]]], device='cuda:0')
0:03:14.589065 - vxvyvz tensor([[ 3.4798, -1.4184,  0.5893]], device='cuda:0',
       grad_fn=<SliceBackward0>)
0:03:14.590137 - dR tensor([[[-0.7897,  0.4473,  0.4199],
         [-0.5649, -0.7970, -0.2135],
         [ 0.2392, -0.4058,  0.8821]]], device='cuda:0',
       grad_fn=<StackBackward0>)
0:03:14.590998 - fxfy tensor([[1746.3442, 1746.3442]], device='cuda:0')
0:03:14.593562 - TCO_gt tensor([[[-0.7893,  0.4511,  0.4165, -0.0100],
         [-0.5688, -0.7927, -0.2192,  0.0062],
         [ 0.2313, -0.4099,  0.8823,  0.1920],
         [ 0.0000,  0.0000,  0.0000,  1.0000]]], device='cuda:0')
0:03:14.594500 - TCO pred_orn tensor([[[-0.7897,  0.4473,  0.4199, -0.0100],
         [-0.5649, -0.7970, -0.2135,  0.0062],
         [ 0.2392, -0.4058,  0.8821,  0.1920],
         [ 0.0000,  0.0000,  0.0000,  1.0000]]], device='cuda:0',
       grad_fn=<CopySlices>)
0:03:14.595425 - TCO pred_xy tensor([[[-0.7893,  0.4511,  0.4165, -0.0133],
         [-0.5688, -0.7927, -0.2192,  0.0139],
         [ 0.2313, -0.4099,  0.8823,  0.1920],
         [ 0.0000,  0.0000,  0.0000,  1.0000]]], device='cuda:0',
       grad_fn=<CopySlices>)
0:03:14.596325 - TCO pred_z tensor([[[-0.7893,  0.4511,  0.4165, -0.0100],
         [-0.5688, -0.7927, -0.2192,  0.0062],
         [ 0.2313, -0.4099,  0.8823,  0.1732],
         [ 0.0000,  0.0000,  0.0000,  1.0000]]], device='cuda:0',
       grad_fn=<CopySlices>)
0:03:14.596979 - loss orn tensor([3.9127e-05], device='cuda:0', grad_fn=<MinBackward0>)
0:03:14.597648 - loss xy tensor([0.0037], device='cuda:0', grad_fn=<MinBackward0>)
0:03:14.598276 - loss z tensor([0.0062], device='cuda:0', grad_fn=<MinBackward0>)
  0%|                                       | 0/1 [00:00<?, ?it/s, loss=0.00997]100%|███████████████████████████████| 1/1 [00:00<00:00,  4.50it/s, loss=0.00997]100%|███████████████████████████████| 1/1 [00:00<00:00,  4.48it/s, loss=0.00997]
0:03:14.361597 - saving /home/ubuntu/synthetic_pose_estimation/cosypose/local_data/experiments/bracket_assembly_debug_nut_nosym_coarse_noaug--938962 364
  0%|                                                     | 0/1 [00:00<?, ?it/s]0:03:14.776811 - iteration 0
0:03:14.820330 - outputs, {'pose': tensor([[-0.9714, -0.7027,  0.2938,  0.5606, -0.5293, -0.4027,  3.4860, -1.4298,
          0.5810]], device='cuda:0', grad_fn=<AddmmBackward0>)}
0:03:14.821970 - model_outputs {'pose': tensor([[-0.9714, -0.7027,  0.2938,  0.5606, -0.5293, -0.4027,  3.4860, -1.4298,
          0.5810]], device='cuda:0', grad_fn=<AddmmBackward0>)}
0:03:14.822937 - K crop tensor([[[1.8592e+03, 0.0000e+00, 2.3038e+02],
         [0.0000e+00, 1.8592e+03, 7.4839e+01],
         [0.0000e+00, 0.0000e+00, 1.0000e+00]]], device='cuda:0')
0:03:14.824176 - TCO_input tensor([[[ 1.0000,  0.0000,  0.0000, -0.0117],
         [ 0.0000,  1.0000,  0.0000,  0.0074],
         [ 0.0000,  0.0000,  1.0000,  0.3065],
         [ 0.0000,  0.0000,  0.0000,  1.0000]]], device='cuda:0')
0:03:14.825830 - model tco output tensor([[[-0.7869,  0.4480,  0.4243, -0.0065],
         [-0.5693, -0.7924, -0.2191,  0.0041],
         [ 0.2380, -0.4140,  0.8786,  0.1781],
         [ 0.0000,  0.0000,  0.0000,  1.0000]]], device='cuda:0',
       grad_fn=<CopySlices>)
0:03:14.864228 - Wrote debug data: /home/ubuntu/synthetic_pose_estimation/cosypose/local_data/debug_data/debug_iter=1.pth.tar
0:03:15.076412 - TCO_input tensor([[[ 1.0000,  0.0000,  0.0000, -0.0117],
         [ 0.0000,  1.0000,  0.0000,  0.0074],
         [ 0.0000,  0.0000,  1.0000,  0.3065],
         [ 0.0000,  0.0000,  0.0000,  1.0000]]], device='cuda:0')
0:03:15.077524 - vxvyvz tensor([[ 3.4860, -1.4298,  0.5810]], device='cuda:0',
       grad_fn=<SliceBackward0>)
0:03:15.078553 - dR tensor([[[-0.7869,  0.4480,  0.4243],
         [-0.5693, -0.7924, -0.2191],
         [ 0.2380, -0.4140,  0.8786]]], device='cuda:0',
       grad_fn=<StackBackward0>)
0:03:15.079437 - fxfy tensor([[1859.1747, 1859.1748]], device='cuda:0')
0:03:15.082023 - TCO_gt tensor([[[-0.7893,  0.4511,  0.4165, -0.0100],
         [-0.5688, -0.7927, -0.2192,  0.0062],
         [ 0.2313, -0.4099,  0.8823,  0.1920],
         [ 0.0000,  0.0000,  0.0000,  1.0000]]], device='cuda:0')
0:03:15.082943 - TCO pred_orn tensor([[[-0.7869,  0.4480,  0.4243, -0.0100],
         [-0.5693, -0.7924, -0.2191,  0.0062],
         [ 0.2380, -0.4140,  0.8786,  0.1920],
         [ 0.0000,  0.0000,  0.0000,  1.0000]]], device='cuda:0',
       grad_fn=<CopySlices>)
0:03:15.083860 - TCO pred_xy tensor([[[-0.7893,  0.4511,  0.4165, -0.0070],
         [-0.5688, -0.7927, -0.2192,  0.0045],
         [ 0.2313, -0.4099,  0.8823,  0.1920],
         [ 0.0000,  0.0000,  0.0000,  1.0000]]], device='cuda:0',
       grad_fn=<CopySlices>)
0:03:15.084783 - TCO pred_z tensor([[[-0.7893,  0.4511,  0.4165, -0.0100],
         [-0.5688, -0.7927, -0.2192,  0.0062],
         [ 0.2313, -0.4099,  0.8823,  0.1781],
         [ 0.0000,  0.0000,  0.0000,  1.0000]]], device='cuda:0',
       grad_fn=<CopySlices>)
0:03:15.085474 - loss orn tensor([2.9427e-05], device='cuda:0', grad_fn=<MinBackward0>)
0:03:15.086125 - loss xy tensor([0.0016], device='cuda:0', grad_fn=<MinBackward0>)
0:03:15.086774 - loss z tensor([0.0046], device='cuda:0', grad_fn=<MinBackward0>)
  0%|                                       | 0/1 [00:00<?, ?it/s, loss=0.00625]100%|███████████████████████████████| 1/1 [00:00<00:00,  4.53it/s, loss=0.00625]100%|███████████████████████████████| 1/1 [00:00<00:00,  4.52it/s, loss=0.00625]
0:03:14.899389 - saving /home/ubuntu/synthetic_pose_estimation/cosypose/local_data/experiments/bracket_assembly_debug_nut_nosym_coarse_noaug--938962 365
  0%|                                                     | 0/1 [00:00<?, ?it/s]0:03:15.314594 - iteration 0
0:03:15.358893 - outputs, {'pose': tensor([[-0.9737, -0.7002,  0.2787,  0.5532, -0.5250, -0.3889,  3.4713, -1.4180,
          0.5691]], device='cuda:0', grad_fn=<AddmmBackward0>)}
0:03:15.360532 - model_outputs {'pose': tensor([[-0.9737, -0.7002,  0.2787,  0.5532, -0.5250, -0.3889,  3.4713, -1.4180,
          0.5691]], device='cuda:0', grad_fn=<AddmmBackward0>)}
0:03:15.361345 - K crop tensor([[[2.0770e+03, 0.0000e+00, 2.1044e+02],
         [0.0000e+00, 2.0770e+03, 3.6332e+01],
         [0.0000e+00, 0.0000e+00, 1.0000e+00]]], device='cuda:0')
0:03:15.362234 - TCO_input tensor([[[ 1.0000,  0.0000,  0.0000, -0.0084],
         [ 0.0000,  1.0000,  0.0000,  0.0138],
         [ 0.0000,  0.0000,  1.0000,  0.3440],
         [ 0.0000,  0.0000,  0.0000,  1.0000]]], device='cuda:0')
0:03:15.363744 - model tco output tensor([[[-0.7908,  0.4528,  0.4119, -0.0045],
         [-0.5687, -0.7924, -0.2209,  0.0077],
         [ 0.2263, -0.4089,  0.8841,  0.1958],
         [ 0.0000,  0.0000,  0.0000,  1.0000]]], device='cuda:0',
       grad_fn=<CopySlices>)
0:03:15.401540 - Wrote debug data: /home/ubuntu/synthetic_pose_estimation/cosypose/local_data/debug_data/debug_iter=1.pth.tar
0:03:15.612299 - TCO_input tensor([[[ 1.0000,  0.0000,  0.0000, -0.0084],
         [ 0.0000,  1.0000,  0.0000,  0.0138],
         [ 0.0000,  0.0000,  1.0000,  0.3440],
         [ 0.0000,  0.0000,  0.0000,  1.0000]]], device='cuda:0')
0:03:15.613442 - vxvyvz tensor([[ 3.4713, -1.4180,  0.5691]], device='cuda:0',
       grad_fn=<SliceBackward0>)
0:03:15.614462 - dR tensor([[[-0.7908,  0.4528,  0.4119],
         [-0.5687, -0.7924, -0.2209],
         [ 0.2263, -0.4089,  0.8841]]], device='cuda:0',
       grad_fn=<StackBackward0>)
0:03:15.615376 - fxfy tensor([[2077.0261, 2077.0264]], device='cuda:0')
0:03:15.617947 - TCO_gt tensor([[[-0.7893,  0.4511,  0.4165, -0.0100],
         [-0.5688, -0.7927, -0.2192,  0.0062],
         [ 0.2313, -0.4099,  0.8823,  0.1920],
         [ 0.0000,  0.0000,  0.0000,  1.0000]]], device='cuda:0')
0:03:15.618882 - TCO pred_orn tensor([[[-0.7908,  0.4528,  0.4119, -0.0100],
         [-0.5687, -0.7924, -0.2209,  0.0062],
         [ 0.2263, -0.4089,  0.8841,  0.1920],
         [ 0.0000,  0.0000,  0.0000,  1.0000]]], device='cuda:0',
       grad_fn=<CopySlices>)
0:03:15.619782 - TCO pred_xy tensor([[[-0.7893,  0.4511,  0.4165, -0.0044],
         [-0.5688, -0.7927, -0.2192,  0.0076],
         [ 0.2313, -0.4099,  0.8823,  0.1920],
         [ 0.0000,  0.0000,  0.0000,  1.0000]]], device='cuda:0',
       grad_fn=<CopySlices>)
0:03:15.620717 - TCO pred_z tensor([[[-0.7893,  0.4511,  0.4165, -0.0100],
         [-0.5688, -0.7927, -0.2192,  0.0062],
         [ 0.2313, -0.4099,  0.8823,  0.1958],
         [ 0.0000,  0.0000,  0.0000,  1.0000]]], device='cuda:0',
       grad_fn=<CopySlices>)
0:03:15.621409 - loss orn tensor([2.0081e-05], device='cuda:0', grad_fn=<MinBackward0>)
0:03:15.622054 - loss xy tensor([0.0023], device='cuda:0', grad_fn=<MinBackward0>)
0:03:15.622676 - loss z tensor([0.0013], device='cuda:0', grad_fn=<MinBackward0>)
  0%|                                       | 0/1 [00:00<?, ?it/s, loss=0.00361]100%|███████████████████████████████| 1/1 [00:00<00:00,  4.63it/s, loss=0.00361]100%|███████████████████████████████| 1/1 [00:00<00:00,  4.62it/s, loss=0.00361]
0:03:15.371266 - saving /home/ubuntu/synthetic_pose_estimation/cosypose/local_data/experiments/bracket_assembly_debug_nut_nosym_coarse_noaug--938962 366
  0%|                                                     | 0/1 [00:00<?, ?it/s]0:03:15.786292 - iteration 0
0:03:15.829842 - outputs, {'pose': tensor([[-0.9816, -0.7012,  0.2787,  0.5583, -0.5290, -0.3944,  3.4936, -1.4380,
          0.5734]], device='cuda:0', grad_fn=<AddmmBackward0>)}
0:03:15.831432 - model_outputs {'pose': tensor([[-0.9816, -0.7012,  0.2787,  0.5583, -0.5290, -0.3944,  3.4936, -1.4380,
          0.5734]], device='cuda:0', grad_fn=<AddmmBackward0>)}
0:03:15.832263 - K crop tensor([[[1.6584e+03, 0.0000e+00, 2.2349e+02],
         [0.0000e+00, 1.6584e+03, 5.1875e+01],
         [0.0000e+00, 0.0000e+00, 1.0000e+00]]], device='cuda:0')
0:03:15.833180 - TCO_input tensor([[[ 1.0000,  0.0000,  0.0000, -0.0106],
         [ 0.0000,  1.0000,  0.0000,  0.0112],
         [ 0.0000,  0.0000,  1.0000,  0.2759],
         [ 0.0000,  0.0000,  0.0000,  1.0000]]], device='cuda:0')
0:03:15.834698 - model tco output tensor([[[-0.7928,  0.4498,  0.4113, -0.0058],
         [-0.5664, -0.7930, -0.2246,  0.0063],
         [ 0.2251, -0.4110,  0.8834,  0.1582],
         [ 0.0000,  0.0000,  0.0000,  1.0000]]], device='cuda:0',
       grad_fn=<CopySlices>)
0:03:15.874243 - Wrote debug data: /home/ubuntu/synthetic_pose_estimation/cosypose/local_data/debug_data/debug_iter=1.pth.tar
0:03:16.084902 - TCO_input tensor([[[ 1.0000,  0.0000,  0.0000, -0.0106],
         [ 0.0000,  1.0000,  0.0000,  0.0112],
         [ 0.0000,  0.0000,  1.0000,  0.2759],
         [ 0.0000,  0.0000,  0.0000,  1.0000]]], device='cuda:0')
0:03:16.085907 - vxvyvz tensor([[ 3.4936, -1.4380,  0.5734]], device='cuda:0',
       grad_fn=<SliceBackward0>)
0:03:16.086920 - dR tensor([[[-0.7928,  0.4498,  0.4113],
         [-0.5664, -0.7930, -0.2246],
         [ 0.2251, -0.4110,  0.8834]]], device='cuda:0',
       grad_fn=<StackBackward0>)
0:03:16.087827 - fxfy tensor([[1658.4034, 1658.4036]], device='cuda:0')
0:03:16.090403 - TCO_gt tensor([[[-0.7893,  0.4511,  0.4165, -0.0100],
         [-0.5688, -0.7927, -0.2192,  0.0062],
         [ 0.2313, -0.4099,  0.8823,  0.1920],
         [ 0.0000,  0.0000,  0.0000,  1.0000]]], device='cuda:0')
0:03:16.091355 - TCO pred_orn tensor([[[-0.7928,  0.4498,  0.4113, -0.0100],
         [-0.5664, -0.7930, -0.2246,  0.0062],
         [ 0.2251, -0.4110,  0.8834,  0.1920],
         [ 0.0000,  0.0000,  0.0000,  1.0000]]], device='cuda:0',
       grad_fn=<CopySlices>)
0:03:16.092287 - TCO pred_xy tensor([[[-0.7893,  0.4511,  0.4165, -0.0070],
         [-0.5688, -0.7927, -0.2192,  0.0077],
         [ 0.2313, -0.4099,  0.8823,  0.1920],
         [ 0.0000,  0.0000,  0.0000,  1.0000]]], device='cuda:0',
       grad_fn=<CopySlices>)
0:03:16.093291 - TCO pred_z tensor([[[-0.7893,  0.4511,  0.4165, -0.0100],
         [-0.5688, -0.7927, -0.2192,  0.0062],
         [ 0.2313, -0.4099,  0.8823,  0.1582],
         [ 0.0000,  0.0000,  0.0000,  1.0000]]], device='cuda:0',
       grad_fn=<CopySlices>)
0:03:16.093966 - loss orn tensor([3.0000e-05], device='cuda:0', grad_fn=<MinBackward0>)
0:03:16.094628 - loss xy tensor([0.0015], device='cuda:0', grad_fn=<MinBackward0>)
0:03:16.095287 - loss z tensor([0.0113], device='cuda:0', grad_fn=<MinBackward0>)
  0%|                                        | 0/1 [00:00<?, ?it/s, loss=0.0128]100%|████████████████████████████████| 1/1 [00:00<00:00,  4.63it/s, loss=0.0128]100%|████████████████████████████████| 1/1 [00:00<00:00,  4.63it/s, loss=0.0128]
0:03:15.846538 - saving /home/ubuntu/synthetic_pose_estimation/cosypose/local_data/experiments/bracket_assembly_debug_nut_nosym_coarse_noaug--938962 367
  0%|                                                     | 0/1 [00:00<?, ?it/s]0:03:16.261985 - iteration 0
0:03:16.305738 - outputs, {'pose': tensor([[-0.9815, -0.7047,  0.2787,  0.5624, -0.5377, -0.4000,  3.5104, -1.4543,
          0.5743]], device='cuda:0', grad_fn=<AddmmBackward0>)}
0:03:16.307383 - model_outputs {'pose': tensor([[-0.9815, -0.7047,  0.2787,  0.5624, -0.5377, -0.4000,  3.5104, -1.4543,
          0.5743]], device='cuda:0', grad_fn=<AddmmBackward0>)}
0:03:16.308205 - K crop tensor([[[2.0676e+03, 0.0000e+00, 2.4905e+02],
         [0.0000e+00, 2.0676e+03, 7.3564e+01],
         [0.0000e+00, 0.0000e+00, 1.0000e+00]]], device='cuda:0')
0:03:16.309126 - TCO_input tensor([[[ 1.0000,  0.0000,  0.0000, -0.0147],
         [ 0.0000,  1.0000,  0.0000,  0.0076],
         [ 0.0000,  0.0000,  1.0000,  0.3400],
         [ 0.0000,  0.0000,  0.0000,  1.0000]]], device='cuda:0')
0:03:16.310091 - model tco output tensor([[[-0.7915,  0.4510,  0.4124, -0.0081],
         [-0.5683, -0.7914, -0.2253,  0.0042],
         [ 0.2247, -0.4127,  0.8827,  0.1953],
         [ 0.0000,  0.0000,  0.0000,  1.0000]]], device='cuda:0',
       grad_fn=<CopySlices>)
0:03:16.347463 - Wrote debug data: /home/ubuntu/synthetic_pose_estimation/cosypose/local_data/debug_data/debug_iter=1.pth.tar
0:03:16.559822 - TCO_input tensor([[[ 1.0000,  0.0000,  0.0000, -0.0147],
         [ 0.0000,  1.0000,  0.0000,  0.0076],
         [ 0.0000,  0.0000,  1.0000,  0.3400],
         [ 0.0000,  0.0000,  0.0000,  1.0000]]], device='cuda:0')
0:03:16.560917 - vxvyvz tensor([[ 3.5104, -1.4543,  0.5743]], device='cuda:0',
       grad_fn=<SliceBackward0>)
0:03:16.561993 - dR tensor([[[-0.7915,  0.4510,  0.4124],
         [-0.5683, -0.7914, -0.2253],
         [ 0.2247, -0.4127,  0.8827]]], device='cuda:0',
       grad_fn=<StackBackward0>)
0:03:16.562888 - fxfy tensor([[2067.6321, 2067.6321]], device='cuda:0')
0:03:16.565470 - TCO_gt tensor([[[-0.7893,  0.4511,  0.4165, -0.0100],
         [-0.5688, -0.7927, -0.2192,  0.0062],
         [ 0.2313, -0.4099,  0.8823,  0.1920],
         [ 0.0000,  0.0000,  0.0000,  1.0000]]], device='cuda:0')
0:03:16.566395 - TCO pred_orn tensor([[[-0.7915,  0.4510,  0.4124, -0.0100],
         [-0.5683, -0.7914, -0.2253,  0.0062],
         [ 0.2247, -0.4127,  0.8827,  0.1920],
         [ 0.0000,  0.0000,  0.0000,  1.0000]]], device='cuda:0',
       grad_fn=<CopySlices>)
0:03:16.567293 - TCO pred_xy tensor([[[-0.7893,  0.4511,  0.4165, -0.0080],
         [-0.5688, -0.7927, -0.2192,  0.0041],
         [ 0.2313, -0.4099,  0.8823,  0.1920],
         [ 0.0000,  0.0000,  0.0000,  1.0000]]], device='cuda:0',
       grad_fn=<CopySlices>)
0:03:16.568200 - TCO pred_z tensor([[[-0.7893,  0.4511,  0.4165, -0.0100],
         [-0.5688, -0.7927, -0.2192,  0.0062],
         [ 0.2313, -0.4099,  0.8823,  0.1953],
         [ 0.0000,  0.0000,  0.0000,  1.0000]]], device='cuda:0',
       grad_fn=<CopySlices>)
0:03:16.568872 - loss orn tensor([2.9796e-05], device='cuda:0', grad_fn=<MinBackward0>)
0:03:16.569519 - loss xy tensor([0.0014], device='cuda:0', grad_fn=<MinBackward0>)
0:03:16.570153 - loss z tensor([0.0011], device='cuda:0', grad_fn=<MinBackward0>)
  0%|                                       | 0/1 [00:00<?, ?it/s, loss=0.00249]100%|███████████████████████████████| 1/1 [00:00<00:00,  4.55it/s, loss=0.00249]100%|███████████████████████████████| 1/1 [00:00<00:00,  4.54it/s, loss=0.00249]
0:03:16.348625 - saving /home/ubuntu/synthetic_pose_estimation/cosypose/local_data/experiments/bracket_assembly_debug_nut_nosym_coarse_noaug--938962 368
  0%|                                                     | 0/1 [00:00<?, ?it/s]0:03:16.763900 - iteration 0
0:03:16.807844 - outputs, {'pose': tensor([[-0.9681, -0.7032,  0.2904,  0.5648, -0.5315, -0.3903,  3.4712, -1.4488,
          0.5720]], device='cuda:0', grad_fn=<AddmmBackward0>)}
0:03:16.809529 - model_outputs {'pose': tensor([[-0.9681, -0.7032,  0.2904,  0.5648, -0.5315, -0.3903,  3.4712, -1.4488,
          0.5720]], device='cuda:0', grad_fn=<AddmmBackward0>)}
0:03:16.810360 - K crop tensor([[[1.7955e+03, 0.0000e+00, 1.9097e+02],
         [0.0000e+00, 1.7955e+03, 7.2335e+01],
         [0.0000e+00, 0.0000e+00, 1.0000e+00]]], device='cuda:0')
0:03:16.811248 - TCO_input tensor([[[ 1.0000,  0.0000,  0.0000, -0.0052],
         [ 0.0000,  1.0000,  0.0000,  0.0078],
         [ 0.0000,  0.0000,  1.0000,  0.2965],
         [ 0.0000,  0.0000,  0.0000,  1.0000]]], device='cuda:0')
0:03:16.812863 - model tco output tensor([[[-0.7862,  0.4565,  0.4164, -0.0026],
         [-0.5711, -0.7942, -0.2076,  0.0043],
         [ 0.2359, -0.4011,  0.8852,  0.1696],
         [ 0.0000,  0.0000,  0.0000,  1.0000]]], device='cuda:0',
       grad_fn=<CopySlices>)
0:03:16.852235 - Wrote debug data: /home/ubuntu/synthetic_pose_estimation/cosypose/local_data/debug_data/debug_iter=1.pth.tar
0:03:17.065527 - TCO_input tensor([[[ 1.0000,  0.0000,  0.0000, -0.0052],
         [ 0.0000,  1.0000,  0.0000,  0.0078],
         [ 0.0000,  0.0000,  1.0000,  0.2965],
         [ 0.0000,  0.0000,  0.0000,  1.0000]]], device='cuda:0')
0:03:17.066547 - vxvyvz tensor([[ 3.4712, -1.4488,  0.5720]], device='cuda:0',
       grad_fn=<SliceBackward0>)
0:03:17.067596 - dR tensor([[[-0.7862,  0.4565,  0.4164],
         [-0.5711, -0.7942, -0.2076],
         [ 0.2359, -0.4011,  0.8852]]], device='cuda:0',
       grad_fn=<StackBackward0>)
0:03:17.068498 - fxfy tensor([[1795.5393, 1795.5396]], device='cuda:0')
0:03:17.071125 - TCO_gt tensor([[[-0.7893,  0.4511,  0.4165, -0.0100],
         [-0.5688, -0.7927, -0.2192,  0.0062],
         [ 0.2313, -0.4099,  0.8823,  0.1920],
         [ 0.0000,  0.0000,  0.0000,  1.0000]]], device='cuda:0')
0:03:17.072103 - TCO pred_orn tensor([[[-0.7862,  0.4565,  0.4164, -0.0100],
         [-0.5711, -0.7942, -0.2076,  0.0062],
         [ 0.2359, -0.4011,  0.8852,  0.1920],
         [ 0.0000,  0.0000,  0.0000,  1.0000]]], device='cuda:0',
       grad_fn=<CopySlices>)
0:03:17.073062 - TCO pred_xy tensor([[[-0.7893,  0.4511,  0.4165, -0.0030],
         [-0.5688, -0.7927, -0.2192,  0.0049],
         [ 0.2313, -0.4099,  0.8823,  0.1920],
         [ 0.0000,  0.0000,  0.0000,  1.0000]]], device='cuda:0',
       grad_fn=<CopySlices>)
0:03:17.074049 - TCO pred_z tensor([[[-0.7893,  0.4511,  0.4165, -0.0100],
         [-0.5688, -0.7927, -0.2192,  0.0062],
         [ 0.2313, -0.4099,  0.8823,  0.1696],
         [ 0.0000,  0.0000,  0.0000,  1.0000]]], device='cuda:0',
       grad_fn=<CopySlices>)
0:03:17.074739 - loss orn tensor([4.8598e-05], device='cuda:0', grad_fn=<MinBackward0>)
0:03:17.075393 - loss xy tensor([0.0028], device='cuda:0', grad_fn=<MinBackward0>)
0:03:17.076050 - loss z tensor([0.0075], device='cuda:0', grad_fn=<MinBackward0>)
  0%|                                        | 0/1 [00:00<?, ?it/s, loss=0.0103]100%|████████████████████████████████| 1/1 [00:00<00:00,  4.57it/s, loss=0.0103]100%|████████████████████████████████| 1/1 [00:00<00:00,  4.56it/s, loss=0.0103]
0:03:16.847313 - saving /home/ubuntu/synthetic_pose_estimation/cosypose/local_data/experiments/bracket_assembly_debug_nut_nosym_coarse_noaug--938962 369
  0%|                                                     | 0/1 [00:00<?, ?it/s]0:03:17.262663 - iteration 0
0:03:17.306604 - outputs, {'pose': tensor([[-0.9792, -0.7078,  0.2842,  0.5622, -0.5402, -0.3933,  3.5018, -1.4667,
          0.5831]], device='cuda:0', grad_fn=<AddmmBackward0>)}
0:03:17.308271 - model_outputs {'pose': tensor([[-0.9792, -0.7078,  0.2842,  0.5622, -0.5402, -0.3933,  3.5018, -1.4667,
          0.5831]], device='cuda:0', grad_fn=<AddmmBackward0>)}
0:03:17.309114 - K crop tensor([[[1.6370e+03, 0.0000e+00, 2.4045e+02],
         [0.0000e+00, 1.6370e+03, 6.3947e-01],
         [0.0000e+00, 0.0000e+00, 1.0000e+00]]], device='cuda:0')
0:03:17.310026 - TCO_input tensor([[[ 1.0000,  0.0000,  0.0000, -0.0136],
         [ 0.0000,  1.0000,  0.0000,  0.0200],
         [ 0.0000,  0.0000,  1.0000,  0.2758],
         [ 0.0000,  0.0000,  0.0000,  1.0000]]], device='cuda:0')
0:03:17.311548 - model tco output tensor([[[-0.7889,  0.4555,  0.4125, -0.0076],
         [-0.5702, -0.7928, -0.2152,  0.0115],
         [ 0.2289, -0.4050,  0.8852,  0.1608],
         [ 0.0000,  0.0000,  0.0000,  1.0000]]], device='cuda:0',
       grad_fn=<CopySlices>)
0:03:17.353113 - Wrote debug data: /home/ubuntu/synthetic_pose_estimation/cosypose/local_data/debug_data/debug_iter=1.pth.tar
0:03:17.568540 - TCO_input tensor([[[ 1.0000,  0.0000,  0.0000, -0.0136],
         [ 0.0000,  1.0000,  0.0000,  0.0200],
         [ 0.0000,  0.0000,  1.0000,  0.2758],
         [ 0.0000,  0.0000,  0.0000,  1.0000]]], device='cuda:0')
0:03:17.569615 - vxvyvz tensor([[ 3.5018, -1.4667,  0.5831]], device='cuda:0',
       grad_fn=<SliceBackward0>)
0:03:17.570657 - dR tensor([[[-0.7889,  0.4555,  0.4125],
         [-0.5702, -0.7928, -0.2152],
         [ 0.2289, -0.4050,  0.8852]]], device='cuda:0',
       grad_fn=<StackBackward0>)
0:03:17.571593 - fxfy tensor([[1636.9639, 1636.9640]], device='cuda:0')
0:03:17.574209 - TCO_gt tensor([[[-0.7893,  0.4511,  0.4165, -0.0100],
         [-0.5688, -0.7927, -0.2192,  0.0062],
         [ 0.2313, -0.4099,  0.8823,  0.1920],
         [ 0.0000,  0.0000,  0.0000,  1.0000]]], device='cuda:0')
0:03:17.575165 - TCO pred_orn tensor([[[-0.7889,  0.4555,  0.4125, -0.0100],
         [-0.5702, -0.7928, -0.2152,  0.0062],
         [ 0.2289, -0.4050,  0.8852,  0.1920],
         [ 0.0000,  0.0000,  0.0000,  1.0000]]], device='cuda:0',
       grad_fn=<CopySlices>)
0:03:17.576147 - TCO pred_xy tensor([[[-0.7893,  0.4511,  0.4165, -0.0091],
         [-0.5688, -0.7927, -0.2192,  0.0138],
         [ 0.2313, -0.4099,  0.8823,  0.1920],
         [ 0.0000,  0.0000,  0.0000,  1.0000]]], device='cuda:0',
       grad_fn=<CopySlices>)
0:03:17.577087 - TCO pred_z tensor([[[-0.7893,  0.4511,  0.4165, -0.0100],
         [-0.5688, -0.7927, -0.2192,  0.0062],
         [ 0.2313, -0.4099,  0.8823,  0.1608],
         [ 0.0000,  0.0000,  0.0000,  1.0000]]], device='cuda:0',
       grad_fn=<CopySlices>)
0:03:17.577779 - loss orn tensor([2.6689e-05], device='cuda:0', grad_fn=<MinBackward0>)
0:03:17.578437 - loss xy tensor([0.0028], device='cuda:0', grad_fn=<MinBackward0>)
0:03:17.579089 - loss z tensor([0.0104], device='cuda:0', grad_fn=<MinBackward0>)
  0%|                                        | 0/1 [00:00<?, ?it/s, loss=0.0132]100%|████████████████████████████████| 1/1 [00:00<00:00,  4.46it/s, loss=0.0132]100%|████████████████████████████████| 1/1 [00:00<00:00,  4.45it/s, loss=0.0132]
  0%|                                                     | 0/1 [00:00<?, ?it/s]0:03:17.486608 - iteration 0
0:03:17.523082 - outputs, {'pose': tensor([[-0.2561, -0.0185,  0.0559,  0.2967, -0.0884, -0.1112,  0.9221, -0.4784,
          0.3919]], device='cuda:0')}
0:03:17.524572 - model_outputs {'pose': tensor([[-0.2561, -0.0185,  0.0559,  0.2967, -0.0884, -0.1112,  0.9221, -0.4784,
          0.3919]], device='cuda:0')}
0:03:17.525380 - K crop tensor([[[1.6036e+03, 0.0000e+00, 2.7403e+02],
         [0.0000e+00, 1.6036e+03, 7.4810e+01],
         [0.0000e+00, 0.0000e+00, 1.0000e+00]]], device='cuda:0')
0:03:17.526279 - TCO_input tensor([[[ 1.0000,  0.0000,  0.0000, -0.0190],
         [ 0.0000,  1.0000,  0.0000,  0.0074],
         [ 0.0000,  0.0000,  1.0000,  0.2656],
         [ 0.0000,  0.0000,  0.0000,  1.0000]]], device='cuda:0')
0:03:17.527208 - model tco output tensor([[[-0.9746, -0.0175,  0.2234, -0.0074],
         [-0.0705, -0.9224, -0.3796,  0.0029],
         [ 0.2128, -0.3857,  0.8977,  0.1041],
         [ 0.0000,  0.0000,  0.0000,  1.0000]]], device='cuda:0')
0:03:17.565975 - Wrote debug data: /home/ubuntu/synthetic_pose_estimation/cosypose/local_data/debug_data/debug_iter=1.pth.tar
0:03:17.779017 - TCO_input tensor([[[ 1.0000,  0.0000,  0.0000, -0.0190],
         [ 0.0000,  1.0000,  0.0000,  0.0074],
         [ 0.0000,  0.0000,  1.0000,  0.2656],
         [ 0.0000,  0.0000,  0.0000,  1.0000]]], device='cuda:0')
0:03:17.780179 - vxvyvz tensor([[ 0.9221, -0.4784,  0.3919]], device='cuda:0')
0:03:17.781301 - dR tensor([[[-0.9746, -0.0175,  0.2234],
         [-0.0705, -0.9224, -0.3796],
         [ 0.2128, -0.3857,  0.8977]]], device='cuda:0')
0:03:17.782254 - fxfy tensor([[1603.5681, 1603.5681]], device='cuda:0')
0:03:17.784665 - TCO_gt tensor([[[-0.7893,  0.4511,  0.4165, -0.0100],
         [-0.5688, -0.7927, -0.2192,  0.0062],
         [ 0.2313, -0.4099,  0.8823,  0.1920],
         [ 0.0000,  0.0000,  0.0000,  1.0000]]], device='cuda:0')
0:03:17.785666 - TCO pred_orn tensor([[[-0.9746, -0.0175,  0.2234, -0.0100],
         [-0.0705, -0.9224, -0.3796,  0.0062],
         [ 0.2128, -0.3857,  0.8977,  0.1920],
         [ 0.0000,  0.0000,  0.0000,  1.0000]]], device='cuda:0')
0:03:17.786618 - TCO pred_xy tensor([[[-0.7893,  0.4511,  0.4165, -0.0136],
         [-0.5688, -0.7927, -0.2192,  0.0053],
         [ 0.2313, -0.4099,  0.8823,  0.1920],
         [ 0.0000,  0.0000,  0.0000,  1.0000]]], device='cuda:0')
0:03:17.787555 - TCO pred_z tensor([[[-0.7893,  0.4511,  0.4165, -0.0100],
         [-0.5688, -0.7927, -0.2192,  0.0062],
         [ 0.2313, -0.4099,  0.8823,  0.1041],
         [ 0.0000,  0.0000,  0.0000,  1.0000]]], device='cuda:0')
0:03:17.788220 - loss orn tensor([0.0021], device='cuda:0')
0:03:17.788909 - loss xy tensor([0.0015], device='cuda:0')
0:03:17.789600 - loss z tensor([0.0293], device='cuda:0')
100%|█████████████████████████████████████████████| 1/1 [00:00<00:00,  8.21it/s]100%|█████████████████████████████████████████████| 1/1 [00:00<00:00,  8.18it/s]
0:03:17.462669 - saving /home/ubuntu/synthetic_pose_estimation/cosypose/local_data/experiments/bracket_assembly_debug_nut_nosym_coarse_noaug--938962 370
  0%|                                                     | 0/1 [00:00<?, ?it/s]0:03:17.874635 - iteration 0
0:03:17.918717 - outputs, {'pose': tensor([[-0.9796, -0.7071,  0.2951,  0.5579, -0.5301, -0.3990,  3.4900, -1.4697,
          0.5799]], device='cuda:0', grad_fn=<AddmmBackward0>)}
0:03:17.920529 - model_outputs {'pose': tensor([[-0.9796, -0.7071,  0.2951,  0.5579, -0.5301, -0.3990,  3.4900, -1.4697,
          0.5799]], device='cuda:0', grad_fn=<AddmmBackward0>)}
0:03:17.921441 - K crop tensor([[[2.0022e+03, 0.0000e+00, 2.6759e+02],
         [0.0000e+00, 2.0022e+03, 8.2924e+01],
         [0.0000e+00, 0.0000e+00, 1.0000e+00]]], device='cuda:0')
0:03:17.922371 - TCO_input tensor([[[ 1.0000,  0.0000,  0.0000, -0.0178],
         [ 0.0000,  1.0000,  0.0000,  0.0060],
         [ 0.0000,  0.0000,  1.0000,  0.3289],
         [ 0.0000,  0.0000,  0.0000,  1.0000]]], device='cuda:0')
0:03:17.923320 - model tco output tensor([[[-0.7877,  0.4485,  0.4224, -0.0100],
         [-0.5685, -0.7933, -0.2179,  0.0033],
         [ 0.2373, -0.4117,  0.8799,  0.1907],
         [ 0.0000,  0.0000,  0.0000,  1.0000]]], device='cuda:0',
       grad_fn=<CopySlices>)
0:03:17.960819 - Wrote debug data: /home/ubuntu/synthetic_pose_estimation/cosypose/local_data/debug_data/debug_iter=1.pth.tar
0:03:18.174254 - TCO_input tensor([[[ 1.0000,  0.0000,  0.0000, -0.0178],
         [ 0.0000,  1.0000,  0.0000,  0.0060],
         [ 0.0000,  0.0000,  1.0000,  0.3289],
         [ 0.0000,  0.0000,  0.0000,  1.0000]]], device='cuda:0')
0:03:18.175329 - vxvyvz tensor([[ 3.4900, -1.4697,  0.5799]], device='cuda:0',
       grad_fn=<SliceBackward0>)
0:03:18.176380 - dR tensor([[[-0.7877,  0.4485,  0.4224],
         [-0.5685, -0.7933, -0.2179],
         [ 0.2373, -0.4117,  0.8799]]], device='cuda:0',
       grad_fn=<StackBackward0>)
0:03:18.177360 - fxfy tensor([[2002.2244, 2002.2245]], device='cuda:0')
0:03:18.179889 - TCO_gt tensor([[[-0.7893,  0.4511,  0.4165, -0.0100],
         [-0.5688, -0.7927, -0.2192,  0.0062],
         [ 0.2313, -0.4099,  0.8823,  0.1920],
         [ 0.0000,  0.0000,  0.0000,  1.0000]]], device='cuda:0')
0:03:18.180858 - TCO pred_orn tensor([[[-0.7877,  0.4485,  0.4224, -0.0100],
         [-0.5685, -0.7933, -0.2179,  0.0062],
         [ 0.2373, -0.4117,  0.8799,  0.1920],
         [ 0.0000,  0.0000,  0.0000,  1.0000]]], device='cuda:0',
       grad_fn=<CopySlices>)
0:03:18.181818 - TCO pred_xy tensor([[[-0.7893,  0.4511,  0.4165, -0.0100],
         [-0.5688, -0.7927, -0.2192,  0.0034],
         [ 0.2313, -0.4099,  0.8823,  0.1920],
         [ 0.0000,  0.0000,  0.0000,  1.0000]]], device='cuda:0',
       grad_fn=<CopySlices>)
0:03:18.182790 - TCO pred_z tensor([[[-0.7893,  0.4511,  0.4165, -0.0100],
         [-0.5688, -0.7927, -0.2192,  0.0062],
         [ 0.2313, -0.4099,  0.8823,  0.1907],
         [ 0.0000,  0.0000,  0.0000,  1.0000]]], device='cuda:0',
       grad_fn=<CopySlices>)
0:03:18.183458 - loss orn tensor([2.3712e-05], device='cuda:0', grad_fn=<MinBackward0>)
0:03:18.184115 - loss xy tensor([0.0009], device='cuda:0', grad_fn=<MinBackward0>)
0:03:18.184779 - loss z tensor([0.0004], device='cuda:0', grad_fn=<MinBackward0>)
  0%|                                       | 0/1 [00:00<?, ?it/s, loss=0.00138]100%|███████████████████████████████| 1/1 [00:00<00:00,  4.63it/s, loss=0.00138]100%|███████████████████████████████| 1/1 [00:00<00:00,  4.62it/s, loss=0.00138]
0:03:17.929693 - saving /home/ubuntu/synthetic_pose_estimation/cosypose/local_data/experiments/bracket_assembly_debug_nut_nosym_coarse_noaug--938962 371
  0%|                                                     | 0/1 [00:00<?, ?it/s]0:03:18.344781 - iteration 0
0:03:18.388128 - outputs, {'pose': tensor([[-0.9819, -0.7062,  0.2930,  0.5548, -0.5291, -0.4027,  3.4789, -1.4724,
          0.5909]], device='cuda:0', grad_fn=<AddmmBackward0>)}
0:03:18.389779 - model_outputs {'pose': tensor([[-0.9819, -0.7062,  0.2930,  0.5548, -0.5291, -0.4027,  3.4789, -1.4724,
          0.5909]], device='cuda:0', grad_fn=<AddmmBackward0>)}
0:03:18.390554 - K crop tensor([[[1.8982e+03, 0.0000e+00, 2.9717e+02],
         [0.0000e+00, 1.8982e+03, 7.7874e+01],
         [0.0000e+00, 0.0000e+00, 1.0000e+00]]], device='cuda:0')
0:03:18.391407 - TCO_input tensor([[[ 1.0000,  0.0000,  0.0000, -0.0227],
         [ 0.0000,  1.0000,  0.0000,  0.0069],
         [ 0.0000,  0.0000,  1.0000,  0.3126],
         [ 0.0000,  0.0000,  0.0000,  1.0000]]], device='cuda:0')
0:03:18.392566 - model tco output tensor([[[-0.7890,  0.4454,  0.4232, -0.0131],
         [-0.5675, -0.7923, -0.2242,  0.0039],
         [ 0.2354, -0.4171,  0.8778,  0.1847],
         [ 0.0000,  0.0000,  0.0000,  1.0000]]], device='cuda:0',
       grad_fn=<CopySlices>)
0:03:18.430953 - Wrote debug data: /home/ubuntu/synthetic_pose_estimation/cosypose/local_data/debug_data/debug_iter=1.pth.tar
0:03:18.641916 - TCO_input tensor([[[ 1.0000,  0.0000,  0.0000, -0.0227],
         [ 0.0000,  1.0000,  0.0000,  0.0069],
         [ 0.0000,  0.0000,  1.0000,  0.3126],
         [ 0.0000,  0.0000,  0.0000,  1.0000]]], device='cuda:0')
0:03:18.642869 - vxvyvz tensor([[ 3.4789, -1.4724,  0.5909]], device='cuda:0',
       grad_fn=<SliceBackward0>)
0:03:18.643841 - dR tensor([[[-0.7890,  0.4454,  0.4232],
         [-0.5675, -0.7923, -0.2242],
         [ 0.2354, -0.4171,  0.8778]]], device='cuda:0',
       grad_fn=<StackBackward0>)
0:03:18.644695 - fxfy tensor([[1898.2168, 1898.2168]], device='cuda:0')
0:03:18.647209 - TCO_gt tensor([[[-0.7893,  0.4511,  0.4165, -0.0100],
         [-0.5688, -0.7927, -0.2192,  0.0062],
         [ 0.2313, -0.4099,  0.8823,  0.1920],
         [ 0.0000,  0.0000,  0.0000,  1.0000]]], device='cuda:0')
0:03:18.648140 - TCO pred_orn tensor([[[-0.7890,  0.4454,  0.4232, -0.0100],
         [-0.5675, -0.7923, -0.2242,  0.0062],
         [ 0.2354, -0.4171,  0.8778,  0.1920],
         [ 0.0000,  0.0000,  0.0000,  1.0000]]], device='cuda:0',
       grad_fn=<CopySlices>)
0:03:18.649053 - TCO pred_xy tensor([[[-0.7893,  0.4511,  0.4165, -0.0136],
         [-0.5688, -0.7927, -0.2192,  0.0041],
         [ 0.2313, -0.4099,  0.8823,  0.1920],
         [ 0.0000,  0.0000,  0.0000,  1.0000]]], device='cuda:0',
       grad_fn=<CopySlices>)
0:03:18.649985 - TCO pred_z tensor([[[-0.7893,  0.4511,  0.4165, -0.0100],
         [-0.5688, -0.7927, -0.2192,  0.0062],
         [ 0.2313, -0.4099,  0.8823,  0.1847],
         [ 0.0000,  0.0000,  0.0000,  1.0000]]], device='cuda:0',
       grad_fn=<CopySlices>)
0:03:18.650627 - loss orn tensor([3.7821e-05], device='cuda:0', grad_fn=<MinBackward0>)
0:03:18.651246 - loss xy tensor([0.0019], device='cuda:0', grad_fn=<MinBackward0>)
0:03:18.651852 - loss z tensor([0.0024], device='cuda:0', grad_fn=<MinBackward0>)
  0%|                                       | 0/1 [00:00<?, ?it/s, loss=0.00435]100%|███████████████████████████████| 1/1 [00:00<00:00,  4.65it/s, loss=0.00435]100%|███████████████████████████████| 1/1 [00:00<00:00,  4.64it/s, loss=0.00435]
0:03:18.409662 - saving /home/ubuntu/synthetic_pose_estimation/cosypose/local_data/experiments/bracket_assembly_debug_nut_nosym_coarse_noaug--938962 372
  0%|                                                     | 0/1 [00:00<?, ?it/s]0:03:18.824865 - iteration 0
0:03:18.868314 - outputs, {'pose': tensor([[-0.9776, -0.7049,  0.2890,  0.5541, -0.5229, -0.4017,  3.4611, -1.4632,
          0.5917]], device='cuda:0', grad_fn=<AddmmBackward0>)}
0:03:18.869933 - model_outputs {'pose': tensor([[-0.9776, -0.7049,  0.2890,  0.5541, -0.5229, -0.4017,  3.4611, -1.4632,
          0.5917]], device='cuda:0', grad_fn=<AddmmBackward0>)}
0:03:18.870725 - K crop tensor([[[1.8322e+03, 0.0000e+00, 2.2977e+02],
         [0.0000e+00, 1.8322e+03, 7.1513e+01],
         [0.0000e+00, 0.0000e+00, 1.0000e+00]]], device='cuda:0')
0:03:18.871911 - TCO_input tensor([[[ 1.0000,  0.0000,  0.0000, -0.0116],
         [ 0.0000,  1.0000,  0.0000,  0.0079],
         [ 0.0000,  0.0000,  1.0000,  0.3024],
         [ 0.0000,  0.0000,  0.0000,  1.0000]]], device='cuda:0')
0:03:18.873724 - model tco output tensor([[[-0.7888,  0.4463,  0.4227, -0.0065],
         [-0.5688, -0.7907, -0.2264,  0.0045],
         [ 0.2332, -0.4189,  0.8776,  0.1789],
         [ 0.0000,  0.0000,  0.0000,  1.0000]]], device='cuda:0',
       grad_fn=<CopySlices>)
0:03:18.912268 - Wrote debug data: /home/ubuntu/synthetic_pose_estimation/cosypose/local_data/debug_data/debug_iter=1.pth.tar
0:03:19.123600 - TCO_input tensor([[[ 1.0000,  0.0000,  0.0000, -0.0116],
         [ 0.0000,  1.0000,  0.0000,  0.0079],
         [ 0.0000,  0.0000,  1.0000,  0.3024],
         [ 0.0000,  0.0000,  0.0000,  1.0000]]], device='cuda:0')
0:03:19.124547 - vxvyvz tensor([[ 3.4611, -1.4632,  0.5917]], device='cuda:0',
       grad_fn=<SliceBackward0>)
0:03:19.125573 - dR tensor([[[-0.7888,  0.4463,  0.4227],
         [-0.5688, -0.7907, -0.2264],
         [ 0.2332, -0.4189,  0.8776]]], device='cuda:0',
       grad_fn=<StackBackward0>)
0:03:19.126418 - fxfy tensor([[1832.1691, 1832.1692]], device='cuda:0')
0:03:19.128902 - TCO_gt tensor([[[-0.7893,  0.4511,  0.4165, -0.0100],
         [-0.5688, -0.7927, -0.2192,  0.0062],
         [ 0.2313, -0.4099,  0.8823,  0.1920],
         [ 0.0000,  0.0000,  0.0000,  1.0000]]], device='cuda:0')
0:03:19.129843 - TCO pred_orn tensor([[[-0.7888,  0.4463,  0.4227, -0.0100],
         [-0.5688, -0.7907, -0.2264,  0.0062],
         [ 0.2332, -0.4189,  0.8776,  0.1920],
         [ 0.0000,  0.0000,  0.0000,  1.0000]]], device='cuda:0',
       grad_fn=<CopySlices>)
0:03:19.130766 - TCO pred_xy tensor([[[-0.7893,  0.4511,  0.4165, -0.0070],
         [-0.5688, -0.7927, -0.2192,  0.0049],
         [ 0.2313, -0.4099,  0.8823,  0.1920],
         [ 0.0000,  0.0000,  0.0000,  1.0000]]], device='cuda:0',
       grad_fn=<CopySlices>)
0:03:19.131649 - TCO pred_z tensor([[[-0.7893,  0.4511,  0.4165, -0.0100],
         [-0.5688, -0.7927, -0.2192,  0.0062],
         [ 0.2313, -0.4099,  0.8823,  0.1789],
         [ 0.0000,  0.0000,  0.0000,  1.0000]]], device='cuda:0',
       grad_fn=<CopySlices>)
0:03:19.132273 - loss orn tensor([4.1086e-05], device='cuda:0', grad_fn=<MinBackward0>)
0:03:19.132914 - loss xy tensor([0.0014], device='cuda:0', grad_fn=<MinBackward0>)
0:03:19.133581 - loss z tensor([0.0043], device='cuda:0', grad_fn=<MinBackward0>)
  0%|                                       | 0/1 [00:00<?, ?it/s, loss=0.00582]100%|███████████████████████████████| 1/1 [00:00<00:00,  4.64it/s, loss=0.00582]100%|███████████████████████████████| 1/1 [00:00<00:00,  4.63it/s, loss=0.00582]
0:03:18.882771 - saving /home/ubuntu/synthetic_pose_estimation/cosypose/local_data/experiments/bracket_assembly_debug_nut_nosym_coarse_noaug--938962 373
  0%|                                                     | 0/1 [00:00<?, ?it/s]0:03:19.297916 - iteration 0
0:03:19.341527 - outputs, {'pose': tensor([[-0.9820, -0.7038,  0.2867,  0.5563, -0.5327, -0.4033,  3.4757, -1.4736,
          0.6191]], device='cuda:0', grad_fn=<AddmmBackward0>)}
0:03:19.343158 - model_outputs {'pose': tensor([[-0.9820, -0.7038,  0.2867,  0.5563, -0.5327, -0.4033,  3.4757, -1.4736,
          0.6191]], device='cuda:0', grad_fn=<AddmmBackward0>)}
0:03:19.343926 - K crop tensor([[[2.0207e+03, 0.0000e+00, 2.8112e+02],
         [0.0000e+00, 2.0207e+03, 7.5533e+01],
         [0.0000e+00, 0.0000e+00, 1.0000e+00]]], device='cuda:0')
0:03:19.344771 - TCO_input tensor([[[ 1.0000,  0.0000,  0.0000, -0.0200],
         [ 0.0000,  1.0000,  0.0000,  0.0072],
         [ 0.0000,  0.0000,  1.0000,  0.3324],
         [ 0.0000,  0.0000,  0.0000,  1.0000]]], device='cuda:0')
0:03:19.346350 - model tco output tensor([[[-0.7909,  0.4456,  0.4195, -0.0120],
         [-0.5668, -0.7919, -0.2274,  0.0043],
         [ 0.2309, -0.4176,  0.8788,  0.2058],
         [ 0.0000,  0.0000,  0.0000,  1.0000]]], device='cuda:0',
       grad_fn=<CopySlices>)
0:03:19.383238 - Wrote debug data: /home/ubuntu/synthetic_pose_estimation/cosypose/local_data/debug_data/debug_iter=1.pth.tar
0:03:19.594521 - TCO_input tensor([[[ 1.0000,  0.0000,  0.0000, -0.0200],
         [ 0.0000,  1.0000,  0.0000,  0.0072],
         [ 0.0000,  0.0000,  1.0000,  0.3324],
         [ 0.0000,  0.0000,  0.0000,  1.0000]]], device='cuda:0')
0:03:19.595479 - vxvyvz tensor([[ 3.4757, -1.4736,  0.6191]], device='cuda:0',
       grad_fn=<SliceBackward0>)
0:03:19.596467 - dR tensor([[[-0.7909,  0.4456,  0.4195],
         [-0.5668, -0.7919, -0.2274],
         [ 0.2309, -0.4176,  0.8788]]], device='cuda:0',
       grad_fn=<StackBackward0>)
0:03:19.597359 - fxfy tensor([[2020.6523, 2020.6528]], device='cuda:0')
0:03:19.599859 - TCO_gt tensor([[[-0.7893,  0.4511,  0.4165, -0.0100],
         [-0.5688, -0.7927, -0.2192,  0.0062],
         [ 0.2313, -0.4099,  0.8823,  0.1920],
         [ 0.0000,  0.0000,  0.0000,  1.0000]]], device='cuda:0')
0:03:19.600779 - TCO pred_orn tensor([[[-0.7909,  0.4456,  0.4195, -0.0100],
         [-0.5668, -0.7919, -0.2274,  0.0062],
         [ 0.2309, -0.4176,  0.8788,  0.1920],
         [ 0.0000,  0.0000,  0.0000,  1.0000]]], device='cuda:0',
       grad_fn=<CopySlices>)
0:03:19.601716 - TCO pred_xy tensor([[[-0.7893,  0.4511,  0.4165, -0.0112],
         [-0.5688, -0.7927, -0.2192,  0.0040],
         [ 0.2313, -0.4099,  0.8823,  0.1920],
         [ 0.0000,  0.0000,  0.0000,  1.0000]]], device='cuda:0',
       grad_fn=<CopySlices>)
0:03:19.602621 - TCO pred_z tensor([[[-0.7893,  0.4511,  0.4165, -0.0100],
         [-0.5688, -0.7927, -0.2192,  0.0062],
         [ 0.2313, -0.4099,  0.8823,  0.2058],
         [ 0.0000,  0.0000,  0.0000,  1.0000]]], device='cuda:0',
       grad_fn=<CopySlices>)
0:03:19.603242 - loss orn tensor([3.8839e-05], device='cuda:0', grad_fn=<MinBackward0>)
0:03:19.603877 - loss xy tensor([0.0011], device='cuda:0', grad_fn=<MinBackward0>)
0:03:19.606847 - loss z tensor([0.0046], device='cuda:0', grad_fn=<MinBackward0>)
  0%|                                       | 0/1 [00:00<?, ?it/s, loss=0.00575]100%|███████████████████████████████| 1/1 [00:00<00:00,  4.58it/s, loss=0.00575]100%|███████████████████████████████| 1/1 [00:00<00:00,  4.57it/s, loss=0.00575]
0:03:19.367927 - saving /home/ubuntu/synthetic_pose_estimation/cosypose/local_data/experiments/bracket_assembly_debug_nut_nosym_coarse_noaug--938962 374
  0%|                                                     | 0/1 [00:00<?, ?it/s]0:03:19.782926 - iteration 0
0:03:19.826614 - outputs, {'pose': tensor([[-0.9764, -0.7086,  0.2869,  0.5641, -0.5367, -0.3926,  3.4695, -1.4669,
          0.6224]], device='cuda:0', grad_fn=<AddmmBackward0>)}
0:03:19.828172 - model_outputs {'pose': tensor([[-0.9764, -0.7086,  0.2869,  0.5641, -0.5367, -0.3926,  3.4695, -1.4669,
          0.6224]], device='cuda:0', grad_fn=<AddmmBackward0>)}
0:03:19.828924 - K crop tensor([[[1.8954e+03, 0.0000e+00, 2.4967e+02],
         [0.0000e+00, 1.8954e+03, 6.3763e+01],
         [0.0000e+00, 0.0000e+00, 1.0000e+00]]], device='cuda:0')
0:03:19.829793 - TCO_input tensor([[[ 1.0000,  0.0000,  0.0000, -0.0149],
         [ 0.0000,  1.0000,  0.0000,  0.0092],
         [ 0.0000,  0.0000,  1.0000,  0.3131],
         [ 0.0000,  0.0000,  0.0000,  1.0000]]], device='cuda:0')
0:03:19.831267 - model tco output tensor([[[-0.7874,  0.4567,  0.4141, -0.0089],
         [-0.5714, -0.7927, -0.2123,  0.0056],
         [ 0.2314, -0.4038,  0.8851,  0.1949],
         [ 0.0000,  0.0000,  0.0000,  1.0000]]], device='cuda:0',
       grad_fn=<CopySlices>)
0:03:19.869869 - Wrote debug data: /home/ubuntu/synthetic_pose_estimation/cosypose/local_data/debug_data/debug_iter=1.pth.tar
0:03:20.080422 - TCO_input tensor([[[ 1.0000,  0.0000,  0.0000, -0.0149],
         [ 0.0000,  1.0000,  0.0000,  0.0092],
         [ 0.0000,  0.0000,  1.0000,  0.3131],
         [ 0.0000,  0.0000,  0.0000,  1.0000]]], device='cuda:0')
0:03:20.081443 - vxvyvz tensor([[ 3.4695, -1.4669,  0.6224]], device='cuda:0',
       grad_fn=<SliceBackward0>)
0:03:20.082439 - dR tensor([[[-0.7874,  0.4567,  0.4141],
         [-0.5714, -0.7927, -0.2123],
         [ 0.2314, -0.4038,  0.8851]]], device='cuda:0',
       grad_fn=<StackBackward0>)
0:03:20.083273 - fxfy tensor([[1895.4312, 1895.4314]], device='cuda:0')
0:03:20.085813 - TCO_gt tensor([[[-0.7893,  0.4511,  0.4165, -0.0100],
         [-0.5688, -0.7927, -0.2192,  0.0062],
         [ 0.2313, -0.4099,  0.8823,  0.1920],
         [ 0.0000,  0.0000,  0.0000,  1.0000]]], device='cuda:0')
0:03:20.086721 - TCO pred_orn tensor([[[-0.7874,  0.4567,  0.4141, -0.0100],
         [-0.5714, -0.7927, -0.2123,  0.0062],
         [ 0.2314, -0.4038,  0.8851,  0.1920],
         [ 0.0000,  0.0000,  0.0000,  1.0000]]], device='cuda:0',
       grad_fn=<CopySlices>)
0:03:20.087628 - TCO pred_xy tensor([[[-0.7893,  0.4511,  0.4165, -0.0088],
         [-0.5688, -0.7927, -0.2192,  0.0055],
         [ 0.2313, -0.4099,  0.8823,  0.1920],
         [ 0.0000,  0.0000,  0.0000,  1.0000]]], device='cuda:0',
       grad_fn=<CopySlices>)
0:03:20.088519 - TCO pred_z tensor([[[-0.7893,  0.4511,  0.4165, -0.0100],
         [-0.5688, -0.7927, -0.2192,  0.0062],
         [ 0.2313, -0.4099,  0.8823,  0.1949],
         [ 0.0000,  0.0000,  0.0000,  1.0000]]], device='cuda:0',
       grad_fn=<CopySlices>)
0:03:20.089177 - loss orn tensor([3.5457e-05], device='cuda:0', grad_fn=<MinBackward0>)
0:03:20.089824 - loss xy tensor([0.0006], device='cuda:0', grad_fn=<MinBackward0>)
0:03:20.090432 - loss z tensor([0.0010], device='cuda:0', grad_fn=<MinBackward0>)
  0%|                                       | 0/1 [00:00<?, ?it/s, loss=0.00163]100%|███████████████████████████████| 1/1 [00:00<00:00,  4.64it/s, loss=0.00163]100%|███████████████████████████████| 1/1 [00:00<00:00,  4.63it/s, loss=0.00163]
0:03:19.840106 - saving /home/ubuntu/synthetic_pose_estimation/cosypose/local_data/experiments/bracket_assembly_debug_nut_nosym_coarse_noaug--938962 375
  0%|                                                     | 0/1 [00:00<?, ?it/s]0:03:20.255272 - iteration 0
0:03:20.298201 - outputs, {'pose': tensor([[-0.9745, -0.7036,  0.2870,  0.5612, -0.5389, -0.3924,  3.4582, -1.4554,
          0.6218]], device='cuda:0', grad_fn=<AddmmBackward0>)}
0:03:20.299716 - model_outputs {'pose': tensor([[-0.9745, -0.7036,  0.2870,  0.5612, -0.5389, -0.3924,  3.4582, -1.4554,
          0.6218]], device='cuda:0', grad_fn=<AddmmBackward0>)}
0:03:20.300471 - K crop tensor([[[1.7680e+03, 0.0000e+00, 2.6935e+02],
         [0.0000e+00, 1.7680e+03, 7.4103e+01],
         [0.0000e+00, 0.0000e+00, 1.0000e+00]]], device='cuda:0')
0:03:20.301315 - TCO_input tensor([[[ 1.0000,  0.0000,  0.0000, -0.0181],
         [ 0.0000,  1.0000,  0.0000,  0.0075],
         [ 0.0000,  0.0000,  1.0000,  0.2920],
         [ 0.0000,  0.0000,  0.0000,  1.0000]]], device='cuda:0')
0:03:20.302210 - model tco output tensor([[[-0.7886,  0.4544,  0.4143, -0.0109],
         [-0.5693, -0.7941, -0.2129,  0.0045],
         [ 0.2323, -0.4037,  0.8849,  0.1815],
         [ 0.0000,  0.0000,  0.0000,  1.0000]]], device='cuda:0',
       grad_fn=<CopySlices>)
0:03:20.339664 - Wrote debug data: /home/ubuntu/synthetic_pose_estimation/cosypose/local_data/debug_data/debug_iter=1.pth.tar
0:03:20.550670 - TCO_input tensor([[[ 1.0000,  0.0000,  0.0000, -0.0181],
         [ 0.0000,  1.0000,  0.0000,  0.0075],
         [ 0.0000,  0.0000,  1.0000,  0.2920],
         [ 0.0000,  0.0000,  0.0000,  1.0000]]], device='cuda:0')
0:03:20.551594 - vxvyvz tensor([[ 3.4582, -1.4554,  0.6218]], device='cuda:0',
       grad_fn=<SliceBackward0>)
0:03:20.552610 - dR tensor([[[-0.7886,  0.4544,  0.4143],
         [-0.5693, -0.7941, -0.2129],
         [ 0.2323, -0.4037,  0.8849]]], device='cuda:0',
       grad_fn=<StackBackward0>)
0:03:20.553505 - fxfy tensor([[1767.9658, 1767.9659]], device='cuda:0')
0:03:20.555951 - TCO_gt tensor([[[-0.7893,  0.4511,  0.4165, -0.0100],
         [-0.5688, -0.7927, -0.2192,  0.0062],
         [ 0.2313, -0.4099,  0.8823,  0.1920],
         [ 0.0000,  0.0000,  0.0000,  1.0000]]], device='cuda:0')
0:03:20.556891 - TCO pred_orn tensor([[[-0.7886,  0.4544,  0.4143, -0.0100],
         [-0.5693, -0.7941, -0.2129,  0.0062],
         [ 0.2323, -0.4037,  0.8849,  0.1920],
         [ 0.0000,  0.0000,  0.0000,  1.0000]]], device='cuda:0',
       grad_fn=<CopySlices>)
0:03:20.557826 - TCO pred_xy tensor([[[-0.7893,  0.4511,  0.4165, -0.0116],
         [-0.5688, -0.7927, -0.2192,  0.0048],
         [ 0.2313, -0.4099,  0.8823,  0.1920],
         [ 0.0000,  0.0000,  0.0000,  1.0000]]], device='cuda:0',
       grad_fn=<CopySlices>)
0:03:20.558707 - TCO pred_z tensor([[[-0.7893,  0.4511,  0.4165, -0.0100],
         [-0.5688, -0.7927, -0.2192,  0.0062],
         [ 0.2313, -0.4099,  0.8823,  0.1815],
         [ 0.0000,  0.0000,  0.0000,  1.0000]]], device='cuda:0',
       grad_fn=<CopySlices>)
0:03:20.559332 - loss orn tensor([2.9105e-05], device='cuda:0', grad_fn=<MinBackward0>)
0:03:20.559942 - loss xy tensor([0.0010], device='cuda:0', grad_fn=<MinBackward0>)
0:03:20.560551 - loss z tensor([0.0035], device='cuda:0', grad_fn=<MinBackward0>)
  0%|                                       | 0/1 [00:00<?, ?it/s, loss=0.00449]100%|███████████████████████████████| 1/1 [00:00<00:00,  4.72it/s, loss=0.00449]100%|███████████████████████████████| 1/1 [00:00<00:00,  4.72it/s, loss=0.00449]
0:03:20.311689 - saving /home/ubuntu/synthetic_pose_estimation/cosypose/local_data/experiments/bracket_assembly_debug_nut_nosym_coarse_noaug--938962 376
  0%|                                                     | 0/1 [00:00<?, ?it/s]0:03:20.726901 - iteration 0
0:03:20.771006 - outputs, {'pose': tensor([[-0.9783, -0.7077,  0.2847,  0.5622, -0.5405, -0.3931,  3.4516, -1.4488,
          0.6333]], device='cuda:0', grad_fn=<AddmmBackward0>)}
0:03:20.772676 - model_outputs {'pose': tensor([[-0.9783, -0.7077,  0.2847,  0.5622, -0.5405, -0.3931,  3.4516, -1.4488,
          0.6333]], device='cuda:0', grad_fn=<AddmmBackward0>)}
0:03:20.773502 - K crop tensor([[[1.7992e+03, 0.0000e+00, 2.7591e+02],
         [0.0000e+00, 1.7992e+03, 8.7722e+01],
         [0.0000e+00, 0.0000e+00, 1.0000e+00]]], device='cuda:0')
0:03:20.774350 - TCO_input tensor([[[ 1.0000,  0.0000,  0.0000, -0.0192],
         [ 0.0000,  1.0000,  0.0000,  0.0052],
         [ 0.0000,  0.0000,  1.0000,  0.2961],
         [ 0.0000,  0.0000,  0.0000,  1.0000]]], device='cuda:0')
0:03:20.775814 - model tco output tensor([[[-0.7886,  0.4558,  0.4128, -0.0118],
         [-0.5705, -0.7928, -0.2144,  0.0032],
         [ 0.2295, -0.4046,  0.8852,  0.1875],
         [ 0.0000,  0.0000,  0.0000,  1.0000]]], device='cuda:0',
       grad_fn=<CopySlices>)
0:03:20.813956 - Wrote debug data: /home/ubuntu/synthetic_pose_estimation/cosypose/local_data/debug_data/debug_iter=1.pth.tar
0:03:21.025133 - TCO_input tensor([[[ 1.0000,  0.0000,  0.0000, -0.0192],
         [ 0.0000,  1.0000,  0.0000,  0.0052],
         [ 0.0000,  0.0000,  1.0000,  0.2961],
         [ 0.0000,  0.0000,  0.0000,  1.0000]]], device='cuda:0')
0:03:21.026232 - vxvyvz tensor([[ 3.4516, -1.4488,  0.6333]], device='cuda:0',
       grad_fn=<SliceBackward0>)
0:03:21.027256 - dR tensor([[[-0.7886,  0.4558,  0.4128],
         [-0.5705, -0.7928, -0.2144],
         [ 0.2295, -0.4046,  0.8852]]], device='cuda:0',
       grad_fn=<StackBackward0>)
0:03:21.028132 - fxfy tensor([[1799.2220, 1799.2222]], device='cuda:0')
0:03:21.030721 - TCO_gt tensor([[[-0.7893,  0.4511,  0.4165, -0.0100],
         [-0.5688, -0.7927, -0.2192,  0.0062],
         [ 0.2313, -0.4099,  0.8823,  0.1920],
         [ 0.0000,  0.0000,  0.0000,  1.0000]]], device='cuda:0')
0:03:21.031650 - TCO pred_orn tensor([[[-0.7886,  0.4558,  0.4128, -0.0100],
         [-0.5705, -0.7928, -0.2144,  0.0062],
         [ 0.2295, -0.4046,  0.8852,  0.1920],
         [ 0.0000,  0.0000,  0.0000,  1.0000]]], device='cuda:0',
       grad_fn=<CopySlices>)
0:03:21.032545 - TCO pred_xy tensor([[[-0.7893,  0.4511,  0.4165, -0.0121],
         [-0.5688, -0.7927, -0.2192,  0.0032],
         [ 0.2313, -0.4099,  0.8823,  0.1920],
         [ 0.0000,  0.0000,  0.0000,  1.0000]]], device='cuda:0',
       grad_fn=<CopySlices>)
0:03:21.033484 - TCO pred_z tensor([[[-0.7893,  0.4511,  0.4165, -0.0100],
         [-0.5688, -0.7927, -0.2192,  0.0062],
         [ 0.2313, -0.4099,  0.8823,  0.1875],
         [ 0.0000,  0.0000,  0.0000,  1.0000]]], device='cuda:0',
       grad_fn=<CopySlices>)
0:03:21.034146 - loss orn tensor([2.9243e-05], device='cuda:0', grad_fn=<MinBackward0>)
0:03:21.034782 - loss xy tensor([0.0017], device='cuda:0', grad_fn=<MinBackward0>)
0:03:21.035404 - loss z tensor([0.0015], device='cuda:0', grad_fn=<MinBackward0>)
  0%|                                       | 0/1 [00:00<?, ?it/s, loss=0.00318]100%|███████████████████████████████| 1/1 [00:00<00:00,  4.60it/s, loss=0.00318]100%|███████████████████████████████| 1/1 [00:00<00:00,  4.59it/s, loss=0.00318]
0:03:20.794818 - saving /home/ubuntu/synthetic_pose_estimation/cosypose/local_data/experiments/bracket_assembly_debug_nut_nosym_coarse_noaug--938962 377
  0%|                                                     | 0/1 [00:00<?, ?it/s]0:03:21.210054 - iteration 0
0:03:21.254002 - outputs, {'pose': tensor([[-0.9789, -0.6997,  0.2854,  0.5628, -0.5322, -0.3936,  3.4560, -1.4358,
          0.6393]], device='cuda:0', grad_fn=<AddmmBackward0>)}
0:03:21.255611 - model_outputs {'pose': tensor([[-0.9789, -0.6997,  0.2854,  0.5628, -0.5322, -0.3936,  3.4560, -1.4358,
          0.6393]], device='cuda:0', grad_fn=<AddmmBackward0>)}
0:03:21.256397 - K crop tensor([[[1.8000e+03, 0.0000e+00, 2.7931e+02],
         [0.0000e+00, 1.8000e+03, 3.7145e+01],
         [0.0000e+00, 0.0000e+00, 1.0000e+00]]], device='cuda:0')
0:03:21.257254 - TCO_input tensor([[[ 1.0000,  0.0000,  0.0000, -0.0199],
         [ 0.0000,  1.0000,  0.0000,  0.0137],
         [ 0.0000,  0.0000,  1.0000,  0.2995],
         [ 0.0000,  0.0000,  0.0000,  1.0000]]], device='cuda:0')
0:03:21.260227 - model tco output tensor([[[-0.7916,  0.4503,  0.4131, -0.0124],
         [-0.5658, -0.7954, -0.2172,  0.0086],
         [ 0.2308, -0.4057,  0.8844,  0.1915],
         [ 0.0000,  0.0000,  0.0000,  1.0000]]], device='cuda:0',
       grad_fn=<CopySlices>)
0:03:21.299014 - Wrote debug data: /home/ubuntu/synthetic_pose_estimation/cosypose/local_data/debug_data/debug_iter=1.pth.tar
0:03:21.510269 - TCO_input tensor([[[ 1.0000,  0.0000,  0.0000, -0.0199],
         [ 0.0000,  1.0000,  0.0000,  0.0137],
         [ 0.0000,  0.0000,  1.0000,  0.2995],
         [ 0.0000,  0.0000,  0.0000,  1.0000]]], device='cuda:0')
0:03:21.511355 - vxvyvz tensor([[ 3.4560, -1.4358,  0.6393]], device='cuda:0',
       grad_fn=<SliceBackward0>)
0:03:21.512363 - dR tensor([[[-0.7916,  0.4503,  0.4131],
         [-0.5658, -0.7954, -0.2172],
         [ 0.2308, -0.4057,  0.8844]]], device='cuda:0',
       grad_fn=<StackBackward0>)
0:03:21.513343 - fxfy tensor([[1800.0300, 1800.0303]], device='cuda:0')
0:03:21.515953 - TCO_gt tensor([[[-0.7893,  0.4511,  0.4165, -0.0100],
         [-0.5688, -0.7927, -0.2192,  0.0062],
         [ 0.2313, -0.4099,  0.8823,  0.1920],
         [ 0.0000,  0.0000,  0.0000,  1.0000]]], device='cuda:0')
0:03:21.516936 - TCO pred_orn tensor([[[-0.7916,  0.4503,  0.4131, -0.0100],
         [-0.5658, -0.7954, -0.2172,  0.0062],
         [ 0.2308, -0.4057,  0.8844,  0.1920],
         [ 0.0000,  0.0000,  0.0000,  1.0000]]], device='cuda:0',
       grad_fn=<CopySlices>)
0:03:21.517889 - TCO pred_xy tensor([[[-0.7893,  0.4511,  0.4165, -0.0124],
         [-0.5688, -0.7927, -0.2192,  0.0086],
         [ 0.2313, -0.4099,  0.8823,  0.1920],
         [ 0.0000,  0.0000,  0.0000,  1.0000]]], device='cuda:0',
       grad_fn=<CopySlices>)
0:03:21.518794 - TCO pred_z tensor([[[-0.7893,  0.4511,  0.4165, -0.0100],
         [-0.5688, -0.7927, -0.2192,  0.0062],
         [ 0.2313, -0.4099,  0.8823,  0.1915],
         [ 0.0000,  0.0000,  0.0000,  1.0000]]], device='cuda:0',
       grad_fn=<CopySlices>)
0:03:21.519433 - loss orn tensor([2.2591e-05], device='cuda:0', grad_fn=<MinBackward0>)
0:03:21.520052 - loss xy tensor([0.0016], device='cuda:0', grad_fn=<MinBackward0>)
0:03:21.520742 - loss z tensor([0.0002], device='cuda:0', grad_fn=<MinBackward0>)
  0%|                                        | 0/1 [00:00<?, ?it/s, loss=0.0018]100%|████████████████████████████████| 1/1 [00:00<00:00,  4.58it/s, loss=0.0018]100%|████████████████████████████████| 1/1 [00:00<00:00,  4.57it/s, loss=0.0018]
0:03:21.269707 - saving /home/ubuntu/synthetic_pose_estimation/cosypose/local_data/experiments/bracket_assembly_debug_nut_nosym_coarse_noaug--938962 378
  0%|                                                     | 0/1 [00:00<?, ?it/s]0:03:21.685163 - iteration 0
0:03:21.729282 - outputs, {'pose': tensor([[-0.9760, -0.7021,  0.2789,  0.5484, -0.5285, -0.4058,  3.4674, -1.4267,
          0.6502]], device='cuda:0', grad_fn=<AddmmBackward0>)}
0:03:21.730991 - model_outputs {'pose': tensor([[-0.9760, -0.7021,  0.2789,  0.5484, -0.5285, -0.4058,  3.4674, -1.4267,
          0.6502]], device='cuda:0', grad_fn=<AddmmBackward0>)}
0:03:21.731820 - K crop tensor([[[1.9381e+03, 0.0000e+00, 2.5682e+02],
         [0.0000e+00, 1.9381e+03, 8.4871e+01],
         [0.0000e+00, 0.0000e+00, 1.0000e+00]]], device='cuda:0')
0:03:21.733285 - TCO_input tensor([[[ 1.0000,  0.0000,  0.0000, -0.0160],
         [ 0.0000,  1.0000,  0.0000,  0.0057],
         [ 0.0000,  0.0000,  1.0000,  0.3185],
         [ 0.0000,  0.0000,  0.0000,  1.0000]]], device='cuda:0')
0:03:21.734324 - model tco output tensor([[[-0.7908,  0.4449,  0.4204, -0.0100],
         [-0.5689, -0.7877, -0.2364,  0.0035],
         [ 0.2260, -0.4261,  0.8760,  0.2071],
         [ 0.0000,  0.0000,  0.0000,  1.0000]]], device='cuda:0',
       grad_fn=<CopySlices>)
0:03:21.772734 - Wrote debug data: /home/ubuntu/synthetic_pose_estimation/cosypose/local_data/debug_data/debug_iter=1.pth.tar
0:03:21.983820 - TCO_input tensor([[[ 1.0000,  0.0000,  0.0000, -0.0160],
         [ 0.0000,  1.0000,  0.0000,  0.0057],
         [ 0.0000,  0.0000,  1.0000,  0.3185],
         [ 0.0000,  0.0000,  0.0000,  1.0000]]], device='cuda:0')
0:03:21.984943 - vxvyvz tensor([[ 3.4674, -1.4267,  0.6502]], device='cuda:0',
       grad_fn=<SliceBackward0>)
0:03:21.986032 - dR tensor([[[-0.7908,  0.4449,  0.4204],
         [-0.5689, -0.7877, -0.2364],
         [ 0.2260, -0.4261,  0.8760]]], device='cuda:0',
       grad_fn=<StackBackward0>)
0:03:21.986964 - fxfy tensor([[1938.1270, 1938.1271]], device='cuda:0')
0:03:21.989574 - TCO_gt tensor([[[-0.7893,  0.4511,  0.4165, -0.0100],
         [-0.5688, -0.7927, -0.2192,  0.0062],
         [ 0.2313, -0.4099,  0.8823,  0.1920],
         [ 0.0000,  0.0000,  0.0000,  1.0000]]], device='cuda:0')
0:03:21.990498 - TCO pred_orn tensor([[[-0.7908,  0.4449,  0.4204, -0.0100],
         [-0.5689, -0.7877, -0.2364,  0.0062],
         [ 0.2260, -0.4261,  0.8760,  0.1920],
         [ 0.0000,  0.0000,  0.0000,  1.0000]]], device='cuda:0',
       grad_fn=<CopySlices>)
0:03:21.991402 - TCO pred_xy tensor([[[-0.7893,  0.4511,  0.4165, -0.0093],
         [-0.5688, -0.7927, -0.2192,  0.0033],
         [ 0.2313, -0.4099,  0.8823,  0.1920],
         [ 0.0000,  0.0000,  0.0000,  1.0000]]], device='cuda:0',
       grad_fn=<CopySlices>)
0:03:21.992306 - TCO pred_z tensor([[[-0.7893,  0.4511,  0.4165, -0.0100],
         [-0.5688, -0.7927, -0.2192,  0.0062],
         [ 0.2313, -0.4099,  0.8823,  0.2071],
         [ 0.0000,  0.0000,  0.0000,  1.0000]]], device='cuda:0',
       grad_fn=<CopySlices>)
0:03:21.992976 - loss orn tensor([7.2025e-05], device='cuda:0', grad_fn=<MinBackward0>)
0:03:21.993631 - loss xy tensor([0.0012], device='cuda:0', grad_fn=<MinBackward0>)
0:03:21.994247 - loss z tensor([0.0050], device='cuda:0', grad_fn=<MinBackward0>)
  0%|                                       | 0/1 [00:00<?, ?it/s, loss=0.00632]100%|███████████████████████████████| 1/1 [00:00<00:00,  4.55it/s, loss=0.00632]100%|███████████████████████████████| 1/1 [00:00<00:00,  4.54it/s, loss=0.00632]
0:03:21.762365 - saving /home/ubuntu/synthetic_pose_estimation/cosypose/local_data/experiments/bracket_assembly_debug_nut_nosym_coarse_noaug--938962 379
  0%|                                                     | 0/1 [00:00<?, ?it/s]0:03:22.178207 - iteration 0
0:03:22.222964 - outputs, {'pose': tensor([[-0.9835, -0.7074,  0.2844,  0.5555, -0.5274, -0.4086,  3.4827, -1.4290,
          0.6689]], device='cuda:0', grad_fn=<AddmmBackward0>)}
0:03:22.224624 - model_outputs {'pose': tensor([[-0.9835, -0.7074,  0.2844,  0.5555, -0.5274, -0.4086,  3.4827, -1.4290,
          0.6689]], device='cuda:0', grad_fn=<AddmmBackward0>)}
0:03:22.225426 - K crop tensor([[[1.4011e+03, 0.0000e+00, 2.3471e+02],
         [0.0000e+00, 1.4011e+03, 6.9399e+01],
         [0.0000e+00, 0.0000e+00, 1.0000e+00]]], device='cuda:0')
0:03:22.226288 - TCO_input tensor([[[ 1.0000,  0.0000,  0.0000, -0.0125],
         [ 0.0000,  1.0000,  0.0000,  0.0083],
         [ 0.0000,  0.0000,  1.0000,  0.2335],
         [ 0.0000,  0.0000,  0.0000,  1.0000]]], device='cuda:0')
0:03:22.227772 - model tco output tensor([[[-0.7903,  0.4444,  0.4218, -0.0080],
         [-0.5685, -0.7886, -0.2343,  0.0054],
         [ 0.2285, -0.4250,  0.8759,  0.1562],
         [ 0.0000,  0.0000,  0.0000,  1.0000]]], device='cuda:0',
       grad_fn=<CopySlices>)
0:03:22.268119 - Wrote debug data: /home/ubuntu/synthetic_pose_estimation/cosypose/local_data/debug_data/debug_iter=1.pth.tar
0:03:22.478991 - TCO_input tensor([[[ 1.0000,  0.0000,  0.0000, -0.0125],
         [ 0.0000,  1.0000,  0.0000,  0.0083],
         [ 0.0000,  0.0000,  1.0000,  0.2335],
         [ 0.0000,  0.0000,  0.0000,  1.0000]]], device='cuda:0')
0:03:22.479961 - vxvyvz tensor([[ 3.4827, -1.4290,  0.6689]], device='cuda:0',
       grad_fn=<SliceBackward0>)
0:03:22.480962 - dR tensor([[[-0.7903,  0.4444,  0.4218],
         [-0.5685, -0.7886, -0.2343],
         [ 0.2285, -0.4250,  0.8759]]], device='cuda:0',
       grad_fn=<StackBackward0>)
0:03:22.481840 - fxfy tensor([[1401.1151, 1401.1151]], device='cuda:0')
0:03:22.484303 - TCO_gt tensor([[[-0.7893,  0.4511,  0.4165, -0.0100],
         [-0.5688, -0.7927, -0.2192,  0.0062],
         [ 0.2313, -0.4099,  0.8823,  0.1920],
         [ 0.0000,  0.0000,  0.0000,  1.0000]]], device='cuda:0')
0:03:22.485245 - TCO pred_orn tensor([[[-0.7903,  0.4444,  0.4218, -0.0100],
         [-0.5685, -0.7886, -0.2343,  0.0062],
         [ 0.2285, -0.4250,  0.8759,  0.1920],
         [ 0.0000,  0.0000,  0.0000,  1.0000]]], device='cuda:0',
       grad_fn=<CopySlices>)
0:03:22.486137 - TCO pred_xy tensor([[[-0.7893,  0.4511,  0.4165, -0.0098],
         [-0.5688, -0.7927, -0.2192,  0.0067],
         [ 0.2313, -0.4099,  0.8823,  0.1920],
         [ 0.0000,  0.0000,  0.0000,  1.0000]]], device='cuda:0',
       grad_fn=<CopySlices>)
0:03:22.487031 - TCO pred_z tensor([[[-0.7893,  0.4511,  0.4165, -0.0100],
         [-0.5688, -0.7927, -0.2192,  0.0062],
         [ 0.2313, -0.4099,  0.8823,  0.1562],
         [ 0.0000,  0.0000,  0.0000,  1.0000]]], device='cuda:0',
       grad_fn=<CopySlices>)
0:03:22.487664 - loss orn tensor([6.7963e-05], device='cuda:0', grad_fn=<MinBackward0>)
0:03:22.488275 - loss xy tensor([0.0002], device='cuda:0', grad_fn=<MinBackward0>)
0:03:22.488897 - loss z tensor([0.0119], device='cuda:0', grad_fn=<MinBackward0>)
  0%|                                        | 0/1 [00:00<?, ?it/s, loss=0.0122]100%|████████████████████████████████| 1/1 [00:00<00:00,  4.59it/s, loss=0.0122]100%|████████████████████████████████| 1/1 [00:00<00:00,  4.58it/s, loss=0.0122]
  0%|                                                     | 0/1 [00:00<?, ?it/s]0:03:22.395071 - iteration 0
0:03:22.431305 - outputs, {'pose': tensor([[-0.2962, -0.0470,  0.0646,  0.3212, -0.1206, -0.1184,  1.0112, -0.5399,
          0.4886]], device='cuda:0')}
0:03:22.432803 - model_outputs {'pose': tensor([[-0.2962, -0.0470,  0.0646,  0.3212, -0.1206, -0.1184,  1.0112, -0.5399,
          0.4886]], device='cuda:0')}
0:03:22.433585 - K crop tensor([[[1.5498e+03, 0.0000e+00, 2.6848e+02],
         [0.0000e+00, 1.5498e+03, 5.2341e+01],
         [0.0000e+00, 0.0000e+00, 1.0000e+00]]], device='cuda:0')
0:03:22.434415 - TCO_input tensor([[[ 1.0000,  0.0000,  0.0000, -0.0182],
         [ 0.0000,  1.0000,  0.0000,  0.0112],
         [ 0.0000,  0.0000,  1.0000,  0.2584],
         [ 0.0000,  0.0000,  0.0000,  1.0000]]], device='cuda:0')
0:03:22.435301 - model tco output tensor([[[-0.9655,  0.0875,  0.2451, -0.0088],
         [-0.1532, -0.9524, -0.2634,  0.0054],
         [ 0.2104, -0.2919,  0.9330,  0.1263],
         [ 0.0000,  0.0000,  0.0000,  1.0000]]], device='cuda:0')
0:03:22.474630 - Wrote debug data: /home/ubuntu/synthetic_pose_estimation/cosypose/local_data/debug_data/debug_iter=1.pth.tar
0:03:22.684150 - TCO_input tensor([[[ 1.0000,  0.0000,  0.0000, -0.0182],
         [ 0.0000,  1.0000,  0.0000,  0.0112],
         [ 0.0000,  0.0000,  1.0000,  0.2584],
         [ 0.0000,  0.0000,  0.0000,  1.0000]]], device='cuda:0')
0:03:22.685090 - vxvyvz tensor([[ 1.0112, -0.5399,  0.4886]], device='cuda:0')
0:03:22.686056 - dR tensor([[[-0.9655,  0.0875,  0.2451],
         [-0.1532, -0.9524, -0.2634],
         [ 0.2104, -0.2919,  0.9330]]], device='cuda:0')
0:03:22.686907 - fxfy tensor([[1549.8159, 1549.8162]], device='cuda:0')
0:03:22.689171 - TCO_gt tensor([[[-0.7893,  0.4511,  0.4165, -0.0100],
         [-0.5688, -0.7927, -0.2192,  0.0062],
         [ 0.2313, -0.4099,  0.8823,  0.1920],
         [ 0.0000,  0.0000,  0.0000,  1.0000]]], device='cuda:0')
0:03:22.690095 - TCO pred_orn tensor([[[-0.9655,  0.0875,  0.2451, -0.0100],
         [-0.1532, -0.9524, -0.2634,  0.0062],
         [ 0.2104, -0.2919,  0.9330,  0.1920],
         [ 0.0000,  0.0000,  0.0000,  1.0000]]], device='cuda:0')
0:03:22.691015 - TCO pred_xy tensor([[[-0.7893,  0.4511,  0.4165, -0.0134],
         [-0.5688, -0.7927, -0.2192,  0.0083],
         [ 0.2313, -0.4099,  0.8823,  0.1920],
         [ 0.0000,  0.0000,  0.0000,  1.0000]]], device='cuda:0')
0:03:22.691897 - TCO pred_z tensor([[[-0.7893,  0.4511,  0.4165, -0.0100],
         [-0.5688, -0.7927, -0.2192,  0.0062],
         [ 0.2313, -0.4099,  0.8823,  0.1263],
         [ 0.0000,  0.0000,  0.0000,  1.0000]]], device='cuda:0')
0:03:22.692528 - loss orn tensor([0.0019], device='cuda:0')
0:03:22.693151 - loss xy tensor([0.0018], device='cuda:0')
0:03:22.693779 - loss z tensor([0.0219], device='cuda:0')
100%|█████████████████████████████████████████████| 1/1 [00:00<00:00,  8.54it/s]100%|█████████████████████████████████████████████| 1/1 [00:00<00:00,  8.51it/s]
0:03:22.374713 - saving /home/ubuntu/synthetic_pose_estimation/cosypose/local_data/experiments/bracket_assembly_debug_nut_nosym_coarse_noaug--938962 380
  0%|                                                     | 0/1 [00:00<?, ?it/s]0:03:22.786667 - iteration 0
0:03:22.830325 - outputs, {'pose': tensor([[-0.9855, -0.7036,  0.2808,  0.5545, -0.5331, -0.4035,  3.4770, -1.4202,
          0.6711]], device='cuda:0', grad_fn=<AddmmBackward0>)}
0:03:22.831989 - model_outputs {'pose': tensor([[-0.9855, -0.7036,  0.2808,  0.5545, -0.5331, -0.4035,  3.4770, -1.4202,
          0.6711]], device='cuda:0', grad_fn=<AddmmBackward0>)}
0:03:22.832839 - K crop tensor([[[1.6497e+03, 0.0000e+00, 2.5387e+02],
         [0.0000e+00, 1.6497e+03, 7.2354e+01],
         [0.0000e+00, 0.0000e+00, 1.0000e+00]]], device='cuda:0')
0:03:22.833709 - TCO_input tensor([[[ 1.0000,  0.0000,  0.0000, -0.0156],
         [ 0.0000,  1.0000,  0.0000,  0.0078],
         [ 0.0000,  0.0000,  1.0000,  0.2731],
         [ 0.0000,  0.0000,  0.0000,  1.0000]]], device='cuda:0')
0:03:22.834593 - model tco output tensor([[[-0.7928,  0.4451,  0.4163, -0.0101],
         [-0.5661, -0.7910, -0.2322,  0.0051],
         [ 0.2259, -0.4198,  0.8791,  0.1833],
         [ 0.0000,  0.0000,  0.0000,  1.0000]]], device='cuda:0',
       grad_fn=<CopySlices>)
0:03:22.872498 - Wrote debug data: /home/ubuntu/synthetic_pose_estimation/cosypose/local_data/debug_data/debug_iter=1.pth.tar
0:03:23.082095 - TCO_input tensor([[[ 1.0000,  0.0000,  0.0000, -0.0156],
         [ 0.0000,  1.0000,  0.0000,  0.0078],
         [ 0.0000,  0.0000,  1.0000,  0.2731],
         [ 0.0000,  0.0000,  0.0000,  1.0000]]], device='cuda:0')
0:03:23.083044 - vxvyvz tensor([[ 3.4770, -1.4202,  0.6711]], device='cuda:0',
       grad_fn=<SliceBackward0>)
0:03:23.084024 - dR tensor([[[-0.7928,  0.4451,  0.4163],
         [-0.5661, -0.7910, -0.2322],
         [ 0.2259, -0.4198,  0.8791]]], device='cuda:0',
       grad_fn=<StackBackward0>)
0:03:23.084878 - fxfy tensor([[1649.7488, 1649.7491]], device='cuda:0')
0:03:23.087414 - TCO_gt tensor([[[-0.7893,  0.4511,  0.4165, -0.0100],
         [-0.5688, -0.7927, -0.2192,  0.0062],
         [ 0.2313, -0.4099,  0.8823,  0.1920],
         [ 0.0000,  0.0000,  0.0000,  1.0000]]], device='cuda:0')
0:03:23.088302 - TCO pred_orn tensor([[[-0.7928,  0.4451,  0.4163, -0.0100],
         [-0.5661, -0.7910, -0.2322,  0.0062],
         [ 0.2259, -0.4198,  0.8791,  0.1920],
         [ 0.0000,  0.0000,  0.0000,  1.0000]]], device='cuda:0',
       grad_fn=<CopySlices>)
0:03:23.089203 - TCO pred_xy tensor([[[-0.7893,  0.4511,  0.4165, -0.0106],
         [-0.5688, -0.7927, -0.2192,  0.0053],
         [ 0.2313, -0.4099,  0.8823,  0.1920],
         [ 0.0000,  0.0000,  0.0000,  1.0000]]], device='cuda:0',
       grad_fn=<CopySlices>)
0:03:23.090113 - TCO pred_z tensor([[[-0.7893,  0.4511,  0.4165, -0.0100],
         [-0.5688, -0.7927, -0.2192,  0.0062],
         [ 0.2313, -0.4099,  0.8823,  0.1833],
         [ 0.0000,  0.0000,  0.0000,  1.0000]]], device='cuda:0',
       grad_fn=<CopySlices>)
0:03:23.090768 - loss orn tensor([5.5574e-05], device='cuda:0', grad_fn=<MinBackward0>)
0:03:23.091374 - loss xy tensor([0.0005], device='cuda:0', grad_fn=<MinBackward0>)
0:03:23.091982 - loss z tensor([0.0029], device='cuda:0', grad_fn=<MinBackward0>)
  0%|                                       | 0/1 [00:00<?, ?it/s, loss=0.00343]100%|███████████████████████████████| 1/1 [00:00<00:00,  4.78it/s, loss=0.00343]100%|███████████████████████████████| 1/1 [00:00<00:00,  4.77it/s, loss=0.00343]
0:03:22.853184 - saving /home/ubuntu/synthetic_pose_estimation/cosypose/local_data/experiments/bracket_assembly_debug_nut_nosym_coarse_noaug--938962 381
  0%|                                                     | 0/1 [00:00<?, ?it/s]0:03:23.269863 - iteration 0
0:03:23.315809 - outputs, {'pose': tensor([[-0.9795, -0.7203,  0.2812,  0.5584, -0.5356, -0.4033,  3.4878, -1.4153,
          0.6950]], device='cuda:0', grad_fn=<AddmmBackward0>)}
0:03:23.317387 - model_outputs {'pose': tensor([[-0.9795, -0.7203,  0.2812,  0.5584, -0.5356, -0.4033,  3.4878, -1.4153,
          0.6950]], device='cuda:0', grad_fn=<AddmmBackward0>)}
0:03:23.318167 - K crop tensor([[[1.9205e+03, 0.0000e+00, 2.2437e+02],
         [0.0000e+00, 1.9205e+03, 3.4900e+01],
         [0.0000e+00, 0.0000e+00, 1.0000e+00]]], device='cuda:0')
0:03:23.319047 - TCO_input tensor([[[ 1.0000,  0.0000,  0.0000, -0.0108],
         [ 0.0000,  1.0000,  0.0000,  0.0141],
         [ 0.0000,  0.0000,  1.0000,  0.3190],
         [ 0.0000,  0.0000,  0.0000,  1.0000]]], device='cuda:0')
0:03:23.319965 - model tco output tensor([[[-0.7849,  0.4568,  0.4186, -0.0071],
         [-0.5772, -0.7847, -0.2259,  0.0096],
         [ 0.2253, -0.4189,  0.8796,  0.2217],
         [ 0.0000,  0.0000,  0.0000,  1.0000]]], device='cuda:0',
       grad_fn=<CopySlices>)
0:03:23.358766 - Wrote debug data: /home/ubuntu/synthetic_pose_estimation/cosypose/local_data/debug_data/debug_iter=1.pth.tar
0:03:23.569828 - TCO_input tensor([[[ 1.0000,  0.0000,  0.0000, -0.0108],
         [ 0.0000,  1.0000,  0.0000,  0.0141],
         [ 0.0000,  0.0000,  1.0000,  0.3190],
         [ 0.0000,  0.0000,  0.0000,  1.0000]]], device='cuda:0')
0:03:23.570824 - vxvyvz tensor([[ 3.4878, -1.4153,  0.6950]], device='cuda:0',
       grad_fn=<SliceBackward0>)
0:03:23.571810 - dR tensor([[[-0.7849,  0.4568,  0.4186],
         [-0.5772, -0.7847, -0.2259],
         [ 0.2253, -0.4189,  0.8796]]], device='cuda:0',
       grad_fn=<StackBackward0>)
0:03:23.572686 - fxfy tensor([[1920.4670, 1920.4672]], device='cuda:0')
0:03:23.575188 - TCO_gt tensor([[[-0.7893,  0.4511,  0.4165, -0.0100],
         [-0.5688, -0.7927, -0.2192,  0.0062],
         [ 0.2313, -0.4099,  0.8823,  0.1920],
         [ 0.0000,  0.0000,  0.0000,  1.0000]]], device='cuda:0')
0:03:23.576079 - TCO pred_orn tensor([[[-0.7849,  0.4568,  0.4186, -0.0100],
         [-0.5772, -0.7847, -0.2259,  0.0062],
         [ 0.2253, -0.4189,  0.8796,  0.1920],
         [ 0.0000,  0.0000,  0.0000,  1.0000]]], device='cuda:0',
       grad_fn=<CopySlices>)
0:03:23.576995 - TCO pred_xy tensor([[[-0.7893,  0.4511,  0.4165, -0.0061],
         [-0.5688, -0.7927, -0.2192,  0.0083],
         [ 0.2313, -0.4099,  0.8823,  0.1920],
         [ 0.0000,  0.0000,  0.0000,  1.0000]]], device='cuda:0',
       grad_fn=<CopySlices>)
0:03:23.577890 - TCO pred_z tensor([[[-0.7893,  0.4511,  0.4165, -0.0100],
         [-0.5688, -0.7927, -0.2192,  0.0062],
         [ 0.2313, -0.4099,  0.8823,  0.2217],
         [ 0.0000,  0.0000,  0.0000,  1.0000]]], device='cuda:0',
       grad_fn=<CopySlices>)
0:03:23.578530 - loss orn tensor([5.9283e-05], device='cuda:0', grad_fn=<MinBackward0>)
0:03:23.579138 - loss xy tensor([0.0020], device='cuda:0', grad_fn=<MinBackward0>)
0:03:23.579763 - loss z tensor([0.0099], device='cuda:0', grad_fn=<MinBackward0>)
  0%|                                         | 0/1 [00:00<?, ?it/s, loss=0.012]100%|█████████████████████████████████| 1/1 [00:00<00:00,  4.53it/s, loss=0.012]100%|█████████████████████████████████| 1/1 [00:00<00:00,  4.52it/s, loss=0.012]
0:03:23.345106 - saving /home/ubuntu/synthetic_pose_estimation/cosypose/local_data/experiments/bracket_assembly_debug_nut_nosym_coarse_noaug--938962 382
  0%|                                                     | 0/1 [00:00<?, ?it/s]0:03:23.760315 - iteration 0
0:03:23.804223 - outputs, {'pose': tensor([[-0.9786, -0.7176,  0.2943,  0.5694, -0.5449, -0.3966,  3.4802, -1.4054,
          0.6904]], device='cuda:0', grad_fn=<AddmmBackward0>)}
0:03:23.805824 - model_outputs {'pose': tensor([[-0.9786, -0.7176,  0.2943,  0.5694, -0.5449, -0.3966,  3.4802, -1.4054,
          0.6904]], device='cuda:0', grad_fn=<AddmmBackward0>)}
0:03:23.806624 - K crop tensor([[[2.0214e+03, 0.0000e+00, 2.2595e+02],
         [0.0000e+00, 2.0214e+03, 4.3070e+01],
         [0.0000e+00, 0.0000e+00, 1.0000e+00]]], device='cuda:0')
0:03:23.807480 - TCO_input tensor([[[ 1.0000,  0.0000,  0.0000, -0.0110],
         [ 0.0000,  1.0000,  0.0000,  0.0127],
         [ 0.0000,  0.0000,  1.0000,  0.3346],
         [ 0.0000,  0.0000,  0.0000,  1.0000]]], device='cuda:0')
0:03:23.809032 - model tco output tensor([[[-0.7837,  0.4595,  0.4179, -0.0072],
         [-0.5747, -0.7917, -0.2071,  0.0086],
         [ 0.2357, -0.4025,  0.8845,  0.2310],
         [ 0.0000,  0.0000,  0.0000,  1.0000]]], device='cuda:0',
       grad_fn=<CopySlices>)
0:03:23.846155 - Wrote debug data: /home/ubuntu/synthetic_pose_estimation/cosypose/local_data/debug_data/debug_iter=1.pth.tar
0:03:24.058596 - TCO_input tensor([[[ 1.0000,  0.0000,  0.0000, -0.0110],
         [ 0.0000,  1.0000,  0.0000,  0.0127],
         [ 0.0000,  0.0000,  1.0000,  0.3346],
         [ 0.0000,  0.0000,  0.0000,  1.0000]]], device='cuda:0')
0:03:24.059680 - vxvyvz tensor([[ 3.4802, -1.4054,  0.6904]], device='cuda:0',
       grad_fn=<SliceBackward0>)
0:03:24.060686 - dR tensor([[[-0.7837,  0.4595,  0.4179],
         [-0.5747, -0.7917, -0.2071],
         [ 0.2357, -0.4025,  0.8845]]], device='cuda:0',
       grad_fn=<StackBackward0>)
0:03:24.061595 - fxfy tensor([[2021.4115, 2021.4119]], device='cuda:0')
0:03:24.064122 - TCO_gt tensor([[[-0.7893,  0.4511,  0.4165, -0.0100],
         [-0.5688, -0.7927, -0.2192,  0.0062],
         [ 0.2313, -0.4099,  0.8823,  0.1920],
         [ 0.0000,  0.0000,  0.0000,  1.0000]]], device='cuda:0')
0:03:24.065080 - TCO pred_orn tensor([[[-0.7837,  0.4595,  0.4179, -0.0100],
         [-0.5747, -0.7917, -0.2071,  0.0062],
         [ 0.2357, -0.4025,  0.8845,  0.1920],
         [ 0.0000,  0.0000,  0.0000,  1.0000]]], device='cuda:0',
       grad_fn=<CopySlices>)
0:03:24.066019 - TCO pred_xy tensor([[[-0.7893,  0.4511,  0.4165, -0.0060],
         [-0.5688, -0.7927, -0.2192,  0.0071],
         [ 0.2313, -0.4099,  0.8823,  0.1920],
         [ 0.0000,  0.0000,  0.0000,  1.0000]]], device='cuda:0',
       grad_fn=<CopySlices>)
0:03:24.066948 - TCO pred_z tensor([[[-0.7893,  0.4511,  0.4165, -0.0100],
         [-0.5688, -0.7927, -0.2192,  0.0062],
         [ 0.2313, -0.4099,  0.8823,  0.2310],
         [ 0.0000,  0.0000,  0.0000,  1.0000]]], device='cuda:0',
       grad_fn=<CopySlices>)
0:03:24.067615 - loss orn tensor([5.6384e-05], device='cuda:0', grad_fn=<MinBackward0>)
0:03:24.068247 - loss xy tensor([0.0017], device='cuda:0', grad_fn=<MinBackward0>)
0:03:24.068891 - loss z tensor([0.0130], device='cuda:0', grad_fn=<MinBackward0>)
  0%|                                        | 0/1 [00:00<?, ?it/s, loss=0.0147]100%|████████████████████████████████| 1/1 [00:00<00:00,  4.62it/s, loss=0.0147]100%|████████████████████████████████| 1/1 [00:00<00:00,  4.61it/s, loss=0.0147]
0:03:23.838112 - saving /home/ubuntu/synthetic_pose_estimation/cosypose/local_data/experiments/bracket_assembly_debug_nut_nosym_coarse_noaug--938962 383
  0%|                                                     | 0/1 [00:00<?, ?it/s]0:03:24.253528 - iteration 0
0:03:24.297259 - outputs, {'pose': tensor([[-0.9730, -0.7092,  0.2951,  0.5695, -0.5492, -0.3900,  3.4654, -1.4044,
          0.7061]], device='cuda:0', grad_fn=<AddmmBackward0>)}
0:03:24.298868 - model_outputs {'pose': tensor([[-0.9730, -0.7092,  0.2951,  0.5695, -0.5492, -0.3900,  3.4654, -1.4044,
          0.7061]], device='cuda:0', grad_fn=<AddmmBackward0>)}
0:03:24.299644 - K crop tensor([[[1.6000e+03, 0.0000e+00, 2.9806e+02],
         [0.0000e+00, 1.6000e+03, 7.8684e+01],
         [0.0000e+00, 0.0000e+00, 1.0000e+00]]], device='cuda:0')
0:03:24.300490 - TCO_input tensor([[[ 1.0000,  0.0000,  0.0000, -0.0229],
         [ 0.0000,  1.0000,  0.0000,  0.0068],
         [ 0.0000,  0.0000,  1.0000,  0.2647],
         [ 0.0000,  0.0000,  0.0000,  1.0000]]], device='cuda:0')
0:03:24.302721 - model tco output tensor([[[-0.7849,  0.4602,  0.4150, -0.0158],
         [-0.5721, -0.7954, -0.2001,  0.0046],
         [ 0.2380, -0.3944,  0.8876,  0.1869],
         [ 0.0000,  0.0000,  0.0000,  1.0000]]], device='cuda:0',
       grad_fn=<CopySlices>)
0:03:24.340584 - Wrote debug data: /home/ubuntu/synthetic_pose_estimation/cosypose/local_data/debug_data/debug_iter=1.pth.tar
0:03:24.553627 - TCO_input tensor([[[ 1.0000,  0.0000,  0.0000, -0.0229],
         [ 0.0000,  1.0000,  0.0000,  0.0068],
         [ 0.0000,  0.0000,  1.0000,  0.2647],
         [ 0.0000,  0.0000,  0.0000,  1.0000]]], device='cuda:0')
0:03:24.554542 - vxvyvz tensor([[ 3.4654, -1.4044,  0.7061]], device='cuda:0',
       grad_fn=<SliceBackward0>)
0:03:24.555519 - dR tensor([[[-0.7849,  0.4602,  0.4150],
         [-0.5721, -0.7954, -0.2001],
         [ 0.2380, -0.3944,  0.8876]]], device='cuda:0',
       grad_fn=<StackBackward0>)
0:03:24.556366 - fxfy tensor([[1600.0349, 1600.0350]], device='cuda:0')
0:03:24.558867 - TCO_gt tensor([[[-0.7893,  0.4511,  0.4165, -0.0100],
         [-0.5688, -0.7927, -0.2192,  0.0062],
         [ 0.2313, -0.4099,  0.8823,  0.1920],
         [ 0.0000,  0.0000,  0.0000,  1.0000]]], device='cuda:0')
0:03:24.559755 - TCO pred_orn tensor([[[-0.7849,  0.4602,  0.4150, -0.0100],
         [-0.5721, -0.7954, -0.2001,  0.0062],
         [ 0.2380, -0.3944,  0.8876,  0.1920],
         [ 0.0000,  0.0000,  0.0000,  1.0000]]], device='cuda:0',
       grad_fn=<CopySlices>)
0:03:24.560630 - TCO pred_xy tensor([[[-0.7893,  0.4511,  0.4165, -0.0162],
         [-0.5688, -0.7927, -0.2192,  0.0047],
         [ 0.2313, -0.4099,  0.8823,  0.1920],
         [ 0.0000,  0.0000,  0.0000,  1.0000]]], device='cuda:0',
       grad_fn=<CopySlices>)
0:03:24.561541 - TCO pred_z tensor([[[-0.7893,  0.4511,  0.4165, -0.0100],
         [-0.5688, -0.7927, -0.2192,  0.0062],
         [ 0.2313, -0.4099,  0.8823,  0.1869],
         [ 0.0000,  0.0000,  0.0000,  1.0000]]], device='cuda:0',
       grad_fn=<CopySlices>)
0:03:24.562154 - loss orn tensor([8.0853e-05], device='cuda:0', grad_fn=<MinBackward0>)
0:03:24.562755 - loss xy tensor([0.0026], device='cuda:0', grad_fn=<MinBackward0>)
0:03:24.563355 - loss z tensor([0.0017], device='cuda:0', grad_fn=<MinBackward0>)
  0%|                                       | 0/1 [00:00<?, ?it/s, loss=0.00431]100%|███████████████████████████████| 1/1 [00:00<00:00,  4.62it/s, loss=0.00431]100%|███████████████████████████████| 1/1 [00:00<00:00,  4.61it/s, loss=0.00431]
0:03:24.318725 - saving /home/ubuntu/synthetic_pose_estimation/cosypose/local_data/experiments/bracket_assembly_debug_nut_nosym_coarse_noaug--938962 384
  0%|                                                     | 0/1 [00:00<?, ?it/s]0:03:24.735169 - iteration 0
0:03:24.781167 - outputs, {'pose': tensor([[-0.9666, -0.7019,  0.3042,  0.5623, -0.5493, -0.3947,  3.4487, -1.3989,
          0.6989]], device='cuda:0', grad_fn=<AddmmBackward0>)}
0:03:24.783434 - model_outputs {'pose': tensor([[-0.9666, -0.7019,  0.3042,  0.5623, -0.5493, -0.3947,  3.4487, -1.3989,
          0.6989]], device='cuda:0', grad_fn=<AddmmBackward0>)}
0:03:24.784198 - K crop tensor([[[1.8294e+03, 0.0000e+00, 3.1898e+02],
         [0.0000e+00, 1.8294e+03, 1.1227e+02],
         [0.0000e+00, 0.0000e+00, 1.0000e+00]]], device='cuda:0')
0:03:24.785043 - TCO_input tensor([[[ 1.0000,  0.0000,  0.0000, -0.0261],
         [ 0.0000,  1.0000,  0.0000,  0.0012],
         [ 0.0000,  0.0000,  1.0000,  0.2993],
         [ 0.0000,  0.0000,  0.0000,  1.0000]]], device='cuda:0')
0:03:24.785933 - model tco output tensor([[[-7.8413e-01,  4.5340e-01,  4.2376e-01, -1.7841e-02],
         [-5.6944e-01, -7.9714e-01, -2.0079e-01,  6.6680e-04],
         [ 2.4675e-01, -3.9875e-01,  8.8324e-01,  2.0918e-01],
         [ 0.0000e+00,  0.0000e+00,  0.0000e+00,  1.0000e+00]]],
       device='cuda:0', grad_fn=<CopySlices>)
0:03:24.822380 - Wrote debug data: /home/ubuntu/synthetic_pose_estimation/cosypose/local_data/debug_data/debug_iter=1.pth.tar
0:03:25.034482 - TCO_input tensor([[[ 1.0000,  0.0000,  0.0000, -0.0261],
         [ 0.0000,  1.0000,  0.0000,  0.0012],
         [ 0.0000,  0.0000,  1.0000,  0.2993],
         [ 0.0000,  0.0000,  0.0000,  1.0000]]], device='cuda:0')
0:03:25.035408 - vxvyvz tensor([[ 3.4487, -1.3989,  0.6989]], device='cuda:0',
       grad_fn=<SliceBackward0>)
0:03:25.036368 - dR tensor([[[-0.7841,  0.4534,  0.4238],
         [-0.5694, -0.7971, -0.2008],
         [ 0.2468, -0.3988,  0.8832]]], device='cuda:0',
       grad_fn=<StackBackward0>)
0:03:25.037281 - fxfy tensor([[1829.4203, 1829.4202]], device='cuda:0')
0:03:25.039758 - TCO_gt tensor([[[-0.7893,  0.4511,  0.4165, -0.0100],
         [-0.5688, -0.7927, -0.2192,  0.0062],
         [ 0.2313, -0.4099,  0.8823,  0.1920],
         [ 0.0000,  0.0000,  0.0000,  1.0000]]], device='cuda:0')
0:03:25.040671 - TCO pred_orn tensor([[[-0.7841,  0.4534,  0.4238, -0.0100],
         [-0.5694, -0.7971, -0.2008,  0.0062],
         [ 0.2468, -0.3988,  0.8832,  0.1920],
         [ 0.0000,  0.0000,  0.0000,  1.0000]]], device='cuda:0',
       grad_fn=<CopySlices>)
0:03:25.041595 - TCO pred_xy tensor([[[-7.8929e-01,  4.5115e-01,  4.1651e-01, -1.6373e-02],
         [-5.6879e-01, -7.9274e-01, -2.1920e-01,  6.1194e-04],
         [ 2.3129e-01, -4.0992e-01,  8.8231e-01,  1.9197e-01],
         [ 0.0000e+00,  0.0000e+00,  0.0000e+00,  1.0000e+00]]],
       device='cuda:0', grad_fn=<CopySlices>)
0:03:25.042480 - TCO pred_z tensor([[[-0.7893,  0.4511,  0.4165, -0.0100],
         [-0.5688, -0.7927, -0.2192,  0.0062],
         [ 0.2313, -0.4099,  0.8823,  0.2092],
         [ 0.0000,  0.0000,  0.0000,  1.0000]]], device='cuda:0',
       grad_fn=<CopySlices>)
0:03:25.043140 - loss orn tensor([7.9106e-05], device='cuda:0', grad_fn=<MinBackward0>)
0:03:25.043758 - loss xy tensor([0.0040], device='cuda:0', grad_fn=<MinBackward0>)
0:03:25.044376 - loss z tensor([0.0057], device='cuda:0', grad_fn=<MinBackward0>)
  0%|                                        | 0/1 [00:00<?, ?it/s, loss=0.0098]100%|████████████████████████████████| 1/1 [00:00<00:00,  4.57it/s, loss=0.0098]100%|████████████████████████████████| 1/1 [00:00<00:00,  4.56it/s, loss=0.0098]
0:03:24.802513 - saving /home/ubuntu/synthetic_pose_estimation/cosypose/local_data/experiments/bracket_assembly_debug_nut_nosym_coarse_noaug--938962 385
  0%|                                                     | 0/1 [00:00<?, ?it/s]0:03:25.217751 - iteration 0
0:03:25.261246 - outputs, {'pose': tensor([[-0.9760, -0.7022,  0.2896,  0.5606, -0.5494, -0.3968,  3.4631, -1.3927,
          0.7217]], device='cuda:0', grad_fn=<AddmmBackward0>)}
0:03:25.262874 - model_outputs {'pose': tensor([[-0.9760, -0.7022,  0.2896,  0.5606, -0.5494, -0.3968,  3.4631, -1.3927,
          0.7217]], device='cuda:0', grad_fn=<AddmmBackward0>)}
0:03:25.263694 - K crop tensor([[[1.5947e+03, 0.0000e+00, 2.9684e+02],
         [0.0000e+00, 1.5947e+03, 3.6227e+01],
         [0.0000e+00, 0.0000e+00, 1.0000e+00]]], device='cuda:0')
0:03:25.264584 - TCO_input tensor([[[ 1.0000,  0.0000,  0.0000, -0.0230],
         [ 0.0000,  1.0000,  0.0000,  0.0139],
         [ 0.0000,  0.0000,  1.0000,  0.2667],
         [ 0.0000,  0.0000,  0.0000,  1.0000]]], device='cuda:0')
0:03:25.266185 - model tco output tensor([[[-0.7892,  0.4517,  0.4161, -0.0162],
         [-0.5678, -0.7949, -0.2138,  0.0099],
         [ 0.2342, -0.4050,  0.8838,  0.1925],
         [ 0.0000,  0.0000,  0.0000,  1.0000]]], device='cuda:0',
       grad_fn=<CopySlices>)
0:03:25.306939 - Wrote debug data: /home/ubuntu/synthetic_pose_estimation/cosypose/local_data/debug_data/debug_iter=1.pth.tar
0:03:25.518933 - TCO_input tensor([[[ 1.0000,  0.0000,  0.0000, -0.0230],
         [ 0.0000,  1.0000,  0.0000,  0.0139],
         [ 0.0000,  0.0000,  1.0000,  0.2667],
         [ 0.0000,  0.0000,  0.0000,  1.0000]]], device='cuda:0')
0:03:25.519978 - vxvyvz tensor([[ 3.4631, -1.3927,  0.7217]], device='cuda:0',
       grad_fn=<SliceBackward0>)
0:03:25.521006 - dR tensor([[[-0.7892,  0.4517,  0.4161],
         [-0.5678, -0.7949, -0.2138],
         [ 0.2342, -0.4050,  0.8838]]], device='cuda:0',
       grad_fn=<StackBackward0>)
0:03:25.521902 - fxfy tensor([[1594.7166, 1594.7166]], device='cuda:0')
0:03:25.524405 - TCO_gt tensor([[[-0.7893,  0.4511,  0.4165, -0.0100],
         [-0.5688, -0.7927, -0.2192,  0.0062],
         [ 0.2313, -0.4099,  0.8823,  0.1920],
         [ 0.0000,  0.0000,  0.0000,  1.0000]]], device='cuda:0')
0:03:25.525361 - TCO pred_orn tensor([[[-0.7892,  0.4517,  0.4161, -0.0100],
         [-0.5678, -0.7949, -0.2138,  0.0062],
         [ 0.2342, -0.4050,  0.8838,  0.1920],
         [ 0.0000,  0.0000,  0.0000,  1.0000]]], device='cuda:0',
       grad_fn=<CopySlices>)
0:03:25.526269 - TCO pred_xy tensor([[[-0.7893,  0.4511,  0.4165, -0.0161],
         [-0.5688, -0.7927, -0.2192,  0.0099],
         [ 0.2313, -0.4099,  0.8823,  0.1920],
         [ 0.0000,  0.0000,  0.0000,  1.0000]]], device='cuda:0',
       grad_fn=<CopySlices>)
0:03:25.527181 - TCO pred_z tensor([[[-0.7893,  0.4511,  0.4165, -0.0100],
         [-0.5688, -0.7927, -0.2192,  0.0062],
         [ 0.2313, -0.4099,  0.8823,  0.1925],
         [ 0.0000,  0.0000,  0.0000,  1.0000]]], device='cuda:0',
       grad_fn=<CopySlices>)
0:03:25.527813 - loss orn tensor([2.0899e-05], device='cuda:0', grad_fn=<MinBackward0>)
0:03:25.528444 - loss xy tensor([0.0033], device='cuda:0', grad_fn=<MinBackward0>)
0:03:25.529094 - loss z tensor([0.0002], device='cuda:0', grad_fn=<MinBackward0>)
  0%|                                       | 0/1 [00:00<?, ?it/s, loss=0.00346]100%|███████████████████████████████| 1/1 [00:00<00:00,  4.58it/s, loss=0.00346]100%|███████████████████████████████| 1/1 [00:00<00:00,  4.57it/s, loss=0.00346]
0:03:25.275217 - saving /home/ubuntu/synthetic_pose_estimation/cosypose/local_data/experiments/bracket_assembly_debug_nut_nosym_coarse_noaug--938962 386
  0%|                                                     | 0/1 [00:00<?, ?it/s]0:03:25.690328 - iteration 0
0:03:25.733702 - outputs, {'pose': tensor([[-0.9872, -0.6999,  0.2893,  0.5578, -0.5478, -0.4064,  3.4904, -1.3965,
          0.7116]], device='cuda:0', grad_fn=<AddmmBackward0>)}
0:03:25.735413 - model_outputs {'pose': tensor([[-0.9872, -0.6999,  0.2893,  0.5578, -0.5478, -0.4064,  3.4904, -1.3965,
          0.7116]], device='cuda:0', grad_fn=<AddmmBackward0>)}
0:03:25.736196 - K crop tensor([[[1.6929e+03, 0.0000e+00, 2.6749e+02],
         [0.0000e+00, 1.6929e+03, 7.0730e+01],
         [0.0000e+00, 0.0000e+00, 1.0000e+00]]], device='cuda:0')
0:03:25.737024 - TCO_input tensor([[[ 1.0000,  0.0000,  0.0000, -0.0179],
         [ 0.0000,  1.0000,  0.0000,  0.0081],
         [ 0.0000,  0.0000,  1.0000,  0.2802],
         [ 0.0000,  0.0000,  0.0000,  1.0000]]], device='cuda:0')
0:03:25.738488 - model tco output tensor([[[-0.7934,  0.4421,  0.4184, -0.0123],
         [-0.5625, -0.7952, -0.2265,  0.0056],
         [ 0.2325, -0.4151,  0.8796,  0.1994],
         [ 0.0000,  0.0000,  0.0000,  1.0000]]], device='cuda:0',
       grad_fn=<CopySlices>)
0:03:25.776544 - Wrote debug data: /home/ubuntu/synthetic_pose_estimation/cosypose/local_data/debug_data/debug_iter=1.pth.tar
0:03:25.987858 - TCO_input tensor([[[ 1.0000,  0.0000,  0.0000, -0.0179],
         [ 0.0000,  1.0000,  0.0000,  0.0081],
         [ 0.0000,  0.0000,  1.0000,  0.2802],
         [ 0.0000,  0.0000,  0.0000,  1.0000]]], device='cuda:0')
0:03:25.988920 - vxvyvz tensor([[ 3.4904, -1.3965,  0.7116]], device='cuda:0',
       grad_fn=<SliceBackward0>)
0:03:25.989945 - dR tensor([[[-0.7934,  0.4421,  0.4184],
         [-0.5625, -0.7952, -0.2265],
         [ 0.2325, -0.4151,  0.8796]]], device='cuda:0',
       grad_fn=<StackBackward0>)
0:03:25.990799 - fxfy tensor([[1692.9100, 1692.9099]], device='cuda:0')
0:03:25.993348 - TCO_gt tensor([[[-0.7893,  0.4511,  0.4165, -0.0100],
         [-0.5688, -0.7927, -0.2192,  0.0062],
         [ 0.2313, -0.4099,  0.8823,  0.1920],
         [ 0.0000,  0.0000,  0.0000,  1.0000]]], device='cuda:0')
0:03:25.994262 - TCO pred_orn tensor([[[-0.7934,  0.4421,  0.4184, -0.0100],
         [-0.5625, -0.7952, -0.2265,  0.0062],
         [ 0.2325, -0.4151,  0.8796,  0.1920],
         [ 0.0000,  0.0000,  0.0000,  1.0000]]], device='cuda:0',
       grad_fn=<CopySlices>)
0:03:25.995146 - TCO pred_xy tensor([[[-0.7893,  0.4511,  0.4165, -0.0118],
         [-0.5688, -0.7927, -0.2192,  0.0054],
         [ 0.2313, -0.4099,  0.8823,  0.1920],
         [ 0.0000,  0.0000,  0.0000,  1.0000]]], device='cuda:0',
       grad_fn=<CopySlices>)
0:03:25.996049 - TCO pred_z tensor([[[-0.7893,  0.4511,  0.4165, -0.0100],
         [-0.5688, -0.7927, -0.2192,  0.0062],
         [ 0.2313, -0.4099,  0.8823,  0.1994],
         [ 0.0000,  0.0000,  0.0000,  1.0000]]], device='cuda:0',
       grad_fn=<CopySlices>)
0:03:25.996701 - loss orn tensor([4.6489e-05], device='cuda:0', grad_fn=<MinBackward0>)
0:03:25.997345 - loss xy tensor([0.0009], device='cuda:0', grad_fn=<MinBackward0>)
0:03:25.997953 - loss z tensor([0.0025], device='cuda:0', grad_fn=<MinBackward0>)
  0%|                                       | 0/1 [00:00<?, ?it/s, loss=0.00339]100%|███████████████████████████████| 1/1 [00:00<00:00,  4.66it/s, loss=0.00339]100%|███████████████████████████████| 1/1 [00:00<00:00,  4.65it/s, loss=0.00339]
0:03:25.771486 - saving /home/ubuntu/synthetic_pose_estimation/cosypose/local_data/experiments/bracket_assembly_debug_nut_nosym_coarse_noaug--938962 387
  0%|                                                     | 0/1 [00:00<?, ?it/s]0:03:26.186418 - iteration 0
0:03:26.230031 - outputs, {'pose': tensor([[-0.9941, -0.7010,  0.2827,  0.5524, -0.5447, -0.4054,  3.4915, -1.3888,
          0.7110]], device='cuda:0', grad_fn=<AddmmBackward0>)}
0:03:26.231550 - model_outputs {'pose': tensor([[-0.9941, -0.7010,  0.2827,  0.5524, -0.5447, -0.4054,  3.4915, -1.3888,
          0.7110]], device='cuda:0', grad_fn=<AddmmBackward0>)}
0:03:26.232300 - K crop tensor([[[1.7774e+03, 0.0000e+00, 3.0259e+02],
         [0.0000e+00, 1.7774e+03, 6.4229e+01],
         [0.0000e+00, 0.0000e+00, 1.0000e+00]]], device='cuda:0')
0:03:26.233147 - TCO_input tensor([[[ 1.0000,  0.0000,  0.0000, -0.0237],
         [ 0.0000,  1.0000,  0.0000,  0.0091],
         [ 0.0000,  0.0000,  1.0000,  0.2941],
         [ 0.0000,  0.0000,  0.0000,  1.0000]]], device='cuda:0')
0:03:26.234614 - model tco output tensor([[[-0.7960,  0.4407,  0.4149, -0.0164],
         [-0.5613, -0.7939, -0.2337,  0.0063],
         [ 0.2264, -0.4189,  0.8793,  0.2091],
         [ 0.0000,  0.0000,  0.0000,  1.0000]]], device='cuda:0',
       grad_fn=<CopySlices>)
0:03:26.272513 - Wrote debug data: /home/ubuntu/synthetic_pose_estimation/cosypose/local_data/debug_data/debug_iter=1.pth.tar
0:03:26.486015 - TCO_input tensor([[[ 1.0000,  0.0000,  0.0000, -0.0237],
         [ 0.0000,  1.0000,  0.0000,  0.0091],
         [ 0.0000,  0.0000,  1.0000,  0.2941],
         [ 0.0000,  0.0000,  0.0000,  1.0000]]], device='cuda:0')
0:03:26.486928 - vxvyvz tensor([[ 3.4915, -1.3888,  0.7110]], device='cuda:0',
       grad_fn=<SliceBackward0>)
0:03:26.487911 - dR tensor([[[-0.7960,  0.4407,  0.4149],
         [-0.5613, -0.7939, -0.2337],
         [ 0.2264, -0.4189,  0.8793]]], device='cuda:0',
       grad_fn=<StackBackward0>)
0:03:26.488750 - fxfy tensor([[1777.4486, 1777.4491]], device='cuda:0')
0:03:26.491250 - TCO_gt tensor([[[-0.7893,  0.4511,  0.4165, -0.0100],
         [-0.5688, -0.7927, -0.2192,  0.0062],
         [ 0.2313, -0.4099,  0.8823,  0.1920],
         [ 0.0000,  0.0000,  0.0000,  1.0000]]], device='cuda:0')
0:03:26.492166 - TCO pred_orn tensor([[[-0.7960,  0.4407,  0.4149, -0.0100],
         [-0.5613, -0.7939, -0.2337,  0.0062],
         [ 0.2264, -0.4189,  0.8793,  0.1920],
         [ 0.0000,  0.0000,  0.0000,  1.0000]]], device='cuda:0',
       grad_fn=<CopySlices>)
0:03:26.493084 - TCO pred_xy tensor([[[-0.7893,  0.4511,  0.4165, -0.0151],
         [-0.5688, -0.7927, -0.2192,  0.0058],
         [ 0.2313, -0.4099,  0.8823,  0.1920],
         [ 0.0000,  0.0000,  0.0000,  1.0000]]], device='cuda:0',
       grad_fn=<CopySlices>)
0:03:26.493992 - TCO pred_z tensor([[[-0.7893,  0.4511,  0.4165, -0.0100],
         [-0.5688, -0.7927, -0.2192,  0.0062],
         [ 0.2313, -0.4099,  0.8823,  0.2091],
         [ 0.0000,  0.0000,  0.0000,  1.0000]]], device='cuda:0',
       grad_fn=<CopySlices>)
0:03:26.494618 - loss orn tensor([6.7692e-05], device='cuda:0', grad_fn=<MinBackward0>)
0:03:26.495244 - loss xy tensor([0.0018], device='cuda:0', grad_fn=<MinBackward0>)
0:03:26.495892 - loss z tensor([0.0057], device='cuda:0', grad_fn=<MinBackward0>)
  0%|                                        | 0/1 [00:00<?, ?it/s, loss=0.0076]100%|████████████████████████████████| 1/1 [00:00<00:00,  4.61it/s, loss=0.0076]100%|████████████████████████████████| 1/1 [00:00<00:00,  4.60it/s, loss=0.0076]
0:03:26.255553 - saving /home/ubuntu/synthetic_pose_estimation/cosypose/local_data/experiments/bracket_assembly_debug_nut_nosym_coarse_noaug--938962 388
  0%|                                                     | 0/1 [00:00<?, ?it/s]0:03:26.670675 - iteration 0
0:03:26.714360 - outputs, {'pose': tensor([[-0.9856, -0.6910,  0.2829,  0.5492, -0.5446, -0.3998,  3.4861, -1.3726,
          0.6881]], device='cuda:0', grad_fn=<AddmmBackward0>)}
0:03:26.715880 - model_outputs {'pose': tensor([[-0.9856, -0.6910,  0.2829,  0.5492, -0.5446, -0.3998,  3.4861, -1.3726,
          0.6881]], device='cuda:0', grad_fn=<AddmmBackward0>)}
0:03:26.716644 - K crop tensor([[[1.8612e+03, 0.0000e+00, 2.8912e+02],
         [0.0000e+00, 1.8612e+03, 3.2977e+01],
         [0.0000e+00, 0.0000e+00, 1.0000e+00]]], device='cuda:0')
0:03:26.717521 - TCO_input tensor([[[ 1.0000,  0.0000,  0.0000, -0.0216],
         [ 0.0000,  1.0000,  0.0000,  0.0144],
         [ 0.0000,  0.0000,  1.0000,  0.3096],
         [ 0.0000,  0.0000,  0.0000,  1.0000]]], device='cuda:0')
0:03:26.719012 - model tco output tensor([[[-0.7971,  0.4398,  0.4138, -0.0144],
         [-0.5589, -0.7969, -0.2295,  0.0097],
         [ 0.2288, -0.4141,  0.8810,  0.2131],
         [ 0.0000,  0.0000,  0.0000,  1.0000]]], device='cuda:0',
       grad_fn=<CopySlices>)
0:03:26.757772 - Wrote debug data: /home/ubuntu/synthetic_pose_estimation/cosypose/local_data/debug_data/debug_iter=1.pth.tar
0:03:26.974977 - TCO_input tensor([[[ 1.0000,  0.0000,  0.0000, -0.0216],
         [ 0.0000,  1.0000,  0.0000,  0.0144],
         [ 0.0000,  0.0000,  1.0000,  0.3096],
         [ 0.0000,  0.0000,  0.0000,  1.0000]]], device='cuda:0')
0:03:26.975964 - vxvyvz tensor([[ 3.4861, -1.3726,  0.6881]], device='cuda:0',
       grad_fn=<SliceBackward0>)
0:03:26.976943 - dR tensor([[[-0.7971,  0.4398,  0.4138],
         [-0.5589, -0.7969, -0.2295],
         [ 0.2288, -0.4141,  0.8810]]], device='cuda:0',
       grad_fn=<StackBackward0>)
0:03:26.977832 - fxfy tensor([[1861.2001, 1861.2002]], device='cuda:0')
0:03:26.980322 - TCO_gt tensor([[[-0.7893,  0.4511,  0.4165, -0.0100],
         [-0.5688, -0.7927, -0.2192,  0.0062],
         [ 0.2313, -0.4099,  0.8823,  0.1920],
         [ 0.0000,  0.0000,  0.0000,  1.0000]]], device='cuda:0')
0:03:26.981258 - TCO pred_orn tensor([[[-0.7971,  0.4398,  0.4138, -0.0100],
         [-0.5589, -0.7969, -0.2295,  0.0062],
         [ 0.2288, -0.4141,  0.8810,  0.1920],
         [ 0.0000,  0.0000,  0.0000,  1.0000]]], device='cuda:0',
       grad_fn=<CopySlices>)
0:03:26.982158 - TCO pred_xy tensor([[[-0.7893,  0.4511,  0.4165, -0.0130],
         [-0.5688, -0.7927, -0.2192,  0.0088],
         [ 0.2313, -0.4099,  0.8823,  0.1920],
         [ 0.0000,  0.0000,  0.0000,  1.0000]]], device='cuda:0',
       grad_fn=<CopySlices>)
0:03:26.983059 - TCO pred_z tensor([[[-0.7893,  0.4511,  0.4165, -0.0100],
         [-0.5688, -0.7927, -0.2192,  0.0062],
         [ 0.2313, -0.4099,  0.8823,  0.2131],
         [ 0.0000,  0.0000,  0.0000,  1.0000]]], device='cuda:0',
       grad_fn=<CopySlices>)
0:03:26.983683 - loss orn tensor([6.0089e-05], device='cuda:0', grad_fn=<MinBackward0>)
0:03:26.984292 - loss xy tensor([0.0019], device='cuda:0', grad_fn=<MinBackward0>)
0:03:26.984918 - loss z tensor([0.0070], device='cuda:0', grad_fn=<MinBackward0>)
  0%|                                       | 0/1 [00:00<?, ?it/s, loss=0.00896]100%|███████████████████████████████| 1/1 [00:00<00:00,  4.52it/s, loss=0.00896]100%|███████████████████████████████| 1/1 [00:00<00:00,  4.51it/s, loss=0.00896]
0:03:26.743252 - saving /home/ubuntu/synthetic_pose_estimation/cosypose/local_data/experiments/bracket_assembly_debug_nut_nosym_coarse_noaug--938962 389
  0%|                                                     | 0/1 [00:00<?, ?it/s]0:03:27.158393 - iteration 0
0:03:27.201866 - outputs, {'pose': tensor([[-0.9906, -0.7139,  0.2822,  0.5627, -0.5477, -0.4007,  3.5148, -1.3801,
          0.6945]], device='cuda:0', grad_fn=<AddmmBackward0>)}
0:03:27.203487 - model_outputs {'pose': tensor([[-0.9906, -0.7139,  0.2822,  0.5627, -0.5477, -0.4007,  3.5148, -1.3801,
          0.6945]], device='cuda:0', grad_fn=<AddmmBackward0>)}
0:03:27.204273 - K crop tensor([[[1.8963e+03, 0.0000e+00, 3.6186e+02],
         [0.0000e+00, 1.8963e+03, 7.0885e+01],
         [0.0000e+00, 0.0000e+00, 1.0000e+00]]], device='cuda:0')
0:03:27.205145 - TCO_input tensor([[[ 1.0000,  0.0000,  0.0000, -0.0334],
         [ 0.0000,  1.0000,  0.0000,  0.0080],
         [ 0.0000,  0.0000,  1.0000,  0.3127],
         [ 0.0000,  0.0000,  0.0000,  1.0000]]], device='cuda:0')
0:03:27.206094 - model tco output tensor([[[-0.7904,  0.4531,  0.4122, -0.0228],
         [-0.5697, -0.7911, -0.2228,  0.0054],
         [ 0.2252, -0.4109,  0.8834,  0.2172],
         [ 0.0000,  0.0000,  0.0000,  1.0000]]], device='cuda:0',
       grad_fn=<CopySlices>)
0:03:27.354585 - Wrote debug data: /home/ubuntu/synthetic_pose_estimation/cosypose/local_data/debug_data/debug_iter=1.pth.tar
0:03:27.566937 - TCO_input tensor([[[ 1.0000,  0.0000,  0.0000, -0.0334],
         [ 0.0000,  1.0000,  0.0000,  0.0080],
         [ 0.0000,  0.0000,  1.0000,  0.3127],
         [ 0.0000,  0.0000,  0.0000,  1.0000]]], device='cuda:0')
0:03:27.567984 - vxvyvz tensor([[ 3.5148, -1.3801,  0.6945]], device='cuda:0',
       grad_fn=<SliceBackward0>)
0:03:27.569026 - dR tensor([[[-0.7904,  0.4531,  0.4122],
         [-0.5697, -0.7911, -0.2228],
         [ 0.2252, -0.4109,  0.8834]]], device='cuda:0',
       grad_fn=<StackBackward0>)
0:03:27.569944 - fxfy tensor([[1896.2684, 1896.2683]], device='cuda:0')
0:03:27.572433 - TCO_gt tensor([[[-0.7893,  0.4511,  0.4165, -0.0100],
         [-0.5688, -0.7927, -0.2192,  0.0062],
         [ 0.2313, -0.4099,  0.8823,  0.1920],
         [ 0.0000,  0.0000,  0.0000,  1.0000]]], device='cuda:0')
0:03:27.573380 - TCO pred_orn tensor([[[-0.7904,  0.4531,  0.4122, -0.0100],
         [-0.5697, -0.7911, -0.2228,  0.0062],
         [ 0.2252, -0.4109,  0.8834,  0.1920],
         [ 0.0000,  0.0000,  0.0000,  1.0000]]], device='cuda:0',
       grad_fn=<CopySlices>)
0:03:27.574278 - TCO pred_xy tensor([[[-0.7893,  0.4511,  0.4165, -0.0201],
         [-0.5688, -0.7927, -0.2192,  0.0048],
         [ 0.2313, -0.4099,  0.8823,  0.1920],
         [ 0.0000,  0.0000,  0.0000,  1.0000]]], device='cuda:0',
       grad_fn=<CopySlices>)
0:03:27.575172 - TCO pred_z tensor([[[-0.7893,  0.4511,  0.4165, -0.0100],
         [-0.5688, -0.7927, -0.2192,  0.0062],
         [ 0.2313, -0.4099,  0.8823,  0.2172],
         [ 0.0000,  0.0000,  0.0000,  1.0000]]], device='cuda:0',
       grad_fn=<CopySlices>)
0:03:27.575819 - loss orn tensor([2.4915e-05], device='cuda:0', grad_fn=<MinBackward0>)
0:03:27.576429 - loss xy tensor([0.0038], device='cuda:0', grad_fn=<MinBackward0>)
0:03:27.577053 - loss z tensor([0.0084], device='cuda:0', grad_fn=<MinBackward0>)
  0%|                                        | 0/1 [00:00<?, ?it/s, loss=0.0123]100%|████████████████████████████████| 1/1 [00:00<00:00,  3.06it/s, loss=0.0123]100%|████████████████████████████████| 1/1 [00:00<00:00,  3.05it/s, loss=0.0123]
  0%|                                                     | 0/1 [00:00<?, ?it/s]0:03:27.485359 - iteration 0
0:03:27.522634 - outputs, {'pose': tensor([[-0.3297, -0.0807,  0.0805,  0.3242, -0.1662, -0.1103,  1.0705, -0.5667,
          0.4783]], device='cuda:0')}
0:03:27.524136 - model_outputs {'pose': tensor([[-0.3297, -0.0807,  0.0805,  0.3242, -0.1662, -0.1103,  1.0705, -0.5667,
          0.4783]], device='cuda:0')}
0:03:27.524909 - K crop tensor([[[1.8377e+03, 0.0000e+00, 2.5106e+02],
         [0.0000e+00, 1.8377e+03, 7.1707e+01],
         [0.0000e+00, 0.0000e+00, 1.0000e+00]]], device='cuda:0')
0:03:27.525776 - TCO_input tensor([[[ 1.0000,  0.0000,  0.0000, -0.0151],
         [ 0.0000,  1.0000,  0.0000,  0.0079],
         [ 0.0000,  0.0000,  1.0000,  0.3033],
         [ 0.0000,  0.0000,  0.0000,  1.0000]]], device='cuda:0')
0:03:27.526656 - model tco output tensor([[[-0.9451,  0.1933,  0.2633, -0.0071],
         [-0.2313, -0.9652, -0.1216,  0.0037],
         [ 0.2306, -0.1759,  0.9570,  0.1451],
         [ 0.0000,  0.0000,  0.0000,  1.0000]]], device='cuda:0')
0:03:27.565613 - Wrote debug data: /home/ubuntu/synthetic_pose_estimation/cosypose/local_data/debug_data/debug_iter=1.pth.tar
0:03:27.781386 - TCO_input tensor([[[ 1.0000,  0.0000,  0.0000, -0.0151],
         [ 0.0000,  1.0000,  0.0000,  0.0079],
         [ 0.0000,  0.0000,  1.0000,  0.3033],
         [ 0.0000,  0.0000,  0.0000,  1.0000]]], device='cuda:0')
0:03:27.782449 - vxvyvz tensor([[ 1.0705, -0.5667,  0.4783]], device='cuda:0')
0:03:27.783681 - dR tensor([[[-0.9451,  0.1933,  0.2633],
         [-0.2313, -0.9652, -0.1216],
         [ 0.2306, -0.1759,  0.9570]]], device='cuda:0')
0:03:27.784779 - fxfy tensor([[1837.7347, 1837.7347]], device='cuda:0')
0:03:27.787799 - TCO_gt tensor([[[-0.7893,  0.4511,  0.4165, -0.0100],
         [-0.5688, -0.7927, -0.2192,  0.0062],
         [ 0.2313, -0.4099,  0.8823,  0.1920],
         [ 0.0000,  0.0000,  0.0000,  1.0000]]], device='cuda:0')
0:03:27.788959 - TCO pred_orn tensor([[[-0.9451,  0.1933,  0.2633, -0.0100],
         [-0.2313, -0.9652, -0.1216,  0.0062],
         [ 0.2306, -0.1759,  0.9570,  0.1920],
         [ 0.0000,  0.0000,  0.0000,  1.0000]]], device='cuda:0')
0:03:27.789912 - TCO pred_xy tensor([[[-0.7893,  0.4511,  0.4165, -0.0095],
         [-0.5688, -0.7927, -0.2192,  0.0049],
         [ 0.2313, -0.4099,  0.8823,  0.1920],
         [ 0.0000,  0.0000,  0.0000,  1.0000]]], device='cuda:0')
0:03:27.790788 - TCO pred_z tensor([[[-0.7893,  0.4511,  0.4165, -0.0100],
         [-0.5688, -0.7927, -0.2192,  0.0062],
         [ 0.2313, -0.4099,  0.8823,  0.1451],
         [ 0.0000,  0.0000,  0.0000,  1.0000]]], device='cuda:0')
0:03:27.791519 - loss orn tensor([0.0018], device='cuda:0')
0:03:27.792337 - loss xy tensor([0.0006], device='cuda:0')
0:03:27.792967 - loss z tensor([0.0156], device='cuda:0')
100%|█████████████████████████████████████████████| 1/1 [00:00<00:00,  7.89it/s]100%|█████████████████████████████████████████████| 1/1 [00:00<00:00,  7.87it/s]
0:03:27.474590 - saving /home/ubuntu/synthetic_pose_estimation/cosypose/local_data/experiments/bracket_assembly_debug_nut_nosym_coarse_noaug--938962 390
  0%|                                                     | 0/1 [00:00<?, ?it/s]0:03:27.886596 - iteration 0
0:03:27.930305 - outputs, {'pose': tensor([[-0.9846, -0.7061,  0.2786,  0.5625, -0.5537, -0.3963,  3.5276, -1.3668,
          0.6688]], device='cuda:0', grad_fn=<AddmmBackward0>)}
0:03:27.932014 - model_outputs {'pose': tensor([[-0.9846, -0.7061,  0.2786,  0.5625, -0.5537, -0.3963,  3.5276, -1.3668,
          0.6688]], device='cuda:0', grad_fn=<AddmmBackward0>)}
0:03:27.932820 - K crop tensor([[[1.7882e+03, 0.0000e+00, 2.6295e+02],
         [0.0000e+00, 1.7882e+03, 3.4174e+01],
         [0.0000e+00, 0.0000e+00, 1.0000e+00]]], device='cuda:0')
0:03:27.933692 - TCO_input tensor([[[ 1.0000,  0.0000,  0.0000, -0.0172],
         [ 0.0000,  1.0000,  0.0000,  0.0142],
         [ 0.0000,  0.0000,  1.0000,  0.2978],
         [ 0.0000,  0.0000,  0.0000,  1.0000]]], device='cuda:0')
0:03:27.934585 - model tco output tensor([[[-0.7920,  0.4541,  0.4082, -0.0111],
         [-0.5680, -0.7932, -0.2196,  0.0094],
         [ 0.2241, -0.4057,  0.8861,  0.1992],
         [ 0.0000,  0.0000,  0.0000,  1.0000]]], device='cuda:0',
       grad_fn=<CopySlices>)
0:03:27.973241 - Wrote debug data: /home/ubuntu/synthetic_pose_estimation/cosypose/local_data/debug_data/debug_iter=1.pth.tar
0:03:28.186768 - TCO_input tensor([[[ 1.0000,  0.0000,  0.0000, -0.0172],
         [ 0.0000,  1.0000,  0.0000,  0.0142],
         [ 0.0000,  0.0000,  1.0000,  0.2978],
         [ 0.0000,  0.0000,  0.0000,  1.0000]]], device='cuda:0')
0:03:28.187876 - vxvyvz tensor([[ 3.5276, -1.3668,  0.6688]], device='cuda:0',
       grad_fn=<SliceBackward0>)
0:03:28.188896 - dR tensor([[[-0.7920,  0.4541,  0.4082],
         [-0.5680, -0.7932, -0.2196],
         [ 0.2241, -0.4057,  0.8861]]], device='cuda:0',
       grad_fn=<StackBackward0>)
0:03:28.189824 - fxfy tensor([[1788.2356, 1788.2361]], device='cuda:0')
0:03:28.192295 - TCO_gt tensor([[[-0.7893,  0.4511,  0.4165, -0.0100],
         [-0.5688, -0.7927, -0.2192,  0.0062],
         [ 0.2313, -0.4099,  0.8823,  0.1920],
         [ 0.0000,  0.0000,  0.0000,  1.0000]]], device='cuda:0')
0:03:28.193215 - TCO pred_orn tensor([[[-0.7920,  0.4541,  0.4082, -0.0100],
         [-0.5680, -0.7932, -0.2196,  0.0062],
         [ 0.2241, -0.4057,  0.8861,  0.1920],
         [ 0.0000,  0.0000,  0.0000,  1.0000]]], device='cuda:0',
       grad_fn=<CopySlices>)
0:03:28.194154 - TCO pred_xy tensor([[[-0.7893,  0.4511,  0.4165, -0.0107],
         [-0.5688, -0.7927, -0.2192,  0.0090],
         [ 0.2313, -0.4099,  0.8823,  0.1920],
         [ 0.0000,  0.0000,  0.0000,  1.0000]]], device='cuda:0',
       grad_fn=<CopySlices>)
0:03:28.195059 - TCO pred_z tensor([[[-0.7893,  0.4511,  0.4165, -0.0100],
         [-0.5688, -0.7927, -0.2192,  0.0062],
         [ 0.2313, -0.4099,  0.8823,  0.1992],
         [ 0.0000,  0.0000,  0.0000,  1.0000]]], device='cuda:0',
       grad_fn=<CopySlices>)
0:03:28.195691 - loss orn tensor([3.1905e-05], device='cuda:0', grad_fn=<MinBackward0>)
0:03:28.196305 - loss xy tensor([0.0012], device='cuda:0', grad_fn=<MinBackward0>)
0:03:28.196934 - loss z tensor([0.0024], device='cuda:0', grad_fn=<MinBackward0>)
  0%|                                       | 0/1 [00:00<?, ?it/s, loss=0.00363]100%|███████████████████████████████| 1/1 [00:00<00:00,  4.66it/s, loss=0.00363]100%|███████████████████████████████| 1/1 [00:00<00:00,  4.65it/s, loss=0.00363]
0:03:27.965885 - saving /home/ubuntu/synthetic_pose_estimation/cosypose/local_data/experiments/bracket_assembly_debug_nut_nosym_coarse_noaug--938962 391
  0%|                                                     | 0/1 [00:00<?, ?it/s]0:03:28.381143 - iteration 0
0:03:28.426302 - outputs, {'pose': tensor([[-0.9754, -0.7203,  0.2852,  0.5613, -0.5532, -0.3983,  3.5449, -1.3616,
          0.6608]], device='cuda:0', grad_fn=<AddmmBackward0>)}
0:03:28.427888 - model_outputs {'pose': tensor([[-0.9754, -0.7203,  0.2852,  0.5613, -0.5532, -0.3983,  3.5449, -1.3616,
          0.6608]], device='cuda:0', grad_fn=<AddmmBackward0>)}
0:03:28.428662 - K crop tensor([[[1.9332e+03, 0.0000e+00, 2.4834e+02],
         [0.0000e+00, 1.9332e+03, 5.6973e+01],
         [0.0000e+00, 0.0000e+00, 1.0000e+00]]], device='cuda:0')
0:03:28.429543 - TCO_input tensor([[[ 1.0000,  0.0000,  0.0000, -0.0147],
         [ 0.0000,  1.0000,  0.0000,  0.0103],
         [ 0.0000,  0.0000,  1.0000,  0.3196],
         [ 0.0000,  0.0000,  0.0000,  1.0000]]], device='cuda:0')
0:03:28.430432 - model tco output tensor([[[-0.7831,  0.4620,  0.4163, -0.0093],
         [-0.5782, -0.7874, -0.2138,  0.0067],
         [ 0.2290, -0.4082,  0.8837,  0.2112],
         [ 0.0000,  0.0000,  0.0000,  1.0000]]], device='cuda:0',
       grad_fn=<CopySlices>)
0:03:28.469372 - Wrote debug data: /home/ubuntu/synthetic_pose_estimation/cosypose/local_data/debug_data/debug_iter=1.pth.tar
0:03:28.681913 - TCO_input tensor([[[ 1.0000,  0.0000,  0.0000, -0.0147],
         [ 0.0000,  1.0000,  0.0000,  0.0103],
         [ 0.0000,  0.0000,  1.0000,  0.3196],
         [ 0.0000,  0.0000,  0.0000,  1.0000]]], device='cuda:0')
0:03:28.683035 - vxvyvz tensor([[ 3.5449, -1.3616,  0.6608]], device='cuda:0',
       grad_fn=<SliceBackward0>)
0:03:28.684060 - dR tensor([[[-0.7831,  0.4620,  0.4163],
         [-0.5782, -0.7874, -0.2138],
         [ 0.2290, -0.4082,  0.8837]]], device='cuda:0',
       grad_fn=<StackBackward0>)
0:03:28.684959 - fxfy tensor([[1933.1906, 1933.1903]], device='cuda:0')
0:03:28.687511 - TCO_gt tensor([[[-0.7893,  0.4511,  0.4165, -0.0100],
         [-0.5688, -0.7927, -0.2192,  0.0062],
         [ 0.2313, -0.4099,  0.8823,  0.1920],
         [ 0.0000,  0.0000,  0.0000,  1.0000]]], device='cuda:0')
0:03:28.688416 - TCO pred_orn tensor([[[-0.7831,  0.4620,  0.4163, -0.0100],
         [-0.5782, -0.7874, -0.2138,  0.0062],
         [ 0.2290, -0.4082,  0.8837,  0.1920],
         [ 0.0000,  0.0000,  0.0000,  1.0000]]], device='cuda:0',
       grad_fn=<CopySlices>)
0:03:28.689373 - TCO pred_xy tensor([[[-0.7893,  0.4511,  0.4165, -0.0085],
         [-0.5688, -0.7927, -0.2192,  0.0061],
         [ 0.2313, -0.4099,  0.8823,  0.1920],
         [ 0.0000,  0.0000,  0.0000,  1.0000]]], device='cuda:0',
       grad_fn=<CopySlices>)
0:03:28.690265 - TCO pred_z tensor([[[-0.7893,  0.4511,  0.4165, -0.0100],
         [-0.5688, -0.7927, -0.2192,  0.0062],
         [ 0.2313, -0.4099,  0.8823,  0.2112],
         [ 0.0000,  0.0000,  0.0000,  1.0000]]], device='cuda:0',
       grad_fn=<CopySlices>)
0:03:28.690902 - loss orn tensor([5.3394e-05], device='cuda:0', grad_fn=<MinBackward0>)
0:03:28.691539 - loss xy tensor([0.0005], device='cuda:0', grad_fn=<MinBackward0>)
0:03:28.692156 - loss z tensor([0.0064], device='cuda:0', grad_fn=<MinBackward0>)
  0%|                                         | 0/1 [00:00<?, ?it/s, loss=0.007]100%|█████████████████████████████████| 1/1 [00:00<00:00,  4.56it/s, loss=0.007]100%|█████████████████████████████████| 1/1 [00:00<00:00,  4.55it/s, loss=0.007]
0:03:28.458368 - saving /home/ubuntu/synthetic_pose_estimation/cosypose/local_data/experiments/bracket_assembly_debug_nut_nosym_coarse_noaug--938962 392
  0%|                                                     | 0/1 [00:00<?, ?it/s]0:03:28.873668 - iteration 0
0:03:28.917583 - outputs, {'pose': tensor([[-0.9711, -0.7151,  0.2965,  0.5596, -0.5507, -0.3969,  3.5413, -1.3495,
          0.6372]], device='cuda:0', grad_fn=<AddmmBackward0>)}
0:03:28.919203 - model_outputs {'pose': tensor([[-0.9711, -0.7151,  0.2965,  0.5596, -0.5507, -0.3969,  3.5413, -1.3495,
          0.6372]], device='cuda:0', grad_fn=<AddmmBackward0>)}
0:03:28.919977 - K crop tensor([[[1.8362e+03, 0.0000e+00, 2.5353e+02],
         [0.0000e+00, 1.8362e+03, 7.6537e+01],
         [0.0000e+00, 0.0000e+00, 1.0000e+00]]], device='cuda:0')
0:03:28.920821 - TCO_input tensor([[[ 1.0000,  0.0000,  0.0000, -0.0155],
         [ 0.0000,  1.0000,  0.0000,  0.0071],
         [ 0.0000,  0.0000,  1.0000,  0.3027],
         [ 0.0000,  0.0000,  0.0000,  1.0000]]], device='cuda:0')
0:03:28.922293 - model tco output tensor([[[-0.7819,  0.4587,  0.4221, -0.0095],
         [-0.5758, -0.7909, -0.2073,  0.0044],
         [ 0.2387, -0.4051,  0.8825,  0.1929],
         [ 0.0000,  0.0000,  0.0000,  1.0000]]], device='cuda:0',
       grad_fn=<CopySlices>)
0:03:28.962887 - Wrote debug data: /home/ubuntu/synthetic_pose_estimation/cosypose/local_data/debug_data/debug_iter=1.pth.tar
0:03:29.174592 - TCO_input tensor([[[ 1.0000,  0.0000,  0.0000, -0.0155],
         [ 0.0000,  1.0000,  0.0000,  0.0071],
         [ 0.0000,  0.0000,  1.0000,  0.3027],
         [ 0.0000,  0.0000,  0.0000,  1.0000]]], device='cuda:0')
0:03:29.175664 - vxvyvz tensor([[ 3.5413, -1.3495,  0.6372]], device='cuda:0',
       grad_fn=<SliceBackward0>)
0:03:29.176646 - dR tensor([[[-0.7819,  0.4587,  0.4221],
         [-0.5758, -0.7909, -0.2073],
         [ 0.2387, -0.4051,  0.8825]]], device='cuda:0',
       grad_fn=<StackBackward0>)
0:03:29.177548 - fxfy tensor([[1836.1757, 1836.1758]], device='cuda:0')
0:03:29.180068 - TCO_gt tensor([[[-0.7893,  0.4511,  0.4165, -0.0100],
         [-0.5688, -0.7927, -0.2192,  0.0062],
         [ 0.2313, -0.4099,  0.8823,  0.1920],
         [ 0.0000,  0.0000,  0.0000,  1.0000]]], device='cuda:0')
0:03:29.181010 - TCO pred_orn tensor([[[-0.7819,  0.4587,  0.4221, -0.0100],
         [-0.5758, -0.7909, -0.2073,  0.0062],
         [ 0.2387, -0.4051,  0.8825,  0.1920],
         [ 0.0000,  0.0000,  0.0000,  1.0000]]], device='cuda:0',
       grad_fn=<CopySlices>)
0:03:29.181942 - TCO pred_xy tensor([[[-0.7893,  0.4511,  0.4165, -0.0095],
         [-0.5688, -0.7927, -0.2192,  0.0044],
         [ 0.2313, -0.4099,  0.8823,  0.1920],
         [ 0.0000,  0.0000,  0.0000,  1.0000]]], device='cuda:0',
       grad_fn=<CopySlices>)
0:03:29.182844 - TCO pred_z tensor([[[-0.7893,  0.4511,  0.4165, -0.0100],
         [-0.5688, -0.7927, -0.2192,  0.0062],
         [ 0.2313, -0.4099,  0.8823,  0.1929],
         [ 0.0000,  0.0000,  0.0000,  1.0000]]], device='cuda:0',
       grad_fn=<CopySlices>)
0:03:29.183500 - loss orn tensor([5.9072e-05], device='cuda:0', grad_fn=<MinBackward0>)
0:03:29.184119 - loss xy tensor([0.0008], device='cuda:0', grad_fn=<MinBackward0>)
0:03:29.184735 - loss z tensor([0.0003], device='cuda:0', grad_fn=<MinBackward0>)
  0%|                                       | 0/1 [00:00<?, ?it/s, loss=0.00116]100%|███████████████████████████████| 1/1 [00:00<00:00,  4.54it/s, loss=0.00116]100%|███████████████████████████████| 1/1 [00:00<00:00,  4.53it/s, loss=0.00116]
0:03:28.940801 - saving /home/ubuntu/synthetic_pose_estimation/cosypose/local_data/experiments/bracket_assembly_debug_nut_nosym_coarse_noaug--938962 393
  0%|                                                     | 0/1 [00:00<?, ?it/s]0:03:29.355990 - iteration 0
0:03:29.399902 - outputs, {'pose': tensor([[-0.9759, -0.7141,  0.2987,  0.5676, -0.5544, -0.4010,  3.5715, -1.3549,
          0.6294]], device='cuda:0', grad_fn=<AddmmBackward0>)}
0:03:29.401452 - model_outputs {'pose': tensor([[-0.9759, -0.7141,  0.2987,  0.5676, -0.5544, -0.4010,  3.5715, -1.3549,
          0.6294]], device='cuda:0', grad_fn=<AddmmBackward0>)}
0:03:29.402235 - K crop tensor([[[2.0134e+03, 0.0000e+00, 2.8740e+02],
         [0.0000e+00, 2.0134e+03, 3.0708e+01],
         [0.0000e+00, 0.0000e+00, 1.0000e+00]]], device='cuda:0')
0:03:29.403071 - TCO_input tensor([[[ 1.0000,  0.0000,  0.0000, -0.0212],
         [ 0.0000,  1.0000,  0.0000,  0.0147],
         [ 0.0000,  0.0000,  1.0000,  0.3342],
         [ 0.0000,  0.0000,  0.0000,  1.0000]]], device='cuda:0')
0:03:29.404537 - model tco output tensor([[[-0.7835,  0.4565,  0.4216, -0.0130],
         [-0.5733, -0.7928, -0.2069,  0.0091],
         [ 0.2398, -0.4038,  0.8829,  0.2103],
         [ 0.0000,  0.0000,  0.0000,  1.0000]]], device='cuda:0',
       grad_fn=<CopySlices>)
0:03:29.442912 - Wrote debug data: /home/ubuntu/synthetic_pose_estimation/cosypose/local_data/debug_data/debug_iter=1.pth.tar
0:03:29.654277 - TCO_input tensor([[[ 1.0000,  0.0000,  0.0000, -0.0212],
         [ 0.0000,  1.0000,  0.0000,  0.0147],
         [ 0.0000,  0.0000,  1.0000,  0.3342],
         [ 0.0000,  0.0000,  0.0000,  1.0000]]], device='cuda:0')
0:03:29.655231 - vxvyvz tensor([[ 3.5715, -1.3549,  0.6294]], device='cuda:0',
       grad_fn=<SliceBackward0>)
0:03:29.656202 - dR tensor([[[-0.7835,  0.4565,  0.4216],
         [-0.5733, -0.7928, -0.2069],
         [ 0.2398, -0.4038,  0.8829]]], device='cuda:0',
       grad_fn=<StackBackward0>)
0:03:29.657075 - fxfy tensor([[2013.4434, 2013.4438]], device='cuda:0')
0:03:29.659585 - TCO_gt tensor([[[-0.7893,  0.4511,  0.4165, -0.0100],
         [-0.5688, -0.7927, -0.2192,  0.0062],
         [ 0.2313, -0.4099,  0.8823,  0.1920],
         [ 0.0000,  0.0000,  0.0000,  1.0000]]], device='cuda:0')
0:03:29.660491 - TCO pred_orn tensor([[[-0.7835,  0.4565,  0.4216, -0.0100],
         [-0.5733, -0.7928, -0.2069,  0.0062],
         [ 0.2398, -0.4038,  0.8829,  0.1920],
         [ 0.0000,  0.0000,  0.0000,  1.0000]]], device='cuda:0',
       grad_fn=<CopySlices>)
0:03:29.661436 - TCO pred_xy tensor([[[-0.7893,  0.4511,  0.4165, -0.0119],
         [-0.5688, -0.7927, -0.2192,  0.0083],
         [ 0.2313, -0.4099,  0.8823,  0.1920],
         [ 0.0000,  0.0000,  0.0000,  1.0000]]], device='cuda:0',
       grad_fn=<CopySlices>)
0:03:29.662344 - TCO pred_z tensor([[[-0.7893,  0.4511,  0.4165, -0.0100],
         [-0.5688, -0.7927, -0.2192,  0.0062],
         [ 0.2313, -0.4099,  0.8823,  0.2103],
         [ 0.0000,  0.0000,  0.0000,  1.0000]]], device='cuda:0',
       grad_fn=<CopySlices>)
0:03:29.662969 - loss orn tensor([5.6280e-05], device='cuda:0', grad_fn=<MinBackward0>)
0:03:29.663577 - loss xy tensor([0.0013], device='cuda:0', grad_fn=<MinBackward0>)
0:03:29.664185 - loss z tensor([0.0061], device='cuda:0', grad_fn=<MinBackward0>)
  0%|                                       | 0/1 [00:00<?, ?it/s, loss=0.00752]100%|███████████████████████████████| 1/1 [00:00<00:00,  4.59it/s, loss=0.00752]100%|███████████████████████████████| 1/1 [00:00<00:00,  4.58it/s, loss=0.00752]
0:03:29.429718 - saving /home/ubuntu/synthetic_pose_estimation/cosypose/local_data/experiments/bracket_assembly_debug_nut_nosym_coarse_noaug--938962 394
  0%|                                                     | 0/1 [00:00<?, ?it/s]0:03:29.844826 - iteration 0
0:03:29.888278 - outputs, {'pose': tensor([[-0.9748, -0.7166,  0.3023,  0.5584, -0.5496, -0.4076,  3.5775, -1.3453,
          0.5955]], device='cuda:0', grad_fn=<AddmmBackward0>)}
0:03:29.889912 - model_outputs {'pose': tensor([[-0.9748, -0.7166,  0.3023,  0.5584, -0.5496, -0.4076,  3.5775, -1.3453,
          0.5955]], device='cuda:0', grad_fn=<AddmmBackward0>)}
0:03:29.890684 - K crop tensor([[[1.6192e+03, 0.0000e+00, 2.3424e+02],
         [0.0000e+00, 1.6192e+03, 8.3191e+01],
         [0.0000e+00, 0.0000e+00, 1.0000e+00]]], device='cuda:0')
0:03:29.891533 - TCO_input tensor([[[ 1.0000,  0.0000,  0.0000, -0.0123],
         [ 0.0000,  1.0000,  0.0000,  0.0060],
         [ 0.0000,  0.0000,  1.0000,  0.2675],
         [ 0.0000,  0.0000,  0.0000,  1.0000]]], device='cuda:0')
0:03:29.892425 - model tco output tensor([[[-0.7817,  0.4522,  0.4295, -0.0070],
         [-0.5746, -0.7899, -0.2142,  0.0034],
         [ 0.2424, -0.4142,  0.8773,  0.1593],
         [ 0.0000,  0.0000,  0.0000,  1.0000]]], device='cuda:0',
       grad_fn=<CopySlices>)
0:03:29.932553 - Wrote debug data: /home/ubuntu/synthetic_pose_estimation/cosypose/local_data/debug_data/debug_iter=1.pth.tar
0:03:30.143356 - TCO_input tensor([[[ 1.0000,  0.0000,  0.0000, -0.0123],
         [ 0.0000,  1.0000,  0.0000,  0.0060],
         [ 0.0000,  0.0000,  1.0000,  0.2675],
         [ 0.0000,  0.0000,  0.0000,  1.0000]]], device='cuda:0')
0:03:30.144398 - vxvyvz tensor([[ 3.5775, -1.3453,  0.5955]], device='cuda:0',
       grad_fn=<SliceBackward0>)
0:03:30.145426 - dR tensor([[[-0.7817,  0.4522,  0.4295],
         [-0.5746, -0.7899, -0.2142],
         [ 0.2424, -0.4142,  0.8773]]], device='cuda:0',
       grad_fn=<StackBackward0>)
0:03:30.146296 - fxfy tensor([[1619.1805, 1619.1805]], device='cuda:0')
0:03:30.148819 - TCO_gt tensor([[[-0.7893,  0.4511,  0.4165, -0.0100],
         [-0.5688, -0.7927, -0.2192,  0.0062],
         [ 0.2313, -0.4099,  0.8823,  0.1920],
         [ 0.0000,  0.0000,  0.0000,  1.0000]]], device='cuda:0')
0:03:30.149775 - TCO pred_orn tensor([[[-0.7817,  0.4522,  0.4295, -0.0100],
         [-0.5746, -0.7899, -0.2142,  0.0062],
         [ 0.2424, -0.4142,  0.8773,  0.1920],
         [ 0.0000,  0.0000,  0.0000,  1.0000]]], device='cuda:0',
       grad_fn=<CopySlices>)
0:03:30.150679 - TCO pred_xy tensor([[[-0.7893,  0.4511,  0.4165, -0.0084],
         [-0.5688, -0.7927, -0.2192,  0.0041],
         [ 0.2313, -0.4099,  0.8823,  0.1920],
         [ 0.0000,  0.0000,  0.0000,  1.0000]]], device='cuda:0',
       grad_fn=<CopySlices>)
0:03:30.151567 - TCO pred_z tensor([[[-0.7893,  0.4511,  0.4165, -0.0100],
         [-0.5688, -0.7927, -0.2192,  0.0062],
         [ 0.2313, -0.4099,  0.8823,  0.1593],
         [ 0.0000,  0.0000,  0.0000,  1.0000]]], device='cuda:0',
       grad_fn=<CopySlices>)
0:03:30.152213 - loss orn tensor([5.9572e-05], device='cuda:0', grad_fn=<MinBackward0>)
0:03:30.152861 - loss xy tensor([0.0012], device='cuda:0', grad_fn=<MinBackward0>)
0:03:30.153499 - loss z tensor([0.0109], device='cuda:0', grad_fn=<MinBackward0>)
  0%|                                        | 0/1 [00:00<?, ?it/s, loss=0.0121]100%|████████████████████████████████| 1/1 [00:00<00:00,  4.62it/s, loss=0.0121]100%|████████████████████████████████| 1/1 [00:00<00:00,  4.62it/s, loss=0.0121]
0:03:29.913834 - saving /home/ubuntu/synthetic_pose_estimation/cosypose/local_data/experiments/bracket_assembly_debug_nut_nosym_coarse_noaug--938962 395
  0%|                                                     | 0/1 [00:00<?, ?it/s]0:03:30.328937 - iteration 0
0:03:30.373513 - outputs, {'pose': tensor([[-0.9796, -0.7034,  0.3018,  0.5553, -0.5516, -0.4125,  3.5780, -1.3377,
          0.5755]], device='cuda:0', grad_fn=<AddmmBackward0>)}
0:03:30.375558 - model_outputs {'pose': tensor([[-0.9796, -0.7034,  0.3018,  0.5553, -0.5516, -0.4125,  3.5780, -1.3377,
          0.5755]], device='cuda:0', grad_fn=<AddmmBackward0>)}
0:03:30.376431 - K crop tensor([[[1.9505e+03, 0.0000e+00, 2.7927e+02],
         [0.0000e+00, 1.9505e+03, 9.2966e+01],
         [0.0000e+00, 0.0000e+00, 1.0000e+00]]], device='cuda:0')
0:03:30.378232 - TCO_input tensor([[[ 1.0000,  0.0000,  0.0000, -0.0196],
         [ 0.0000,  1.0000,  0.0000,  0.0044],
         [ 0.0000,  0.0000,  1.0000,  0.3200],
         [ 0.0000,  0.0000,  0.0000,  1.0000]]], device='cuda:0')
0:03:30.379414 - model tco output tensor([[[-0.7880,  0.4413,  0.4294, -0.0110],
         [-0.5658, -0.7940, -0.2224,  0.0024],
         [ 0.2427, -0.4182,  0.8753,  0.1841],
         [ 0.0000,  0.0000,  0.0000,  1.0000]]], device='cuda:0',
       grad_fn=<CopySlices>)
0:03:30.418016 - Wrote debug data: /home/ubuntu/synthetic_pose_estimation/cosypose/local_data/debug_data/debug_iter=1.pth.tar
0:03:30.627800 - TCO_input tensor([[[ 1.0000,  0.0000,  0.0000, -0.0196],
         [ 0.0000,  1.0000,  0.0000,  0.0044],
         [ 0.0000,  0.0000,  1.0000,  0.3200],
         [ 0.0000,  0.0000,  0.0000,  1.0000]]], device='cuda:0')
0:03:30.628842 - vxvyvz tensor([[ 3.5780, -1.3377,  0.5755]], device='cuda:0',
       grad_fn=<SliceBackward0>)
0:03:30.629869 - dR tensor([[[-0.7880,  0.4413,  0.4294],
         [-0.5658, -0.7940, -0.2224],
         [ 0.2427, -0.4182,  0.8753]]], device='cuda:0',
       grad_fn=<StackBackward0>)
0:03:30.630702 - fxfy tensor([[1950.5018, 1950.5016]], device='cuda:0')
0:03:30.633223 - TCO_gt tensor([[[-0.7893,  0.4511,  0.4165, -0.0100],
         [-0.5688, -0.7927, -0.2192,  0.0062],
         [ 0.2313, -0.4099,  0.8823,  0.1920],
         [ 0.0000,  0.0000,  0.0000,  1.0000]]], device='cuda:0')
0:03:30.634135 - TCO pred_orn tensor([[[-0.7880,  0.4413,  0.4294, -0.0100],
         [-0.5658, -0.7940, -0.2224,  0.0062],
         [ 0.2427, -0.4182,  0.8753,  0.1920],
         [ 0.0000,  0.0000,  0.0000,  1.0000]]], device='cuda:0',
       grad_fn=<CopySlices>)
0:03:30.635022 - TCO pred_xy tensor([[[-0.7893,  0.4511,  0.4165, -0.0114],
         [-0.5688, -0.7927, -0.2192,  0.0025],
         [ 0.2313, -0.4099,  0.8823,  0.1920],
         [ 0.0000,  0.0000,  0.0000,  1.0000]]], device='cuda:0',
       grad_fn=<CopySlices>)
0:03:30.635914 - TCO pred_z tensor([[[-0.7893,  0.4511,  0.4165, -0.0100],
         [-0.5688, -0.7927, -0.2192,  0.0062],
         [ 0.2313, -0.4099,  0.8823,  0.1841],
         [ 0.0000,  0.0000,  0.0000,  1.0000]]], device='cuda:0',
       grad_fn=<CopySlices>)
0:03:30.636549 - loss orn tensor([6.1124e-05], device='cuda:0', grad_fn=<MinBackward0>)
0:03:30.637155 - loss xy tensor([0.0017], device='cuda:0', grad_fn=<MinBackward0>)
0:03:30.637780 - loss z tensor([0.0026], device='cuda:0', grad_fn=<MinBackward0>)
  0%|                                       | 0/1 [00:00<?, ?it/s, loss=0.00438]100%|███████████████████████████████| 1/1 [00:00<00:00,  4.60it/s, loss=0.00438]100%|███████████████████████████████| 1/1 [00:00<00:00,  4.58it/s, loss=0.00438]
0:03:30.392138 - saving /home/ubuntu/synthetic_pose_estimation/cosypose/local_data/experiments/bracket_assembly_debug_nut_nosym_coarse_noaug--938962 396
  0%|                                                     | 0/1 [00:00<?, ?it/s]0:03:30.807285 - iteration 0
0:03:30.850700 - outputs, {'pose': tensor([[-0.9849, -0.7016,  0.2950,  0.5480, -0.5517, -0.4109,  3.5860, -1.3250,
          0.5733]], device='cuda:0', grad_fn=<AddmmBackward0>)}
0:03:30.852372 - model_outputs {'pose': tensor([[-0.9849, -0.7016,  0.2950,  0.5480, -0.5517, -0.4109,  3.5860, -1.3250,
          0.5733]], device='cuda:0', grad_fn=<AddmmBackward0>)}
0:03:30.853183 - K crop tensor([[[1.8418e+03, 0.0000e+00, 2.7230e+02],
         [0.0000e+00, 1.8418e+03, 5.9809e+01],
         [0.0000e+00, 0.0000e+00, 1.0000e+00]]], device='cuda:0')
0:03:30.854065 - TCO_input tensor([[[ 1.0000,  0.0000,  0.0000, -0.0187],
         [ 0.0000,  1.0000,  0.0000,  0.0099],
         [ 0.0000,  0.0000,  1.0000,  0.3047],
         [ 0.0000,  0.0000,  0.0000,  1.0000]]], device='cuda:0')
0:03:30.854968 - model tco output tensor([[[-0.7913,  0.4391,  0.4255, -0.0104],
         [-0.5636, -0.7936, -0.2293,  0.0055],
         [ 0.2370, -0.4213,  0.8754,  0.1747],
         [ 0.0000,  0.0000,  0.0000,  1.0000]]], device='cuda:0',
       grad_fn=<CopySlices>)
0:03:30.893313 - Wrote debug data: /home/ubuntu/synthetic_pose_estimation/cosypose/local_data/debug_data/debug_iter=1.pth.tar
0:03:31.103061 - TCO_input tensor([[[ 1.0000,  0.0000,  0.0000, -0.0187],
         [ 0.0000,  1.0000,  0.0000,  0.0099],
         [ 0.0000,  0.0000,  1.0000,  0.3047],
         [ 0.0000,  0.0000,  0.0000,  1.0000]]], device='cuda:0')
0:03:31.104010 - vxvyvz tensor([[ 3.5860, -1.3250,  0.5733]], device='cuda:0',
       grad_fn=<SliceBackward0>)
0:03:31.105032 - dR tensor([[[-0.7913,  0.4391,  0.4255],
         [-0.5636, -0.7936, -0.2293],
         [ 0.2370, -0.4213,  0.8754]]], device='cuda:0',
       grad_fn=<StackBackward0>)
0:03:31.105899 - fxfy tensor([[1841.8114, 1841.8116]], device='cuda:0')
0:03:31.108420 - TCO_gt tensor([[[-0.7893,  0.4511,  0.4165, -0.0100],
         [-0.5688, -0.7927, -0.2192,  0.0062],
         [ 0.2313, -0.4099,  0.8823,  0.1920],
         [ 0.0000,  0.0000,  0.0000,  1.0000]]], device='cuda:0')
0:03:31.109362 - TCO pred_orn tensor([[[-0.7913,  0.4391,  0.4255, -0.0100],
         [-0.5636, -0.7936, -0.2293,  0.0062],
         [ 0.2370, -0.4213,  0.8754,  0.1920],
         [ 0.0000,  0.0000,  0.0000,  1.0000]]], device='cuda:0',
       grad_fn=<CopySlices>)
0:03:31.110266 - TCO pred_xy tensor([[[-0.7893,  0.4511,  0.4165, -0.0114],
         [-0.5688, -0.7927, -0.2192,  0.0061],
         [ 0.2313, -0.4099,  0.8823,  0.1920],
         [ 0.0000,  0.0000,  0.0000,  1.0000]]], device='cuda:0',
       grad_fn=<CopySlices>)
0:03:31.111185 - TCO pred_z tensor([[[-0.7893,  0.4511,  0.4165, -0.0100],
         [-0.5688, -0.7927, -0.2192,  0.0062],
         [ 0.2313, -0.4099,  0.8823,  0.1747],
         [ 0.0000,  0.0000,  0.0000,  1.0000]]], device='cuda:0',
       grad_fn=<CopySlices>)
0:03:31.111841 - loss orn tensor([6.8567e-05], device='cuda:0', grad_fn=<MinBackward0>)
0:03:31.112457 - loss xy tensor([0.0005], device='cuda:0', grad_fn=<MinBackward0>)
0:03:31.115604 - loss z tensor([0.0058], device='cuda:0', grad_fn=<MinBackward0>)
  0%|                                       | 0/1 [00:00<?, ?it/s, loss=0.00632]100%|███████████████████████████████| 1/1 [00:00<00:00,  4.65it/s, loss=0.00632]100%|███████████████████████████████| 1/1 [00:00<00:00,  4.64it/s, loss=0.00632]
0:03:30.858016 - saving /home/ubuntu/synthetic_pose_estimation/cosypose/local_data/experiments/bracket_assembly_debug_nut_nosym_coarse_noaug--938962 397
  0%|                                                     | 0/1 [00:00<?, ?it/s]0:03:31.272879 - iteration 0
0:03:31.316343 - outputs, {'pose': tensor([[-0.9952, -0.7015,  0.2879,  0.5562, -0.5487, -0.4100,  3.5971, -1.3201,
          0.5751]], device='cuda:0', grad_fn=<AddmmBackward0>)}
0:03:31.317998 - model_outputs {'pose': tensor([[-0.9952, -0.7015,  0.2879,  0.5562, -0.5487, -0.4100,  3.5971, -1.3201,
          0.5751]], device='cuda:0', grad_fn=<AddmmBackward0>)}
0:03:31.318778 - K crop tensor([[[1.8698e+03, 0.0000e+00, 3.1500e+02],
         [0.0000e+00, 1.8698e+03, 3.2575e+01],
         [0.0000e+00, 0.0000e+00, 1.0000e+00]]], device='cuda:0')
0:03:31.319618 - TCO_input tensor([[[ 1.0000,  0.0000,  0.0000, -0.0259],
         [ 0.0000,  1.0000,  0.0000,  0.0145],
         [ 0.0000,  0.0000,  1.0000,  0.3110],
         [ 0.0000,  0.0000,  0.0000,  1.0000]]], device='cuda:0')
0:03:31.320503 - model tco output tensor([[[-0.7954,  0.4389,  0.4179, -0.0145],
         [-0.5606, -0.7947, -0.2325,  0.0082],
         [ 0.2301, -0.4193,  0.8782,  0.1789],
         [ 0.0000,  0.0000,  0.0000,  1.0000]]], device='cuda:0',
       grad_fn=<CopySlices>)
0:03:31.361517 - Wrote debug data: /home/ubuntu/synthetic_pose_estimation/cosypose/local_data/debug_data/debug_iter=1.pth.tar
0:03:31.571576 - TCO_input tensor([[[ 1.0000,  0.0000,  0.0000, -0.0259],
         [ 0.0000,  1.0000,  0.0000,  0.0145],
         [ 0.0000,  0.0000,  1.0000,  0.3110],
         [ 0.0000,  0.0000,  0.0000,  1.0000]]], device='cuda:0')
0:03:31.572578 - vxvyvz tensor([[ 3.5971, -1.3201,  0.5751]], device='cuda:0',
       grad_fn=<SliceBackward0>)
0:03:31.573601 - dR tensor([[[-0.7954,  0.4389,  0.4179],
         [-0.5606, -0.7947, -0.2325],
         [ 0.2301, -0.4193,  0.8782]]], device='cuda:0',
       grad_fn=<StackBackward0>)
0:03:31.574486 - fxfy tensor([[1869.8169, 1869.8170]], device='cuda:0')
0:03:31.576977 - TCO_gt tensor([[[-0.7893,  0.4511,  0.4165, -0.0100],
         [-0.5688, -0.7927, -0.2192,  0.0062],
         [ 0.2313, -0.4099,  0.8823,  0.1920],
         [ 0.0000,  0.0000,  0.0000,  1.0000]]], device='cuda:0')
0:03:31.577919 - TCO pred_orn tensor([[[-0.7954,  0.4389,  0.4179, -0.0100],
         [-0.5606, -0.7947, -0.2325,  0.0062],
         [ 0.2301, -0.4193,  0.8782,  0.1920],
         [ 0.0000,  0.0000,  0.0000,  1.0000]]], device='cuda:0',
       grad_fn=<CopySlices>)
0:03:31.578837 - TCO pred_xy tensor([[[-0.7893,  0.4511,  0.4165, -0.0156],
         [-0.5688, -0.7927, -0.2192,  0.0088],
         [ 0.2313, -0.4099,  0.8823,  0.1920],
         [ 0.0000,  0.0000,  0.0000,  1.0000]]], device='cuda:0',
       grad_fn=<CopySlices>)
0:03:31.579742 - TCO pred_z tensor([[[-0.7893,  0.4511,  0.4165, -0.0100],
         [-0.5688, -0.7927, -0.2192,  0.0062],
         [ 0.2313, -0.4099,  0.8823,  0.1789],
         [ 0.0000,  0.0000,  0.0000,  1.0000]]], device='cuda:0',
       grad_fn=<CopySlices>)
0:03:31.580376 - loss orn tensor([6.9809e-05], device='cuda:0', grad_fn=<MinBackward0>)
0:03:31.581000 - loss xy tensor([0.0027], device='cuda:0', grad_fn=<MinBackward0>)
0:03:31.581633 - loss z tensor([0.0044], device='cuda:0', grad_fn=<MinBackward0>)
  0%|                                       | 0/1 [00:00<?, ?it/s, loss=0.00717]100%|███████████████████████████████| 1/1 [00:00<00:00,  4.57it/s, loss=0.00717]100%|███████████████████████████████| 1/1 [00:00<00:00,  4.56it/s, loss=0.00717]
0:03:31.334448 - saving /home/ubuntu/synthetic_pose_estimation/cosypose/local_data/experiments/bracket_assembly_debug_nut_nosym_coarse_noaug--938962 398
  0%|                                                     | 0/1 [00:00<?, ?it/s]0:03:31.749677 - iteration 0
0:03:31.793448 - outputs, {'pose': tensor([[-0.9903, -0.7047,  0.2787,  0.5581, -0.5620, -0.3978,  3.5980, -1.3030,
          0.5602]], device='cuda:0', grad_fn=<AddmmBackward0>)}
0:03:31.795077 - model_outputs {'pose': tensor([[-0.9903, -0.7047,  0.2787,  0.5581, -0.5620, -0.3978,  3.5980, -1.3030,
          0.5602]], device='cuda:0', grad_fn=<AddmmBackward0>)}
0:03:31.795864 - K crop tensor([[[2.2223e+03, 0.0000e+00, 2.2435e+02],
         [0.0000e+00, 2.2223e+03, 8.1493e+01],
         [0.0000e+00, 0.0000e+00, 1.0000e+00]]], device='cuda:0')
0:03:31.796713 - TCO_input tensor([[[ 1.0000,  0.0000,  0.0000, -0.0106],
         [ 0.0000,  1.0000,  0.0000,  0.0062],
         [ 0.0000,  0.0000,  1.0000,  0.3643],
         [ 0.0000,  0.0000,  0.0000,  1.0000]]], device='cuda:0')
0:03:31.798209 - model tco output tensor([[[-0.7942,  0.4509,  0.4075, -0.0056],
         [-0.5651, -0.7945, -0.2223,  0.0034],
         [ 0.2235, -0.4068,  0.8857,  0.2041],
         [ 0.0000,  0.0000,  0.0000,  1.0000]]], device='cuda:0',
       grad_fn=<CopySlices>)
0:03:31.833802 - Wrote debug data: /home/ubuntu/synthetic_pose_estimation/cosypose/local_data/debug_data/debug_iter=1.pth.tar
0:03:32.044317 - TCO_input tensor([[[ 1.0000,  0.0000,  0.0000, -0.0106],
         [ 0.0000,  1.0000,  0.0000,  0.0062],
         [ 0.0000,  0.0000,  1.0000,  0.3643],
         [ 0.0000,  0.0000,  0.0000,  1.0000]]], device='cuda:0')
0:03:32.045357 - vxvyvz tensor([[ 3.5980, -1.3030,  0.5602]], device='cuda:0',
       grad_fn=<SliceBackward0>)
0:03:32.046372 - dR tensor([[[-0.7942,  0.4509,  0.4075],
         [-0.5651, -0.7945, -0.2223],
         [ 0.2235, -0.4068,  0.8857]]], device='cuda:0',
       grad_fn=<StackBackward0>)
0:03:32.047245 - fxfy tensor([[2222.3396, 2222.3398]], device='cuda:0')
0:03:32.049773 - TCO_gt tensor([[[-0.7893,  0.4511,  0.4165, -0.0100],
         [-0.5688, -0.7927, -0.2192,  0.0062],
         [ 0.2313, -0.4099,  0.8823,  0.1920],
         [ 0.0000,  0.0000,  0.0000,  1.0000]]], device='cuda:0')
0:03:32.050691 - TCO pred_orn tensor([[[-0.7942,  0.4509,  0.4075, -0.0100],
         [-0.5651, -0.7945, -0.2223,  0.0062],
         [ 0.2235, -0.4068,  0.8857,  0.1920],
         [ 0.0000,  0.0000,  0.0000,  1.0000]]], device='cuda:0',
       grad_fn=<CopySlices>)
0:03:32.051608 - TCO pred_xy tensor([[[-0.7893,  0.4511,  0.4165, -0.0053],
         [-0.5688, -0.7927, -0.2192,  0.0032],
         [ 0.2313, -0.4099,  0.8823,  0.1920],
         [ 0.0000,  0.0000,  0.0000,  1.0000]]], device='cuda:0',
       grad_fn=<CopySlices>)
0:03:32.052517 - TCO pred_z tensor([[[-0.7893,  0.4511,  0.4165, -0.0100],
         [-0.5688, -0.7927, -0.2192,  0.0062],
         [ 0.2313, -0.4099,  0.8823,  0.2041],
         [ 0.0000,  0.0000,  0.0000,  1.0000]]], device='cuda:0',
       grad_fn=<CopySlices>)
0:03:32.053184 - loss orn tensor([4.0151e-05], device='cuda:0', grad_fn=<MinBackward0>)
0:03:32.053821 - loss xy tensor([0.0026], device='cuda:0', grad_fn=<MinBackward0>)
0:03:32.054436 - loss z tensor([0.0040], device='cuda:0', grad_fn=<MinBackward0>)
  0%|                                       | 0/1 [00:00<?, ?it/s, loss=0.00665]100%|███████████████████████████████| 1/1 [00:00<00:00,  4.70it/s, loss=0.00665]100%|███████████████████████████████| 1/1 [00:00<00:00,  4.69it/s, loss=0.00665]
0:03:31.819710 - saving /home/ubuntu/synthetic_pose_estimation/cosypose/local_data/experiments/bracket_assembly_debug_nut_nosym_coarse_noaug--938962 399
  0%|                                                     | 0/1 [00:00<?, ?it/s]0:03:32.235483 - iteration 0
0:03:32.285223 - outputs, {'pose': tensor([[-0.9870, -0.7118,  0.2823,  0.5627, -0.5610, -0.3938,  3.6101, -1.3030,
          0.5598]], device='cuda:0', grad_fn=<AddmmBackward0>)}
0:03:32.287302 - model_outputs {'pose': tensor([[-0.9870, -0.7118,  0.2823,  0.5627, -0.5610, -0.3938,  3.6101, -1.3030,
          0.5598]], device='cuda:0', grad_fn=<AddmmBackward0>)}
0:03:32.288281 - K crop tensor([[[1.6967e+03, 0.0000e+00, 2.0213e+02],
         [0.0000e+00, 1.6967e+03, 7.3807e+01],
         [0.0000e+00, 0.0000e+00, 1.0000e+00]]], device='cuda:0')
0:03:32.289402 - TCO_input tensor([[[ 1.0000,  0.0000,  0.0000, -0.0070],
         [ 0.0000,  1.0000,  0.0000,  0.0076],
         [ 0.0000,  0.0000,  1.0000,  0.2806],
         [ 0.0000,  0.0000,  0.0000,  1.0000]]], device='cuda:0')
0:03:32.290450 - model tco output tensor([[[-0.7901,  0.4574,  0.4081, -0.0036],
         [-0.5698, -0.7935, -0.2138,  0.0041],
         [ 0.2260, -0.4014,  0.8876,  0.1571],
         [ 0.0000,  0.0000,  0.0000,  1.0000]]], device='cuda:0',
       grad_fn=<CopySlices>)
0:03:32.330279 - Wrote debug data: /home/ubuntu/synthetic_pose_estimation/cosypose/local_data/debug_data/debug_iter=1.pth.tar
0:03:32.540414 - TCO_input tensor([[[ 1.0000,  0.0000,  0.0000, -0.0070],
         [ 0.0000,  1.0000,  0.0000,  0.0076],
         [ 0.0000,  0.0000,  1.0000,  0.2806],
         [ 0.0000,  0.0000,  0.0000,  1.0000]]], device='cuda:0')
0:03:32.541437 - vxvyvz tensor([[ 3.6101, -1.3030,  0.5598]], device='cuda:0',
       grad_fn=<SliceBackward0>)
0:03:32.542438 - dR tensor([[[-0.7901,  0.4574,  0.4081],
         [-0.5698, -0.7935, -0.2138],
         [ 0.2260, -0.4014,  0.8876]]], device='cuda:0',
       grad_fn=<StackBackward0>)
0:03:32.543298 - fxfy tensor([[1696.6833, 1696.6837]], device='cuda:0')
0:03:32.545826 - TCO_gt tensor([[[-0.7893,  0.4511,  0.4165, -0.0100],
         [-0.5688, -0.7927, -0.2192,  0.0062],
         [ 0.2313, -0.4099,  0.8823,  0.1920],
         [ 0.0000,  0.0000,  0.0000,  1.0000]]], device='cuda:0')
0:03:32.546744 - TCO pred_orn tensor([[[-0.7901,  0.4574,  0.4081, -0.0100],
         [-0.5698, -0.7935, -0.2138,  0.0062],
         [ 0.2260, -0.4014,  0.8876,  0.1920],
         [ 0.0000,  0.0000,  0.0000,  1.0000]]], device='cuda:0',
       grad_fn=<CopySlices>)
0:03:32.547659 - TCO pred_xy tensor([[[-0.7893,  0.4511,  0.4165, -0.0044],
         [-0.5688, -0.7927, -0.2192,  0.0050],
         [ 0.2313, -0.4099,  0.8823,  0.1920],
         [ 0.0000,  0.0000,  0.0000,  1.0000]]], device='cuda:0',
       grad_fn=<CopySlices>)
0:03:32.548571 - TCO pred_z tensor([[[-0.7893,  0.4511,  0.4165, -0.0100],
         [-0.5688, -0.7927, -0.2192,  0.0062],
         [ 0.2313, -0.4099,  0.8823,  0.1571],
         [ 0.0000,  0.0000,  0.0000,  1.0000]]], device='cuda:0',
       grad_fn=<CopySlices>)
0:03:32.549214 - loss orn tensor([4.3503e-05], device='cuda:0', grad_fn=<MinBackward0>)
0:03:32.549848 - loss xy tensor([0.0022], device='cuda:0', grad_fn=<MinBackward0>)
0:03:32.550461 - loss z tensor([0.0116], device='cuda:0', grad_fn=<MinBackward0>)
  0%|                                        | 0/1 [00:00<?, ?it/s, loss=0.0139]100%|████████████████████████████████| 1/1 [00:00<00:00,  4.48it/s, loss=0.0139]100%|████████████████████████████████| 1/1 [00:00<00:00,  4.47it/s, loss=0.0139]
  0%|                                                     | 0/1 [00:00<?, ?it/s]0:03:32.457572 - iteration 0
0:03:32.493849 - outputs, {'pose': tensor([[-0.3577, -0.1019,  0.0922,  0.3091, -0.1875, -0.0795,  1.0620, -0.5230,
          0.3273]], device='cuda:0')}
0:03:32.495344 - model_outputs {'pose': tensor([[-0.3577, -0.1019,  0.0922,  0.3091, -0.1875, -0.0795,  1.0620, -0.5230,
          0.3273]], device='cuda:0')}
0:03:32.496093 - K crop tensor([[[1.8119e+03, 0.0000e+00, 2.5763e+02],
         [0.0000e+00, 1.8119e+03, 6.8662e+01],
         [0.0000e+00, 0.0000e+00, 1.0000e+00]]], device='cuda:0')
0:03:32.496924 - TCO_input tensor([[[ 1.0000,  0.0000,  0.0000, -0.0162],
         [ 0.0000,  1.0000,  0.0000,  0.0084],
         [ 0.0000,  0.0000,  1.0000,  0.2994],
         [ 0.0000,  0.0000,  0.0000,  1.0000]]], device='cuda:0')
0:03:32.497824 - model tco output tensor([[[-9.3349e-01,  2.5762e-01,  2.4945e-01, -5.2484e-03],
         [-2.6591e-01, -9.6400e-01,  4.8539e-04,  2.7206e-03],
         [ 2.4060e-01, -6.5879e-02,  9.6839e-01,  9.7968e-02],
         [ 0.0000e+00,  0.0000e+00,  0.0000e+00,  1.0000e+00]]],
       device='cuda:0')
0:03:32.540380 - Wrote debug data: /home/ubuntu/synthetic_pose_estimation/cosypose/local_data/debug_data/debug_iter=1.pth.tar
0:03:32.751484 - TCO_input tensor([[[ 1.0000,  0.0000,  0.0000, -0.0162],
         [ 0.0000,  1.0000,  0.0000,  0.0084],
         [ 0.0000,  0.0000,  1.0000,  0.2994],
         [ 0.0000,  0.0000,  0.0000,  1.0000]]], device='cuda:0')
0:03:32.752531 - vxvyvz tensor([[ 1.0620, -0.5230,  0.3273]], device='cuda:0')
0:03:32.753512 - dR tensor([[[-9.3349e-01,  2.5762e-01,  2.4945e-01],
         [-2.6591e-01, -9.6400e-01,  4.8539e-04],
         [ 2.4060e-01, -6.5879e-02,  9.6839e-01]]], device='cuda:0')
0:03:32.754421 - fxfy tensor([[1811.8647, 1811.8649]], device='cuda:0')
0:03:32.756724 - TCO_gt tensor([[[-0.7893,  0.4511,  0.4165, -0.0100],
         [-0.5688, -0.7927, -0.2192,  0.0062],
         [ 0.2313, -0.4099,  0.8823,  0.1920],
         [ 0.0000,  0.0000,  0.0000,  1.0000]]], device='cuda:0')
0:03:32.757645 - TCO pred_orn tensor([[[-9.3349e-01,  2.5762e-01,  2.4945e-01, -1.0004e-02],
         [-2.6591e-01, -9.6400e-01,  4.8539e-04,  6.1788e-03],
         [ 2.4060e-01, -6.5879e-02,  9.6839e-01,  1.9197e-01],
         [ 0.0000e+00,  0.0000e+00,  0.0000e+00,  1.0000e+00]]],
       device='cuda:0')
0:03:32.758708 - TCO pred_xy tensor([[[-0.7893,  0.4511,  0.4165, -0.0103],
         [-0.5688, -0.7927, -0.2192,  0.0053],
         [ 0.2313, -0.4099,  0.8823,  0.1920],
         [ 0.0000,  0.0000,  0.0000,  1.0000]]], device='cuda:0')
0:03:32.759875 - TCO pred_z tensor([[[-0.7893,  0.4511,  0.4165, -0.0100],
         [-0.5688, -0.7927, -0.2192,  0.0062],
         [ 0.2313, -0.4099,  0.8823,  0.0980],
         [ 0.0000,  0.0000,  0.0000,  1.0000]]], device='cuda:0')
0:03:32.762811 - loss orn tensor([0.0019], device='cuda:0')
0:03:32.763433 - loss xy tensor([0.0004], device='cuda:0')
0:03:32.764062 - loss z tensor([0.0313], device='cuda:0')
100%|█████████████████████████████████████████████| 1/1 [00:00<00:00,  7.99it/s]100%|█████████████████████████████████████████████| 1/1 [00:00<00:00,  7.97it/s]
0:03:32.455361 - saving /home/ubuntu/synthetic_pose_estimation/cosypose/local_data/experiments/bracket_assembly_debug_nut_nosym_coarse_noaug--938962 400
  0%|                                                     | 0/1 [00:00<?, ?it/s]0:03:32.867302 - iteration 0
0:03:32.912806 - outputs, {'pose': tensor([[-0.9832, -0.7114,  0.2830,  0.5654, -0.5635, -0.3943,  3.6094, -1.2843,
          0.5583]], device='cuda:0', grad_fn=<AddmmBackward0>)}
0:03:32.914454 - model_outputs {'pose': tensor([[-0.9832, -0.7114,  0.2830,  0.5654, -0.5635, -0.3943,  3.6094, -1.2843,
          0.5583]], device='cuda:0', grad_fn=<AddmmBackward0>)}
0:03:32.915214 - K crop tensor([[[2.0119e+03, 0.0000e+00, 2.3655e+02],
         [0.0000e+00, 2.0119e+03, 3.5294e+01],
         [0.0000e+00, 0.0000e+00, 1.0000e+00]]], device='cuda:0')
0:03:32.916050 - TCO_input tensor([[[ 1.0000,  0.0000,  0.0000, -0.0128],
         [ 0.0000,  1.0000,  0.0000,  0.0140],
         [ 0.0000,  0.0000,  1.0000,  0.3336],
         [ 0.0000,  0.0000,  0.0000,  1.0000]]], device='cuda:0')
0:03:32.916938 - model tco output tensor([[[-0.7890,  0.4589,  0.4085, -0.0068],
         [-0.5709, -0.7933, -0.2114,  0.0077],
         [ 0.2271, -0.4000,  0.8879,  0.1863],
         [ 0.0000,  0.0000,  0.0000,  1.0000]]], device='cuda:0',
       grad_fn=<CopySlices>)
0:03:32.954197 - Wrote debug data: /home/ubuntu/synthetic_pose_estimation/cosypose/local_data/debug_data/debug_iter=1.pth.tar
0:03:33.166006 - TCO_input tensor([[[ 1.0000,  0.0000,  0.0000, -0.0128],
         [ 0.0000,  1.0000,  0.0000,  0.0140],
         [ 0.0000,  0.0000,  1.0000,  0.3336],
         [ 0.0000,  0.0000,  0.0000,  1.0000]]], device='cuda:0')
0:03:33.167014 - vxvyvz tensor([[ 3.6094, -1.2843,  0.5583]], device='cuda:0',
       grad_fn=<SliceBackward0>)
0:03:33.168020 - dR tensor([[[-0.7890,  0.4589,  0.4085],
         [-0.5709, -0.7933, -0.2114],
         [ 0.2271, -0.4000,  0.8879]]], device='cuda:0',
       grad_fn=<StackBackward0>)
0:03:33.168884 - fxfy tensor([[2011.9453, 2011.9453]], device='cuda:0')
0:03:33.171395 - TCO_gt tensor([[[-0.7893,  0.4511,  0.4165, -0.0100],
         [-0.5688, -0.7927, -0.2192,  0.0062],
         [ 0.2313, -0.4099,  0.8823,  0.1920],
         [ 0.0000,  0.0000,  0.0000,  1.0000]]], device='cuda:0')
0:03:33.172283 - TCO pred_orn tensor([[[-0.7890,  0.4589,  0.4085, -0.0100],
         [-0.5709, -0.7933, -0.2114,  0.0062],
         [ 0.2271, -0.4000,  0.8879,  0.1920],
         [ 0.0000,  0.0000,  0.0000,  1.0000]]], device='cuda:0',
       grad_fn=<CopySlices>)
0:03:33.173187 - TCO pred_xy tensor([[[-0.7893,  0.4511,  0.4165, -0.0070],
         [-0.5688, -0.7927, -0.2192,  0.0079],
         [ 0.2313, -0.4099,  0.8823,  0.1920],
         [ 0.0000,  0.0000,  0.0000,  1.0000]]], device='cuda:0',
       grad_fn=<CopySlices>)
0:03:33.174090 - TCO pred_z tensor([[[-0.7893,  0.4511,  0.4165, -0.0100],
         [-0.5688, -0.7927, -0.2192,  0.0062],
         [ 0.2313, -0.4099,  0.8823,  0.1863],
         [ 0.0000,  0.0000,  0.0000,  1.0000]]], device='cuda:0',
       grad_fn=<CopySlices>)
0:03:33.174733 - loss orn tensor([5.1581e-05], device='cuda:0', grad_fn=<MinBackward0>)
0:03:33.175361 - loss xy tensor([0.0016], device='cuda:0', grad_fn=<MinBackward0>)
0:03:33.175981 - loss z tensor([0.0019], device='cuda:0', grad_fn=<MinBackward0>)
  0%|                                       | 0/1 [00:00<?, ?it/s, loss=0.00353]100%|███████████████████████████████| 1/1 [00:00<00:00,  4.69it/s, loss=0.00353]100%|███████████████████████████████| 1/1 [00:00<00:00,  4.68it/s, loss=0.00353]
0:03:32.931205 - saving /home/ubuntu/synthetic_pose_estimation/cosypose/local_data/experiments/bracket_assembly_debug_nut_nosym_coarse_noaug--938962 401
  0%|                                                     | 0/1 [00:00<?, ?it/s]0:03:33.346439 - iteration 0
0:03:33.389722 - outputs, {'pose': tensor([[-0.9835, -0.7192,  0.2819,  0.5675, -0.5630, -0.3976,  3.6216, -1.2742,
          0.5689]], device='cuda:0', grad_fn=<AddmmBackward0>)}
0:03:33.391339 - model_outputs {'pose': tensor([[-0.9835, -0.7192,  0.2819,  0.5675, -0.5630, -0.3976,  3.6216, -1.2742,
          0.5689]], device='cuda:0', grad_fn=<AddmmBackward0>)}
0:03:33.392109 - K crop tensor([[[1.9446e+03, 0.0000e+00, 2.4879e+02],
         [0.0000e+00, 1.9446e+03, 5.8461e+01],
         [0.0000e+00, 0.0000e+00, 1.0000e+00]]], device='cuda:0')
0:03:33.392952 - TCO_input tensor([[[ 1.0000,  0.0000,  0.0000, -0.0148],
         [ 0.0000,  1.0000,  0.0000,  0.0101],
         [ 0.0000,  0.0000,  1.0000,  0.3213],
         [ 0.0000,  0.0000,  0.0000,  1.0000]]], device='cuda:0')
0:03:33.393873 - model tco output tensor([[[-0.7864,  0.4620,  0.4100, -0.0081],
         [-0.5751, -0.7899, -0.2130,  0.0056],
         [ 0.2254, -0.4033,  0.8869,  0.1828],
         [ 0.0000,  0.0000,  0.0000,  1.0000]]], device='cuda:0',
       grad_fn=<CopySlices>)
0:03:33.431541 - Wrote debug data: /home/ubuntu/synthetic_pose_estimation/cosypose/local_data/debug_data/debug_iter=1.pth.tar
0:03:33.642351 - TCO_input tensor([[[ 1.0000,  0.0000,  0.0000, -0.0148],
         [ 0.0000,  1.0000,  0.0000,  0.0101],
         [ 0.0000,  0.0000,  1.0000,  0.3213],
         [ 0.0000,  0.0000,  0.0000,  1.0000]]], device='cuda:0')
0:03:33.643343 - vxvyvz tensor([[ 3.6216, -1.2742,  0.5689]], device='cuda:0',
       grad_fn=<SliceBackward0>)
0:03:33.644333 - dR tensor([[[-0.7864,  0.4620,  0.4100],
         [-0.5751, -0.7899, -0.2130],
         [ 0.2254, -0.4033,  0.8869]]], device='cuda:0',
       grad_fn=<StackBackward0>)
0:03:33.645185 - fxfy tensor([[1944.5778, 1944.5782]], device='cuda:0')
0:03:33.647705 - TCO_gt tensor([[[-0.7893,  0.4511,  0.4165, -0.0100],
         [-0.5688, -0.7927, -0.2192,  0.0062],
         [ 0.2313, -0.4099,  0.8823,  0.1920],
         [ 0.0000,  0.0000,  0.0000,  1.0000]]], device='cuda:0')
0:03:33.648627 - TCO pred_orn tensor([[[-0.7864,  0.4620,  0.4100, -0.0100],
         [-0.5751, -0.7899, -0.2130,  0.0062],
         [ 0.2254, -0.4033,  0.8869,  0.1920],
         [ 0.0000,  0.0000,  0.0000,  1.0000]]], device='cuda:0',
       grad_fn=<CopySlices>)
0:03:33.649577 - TCO pred_xy tensor([[[-0.7893,  0.4511,  0.4165, -0.0085],
         [-0.5688, -0.7927, -0.2192,  0.0059],
         [ 0.2313, -0.4099,  0.8823,  0.1920],
         [ 0.0000,  0.0000,  0.0000,  1.0000]]], device='cuda:0',
       grad_fn=<CopySlices>)
0:03:33.650474 - TCO pred_z tensor([[[-0.7893,  0.4511,  0.4165, -0.0100],
         [-0.5688, -0.7927, -0.2192,  0.0062],
         [ 0.2313, -0.4099,  0.8823,  0.1828],
         [ 0.0000,  0.0000,  0.0000,  1.0000]]], device='cuda:0',
       grad_fn=<CopySlices>)
0:03:33.651107 - loss orn tensor([5.7256e-05], device='cuda:0', grad_fn=<MinBackward0>)
0:03:33.651735 - loss xy tensor([0.0006], device='cuda:0', grad_fn=<MinBackward0>)
0:03:33.652343 - loss z tensor([0.0031], device='cuda:0', grad_fn=<MinBackward0>)
  0%|                                       | 0/1 [00:00<?, ?it/s, loss=0.00373]100%|███████████████████████████████| 1/1 [00:00<00:00,  4.67it/s, loss=0.00373]100%|███████████████████████████████| 1/1 [00:00<00:00,  4.66it/s, loss=0.00373]
train loss_total 0.0026561657432466745
train grad_norm 0.8705760836601257
train loss_TCO-iter=1 0.004570317920297384
train loss_TCO 0.004570317920297384
train loss_total 0.004570317920297384
train grad_norm 0.9237015247344971
train loss_TCO-iter=1 0.002726432168856263
train loss_TCO 0.002726432168856263
train loss_total 0.002726432168856263
train grad_norm 0.8791512846946716
train loss_TCO-iter=1 0.012551339343190193
train loss_TCO 0.012551339343190193
train loss_total 0.012551339343190193
train grad_norm 1.0378385782241821
train loss_TCO-iter=1 0.00495268777012825
train loss_TCO 0.00495268777012825
train loss_total 0.00495268777012825
train grad_norm 0.8431777954101562
train loss_TCO-iter=1 0.003792719915509224
train loss_TCO 0.003792719915509224
train loss_total 0.003792719915509224
train grad_norm 0.9635367393493652
train loss_TCO-iter=1 0.010387184098362923
train loss_TCO 0.010387184098362923
train loss_total 0.010387184098362923
train grad_norm 1.0749555826187134
train loss_TCO-iter=1 0.004798012785613537
train loss_TCO 0.004798012785613537
train loss_total 0.004798012785613537
train grad_norm 1.0136075019836426
train loss_TCO-iter=1 0.00585640873759985
train loss_TCO 0.00585640873759985
train loss_total 0.00585640873759985
train grad_norm 0.9177563786506653
val loss_TCO-iter=1 0.027016211301088333
val loss_TCO 0.027016211301088333
val loss_total 0.027016211301088333
train loss_TCO-iter=1 0.0036469544284045696
train loss_TCO 0.0036469544284045696
train loss_total 0.0036469544284045696
train grad_norm 0.9752822518348694
train loss_TCO-iter=1 0.003676570486277342
train loss_TCO 0.003676570486277342
train loss_total 0.003676570486277342
train grad_norm 1.0134029388427734
train loss_TCO-iter=1 0.00709639023989439
train loss_TCO 0.00709639023989439
train loss_total 0.00709639023989439
train grad_norm 0.9037513732910156
train loss_TCO-iter=1 0.009970102459192276
train loss_TCO 0.009970102459192276
train loss_total 0.009970102459192276
train grad_norm 0.9562281966209412
train loss_TCO-iter=1 0.006245451979339123
train loss_TCO 0.006245451979339123
train loss_total 0.006245451979339123
train grad_norm 0.9720669388771057
train loss_TCO-iter=1 0.0036146531347185373
train loss_TCO 0.0036146531347185373
train loss_total 0.0036146531347185373
train grad_norm 1.0539387464523315
train loss_TCO-iter=1 0.012781145051121712
train loss_TCO 0.012781145051121712
train loss_total 0.012781145051121712
train grad_norm 0.8259274363517761
train loss_TCO-iter=1 0.0024862359277904034
train loss_TCO 0.0024862359277904034
train loss_total 0.0024862359277904034
train grad_norm 1.0596134662628174
train loss_TCO-iter=1 0.010277028195559978
train loss_TCO 0.010277028195559978
train loss_total 0.010277028195559978
train grad_norm 0.9229202270507812
train loss_TCO-iter=1 0.013240993022918701
train loss_TCO 0.013240993022918701
train loss_total 0.013240993022918701
train grad_norm 0.8479143381118774
val loss_TCO-iter=1 0.03289205953478813
val loss_TCO 0.03289205953478813
val loss_total 0.03289205953478813
train loss_TCO-iter=1 0.001382970716804266
train loss_TCO 0.001382970716804266
train loss_total 0.001382970716804266
train grad_norm 1.0355560779571533
train loss_TCO-iter=1 0.004353626631200314
train loss_TCO 0.004353626631200314
train loss_total 0.004353626631200314
train grad_norm 0.974306046962738
train loss_TCO-iter=1 0.00581691088154912
train loss_TCO 0.00581691088154912
train loss_total 0.00581691088154912
train grad_norm 0.939464271068573
train loss_TCO-iter=1 0.005753930192440748
train loss_TCO 0.005753930192440748
train loss_total 0.005753930192440748
train grad_norm 1.0436846017837524
train loss_TCO-iter=1 0.0016338566783815622
train loss_TCO 0.0016338566783815622
train loss_total 0.0016338566783815622
train grad_norm 0.9955922961235046
train loss_TCO-iter=1 0.004488491453230381
train loss_TCO 0.004488491453230381
train loss_total 0.004488491453230381
train grad_norm 0.9383736848831177
train loss_TCO-iter=1 0.0031809555366635323
train loss_TCO 0.0031809555366635323
train loss_total 0.0031809555366635323
train grad_norm 0.9383004307746887
train loss_TCO-iter=1 0.0018007515463978052
train loss_TCO 0.0018007515463978052
train loss_total 0.0018007515463978052
train grad_norm 0.9274905323982239
train loss_TCO-iter=1 0.006319201551377773
train loss_TCO 0.006319201551377773
train loss_total 0.006319201551377773
train grad_norm 1.006868600845337
train loss_TCO-iter=1 0.012220305390655994
train loss_TCO 0.012220305390655994
train loss_total 0.012220305390655994
train grad_norm 0.7247929573059082
val loss_TCO-iter=1 0.025647645816206932
val loss_TCO 0.025647645816206932
val loss_total 0.025647645816206932
train loss_TCO-iter=1 0.003425359260290861
train loss_TCO 0.003425359260290861
train loss_total 0.003425359260290861
train grad_norm 0.8516586422920227
train loss_TCO-iter=1 0.011967716738581657
train loss_TCO 0.011967716738581657
train loss_total 0.011967716738581657
train grad_norm 1.0016841888427734
train loss_TCO-iter=1 0.014733766205608845
train loss_TCO 0.014733766205608845
train loss_total 0.014733766205608845
train grad_norm 1.0379011631011963
train loss_TCO-iter=1 0.0043087671510875225
train loss_TCO 0.0043087671510875225
train loss_total 0.0043087671510875225
train grad_norm 0.8390436172485352
train loss_TCO-iter=1 0.009795422665774822
train loss_TCO 0.009795422665774822
train loss_total 0.009795422665774822
train grad_norm 0.9232491850852966
train loss_TCO-iter=1 0.003458523890003562
train loss_TCO 0.003458523890003562
train loss_total 0.003458523890003562
train grad_norm 0.8608763813972473
train loss_TCO-iter=1 0.0033934107050299644
train loss_TCO 0.0033934107050299644
train loss_total 0.0033934107050299644
train grad_norm 0.8790432214736938
train loss_TCO-iter=1 0.007603844627737999
train loss_TCO 0.007603844627737999
train loss_total 0.007603844627737999
train grad_norm 0.8996533751487732
train loss_TCO-iter=1 0.008958390913903713
train loss_TCO 0.008958390913903713
train loss_total 0.008958390913903713
train grad_norm 0.9593538641929626
train loss_TCO-iter=1 0.012276841327548027
train loss_TCO 0.012276841327548027
train loss_total 0.012276841327548027
train grad_norm 1.0089852809906006
val loss_TCO-iter=1 0.018075430765748024
val loss_TCO 0.018075430765748024
val loss_total 0.018075430765748024
train loss_TCO-iter=1 0.0036291121505200863
train loss_TCO 0.0036291121505200863
train loss_total 0.0036291121505200863
train grad_norm 0.9153754711151123
train loss_TCO-iter=1 0.007001051679253578
train loss_TCO 0.007001051679253578
train loss_total 0.007001051679253578
train grad_norm 1.0105631351470947
train loss_TCO-iter=1 0.0011588514316827059
train loss_TCO 0.0011588514316827059
train loss_total 0.0011588514316827059
train grad_norm 0.9518215656280518
train loss_TCO-iter=1 0.007515627890825272
train loss_TCO 0.007515627890825272
train loss_total 0.007515627890825272
train grad_norm 1.033547282218933
train loss_TCO-iter=1 0.012144800275564194
train loss_TCO 0.012144800275564194
train loss_total 0.012144800275564194
train grad_norm 0.8670806288719177
train loss_TCO-iter=1 0.0043793004006147385
train loss_TCO 0.0043793004006147385
train loss_total 0.0043793004006147385
train grad_norm 1.0140149593353271
train loss_TCO-iter=1 0.006318693980574608
train loss_TCO 0.006318693980574608
train loss_total 0.006318693980574608
train grad_norm 0.9011876583099365
train loss_TCO-iter=1 0.007171394303441048
train loss_TCO 0.007171394303441048
train loss_total 0.007171394303441048
train grad_norm 0.9517338871955872
train loss_TCO-iter=1 0.006645522080361843
train loss_TCO 0.006645522080361843
train loss_total 0.006645522080361843
train grad_norm 1.1533781290054321
train loss_TCO-iter=1 0.013926185667514801
train loss_TCO 0.013926185667514801
train loss_total 0.013926185667514801
train grad_norm 0.8751752972602844
val loss_TCO-iter=1 0.033597514033317566
val loss_TCO 0.033597514033317566
val loss_total 0.033597514033317566
train loss_TCO-iter=1 0.003529239445924759
train loss_TCO 0.003529239445924759
train loss_total 0.003529239445924759
train grad_norm 1.026100993156433
train loss_TCO-iter=1 0.003728845389559865
train loss_TCO 0.003728845389559865
train loss_total 0.003728845389559865
0:03:33.419242 - saving /home/ubuntu/synthetic_pose_estimation/cosypose/local_data/experiments/bracket_assembly_debug_nut_nosym_coarse_noaug--938962 402
  0%|                                                     | 0/1 [00:00<?, ?it/s]0:03:33.834730 - iteration 0
0:03:33.878813 - outputs, {'pose': tensor([[-0.9837, -0.7157,  0.2849,  0.5638, -0.5548, -0.3973,  3.6275, -1.2675,
          0.5746]], device='cuda:0', grad_fn=<AddmmBackward0>)}
0:03:33.880555 - model_outputs {'pose': tensor([[-0.9837, -0.7157,  0.2849,  0.5638, -0.5548, -0.3973,  3.6275, -1.2675,
          0.5746]], device='cuda:0', grad_fn=<AddmmBackward0>)}
0:03:33.881344 - K crop tensor([[[1.5246e+03, 0.0000e+00, 2.3361e+02],
         [0.0000e+00, 1.5246e+03, 2.3878e+01],
         [0.0000e+00, 0.0000e+00, 1.0000e+00]]], device='cuda:0')
0:03:33.882205 - TCO_input tensor([[[ 1.0000,  0.0000,  0.0000, -0.0125],
         [ 0.0000,  1.0000,  0.0000,  0.0161],
         [ 0.0000,  0.0000,  1.0000,  0.2563],
         [ 0.0000,  0.0000,  0.0000,  1.0000]]], device='cuda:0')
0:03:33.883681 - model tco output tensor([[[-0.7873,  0.4582,  0.4126, -0.0068],
         [-0.5728, -0.7911, -0.2146,  0.0091],
         [ 0.2280, -0.4053,  0.8853,  0.1473],
         [ 0.0000,  0.0000,  0.0000,  1.0000]]], device='cuda:0',
       grad_fn=<CopySlices>)
0:03:33.924331 - Wrote debug data: /home/ubuntu/synthetic_pose_estimation/cosypose/local_data/debug_data/debug_iter=1.pth.tar
0:03:34.135823 - TCO_input tensor([[[ 1.0000,  0.0000,  0.0000, -0.0125],
         [ 0.0000,  1.0000,  0.0000,  0.0161],
         [ 0.0000,  0.0000,  1.0000,  0.2563],
         [ 0.0000,  0.0000,  0.0000,  1.0000]]], device='cuda:0')
0:03:34.136775 - vxvyvz tensor([[ 3.6275, -1.2675,  0.5746]], device='cuda:0',
       grad_fn=<SliceBackward0>)
0:03:34.137794 - dR tensor([[[-0.7873,  0.4582,  0.4126],
         [-0.5728, -0.7911, -0.2146],
         [ 0.2280, -0.4053,  0.8853]]], device='cuda:0',
       grad_fn=<StackBackward0>)
0:03:34.138657 - fxfy tensor([[1524.5859, 1524.5859]], device='cuda:0')
0:03:34.141132 - TCO_gt tensor([[[-0.7893,  0.4511,  0.4165, -0.0100],
         [-0.5688, -0.7927, -0.2192,  0.0062],
         [ 0.2313, -0.4099,  0.8823,  0.1920],
         [ 0.0000,  0.0000,  0.0000,  1.0000]]], device='cuda:0')
0:03:34.142061 - TCO pred_orn tensor([[[-0.7873,  0.4582,  0.4126, -0.0100],
         [-0.5728, -0.7911, -0.2146,  0.0062],
         [ 0.2280, -0.4053,  0.8853,  0.1920],
         [ 0.0000,  0.0000,  0.0000,  1.0000]]], device='cuda:0',
       grad_fn=<CopySlices>)
0:03:34.142944 - TCO pred_xy tensor([[[-0.7893,  0.4511,  0.4165, -0.0089],
         [-0.5688, -0.7927, -0.2192,  0.0119],
         [ 0.2313, -0.4099,  0.8823,  0.1920],
         [ 0.0000,  0.0000,  0.0000,  1.0000]]], device='cuda:0',
       grad_fn=<CopySlices>)
0:03:34.143841 - TCO pred_z tensor([[[-0.7893,  0.4511,  0.4165, -0.0100],
         [-0.5688, -0.7927, -0.2192,  0.0062],
         [ 0.2313, -0.4099,  0.8823,  0.1473],
         [ 0.0000,  0.0000,  0.0000,  1.0000]]], device='cuda:0',
       grad_fn=<CopySlices>)
0:03:34.144495 - loss orn tensor([3.6817e-05], device='cuda:0', grad_fn=<MinBackward0>)
0:03:34.145142 - loss xy tensor([0.0023], device='cuda:0', grad_fn=<MinBackward0>)
0:03:34.145771 - loss z tensor([0.0149], device='cuda:0', grad_fn=<MinBackward0>)
  0%|                                        | 0/1 [00:00<?, ?it/s, loss=0.0172]100%|████████████████████████████████| 1/1 [00:00<00:00,  4.57it/s, loss=0.0172]100%|████████████████████████████████| 1/1 [00:00<00:00,  4.56it/s, loss=0.0172]
0:03:33.921480 - saving /home/ubuntu/synthetic_pose_estimation/cosypose/local_data/experiments/bracket_assembly_debug_nut_nosym_coarse_noaug--938962 403
  0%|                                                     | 0/1 [00:00<?, ?it/s]0:03:34.336603 - iteration 0
0:03:34.379549 - outputs, {'pose': tensor([[-0.9917, -0.7068,  0.2876,  0.5504, -0.5530, -0.4095,  3.6050, -1.2626,
          0.5756]], device='cuda:0', grad_fn=<AddmmBackward0>)}
0:03:34.381087 - model_outputs {'pose': tensor([[-0.9917, -0.7068,  0.2876,  0.5504, -0.5530, -0.4095,  3.6050, -1.2626,
          0.5756]], device='cuda:0', grad_fn=<AddmmBackward0>)}
0:03:34.381873 - K crop tensor([[[2.0585e+03, 0.0000e+00, 2.5077e+02],
         [0.0000e+00, 2.0585e+03, 7.2578e+01],
         [0.0000e+00, 0.0000e+00, 1.0000e+00]]], device='cuda:0')
0:03:34.382707 - TCO_input tensor([[[ 1.0000,  0.0000,  0.0000, -0.0150],
         [ 0.0000,  1.0000,  0.0000,  0.0077],
         [ 0.0000,  0.0000,  1.0000,  0.3386],
         [ 0.0000,  0.0000,  0.0000,  1.0000]]], device='cuda:0')
0:03:34.383584 - model tco output tensor([[[-0.7925,  0.4423,  0.4198, -0.0083],
         [-0.5648, -0.7919, -0.2320,  0.0043],
         [ 0.2298, -0.4209,  0.8775,  0.1949],
         [ 0.0000,  0.0000,  0.0000,  1.0000]]], device='cuda:0',
       grad_fn=<CopySlices>)
0:03:34.420074 - Wrote debug data: /home/ubuntu/synthetic_pose_estimation/cosypose/local_data/debug_data/debug_iter=1.pth.tar
0:03:34.633219 - TCO_input tensor([[[ 1.0000,  0.0000,  0.0000, -0.0150],
         [ 0.0000,  1.0000,  0.0000,  0.0077],
         [ 0.0000,  0.0000,  1.0000,  0.3386],
         [ 0.0000,  0.0000,  0.0000,  1.0000]]], device='cuda:0')
0:03:34.634194 - vxvyvz tensor([[ 3.6050, -1.2626,  0.5756]], device='cuda:0',
       grad_fn=<SliceBackward0>)
0:03:34.635176 - dR tensor([[[-0.7925,  0.4423,  0.4198],
         [-0.5648, -0.7919, -0.2320],
         [ 0.2298, -0.4209,  0.8775]]], device='cuda:0',
       grad_fn=<StackBackward0>)
0:03:34.636008 - fxfy tensor([[2058.5107, 2058.5107]], device='cuda:0')
0:03:34.638476 - TCO_gt tensor([[[-0.7893,  0.4511,  0.4165, -0.0100],
         [-0.5688, -0.7927, -0.2192,  0.0062],
         [ 0.2313, -0.4099,  0.8823,  0.1920],
         [ 0.0000,  0.0000,  0.0000,  1.0000]]], device='cuda:0')
0:03:34.639391 - TCO pred_orn tensor([[[-0.7925,  0.4423,  0.4198, -0.0100],
         [-0.5648, -0.7919, -0.2320,  0.0062],
         [ 0.2298, -0.4209,  0.8775,  0.1920],
         [ 0.0000,  0.0000,  0.0000,  1.0000]]], device='cuda:0',
       grad_fn=<CopySlices>)
0:03:34.640295 - TCO pred_xy tensor([[[-0.7893,  0.4511,  0.4165, -0.0082],
         [-0.5688, -0.7927, -0.2192,  0.0043],
         [ 0.2313, -0.4099,  0.8823,  0.1920],
         [ 0.0000,  0.0000,  0.0000,  1.0000]]], device='cuda:0',
       grad_fn=<CopySlices>)
0:03:34.641205 - TCO pred_z tensor([[[-0.7893,  0.4511,  0.4165, -0.0100],
         [-0.5688, -0.7927, -0.2192,  0.0062],
         [ 0.2313, -0.4099,  0.8823,  0.1949],
         [ 0.0000,  0.0000,  0.0000,  1.0000]]], device='cuda:0',
       grad_fn=<CopySlices>)
0:03:34.641861 - loss orn tensor([6.1763e-05], device='cuda:0', grad_fn=<MinBackward0>)
0:03:34.642489 - loss xy tensor([0.0012], device='cuda:0', grad_fn=<MinBackward0>)
0:03:34.643096 - loss z tensor([0.0010], device='cuda:0', grad_fn=<MinBackward0>)
  0%|                                       | 0/1 [00:00<?, ?it/s, loss=0.00229]100%|███████████████████████████████| 1/1 [00:00<00:00,  4.69it/s, loss=0.00229]100%|███████████████████████████████| 1/1 [00:00<00:00,  4.69it/s, loss=0.00229]
0:03:34.430908 - saving /home/ubuntu/synthetic_pose_estimation/cosypose/local_data/experiments/bracket_assembly_debug_nut_nosym_coarse_noaug--938962 404
  0%|                                                     | 0/1 [00:00<?, ?it/s]0:03:34.845998 - iteration 0
0:03:34.889697 - outputs, {'pose': tensor([[-0.9944, -0.7058,  0.2893,  0.5476, -0.5489, -0.4155,  3.6126, -1.2618,
          0.5870]], device='cuda:0', grad_fn=<AddmmBackward0>)}
0:03:34.891308 - model_outputs {'pose': tensor([[-0.9944, -0.7058,  0.2893,  0.5476, -0.5489, -0.4155,  3.6126, -1.2618,
          0.5870]], device='cuda:0', grad_fn=<AddmmBackward0>)}
0:03:34.892068 - K crop tensor([[[2.1252e+03, 0.0000e+00, 2.7685e+02],
         [0.0000e+00, 2.1252e+03, 9.3441e+01],
         [0.0000e+00, 0.0000e+00, 1.0000e+00]]], device='cuda:0')
0:03:34.892908 - TCO_input tensor([[[ 1.0000,  0.0000,  0.0000, -0.0192],
         [ 0.0000,  1.0000,  0.0000,  0.0043],
         [ 0.0000,  0.0000,  1.0000,  0.3479],
         [ 0.0000,  0.0000,  0.0000,  1.0000]]], device='cuda:0')
0:03:34.893828 - model tco output tensor([[[-0.7935,  0.4369,  0.4237, -0.0109],
         [-0.5631, -0.7911, -0.2388,  0.0024],
         [ 0.2308, -0.4281,  0.8738,  0.2042],
         [ 0.0000,  0.0000,  0.0000,  1.0000]]], device='cuda:0',
       grad_fn=<CopySlices>)
0:03:34.931072 - Wrote debug data: /home/ubuntu/synthetic_pose_estimation/cosypose/local_data/debug_data/debug_iter=1.pth.tar
0:03:35.142344 - TCO_input tensor([[[ 1.0000,  0.0000,  0.0000, -0.0192],
         [ 0.0000,  1.0000,  0.0000,  0.0043],
         [ 0.0000,  0.0000,  1.0000,  0.3479],
         [ 0.0000,  0.0000,  0.0000,  1.0000]]], device='cuda:0')
0:03:35.143361 - vxvyvz tensor([[ 3.6126, -1.2618,  0.5870]], device='cuda:0',
       grad_fn=<SliceBackward0>)
0:03:35.144353 - dR tensor([[[-0.7935,  0.4369,  0.4237],
         [-0.5631, -0.7911, -0.2388],
         [ 0.2308, -0.4281,  0.8738]]], device='cuda:0',
       grad_fn=<StackBackward0>)
0:03:35.145246 - fxfy tensor([[2125.2466, 2125.2468]], device='cuda:0')
0:03:35.147724 - TCO_gt tensor([[[-0.7893,  0.4511,  0.4165, -0.0100],
         [-0.5688, -0.7927, -0.2192,  0.0062],
         [ 0.2313, -0.4099,  0.8823,  0.1920],
         [ 0.0000,  0.0000,  0.0000,  1.0000]]], device='cuda:0')
0:03:35.148627 - TCO pred_orn tensor([[[-0.7935,  0.4369,  0.4237, -0.0100],
         [-0.5631, -0.7911, -0.2388,  0.0062],
         [ 0.2308, -0.4281,  0.8738,  0.1920],
         [ 0.0000,  0.0000,  0.0000,  1.0000]]], device='cuda:0',
       grad_fn=<CopySlices>)
0:03:35.149565 - TCO pred_xy tensor([[[-0.7893,  0.4511,  0.4165, -0.0103],
         [-0.5688, -0.7927, -0.2192,  0.0022],
         [ 0.2313, -0.4099,  0.8823,  0.1920],
         [ 0.0000,  0.0000,  0.0000,  1.0000]]], device='cuda:0',
       grad_fn=<CopySlices>)
0:03:35.150457 - TCO pred_z tensor([[[-0.7893,  0.4511,  0.4165, -0.0100],
         [-0.5688, -0.7927, -0.2192,  0.0062],
         [ 0.2313, -0.4099,  0.8823,  0.2042],
         [ 0.0000,  0.0000,  0.0000,  1.0000]]], device='cuda:0',
       grad_fn=<CopySlices>)
0:03:35.151094 - loss orn tensor([9.6958e-05], device='cuda:0', grad_fn=<MinBackward0>)
0:03:35.151737 - loss xy tensor([0.0014], device='cuda:0', grad_fn=<MinBackward0>)
0:03:35.152344 - loss z tensor([0.0041], device='cuda:0', grad_fn=<MinBackward0>)
  0%|                                       | 0/1 [00:00<?, ?it/s, loss=0.00559]100%|███████████████████████████████| 1/1 [00:00<00:00,  4.68it/s, loss=0.00559]100%|███████████████████████████████| 1/1 [00:00<00:00,  4.67it/s, loss=0.00559]
0:03:34.914148 - saving /home/ubuntu/synthetic_pose_estimation/cosypose/local_data/experiments/bracket_assembly_debug_nut_nosym_coarse_noaug--938962 405
  0%|                                                     | 0/1 [00:00<?, ?it/s]0:03:35.329276 - iteration 0
0:03:35.372375 - outputs, {'pose': tensor([[-0.9876, -0.7001,  0.2953,  0.5485, -0.5512, -0.4183,  3.6012, -1.2471,
          0.5800]], device='cuda:0', grad_fn=<AddmmBackward0>)}
0:03:35.373982 - model_outputs {'pose': tensor([[-0.9876, -0.7001,  0.2953,  0.5485, -0.5512, -0.4183,  3.6012, -1.2471,
          0.5800]], device='cuda:0', grad_fn=<AddmmBackward0>)}
0:03:35.374775 - K crop tensor([[[1.8961e+03, 0.0000e+00, 2.5356e+02],
         [0.0000e+00, 1.8961e+03, 4.8419e+01],
         [0.0000e+00, 0.0000e+00, 1.0000e+00]]], device='cuda:0')
0:03:35.375643 - TCO_input tensor([[[ 1.0000,  0.0000,  0.0000, -0.0156],
         [ 0.0000,  1.0000,  0.0000,  0.0118],
         [ 0.0000,  0.0000,  1.0000,  0.3142],
         [ 0.0000,  0.0000,  0.0000,  1.0000]]], device='cuda:0')
0:03:35.376559 - model tco output tensor([[[-0.7926,  0.4342,  0.4281, -0.0087],
         [-0.5618, -0.7929, -0.2360,  0.0067],
         [ 0.2370, -0.4276,  0.8724,  0.1822],
         [ 0.0000,  0.0000,  0.0000,  1.0000]]], device='cuda:0',
       grad_fn=<CopySlices>)
0:03:35.414886 - Wrote debug data: /home/ubuntu/synthetic_pose_estimation/cosypose/local_data/debug_data/debug_iter=1.pth.tar
0:03:35.627002 - TCO_input tensor([[[ 1.0000,  0.0000,  0.0000, -0.0156],
         [ 0.0000,  1.0000,  0.0000,  0.0118],
         [ 0.0000,  0.0000,  1.0000,  0.3142],
         [ 0.0000,  0.0000,  0.0000,  1.0000]]], device='cuda:0')
0:03:35.628186 - vxvyvz tensor([[ 3.6012, -1.2471,  0.5800]], device='cuda:0',
       grad_fn=<SliceBackward0>)
0:03:35.629295 - dR tensor([[[-0.7926,  0.4342,  0.4281],
         [-0.5618, -0.7929, -0.2360],
         [ 0.2370, -0.4276,  0.8724]]], device='cuda:0',
       grad_fn=<StackBackward0>)
0:03:35.630196 - fxfy tensor([[1896.0582, 1896.0582]], device='cuda:0')
0:03:35.632748 - TCO_gt tensor([[[-0.7893,  0.4511,  0.4165, -0.0100],
         [-0.5688, -0.7927, -0.2192,  0.0062],
         [ 0.2313, -0.4099,  0.8823,  0.1920],
         [ 0.0000,  0.0000,  0.0000,  1.0000]]], device='cuda:0')
0:03:35.633709 - TCO pred_orn tensor([[[-0.7926,  0.4342,  0.4281, -0.0100],
         [-0.5618, -0.7929, -0.2360,  0.0062],
         [ 0.2370, -0.4276,  0.8724,  0.1920],
         [ 0.0000,  0.0000,  0.0000,  1.0000]]], device='cuda:0',
       grad_fn=<CopySlices>)
0:03:35.634645 - TCO pred_xy tensor([[[-0.7893,  0.4511,  0.4165, -0.0092],
         [-0.5688, -0.7927, -0.2192,  0.0071],
         [ 0.2313, -0.4099,  0.8823,  0.1920],
         [ 0.0000,  0.0000,  0.0000,  1.0000]]], device='cuda:0',
       grad_fn=<CopySlices>)
0:03:35.635587 - TCO pred_z tensor([[[-0.7893,  0.4511,  0.4165, -0.0100],
         [-0.5688, -0.7927, -0.2192,  0.0062],
         [ 0.2313, -0.4099,  0.8823,  0.1822],
         [ 0.0000,  0.0000,  0.0000,  1.0000]]], device='cuda:0',
       grad_fn=<CopySlices>)
0:03:35.636259 - loss orn tensor([9.9988e-05], device='cuda:0', grad_fn=<MinBackward0>)
0:03:35.636913 - loss xy tensor([0.0006], device='cuda:0', grad_fn=<MinBackward0>)
0:03:35.637579 - loss z tensor([0.0032], device='cuda:0', grad_fn=<MinBackward0>)
  0%|                                       | 0/1 [00:00<?, ?it/s, loss=0.00392]100%|███████████████████████████████| 1/1 [00:00<00:00,  4.62it/s, loss=0.00392]100%|███████████████████████████████| 1/1 [00:00<00:00,  4.61it/s, loss=0.00392]
0:03:35.438110 - saving /home/ubuntu/synthetic_pose_estimation/cosypose/local_data/experiments/bracket_assembly_debug_nut_nosym_coarse_noaug--938962 406
  0%|                                                     | 0/1 [00:00<?, ?it/s]0:03:35.853406 - iteration 0
0:03:35.896856 - outputs, {'pose': tensor([[-0.9952, -0.7046,  0.2961,  0.5569, -0.5584, -0.4168,  3.6046, -1.2473,
          0.5990]], device='cuda:0', grad_fn=<AddmmBackward0>)}
0:03:35.898457 - model_outputs {'pose': tensor([[-0.9952, -0.7046,  0.2961,  0.5569, -0.5584, -0.4168,  3.6046, -1.2473,
          0.5990]], device='cuda:0', grad_fn=<AddmmBackward0>)}
0:03:35.899215 - K crop tensor([[[1.8133e+03, 0.0000e+00, 2.5035e+02],
         [0.0000e+00, 1.8133e+03, 1.4676e+01],
         [0.0000e+00, 0.0000e+00, 1.0000e+00]]], device='cuda:0')
0:03:35.900060 - TCO_input tensor([[[ 1.0000,  0.0000,  0.0000, -0.0152],
         [ 0.0000,  1.0000,  0.0000,  0.0175],
         [ 0.0000,  0.0000,  1.0000,  0.3032],
         [ 0.0000,  0.0000,  0.0000,  1.0000]]], device='cuda:0')
0:03:35.900962 - model tco output tensor([[[-0.7931,  0.4373,  0.4240, -0.0087],
         [-0.5615, -0.7946, -0.2309,  0.0104],
         [ 0.2359, -0.4212,  0.8758,  0.1816],
         [ 0.0000,  0.0000,  0.0000,  1.0000]]], device='cuda:0',
       grad_fn=<CopySlices>)
0:03:35.940522 - Wrote debug data: /home/ubuntu/synthetic_pose_estimation/cosypose/local_data/debug_data/debug_iter=1.pth.tar
0:03:36.152209 - TCO_input tensor([[[ 1.0000,  0.0000,  0.0000, -0.0152],
         [ 0.0000,  1.0000,  0.0000,  0.0175],
         [ 0.0000,  0.0000,  1.0000,  0.3032],
         [ 0.0000,  0.0000,  0.0000,  1.0000]]], device='cuda:0')
0:03:36.153280 - vxvyvz tensor([[ 3.6046, -1.2473,  0.5990]], device='cuda:0',
       grad_fn=<SliceBackward0>)
0:03:36.154294 - dR tensor([[[-0.7931,  0.4373,  0.4240],
         [-0.5615, -0.7946, -0.2309],
         [ 0.2359, -0.4212,  0.8758]]], device='cuda:0',
       grad_fn=<StackBackward0>)
0:03:36.155161 - fxfy tensor([[1813.2850, 1813.2853]], device='cuda:0')
0:03:36.157728 - TCO_gt tensor([[[-0.7893,  0.4511,  0.4165, -0.0100],
         [-0.5688, -0.7927, -0.2192,  0.0062],
         [ 0.2313, -0.4099,  0.8823,  0.1920],
         [ 0.0000,  0.0000,  0.0000,  1.0000]]], device='cuda:0')
0:03:36.158635 - TCO pred_orn tensor([[[-0.7931,  0.4373,  0.4240, -0.0100],
         [-0.5615, -0.7946, -0.2309,  0.0062],
         [ 0.2359, -0.4212,  0.8758,  0.1920],
         [ 0.0000,  0.0000,  0.0000,  1.0000]]], device='cuda:0',
       grad_fn=<CopySlices>)
0:03:36.159548 - TCO pred_xy tensor([[[-0.7893,  0.4511,  0.4165, -0.0092],
         [-0.5688, -0.7927, -0.2192,  0.0110],
         [ 0.2313, -0.4099,  0.8823,  0.1920],
         [ 0.0000,  0.0000,  0.0000,  1.0000]]], device='cuda:0',
       grad_fn=<CopySlices>)
0:03:36.160433 - TCO pred_z tensor([[[-0.7893,  0.4511,  0.4165, -0.0100],
         [-0.5688, -0.7927, -0.2192,  0.0062],
         [ 0.2313, -0.4099,  0.8823,  0.1816],
         [ 0.0000,  0.0000,  0.0000,  1.0000]]], device='cuda:0',
       grad_fn=<CopySlices>)
0:03:36.161091 - loss orn tensor([7.4711e-05], device='cuda:0', grad_fn=<MinBackward0>)
0:03:36.161742 - loss xy tensor([0.0019], device='cuda:0', grad_fn=<MinBackward0>)
0:03:36.162375 - loss z tensor([0.0035], device='cuda:0', grad_fn=<MinBackward0>)
  0%|                                       | 0/1 [00:00<?, ?it/s, loss=0.00539]100%|███████████████████████████████| 1/1 [00:00<00:00,  4.60it/s, loss=0.00539]100%|███████████████████████████████| 1/1 [00:00<00:00,  4.59it/s, loss=0.00539]
0:03:35.937830 - saving /home/ubuntu/synthetic_pose_estimation/cosypose/local_data/experiments/bracket_assembly_debug_nut_nosym_coarse_noaug--938962 407
  0%|                                                     | 0/1 [00:00<?, ?it/s]0:03:36.353000 - iteration 0
0:03:36.396439 - outputs, {'pose': tensor([[-0.9881, -0.7065,  0.3036,  0.5648, -0.5581, -0.4080,  3.5890, -1.2474,
          0.6063]], device='cuda:0', grad_fn=<AddmmBackward0>)}
0:03:36.398050 - model_outputs {'pose': tensor([[-0.9881, -0.7065,  0.3036,  0.5648, -0.5581, -0.4080,  3.5890, -1.2474,
          0.6063]], device='cuda:0', grad_fn=<AddmmBackward0>)}
0:03:36.398843 - K crop tensor([[[1.6571e+03, 0.0000e+00, 2.8305e+02],
         [0.0000e+00, 1.6571e+03, 6.1273e+01],
         [0.0000e+00, 0.0000e+00, 1.0000e+00]]], device='cuda:0')
0:03:36.399686 - TCO_input tensor([[[ 1.0000,  0.0000,  0.0000, -0.0205],
         [ 0.0000,  1.0000,  0.0000,  0.0097],
         [ 0.0000,  0.0000,  1.0000,  0.2750],
         [ 0.0000,  0.0000,  0.0000,  1.0000]]], device='cuda:0')
0:03:36.400575 - model tco output tensor([[[-0.7892,  0.4445,  0.4238, -0.0121],
         [-0.5643, -0.7972, -0.2145,  0.0057],
         [ 0.2425, -0.4084,  0.8800,  0.1668],
         [ 0.0000,  0.0000,  0.0000,  1.0000]]], device='cuda:0',
       grad_fn=<CopySlices>)
0:03:36.438942 - Wrote debug data: /home/ubuntu/synthetic_pose_estimation/cosypose/local_data/debug_data/debug_iter=1.pth.tar
0:03:36.649406 - TCO_input tensor([[[ 1.0000,  0.0000,  0.0000, -0.0205],
         [ 0.0000,  1.0000,  0.0000,  0.0097],
         [ 0.0000,  0.0000,  1.0000,  0.2750],
         [ 0.0000,  0.0000,  0.0000,  1.0000]]], device='cuda:0')
0:03:36.650440 - vxvyvz tensor([[ 3.5890, -1.2474,  0.6063]], device='cuda:0',
       grad_fn=<SliceBackward0>)
0:03:36.651462 - dR tensor([[[-0.7892,  0.4445,  0.4238],
         [-0.5643, -0.7972, -0.2145],
         [ 0.2425, -0.4084,  0.8800]]], device='cuda:0',
       grad_fn=<StackBackward0>)
0:03:36.652314 - fxfy tensor([[1657.0723, 1657.0723]], device='cuda:0')
0:03:36.654888 - TCO_gt tensor([[[-0.7893,  0.4511,  0.4165, -0.0100],
         [-0.5688, -0.7927, -0.2192,  0.0062],
         [ 0.2313, -0.4099,  0.8823,  0.1920],
         [ 0.0000,  0.0000,  0.0000,  1.0000]]], device='cuda:0')
0:03:36.655811 - TCO pred_orn tensor([[[-0.7892,  0.4445,  0.4238, -0.0100],
         [-0.5643, -0.7972, -0.2145,  0.0062],
         [ 0.2425, -0.4084,  0.8800,  0.1920],
         [ 0.0000,  0.0000,  0.0000,  1.0000]]], device='cuda:0',
       grad_fn=<CopySlices>)
0:03:36.656706 - TCO pred_xy tensor([[[-0.7893,  0.4511,  0.4165, -0.0139],
         [-0.5688, -0.7927, -0.2192,  0.0066],
         [ 0.2313, -0.4099,  0.8823,  0.1920],
         [ 0.0000,  0.0000,  0.0000,  1.0000]]], device='cuda:0',
       grad_fn=<CopySlices>)
0:03:36.657648 - TCO pred_z tensor([[[-0.7893,  0.4511,  0.4165, -0.0100],
         [-0.5688, -0.7927, -0.2192,  0.0062],
         [ 0.2313, -0.4099,  0.8823,  0.1668],
         [ 0.0000,  0.0000,  0.0000,  1.0000]]], device='cuda:0',
       grad_fn=<CopySlices>)
0:03:36.658282 - loss orn tensor([5.1362e-05], device='cuda:0', grad_fn=<MinBackward0>)
0:03:36.658922 - loss xy tensor([0.0014], device='cuda:0', grad_fn=<MinBackward0>)
0:03:36.659558 - loss z tensor([0.0084], device='cuda:0', grad_fn=<MinBackward0>)
  0%|                                       | 0/1 [00:00<?, ?it/s, loss=0.00989]100%|███████████████████████████████| 1/1 [00:00<00:00,  4.66it/s, loss=0.00989]100%|███████████████████████████████| 1/1 [00:00<00:00,  4.65it/s, loss=0.00989]
0:03:36.424595 - saving /home/ubuntu/synthetic_pose_estimation/cosypose/local_data/experiments/bracket_assembly_debug_nut_nosym_coarse_noaug--938962 408
  0%|                                                     | 0/1 [00:00<?, ?it/s]0:03:36.839806 - iteration 0
0:03:36.883128 - outputs, {'pose': tensor([[-0.9807, -0.7112,  0.3024,  0.5661, -0.5625, -0.4004,  3.5766, -1.2436,
          0.6097]], device='cuda:0', grad_fn=<AddmmBackward0>)}
0:03:36.884724 - model_outputs {'pose': tensor([[-0.9807, -0.7112,  0.3024,  0.5661, -0.5625, -0.4004,  3.5766, -1.2436,
          0.6097]], device='cuda:0', grad_fn=<AddmmBackward0>)}
0:03:36.885570 - K crop tensor([[[1.9250e+03, 0.0000e+00, 2.3928e+02],
         [0.0000e+00, 1.9250e+03, 5.2515e+01],
         [0.0000e+00, 0.0000e+00, 1.0000e+00]]], device='cuda:0')
0:03:36.886447 - TCO_input tensor([[[ 1.0000,  0.0000,  0.0000, -0.0132],
         [ 0.0000,  1.0000,  0.0000,  0.0111],
         [ 0.0000,  0.0000,  1.0000,  0.3185],
         [ 0.0000,  0.0000,  0.0000,  1.0000]]], device='cuda:0')
0:03:36.888000 - model tco output tensor([[[-0.7854,  0.4536,  0.4211, -0.0077],
         [-0.5696, -0.7959, -0.2050,  0.0066],
         [ 0.2422, -0.4009,  0.8835,  0.1942],
         [ 0.0000,  0.0000,  0.0000,  1.0000]]], device='cuda:0',
       grad_fn=<CopySlices>)
0:03:36.926616 - Wrote debug data: /home/ubuntu/synthetic_pose_estimation/cosypose/local_data/debug_data/debug_iter=1.pth.tar
0:03:37.137921 - TCO_input tensor([[[ 1.0000,  0.0000,  0.0000, -0.0132],
         [ 0.0000,  1.0000,  0.0000,  0.0111],
         [ 0.0000,  0.0000,  1.0000,  0.3185],
         [ 0.0000,  0.0000,  0.0000,  1.0000]]], device='cuda:0')
0:03:37.138963 - vxvyvz tensor([[ 3.5766, -1.2436,  0.6097]], device='cuda:0',
       grad_fn=<SliceBackward0>)
0:03:37.140009 - dR tensor([[[-0.7854,  0.4536,  0.4211],
         [-0.5696, -0.7959, -0.2050],
         [ 0.2422, -0.4009,  0.8835]]], device='cuda:0',
       grad_fn=<StackBackward0>)
0:03:37.140917 - fxfy tensor([[1924.9839, 1924.9840]], device='cuda:0')
0:03:37.143506 - TCO_gt tensor([[[-0.7893,  0.4511,  0.4165, -0.0100],
         [-0.5688, -0.7927, -0.2192,  0.0062],
         [ 0.2313, -0.4099,  0.8823,  0.1920],
         [ 0.0000,  0.0000,  0.0000,  1.0000]]], device='cuda:0')
0:03:37.144457 - TCO pred_orn tensor([[[-0.7854,  0.4536,  0.4211, -0.0100],
         [-0.5696, -0.7959, -0.2050,  0.0062],
         [ 0.2422, -0.4009,  0.8835,  0.1920],
         [ 0.0000,  0.0000,  0.0000,  1.0000]]], device='cuda:0',
       grad_fn=<CopySlices>)
0:03:37.145459 - TCO pred_xy tensor([[[-0.7893,  0.4511,  0.4165, -0.0076],
         [-0.5688, -0.7927, -0.2192,  0.0066],
         [ 0.2313, -0.4099,  0.8823,  0.1920],
         [ 0.0000,  0.0000,  0.0000,  1.0000]]], device='cuda:0',
       grad_fn=<CopySlices>)
0:03:37.146410 - TCO pred_z tensor([[[-0.7893,  0.4511,  0.4165, -0.0100],
         [-0.5688, -0.7927, -0.2192,  0.0062],
         [ 0.2313, -0.4099,  0.8823,  0.1942],
         [ 0.0000,  0.0000,  0.0000,  1.0000]]], device='cuda:0',
       grad_fn=<CopySlices>)
0:03:37.147104 - loss orn tensor([5.9517e-05], device='cuda:0', grad_fn=<MinBackward0>)
0:03:37.147772 - loss xy tensor([0.0009], device='cuda:0', grad_fn=<MinBackward0>)
0:03:37.148458 - loss z tensor([0.0008], device='cuda:0', grad_fn=<MinBackward0>)
  0%|                                       | 0/1 [00:00<?, ?it/s, loss=0.00174]100%|███████████████████████████████| 1/1 [00:00<00:00,  4.57it/s, loss=0.00174]100%|███████████████████████████████| 1/1 [00:00<00:00,  4.56it/s, loss=0.00174]
0:03:36.915027 - saving /home/ubuntu/synthetic_pose_estimation/cosypose/local_data/experiments/bracket_assembly_debug_nut_nosym_coarse_noaug--938962 409
  0%|                                                     | 0/1 [00:00<?, ?it/s]0:03:37.330306 - iteration 0
0:03:37.373804 - outputs, {'pose': tensor([[-0.9841, -0.7222,  0.2929,  0.5713, -0.5676, -0.4012,  3.5678, -1.2555,
          0.6125]], device='cuda:0', grad_fn=<AddmmBackward0>)}
0:03:37.375467 - model_outputs {'pose': tensor([[-0.9841, -0.7222,  0.2929,  0.5713, -0.5676, -0.4012,  3.5678, -1.2555,
          0.6125]], device='cuda:0', grad_fn=<AddmmBackward0>)}
0:03:37.376323 - K crop tensor([[[1.8367e+03, 0.0000e+00, 2.8560e+02],
         [0.0000e+00, 1.8367e+03, 1.1625e+02],
         [0.0000e+00, 0.0000e+00, 1.0000e+00]]], device='cuda:0')
0:03:37.377214 - TCO_input tensor([[[ 1.0000e+00,  0.0000e+00,  0.0000e+00, -2.0609e-02],
         [ 0.0000e+00,  1.0000e+00,  0.0000e+00,  5.3182e-04],
         [ 0.0000e+00,  0.0000e+00,  1.0000e+00,  3.0018e-01],
         [ 0.0000e+00,  0.0000e+00,  0.0000e+00,  1.0000e+00]]],
       device='cuda:0')
0:03:37.378709 - model tco output tensor([[[-7.8393e-01,  4.6102e-01,  4.1582e-01, -1.2266e-02],
         [-5.7532e-01, -7.9119e-01, -2.0743e-01,  2.0005e-04],
         [ 2.3337e-01, -4.0184e-01,  8.8547e-01,  1.8386e-01],
         [ 0.0000e+00,  0.0000e+00,  0.0000e+00,  1.0000e+00]]],
       device='cuda:0', grad_fn=<CopySlices>)
0:03:37.415913 - Wrote debug data: /home/ubuntu/synthetic_pose_estimation/cosypose/local_data/debug_data/debug_iter=1.pth.tar
0:03:37.627051 - TCO_input tensor([[[ 1.0000e+00,  0.0000e+00,  0.0000e+00, -2.0609e-02],
         [ 0.0000e+00,  1.0000e+00,  0.0000e+00,  5.3182e-04],
         [ 0.0000e+00,  0.0000e+00,  1.0000e+00,  3.0018e-01],
         [ 0.0000e+00,  0.0000e+00,  0.0000e+00,  1.0000e+00]]],
       device='cuda:0')
0:03:37.628104 - vxvyvz tensor([[ 3.5678, -1.2555,  0.6125]], device='cuda:0',
       grad_fn=<SliceBackward0>)
0:03:37.629162 - dR tensor([[[-0.7839,  0.4610,  0.4158],
         [-0.5753, -0.7912, -0.2074],
         [ 0.2334, -0.4018,  0.8855]]], device='cuda:0',
       grad_fn=<StackBackward0>)
0:03:37.630078 - fxfy tensor([[1836.6686, 1836.6686]], device='cuda:0')
0:03:37.632644 - TCO_gt tensor([[[-0.7893,  0.4511,  0.4165, -0.0100],
         [-0.5688, -0.7927, -0.2192,  0.0062],
         [ 0.2313, -0.4099,  0.8823,  0.1920],
         [ 0.0000,  0.0000,  0.0000,  1.0000]]], device='cuda:0')
0:03:37.633629 - TCO pred_orn tensor([[[-0.7839,  0.4610,  0.4158, -0.0100],
         [-0.5753, -0.7912, -0.2074,  0.0062],
         [ 0.2334, -0.4018,  0.8855,  0.1920],
         [ 0.0000,  0.0000,  0.0000,  1.0000]]], device='cuda:0',
       grad_fn=<CopySlices>)
0:03:37.634548 - TCO pred_xy tensor([[[-7.8929e-01,  4.5115e-01,  4.1651e-01, -1.2807e-02],
         [-5.6879e-01, -7.9274e-01, -2.1920e-01,  2.0888e-04],
         [ 2.3129e-01, -4.0992e-01,  8.8231e-01,  1.9197e-01],
         [ 0.0000e+00,  0.0000e+00,  0.0000e+00,  1.0000e+00]]],
       device='cuda:0', grad_fn=<CopySlices>)
0:03:37.635482 - TCO pred_z tensor([[[-0.7893,  0.4511,  0.4165, -0.0100],
         [-0.5688, -0.7927, -0.2192,  0.0062],
         [ 0.2313, -0.4099,  0.8823,  0.1839],
         [ 0.0000,  0.0000,  0.0000,  1.0000]]], device='cuda:0',
       grad_fn=<CopySlices>)
0:03:37.636178 - loss orn tensor([5.8067e-05], device='cuda:0', grad_fn=<MinBackward0>)
0:03:37.636858 - loss xy tensor([0.0029], device='cuda:0', grad_fn=<MinBackward0>)
0:03:37.637532 - loss z tensor([0.0027], device='cuda:0', grad_fn=<MinBackward0>)
  0%|                                       | 0/1 [00:00<?, ?it/s, loss=0.00569]100%|███████████████████████████████| 1/1 [00:00<00:00,  4.66it/s, loss=0.00569]100%|███████████████████████████████| 1/1 [00:00<00:00,  4.66it/s, loss=0.00569]
  0%|                                                     | 0/1 [00:00<?, ?it/s]0:03:37.544332 - iteration 0
0:03:37.581344 - outputs, {'pose': tensor([[-0.4151, -0.1452,  0.0979,  0.3392, -0.2204, -0.0629,  1.1279, -0.5417,
          0.3931]], device='cuda:0')}
0:03:37.582911 - model_outputs {'pose': tensor([[-0.4151, -0.1452,  0.0979,  0.3392, -0.2204, -0.0629,  1.1279, -0.5417,
          0.3931]], device='cuda:0')}
0:03:37.583719 - K crop tensor([[[ 1.7967e+03,  0.0000e+00,  2.6532e+02],
         [ 0.0000e+00,  1.7967e+03, -1.6423e+00],
         [ 0.0000e+00,  0.0000e+00,  1.0000e+00]]], device='cuda:0')
0:03:37.584605 - TCO_input tensor([[[ 1.0000,  0.0000,  0.0000, -0.0178],
         [ 0.0000,  1.0000,  0.0000,  0.0203],
         [ 0.0000,  0.0000,  1.0000,  0.3016],
         [ 0.0000,  0.0000,  0.0000,  1.0000]]], device='cuda:0')
0:03:37.585565 - model tco output tensor([[[-0.9213,  0.3253,  0.2130, -0.0069],
         [-0.3224, -0.9453,  0.0494,  0.0080],
         [ 0.2174, -0.0232,  0.9758,  0.1185],
         [ 0.0000,  0.0000,  0.0000,  1.0000]]], device='cuda:0')
0:03:37.626686 - Wrote debug data: /home/ubuntu/synthetic_pose_estimation/cosypose/local_data/debug_data/debug_iter=1.pth.tar
0:03:37.838169 - TCO_input tensor([[[ 1.0000,  0.0000,  0.0000, -0.0178],
         [ 0.0000,  1.0000,  0.0000,  0.0203],
         [ 0.0000,  0.0000,  1.0000,  0.3016],
         [ 0.0000,  0.0000,  0.0000,  1.0000]]], device='cuda:0')
0:03:37.839204 - vxvyvz tensor([[ 1.1279, -0.5417,  0.3931]], device='cuda:0')
0:03:37.840177 - dR tensor([[[-0.9213,  0.3253,  0.2130],
         [-0.3224, -0.9453,  0.0494],
         [ 0.2174, -0.0232,  0.9758]]], device='cuda:0')
0:03:37.841033 - fxfy tensor([[1796.7300, 1796.7300]], device='cuda:0')
0:03:37.843356 - TCO_gt tensor([[[-0.7893,  0.4511,  0.4165, -0.0100],
         [-0.5688, -0.7927, -0.2192,  0.0062],
         [ 0.2313, -0.4099,  0.8823,  0.1920],
         [ 0.0000,  0.0000,  0.0000,  1.0000]]], device='cuda:0')
0:03:37.844243 - TCO pred_orn tensor([[[-0.9213,  0.3253,  0.2130, -0.0100],
         [-0.3224, -0.9453,  0.0494,  0.0062],
         [ 0.2174, -0.0232,  0.9758,  0.1920],
         [ 0.0000,  0.0000,  0.0000,  1.0000]]], device='cuda:0')
0:03:37.845147 - TCO pred_xy tensor([[[-0.7893,  0.4511,  0.4165, -0.0112],
         [-0.5688, -0.7927, -0.2192,  0.0129],
         [ 0.2313, -0.4099,  0.8823,  0.1920],
         [ 0.0000,  0.0000,  0.0000,  1.0000]]], device='cuda:0')
0:03:37.846203 - TCO pred_z tensor([[[-0.7893,  0.4511,  0.4165, -0.0100],
         [-0.5688, -0.7927, -0.2192,  0.0062],
         [ 0.2313, -0.4099,  0.8823,  0.1185],
         [ 0.0000,  0.0000,  0.0000,  1.0000]]], device='cuda:0')
0:03:37.846900 - loss orn tensor([0.0018], device='cuda:0')
0:03:37.847570 - loss xy tensor([0.0026], device='cuda:0')
0:03:37.848221 - loss z tensor([0.0245], device='cuda:0')
100%|█████████████████████████████████████████████| 1/1 [00:00<00:00,  8.16it/s]100%|█████████████████████████████████████████████| 1/1 [00:00<00:00,  8.13it/s]
0:03:37.531926 - saving /home/ubuntu/synthetic_pose_estimation/cosypose/local_data/experiments/bracket_assembly_debug_nut_nosym_coarse_noaug--938962 410
  0%|                                                     | 0/1 [00:00<?, ?it/s]0:03:37.943929 - iteration 0
0:03:37.987688 - outputs, {'pose': tensor([[-0.9801, -0.7195,  0.2900,  0.5649, -0.5727, -0.3941,  3.5595, -1.2522,
          0.6161]], device='cuda:0', grad_fn=<AddmmBackward0>)}
0:03:37.989378 - model_outputs {'pose': tensor([[-0.9801, -0.7195,  0.2900,  0.5649, -0.5727, -0.3941,  3.5595, -1.2522,
          0.6161]], device='cuda:0', grad_fn=<AddmmBackward0>)}
0:03:37.990189 - K crop tensor([[[1.6482e+03, 0.0000e+00, 2.6522e+02],
         [0.0000e+00, 1.6482e+03, 8.1628e+01],
         [0.0000e+00, 0.0000e+00, 1.0000e+00]]], device='cuda:0')
0:03:37.991156 - TCO_input tensor([[[ 1.0000,  0.0000,  0.0000, -0.0175],
         [ 0.0000,  1.0000,  0.0000,  0.0063],
         [ 0.0000,  0.0000,  1.0000,  0.2723],
         [ 0.0000,  0.0000,  0.0000,  1.0000]]], device='cuda:0')
0:03:37.992110 - model tco output tensor([[[-0.7841,  0.4637,  0.4125, -0.0104],
         [-0.5756, -0.7918, -0.2041,  0.0037],
         [ 0.2320, -0.3975,  0.8878,  0.1678],
         [ 0.0000,  0.0000,  0.0000,  1.0000]]], device='cuda:0',
       grad_fn=<CopySlices>)
0:03:38.031913 - Wrote debug data: /home/ubuntu/synthetic_pose_estimation/cosypose/local_data/debug_data/debug_iter=1.pth.tar
0:03:38.244657 - TCO_input tensor([[[ 1.0000,  0.0000,  0.0000, -0.0175],
         [ 0.0000,  1.0000,  0.0000,  0.0063],
         [ 0.0000,  0.0000,  1.0000,  0.2723],
         [ 0.0000,  0.0000,  0.0000,  1.0000]]], device='cuda:0')
0:03:38.245759 - vxvyvz tensor([[ 3.5595, -1.2522,  0.6161]], device='cuda:0',
       grad_fn=<SliceBackward0>)
0:03:38.246806 - dR tensor([[[-0.7841,  0.4637,  0.4125],
         [-0.5756, -0.7918, -0.2041],
         [ 0.2320, -0.3975,  0.8878]]], device='cuda:0',
       grad_fn=<StackBackward0>)
0:03:38.247719 - fxfy tensor([[1648.2340, 1648.2340]], device='cuda:0')
0:03:38.250267 - TCO_gt tensor([[[-0.7893,  0.4511,  0.4165, -0.0100],
         [-0.5688, -0.7927, -0.2192,  0.0062],
         [ 0.2313, -0.4099,  0.8823,  0.1920],
         [ 0.0000,  0.0000,  0.0000,  1.0000]]], device='cuda:0')
0:03:38.251252 - TCO pred_orn tensor([[[-0.7841,  0.4637,  0.4125, -0.0100],
         [-0.5756, -0.7918, -0.2041,  0.0062],
         [ 0.2320, -0.3975,  0.8878,  0.1920],
         [ 0.0000,  0.0000,  0.0000,  1.0000]]], device='cuda:0',
       grad_fn=<CopySlices>)
0:03:38.252194 - TCO pred_xy tensor([[[-0.7893,  0.4511,  0.4165, -0.0119],
         [-0.5688, -0.7927, -0.2192,  0.0043],
         [ 0.2313, -0.4099,  0.8823,  0.1920],
         [ 0.0000,  0.0000,  0.0000,  1.0000]]], device='cuda:0',
       grad_fn=<CopySlices>)
0:03:38.253148 - TCO pred_z tensor([[[-0.7893,  0.4511,  0.4165, -0.0100],
         [-0.5688, -0.7927, -0.2192,  0.0062],
         [ 0.2313, -0.4099,  0.8823,  0.1678],
         [ 0.0000,  0.0000,  0.0000,  1.0000]]], device='cuda:0',
       grad_fn=<CopySlices>)
0:03:38.253851 - loss orn tensor([7.6935e-05], device='cuda:0', grad_fn=<MinBackward0>)
0:03:38.254519 - loss xy tensor([0.0013], device='cuda:0', grad_fn=<MinBackward0>)
0:03:38.255182 - loss z tensor([0.0081], device='cuda:0', grad_fn=<MinBackward0>)
  0%|                                       | 0/1 [00:00<?, ?it/s, loss=0.00941]100%|███████████████████████████████| 1/1 [00:00<00:00,  4.58it/s, loss=0.00941]100%|███████████████████████████████| 1/1 [00:00<00:00,  4.57it/s, loss=0.00941]
0:03:38.020377 - saving /home/ubuntu/synthetic_pose_estimation/cosypose/local_data/experiments/bracket_assembly_debug_nut_nosym_coarse_noaug--938962 411
  0%|                                                     | 0/1 [00:00<?, ?it/s]0:03:38.435539 - iteration 0
0:03:38.478457 - outputs, {'pose': tensor([[-0.9785, -0.7153,  0.2713,  0.5575, -0.5612, -0.3987,  3.5374, -1.2383,
          0.6406]], device='cuda:0', grad_fn=<AddmmBackward0>)}
0:03:38.480041 - model_outputs {'pose': tensor([[-0.9785, -0.7153,  0.2713,  0.5575, -0.5612, -0.3987,  3.5374, -1.2383,
          0.6406]], device='cuda:0', grad_fn=<AddmmBackward0>)}
0:03:38.480845 - K crop tensor([[[1.6466e+03, 0.0000e+00, 3.4423e+02],
         [0.0000e+00, 1.6466e+03, 3.2297e+01],
         [0.0000e+00, 0.0000e+00, 1.0000e+00]]], device='cuda:0')
0:03:38.481755 - TCO_input tensor([[[ 1.0000,  0.0000,  0.0000, -0.0309],
         [ 0.0000,  1.0000,  0.0000,  0.0146],
         [ 0.0000,  0.0000,  1.0000,  0.2753],
         [ 0.0000,  0.0000,  0.0000,  1.0000]]], device='cuda:0')
0:03:38.482682 - model tco output tensor([[[-0.7878,  0.4611,  0.4085, -0.0194],
         [-0.5759, -0.7865, -0.2230,  0.0092],
         [ 0.2184, -0.4109,  0.8851,  0.1763],
         [ 0.0000,  0.0000,  0.0000,  1.0000]]], device='cuda:0',
       grad_fn=<CopySlices>)
0:03:38.523762 - Wrote debug data: /home/ubuntu/synthetic_pose_estimation/cosypose/local_data/debug_data/debug_iter=1.pth.tar
0:03:38.738421 - TCO_input tensor([[[ 1.0000,  0.0000,  0.0000, -0.0309],
         [ 0.0000,  1.0000,  0.0000,  0.0146],
         [ 0.0000,  0.0000,  1.0000,  0.2753],
         [ 0.0000,  0.0000,  0.0000,  1.0000]]], device='cuda:0')
0:03:38.739415 - vxvyvz tensor([[ 3.5374, -1.2383,  0.6406]], device='cuda:0',
       grad_fn=<SliceBackward0>)
0:03:38.740423 - dR tensor([[[-0.7878,  0.4611,  0.4085],
         [-0.5759, -0.7865, -0.2230],
         [ 0.2184, -0.4109,  0.8851]]], device='cuda:0',
       grad_fn=<StackBackward0>)
0:03:38.741380 - fxfy tensor([[1646.5656, 1646.5653]], device='cuda:0')
0:03:38.743899 - TCO_gt tensor([[[-0.7893,  0.4511,  0.4165, -0.0100],
         [-0.5688, -0.7927, -0.2192,  0.0062],
         [ 0.2313, -0.4099,  0.8823,  0.1920],
         [ 0.0000,  0.0000,  0.0000,  1.0000]]], device='cuda:0')
0:03:38.744870 - TCO pred_orn tensor([[[-0.7878,  0.4611,  0.4085, -0.0100],
         [-0.5759, -0.7865, -0.2230,  0.0062],
         [ 0.2184, -0.4109,  0.8851,  0.1920],
         [ 0.0000,  0.0000,  0.0000,  1.0000]]], device='cuda:0',
       grad_fn=<CopySlices>)
0:03:38.745818 - TCO pred_xy tensor([[[-0.7893,  0.4511,  0.4165, -0.0211],
         [-0.5688, -0.7927, -0.2192,  0.0100],
         [ 0.2313, -0.4099,  0.8823,  0.1920],
         [ 0.0000,  0.0000,  0.0000,  1.0000]]], device='cuda:0',
       grad_fn=<CopySlices>)
0:03:38.746747 - TCO pred_z tensor([[[-0.7893,  0.4511,  0.4165, -0.0100],
         [-0.5688, -0.7927, -0.2192,  0.0062],
         [ 0.2313, -0.4099,  0.8823,  0.1763],
         [ 0.0000,  0.0000,  0.0000,  1.0000]]], device='cuda:0',
       grad_fn=<CopySlices>)
0:03:38.747406 - loss orn tensor([6.5785e-05], device='cuda:0', grad_fn=<MinBackward0>)
0:03:38.748051 - loss xy tensor([0.0050], device='cuda:0', grad_fn=<MinBackward0>)
0:03:38.748698 - loss z tensor([0.0052], device='cuda:0', grad_fn=<MinBackward0>)
  0%|                                        | 0/1 [00:00<?, ?it/s, loss=0.0103]100%|████████████████████████████████| 1/1 [00:00<00:00,  4.54it/s, loss=0.0103]100%|████████████████████████████████| 1/1 [00:00<00:00,  4.53it/s, loss=0.0103]
0:03:38.505289 - saving /home/ubuntu/synthetic_pose_estimation/cosypose/local_data/experiments/bracket_assembly_debug_nut_nosym_coarse_noaug--938962 412
  0%|                                                     | 0/1 [00:00<?, ?it/s]0:03:38.920942 - iteration 0
0:03:38.966842 - outputs, {'pose': tensor([[-0.9942, -0.7167,  0.2778,  0.5587, -0.5705, -0.4103,  3.5727, -1.2565,
          0.6426]], device='cuda:0', grad_fn=<AddmmBackward0>)}
0:03:38.968958 - model_outputs {'pose': tensor([[-0.9942, -0.7167,  0.2778,  0.5587, -0.5705, -0.4103,  3.5727, -1.2565,
          0.6426]], device='cuda:0', grad_fn=<AddmmBackward0>)}
0:03:38.970582 - K crop tensor([[[1.9163e+03, 0.0000e+00, 2.9141e+02],
         [0.0000e+00, 1.9163e+03, 8.1205e+01],
         [0.0000e+00, 0.0000e+00, 1.0000e+00]]], device='cuda:0')
0:03:38.971769 - TCO_input tensor([[[ 1.0000,  0.0000,  0.0000, -0.0217],
         [ 0.0000,  1.0000,  0.0000,  0.0063],
         [ 0.0000,  0.0000,  1.0000,  0.3153],
         [ 0.0000,  0.0000,  0.0000,  1.0000]]], device='cuda:0')
0:03:38.972934 - model tco output tensor([[[-0.7911,  0.4518,  0.4123, -0.0136],
         [-0.5703, -0.7885, -0.2302,  0.0039],
         [ 0.2210, -0.4173,  0.8815,  0.2026],
         [ 0.0000,  0.0000,  0.0000,  1.0000]]], device='cuda:0',
       grad_fn=<CopySlices>)
0:03:39.011518 - Wrote debug data: /home/ubuntu/synthetic_pose_estimation/cosypose/local_data/debug_data/debug_iter=1.pth.tar
0:03:39.222319 - TCO_input tensor([[[ 1.0000,  0.0000,  0.0000, -0.0217],
         [ 0.0000,  1.0000,  0.0000,  0.0063],
         [ 0.0000,  0.0000,  1.0000,  0.3153],
         [ 0.0000,  0.0000,  0.0000,  1.0000]]], device='cuda:0')
0:03:39.223347 - vxvyvz tensor([[ 3.5727, -1.2565,  0.6426]], device='cuda:0',
       grad_fn=<SliceBackward0>)
0:03:39.224373 - dR tensor([[[-0.7911,  0.4518,  0.4123],
         [-0.5703, -0.7885, -0.2302],
         [ 0.2210, -0.4173,  0.8815]]], device='cuda:0',
       grad_fn=<StackBackward0>)
0:03:39.225273 - fxfy tensor([[1916.3160, 1916.3167]], device='cuda:0')
0:03:39.227804 - TCO_gt tensor([[[-0.7893,  0.4511,  0.4165, -0.0100],
         [-0.5688, -0.7927, -0.2192,  0.0062],
         [ 0.2313, -0.4099,  0.8823,  0.1920],
         [ 0.0000,  0.0000,  0.0000,  1.0000]]], device='cuda:0')
0:03:39.228729 - TCO pred_orn tensor([[[-0.7911,  0.4518,  0.4123, -0.0100],
         [-0.5703, -0.7885, -0.2302,  0.0062],
         [ 0.2210, -0.4173,  0.8815,  0.1920],
         [ 0.0000,  0.0000,  0.0000,  1.0000]]], device='cuda:0',
       grad_fn=<CopySlices>)
0:03:39.229662 - TCO pred_xy tensor([[[-0.7893,  0.4511,  0.4165, -0.0129],
         [-0.5688, -0.7927, -0.2192,  0.0037],
         [ 0.2313, -0.4099,  0.8823,  0.1920],
         [ 0.0000,  0.0000,  0.0000,  1.0000]]], device='cuda:0',
       grad_fn=<CopySlices>)
0:03:39.230567 - TCO pred_z tensor([[[-0.7893,  0.4511,  0.4165, -0.0100],
         [-0.5688, -0.7927, -0.2192,  0.0062],
         [ 0.2313, -0.4099,  0.8823,  0.2026],
         [ 0.0000,  0.0000,  0.0000,  1.0000]]], device='cuda:0',
       grad_fn=<CopySlices>)
0:03:39.231222 - loss orn tensor([4.8758e-05], device='cuda:0', grad_fn=<MinBackward0>)
0:03:39.233751 - loss xy tensor([0.0018], device='cuda:0', grad_fn=<MinBackward0>)
0:03:39.234396 - loss z tensor([0.0035], device='cuda:0', grad_fn=<MinBackward0>)
  0%|                                       | 0/1 [00:00<?, ?it/s, loss=0.00536]100%|███████████████████████████████| 1/1 [00:00<00:00,  4.52it/s, loss=0.00536]100%|███████████████████████████████| 1/1 [00:00<00:00,  4.51it/s, loss=0.00536]
0:03:39.002991 - saving /home/ubuntu/synthetic_pose_estimation/cosypose/local_data/experiments/bracket_assembly_debug_nut_nosym_coarse_noaug--938962 413
  0%|                                                     | 0/1 [00:00<?, ?it/s]0:03:39.418160 - iteration 0
0:03:39.461610 - outputs, {'pose': tensor([[-0.9902, -0.7125,  0.2819,  0.5518, -0.5625, -0.4142,  3.5841, -1.2472,
          0.6649]], device='cuda:0', grad_fn=<AddmmBackward0>)}
0:03:39.463163 - model_outputs {'pose': tensor([[-0.9902, -0.7125,  0.2819,  0.5518, -0.5625, -0.4142,  3.5841, -1.2472,
          0.6649]], device='cuda:0', grad_fn=<AddmmBackward0>)}
0:03:39.463932 - K crop tensor([[[1.7158e+03, 0.0000e+00, 3.0263e+02],
         [0.0000e+00, 1.7158e+03, 6.8962e+01],
         [0.0000e+00, 0.0000e+00, 1.0000e+00]]], device='cuda:0')
0:03:39.464784 - TCO_input tensor([[[ 1.0000,  0.0000,  0.0000, -0.0237],
         [ 0.0000,  1.0000,  0.0000,  0.0084],
         [ 0.0000,  0.0000,  1.0000,  0.2839],
         [ 0.0000,  0.0000,  0.0000,  1.0000]]], device='cuda:0')
0:03:39.466276 - model tco output tensor([[[-0.7909,  0.4462,  0.4188, -0.0154],
         [-0.5691, -0.7880, -0.2350,  0.0054],
         [ 0.2251, -0.4242,  0.8771,  0.1888],
         [ 0.0000,  0.0000,  0.0000,  1.0000]]], device='cuda:0',
       grad_fn=<CopySlices>)
0:03:39.506656 - Wrote debug data: /home/ubuntu/synthetic_pose_estimation/cosypose/local_data/debug_data/debug_iter=1.pth.tar
0:03:39.717689 - TCO_input tensor([[[ 1.0000,  0.0000,  0.0000, -0.0237],
         [ 0.0000,  1.0000,  0.0000,  0.0084],
         [ 0.0000,  0.0000,  1.0000,  0.2839],
         [ 0.0000,  0.0000,  0.0000,  1.0000]]], device='cuda:0')
0:03:39.718619 - vxvyvz tensor([[ 3.5841, -1.2472,  0.6649]], device='cuda:0',
       grad_fn=<SliceBackward0>)
0:03:39.719627 - dR tensor([[[-0.7909,  0.4462,  0.4188],
         [-0.5691, -0.7880, -0.2350],
         [ 0.2251, -0.4242,  0.8771]]], device='cuda:0',
       grad_fn=<StackBackward0>)
0:03:39.720493 - fxfy tensor([[1715.7765, 1715.7765]], device='cuda:0')
0:03:39.723014 - TCO_gt tensor([[[-0.7893,  0.4511,  0.4165, -0.0100],
         [-0.5688, -0.7927, -0.2192,  0.0062],
         [ 0.2313, -0.4099,  0.8823,  0.1920],
         [ 0.0000,  0.0000,  0.0000,  1.0000]]], device='cuda:0')
0:03:39.723916 - TCO pred_orn tensor([[[-0.7909,  0.4462,  0.4188, -0.0100],
         [-0.5691, -0.7880, -0.2350,  0.0062],
         [ 0.2251, -0.4242,  0.8771,  0.1920],
         [ 0.0000,  0.0000,  0.0000,  1.0000]]], device='cuda:0',
       grad_fn=<CopySlices>)
0:03:39.724827 - TCO pred_xy tensor([[[-0.7893,  0.4511,  0.4165, -0.0156],
         [-0.5688, -0.7927, -0.2192,  0.0055],
         [ 0.2313, -0.4099,  0.8823,  0.1920],
         [ 0.0000,  0.0000,  0.0000,  1.0000]]], device='cuda:0',
       grad_fn=<CopySlices>)
0:03:39.725752 - TCO pred_z tensor([[[-0.7893,  0.4511,  0.4165, -0.0100],
         [-0.5688, -0.7927, -0.2192,  0.0062],
         [ 0.2313, -0.4099,  0.8823,  0.1888],
         [ 0.0000,  0.0000,  0.0000,  1.0000]]], device='cuda:0',
       grad_fn=<CopySlices>)
0:03:39.726402 - loss orn tensor([6.4415e-05], device='cuda:0', grad_fn=<MinBackward0>)
0:03:39.727018 - loss xy tensor([0.0021], device='cuda:0', grad_fn=<MinBackward0>)
0:03:39.727653 - loss z tensor([0.0011], device='cuda:0', grad_fn=<MinBackward0>)
  0%|                                       | 0/1 [00:00<?, ?it/s, loss=0.00321]100%|███████████████████████████████| 1/1 [00:00<00:00,  4.62it/s, loss=0.00321]100%|███████████████████████████████| 1/1 [00:00<00:00,  4.61it/s, loss=0.00321]
0:03:39.485279 - saving /home/ubuntu/synthetic_pose_estimation/cosypose/local_data/experiments/bracket_assembly_debug_nut_nosym_coarse_noaug--938962 414
  0%|                                                     | 0/1 [00:00<?, ?it/s]0:03:39.900437 - iteration 0
0:03:39.944010 - outputs, {'pose': tensor([[-0.9962, -0.7037,  0.2878,  0.5611, -0.5685, -0.4116,  3.5930, -1.2483,
          0.6668]], device='cuda:0', grad_fn=<AddmmBackward0>)}
0:03:39.945665 - model_outputs {'pose': tensor([[-0.9962, -0.7037,  0.2878,  0.5611, -0.5685, -0.4116,  3.5930, -1.2483,
          0.6668]], device='cuda:0', grad_fn=<AddmmBackward0>)}
0:03:39.946442 - K crop tensor([[[1.7885e+03, 0.0000e+00, 2.2689e+02],
         [0.0000e+00, 1.7885e+03, 1.1071e+02],
         [0.0000e+00, 0.0000e+00, 1.0000e+00]]], device='cuda:0')
0:03:39.947293 - TCO_input tensor([[[ 1.0000,  0.0000,  0.0000, -0.0110],
         [ 0.0000,  1.0000,  0.0000,  0.0014],
         [ 0.0000,  0.0000,  1.0000,  0.2928],
         [ 0.0000,  0.0000,  0.0000,  1.0000]]], device='cuda:0')
0:03:39.948170 - model tco output tensor([[[-7.9495e-01,  4.4225e-01,  4.1530e-01, -6.9654e-03],
         [-5.6154e-01, -7.9549e-01, -2.2777e-01,  8.2331e-04],
         [ 2.2963e-01, -4.1427e-01,  8.8071e-01,  1.9526e-01],
         [ 0.0000e+00,  0.0000e+00,  0.0000e+00,  1.0000e+00]]],
       device='cuda:0', grad_fn=<CopySlices>)
0:03:39.987686 - Wrote debug data: /home/ubuntu/synthetic_pose_estimation/cosypose/local_data/debug_data/debug_iter=1.pth.tar
0:03:40.198431 - TCO_input tensor([[[ 1.0000,  0.0000,  0.0000, -0.0110],
         [ 0.0000,  1.0000,  0.0000,  0.0014],
         [ 0.0000,  0.0000,  1.0000,  0.2928],
         [ 0.0000,  0.0000,  0.0000,  1.0000]]], device='cuda:0')
0:03:40.199454 - vxvyvz tensor([[ 3.5930, -1.2483,  0.6668]], device='cuda:0',
       grad_fn=<SliceBackward0>)
0:03:40.200454 - dR tensor([[[-0.7950,  0.4422,  0.4153],
         [-0.5615, -0.7955, -0.2278],
         [ 0.2296, -0.4143,  0.8807]]], device='cuda:0',
       grad_fn=<StackBackward0>)
0:03:40.201363 - fxfy tensor([[1788.4567, 1788.4568]], device='cuda:0')
0:03:40.203857 - TCO_gt tensor([[[-0.7893,  0.4511,  0.4165, -0.0100],
         [-0.5688, -0.7927, -0.2192,  0.0062],
         [ 0.2313, -0.4099,  0.8823,  0.1920],
         [ 0.0000,  0.0000,  0.0000,  1.0000]]], device='cuda:0')
0:03:40.204786 - TCO pred_orn tensor([[[-0.7950,  0.4422,  0.4153, -0.0100],
         [-0.5615, -0.7955, -0.2278,  0.0062],
         [ 0.2296, -0.4143,  0.8807,  0.1920],
         [ 0.0000,  0.0000,  0.0000,  1.0000]]], device='cuda:0',
       grad_fn=<CopySlices>)
0:03:40.205703 - TCO pred_xy tensor([[[-7.8929e-01,  4.5115e-01,  4.1651e-01, -6.8481e-03],
         [-5.6879e-01, -7.9274e-01, -2.1920e-01,  8.0944e-04],
         [ 2.3129e-01, -4.0992e-01,  8.8231e-01,  1.9197e-01],
         [ 0.0000e+00,  0.0000e+00,  0.0000e+00,  1.0000e+00]]],
       device='cuda:0', grad_fn=<CopySlices>)
0:03:40.206617 - TCO pred_z tensor([[[-0.7893,  0.4511,  0.4165, -0.0100],
         [-0.5688, -0.7927, -0.2192,  0.0062],
         [ 0.2313, -0.4099,  0.8823,  0.1953],
         [ 0.0000,  0.0000,  0.0000,  1.0000]]], device='cuda:0',
       grad_fn=<CopySlices>)
0:03:40.207261 - loss orn tensor([4.8492e-05], device='cuda:0', grad_fn=<MinBackward0>)
0:03:40.207916 - loss xy tensor([0.0028], device='cuda:0', grad_fn=<MinBackward0>)
0:03:40.208529 - loss z tensor([0.0011], device='cuda:0', grad_fn=<MinBackward0>)
  0%|                                       | 0/1 [00:00<?, ?it/s, loss=0.00399]100%|███████████████████████████████| 1/1 [00:00<00:00,  4.65it/s, loss=0.00399]100%|███████████████████████████████| 1/1 [00:00<00:00,  4.64it/s, loss=0.00399]
0:03:39.988090 - saving /home/ubuntu/synthetic_pose_estimation/cosypose/local_data/experiments/bracket_assembly_debug_nut_nosym_coarse_noaug--938962 415
  0%|                                                     | 0/1 [00:00<?, ?it/s]0:03:40.403217 - iteration 0
0:03:40.446383 - outputs, {'pose': tensor([[-0.9947, -0.7090,  0.2891,  0.5634, -0.5741, -0.4093,  3.6051, -1.2493,
          0.6737]], device='cuda:0', grad_fn=<AddmmBackward0>)}
0:03:40.447917 - model_outputs {'pose': tensor([[-0.9947, -0.7090,  0.2891,  0.5634, -0.5741, -0.4093,  3.6051, -1.2493,
          0.6737]], device='cuda:0', grad_fn=<AddmmBackward0>)}
0:03:40.448678 - K crop tensor([[[1.7663e+03, 0.0000e+00, 2.6290e+02],
         [0.0000e+00, 1.7663e+03, 8.9496e+01],
         [0.0000e+00, 0.0000e+00, 1.0000e+00]]], device='cuda:0')
0:03:40.449553 - TCO_input tensor([[[ 1.0000,  0.0000,  0.0000, -0.0170],
         [ 0.0000,  1.0000,  0.0000,  0.0049],
         [ 0.0000,  0.0000,  1.0000,  0.2907],
         [ 0.0000,  0.0000,  0.0000,  1.0000]]], device='cuda:0')
0:03:40.450665 - model tco output tensor([[[-0.7924,  0.4473,  0.4148, -0.0111],
         [-0.5648, -0.7948, -0.2221,  0.0032],
         [ 0.2303, -0.4102,  0.8824,  0.1958],
         [ 0.0000,  0.0000,  0.0000,  1.0000]]], device='cuda:0',
       grad_fn=<CopySlices>)
0:03:40.489028 - Wrote debug data: /home/ubuntu/synthetic_pose_estimation/cosypose/local_data/debug_data/debug_iter=1.pth.tar
0:03:40.700364 - TCO_input tensor([[[ 1.0000,  0.0000,  0.0000, -0.0170],
         [ 0.0000,  1.0000,  0.0000,  0.0049],
         [ 0.0000,  0.0000,  1.0000,  0.2907],
         [ 0.0000,  0.0000,  0.0000,  1.0000]]], device='cuda:0')
0:03:40.701503 - vxvyvz tensor([[ 3.6051, -1.2493,  0.6737]], device='cuda:0',
       grad_fn=<SliceBackward0>)
0:03:40.702507 - dR tensor([[[-0.7924,  0.4473,  0.4148],
         [-0.5648, -0.7948, -0.2221],
         [ 0.2303, -0.4102,  0.8824]]], device='cuda:0',
       grad_fn=<StackBackward0>)
0:03:40.703353 - fxfy tensor([[1766.3270, 1766.3273]], device='cuda:0')
0:03:40.705852 - TCO_gt tensor([[[-0.7893,  0.4511,  0.4165, -0.0100],
         [-0.5688, -0.7927, -0.2192,  0.0062],
         [ 0.2313, -0.4099,  0.8823,  0.1920],
         [ 0.0000,  0.0000,  0.0000,  1.0000]]], device='cuda:0')
0:03:40.706762 - TCO pred_orn tensor([[[-0.7924,  0.4473,  0.4148, -0.0100],
         [-0.5648, -0.7948, -0.2221,  0.0062],
         [ 0.2303, -0.4102,  0.8824,  0.1920],
         [ 0.0000,  0.0000,  0.0000,  1.0000]]], device='cuda:0',
       grad_fn=<CopySlices>)
0:03:40.707653 - TCO pred_xy tensor([[[-0.7893,  0.4511,  0.4165, -0.0108],
         [-0.5688, -0.7927, -0.2192,  0.0031],
         [ 0.2313, -0.4099,  0.8823,  0.1920],
         [ 0.0000,  0.0000,  0.0000,  1.0000]]], device='cuda:0',
       grad_fn=<CopySlices>)
0:03:40.708533 - TCO pred_z tensor([[[-0.7893,  0.4511,  0.4165, -0.0100],
         [-0.5688, -0.7927, -0.2192,  0.0062],
         [ 0.2313, -0.4099,  0.8823,  0.1958],
         [ 0.0000,  0.0000,  0.0000,  1.0000]]], device='cuda:0',
       grad_fn=<CopySlices>)
0:03:40.709155 - loss orn tensor([2.1353e-05], device='cuda:0', grad_fn=<MinBackward0>)
0:03:40.709790 - loss xy tensor([0.0013], device='cuda:0', grad_fn=<MinBackward0>)
0:03:40.710415 - loss z tensor([0.0013], device='cuda:0', grad_fn=<MinBackward0>)
  0%|                                       | 0/1 [00:00<?, ?it/s, loss=0.00261]100%|███████████████████████████████| 1/1 [00:00<00:00,  4.67it/s, loss=0.00261]100%|███████████████████████████████| 1/1 [00:00<00:00,  4.67it/s, loss=0.00261]
0:03:40.488543 - saving /home/ubuntu/synthetic_pose_estimation/cosypose/local_data/experiments/bracket_assembly_debug_nut_nosym_coarse_noaug--938962 416
  0%|                                                     | 0/1 [00:00<?, ?it/s]0:03:40.903660 - iteration 0
0:03:40.946776 - outputs, {'pose': tensor([[-0.9930, -0.7146,  0.3000,  0.5671, -0.5783, -0.4048,  3.6201, -1.2326,
          0.6810]], device='cuda:0', grad_fn=<AddmmBackward0>)}
0:03:40.948290 - model_outputs {'pose': tensor([[-0.9930, -0.7146,  0.3000,  0.5671, -0.5783, -0.4048,  3.6201, -1.2326,
          0.6810]], device='cuda:0', grad_fn=<AddmmBackward0>)}
0:03:40.949076 - K crop tensor([[[1.7549e+03, 0.0000e+00, 2.4453e+02],
         [0.0000e+00, 1.7549e+03, 6.7848e+01],
         [0.0000e+00, 0.0000e+00, 1.0000e+00]]], device='cuda:0')
0:03:40.949936 - TCO_input tensor([[[ 1.0000,  0.0000,  0.0000, -0.0141],
         [ 0.0000,  1.0000,  0.0000,  0.0085],
         [ 0.0000,  0.0000,  1.0000,  0.2903],
         [ 0.0000,  0.0000,  0.0000,  1.0000]]], device='cuda:0')
0:03:40.951040 - model tco output tensor([[[-0.7883,  0.4517,  0.4177, -0.0092],
         [-0.5673, -0.7965, -0.2092,  0.0057],
         [ 0.2382, -0.4019,  0.8842,  0.1977],
         [ 0.0000,  0.0000,  0.0000,  1.0000]]], device='cuda:0',
       grad_fn=<CopySlices>)
0:03:40.989938 - Wrote debug data: /home/ubuntu/synthetic_pose_estimation/cosypose/local_data/debug_data/debug_iter=1.pth.tar
0:03:41.201702 - TCO_input tensor([[[ 1.0000,  0.0000,  0.0000, -0.0141],
         [ 0.0000,  1.0000,  0.0000,  0.0085],
         [ 0.0000,  0.0000,  1.0000,  0.2903],
         [ 0.0000,  0.0000,  0.0000,  1.0000]]], device='cuda:0')
0:03:41.202648 - vxvyvz tensor([[ 3.6201, -1.2326,  0.6810]], device='cuda:0',
       grad_fn=<SliceBackward0>)
0:03:41.203642 - dR tensor([[[-0.7883,  0.4517,  0.4177],
         [-0.5673, -0.7965, -0.2092],
         [ 0.2382, -0.4019,  0.8842]]], device='cuda:0',
       grad_fn=<StackBackward0>)
0:03:41.204465 - fxfy tensor([[1754.8577, 1754.8577]], device='cuda:0')
0:03:41.206987 - TCO_gt tensor([[[-0.7893,  0.4511,  0.4165, -0.0100],
         [-0.5688, -0.7927, -0.2192,  0.0062],
         [ 0.2313, -0.4099,  0.8823,  0.1920],
         [ 0.0000,  0.0000,  0.0000,  1.0000]]], device='cuda:0')
0:03:41.207900 - TCO pred_orn tensor([[[-0.7883,  0.4517,  0.4177, -0.0100],
         [-0.5673, -0.7965, -0.2092,  0.0062],
         [ 0.2382, -0.4019,  0.8842,  0.1920],
         [ 0.0000,  0.0000,  0.0000,  1.0000]]], device='cuda:0',
       grad_fn=<CopySlices>)
0:03:41.208820 - TCO pred_xy tensor([[[-0.7893,  0.4511,  0.4165, -0.0089],
         [-0.5688, -0.7927, -0.2192,  0.0055],
         [ 0.2313, -0.4099,  0.8823,  0.1920],
         [ 0.0000,  0.0000,  0.0000,  1.0000]]], device='cuda:0',
       grad_fn=<CopySlices>)
0:03:41.209879 - TCO pred_z tensor([[[-0.7893,  0.4511,  0.4165, -0.0100],
         [-0.5688, -0.7927, -0.2192,  0.0062],
         [ 0.2313, -0.4099,  0.8823,  0.1977],
         [ 0.0000,  0.0000,  0.0000,  1.0000]]], device='cuda:0',
       grad_fn=<CopySlices>)
0:03:41.210528 - loss orn tensor([3.8691e-05], device='cuda:0', grad_fn=<MinBackward0>)
0:03:41.211156 - loss xy tensor([0.0006], device='cuda:0', grad_fn=<MinBackward0>)
0:03:41.211768 - loss z tensor([0.0019], device='cuda:0', grad_fn=<MinBackward0>)
  0%|                                       | 0/1 [00:00<?, ?it/s, loss=0.00253]100%|███████████████████████████████| 1/1 [00:00<00:00,  4.41it/s, loss=0.00253]100%|███████████████████████████████| 1/1 [00:00<00:00,  4.40it/s, loss=0.00253]
0:03:41.007587 - saving /home/ubuntu/synthetic_pose_estimation/cosypose/local_data/experiments/bracket_assembly_debug_nut_nosym_coarse_noaug--938962 417
  0%|                                                     | 0/1 [00:00<?, ?it/s]0:03:41.422817 - iteration 0
0:03:41.466506 - outputs, {'pose': tensor([[-0.9866, -0.7206,  0.3015,  0.5726, -0.5809, -0.3977,  3.6119, -1.2196,
          0.6760]], device='cuda:0', grad_fn=<AddmmBackward0>)}
0:03:41.468178 - model_outputs {'pose': tensor([[-0.9866, -0.7206,  0.3015,  0.5726, -0.5809, -0.3977,  3.6119, -1.2196,
          0.6760]], device='cuda:0', grad_fn=<AddmmBackward0>)}
0:03:41.469009 - K crop tensor([[[1.6622e+03, 0.0000e+00, 2.4390e+02],
         [0.0000e+00, 1.6622e+03, 5.5668e+01],
         [0.0000e+00, 0.0000e+00, 1.0000e+00]]], device='cuda:0')
0:03:41.469910 - TCO_input tensor([[[ 1.0000,  0.0000,  0.0000, -0.0140],
         [ 0.0000,  1.0000,  0.0000,  0.0106],
         [ 0.0000,  0.0000,  1.0000,  0.2762],
         [ 0.0000,  0.0000,  0.0000,  1.0000]]], device='cuda:0')
0:03:41.470855 - model tco output tensor([[[-0.7840,  0.4609,  0.4158, -0.0091],
         [-0.5727, -0.7955, -0.1979,  0.0070],
         [ 0.2396, -0.3933,  0.8877,  0.1867],
         [ 0.0000,  0.0000,  0.0000,  1.0000]]], device='cuda:0',
       grad_fn=<CopySlices>)
0:03:41.510105 - Wrote debug data: /home/ubuntu/synthetic_pose_estimation/cosypose/local_data/debug_data/debug_iter=1.pth.tar
0:03:41.725898 - TCO_input tensor([[[ 1.0000,  0.0000,  0.0000, -0.0140],
         [ 0.0000,  1.0000,  0.0000,  0.0106],
         [ 0.0000,  0.0000,  1.0000,  0.2762],
         [ 0.0000,  0.0000,  0.0000,  1.0000]]], device='cuda:0')
0:03:41.726908 - vxvyvz tensor([[ 3.6119, -1.2196,  0.6760]], device='cuda:0',
       grad_fn=<SliceBackward0>)
0:03:41.727932 - dR tensor([[[-0.7840,  0.4609,  0.4158],
         [-0.5727, -0.7955, -0.1979],
         [ 0.2396, -0.3933,  0.8877]]], device='cuda:0',
       grad_fn=<StackBackward0>)
0:03:41.728839 - fxfy tensor([[1662.2198, 1662.2198]], device='cuda:0')
0:03:41.731421 - TCO_gt tensor([[[-0.7893,  0.4511,  0.4165, -0.0100],
         [-0.5688, -0.7927, -0.2192,  0.0062],
         [ 0.2313, -0.4099,  0.8823,  0.1920],
         [ 0.0000,  0.0000,  0.0000,  1.0000]]], device='cuda:0')
0:03:41.732389 - TCO pred_orn tensor([[[-0.7840,  0.4609,  0.4158, -0.0100],
         [-0.5727, -0.7955, -0.1979,  0.0062],
         [ 0.2396, -0.3933,  0.8877,  0.1920],
         [ 0.0000,  0.0000,  0.0000,  1.0000]]], device='cuda:0',
       grad_fn=<CopySlices>)
0:03:41.733321 - TCO pred_xy tensor([[[-0.7893,  0.4511,  0.4165, -0.0093],
         [-0.5688, -0.7927, -0.2192,  0.0072],
         [ 0.2313, -0.4099,  0.8823,  0.1920],
         [ 0.0000,  0.0000,  0.0000,  1.0000]]], device='cuda:0',
       grad_fn=<CopySlices>)
0:03:41.734307 - TCO pred_z tensor([[[-0.7893,  0.4511,  0.4165, -0.0100],
         [-0.5688, -0.7927, -0.2192,  0.0062],
         [ 0.2313, -0.4099,  0.8823,  0.1867],
         [ 0.0000,  0.0000,  0.0000,  1.0000]]], device='cuda:0',
       grad_fn=<CopySlices>)
0:03:41.734994 - loss orn tensor([9.0456e-05], device='cuda:0', grad_fn=<MinBackward0>)
0:03:41.735653 - loss xy tensor([0.0006], device='cuda:0', grad_fn=<MinBackward0>)
0:03:41.736338 - loss z tensor([0.0017], device='cuda:0', grad_fn=<MinBackward0>)
  0%|                                       | 0/1 [00:00<?, ?it/s, loss=0.00241]100%|███████████████████████████████| 1/1 [00:00<00:00,  4.52it/s, loss=0.00241]100%|███████████████████████████████| 1/1 [00:00<00:00,  4.51it/s, loss=0.00241]
0:03:41.503292 - saving /home/ubuntu/synthetic_pose_estimation/cosypose/local_data/experiments/bracket_assembly_debug_nut_nosym_coarse_noaug--938962 418
  0%|                                                     | 0/1 [00:00<?, ?it/s]0:03:41.918546 - iteration 0
0:03:41.962059 - outputs, {'pose': tensor([[-0.9859, -0.7118,  0.3026,  0.5673, -0.5812, -0.4010,  3.6157, -1.2100,
          0.6791]], device='cuda:0', grad_fn=<AddmmBackward0>)}
0:03:41.963745 - model_outputs {'pose': tensor([[-0.9859, -0.7118,  0.3026,  0.5673, -0.5812, -0.4010,  3.6157, -1.2100,
          0.6791]], device='cuda:0', grad_fn=<AddmmBackward0>)}
0:03:41.964588 - K crop tensor([[[1.7825e+03, 0.0000e+00, 2.6228e+02],
         [0.0000e+00, 1.7825e+03, 6.7151e+01],
         [0.0000e+00, 0.0000e+00, 1.0000e+00]]], device='cuda:0')
0:03:41.965517 - TCO_input tensor([[[ 1.0000,  0.0000,  0.0000, -0.0170],
         [ 0.0000,  1.0000,  0.0000,  0.0087],
         [ 0.0000,  0.0000,  1.0000,  0.2947],
         [ 0.0000,  0.0000,  0.0000,  1.0000]]], device='cuda:0')
0:03:41.967052 - model tco output tensor([[[-0.7868,  0.4540,  0.4182, -0.0111],
         [-0.5680, -0.7976, -0.2028,  0.0057],
         [ 0.2415, -0.3971,  0.8855,  0.2002],
         [ 0.0000,  0.0000,  0.0000,  1.0000]]], device='cuda:0',
       grad_fn=<CopySlices>)
0:03:42.005785 - Wrote debug data: /home/ubuntu/synthetic_pose_estimation/cosypose/local_data/debug_data/debug_iter=1.pth.tar
0:03:42.217162 - TCO_input tensor([[[ 1.0000,  0.0000,  0.0000, -0.0170],
         [ 0.0000,  1.0000,  0.0000,  0.0087],
         [ 0.0000,  0.0000,  1.0000,  0.2947],
         [ 0.0000,  0.0000,  0.0000,  1.0000]]], device='cuda:0')
0:03:42.218314 - vxvyvz tensor([[ 3.6157, -1.2100,  0.6791]], device='cuda:0',
       grad_fn=<SliceBackward0>)
0:03:42.219356 - dR tensor([[[-0.7868,  0.4540,  0.4182],
         [-0.5680, -0.7976, -0.2028],
         [ 0.2415, -0.3971,  0.8855]]], device='cuda:0',
       grad_fn=<StackBackward0>)
0:03:42.220294 - fxfy tensor([[1782.4667, 1782.4669]], device='cuda:0')
0:03:42.222993 - TCO_gt tensor([[[-0.7893,  0.4511,  0.4165, -0.0100],
         [-0.5688, -0.7927, -0.2192,  0.0062],
         [ 0.2313, -0.4099,  0.8823,  0.1920],
         [ 0.0000,  0.0000,  0.0000,  1.0000]]], device='cuda:0')
0:03:42.224173 - TCO pred_orn tensor([[[-0.7868,  0.4540,  0.4182, -0.0100],
         [-0.5680, -0.7976, -0.2028,  0.0062],
         [ 0.2415, -0.3971,  0.8855,  0.1920],
         [ 0.0000,  0.0000,  0.0000,  1.0000]]], device='cuda:0',
       grad_fn=<CopySlices>)
0:03:42.225437 - TCO pred_xy tensor([[[-0.7893,  0.4511,  0.4165, -0.0107],
         [-0.5688, -0.7927, -0.2192,  0.0055],
         [ 0.2313, -0.4099,  0.8823,  0.1920],
         [ 0.0000,  0.0000,  0.0000,  1.0000]]], device='cuda:0',
       grad_fn=<CopySlices>)
0:03:42.226591 - TCO pred_z tensor([[[-0.7893,  0.4511,  0.4165, -0.0100],
         [-0.5688, -0.7927, -0.2192,  0.0062],
         [ 0.2313, -0.4099,  0.8823,  0.2002],
         [ 0.0000,  0.0000,  0.0000,  1.0000]]], device='cuda:0',
       grad_fn=<CopySlices>)
0:03:42.227383 - loss orn tensor([6.4788e-05], device='cuda:0', grad_fn=<MinBackward0>)
0:03:42.228162 - loss xy tensor([0.0004], device='cuda:0', grad_fn=<MinBackward0>)
0:03:42.228957 - loss z tensor([0.0027], device='cuda:0', grad_fn=<MinBackward0>)
  0%|                                       | 0/1 [00:00<?, ?it/s, loss=0.00325]100%|███████████████████████████████| 1/1 [00:00<00:00,  4.50it/s, loss=0.00325]100%|███████████████████████████████| 1/1 [00:00<00:00,  4.49it/s, loss=0.00325]
0:03:42.000469 - saving /home/ubuntu/synthetic_pose_estimation/cosypose/local_data/experiments/bracket_assembly_debug_nut_nosym_coarse_noaug--938962 419
  0%|                                                     | 0/1 [00:00<?, ?it/s]0:03:42.415435 - iteration 0
0:03:42.458377 - outputs, {'pose': tensor([[-0.9867, -0.7112,  0.2878,  0.5611, -0.5697, -0.4059,  3.5968, -1.1961,
          0.6676]], device='cuda:0', grad_fn=<AddmmBackward0>)}
0:03:42.459894 - model_outputs {'pose': tensor([[-0.9867, -0.7112,  0.2878,  0.5611, -0.5697, -0.4059,  3.5968, -1.1961,
          0.6676]], device='cuda:0', grad_fn=<AddmmBackward0>)}
0:03:42.460645 - K crop tensor([[[2.0319e+03, 0.0000e+00, 3.1624e+02],
         [0.0000e+00, 2.0319e+03, 6.6738e+01],
         [0.0000e+00, 0.0000e+00, 1.0000e+00]]], device='cuda:0')
0:03:42.461509 - TCO_input tensor([[[ 1.0000,  0.0000,  0.0000, -0.0258],
         [ 0.0000,  1.0000,  0.0000,  0.0087],
         [ 0.0000,  0.0000,  1.0000,  0.3347],
         [ 0.0000,  0.0000,  0.0000,  1.0000]]], device='cuda:0')
0:03:42.462391 - model tco output tensor([[[-0.7894,  0.4517,  0.4157, -0.0168],
         [-0.5690, -0.7925, -0.2195,  0.0057],
         [ 0.2303, -0.4098,  0.8826,  0.2235],
         [ 0.0000,  0.0000,  0.0000,  1.0000]]], device='cuda:0',
       grad_fn=<CopySlices>)
0:03:42.500736 - Wrote debug data: /home/ubuntu/synthetic_pose_estimation/cosypose/local_data/debug_data/debug_iter=1.pth.tar
0:03:42.710800 - TCO_input tensor([[[ 1.0000,  0.0000,  0.0000, -0.0258],
         [ 0.0000,  1.0000,  0.0000,  0.0087],
         [ 0.0000,  0.0000,  1.0000,  0.3347],
         [ 0.0000,  0.0000,  0.0000,  1.0000]]], device='cuda:0')
0:03:42.711806 - vxvyvz tensor([[ 3.5968, -1.1961,  0.6676]], device='cuda:0',
       grad_fn=<SliceBackward0>)
0:03:42.712814 - dR tensor([[[-0.7894,  0.4517,  0.4157],
         [-0.5690, -0.7925, -0.2195],
         [ 0.2303, -0.4098,  0.8826]]], device='cuda:0',
       grad_fn=<StackBackward0>)
0:03:42.713706 - fxfy tensor([[2031.8728, 2031.8732]], device='cuda:0')
0:03:42.716154 - TCO_gt tensor([[[-0.7893,  0.4511,  0.4165, -0.0100],
         [-0.5688, -0.7927, -0.2192,  0.0062],
         [ 0.2313, -0.4099,  0.8823,  0.1920],
         [ 0.0000,  0.0000,  0.0000,  1.0000]]], device='cuda:0')
0:03:42.717091 - TCO pred_orn tensor([[[-0.7894,  0.4517,  0.4157, -0.0100],
         [-0.5690, -0.7925, -0.2195,  0.0062],
         [ 0.2303, -0.4098,  0.8826,  0.1920],
         [ 0.0000,  0.0000,  0.0000,  1.0000]]], device='cuda:0',
       grad_fn=<CopySlices>)
0:03:42.718019 - TCO pred_xy tensor([[[-0.7893,  0.4511,  0.4165, -0.0145],
         [-0.5688, -0.7927, -0.2192,  0.0049],
         [ 0.2313, -0.4099,  0.8823,  0.1920],
         [ 0.0000,  0.0000,  0.0000,  1.0000]]], device='cuda:0',
       grad_fn=<CopySlices>)
0:03:42.718925 - TCO pred_z tensor([[[-0.7893,  0.4511,  0.4165, -0.0100],
         [-0.5688, -0.7927, -0.2192,  0.0062],
         [ 0.2313, -0.4099,  0.8823,  0.2235],
         [ 0.0000,  0.0000,  0.0000,  1.0000]]], device='cuda:0',
       grad_fn=<CopySlices>)
0:03:42.722018 - loss orn tensor([4.2247e-06], device='cuda:0', grad_fn=<MinBackward0>)
0:03:42.722639 - loss xy tensor([0.0019], device='cuda:0', grad_fn=<MinBackward0>)
0:03:42.723251 - loss z tensor([0.0105], device='cuda:0', grad_fn=<MinBackward0>)
  0%|                                        | 0/1 [00:00<?, ?it/s, loss=0.0124]100%|████████████████████████████████| 1/1 [00:00<00:00,  4.64it/s, loss=0.0124]100%|████████████████████████████████| 1/1 [00:00<00:00,  4.63it/s, loss=0.0124]
  0%|                                                     | 0/1 [00:00<?, ?it/s]0:03:42.631392 - iteration 0
0:03:42.670851 - outputs, {'pose': tensor([[-0.4901, -0.1793,  0.1062,  0.3537, -0.2317, -0.0624,  1.2310, -0.5308,
          0.4302]], device='cuda:0')}
0:03:42.672370 - model_outputs {'pose': tensor([[-0.4901, -0.1793,  0.1062,  0.3537, -0.2317, -0.0624,  1.2310, -0.5308,
          0.4302]], device='cuda:0')}
0:03:42.673176 - K crop tensor([[[2.0199e+03, 0.0000e+00, 3.0793e+02],
         [0.0000e+00, 2.0199e+03, 6.1138e+01],
         [0.0000e+00, 0.0000e+00, 1.0000e+00]]], device='cuda:0')
0:03:42.674097 - TCO_input tensor([[[ 1.0000,  0.0000,  0.0000, -0.0245],
         [ 0.0000,  1.0000,  0.0000,  0.0096],
         [ 0.0000,  0.0000,  1.0000,  0.3332],
         [ 0.0000,  0.0000,  0.0000,  1.0000]]], device='cuda:0')
0:03:42.675015 - model tco output tensor([[[-0.9203,  0.3374,  0.1980, -0.0104],
         [-0.3366, -0.9409,  0.0387,  0.0041],
         [ 0.1993, -0.0311,  0.9794,  0.1433],
         [ 0.0000,  0.0000,  0.0000,  1.0000]]], device='cuda:0')
0:03:42.713340 - Wrote debug data: /home/ubuntu/synthetic_pose_estimation/cosypose/local_data/debug_data/debug_iter=1.pth.tar
0:03:42.924013 - TCO_input tensor([[[ 1.0000,  0.0000,  0.0000, -0.0245],
         [ 0.0000,  1.0000,  0.0000,  0.0096],
         [ 0.0000,  0.0000,  1.0000,  0.3332],
         [ 0.0000,  0.0000,  0.0000,  1.0000]]], device='cuda:0')
0:03:42.925122 - vxvyvz tensor([[ 1.2310, -0.5308,  0.4302]], device='cuda:0')
0:03:42.926177 - dR tensor([[[-0.9203,  0.3374,  0.1980],
         [-0.3366, -0.9409,  0.0387],
         [ 0.1993, -0.0311,  0.9794]]], device='cuda:0')
0:03:42.927077 - fxfy tensor([[2019.8826, 2019.8826]], device='cuda:0')
0:03:42.929479 - TCO_gt tensor([[[-0.7893,  0.4511,  0.4165, -0.0100],
         [-0.5688, -0.7927, -0.2192,  0.0062],
         [ 0.2313, -0.4099,  0.8823,  0.1920],
         [ 0.0000,  0.0000,  0.0000,  1.0000]]], device='cuda:0')
0:03:42.930410 - TCO pred_orn tensor([[[-0.9203,  0.3374,  0.1980, -0.0100],
         [-0.3366, -0.9409,  0.0387,  0.0062],
         [ 0.1993, -0.0311,  0.9794,  0.1920],
         [ 0.0000,  0.0000,  0.0000,  1.0000]]], device='cuda:0')
0:03:42.931346 - TCO pred_xy tensor([[[-0.7893,  0.4511,  0.4165, -0.0140],
         [-0.5688, -0.7927, -0.2192,  0.0055],
         [ 0.2313, -0.4099,  0.8823,  0.1920],
         [ 0.0000,  0.0000,  0.0000,  1.0000]]], device='cuda:0')
0:03:42.932276 - TCO pred_z tensor([[[-0.7893,  0.4511,  0.4165, -0.0100],
         [-0.5688, -0.7927, -0.2192,  0.0062],
         [ 0.2313, -0.4099,  0.8823,  0.1433],
         [ 0.0000,  0.0000,  0.0000,  1.0000]]], device='cuda:0')
0:03:42.932982 - loss orn tensor([0.0018], device='cuda:0')
0:03:42.933643 - loss xy tensor([0.0016], device='cuda:0')
0:03:42.934280 - loss z tensor([0.0162], device='cuda:0')
100%|█████████████████████████████████████████████| 1/1 [00:00<00:00,  8.21it/s]100%|█████████████████████████████████████████████| 1/1 [00:00<00:00,  8.18it/s]
0:03:42.627045 - saving /home/ubuntu/synthetic_pose_estimation/cosypose/local_data/experiments/bracket_assembly_debug_nut_nosym_coarse_noaug--938962 420
  0%|                                                     | 0/1 [00:00<?, ?it/s]0:03:43.041592 - iteration 0
0:03:43.089260 - outputs, {'pose': tensor([[-0.9886, -0.7102,  0.2926,  0.5547, -0.5722, -0.4155,  3.6156, -1.1869,
          0.6778]], device='cuda:0', grad_fn=<AddmmBackward0>)}
0:03:43.090905 - model_outputs {'pose': tensor([[-0.9886, -0.7102,  0.2926,  0.5547, -0.5722, -0.4155,  3.6156, -1.1869,
          0.6778]], device='cuda:0', grad_fn=<AddmmBackward0>)}
0:03:43.091693 - K crop tensor([[[1.7149e+03, 0.0000e+00, 1.9661e+02],
         [0.0000e+00, 1.7149e+03, 6.3498e+00],
         [0.0000e+00, 0.0000e+00, 1.0000e+00]]], device='cuda:0')
0:03:43.092549 - TCO_input tensor([[[ 1.0000,  0.0000,  0.0000, -0.0062],
         [ 0.0000,  1.0000,  0.0000,  0.0190],
         [ 0.0000,  0.0000,  1.0000,  0.2879],
         [ 0.0000,  0.0000,  0.0000,  1.0000]]], device='cuda:0')
0:03:43.093475 - model tco output tensor([[[-0.7897,  0.4446,  0.4228, -0.0038],
         [-0.5673, -0.7916, -0.2272,  0.0127],
         [ 0.2337, -0.4193,  0.8773,  0.1952],
         [ 0.0000,  0.0000,  0.0000,  1.0000]]], device='cuda:0',
       grad_fn=<CopySlices>)
0:03:43.134995 - Wrote debug data: /home/ubuntu/synthetic_pose_estimation/cosypose/local_data/debug_data/debug_iter=1.pth.tar
0:03:43.345819 - TCO_input tensor([[[ 1.0000,  0.0000,  0.0000, -0.0062],
         [ 0.0000,  1.0000,  0.0000,  0.0190],
         [ 0.0000,  0.0000,  1.0000,  0.2879],
         [ 0.0000,  0.0000,  0.0000,  1.0000]]], device='cuda:0')
0:03:43.346927 - vxvyvz tensor([[ 3.6156, -1.1869,  0.6778]], device='cuda:0',
       grad_fn=<SliceBackward0>)
0:03:43.347947 - dR tensor([[[-0.7897,  0.4446,  0.4228],
         [-0.5673, -0.7916, -0.2272],
         [ 0.2337, -0.4193,  0.8773]]], device='cuda:0',
       grad_fn=<StackBackward0>)
0:03:43.348823 - fxfy tensor([[1714.9427, 1714.9432]], device='cuda:0')
0:03:43.351337 - TCO_gt tensor([[[-0.7893,  0.4511,  0.4165, -0.0100],
         [-0.5688, -0.7927, -0.2192,  0.0062],
         [ 0.2313, -0.4099,  0.8823,  0.1920],
         [ 0.0000,  0.0000,  0.0000,  1.0000]]], device='cuda:0')
0:03:43.352247 - TCO pred_orn tensor([[[-0.7897,  0.4446,  0.4228, -0.0100],
         [-0.5673, -0.7916, -0.2272,  0.0062],
         [ 0.2337, -0.4193,  0.8773,  0.1920],
         [ 0.0000,  0.0000,  0.0000,  1.0000]]], device='cuda:0',
       grad_fn=<CopySlices>)
0:03:43.353169 - TCO pred_xy tensor([[[-0.7893,  0.4511,  0.4165, -0.0037],
         [-0.5688, -0.7927, -0.2192,  0.0125],
         [ 0.2313, -0.4099,  0.8823,  0.1920],
         [ 0.0000,  0.0000,  0.0000,  1.0000]]], device='cuda:0',
       grad_fn=<CopySlices>)
0:03:43.354102 - TCO pred_z tensor([[[-0.7893,  0.4511,  0.4165, -0.0100],
         [-0.5688, -0.7927, -0.2192,  0.0062],
         [ 0.2313, -0.4099,  0.8823,  0.1952],
         [ 0.0000,  0.0000,  0.0000,  1.0000]]], device='cuda:0',
       grad_fn=<CopySlices>)
0:03:43.354781 - loss orn tensor([4.6116e-05], device='cuda:0', grad_fn=<MinBackward0>)
0:03:43.355399 - loss xy tensor([0.0042], device='cuda:0', grad_fn=<MinBackward0>)
0:03:43.356012 - loss z tensor([0.0011], device='cuda:0', grad_fn=<MinBackward0>)
  0%|                                       | 0/1 [00:00<?, ?it/s, loss=0.00531]100%|███████████████████████████████| 1/1 [00:00<00:00,  4.54it/s, loss=0.00531]100%|███████████████████████████████| 1/1 [00:00<00:00,  4.53it/s, loss=0.00531]
0:03:43.130092 - saving /home/ubuntu/synthetic_pose_estimation/cosypose/local_data/experiments/bracket_assembly_debug_nut_nosym_coarse_noaug--938962 421
  0%|                                                     | 0/1 [00:00<?, ?it/s]0:03:43.545071 - iteration 0
0:03:43.588113 - outputs, {'pose': tensor([[-0.9874, -0.7096,  0.2917,  0.5550, -0.5733, -0.4123,  3.6136, -1.1807,
          0.6619]], device='cuda:0', grad_fn=<AddmmBackward0>)}
0:03:43.589658 - model_outputs {'pose': tensor([[-0.9874, -0.7096,  0.2917,  0.5550, -0.5733, -0.4123,  3.6136, -1.1807,
          0.6619]], device='cuda:0', grad_fn=<AddmmBackward0>)}
0:03:43.590419 - K crop tensor([[[1.9750e+03, 0.0000e+00, 2.7137e+02],
         [0.0000e+00, 1.9750e+03, 6.2290e+01],
         [0.0000e+00, 0.0000e+00, 1.0000e+00]]], device='cuda:0')
0:03:43.591265 - TCO_input tensor([[[ 1.0000,  0.0000,  0.0000, -0.0185],
         [ 0.0000,  1.0000,  0.0000,  0.0094],
         [ 0.0000,  0.0000,  1.0000,  0.3259],
         [ 0.0000,  0.0000,  0.0000,  1.0000]]], device='cuda:0')
0:03:43.592157 - model tco output tensor([[[-0.7896,  0.4463,  0.4210, -0.0118],
         [-0.5675, -0.7922, -0.2245,  0.0061],
         [ 0.2333, -0.4162,  0.8788,  0.2157],
         [ 0.0000,  0.0000,  0.0000,  1.0000]]], device='cuda:0',
       grad_fn=<CopySlices>)
0:03:43.629509 - Wrote debug data: /home/ubuntu/synthetic_pose_estimation/cosypose/local_data/debug_data/debug_iter=1.pth.tar
0:03:43.842332 - TCO_input tensor([[[ 1.0000,  0.0000,  0.0000, -0.0185],
         [ 0.0000,  1.0000,  0.0000,  0.0094],
         [ 0.0000,  0.0000,  1.0000,  0.3259],
         [ 0.0000,  0.0000,  0.0000,  1.0000]]], device='cuda:0')
0:03:43.843363 - vxvyvz tensor([[ 3.6136, -1.1807,  0.6619]], device='cuda:0',
       grad_fn=<SliceBackward0>)
0:03:43.844372 - dR tensor([[[-0.7896,  0.4463,  0.4210],
         [-0.5675, -0.7922, -0.2245],
         [ 0.2333, -0.4162,  0.8788]]], device='cuda:0',
       grad_fn=<StackBackward0>)
0:03:43.845286 - fxfy tensor([[1975.0474, 1975.0480]], device='cuda:0')
0:03:43.847774 - TCO_gt tensor([[[-0.7893,  0.4511,  0.4165, -0.0100],
         [-0.5688, -0.7927, -0.2192,  0.0062],
         [ 0.2313, -0.4099,  0.8823,  0.1920],
         [ 0.0000,  0.0000,  0.0000,  1.0000]]], device='cuda:0')
0:03:43.848697 - TCO pred_orn tensor([[[-0.7896,  0.4463,  0.4210, -0.0100],
         [-0.5675, -0.7922, -0.2245,  0.0062],
         [ 0.2333, -0.4162,  0.8788,  0.1920],
         [ 0.0000,  0.0000,  0.0000,  1.0000]]], device='cuda:0',
       grad_fn=<CopySlices>)
0:03:43.849643 - TCO pred_xy tensor([[[-0.7893,  0.4511,  0.4165, -0.0105],
         [-0.5688, -0.7927, -0.2192,  0.0054],
         [ 0.2313, -0.4099,  0.8823,  0.1920],
         [ 0.0000,  0.0000,  0.0000,  1.0000]]], device='cuda:0',
       grad_fn=<CopySlices>)
0:03:43.850546 - TCO pred_z tensor([[[-0.7893,  0.4511,  0.4165, -0.0100],
         [-0.5688, -0.7927, -0.2192,  0.0062],
         [ 0.2313, -0.4099,  0.8823,  0.2157],
         [ 0.0000,  0.0000,  0.0000,  1.0000]]], device='cuda:0',
       grad_fn=<CopySlices>)
0:03:43.851177 - loss orn tensor([3.2426e-05], device='cuda:0', grad_fn=<MinBackward0>)
0:03:43.851804 - loss xy tensor([0.0004], device='cuda:0', grad_fn=<MinBackward0>)
0:03:43.852435 - loss z tensor([0.0079], device='cuda:0', grad_fn=<MinBackward0>)
  0%|                                       | 0/1 [00:00<?, ?it/s, loss=0.00837]100%|███████████████████████████████| 1/1 [00:00<00:00,  4.64it/s, loss=0.00837]100%|███████████████████████████████| 1/1 [00:00<00:00,  4.63it/s, loss=0.00837]
0:03:43.689772 - saving /home/ubuntu/synthetic_pose_estimation/cosypose/local_data/experiments/bracket_assembly_debug_nut_nosym_coarse_noaug--938962 422
  0%|                                                     | 0/1 [00:00<?, ?it/s]0:03:44.105058 - iteration 0
0:03:44.148355 - outputs, {'pose': tensor([[-0.9895, -0.7204,  0.2990,  0.5606, -0.5803, -0.4147,  3.6385, -1.1803,
          0.6645]], device='cuda:0', grad_fn=<AddmmBackward0>)}
0:03:44.150019 - model_outputs {'pose': tensor([[-0.9895, -0.7204,  0.2990,  0.5606, -0.5803, -0.4147,  3.6385, -1.1803,
          0.6645]], device='cuda:0', grad_fn=<AddmmBackward0>)}
0:03:44.150844 - K crop tensor([[[ 1.7943e+03,  0.0000e+00,  2.5000e+02],
         [ 0.0000e+00,  1.7943e+03, -1.3055e+01],
         [ 0.0000e+00,  0.0000e+00,  1.0000e+00]]], device='cuda:0')
0:03:44.151706 - TCO_input tensor([[[ 1.0000,  0.0000,  0.0000, -0.0152],
         [ 0.0000,  1.0000,  0.0000,  0.0223],
         [ 0.0000,  0.0000,  1.0000,  0.3019],
         [ 0.0000,  0.0000,  0.0000,  1.0000]]], device='cuda:0')
0:03:44.152643 - model tco output tensor([[[-0.7854,  0.4507,  0.4243, -0.0097],
         [-0.5718, -0.7909, -0.2181,  0.0147],
         [ 0.2373, -0.4139,  0.8789,  0.2006],
         [ 0.0000,  0.0000,  0.0000,  1.0000]]], device='cuda:0',
       grad_fn=<CopySlices>)
0:03:44.195766 - Wrote debug data: /home/ubuntu/synthetic_pose_estimation/cosypose/local_data/debug_data/debug_iter=1.pth.tar
0:03:44.414740 - TCO_input tensor([[[ 1.0000,  0.0000,  0.0000, -0.0152],
         [ 0.0000,  1.0000,  0.0000,  0.0223],
         [ 0.0000,  0.0000,  1.0000,  0.3019],
         [ 0.0000,  0.0000,  0.0000,  1.0000]]], device='cuda:0')
0:03:44.415873 - vxvyvz tensor([[ 3.6385, -1.1803,  0.6645]], device='cuda:0',
       grad_fn=<SliceBackward0>)
0:03:44.416956 - dR tensor([[[-0.7854,  0.4507,  0.4243],
         [-0.5718, -0.7909, -0.2181],
         [ 0.2373, -0.4139,  0.8789]]], device='cuda:0',
       grad_fn=<StackBackward0>)
0:03:44.417881 - fxfy tensor([[1794.3070, 1794.3071]], device='cuda:0')
0:03:44.420373 - TCO_gt tensor([[[-0.7893,  0.4511,  0.4165, -0.0100],
         [-0.5688, -0.7927, -0.2192,  0.0062],
         [ 0.2313, -0.4099,  0.8823,  0.1920],
         [ 0.0000,  0.0000,  0.0000,  1.0000]]], device='cuda:0')
0:03:44.421328 - TCO pred_orn tensor([[[-0.7854,  0.4507,  0.4243, -0.0100],
         [-0.5718, -0.7909, -0.2181,  0.0062],
         [ 0.2373, -0.4139,  0.8789,  0.1920],
         [ 0.0000,  0.0000,  0.0000,  1.0000]]], device='cuda:0',
       grad_fn=<CopySlices>)
0:03:44.422243 - TCO pred_xy tensor([[[-0.7893,  0.4511,  0.4165, -0.0093],
         [-0.5688, -0.7927, -0.2192,  0.0141],
         [ 0.2313, -0.4099,  0.8823,  0.1920],
         [ 0.0000,  0.0000,  0.0000,  1.0000]]], device='cuda:0',
       grad_fn=<CopySlices>)
0:03:44.423174 - TCO pred_z tensor([[[-0.7893,  0.4511,  0.4165, -0.0100],
         [-0.5688, -0.7927, -0.2192,  0.0062],
         [ 0.2313, -0.4099,  0.8823,  0.2006],
         [ 0.0000,  0.0000,  0.0000,  1.0000]]], device='cuda:0',
       grad_fn=<CopySlices>)
0:03:44.423858 - loss orn tensor([3.4084e-05], device='cuda:0', grad_fn=<MinBackward0>)
0:03:44.424492 - loss xy tensor([0.0029], device='cuda:0', grad_fn=<MinBackward0>)
0:03:44.425134 - loss z tensor([0.0029], device='cuda:0', grad_fn=<MinBackward0>)
  0%|                                       | 0/1 [00:00<?, ?it/s, loss=0.00579]100%|███████████████████████████████| 1/1 [00:00<00:00,  4.38it/s, loss=0.00579]100%|███████████████████████████████| 1/1 [00:00<00:00,  4.37it/s, loss=0.00579]
0:03:44.211440 - saving /home/ubuntu/synthetic_pose_estimation/cosypose/local_data/experiments/bracket_assembly_debug_nut_nosym_coarse_noaug--938962 423
  0%|                                                     | 0/1 [00:00<?, ?it/s]0:03:44.626797 - iteration 0
0:03:44.670691 - outputs, {'pose': tensor([[-0.9963, -0.7115,  0.3033,  0.5658, -0.5856, -0.4042,  3.6279, -1.1704,
          0.6443]], device='cuda:0', grad_fn=<AddmmBackward0>)}
0:03:44.672387 - model_outputs {'pose': tensor([[-0.9963, -0.7115,  0.3033,  0.5658, -0.5856, -0.4042,  3.6279, -1.1704,
          0.6443]], device='cuda:0', grad_fn=<AddmmBackward0>)}
0:03:44.673233 - K crop tensor([[[1.8366e+03, 0.0000e+00, 2.8783e+02],
         [0.0000e+00, 1.8366e+03, 4.5195e+01],
         [0.0000e+00, 0.0000e+00, 1.0000e+00]]], device='cuda:0')
0:03:44.674123 - TCO_input tensor([[[ 1.0000,  0.0000,  0.0000, -0.0213],
         [ 0.0000,  1.0000,  0.0000,  0.0123],
         [ 0.0000,  0.0000,  1.0000,  0.3049],
         [ 0.0000,  0.0000,  0.0000,  1.0000]]], device='cuda:0')
0:03:44.675634 - model tco output tensor([[[-0.7899,  0.4492,  0.4174, -0.0133],
         [-0.5641, -0.7992, -0.2074,  0.0078],
         [ 0.2405, -0.3993,  0.8847,  0.1964],
         [ 0.0000,  0.0000,  0.0000,  1.0000]]], device='cuda:0',
       grad_fn=<CopySlices>)
0:03:44.716736 - Wrote debug data: /home/ubuntu/synthetic_pose_estimation/cosypose/local_data/debug_data/debug_iter=1.pth.tar
0:03:44.930317 - TCO_input tensor([[[ 1.0000,  0.0000,  0.0000, -0.0213],
         [ 0.0000,  1.0000,  0.0000,  0.0123],
         [ 0.0000,  0.0000,  1.0000,  0.3049],
         [ 0.0000,  0.0000,  0.0000,  1.0000]]], device='cuda:0')
0:03:44.931307 - vxvyvz tensor([[ 3.6279, -1.1704,  0.6443]], device='cuda:0',
       grad_fn=<SliceBackward0>)
0:03:44.932336 - dR tensor([[[-0.7899,  0.4492,  0.4174],
         [-0.5641, -0.7992, -0.2074],
         [ 0.2405, -0.3993,  0.8847]]], device='cuda:0',
       grad_fn=<StackBackward0>)
0:03:44.933278 - fxfy tensor([[1836.5626, 1836.5631]], device='cuda:0')
0:03:44.935834 - TCO_gt tensor([[[-0.7893,  0.4511,  0.4165, -0.0100],
         [-0.5688, -0.7927, -0.2192,  0.0062],
         [ 0.2313, -0.4099,  0.8823,  0.1920],
         [ 0.0000,  0.0000,  0.0000,  1.0000]]], device='cuda:0')
0:03:44.936792 - TCO pred_orn tensor([[[-0.7899,  0.4492,  0.4174, -0.0100],
         [-0.5641, -0.7992, -0.2074,  0.0062],
         [ 0.2405, -0.3993,  0.8847,  0.1920],
         [ 0.0000,  0.0000,  0.0000,  1.0000]]], device='cuda:0',
       grad_fn=<CopySlices>)
0:03:44.937756 - TCO pred_xy tensor([[[-0.7893,  0.4511,  0.4165, -0.0130],
         [-0.5688, -0.7927, -0.2192,  0.0076],
         [ 0.2313, -0.4099,  0.8823,  0.1920],
         [ 0.0000,  0.0000,  0.0000,  1.0000]]], device='cuda:0',
       grad_fn=<CopySlices>)
0:03:44.938695 - TCO pred_z tensor([[[-0.7893,  0.4511,  0.4165, -0.0100],
         [-0.5688, -0.7927, -0.2192,  0.0062],
         [ 0.2313, -0.4099,  0.8823,  0.1964],
         [ 0.0000,  0.0000,  0.0000,  1.0000]]], device='cuda:0',
       grad_fn=<CopySlices>)
0:03:44.939359 - loss orn tensor([5.2000e-05], device='cuda:0', grad_fn=<MinBackward0>)
0:03:44.940019 - loss xy tensor([0.0015], device='cuda:0', grad_fn=<MinBackward0>)
0:03:44.940693 - loss z tensor([0.0015], device='cuda:0', grad_fn=<MinBackward0>)
  0%|                                       | 0/1 [00:00<?, ?it/s, loss=0.00304]100%|███████████████████████████████| 1/1 [00:00<00:00,  4.51it/s, loss=0.00304]100%|███████████████████████████████| 1/1 [00:00<00:00,  4.50it/s, loss=0.00304]
0:03:44.736217 - saving /home/ubuntu/synthetic_pose_estimation/cosypose/local_data/experiments/bracket_assembly_debug_nut_nosym_coarse_noaug--938962 424
  0%|                                                     | 0/1 [00:00<?, ?it/s]0:03:45.151466 - iteration 0
0:03:45.195072 - outputs, {'pose': tensor([[-0.9917, -0.7121,  0.2911,  0.5681, -0.5811, -0.3986,  3.6310, -1.1727,
          0.6186]], device='cuda:0', grad_fn=<AddmmBackward0>)}
0:03:45.196744 - model_outputs {'pose': tensor([[-0.9917, -0.7121,  0.2911,  0.5681, -0.5811, -0.3986,  3.6310, -1.1727,
          0.6186]], device='cuda:0', grad_fn=<AddmmBackward0>)}
0:03:45.197617 - K crop tensor([[[1.8837e+03, 0.0000e+00, 2.6629e+02],
         [0.0000e+00, 1.8837e+03, 8.7064e+01],
         [0.0000e+00, 0.0000e+00, 1.0000e+00]]], device='cuda:0')
0:03:45.198507 - TCO_input tensor([[[ 1.0000,  0.0000,  0.0000, -0.0176],
         [ 0.0000,  1.0000,  0.0000,  0.0053],
         [ 0.0000,  0.0000,  1.0000,  0.3096],
         [ 0.0000,  0.0000,  0.0000,  1.0000]]], device='cuda:0')
0:03:45.200062 - model tco output tensor([[[-0.7902,  0.4555,  0.4101, -0.0105],
         [-0.5673, -0.7967, -0.2082,  0.0032],
         [ 0.2319, -0.3972,  0.8880,  0.1915],
         [ 0.0000,  0.0000,  0.0000,  1.0000]]], device='cuda:0',
       grad_fn=<CopySlices>)
0:03:45.237704 - Wrote debug data: /home/ubuntu/synthetic_pose_estimation/cosypose/local_data/debug_data/debug_iter=1.pth.tar
0:03:45.450440 - TCO_input tensor([[[ 1.0000,  0.0000,  0.0000, -0.0176],
         [ 0.0000,  1.0000,  0.0000,  0.0053],
         [ 0.0000,  0.0000,  1.0000,  0.3096],
         [ 0.0000,  0.0000,  0.0000,  1.0000]]], device='cuda:0')
0:03:45.451435 - vxvyvz tensor([[ 3.6310, -1.1727,  0.6186]], device='cuda:0',
       grad_fn=<SliceBackward0>)
0:03:45.452455 - dR tensor([[[-0.7902,  0.4555,  0.4101],
         [-0.5673, -0.7967, -0.2082],
         [ 0.2319, -0.3972,  0.8880]]], device='cuda:0',
       grad_fn=<StackBackward0>)
0:03:45.453419 - fxfy tensor([[1883.6798, 1883.6798]], device='cuda:0')
0:03:45.455930 - TCO_gt tensor([[[-0.7893,  0.4511,  0.4165, -0.0100],
         [-0.5688, -0.7927, -0.2192,  0.0062],
         [ 0.2313, -0.4099,  0.8823,  0.1920],
         [ 0.0000,  0.0000,  0.0000,  1.0000]]], device='cuda:0')
0:03:45.456892 - TCO pred_orn tensor([[[-0.7902,  0.4555,  0.4101, -0.0100],
         [-0.5673, -0.7967, -0.2082,  0.0062],
         [ 0.2319, -0.3972,  0.8880,  0.1920],
         [ 0.0000,  0.0000,  0.0000,  1.0000]]], device='cuda:0',
       grad_fn=<CopySlices>)
0:03:45.457861 - TCO pred_xy tensor([[[-0.7893,  0.4511,  0.4165, -0.0105],
         [-0.5688, -0.7927, -0.2192,  0.0032],
         [ 0.2313, -0.4099,  0.8823,  0.1920],
         [ 0.0000,  0.0000,  0.0000,  1.0000]]], device='cuda:0',
       grad_fn=<CopySlices>)
0:03:45.458798 - TCO pred_z tensor([[[-0.7893,  0.4511,  0.4165, -0.0100],
         [-0.5688, -0.7927, -0.2192,  0.0062],
         [ 0.2313, -0.4099,  0.8823,  0.1915],
         [ 0.0000,  0.0000,  0.0000,  1.0000]]], device='cuda:0',
       grad_fn=<CopySlices>)
0:03:45.459463 - loss orn tensor([5.3912e-05], device='cuda:0', grad_fn=<MinBackward0>)
0:03:45.460131 - loss xy tensor([0.0012], device='cuda:0', grad_fn=<MinBackward0>)
0:03:45.460822 - loss z tensor([0.0001], device='cuda:0', grad_fn=<MinBackward0>)
  0%|                                       | 0/1 [00:00<?, ?it/s, loss=0.00136]100%|███████████████████████████████| 1/1 [00:00<00:00,  4.61it/s, loss=0.00136]100%|███████████████████████████████| 1/1 [00:00<00:00,  4.60it/s, loss=0.00136]
0:03:45.250499 - saving /home/ubuntu/synthetic_pose_estimation/cosypose/local_data/experiments/bracket_assembly_debug_nut_nosym_coarse_noaug--938962 425
  0%|                                                     | 0/1 [00:00<?, ?it/s]0:03:45.665968 - iteration 0
0:03:45.709607 - outputs, {'pose': tensor([[-0.9911, -0.7061,  0.2851,  0.5663, -0.5828, -0.4059,  3.6043, -1.1576,
          0.6028]], device='cuda:0', grad_fn=<AddmmBackward0>)}
0:03:45.711283 - model_outputs {'pose': tensor([[-0.9911, -0.7061,  0.2851,  0.5663, -0.5828, -0.4059,  3.6043, -1.1576,
          0.6028]], device='cuda:0', grad_fn=<AddmmBackward0>)}
0:03:45.712100 - K crop tensor([[[1.7784e+03, 0.0000e+00, 2.1622e+02],
         [0.0000e+00, 1.7784e+03, 6.4151e+01],
         [0.0000e+00, 0.0000e+00, 1.0000e+00]]], device='cuda:0')
0:03:45.713011 - TCO_input tensor([[[ 1.0000,  0.0000,  0.0000, -0.0094],
         [ 0.0000,  1.0000,  0.0000,  0.0092],
         [ 0.0000,  0.0000,  1.0000,  0.2943],
         [ 0.0000,  0.0000,  0.0000,  1.0000]]], device='cuda:0')
0:03:45.714580 - model tco output tensor([[[-0.7930,  0.4505,  0.4102, -0.0053],
         [-0.5650, -0.7958, -0.2182,  0.0054],
         [ 0.2281, -0.4047,  0.8855,  0.1774],
         [ 0.0000,  0.0000,  0.0000,  1.0000]]], device='cuda:0',
       grad_fn=<CopySlices>)
0:03:45.753616 - Wrote debug data: /home/ubuntu/synthetic_pose_estimation/cosypose/local_data/debug_data/debug_iter=1.pth.tar
0:03:45.969012 - TCO_input tensor([[[ 1.0000,  0.0000,  0.0000, -0.0094],
         [ 0.0000,  1.0000,  0.0000,  0.0092],
         [ 0.0000,  0.0000,  1.0000,  0.2943],
         [ 0.0000,  0.0000,  0.0000,  1.0000]]], device='cuda:0')
0:03:45.970061 - vxvyvz tensor([[ 3.6043, -1.1576,  0.6028]], device='cuda:0',
       grad_fn=<SliceBackward0>)
0:03:45.971102 - dR tensor([[[-0.7930,  0.4505,  0.4102],
         [-0.5650, -0.7958, -0.2182],
         [ 0.2281, -0.4047,  0.8855]]], device='cuda:0',
       grad_fn=<StackBackward0>)
0:03:45.971993 - fxfy tensor([[1778.4019, 1778.4021]], device='cuda:0')
0:03:45.974581 - TCO_gt tensor([[[-0.7893,  0.4511,  0.4165, -0.0100],
         [-0.5688, -0.7927, -0.2192,  0.0062],
         [ 0.2313, -0.4099,  0.8823,  0.1920],
         [ 0.0000,  0.0000,  0.0000,  1.0000]]], device='cuda:0')
0:03:45.975518 - TCO pred_orn tensor([[[-0.7930,  0.4505,  0.4102, -0.0100],
         [-0.5650, -0.7958, -0.2182,  0.0062],
         [ 0.2281, -0.4047,  0.8855,  0.1920],
         [ 0.0000,  0.0000,  0.0000,  1.0000]]], device='cuda:0',
       grad_fn=<CopySlices>)
0:03:45.976455 - TCO pred_xy tensor([[[-0.7893,  0.4511,  0.4165, -0.0057],
         [-0.5688, -0.7927, -0.2192,  0.0058],
         [ 0.2313, -0.4099,  0.8823,  0.1920],
         [ 0.0000,  0.0000,  0.0000,  1.0000]]], device='cuda:0',
       grad_fn=<CopySlices>)
0:03:45.977426 - TCO pred_z tensor([[[-0.7893,  0.4511,  0.4165, -0.0100],
         [-0.5688, -0.7927, -0.2192,  0.0062],
         [ 0.2313, -0.4099,  0.8823,  0.1774],
         [ 0.0000,  0.0000,  0.0000,  1.0000]]], device='cuda:0',
       grad_fn=<CopySlices>)
0:03:45.978091 - loss orn tensor([3.2407e-05], device='cuda:0', grad_fn=<MinBackward0>)
0:03:45.978757 - loss xy tensor([0.0015], device='cuda:0', grad_fn=<MinBackward0>)
0:03:45.979437 - loss z tensor([0.0049], device='cuda:0', grad_fn=<MinBackward0>)
  0%|                                       | 0/1 [00:00<?, ?it/s, loss=0.00642]100%|███████████████████████████████| 1/1 [00:00<00:00,  4.47it/s, loss=0.00642]100%|███████████████████████████████| 1/1 [00:00<00:00,  4.46it/s, loss=0.00642]
0:03:45.745860 - saving /home/ubuntu/synthetic_pose_estimation/cosypose/local_data/experiments/bracket_assembly_debug_nut_nosym_coarse_noaug--938962 426
  0%|                                                     | 0/1 [00:00<?, ?it/s]0:03:46.160982 - iteration 0
0:03:46.204104 - outputs, {'pose': tensor([[-0.9966, -0.7203,  0.2790,  0.5648, -0.5838, -0.4064,  3.6309, -1.1595,
          0.6080]], device='cuda:0', grad_fn=<AddmmBackward0>)}
0:03:46.205823 - model_outputs {'pose': tensor([[-0.9966, -0.7203,  0.2790,  0.5648, -0.5838, -0.4064,  3.6309, -1.1595,
          0.6080]], device='cuda:0', grad_fn=<AddmmBackward0>)}
0:03:46.206670 - K crop tensor([[[1.8895e+03, 0.0000e+00, 2.4926e+02],
         [0.0000e+00, 1.8895e+03, 4.8053e+01],
         [0.0000e+00, 0.0000e+00, 1.0000e+00]]], device='cuda:0')
0:03:46.207564 - TCO_input tensor([[[ 1.0000,  0.0000,  0.0000, -0.0149],
         [ 0.0000,  1.0000,  0.0000,  0.0118],
         [ 0.0000,  0.0000,  1.0000,  0.3132],
         [ 0.0000,  0.0000,  0.0000,  1.0000]]], device='cuda:0')
0:03:46.208503 - model tco output tensor([[[-0.7904,  0.4569,  0.4081, -0.0087],
         [-0.5713, -0.7903, -0.2216,  0.0071],
         [ 0.2213, -0.4083,  0.8856,  0.1904],
         [ 0.0000,  0.0000,  0.0000,  1.0000]]], device='cuda:0',
       grad_fn=<CopySlices>)
0:03:46.249952 - Wrote debug data: /home/ubuntu/synthetic_pose_estimation/cosypose/local_data/debug_data/debug_iter=1.pth.tar
0:03:46.462128 - TCO_input tensor([[[ 1.0000,  0.0000,  0.0000, -0.0149],
         [ 0.0000,  1.0000,  0.0000,  0.0118],
         [ 0.0000,  0.0000,  1.0000,  0.3132],
         [ 0.0000,  0.0000,  0.0000,  1.0000]]], device='cuda:0')
0:03:46.463191 - vxvyvz tensor([[ 3.6309, -1.1595,  0.6080]], device='cuda:0',
       grad_fn=<SliceBackward0>)
0:03:46.464216 - dR tensor([[[-0.7904,  0.4569,  0.4081],
         [-0.5713, -0.7903, -0.2216],
         [ 0.2213, -0.4083,  0.8856]]], device='cuda:0',
       grad_fn=<StackBackward0>)
0:03:46.465163 - fxfy tensor([[1889.4589, 1889.4589]], device='cuda:0')
0:03:46.467724 - TCO_gt tensor([[[-0.7893,  0.4511,  0.4165, -0.0100],
         [-0.5688, -0.7927, -0.2192,  0.0062],
         [ 0.2313, -0.4099,  0.8823,  0.1920],
         [ 0.0000,  0.0000,  0.0000,  1.0000]]], device='cuda:0')
0:03:46.468677 - TCO pred_orn tensor([[[-0.7904,  0.4569,  0.4081, -0.0100],
         [-0.5713, -0.7903, -0.2216,  0.0062],
         [ 0.2213, -0.4083,  0.8856,  0.1920],
         [ 0.0000,  0.0000,  0.0000,  1.0000]]], device='cuda:0',
       grad_fn=<CopySlices>)
0:03:46.469654 - TCO pred_xy tensor([[[-0.7893,  0.4511,  0.4165, -0.0088],
         [-0.5688, -0.7927, -0.2192,  0.0071],
         [ 0.2313, -0.4099,  0.8823,  0.1920],
         [ 0.0000,  0.0000,  0.0000,  1.0000]]], device='cuda:0',
       grad_fn=<CopySlices>)
0:03:46.470596 - TCO pred_z tensor([[[-0.7893,  0.4511,  0.4165, -0.0100],
         [-0.5688, -0.7927, -0.2192,  0.0062],
         [ 0.2313, -0.4099,  0.8823,  0.1904],
         [ 0.0000,  0.0000,  0.0000,  1.0000]]], device='cuda:0',
       grad_fn=<CopySlices>)
0:03:46.471263 - loss orn tensor([4.2341e-05], device='cuda:0', grad_fn=<MinBackward0>)
0:03:46.471928 - loss xy tensor([0.0007], device='cuda:0', grad_fn=<MinBackward0>)
0:03:46.472586 - loss z tensor([0.0005], device='cuda:0', grad_fn=<MinBackward0>)
  0%|                                       | 0/1 [00:00<?, ?it/s, loss=0.00131]100%|███████████████████████████████| 1/1 [00:00<00:00,  4.55it/s, loss=0.00131]100%|███████████████████████████████| 1/1 [00:00<00:00,  4.54it/s, loss=0.00131]
0:03:46.237231 - saving /home/ubuntu/synthetic_pose_estimation/cosypose/local_data/experiments/bracket_assembly_debug_nut_nosym_coarse_noaug--938962 427
  0%|                                                     | 0/1 [00:00<?, ?it/s]0:03:46.652529 - iteration 0
0:03:46.696749 - outputs, {'pose': tensor([[-0.9979, -0.7169,  0.2825,  0.5560, -0.5871, -0.4061,  3.6292, -1.1570,
          0.6030]], device='cuda:0', grad_fn=<AddmmBackward0>)}
0:03:46.698424 - model_outputs {'pose': tensor([[-0.9979, -0.7169,  0.2825,  0.5560, -0.5871, -0.4061,  3.6292, -1.1570,
          0.6030]], device='cuda:0', grad_fn=<AddmmBackward0>)}
0:03:46.699218 - K crop tensor([[[1.8722e+03, 0.0000e+00, 2.9260e+02],
         [0.0000e+00, 1.8722e+03, 4.1188e+01],
         [0.0000e+00, 0.0000e+00, 1.0000e+00]]], device='cuda:0')
0:03:46.700065 - TCO_input tensor([[[ 1.0000,  0.0000,  0.0000, -0.0221],
         [ 0.0000,  1.0000,  0.0000,  0.0130],
         [ 0.0000,  0.0000,  1.0000,  0.3108],
         [ 0.0000,  0.0000,  0.0000,  1.0000]]], device='cuda:0')
0:03:46.701565 - model tco output tensor([[[-0.7915,  0.4528,  0.4105, -0.0130],
         [-0.5686, -0.7918, -0.2229,  0.0077],
         [ 0.2241, -0.4098,  0.8842,  0.1874],
         [ 0.0000,  0.0000,  0.0000,  1.0000]]], device='cuda:0',
       grad_fn=<CopySlices>)
0:03:46.740366 - Wrote debug data: /home/ubuntu/synthetic_pose_estimation/cosypose/local_data/debug_data/debug_iter=1.pth.tar
0:03:46.954104 - TCO_input tensor([[[ 1.0000,  0.0000,  0.0000, -0.0221],
         [ 0.0000,  1.0000,  0.0000,  0.0130],
         [ 0.0000,  0.0000,  1.0000,  0.3108],
         [ 0.0000,  0.0000,  0.0000,  1.0000]]], device='cuda:0')
0:03:46.955236 - vxvyvz tensor([[ 3.6292, -1.1570,  0.6030]], device='cuda:0',
       grad_fn=<SliceBackward0>)
0:03:46.956301 - dR tensor([[[-0.7915,  0.4528,  0.4105],
         [-0.5686, -0.7918, -0.2229],
         [ 0.2241, -0.4098,  0.8842]]], device='cuda:0',
       grad_fn=<StackBackward0>)
0:03:46.957179 - fxfy tensor([[1872.1610, 1872.1614]], device='cuda:0')
0:03:46.959780 - TCO_gt tensor([[[-0.7893,  0.4511,  0.4165, -0.0100],
         [-0.5688, -0.7927, -0.2192,  0.0062],
         [ 0.2313, -0.4099,  0.8823,  0.1920],
         [ 0.0000,  0.0000,  0.0000,  1.0000]]], device='cuda:0')
0:03:46.960703 - TCO pred_orn tensor([[[-0.7915,  0.4528,  0.4105, -0.0100],
         [-0.5686, -0.7918, -0.2229,  0.0062],
         [ 0.2241, -0.4098,  0.8842,  0.1920],
         [ 0.0000,  0.0000,  0.0000,  1.0000]]], device='cuda:0',
       grad_fn=<CopySlices>)
0:03:46.961646 - TCO pred_xy tensor([[[-0.7893,  0.4511,  0.4165, -0.0133],
         [-0.5688, -0.7927, -0.2192,  0.0079],
         [ 0.2313, -0.4099,  0.8823,  0.1920],
         [ 0.0000,  0.0000,  0.0000,  1.0000]]], device='cuda:0',
       grad_fn=<CopySlices>)
0:03:46.962555 - TCO pred_z tensor([[[-0.7893,  0.4511,  0.4165, -0.0100],
         [-0.5688, -0.7927, -0.2192,  0.0062],
         [ 0.2313, -0.4099,  0.8823,  0.1874],
         [ 0.0000,  0.0000,  0.0000,  1.0000]]], device='cuda:0',
       grad_fn=<CopySlices>)
0:03:46.963263 - loss orn tensor([2.9265e-05], device='cuda:0', grad_fn=<MinBackward0>)
0:03:46.964071 - loss xy tensor([0.0017], device='cuda:0', grad_fn=<MinBackward0>)
0:03:46.964876 - loss z tensor([0.0015], device='cuda:0', grad_fn=<MinBackward0>)
  0%|                                       | 0/1 [00:00<?, ?it/s, loss=0.00321]100%|███████████████████████████████| 1/1 [00:00<00:00,  4.53it/s, loss=0.00321]100%|███████████████████████████████| 1/1 [00:00<00:00,  4.52it/s, loss=0.00321]
0:03:46.736063 - saving /home/ubuntu/synthetic_pose_estimation/cosypose/local_data/experiments/bracket_assembly_debug_nut_nosym_coarse_noaug--938962 428
  0%|                                                     | 0/1 [00:00<?, ?it/s]0:03:47.151451 - iteration 0
0:03:47.198574 - outputs, {'pose': tensor([[-0.9868, -0.7221,  0.2871,  0.5536, -0.5828, -0.4109,  3.6300, -1.1553,
          0.6133]], device='cuda:0', grad_fn=<AddmmBackward0>)}
0:03:47.200222 - model_outputs {'pose': tensor([[-0.9868, -0.7221,  0.2871,  0.5536, -0.5828, -0.4109,  3.6300, -1.1553,
          0.6133]], device='cuda:0', grad_fn=<AddmmBackward0>)}
0:03:47.201018 - K crop tensor([[[1.9033e+03, 0.0000e+00, 3.1779e+02],
         [0.0000e+00, 1.9033e+03, 6.5624e+01],
         [0.0000e+00, 0.0000e+00, 1.0000e+00]]], device='cuda:0')
0:03:47.201882 - TCO_input tensor([[[ 1.0000,  0.0000,  0.0000, -0.0261],
         [ 0.0000,  1.0000,  0.0000,  0.0089],
         [ 0.0000,  0.0000,  1.0000,  0.3142],
         [ 0.0000,  0.0000,  0.0000,  1.0000]]], device='cuda:0')
0:03:47.202770 - model tco output tensor([[[-0.7856,  0.4552,  0.4190, -0.0157],
         [-0.5749, -0.7874, -0.2226,  0.0053],
         [ 0.2286, -0.4158,  0.8803,  0.1927],
         [ 0.0000,  0.0000,  0.0000,  1.0000]]], device='cuda:0',
       grad_fn=<CopySlices>)
0:03:47.241632 - Wrote debug data: /home/ubuntu/synthetic_pose_estimation/cosypose/local_data/debug_data/debug_iter=1.pth.tar
0:03:47.454358 - TCO_input tensor([[[ 1.0000,  0.0000,  0.0000, -0.0261],
         [ 0.0000,  1.0000,  0.0000,  0.0089],
         [ 0.0000,  0.0000,  1.0000,  0.3142],
         [ 0.0000,  0.0000,  0.0000,  1.0000]]], device='cuda:0')
0:03:47.455541 - vxvyvz tensor([[ 3.6300, -1.1553,  0.6133]], device='cuda:0',
       grad_fn=<SliceBackward0>)
0:03:47.456573 - dR tensor([[[-0.7856,  0.4552,  0.4190],
         [-0.5749, -0.7874, -0.2226],
         [ 0.2286, -0.4158,  0.8803]]], device='cuda:0',
       grad_fn=<StackBackward0>)
0:03:47.457523 - fxfy tensor([[1903.2927, 1903.2924]], device='cuda:0')
0:03:47.460057 - TCO_gt tensor([[[-0.7893,  0.4511,  0.4165, -0.0100],
         [-0.5688, -0.7927, -0.2192,  0.0062],
         [ 0.2313, -0.4099,  0.8823,  0.1920],
         [ 0.0000,  0.0000,  0.0000,  1.0000]]], device='cuda:0')
0:03:47.461022 - TCO pred_orn tensor([[[-0.7856,  0.4552,  0.4190, -0.0100],
         [-0.5749, -0.7874, -0.2226,  0.0062],
         [ 0.2286, -0.4158,  0.8803,  0.1920],
         [ 0.0000,  0.0000,  0.0000,  1.0000]]], device='cuda:0',
       grad_fn=<CopySlices>)
0:03:47.461977 - TCO pred_xy tensor([[[-0.7893,  0.4511,  0.4165, -0.0156],
         [-0.5688, -0.7927, -0.2192,  0.0053],
         [ 0.2313, -0.4099,  0.8823,  0.1920],
         [ 0.0000,  0.0000,  0.0000,  1.0000]]], device='cuda:0',
       grad_fn=<CopySlices>)
0:03:47.462901 - TCO pred_z tensor([[[-0.7893,  0.4511,  0.4165, -0.0100],
         [-0.5688, -0.7927, -0.2192,  0.0062],
         [ 0.2313, -0.4099,  0.8823,  0.1927],
         [ 0.0000,  0.0000,  0.0000,  1.0000]]], device='cuda:0',
       grad_fn=<CopySlices>)
0:03:47.463536 - loss orn tensor([4.0045e-05], device='cuda:0', grad_fn=<MinBackward0>)
0:03:47.464173 - loss xy tensor([0.0022], device='cuda:0', grad_fn=<MinBackward0>)
0:03:47.464802 - loss z tensor([0.0002], device='cuda:0', grad_fn=<MinBackward0>)
  0%|                                       | 0/1 [00:00<?, ?it/s, loss=0.00244]100%|███████████████████████████████| 1/1 [00:00<00:00,  4.44it/s, loss=0.00244]100%|███████████████████████████████| 1/1 [00:00<00:00,  4.43it/s, loss=0.00244]
0:03:47.249306 - saving /home/ubuntu/synthetic_pose_estimation/cosypose/local_data/experiments/bracket_assembly_debug_nut_nosym_coarse_noaug--938962 429
  0%|                                                     | 0/1 [00:00<?, ?it/s]0:03:47.664798 - iteration 0
0:03:47.708429 - outputs, {'pose': tensor([[-0.9877, -0.7170,  0.2918,  0.5525, -0.5730, -0.4162,  3.6260, -1.1495,
          0.6032]], device='cuda:0', grad_fn=<AddmmBackward0>)}
0:03:47.710063 - model_outputs {'pose': tensor([[-0.9877, -0.7170,  0.2918,  0.5525, -0.5730, -0.4162,  3.6260, -1.1495,
          0.6032]], device='cuda:0', grad_fn=<AddmmBackward0>)}
0:03:47.710829 - K crop tensor([[[2.0074e+03, 0.0000e+00, 2.4389e+02],
         [0.0000e+00, 2.0074e+03, 1.2160e+02],
         [0.0000e+00, 0.0000e+00, 1.0000e+00]]], device='cuda:0')
0:03:47.711648 - TCO_input tensor([[[ 1.0000e+00,  0.0000e+00,  0.0000e+00, -1.3771e-02],
         [ 0.0000e+00,  1.0000e+00,  0.0000e+00, -3.4345e-04],
         [ 0.0000e+00,  0.0000e+00,  1.0000e+00,  3.2758e-01],
         [ 0.0000e+00,  0.0000e+00,  0.0000e+00,  1.0000e+00]]],
       device='cuda:0')
0:03:47.713246 - model tco output tensor([[[-7.8707e-01,  4.4788e-01,  4.2417e-01, -7.9500e-03],
         [-5.7136e-01, -7.8850e-01, -2.2762e-01, -3.2033e-04],
         [ 2.3252e-01, -4.2151e-01,  8.7651e-01,  1.9760e-01],
         [ 0.0000e+00,  0.0000e+00,  0.0000e+00,  1.0000e+00]]],
       device='cuda:0', grad_fn=<CopySlices>)
0:03:47.755521 - Wrote debug data: /home/ubuntu/synthetic_pose_estimation/cosypose/local_data/debug_data/debug_iter=1.pth.tar
0:03:47.967280 - TCO_input tensor([[[ 1.0000e+00,  0.0000e+00,  0.0000e+00, -1.3771e-02],
         [ 0.0000e+00,  1.0000e+00,  0.0000e+00, -3.4345e-04],
         [ 0.0000e+00,  0.0000e+00,  1.0000e+00,  3.2758e-01],
         [ 0.0000e+00,  0.0000e+00,  0.0000e+00,  1.0000e+00]]],
       device='cuda:0')
0:03:47.968294 - vxvyvz tensor([[ 3.6260, -1.1495,  0.6032]], device='cuda:0',
       grad_fn=<SliceBackward0>)
0:03:47.969348 - dR tensor([[[-0.7871,  0.4479,  0.4242],
         [-0.5714, -0.7885, -0.2276],
         [ 0.2325, -0.4215,  0.8765]]], device='cuda:0',
       grad_fn=<StackBackward0>)
0:03:47.970217 - fxfy tensor([[2007.3782, 2007.3784]], device='cuda:0')
0:03:47.972708 - TCO_gt tensor([[[-0.7893,  0.4511,  0.4165, -0.0100],
         [-0.5688, -0.7927, -0.2192,  0.0062],
         [ 0.2313, -0.4099,  0.8823,  0.1920],
         [ 0.0000,  0.0000,  0.0000,  1.0000]]], device='cuda:0')
0:03:47.973651 - TCO pred_orn tensor([[[-0.7871,  0.4479,  0.4242, -0.0100],
         [-0.5714, -0.7885, -0.2276,  0.0062],
         [ 0.2325, -0.4215,  0.8765,  0.1920],
         [ 0.0000,  0.0000,  0.0000,  1.0000]]], device='cuda:0',
       grad_fn=<CopySlices>)
0:03:47.974544 - TCO pred_xy tensor([[[-7.8929e-01,  4.5115e-01,  4.1651e-01, -7.7234e-03],
         [-5.6879e-01, -7.9274e-01, -2.1920e-01, -3.1120e-04],
         [ 2.3129e-01, -4.0992e-01,  8.8231e-01,  1.9197e-01],
         [ 0.0000e+00,  0.0000e+00,  0.0000e+00,  1.0000e+00]]],
       device='cuda:0', grad_fn=<CopySlices>)
0:03:47.975475 - TCO pred_z tensor([[[-0.7893,  0.4511,  0.4165, -0.0100],
         [-0.5688, -0.7927, -0.2192,  0.0062],
         [ 0.2313, -0.4099,  0.8823,  0.1976],
         [ 0.0000,  0.0000,  0.0000,  1.0000]]], device='cuda:0',
       grad_fn=<CopySlices>)
0:03:47.976127 - loss orn tensor([4.9427e-05], device='cuda:0', grad_fn=<MinBackward0>)
0:03:47.976753 - loss xy tensor([0.0029], device='cuda:0', grad_fn=<MinBackward0>)
0:03:47.977391 - loss z tensor([0.0019], device='cuda:0', grad_fn=<MinBackward0>)
  0%|                                       | 0/1 [00:00<?, ?it/s, loss=0.00485]100%|███████████████████████████████| 1/1 [00:00<00:00,  4.55it/s, loss=0.00485]100%|███████████████████████████████| 1/1 [00:00<00:00,  4.54it/s, loss=0.00485]
  0%|                                                     | 0/1 [00:00<?, ?it/s]0:03:47.883792 - iteration 0
0:03:47.922106 - outputs, {'pose': tensor([[-0.5547, -0.2198,  0.1346,  0.3751, -0.2358, -0.0526,  1.2928, -0.5288,
          0.3319]], device='cuda:0')}
0:03:47.923638 - model_outputs {'pose': tensor([[-0.5547, -0.2198,  0.1346,  0.3751, -0.2358, -0.0526,  1.2928, -0.5288,
          0.3319]], device='cuda:0')}
0:03:47.924440 - K crop tensor([[[1.8223e+03, 0.0000e+00, 2.7315e+02],
         [0.0000e+00, 1.8223e+03, 7.3086e+01],
         [0.0000e+00, 0.0000e+00, 1.0000e+00]]], device='cuda:0')
0:03:47.925337 - TCO_input tensor([[[ 1.0000,  0.0000,  0.0000, -0.0188],
         [ 0.0000,  1.0000,  0.0000,  0.0077],
         [ 0.0000,  0.0000,  1.0000,  0.3007],
         [ 0.0000,  0.0000,  0.0000,  1.0000]]], device='cuda:0')
0:03:47.926278 - model tco output tensor([[[-0.9069,  0.3719,  0.1980, -0.0062],
         [-0.3594, -0.9281,  0.0973,  0.0025],
         [ 0.2200,  0.0171,  0.9754,  0.0998],
         [ 0.0000,  0.0000,  0.0000,  1.0000]]], device='cuda:0')
0:03:47.964596 - Wrote debug data: /home/ubuntu/synthetic_pose_estimation/cosypose/local_data/debug_data/debug_iter=1.pth.tar
0:03:48.177224 - TCO_input tensor([[[ 1.0000,  0.0000,  0.0000, -0.0188],
         [ 0.0000,  1.0000,  0.0000,  0.0077],
         [ 0.0000,  0.0000,  1.0000,  0.3007],
         [ 0.0000,  0.0000,  0.0000,  1.0000]]], device='cuda:0')
0:03:48.178286 - vxvyvz tensor([[ 1.2928, -0.5288,  0.3319]], device='cuda:0')
0:03:48.179317 - dR tensor([[[-0.9069,  0.3719,  0.1980],
         [-0.3594, -0.9281,  0.0973],
         [ 0.2200,  0.0171,  0.9754]]], device='cuda:0')
0:03:48.180205 - fxfy tensor([[1822.3156, 1822.3159]], device='cuda:0')
0:03:48.182641 - TCO_gt tensor([[[-0.7893,  0.4511,  0.4165, -0.0100],
         [-0.5688, -0.7927, -0.2192,  0.0062],
         [ 0.2313, -0.4099,  0.8823,  0.1920],
         [ 0.0000,  0.0000,  0.0000,  1.0000]]], device='cuda:0')
0:03:48.183581 - TCO pred_orn tensor([[[-0.9069,  0.3719,  0.1980, -0.0100],
         [-0.3594, -0.9281,  0.0973,  0.0062],
         [ 0.2200,  0.0171,  0.9754,  0.1920],
         [ 0.0000,  0.0000,  0.0000,  1.0000]]], device='cuda:0')
0:03:48.184494 - TCO pred_xy tensor([[[-0.7893,  0.4511,  0.4165, -0.0118],
         [-0.5688, -0.7927, -0.2192,  0.0048],
         [ 0.2313, -0.4099,  0.8823,  0.1920],
         [ 0.0000,  0.0000,  0.0000,  1.0000]]], device='cuda:0')
0:03:48.185462 - TCO pred_z tensor([[[-0.7893,  0.4511,  0.4165, -0.0100],
         [-0.5688, -0.7927, -0.2192,  0.0062],
         [ 0.2313, -0.4099,  0.8823,  0.0998],
         [ 0.0000,  0.0000,  0.0000,  1.0000]]], device='cuda:0')
0:03:48.186133 - loss orn tensor([0.0018], device='cuda:0')
0:03:48.186805 - loss xy tensor([0.0011], device='cuda:0')
0:03:48.187461 - loss z tensor([0.0307], device='cuda:0')
100%|█████████████████████████████████████████████| 1/1 [00:00<00:00,  8.17it/s]100%|█████████████████████████████████████████████| 1/1 [00:00<00:00,  8.15it/s]
0:03:47.877557 - saving /home/ubuntu/synthetic_pose_estimation/cosypose/local_data/experiments/bracket_assembly_debug_nut_nosym_coarse_noaug--938962 430
  0%|                                                     | 0/1 [00:00<?, ?it/s]0:03:48.289518 - iteration 0
0:03:48.332621 - outputs, {'pose': tensor([[-0.9961, -0.7119,  0.3058,  0.5617, -0.5819, -0.4136,  3.6475, -1.1409,
          0.5995]], device='cuda:0', grad_fn=<AddmmBackward0>)}
0:03:48.334288 - model_outputs {'pose': tensor([[-0.9961, -0.7119,  0.3058,  0.5617, -0.5819, -0.4136,  3.6475, -1.1409,
          0.5995]], device='cuda:0', grad_fn=<AddmmBackward0>)}
0:03:48.335113 - K crop tensor([[[1.4437e+03, 0.0000e+00, 2.0991e+02],
         [0.0000e+00, 1.4437e+03, 6.1658e+01],
         [0.0000e+00, 0.0000e+00, 1.0000e+00]]], device='cuda:0')
0:03:48.336002 - TCO_input tensor([[[ 1.0000,  0.0000,  0.0000, -0.0084],
         [ 0.0000,  1.0000,  0.0000,  0.0096],
         [ 0.0000,  0.0000,  1.0000,  0.2408],
         [ 0.0000,  0.0000,  0.0000,  1.0000]]], device='cuda:0')
0:03:48.336933 - model tco output tensor([[[-0.7893,  0.4439,  0.4241, -0.0047],
         [-0.5641, -0.7970, -0.2157,  0.0057],
         [ 0.2423, -0.4095,  0.8795,  0.1444],
         [ 0.0000,  0.0000,  0.0000,  1.0000]]], device='cuda:0',
       grad_fn=<CopySlices>)
0:03:48.377175 - Wrote debug data: /home/ubuntu/synthetic_pose_estimation/cosypose/local_data/debug_data/debug_iter=1.pth.tar
0:03:48.589682 - TCO_input tensor([[[ 1.0000,  0.0000,  0.0000, -0.0084],
         [ 0.0000,  1.0000,  0.0000,  0.0096],
         [ 0.0000,  0.0000,  1.0000,  0.2408],
         [ 0.0000,  0.0000,  0.0000,  1.0000]]], device='cuda:0')
0:03:48.590729 - vxvyvz tensor([[ 3.6475, -1.1409,  0.5995]], device='cuda:0',
       grad_fn=<SliceBackward0>)
0:03:48.591767 - dR tensor([[[-0.7893,  0.4439,  0.4241],
         [-0.5641, -0.7970, -0.2157],
         [ 0.2423, -0.4095,  0.8795]]], device='cuda:0',
       grad_fn=<StackBackward0>)
0:03:48.592698 - fxfy tensor([[1443.7240, 1443.7239]], device='cuda:0')
0:03:48.595279 - TCO_gt tensor([[[-0.7893,  0.4511,  0.4165, -0.0100],
         [-0.5688, -0.7927, -0.2192,  0.0062],
         [ 0.2313, -0.4099,  0.8823,  0.1920],
         [ 0.0000,  0.0000,  0.0000,  1.0000]]], device='cuda:0')
0:03:48.596234 - TCO pred_orn tensor([[[-0.7893,  0.4439,  0.4241, -0.0100],
         [-0.5641, -0.7970, -0.2157,  0.0062],
         [ 0.2423, -0.4095,  0.8795,  0.1920],
         [ 0.0000,  0.0000,  0.0000,  1.0000]]], device='cuda:0',
       grad_fn=<CopySlices>)
0:03:48.597190 - TCO pred_xy tensor([[[-0.7893,  0.4511,  0.4165, -0.0062],
         [-0.5688, -0.7927, -0.2192,  0.0075],
         [ 0.2313, -0.4099,  0.8823,  0.1920],
         [ 0.0000,  0.0000,  0.0000,  1.0000]]], device='cuda:0',
       grad_fn=<CopySlices>)
0:03:48.598159 - TCO pred_z tensor([[[-0.7893,  0.4511,  0.4165, -0.0100],
         [-0.5688, -0.7927, -0.2192,  0.0062],
         [ 0.2313, -0.4099,  0.8823,  0.1444],
         [ 0.0000,  0.0000,  0.0000,  1.0000]]], device='cuda:0',
       grad_fn=<CopySlices>)
0:03:48.598852 - loss orn tensor([5.1697e-05], device='cuda:0', grad_fn=<MinBackward0>)
0:03:48.599510 - loss xy tensor([0.0017], device='cuda:0', grad_fn=<MinBackward0>)
0:03:48.600166 - loss z tensor([0.0159], device='cuda:0', grad_fn=<MinBackward0>)
  0%|                                        | 0/1 [00:00<?, ?it/s, loss=0.0176]100%|████████████████████████████████| 1/1 [00:00<00:00,  4.61it/s, loss=0.0176]100%|████████████████████████████████| 1/1 [00:00<00:00,  4.60it/s, loss=0.0176]
0:03:48.372189 - saving /home/ubuntu/synthetic_pose_estimation/cosypose/local_data/experiments/bracket_assembly_debug_nut_nosym_coarse_noaug--938962 431
  0%|                                                     | 0/1 [00:00<?, ?it/s]0:03:48.787118 - iteration 0
0:03:48.830393 - outputs, {'pose': tensor([[-0.9977, -0.7141,  0.3001,  0.5648, -0.5824, -0.4153,  3.6320, -1.1440,
          0.6065]], device='cuda:0', grad_fn=<AddmmBackward0>)}
0:03:48.831984 - model_outputs {'pose': tensor([[-0.9977, -0.7141,  0.3001,  0.5648, -0.5824, -0.4153,  3.6320, -1.1440,
          0.6065]], device='cuda:0', grad_fn=<AddmmBackward0>)}
0:03:48.832752 - K crop tensor([[[1.8593e+03, 0.0000e+00, 3.0037e+02],
         [0.0000e+00, 1.8593e+03, 5.1547e+01],
         [0.0000e+00, 0.0000e+00, 1.0000e+00]]], device='cuda:0')
0:03:48.833631 - TCO_input tensor([[[ 1.0000,  0.0000,  0.0000, -0.0233],
         [ 0.0000,  1.0000,  0.0000,  0.0113],
         [ 0.0000,  0.0000,  1.0000,  0.3081],
         [ 0.0000,  0.0000,  0.0000,  1.0000]]], device='cuda:0')
0:03:48.834519 - model tco output tensor([[[-0.7899,  0.4456,  0.4214, -0.0138],
         [-0.5654, -0.7952, -0.2189,  0.0067],
         [ 0.2376, -0.4112,  0.8801,  0.1868],
         [ 0.0000,  0.0000,  0.0000,  1.0000]]], device='cuda:0',
       grad_fn=<CopySlices>)
0:03:48.873170 - Wrote debug data: /home/ubuntu/synthetic_pose_estimation/cosypose/local_data/debug_data/debug_iter=1.pth.tar
0:03:49.084245 - TCO_input tensor([[[ 1.0000,  0.0000,  0.0000, -0.0233],
         [ 0.0000,  1.0000,  0.0000,  0.0113],
         [ 0.0000,  0.0000,  1.0000,  0.3081],
         [ 0.0000,  0.0000,  0.0000,  1.0000]]], device='cuda:0')
0:03:49.085213 - vxvyvz tensor([[ 3.6320, -1.1440,  0.6065]], device='cuda:0',
       grad_fn=<SliceBackward0>)
0:03:49.086218 - dR tensor([[[-0.7899,  0.4456,  0.4214],
         [-0.5654, -0.7952, -0.2189],
         [ 0.2376, -0.4112,  0.8801]]], device='cuda:0',
       grad_fn=<StackBackward0>)
0:03:49.087063 - fxfy tensor([[1859.2593, 1859.2592]], device='cuda:0')
0:03:49.089584 - TCO_gt tensor([[[-0.7893,  0.4511,  0.4165, -0.0100],
         [-0.5688, -0.7927, -0.2192,  0.0062],
         [ 0.2313, -0.4099,  0.8823,  0.1920],
         [ 0.0000,  0.0000,  0.0000,  1.0000]]], device='cuda:0')
0:03:49.090500 - TCO pred_orn tensor([[[-0.7899,  0.4456,  0.4214, -0.0100],
         [-0.5654, -0.7952, -0.2189,  0.0062],
         [ 0.2376, -0.4112,  0.8801,  0.1920],
         [ 0.0000,  0.0000,  0.0000,  1.0000]]], device='cuda:0',
       grad_fn=<CopySlices>)
0:03:49.091392 - TCO pred_xy tensor([[[-0.7893,  0.4511,  0.4165, -0.0142],
         [-0.5688, -0.7927, -0.2192,  0.0069],
         [ 0.2313, -0.4099,  0.8823,  0.1920],
         [ 0.0000,  0.0000,  0.0000,  1.0000]]], device='cuda:0',
       grad_fn=<CopySlices>)
0:03:49.092291 - TCO pred_z tensor([[[-0.7893,  0.4511,  0.4165, -0.0100],
         [-0.5688, -0.7927, -0.2192,  0.0062],
         [ 0.2313, -0.4099,  0.8823,  0.1868],
         [ 0.0000,  0.0000,  0.0000,  1.0000]]], device='cuda:0',
       grad_fn=<CopySlices>)
0:03:49.092952 - loss orn tensor([3.3598e-05], device='cuda:0', grad_fn=<MinBackward0>)
0:03:49.093605 - loss xy tensor([0.0016], device='cuda:0', grad_fn=<MinBackward0>)
0:03:49.094218 - loss z tensor([0.0017], device='cuda:0', grad_fn=<MinBackward0>)
  0%|                                       | 0/1 [00:00<?, ?it/s, loss=0.00337]100%|███████████████████████████████| 1/1 [00:00<00:00,  4.66it/s, loss=0.00337]100%|███████████████████████████████| 1/1 [00:00<00:00,  4.65it/s, loss=0.00337]
0:03:48.868623 - saving /home/ubuntu/synthetic_pose_estimation/cosypose/local_data/experiments/bracket_assembly_debug_nut_nosym_coarse_noaug--938962 432
  0%|                                                     | 0/1 [00:00<?, ?it/s]0:03:49.283786 - iteration 0
0:03:49.327199 - outputs, {'pose': tensor([[-0.9912, -0.7145,  0.2916,  0.5608, -0.5820, -0.4115,  3.6251, -1.1477,
          0.6038]], device='cuda:0', grad_fn=<AddmmBackward0>)}
0:03:49.328718 - model_outputs {'pose': tensor([[-0.9912, -0.7145,  0.2916,  0.5608, -0.5820, -0.4115,  3.6251, -1.1477,
          0.6038]], device='cuda:0', grad_fn=<AddmmBackward0>)}
0:03:49.329509 - K crop tensor([[[1.6737e+03, 0.0000e+00, 2.6182e+02],
         [0.0000e+00, 1.6737e+03, 6.8930e+01],
         [0.0000e+00, 0.0000e+00, 1.0000e+00]]], device='cuda:0')
0:03:49.330347 - TCO_input tensor([[[ 1.0000,  0.0000,  0.0000, -0.0169],
         [ 0.0000,  1.0000,  0.0000,  0.0084],
         [ 0.0000,  0.0000,  1.0000,  0.2772],
         [ 0.0000,  0.0000,  0.0000,  1.0000]]], device='cuda:0')
0:03:49.331781 - model tco output tensor([[[-0.7891,  0.4501,  0.4180, -0.0099],
         [-0.5688, -0.7924, -0.2203,  0.0049],
         [ 0.2321, -0.4116,  0.8813,  0.1674],
         [ 0.0000,  0.0000,  0.0000,  1.0000]]], device='cuda:0',
       grad_fn=<CopySlices>)
0:03:49.369988 - Wrote debug data: /home/ubuntu/synthetic_pose_estimation/cosypose/local_data/debug_data/debug_iter=1.pth.tar
0:03:49.582114 - TCO_input tensor([[[ 1.0000,  0.0000,  0.0000, -0.0169],
         [ 0.0000,  1.0000,  0.0000,  0.0084],
         [ 0.0000,  0.0000,  1.0000,  0.2772],
         [ 0.0000,  0.0000,  0.0000,  1.0000]]], device='cuda:0')
0:03:49.583068 - vxvyvz tensor([[ 3.6251, -1.1477,  0.6038]], device='cuda:0',
       grad_fn=<SliceBackward0>)
0:03:49.584047 - dR tensor([[[-0.7891,  0.4501,  0.4180],
         [-0.5688, -0.7924, -0.2203],
         [ 0.2321, -0.4116,  0.8813]]], device='cuda:0',
       grad_fn=<StackBackward0>)
0:03:49.584931 - fxfy tensor([[1673.6824, 1673.6821]], device='cuda:0')
0:03:49.587396 - TCO_gt tensor([[[-0.7893,  0.4511,  0.4165, -0.0100],
         [-0.5688, -0.7927, -0.2192,  0.0062],
         [ 0.2313, -0.4099,  0.8823,  0.1920],
         [ 0.0000,  0.0000,  0.0000,  1.0000]]], device='cuda:0')
0:03:49.588303 - TCO pred_orn tensor([[[-0.7891,  0.4501,  0.4180, -0.0100],
         [-0.5688, -0.7924, -0.2203,  0.0062],
         [ 0.2321, -0.4116,  0.8813,  0.1920],
         [ 0.0000,  0.0000,  0.0000,  1.0000]]], device='cuda:0',
       grad_fn=<CopySlices>)
0:03:49.589201 - TCO pred_xy tensor([[[-0.7893,  0.4511,  0.4165, -0.0113],
         [-0.5688, -0.7927, -0.2192,  0.0057],
         [ 0.2313, -0.4099,  0.8823,  0.1920],
         [ 0.0000,  0.0000,  0.0000,  1.0000]]], device='cuda:0',
       grad_fn=<CopySlices>)
0:03:49.590113 - TCO pred_z tensor([[[-0.7893,  0.4511,  0.4165, -0.0100],
         [-0.5688, -0.7927, -0.2192,  0.0062],
         [ 0.2313, -0.4099,  0.8823,  0.1674],
         [ 0.0000,  0.0000,  0.0000,  1.0000]]], device='cuda:0',
       grad_fn=<CopySlices>)
0:03:49.590736 - loss orn tensor([8.0593e-06], device='cuda:0', grad_fn=<MinBackward0>)
0:03:49.591360 - loss xy tensor([0.0006], device='cuda:0', grad_fn=<MinBackward0>)
0:03:49.591969 - loss z tensor([0.0082], device='cuda:0', grad_fn=<MinBackward0>)
  0%|                                       | 0/1 [00:00<?, ?it/s, loss=0.00881]100%|███████████████████████████████| 1/1 [00:00<00:00,  4.63it/s, loss=0.00881]100%|███████████████████████████████| 1/1 [00:00<00:00,  4.62it/s, loss=0.00881]
0:03:49.360408 - saving /home/ubuntu/synthetic_pose_estimation/cosypose/local_data/experiments/bracket_assembly_debug_nut_nosym_coarse_noaug--938962 433
  0%|                                                     | 0/1 [00:00<?, ?it/s]0:03:49.775484 - iteration 0
0:03:49.818477 - outputs, {'pose': tensor([[-0.9789, -0.7265,  0.2915,  0.5629, -0.5886, -0.4010,  3.6120, -1.1443,
          0.6006]], device='cuda:0', grad_fn=<AddmmBackward0>)}
0:03:49.819972 - model_outputs {'pose': tensor([[-0.9789, -0.7265,  0.2915,  0.5629, -0.5886, -0.4010,  3.6120, -1.1443,
          0.6006]], device='cuda:0', grad_fn=<AddmmBackward0>)}
0:03:49.820724 - K crop tensor([[[1.5959e+03, 0.0000e+00, 2.9206e+02],
         [0.0000e+00, 1.5959e+03, 7.3199e+01],
         [0.0000e+00, 0.0000e+00, 1.0000e+00]]], device='cuda:0')
0:03:49.821602 - TCO_input tensor([[[ 1.0000,  0.0000,  0.0000, -0.0220],
         [ 0.0000,  1.0000,  0.0000,  0.0077],
         [ 0.0000,  0.0000,  1.0000,  0.2644],
         [ 0.0000,  0.0000,  0.0000,  1.0000]]], device='cuda:0')
0:03:49.822482 - model tco output tensor([[[-0.7810,  0.4657,  0.4162, -0.0128],
         [-0.5796, -0.7886, -0.2054,  0.0045],
         [ 0.2326, -0.4017,  0.8858,  0.1588],
         [ 0.0000,  0.0000,  0.0000,  1.0000]]], device='cuda:0',
       grad_fn=<CopySlices>)
0:03:49.860645 - Wrote debug data: /home/ubuntu/synthetic_pose_estimation/cosypose/local_data/debug_data/debug_iter=1.pth.tar
0:03:50.073308 - TCO_input tensor([[[ 1.0000,  0.0000,  0.0000, -0.0220],
         [ 0.0000,  1.0000,  0.0000,  0.0077],
         [ 0.0000,  0.0000,  1.0000,  0.2644],
         [ 0.0000,  0.0000,  0.0000,  1.0000]]], device='cuda:0')
0:03:50.074235 - vxvyvz tensor([[ 3.6120, -1.1443,  0.6006]], device='cuda:0',
       grad_fn=<SliceBackward0>)
0:03:50.075181 - dR tensor([[[-0.7810,  0.4657,  0.4162],
         [-0.5796, -0.7886, -0.2054],
         [ 0.2326, -0.4017,  0.8858]]], device='cuda:0',
       grad_fn=<StackBackward0>)
0:03:50.076015 - fxfy tensor([[1595.8865, 1595.8867]], device='cuda:0')
0:03:50.078527 - TCO_gt tensor([[[-0.7893,  0.4511,  0.4165, -0.0100],
         [-0.5688, -0.7927, -0.2192,  0.0062],
         [ 0.2313, -0.4099,  0.8823,  0.1920],
         [ 0.0000,  0.0000,  0.0000,  1.0000]]], device='cuda:0')
0:03:50.079434 - TCO pred_orn tensor([[[-0.7810,  0.4657,  0.4162, -0.0100],
         [-0.5796, -0.7886, -0.2054,  0.0062],
         [ 0.2326, -0.4017,  0.8858,  0.1920],
         [ 0.0000,  0.0000,  0.0000,  1.0000]]], device='cuda:0',
       grad_fn=<CopySlices>)
0:03:50.080319 - TCO pred_xy tensor([[[-0.7893,  0.4511,  0.4165, -0.0155],
         [-0.5688, -0.7927, -0.2192,  0.0054],
         [ 0.2313, -0.4099,  0.8823,  0.1920],
         [ 0.0000,  0.0000,  0.0000,  1.0000]]], device='cuda:0',
       grad_fn=<CopySlices>)
0:03:50.081211 - TCO pred_z tensor([[[-0.7893,  0.4511,  0.4165, -0.0100],
         [-0.5688, -0.7927, -0.2192,  0.0062],
         [ 0.2313, -0.4099,  0.8823,  0.1588],
         [ 0.0000,  0.0000,  0.0000,  1.0000]]], device='cuda:0',
       grad_fn=<CopySlices>)
0:03:50.081867 - loss orn tensor([7.6928e-05], device='cuda:0', grad_fn=<MinBackward0>)
0:03:50.082495 - loss xy tensor([0.0021], device='cuda:0', grad_fn=<MinBackward0>)
0:03:50.083120 - loss z tensor([0.0110], device='cuda:0', grad_fn=<MinBackward0>)
  0%|                                        | 0/1 [00:00<?, ?it/s, loss=0.0132]100%|████████████████████████████████| 1/1 [00:00<00:00,  4.61it/s, loss=0.0132]100%|████████████████████████████████| 1/1 [00:00<00:00,  4.60it/s, loss=0.0132]
0:03:49.862739 - saving /home/ubuntu/synthetic_pose_estimation/cosypose/local_data/experiments/bracket_assembly_debug_nut_nosym_coarse_noaug--938962 434
  0%|                                                     | 0/1 [00:00<?, ?it/s]0:03:50.277893 - iteration 0
0:03:50.326205 - outputs, {'pose': tensor([[-0.9941, -0.7365,  0.2857,  0.5706, -0.5970, -0.4008,  3.6569, -1.1476,
          0.6259]], device='cuda:0', grad_fn=<AddmmBackward0>)}
0:03:50.328280 - model_outputs {'pose': tensor([[-0.9941, -0.7365,  0.2857,  0.5706, -0.5970, -0.4008,  3.6569, -1.1476,
          0.6259]], device='cuda:0', grad_fn=<AddmmBackward0>)}
0:03:50.329077 - K crop tensor([[[1.7298e+03, 0.0000e+00, 2.3254e+02],
         [0.0000e+00, 1.7298e+03, 7.2972e+01],
         [0.0000e+00, 0.0000e+00, 1.0000e+00]]], device='cuda:0')
0:03:50.329978 - TCO_input tensor([[[ 1.0000,  0.0000,  0.0000, -0.0121],
         [ 0.0000,  1.0000,  0.0000,  0.0077],
         [ 0.0000,  0.0000,  1.0000,  0.2859],
         [ 0.0000,  0.0000,  0.0000,  1.0000]]], device='cuda:0')
0:03:50.330882 - model tco output tensor([[[-0.7829,  0.4693,  0.4085, -0.0072],
         [-0.5800, -0.7880, -0.2065,  0.0047],
         [ 0.2250, -0.3986,  0.8891,  0.1790],
         [ 0.0000,  0.0000,  0.0000,  1.0000]]], device='cuda:0',
       grad_fn=<CopySlices>)
0:03:50.369489 - Wrote debug data: /home/ubuntu/synthetic_pose_estimation/cosypose/local_data/debug_data/debug_iter=1.pth.tar
0:03:50.580703 - TCO_input tensor([[[ 1.0000,  0.0000,  0.0000, -0.0121],
         [ 0.0000,  1.0000,  0.0000,  0.0077],
         [ 0.0000,  0.0000,  1.0000,  0.2859],
         [ 0.0000,  0.0000,  0.0000,  1.0000]]], device='cuda:0')
0:03:50.581690 - vxvyvz tensor([[ 3.6569, -1.1476,  0.6259]], device='cuda:0',
       grad_fn=<SliceBackward0>)
0:03:50.582663 - dR tensor([[[-0.7829,  0.4693,  0.4085],
         [-0.5800, -0.7880, -0.2065],
         [ 0.2250, -0.3986,  0.8891]]], device='cuda:0',
       grad_fn=<StackBackward0>)
0:03:50.583518 - fxfy tensor([[1729.8087, 1729.8086]], device='cuda:0')
0:03:50.586034 - TCO_gt tensor([[[-0.7893,  0.4511,  0.4165, -0.0100],
         [-0.5688, -0.7927, -0.2192,  0.0062],
         [ 0.2313, -0.4099,  0.8823,  0.1920],
         [ 0.0000,  0.0000,  0.0000,  1.0000]]], device='cuda:0')
0:03:50.586948 - TCO pred_orn tensor([[[-0.7829,  0.4693,  0.4085, -0.0100],
         [-0.5800, -0.7880, -0.2065,  0.0062],
         [ 0.2250, -0.3986,  0.8891,  0.1920],
         [ 0.0000,  0.0000,  0.0000,  1.0000]]], device='cuda:0',
       grad_fn=<CopySlices>)
0:03:50.587859 - TCO pred_xy tensor([[[-0.7893,  0.4511,  0.4165, -0.0077],
         [-0.5688, -0.7927, -0.2192,  0.0050],
         [ 0.2313, -0.4099,  0.8823,  0.1920],
         [ 0.0000,  0.0000,  0.0000,  1.0000]]], device='cuda:0',
       grad_fn=<CopySlices>)
0:03:50.588776 - TCO pred_z tensor([[[-0.7893,  0.4511,  0.4165, -0.0100],
         [-0.5688, -0.7927, -0.2192,  0.0062],
         [ 0.2313, -0.4099,  0.8823,  0.1790],
         [ 0.0000,  0.0000,  0.0000,  1.0000]]], device='cuda:0',
       grad_fn=<CopySlices>)
0:03:50.589444 - loss orn tensor([9.3585e-05], device='cuda:0', grad_fn=<MinBackward0>)
0:03:50.590073 - loss xy tensor([0.0011], device='cuda:0', grad_fn=<MinBackward0>)
0:03:50.590698 - loss z tensor([0.0043], device='cuda:0', grad_fn=<MinBackward0>)
  0%|                                       | 0/1 [00:00<?, ?it/s, loss=0.00558]100%|███████████████████████████████| 1/1 [00:00<00:00,  4.49it/s, loss=0.00558]100%|███████████████████████████████| 1/1 [00:00<00:00,  4.48it/s, loss=0.00558]
0:03:50.356124 - saving /home/ubuntu/synthetic_pose_estimation/cosypose/local_data/experiments/bracket_assembly_debug_nut_nosym_coarse_noaug--938962 435
  0%|                                                     | 0/1 [00:00<?, ?it/s]0:03:50.771205 - iteration 0
0:03:50.815248 - outputs, {'pose': tensor([[-0.9926, -0.7189,  0.2883,  0.5761, -0.5997, -0.4008,  3.6498, -1.1342,
          0.6296]], device='cuda:0', grad_fn=<AddmmBackward0>)}
0:03:50.816836 - model_outputs {'pose': tensor([[-0.9926, -0.7189,  0.2883,  0.5761, -0.5997, -0.4008,  3.6498, -1.1342,
          0.6296]], device='cuda:0', grad_fn=<AddmmBackward0>)}
0:03:50.817658 - K crop tensor([[[1.8051e+03, 0.0000e+00, 2.2635e+02],
         [0.0000e+00, 1.8051e+03, 7.7204e+01],
         [0.0000e+00, 0.0000e+00, 1.0000e+00]]], device='cuda:0')
0:03:50.818515 - TCO_input tensor([[[ 1.0000,  0.0000,  0.0000, -0.0110],
         [ 0.0000,  1.0000,  0.0000,  0.0070],
         [ 0.0000,  0.0000,  1.0000,  0.2977],
         [ 0.0000,  0.0000,  0.0000,  1.0000]]], device='cuda:0')
0:03:50.820094 - model tco output tensor([[[-0.7884,  0.4616,  0.4067, -0.0066],
         [-0.5710, -0.7951, -0.2044,  0.0043],
         [ 0.2290, -0.3934,  0.8904,  0.1874],
         [ 0.0000,  0.0000,  0.0000,  1.0000]]], device='cuda:0',
       grad_fn=<CopySlices>)
0:03:50.859604 - Wrote debug data: /home/ubuntu/synthetic_pose_estimation/cosypose/local_data/debug_data/debug_iter=1.pth.tar
0:03:51.071669 - TCO_input tensor([[[ 1.0000,  0.0000,  0.0000, -0.0110],
         [ 0.0000,  1.0000,  0.0000,  0.0070],
         [ 0.0000,  0.0000,  1.0000,  0.2977],
         [ 0.0000,  0.0000,  0.0000,  1.0000]]], device='cuda:0')
0:03:51.072690 - vxvyvz tensor([[ 3.6498, -1.1342,  0.6296]], device='cuda:0',
       grad_fn=<SliceBackward0>)
0:03:51.073738 - dR tensor([[[-0.7884,  0.4616,  0.4067],
         [-0.5710, -0.7951, -0.2044],
         [ 0.2290, -0.3934,  0.8904]]], device='cuda:0',
       grad_fn=<StackBackward0>)
0:03:51.074605 - fxfy tensor([[1805.0540, 1805.0538]], device='cuda:0')
0:03:51.077074 - TCO_gt tensor([[[-0.7893,  0.4511,  0.4165, -0.0100],
         [-0.5688, -0.7927, -0.2192,  0.0062],
         [ 0.2313, -0.4099,  0.8823,  0.1920],
         [ 0.0000,  0.0000,  0.0000,  1.0000]]], device='cuda:0')
0:03:51.078001 - TCO pred_orn tensor([[[-0.7884,  0.4616,  0.4067, -0.0100],
         [-0.5710, -0.7951, -0.2044,  0.0062],
         [ 0.2290, -0.3934,  0.8904,  0.1920],
         [ 0.0000,  0.0000,  0.0000,  1.0000]]], device='cuda:0',
       grad_fn=<CopySlices>)
0:03:51.078907 - TCO pred_xy tensor([[[-0.7893,  0.4511,  0.4165, -0.0067],
         [-0.5688, -0.7927, -0.2192,  0.0044],
         [ 0.2313, -0.4099,  0.8823,  0.1920],
         [ 0.0000,  0.0000,  0.0000,  1.0000]]], device='cuda:0',
       grad_fn=<CopySlices>)
0:03:51.079803 - TCO pred_z tensor([[[-0.7893,  0.4511,  0.4165, -0.0100],
         [-0.5688, -0.7927, -0.2192,  0.0062],
         [ 0.2313, -0.4099,  0.8823,  0.1874],
         [ 0.0000,  0.0000,  0.0000,  1.0000]]], device='cuda:0',
       grad_fn=<CopySlices>)
0:03:51.080445 - loss orn tensor([7.9948e-05], device='cuda:0', grad_fn=<MinBackward0>)
0:03:51.081087 - loss xy tensor([0.0017], device='cuda:0', grad_fn=<MinBackward0>)
0:03:51.086707 - loss z tensor([0.0015], device='cuda:0', grad_fn=<MinBackward0>)
  0%|                                       | 0/1 [00:00<?, ?it/s, loss=0.00328]100%|███████████████████████████████| 1/1 [00:00<00:00,  4.48it/s, loss=0.00328]100%|███████████████████████████████| 1/1 [00:00<00:00,  4.47it/s, loss=0.00328]
0:03:50.849853 - saving /home/ubuntu/synthetic_pose_estimation/cosypose/local_data/experiments/bracket_assembly_debug_nut_nosym_coarse_noaug--938962 436
  0%|                                                     | 0/1 [00:00<?, ?it/s]0:03:51.264987 - iteration 0
0:03:51.309101 - outputs, {'pose': tensor([[-0.9932, -0.7208,  0.2881,  0.5733, -0.5880, -0.3998,  3.6306, -1.1207,
          0.6444]], device='cuda:0', grad_fn=<AddmmBackward0>)}
0:03:51.310787 - model_outputs {'pose': tensor([[-0.9932, -0.7208,  0.2881,  0.5733, -0.5880, -0.3998,  3.6306, -1.1207,
          0.6444]], device='cuda:0', grad_fn=<AddmmBackward0>)}
0:03:51.311620 - K crop tensor([[[1.9355e+03, 0.0000e+00, 2.1741e+02],
         [0.0000e+00, 1.9355e+03, 8.8195e+00],
         [0.0000e+00, 0.0000e+00, 1.0000e+00]]], device='cuda:0')
0:03:51.312488 - TCO_input tensor([[[ 1.0000,  0.0000,  0.0000, -0.0097],
         [ 0.0000,  1.0000,  0.0000,  0.0185],
         [ 0.0000,  0.0000,  1.0000,  0.3231],
         [ 0.0000,  0.0000,  0.0000,  1.0000]]], device='cuda:0')
0:03:51.314089 - model tco output tensor([[[-0.7879,  0.4612,  0.4080, -0.0058],
         [-0.5718, -0.7939, -0.2068,  0.0118],
         [ 0.2286, -0.3962,  0.8892,  0.2082],
         [ 0.0000,  0.0000,  0.0000,  1.0000]]], device='cuda:0',
       grad_fn=<CopySlices>)
0:03:51.352808 - Wrote debug data: /home/ubuntu/synthetic_pose_estimation/cosypose/local_data/debug_data/debug_iter=1.pth.tar
0:03:51.564495 - TCO_input tensor([[[ 1.0000,  0.0000,  0.0000, -0.0097],
         [ 0.0000,  1.0000,  0.0000,  0.0185],
         [ 0.0000,  0.0000,  1.0000,  0.3231],
         [ 0.0000,  0.0000,  0.0000,  1.0000]]], device='cuda:0')
0:03:51.565596 - vxvyvz tensor([[ 3.6306, -1.1207,  0.6444]], device='cuda:0',
       grad_fn=<SliceBackward0>)
0:03:51.566608 - dR tensor([[[-0.7879,  0.4612,  0.4080],
         [-0.5718, -0.7939, -0.2068],
         [ 0.2286, -0.3962,  0.8892]]], device='cuda:0',
       grad_fn=<StackBackward0>)
0:03:51.567487 - fxfy tensor([[1935.4583, 1935.4585]], device='cuda:0')
0:03:51.570006 - TCO_gt tensor([[[-0.7893,  0.4511,  0.4165, -0.0100],
         [-0.5688, -0.7927, -0.2192,  0.0062],
         [ 0.2313, -0.4099,  0.8823,  0.1920],
         [ 0.0000,  0.0000,  0.0000,  1.0000]]], device='cuda:0')
0:03:51.570926 - TCO pred_orn tensor([[[-0.7879,  0.4612,  0.4080, -0.0100],
         [-0.5718, -0.7939, -0.2068,  0.0062],
         [ 0.2286, -0.3962,  0.8892,  0.1920],
         [ 0.0000,  0.0000,  0.0000,  1.0000]]], device='cuda:0',
       grad_fn=<CopySlices>)
0:03:51.571839 - TCO pred_xy tensor([[[-0.7893,  0.4511,  0.4165, -0.0054],
         [-0.5688, -0.7927, -0.2192,  0.0109],
         [ 0.2313, -0.4099,  0.8823,  0.1920],
         [ 0.0000,  0.0000,  0.0000,  1.0000]]], device='cuda:0',
       grad_fn=<CopySlices>)
0:03:51.572746 - TCO pred_z tensor([[[-0.7893,  0.4511,  0.4165, -0.0100],
         [-0.5688, -0.7927, -0.2192,  0.0062],
         [ 0.2313, -0.4099,  0.8823,  0.2082],
         [ 0.0000,  0.0000,  0.0000,  1.0000]]], device='cuda:0',
       grad_fn=<CopySlices>)
0:03:51.573416 - loss orn tensor([6.9638e-05], device='cuda:0', grad_fn=<MinBackward0>)
0:03:51.574044 - loss xy tensor([0.0031], device='cuda:0', grad_fn=<MinBackward0>)
0:03:51.574669 - loss z tensor([0.0054], device='cuda:0', grad_fn=<MinBackward0>)
  0%|                                       | 0/1 [00:00<?, ?it/s, loss=0.00859]100%|███████████████████████████████| 1/1 [00:00<00:00,  4.52it/s, loss=0.00859]100%|███████████████████████████████| 1/1 [00:00<00:00,  4.51it/s, loss=0.00859]
0:03:51.348410 - saving /home/ubuntu/synthetic_pose_estimation/cosypose/local_data/experiments/bracket_assembly_debug_nut_nosym_coarse_noaug--938962 437
  0%|                                                     | 0/1 [00:00<?, ?it/s]0:03:51.763553 - iteration 0
0:03:51.807322 - outputs, {'pose': tensor([[-1.0009, -0.7092,  0.2799,  0.5603, -0.5897, -0.4105,  3.6352, -1.1113,
          0.6589]], device='cuda:0', grad_fn=<AddmmBackward0>)}
0:03:51.808886 - model_outputs {'pose': tensor([[-1.0009, -0.7092,  0.2799,  0.5603, -0.5897, -0.4105,  3.6352, -1.1113,
          0.6589]], device='cuda:0', grad_fn=<AddmmBackward0>)}
0:03:51.809698 - K crop tensor([[[2.0453e+03, 0.0000e+00, 2.5232e+02],
         [0.0000e+00, 2.0453e+03, 1.9746e+00],
         [0.0000e+00, 0.0000e+00, 1.0000e+00]]], device='cuda:0')
0:03:51.810558 - TCO_input tensor([[[ 1.0000,  0.0000,  0.0000, -0.0155],
         [ 0.0000,  1.0000,  0.0000,  0.0196],
         [ 0.0000,  0.0000,  1.0000,  0.3412],
         [ 0.0000,  0.0000,  0.0000,  1.0000]]], device='cuda:0')
0:03:51.812022 - model tco output tensor([[[-0.7955,  0.4477,  0.4083, -0.0098],
         [-0.5637, -0.7941, -0.2274,  0.0128],
         [ 0.2224, -0.4110,  0.8841,  0.2248],
         [ 0.0000,  0.0000,  0.0000,  1.0000]]], device='cuda:0',
       grad_fn=<CopySlices>)
0:03:51.852691 - Wrote debug data: /home/ubuntu/synthetic_pose_estimation/cosypose/local_data/debug_data/debug_iter=1.pth.tar
0:03:52.065145 - TCO_input tensor([[[ 1.0000,  0.0000,  0.0000, -0.0155],
         [ 0.0000,  1.0000,  0.0000,  0.0196],
         [ 0.0000,  0.0000,  1.0000,  0.3412],
         [ 0.0000,  0.0000,  0.0000,  1.0000]]], device='cuda:0')
0:03:52.066179 - vxvyvz tensor([[ 3.6352, -1.1113,  0.6589]], device='cuda:0',
       grad_fn=<SliceBackward0>)
0:03:52.067172 - dR tensor([[[-0.7955,  0.4477,  0.4083],
         [-0.5637, -0.7941, -0.2274],
         [ 0.2224, -0.4110,  0.8841]]], device='cuda:0',
       grad_fn=<StackBackward0>)
0:03:52.068038 - fxfy tensor([[2045.2638, 2045.2633]], device='cuda:0')
0:03:52.070542 - TCO_gt tensor([[[-0.7893,  0.4511,  0.4165, -0.0100],
         [-0.5688, -0.7927, -0.2192,  0.0062],
         [ 0.2313, -0.4099,  0.8823,  0.1920],
         [ 0.0000,  0.0000,  0.0000,  1.0000]]], device='cuda:0')
0:03:52.071456 - TCO pred_orn tensor([[[-0.7955,  0.4477,  0.4083, -0.0100],
         [-0.5637, -0.7941, -0.2274,  0.0062],
         [ 0.2224, -0.4110,  0.8841,  0.1920],
         [ 0.0000,  0.0000,  0.0000,  1.0000]]], device='cuda:0',
       grad_fn=<CopySlices>)
0:03:52.072371 - TCO pred_xy tensor([[[-0.7893,  0.4511,  0.4165, -0.0084],
         [-0.5688, -0.7927, -0.2192,  0.0109],
         [ 0.2313, -0.4099,  0.8823,  0.1920],
         [ 0.0000,  0.0000,  0.0000,  1.0000]]], device='cuda:0',
       grad_fn=<CopySlices>)
0:03:52.073310 - TCO pred_z tensor([[[-0.7893,  0.4511,  0.4165, -0.0100],
         [-0.5688, -0.7927, -0.2192,  0.0062],
         [ 0.2313, -0.4099,  0.8823,  0.2248],
         [ 0.0000,  0.0000,  0.0000,  1.0000]]], device='cuda:0',
       grad_fn=<CopySlices>)
0:03:52.073951 - loss orn tensor([4.7908e-05], device='cuda:0', grad_fn=<MinBackward0>)
0:03:52.074578 - loss xy tensor([0.0021], device='cuda:0', grad_fn=<MinBackward0>)
0:03:52.075201 - loss z tensor([0.0109], device='cuda:0', grad_fn=<MinBackward0>)
  0%|                                        | 0/1 [00:00<?, ?it/s, loss=0.0131]100%|████████████████████████████████| 1/1 [00:00<00:00,  4.57it/s, loss=0.0131]100%|████████████████████████████████| 1/1 [00:00<00:00,  4.56it/s, loss=0.0131]
0:03:51.842671 - saving /home/ubuntu/synthetic_pose_estimation/cosypose/local_data/experiments/bracket_assembly_debug_nut_nosym_coarse_noaug--938962 438
  0%|                                                     | 0/1 [00:00<?, ?it/s]0:03:52.257843 - iteration 0
0:03:52.301879 - outputs, {'pose': tensor([[-1.0081, -0.7184,  0.2831,  0.5608, -0.5887, -0.4187,  3.6492, -1.1195,
          0.6587]], device='cuda:0', grad_fn=<AddmmBackward0>)}
0:03:52.303532 - model_outputs {'pose': tensor([[-1.0081, -0.7184,  0.2831,  0.5608, -0.5887, -0.4187,  3.6492, -1.1195,
          0.6587]], device='cuda:0', grad_fn=<AddmmBackward0>)}
0:03:52.304348 - K crop tensor([[[1.6697e+03, 0.0000e+00, 2.7527e+02],
         [0.0000e+00, 1.6697e+03, 8.2500e+01],
         [0.0000e+00, 0.0000e+00, 1.0000e+00]]], device='cuda:0')
0:03:52.305227 - TCO_input tensor([[[ 1.0000,  0.0000,  0.0000, -0.0191],
         [ 0.0000,  1.0000,  0.0000,  0.0061],
         [ 0.0000,  0.0000,  1.0000,  0.2757],
         [ 0.0000,  0.0000,  0.0000,  1.0000]]], device='cuda:0')
0:03:52.306770 - model tco output tensor([[[-0.7939,  0.4462,  0.4131, -0.0122],
         [-0.5657, -0.7911, -0.2327,  0.0039],
         [ 0.2230, -0.4184,  0.8805,  0.1816],
         [ 0.0000,  0.0000,  0.0000,  1.0000]]], device='cuda:0',
       grad_fn=<CopySlices>)
0:03:52.345995 - Wrote debug data: /home/ubuntu/synthetic_pose_estimation/cosypose/local_data/debug_data/debug_iter=1.pth.tar
0:03:52.559221 - TCO_input tensor([[[ 1.0000,  0.0000,  0.0000, -0.0191],
         [ 0.0000,  1.0000,  0.0000,  0.0061],
         [ 0.0000,  0.0000,  1.0000,  0.2757],
         [ 0.0000,  0.0000,  0.0000,  1.0000]]], device='cuda:0')
0:03:52.560243 - vxvyvz tensor([[ 3.6492, -1.1195,  0.6587]], device='cuda:0',
       grad_fn=<SliceBackward0>)
0:03:52.561307 - dR tensor([[[-0.7939,  0.4462,  0.4131],
         [-0.5657, -0.7911, -0.2327],
         [ 0.2230, -0.4184,  0.8805]]], device='cuda:0',
       grad_fn=<StackBackward0>)
0:03:52.562185 - fxfy tensor([[1669.7430, 1669.7433]], device='cuda:0')
0:03:52.564644 - TCO_gt tensor([[[-0.7893,  0.4511,  0.4165, -0.0100],
         [-0.5688, -0.7927, -0.2192,  0.0062],
         [ 0.2313, -0.4099,  0.8823,  0.1920],
         [ 0.0000,  0.0000,  0.0000,  1.0000]]], device='cuda:0')
0:03:52.565584 - TCO pred_orn tensor([[[-0.7939,  0.4462,  0.4131, -0.0100],
         [-0.5657, -0.7911, -0.2327,  0.0062],
         [ 0.2230, -0.4184,  0.8805,  0.1920],
         [ 0.0000,  0.0000,  0.0000,  1.0000]]], device='cuda:0',
       grad_fn=<CopySlices>)
0:03:52.566486 - TCO pred_xy tensor([[[-0.7893,  0.4511,  0.4165, -0.0129],
         [-0.5688, -0.7927, -0.2192,  0.0041],
         [ 0.2313, -0.4099,  0.8823,  0.1920],
         [ 0.0000,  0.0000,  0.0000,  1.0000]]], device='cuda:0',
       grad_fn=<CopySlices>)
0:03:52.567399 - TCO pred_z tensor([[[-0.7893,  0.4511,  0.4165, -0.0100],
         [-0.5688, -0.7927, -0.2192,  0.0062],
         [ 0.2313, -0.4099,  0.8823,  0.1816],
         [ 0.0000,  0.0000,  0.0000,  1.0000]]], device='cuda:0',
       grad_fn=<CopySlices>)
0:03:52.568039 - loss orn tensor([5.7440e-05], device='cuda:0', grad_fn=<MinBackward0>)
0:03:52.568667 - loss xy tensor([0.0016], device='cuda:0', grad_fn=<MinBackward0>)
0:03:52.569323 - loss z tensor([0.0035], device='cuda:0', grad_fn=<MinBackward0>)
  0%|                                       | 0/1 [00:00<?, ?it/s, loss=0.00517]100%|███████████████████████████████| 1/1 [00:00<00:00,  4.54it/s, loss=0.00517]100%|███████████████████████████████| 1/1 [00:00<00:00,  4.53it/s, loss=0.00517]
0:03:52.338503 - saving /home/ubuntu/synthetic_pose_estimation/cosypose/local_data/experiments/bracket_assembly_debug_nut_nosym_coarse_noaug--938962 439
  0%|                                                     | 0/1 [00:00<?, ?it/s]0:03:52.753839 - iteration 0
0:03:52.798286 - outputs, {'pose': tensor([[-1.0042, -0.7181,  0.2858,  0.5550, -0.5847, -0.4188,  3.6519, -1.1138,
          0.6809]], device='cuda:0', grad_fn=<AddmmBackward0>)}
0:03:52.799906 - model_outputs {'pose': tensor([[-1.0042, -0.7181,  0.2858,  0.5550, -0.5847, -0.4188,  3.6519, -1.1138,
          0.6809]], device='cuda:0', grad_fn=<AddmmBackward0>)}
0:03:52.800714 - K crop tensor([[[1.6017e+03, 0.0000e+00, 3.4766e+02],
         [0.0000e+00, 1.6017e+03, 3.2697e+01],
         [0.0000e+00, 0.0000e+00, 1.0000e+00]]], device='cuda:0')
0:03:52.802218 - TCO_input tensor([[[ 1.0000,  0.0000,  0.0000, -0.0315],
         [ 0.0000,  1.0000,  0.0000,  0.0145],
         [ 0.0000,  0.0000,  1.0000,  0.2681],
         [ 0.0000,  0.0000,  0.0000,  1.0000]]], device='cuda:0')
0:03:52.803220 - model tco output tensor([[[-0.7924,  0.4452,  0.4169, -0.0210],
         [-0.5667, -0.7902, -0.2334,  0.0098],
         [ 0.2255, -0.4213,  0.8784,  0.1825],
         [ 0.0000,  0.0000,  0.0000,  1.0000]]], device='cuda:0',
       grad_fn=<CopySlices>)
0:03:52.844206 - Wrote debug data: /home/ubuntu/synthetic_pose_estimation/cosypose/local_data/debug_data/debug_iter=1.pth.tar
0:03:53.055215 - TCO_input tensor([[[ 1.0000,  0.0000,  0.0000, -0.0315],
         [ 0.0000,  1.0000,  0.0000,  0.0145],
         [ 0.0000,  0.0000,  1.0000,  0.2681],
         [ 0.0000,  0.0000,  0.0000,  1.0000]]], device='cuda:0')
0:03:53.056152 - vxvyvz tensor([[ 3.6519, -1.1138,  0.6809]], device='cuda:0',
       grad_fn=<SliceBackward0>)
0:03:53.057146 - dR tensor([[[-0.7924,  0.4452,  0.4169],
         [-0.5667, -0.7902, -0.2334],
         [ 0.2255, -0.4213,  0.8784]]], device='cuda:0',
       grad_fn=<StackBackward0>)
0:03:53.058035 - fxfy tensor([[1601.7469, 1601.7469]], device='cuda:0')
0:03:53.060491 - TCO_gt tensor([[[-0.7893,  0.4511,  0.4165, -0.0100],
         [-0.5688, -0.7927, -0.2192,  0.0062],
         [ 0.2313, -0.4099,  0.8823,  0.1920],
         [ 0.0000,  0.0000,  0.0000,  1.0000]]], device='cuda:0')
0:03:53.061448 - TCO pred_orn tensor([[[-0.7924,  0.4452,  0.4169, -0.0100],
         [-0.5667, -0.7902, -0.2334,  0.0062],
         [ 0.2255, -0.4213,  0.8784,  0.1920],
         [ 0.0000,  0.0000,  0.0000,  1.0000]]], device='cuda:0',
       grad_fn=<CopySlices>)
0:03:53.062345 - TCO pred_xy tensor([[[-0.7893,  0.4511,  0.4165, -0.0221],
         [-0.5688, -0.7927, -0.2192,  0.0103],
         [ 0.2313, -0.4099,  0.8823,  0.1920],
         [ 0.0000,  0.0000,  0.0000,  1.0000]]], device='cuda:0',
       grad_fn=<CopySlices>)
0:03:53.063245 - TCO pred_z tensor([[[-0.7893,  0.4511,  0.4165, -0.0100],
         [-0.5688, -0.7927, -0.2192,  0.0062],
         [ 0.2313, -0.4099,  0.8823,  0.1825],
         [ 0.0000,  0.0000,  0.0000,  1.0000]]], device='cuda:0',
       grad_fn=<CopySlices>)
0:03:53.063884 - loss orn tensor([5.9149e-05], device='cuda:0', grad_fn=<MinBackward0>)
0:03:53.064520 - loss xy tensor([0.0054], device='cuda:0', grad_fn=<MinBackward0>)
0:03:53.065154 - loss z tensor([0.0031], device='cuda:0', grad_fn=<MinBackward0>)
  0%|                                       | 0/1 [00:00<?, ?it/s, loss=0.00861]100%|███████████████████████████████| 1/1 [00:00<00:00,  4.58it/s, loss=0.00861]100%|███████████████████████████████| 1/1 [00:00<00:00,  4.57it/s, loss=0.00861]
  0%|                                                     | 0/1 [00:00<?, ?it/s]0:03:52.971683 - iteration 0
0:03:53.008540 - outputs, {'pose': tensor([[-0.5883, -0.2193,  0.1696,  0.4111, -0.2755, -0.0593,  1.3531, -0.5431,
          0.4195]], device='cuda:0')}
0:03:53.010079 - model_outputs {'pose': tensor([[-0.5883, -0.2193,  0.1696,  0.4111, -0.2755, -0.0593,  1.3531, -0.5431,
          0.4195]], device='cuda:0')}
0:03:53.010839 - K crop tensor([[[1.4644e+03, 0.0000e+00, 2.8295e+02],
         [0.0000e+00, 1.4644e+03, 6.9214e+01],
         [0.0000e+00, 0.0000e+00, 1.0000e+00]]], device='cuda:0')
0:03:53.011681 - TCO_input tensor([[[ 1.0000,  0.0000,  0.0000, -0.0205],
         [ 0.0000,  1.0000,  0.0000,  0.0084],
         [ 0.0000,  0.0000,  1.0000,  0.2436],
         [ 0.0000,  0.0000,  0.0000,  1.0000]]], device='cuda:0')
0:03:53.012577 - model tco output tensor([[[-0.9046,  0.3600,  0.2284, -0.0085],
         [-0.3372, -0.9320,  0.1332,  0.0035],
         [ 0.2608,  0.0434,  0.9644,  0.1022],
         [ 0.0000,  0.0000,  0.0000,  1.0000]]], device='cuda:0')
0:03:53.052980 - Wrote debug data: /home/ubuntu/synthetic_pose_estimation/cosypose/local_data/debug_data/debug_iter=1.pth.tar
0:03:53.264799 - TCO_input tensor([[[ 1.0000,  0.0000,  0.0000, -0.0205],
         [ 0.0000,  1.0000,  0.0000,  0.0084],
         [ 0.0000,  0.0000,  1.0000,  0.2436],
         [ 0.0000,  0.0000,  0.0000,  1.0000]]], device='cuda:0')
0:03:53.265804 - vxvyvz tensor([[ 1.3531, -0.5431,  0.4195]], device='cuda:0')
0:03:53.266771 - dR tensor([[[-0.9046,  0.3600,  0.2284],
         [-0.3372, -0.9320,  0.1332],
         [ 0.2608,  0.0434,  0.9644]]], device='cuda:0')
0:03:53.267624 - fxfy tensor([[1464.3596, 1464.3597]], device='cuda:0')
0:03:53.269986 - TCO_gt tensor([[[-0.7893,  0.4511,  0.4165, -0.0100],
         [-0.5688, -0.7927, -0.2192,  0.0062],
         [ 0.2313, -0.4099,  0.8823,  0.1920],
         [ 0.0000,  0.0000,  0.0000,  1.0000]]], device='cuda:0')
0:03:53.270890 - TCO pred_orn tensor([[[-0.9046,  0.3600,  0.2284, -0.0100],
         [-0.3372, -0.9320,  0.1332,  0.0062],
         [ 0.2608,  0.0434,  0.9644,  0.1920],
         [ 0.0000,  0.0000,  0.0000,  1.0000]]], device='cuda:0')
0:03:53.271784 - TCO pred_xy tensor([[[-0.7893,  0.4511,  0.4165, -0.0160],
         [-0.5688, -0.7927, -0.2192,  0.0065],
         [ 0.2313, -0.4099,  0.8823,  0.1920],
         [ 0.0000,  0.0000,  0.0000,  1.0000]]], device='cuda:0')
0:03:53.272676 - TCO pred_z tensor([[[-0.7893,  0.4511,  0.4165, -0.0100],
         [-0.5688, -0.7927, -0.2192,  0.0062],
         [ 0.2313, -0.4099,  0.8823,  0.1022],
         [ 0.0000,  0.0000,  0.0000,  1.0000]]], device='cuda:0')
0:03:53.273343 - loss orn tensor([0.0019], device='cuda:0')
0:03:53.273968 - loss xy tensor([0.0021], device='cuda:0')
0:03:53.274591 - loss z tensor([0.0299], device='cuda:0')
100%|█████████████████████████████████████████████| 1/1 [00:00<00:00,  8.23it/s]100%|█████████████████████████████████████████████| 1/1 [00:00<00:00,  8.20it/s]
0:03:52.947137 - saving /home/ubuntu/synthetic_pose_estimation/cosypose/local_data/experiments/bracket_assembly_debug_nut_nosym_coarse_noaug--938962 440
  0%|                                                     | 0/1 [00:00<?, ?it/s]0:03:53.358917 - iteration 0
0:03:53.403066 - outputs, {'pose': tensor([[-0.9970, -0.7120,  0.2927,  0.5584, -0.5868, -0.4198,  3.6455, -1.1096,
          0.6783]], device='cuda:0', grad_fn=<AddmmBackward0>)}
0:03:53.404771 - model_outputs {'pose': tensor([[-0.9970, -0.7120,  0.2927,  0.5584, -0.5868, -0.4198,  3.6455, -1.1096,
          0.6783]], device='cuda:0', grad_fn=<AddmmBackward0>)}
0:03:53.405597 - K crop tensor([[[1.8459e+03, 0.0000e+00, 2.2110e+02],
         [0.0000e+00, 1.8459e+03, 5.7403e+01],
         [0.0000e+00, 0.0000e+00, 1.0000e+00]]], device='cuda:0')
0:03:53.406447 - TCO_input tensor([[[ 1.0000,  0.0000,  0.0000, -0.0102],
         [ 0.0000,  1.0000,  0.0000,  0.0103],
         [ 0.0000,  0.0000,  1.0000,  0.3056],
         [ 0.0000,  0.0000,  0.0000,  1.0000]]], device='cuda:0')
0:03:53.407344 - model tco output tensor([[[-0.7915,  0.4434,  0.4206, -0.0065],
         [-0.5653, -0.7928, -0.2280,  0.0068],
         [ 0.2323, -0.4182,  0.8781,  0.2073],
         [ 0.0000,  0.0000,  0.0000,  1.0000]]], device='cuda:0',
       grad_fn=<CopySlices>)
0:03:53.445603 - Wrote debug data: /home/ubuntu/synthetic_pose_estimation/cosypose/local_data/debug_data/debug_iter=1.pth.tar
0:03:53.660216 - TCO_input tensor([[[ 1.0000,  0.0000,  0.0000, -0.0102],
         [ 0.0000,  1.0000,  0.0000,  0.0103],
         [ 0.0000,  0.0000,  1.0000,  0.3056],
         [ 0.0000,  0.0000,  0.0000,  1.0000]]], device='cuda:0')
0:03:53.661260 - vxvyvz tensor([[ 3.6455, -1.1096,  0.6783]], device='cuda:0',
       grad_fn=<SliceBackward0>)
0:03:53.662336 - dR tensor([[[-0.7915,  0.4434,  0.4206],
         [-0.5653, -0.7928, -0.2280],
         [ 0.2323, -0.4182,  0.8781]]], device='cuda:0',
       grad_fn=<StackBackward0>)
0:03:53.663438 - fxfy tensor([[1845.9021, 1845.9026]], device='cuda:0')
0:03:53.666686 - TCO_gt tensor([[[-0.7893,  0.4511,  0.4165, -0.0100],
         [-0.5688, -0.7927, -0.2192,  0.0062],
         [ 0.2313, -0.4099,  0.8823,  0.1920],
         [ 0.0000,  0.0000,  0.0000,  1.0000]]], device='cuda:0')
0:03:53.667818 - TCO pred_orn tensor([[[-0.7915,  0.4434,  0.4206, -0.0100],
         [-0.5653, -0.7928, -0.2280,  0.0062],
         [ 0.2323, -0.4182,  0.8781,  0.1920],
         [ 0.0000,  0.0000,  0.0000,  1.0000]]], device='cuda:0',
       grad_fn=<CopySlices>)
0:03:53.668949 - TCO pred_xy tensor([[[-0.7893,  0.4511,  0.4165, -0.0060],
         [-0.5688, -0.7927, -0.2192,  0.0063],
         [ 0.2313, -0.4099,  0.8823,  0.1920],
         [ 0.0000,  0.0000,  0.0000,  1.0000]]], device='cuda:0',
       grad_fn=<CopySlices>)
0:03:53.670098 - TCO pred_z tensor([[[-0.7893,  0.4511,  0.4165, -0.0100],
         [-0.5688, -0.7927, -0.2192,  0.0062],
         [ 0.2313, -0.4099,  0.8823,  0.2073],
         [ 0.0000,  0.0000,  0.0000,  1.0000]]], device='cuda:0',
       grad_fn=<CopySlices>)
0:03:53.670902 - loss orn tensor([4.7344e-05], device='cuda:0', grad_fn=<MinBackward0>)
0:03:53.671638 - loss xy tensor([0.0014], device='cuda:0', grad_fn=<MinBackward0>)
0:03:53.672270 - loss z tensor([0.0051], device='cuda:0', grad_fn=<MinBackward0>)
  0%|                                       | 0/1 [00:00<?, ?it/s, loss=0.00652]100%|███████████████████████████████| 1/1 [00:00<00:00,  4.55it/s, loss=0.00652]100%|███████████████████████████████| 1/1 [00:00<00:00,  4.54it/s, loss=0.00652]
0:03:53.542515 - saving /home/ubuntu/synthetic_pose_estimation/cosypose/local_data/experiments/bracket_assembly_debug_nut_nosym_coarse_noaug--938962 441
  0%|                                                     | 0/1 [00:00<?, ?it/s]0:03:53.961710 - iteration 0
0:03:54.013804 - outputs, {'pose': tensor([[-0.9933, -0.7165,  0.2990,  0.5600, -0.5926, -0.4159,  3.6474, -1.1091,
          0.6842]], device='cuda:0', grad_fn=<AddmmBackward0>)}
0:03:54.015488 - model_outputs {'pose': tensor([[-0.9933, -0.7165,  0.2990,  0.5600, -0.5926, -0.4159,  3.6474, -1.1091,
          0.6842]], device='cuda:0', grad_fn=<AddmmBackward0>)}
0:03:54.016310 - K crop tensor([[[1.8080e+03, 0.0000e+00, 2.6838e+02],
         [0.0000e+00, 1.8080e+03, 4.9062e+01],
         [0.0000e+00, 0.0000e+00, 1.0000e+00]]], device='cuda:0')
0:03:54.017222 - TCO_input tensor([[[ 1.0000,  0.0000,  0.0000, -0.0181],
         [ 0.0000,  1.0000,  0.0000,  0.0117],
         [ 0.0000,  0.0000,  1.0000,  0.3000],
         [ 0.0000,  0.0000,  0.0000,  1.0000]]], device='cuda:0')
0:03:54.018151 - model tco output tensor([[[-0.7879,  0.4482,  0.4223, -0.0119],
         [-0.5683, -0.7933, -0.2183,  0.0079],
         [ 0.2372, -0.4120,  0.8798,  0.2053],
         [ 0.0000,  0.0000,  0.0000,  1.0000]]], device='cuda:0',
       grad_fn=<CopySlices>)
0:03:54.056226 - Wrote debug data: /home/ubuntu/synthetic_pose_estimation/cosypose/local_data/debug_data/debug_iter=1.pth.tar
0:03:54.266438 - TCO_input tensor([[[ 1.0000,  0.0000,  0.0000, -0.0181],
         [ 0.0000,  1.0000,  0.0000,  0.0117],
         [ 0.0000,  0.0000,  1.0000,  0.3000],
         [ 0.0000,  0.0000,  0.0000,  1.0000]]], device='cuda:0')
0:03:54.267438 - vxvyvz tensor([[ 3.6474, -1.1091,  0.6842]], device='cuda:0',
       grad_fn=<SliceBackward0>)
0:03:54.268436 - dR tensor([[[-0.7879,  0.4482,  0.4223],
         [-0.5683, -0.7933, -0.2183],
         [ 0.2372, -0.4120,  0.8798]]], device='cuda:0',
       grad_fn=<StackBackward0>)
0:03:54.269354 - fxfy tensor([[1807.9517, 1807.9520]], device='cuda:0')
0:03:54.271812 - TCO_gt tensor([[[-0.7893,  0.4511,  0.4165, -0.0100],
         [-0.5688, -0.7927, -0.2192,  0.0062],
         [ 0.2313, -0.4099,  0.8823,  0.1920],
         [ 0.0000,  0.0000,  0.0000,  1.0000]]], device='cuda:0')
0:03:54.272734 - TCO pred_orn tensor([[[-0.7879,  0.4482,  0.4223, -0.0100],
         [-0.5683, -0.7933, -0.2183,  0.0062],
         [ 0.2372, -0.4120,  0.8798,  0.1920],
         [ 0.0000,  0.0000,  0.0000,  1.0000]]], device='cuda:0',
       grad_fn=<CopySlices>)
0:03:54.273673 - TCO pred_xy tensor([[[-0.7893,  0.4511,  0.4165, -0.0112],
         [-0.5688, -0.7927, -0.2192,  0.0074],
         [ 0.2313, -0.4099,  0.8823,  0.1920],
         [ 0.0000,  0.0000,  0.0000,  1.0000]]], device='cuda:0',
       grad_fn=<CopySlices>)
0:03:54.274574 - TCO pred_z tensor([[[-0.7893,  0.4511,  0.4165, -0.0100],
         [-0.5688, -0.7927, -0.2192,  0.0062],
         [ 0.2313, -0.4099,  0.8823,  0.2053],
         [ 0.0000,  0.0000,  0.0000,  1.0000]]], device='cuda:0',
       grad_fn=<CopySlices>)
0:03:54.275217 - loss orn tensor([2.3810e-05], device='cuda:0', grad_fn=<MinBackward0>)
0:03:54.275844 - loss xy tensor([0.0008], device='cuda:0', grad_fn=<MinBackward0>)
0:03:54.276470 - loss z tensor([0.0044], device='cuda:0', grad_fn=<MinBackward0>)
  0%|                                       | 0/1 [00:00<?, ?it/s, loss=0.00525]100%|███████████████████████████████| 1/1 [00:00<00:00,  4.37it/s, loss=0.00525]100%|███████████████████████████████| 1/1 [00:00<00:00,  4.36it/s, loss=0.00525]
0:03:54.037410 - saving /home/ubuntu/synthetic_pose_estimation/cosypose/local_data/experiments/bracket_assembly_debug_nut_nosym_coarse_noaug--938962 442
  0%|                                                     | 0/1 [00:00<?, ?it/s]0:03:54.452604 - iteration 0
0:03:54.496354 - outputs, {'pose': tensor([[-0.9920, -0.7227,  0.3049,  0.5628, -0.6005, -0.4118,  3.6524, -1.1132,
          0.6887]], device='cuda:0', grad_fn=<AddmmBackward0>)}
0:03:54.497958 - model_outputs {'pose': tensor([[-0.9920, -0.7227,  0.3049,  0.5628, -0.6005, -0.4118,  3.6524, -1.1132,
          0.6887]], device='cuda:0', grad_fn=<AddmmBackward0>)}
0:03:54.498763 - K crop tensor([[[1.9302e+03, 0.0000e+00, 2.3759e+02],
         [0.0000e+00, 1.9302e+03, 6.7114e+01],
         [0.0000e+00, 0.0000e+00, 1.0000e+00]]], device='cuda:0')
0:03:54.499671 - TCO_input tensor([[[ 1.0000,  0.0000,  0.0000, -0.0129],
         [ 0.0000,  1.0000,  0.0000,  0.0086],
         [ 0.0000,  0.0000,  1.0000,  0.3184],
         [ 0.0000,  0.0000,  0.0000,  1.0000]]], device='cuda:0')
0:03:54.501290 - model tco output tensor([[[-0.7844,  0.4537,  0.4229, -0.0085],
         [-0.5715, -0.7937, -0.2085,  0.0058],
         [ 0.2411, -0.4052,  0.8819,  0.2193],
         [ 0.0000,  0.0000,  0.0000,  1.0000]]], device='cuda:0',
       grad_fn=<CopySlices>)
0:03:54.539070 - Wrote debug data: /home/ubuntu/synthetic_pose_estimation/cosypose/local_data/debug_data/debug_iter=1.pth.tar
0:03:54.749764 - TCO_input tensor([[[ 1.0000,  0.0000,  0.0000, -0.0129],
         [ 0.0000,  1.0000,  0.0000,  0.0086],
         [ 0.0000,  0.0000,  1.0000,  0.3184],
         [ 0.0000,  0.0000,  0.0000,  1.0000]]], device='cuda:0')
0:03:54.750744 - vxvyvz tensor([[ 3.6524, -1.1132,  0.6887]], device='cuda:0',
       grad_fn=<SliceBackward0>)
0:03:54.751738 - dR tensor([[[-0.7844,  0.4537,  0.4229],
         [-0.5715, -0.7937, -0.2085],
         [ 0.2411, -0.4052,  0.8819]]], device='cuda:0',
       grad_fn=<StackBackward0>)
0:03:54.752592 - fxfy tensor([[1930.1594, 1930.1594]], device='cuda:0')
0:03:54.755105 - TCO_gt tensor([[[-0.7893,  0.4511,  0.4165, -0.0100],
         [-0.5688, -0.7927, -0.2192,  0.0062],
         [ 0.2313, -0.4099,  0.8823,  0.1920],
         [ 0.0000,  0.0000,  0.0000,  1.0000]]], device='cuda:0')
0:03:54.756019 - TCO pred_orn tensor([[[-0.7844,  0.4537,  0.4229, -0.0100],
         [-0.5715, -0.7937, -0.2085,  0.0062],
         [ 0.2411, -0.4052,  0.8819,  0.1920],
         [ 0.0000,  0.0000,  0.0000,  1.0000]]], device='cuda:0',
       grad_fn=<CopySlices>)
0:03:54.756932 - TCO pred_xy tensor([[[-0.7893,  0.4511,  0.4165, -0.0074],
         [-0.5688, -0.7927, -0.2192,  0.0051],
         [ 0.2313, -0.4099,  0.8823,  0.1920],
         [ 0.0000,  0.0000,  0.0000,  1.0000]]], device='cuda:0',
       grad_fn=<CopySlices>)
0:03:54.757852 - TCO pred_z tensor([[[-0.7893,  0.4511,  0.4165, -0.0100],
         [-0.5688, -0.7927, -0.2192,  0.0062],
         [ 0.2313, -0.4099,  0.8823,  0.2193],
         [ 0.0000,  0.0000,  0.0000,  1.0000]]], device='cuda:0',
       grad_fn=<CopySlices>)
0:03:54.758494 - loss orn tensor([4.9567e-05], device='cuda:0', grad_fn=<MinBackward0>)
0:03:54.759118 - loss xy tensor([0.0012], device='cuda:0', grad_fn=<MinBackward0>)
0:03:54.759743 - loss z tensor([0.0091], device='cuda:0', grad_fn=<MinBackward0>)
  0%|                                        | 0/1 [00:00<?, ?it/s, loss=0.0104]100%|████████████████████████████████| 1/1 [00:00<00:00,  4.60it/s, loss=0.0104]100%|████████████████████████████████| 1/1 [00:00<00:00,  4.59it/s, loss=0.0104]
0:03:54.533842 - saving /home/ubuntu/synthetic_pose_estimation/cosypose/local_data/experiments/bracket_assembly_debug_nut_nosym_coarse_noaug--938962 443
  0%|                                                     | 0/1 [00:00<?, ?it/s]0:03:54.948779 - iteration 0
0:03:54.992492 - outputs, {'pose': tensor([[-0.9852, -0.7336,  0.2994,  0.5725, -0.6005, -0.4061,  3.6462, -1.1120,
          0.6743]], device='cuda:0', grad_fn=<AddmmBackward0>)}
0:03:54.994090 - model_outputs {'pose': tensor([[-0.9852, -0.7336,  0.2994,  0.5725, -0.6005, -0.4061,  3.6462, -1.1120,
          0.6743]], device='cuda:0', grad_fn=<AddmmBackward0>)}
0:03:54.994875 - K crop tensor([[[1.8500e+03, 0.0000e+00, 2.5002e+02],
         [0.0000e+00, 1.8500e+03, 5.3986e+01],
         [0.0000e+00, 0.0000e+00, 1.0000e+00]]], device='cuda:0')
0:03:54.995732 - TCO_input tensor([[[ 1.0000,  0.0000,  0.0000, -0.0150],
         [ 0.0000,  1.0000,  0.0000,  0.0109],
         [ 0.0000,  0.0000,  1.0000,  0.3064],
         [ 0.0000,  0.0000,  0.0000,  1.0000]]], device='cuda:0')
0:03:54.997204 - model tco output tensor([[[-0.7793,  0.4666,  0.4184, -0.0097],
         [-0.5802, -0.7894, -0.2003,  0.0072],
         [ 0.2368, -0.3988,  0.8859,  0.2066],
         [ 0.0000,  0.0000,  0.0000,  1.0000]]], device='cuda:0',
       grad_fn=<CopySlices>)
0:03:55.035208 - Wrote debug data: /home/ubuntu/synthetic_pose_estimation/cosypose/local_data/debug_data/debug_iter=1.pth.tar
0:03:55.247217 - TCO_input tensor([[[ 1.0000,  0.0000,  0.0000, -0.0150],
         [ 0.0000,  1.0000,  0.0000,  0.0109],
         [ 0.0000,  0.0000,  1.0000,  0.3064],
         [ 0.0000,  0.0000,  0.0000,  1.0000]]], device='cuda:0')
0:03:55.248160 - vxvyvz tensor([[ 3.6462, -1.1120,  0.6743]], device='cuda:0',
       grad_fn=<SliceBackward0>)
0:03:55.249151 - dR tensor([[[-0.7793,  0.4666,  0.4184],
         [-0.5802, -0.7894, -0.2003],
         [ 0.2368, -0.3988,  0.8859]]], device='cuda:0',
       grad_fn=<StackBackward0>)
0:03:55.250035 - fxfy tensor([[1850.0472, 1850.0475]], device='cuda:0')
0:03:55.252483 - TCO_gt tensor([[[-0.7893,  0.4511,  0.4165, -0.0100],
         [-0.5688, -0.7927, -0.2192,  0.0062],
         [ 0.2313, -0.4099,  0.8823,  0.1920],
         [ 0.0000,  0.0000,  0.0000,  1.0000]]], device='cuda:0')
0:03:55.253433 - TCO pred_orn tensor([[[-0.7793,  0.4666,  0.4184, -0.0100],
         [-0.5802, -0.7894, -0.2003,  0.0062],
         [ 0.2368, -0.3988,  0.8859,  0.1920],
         [ 0.0000,  0.0000,  0.0000,  1.0000]]], device='cuda:0',
       grad_fn=<CopySlices>)
0:03:55.254333 - TCO pred_xy tensor([[[-0.7893,  0.4511,  0.4165, -0.0090],
         [-0.5688, -0.7927, -0.2192,  0.0067],
         [ 0.2313, -0.4099,  0.8823,  0.1920],
         [ 0.0000,  0.0000,  0.0000,  1.0000]]], device='cuda:0',
       grad_fn=<CopySlices>)
0:03:55.255230 - TCO pred_z tensor([[[-0.7893,  0.4511,  0.4165, -0.0100],
         [-0.5688, -0.7927, -0.2192,  0.0062],
         [ 0.2313, -0.4099,  0.8823,  0.2066],
         [ 0.0000,  0.0000,  0.0000,  1.0000]]], device='cuda:0',
       grad_fn=<CopySlices>)
0:03:55.255872 - loss orn tensor([9.3316e-05], device='cuda:0', grad_fn=<MinBackward0>)
0:03:55.256498 - loss xy tensor([0.0005], device='cuda:0', grad_fn=<MinBackward0>)
0:03:55.257136 - loss z tensor([0.0049], device='cuda:0', grad_fn=<MinBackward0>)
  0%|                                       | 0/1 [00:00<?, ?it/s, loss=0.00548]100%|███████████████████████████████| 1/1 [00:00<00:00,  4.63it/s, loss=0.00548]100%|███████████████████████████████| 1/1 [00:00<00:00,  4.62it/s, loss=0.00548]
0:03:55.038015 - saving /home/ubuntu/synthetic_pose_estimation/cosypose/local_data/experiments/bracket_assembly_debug_nut_nosym_coarse_noaug--938962 444
  0%|                                                     | 0/1 [00:00<?, ?it/s]0:03:55.453091 - iteration 0
0:03:55.497394 - outputs, {'pose': tensor([[-0.9912, -0.7289,  0.2928,  0.5745, -0.6040, -0.4070,  3.6463, -1.1186,
          0.6851]], device='cuda:0', grad_fn=<AddmmBackward0>)}
0:03:55.499076 - model_outputs {'pose': tensor([[-0.9912, -0.7289,  0.2928,  0.5745, -0.6040, -0.4070,  3.6463, -1.1186,
          0.6851]], device='cuda:0', grad_fn=<AddmmBackward0>)}
0:03:55.499886 - K crop tensor([[[1.6564e+03, 0.0000e+00, 2.2855e+02],
         [0.0000e+00, 1.6564e+03, 3.8872e+01],
         [0.0000e+00, 0.0000e+00, 1.0000e+00]]], device='cuda:0')
0:03:55.500741 - TCO_input tensor([[[ 1.0000,  0.0000,  0.0000, -0.0115],
         [ 0.0000,  1.0000,  0.0000,  0.0135],
         [ 0.0000,  0.0000,  1.0000,  0.2764],
         [ 0.0000,  0.0000,  0.0000,  1.0000]]], device='cuda:0')
0:03:55.501669 - model tco output tensor([[[-0.7837,  0.4639,  0.4129, -0.0075],
         [-0.5763, -0.7911, -0.2051,  0.0091],
         [ 0.2315, -0.3988,  0.8874,  0.1894],
         [ 0.0000,  0.0000,  0.0000,  1.0000]]], device='cuda:0',
       grad_fn=<CopySlices>)
0:03:55.544163 - Wrote debug data: /home/ubuntu/synthetic_pose_estimation/cosypose/local_data/debug_data/debug_iter=1.pth.tar
0:03:55.758638 - TCO_input tensor([[[ 1.0000,  0.0000,  0.0000, -0.0115],
         [ 0.0000,  1.0000,  0.0000,  0.0135],
         [ 0.0000,  0.0000,  1.0000,  0.2764],
         [ 0.0000,  0.0000,  0.0000,  1.0000]]], device='cuda:0')
0:03:55.759711 - vxvyvz tensor([[ 3.6463, -1.1186,  0.6851]], device='cuda:0',
       grad_fn=<SliceBackward0>)
0:03:55.760741 - dR tensor([[[-0.7837,  0.4639,  0.4129],
         [-0.5763, -0.7911, -0.2051],
         [ 0.2315, -0.3988,  0.8874]]], device='cuda:0',
       grad_fn=<StackBackward0>)
0:03:55.761706 - fxfy tensor([[1656.3823, 1656.3823]], device='cuda:0')
0:03:55.764517 - TCO_gt tensor([[[-0.7893,  0.4511,  0.4165, -0.0100],
         [-0.5688, -0.7927, -0.2192,  0.0062],
         [ 0.2313, -0.4099,  0.8823,  0.1920],
         [ 0.0000,  0.0000,  0.0000,  1.0000]]], device='cuda:0')
0:03:55.765480 - TCO pred_orn tensor([[[-0.7837,  0.4639,  0.4129, -0.0100],
         [-0.5763, -0.7911, -0.2051,  0.0062],
         [ 0.2315, -0.3988,  0.8874,  0.1920],
         [ 0.0000,  0.0000,  0.0000,  1.0000]]], device='cuda:0',
       grad_fn=<CopySlices>)
0:03:55.766390 - TCO pred_xy tensor([[[-0.7893,  0.4511,  0.4165, -0.0076],
         [-0.5688, -0.7927, -0.2192,  0.0092],
         [ 0.2313, -0.4099,  0.8823,  0.1920],
         [ 0.0000,  0.0000,  0.0000,  1.0000]]], device='cuda:0',
       grad_fn=<CopySlices>)
0:03:55.767274 - TCO pred_z tensor([[[-0.7893,  0.4511,  0.4165, -0.0100],
         [-0.5688, -0.7927, -0.2192,  0.0062],
         [ 0.2313, -0.4099,  0.8823,  0.1894],
         [ 0.0000,  0.0000,  0.0000,  1.0000]]], device='cuda:0',
       grad_fn=<CopySlices>)
0:03:55.767903 - loss orn tensor([7.3787e-05], device='cuda:0', grad_fn=<MinBackward0>)
0:03:55.768528 - loss xy tensor([0.0018], device='cuda:0', grad_fn=<MinBackward0>)
0:03:55.769170 - loss z tensor([0.0009], device='cuda:0', grad_fn=<MinBackward0>)
  0%|                                       | 0/1 [00:00<?, ?it/s, loss=0.00276]100%|███████████████████████████████| 1/1 [00:00<00:00,  4.47it/s, loss=0.00276]100%|███████████████████████████████| 1/1 [00:00<00:00,  4.46it/s, loss=0.00276]
0:03:55.542653 - saving /home/ubuntu/synthetic_pose_estimation/cosypose/local_data/experiments/bracket_assembly_debug_nut_nosym_coarse_noaug--938962 445
  0%|                                                     | 0/1 [00:00<?, ?it/s]0:03:55.957855 - iteration 0
0:03:56.002026 - outputs, {'pose': tensor([[-0.9911, -0.7362,  0.2905,  0.5687, -0.6009, -0.4084,  3.6341, -1.1210,
          0.6819]], device='cuda:0', grad_fn=<AddmmBackward0>)}
0:03:56.003630 - model_outputs {'pose': tensor([[-0.9911, -0.7362,  0.2905,  0.5687, -0.6009, -0.4084,  3.6341, -1.1210,
          0.6819]], device='cuda:0', grad_fn=<AddmmBackward0>)}
0:03:56.004433 - K crop tensor([[[1.6332e+03, 0.0000e+00, 2.7182e+02],
         [0.0000e+00, 1.6332e+03, 1.4058e+01],
         [0.0000e+00, 0.0000e+00, 1.0000e+00]]], device='cuda:0')
0:03:56.005320 - TCO_input tensor([[[ 1.0000,  0.0000,  0.0000, -0.0189],
         [ 0.0000,  1.0000,  0.0000,  0.0177],
         [ 0.0000,  0.0000,  1.0000,  0.2743],
         [ 0.0000,  0.0000,  0.0000,  1.0000]]], device='cuda:0')
0:03:56.006909 - model tco output tensor([[[-0.7814,  0.4660,  0.4149, -0.0124],
         [-0.5804, -0.7870, -0.2092,  0.0119],
         [ 0.2290, -0.4043,  0.8855,  0.1871],
         [ 0.0000,  0.0000,  0.0000,  1.0000]]], device='cuda:0',
       grad_fn=<CopySlices>)
0:03:56.050847 - Wrote debug data: /home/ubuntu/synthetic_pose_estimation/cosypose/local_data/debug_data/debug_iter=1.pth.tar
0:03:56.266149 - TCO_input tensor([[[ 1.0000,  0.0000,  0.0000, -0.0189],
         [ 0.0000,  1.0000,  0.0000,  0.0177],
         [ 0.0000,  0.0000,  1.0000,  0.2743],
         [ 0.0000,  0.0000,  0.0000,  1.0000]]], device='cuda:0')
0:03:56.267121 - vxvyvz tensor([[ 3.6341, -1.1210,  0.6819]], device='cuda:0',
       grad_fn=<SliceBackward0>)
0:03:56.268108 - dR tensor([[[-0.7814,  0.4660,  0.4149],
         [-0.5804, -0.7870, -0.2092],
         [ 0.2290, -0.4043,  0.8855]]], device='cuda:0',
       grad_fn=<StackBackward0>)
0:03:56.268987 - fxfy tensor([[1633.2012, 1633.2013]], device='cuda:0')
0:03:56.271485 - TCO_gt tensor([[[-0.7893,  0.4511,  0.4165, -0.0100],
         [-0.5688, -0.7927, -0.2192,  0.0062],
         [ 0.2313, -0.4099,  0.8823,  0.1920],
         [ 0.0000,  0.0000,  0.0000,  1.0000]]], device='cuda:0')
0:03:56.272402 - TCO pred_orn tensor([[[-0.7814,  0.4660,  0.4149, -0.0100],
         [-0.5804, -0.7870, -0.2092,  0.0062],
         [ 0.2290, -0.4043,  0.8855,  0.1920],
         [ 0.0000,  0.0000,  0.0000,  1.0000]]], device='cuda:0',
       grad_fn=<CopySlices>)
0:03:56.273350 - TCO pred_xy tensor([[[-0.7893,  0.4511,  0.4165, -0.0128],
         [-0.5688, -0.7927, -0.2192,  0.0123],
         [ 0.2313, -0.4099,  0.8823,  0.1920],
         [ 0.0000,  0.0000,  0.0000,  1.0000]]], device='cuda:0',
       grad_fn=<CopySlices>)
0:03:56.274254 - TCO pred_z tensor([[[-0.7893,  0.4511,  0.4165, -0.0100],
         [-0.5688, -0.7927, -0.2192,  0.0062],
         [ 0.2313, -0.4099,  0.8823,  0.1871],
         [ 0.0000,  0.0000,  0.0000,  1.0000]]], device='cuda:0',
       grad_fn=<CopySlices>)
0:03:56.274897 - loss orn tensor([7.3631e-05], device='cuda:0', grad_fn=<MinBackward0>)
0:03:56.275528 - loss xy tensor([0.0030], device='cuda:0', grad_fn=<MinBackward0>)
0:03:56.276154 - loss z tensor([0.0016], device='cuda:0', grad_fn=<MinBackward0>)
  0%|                                       | 0/1 [00:00<?, ?it/s, loss=0.00465]100%|███████████████████████████████| 1/1 [00:00<00:00,  4.45it/s, loss=0.00465]100%|███████████████████████████████| 1/1 [00:00<00:00,  4.44it/s, loss=0.00465]
0:03:56.057215 - saving /home/ubuntu/synthetic_pose_estimation/cosypose/local_data/experiments/bracket_assembly_debug_nut_nosym_coarse_noaug--938962 446
  0%|                                                     | 0/1 [00:00<?, ?it/s]0:03:56.472383 - iteration 0
0:03:56.517036 - outputs, {'pose': tensor([[-0.9987, -0.7177,  0.2887,  0.5605, -0.5964, -0.4124,  3.6339, -1.1369,
          0.6749]], device='cuda:0', grad_fn=<AddmmBackward0>)}
0:03:56.518663 - model_outputs {'pose': tensor([[-0.9987, -0.7177,  0.2887,  0.5605, -0.5964, -0.4124,  3.6339, -1.1369,
          0.6749]], device='cuda:0', grad_fn=<AddmmBackward0>)}
0:03:56.519447 - K crop tensor([[[1.6249e+03, 0.0000e+00, 2.4904e+02],
         [0.0000e+00, 1.6249e+03, 8.8199e+01],
         [0.0000e+00, 0.0000e+00, 1.0000e+00]]], device='cuda:0')
0:03:56.520621 - TCO_input tensor([[[ 1.0000,  0.0000,  0.0000, -0.0148],
         [ 0.0000,  1.0000,  0.0000,  0.0052],
         [ 0.0000,  0.0000,  1.0000,  0.2681],
         [ 0.0000,  0.0000,  0.0000,  1.0000]]], device='cuda:0')
0:03:56.521941 - model tco output tensor([[[-0.7906,  0.4510,  0.4142, -0.0096],
         [-0.5681, -0.7927, -0.2212,  0.0034],
         [ 0.2286, -0.4102,  0.8829,  0.1809],
         [ 0.0000,  0.0000,  0.0000,  1.0000]]], device='cuda:0',
       grad_fn=<CopySlices>)
0:03:56.560314 - Wrote debug data: /home/ubuntu/synthetic_pose_estimation/cosypose/local_data/debug_data/debug_iter=1.pth.tar
0:03:56.773201 - TCO_input tensor([[[ 1.0000,  0.0000,  0.0000, -0.0148],
         [ 0.0000,  1.0000,  0.0000,  0.0052],
         [ 0.0000,  0.0000,  1.0000,  0.2681],
         [ 0.0000,  0.0000,  0.0000,  1.0000]]], device='cuda:0')
0:03:56.774166 - vxvyvz tensor([[ 3.6339, -1.1369,  0.6749]], device='cuda:0',
       grad_fn=<SliceBackward0>)
0:03:56.775142 - dR tensor([[[-0.7906,  0.4510,  0.4142],
         [-0.5681, -0.7927, -0.2212],
         [ 0.2286, -0.4102,  0.8829]]], device='cuda:0',
       grad_fn=<StackBackward0>)
0:03:56.775996 - fxfy tensor([[1624.8688, 1624.8690]], device='cuda:0')
0:03:56.778523 - TCO_gt tensor([[[-0.7893,  0.4511,  0.4165, -0.0100],
         [-0.5688, -0.7927, -0.2192,  0.0062],
         [ 0.2313, -0.4099,  0.8823,  0.1920],
         [ 0.0000,  0.0000,  0.0000,  1.0000]]], device='cuda:0')
0:03:56.779437 - TCO pred_orn tensor([[[-0.7906,  0.4510,  0.4142, -0.0100],
         [-0.5681, -0.7927, -0.2212,  0.0062],
         [ 0.2286, -0.4102,  0.8829,  0.1920],
         [ 0.0000,  0.0000,  0.0000,  1.0000]]], device='cuda:0',
       grad_fn=<CopySlices>)
0:03:56.780335 - TCO pred_xy tensor([[[-0.7893,  0.4511,  0.4165, -0.0101],
         [-0.5688, -0.7927, -0.2192,  0.0036],
         [ 0.2313, -0.4099,  0.8823,  0.1920],
         [ 0.0000,  0.0000,  0.0000,  1.0000]]], device='cuda:0',
       grad_fn=<CopySlices>)
0:03:56.781278 - TCO pred_z tensor([[[-0.7893,  0.4511,  0.4165, -0.0100],
         [-0.5688, -0.7927, -0.2192,  0.0062],
         [ 0.2313, -0.4099,  0.8823,  0.1809],
         [ 0.0000,  0.0000,  0.0000,  1.0000]]], device='cuda:0',
       grad_fn=<CopySlices>)
0:03:56.781916 - loss orn tensor([1.2187e-05], device='cuda:0', grad_fn=<MinBackward0>)
0:03:56.782542 - loss xy tensor([0.0009], device='cuda:0', grad_fn=<MinBackward0>)
0:03:56.783170 - loss z tensor([0.0037], device='cuda:0', grad_fn=<MinBackward0>)
  0%|                                       | 0/1 [00:00<?, ?it/s, loss=0.00461]100%|███████████████████████████████| 1/1 [00:00<00:00,  4.54it/s, loss=0.00461]100%|███████████████████████████████| 1/1 [00:00<00:00,  4.53it/s, loss=0.00461]
0:03:56.567734 - saving /home/ubuntu/synthetic_pose_estimation/cosypose/local_data/experiments/bracket_assembly_debug_nut_nosym_coarse_noaug--938962 447
  0%|                                                     | 0/1 [00:00<?, ?it/s]0:03:56.982905 - iteration 0
0:03:57.027084 - outputs, {'pose': tensor([[-1.0111, -0.7172,  0.2929,  0.5642, -0.5962, -0.4216,  3.6502, -1.1432,
          0.6868]], device='cuda:0', grad_fn=<AddmmBackward0>)}
0:03:57.028739 - model_outputs {'pose': tensor([[-1.0111, -0.7172,  0.2929,  0.5642, -0.5962, -0.4216,  3.6502, -1.1432,
          0.6868]], device='cuda:0', grad_fn=<AddmmBackward0>)}
0:03:57.029567 - K crop tensor([[[1.7674e+03, 0.0000e+00, 2.6471e+02],
         [0.0000e+00, 1.7674e+03, 1.4143e+01],
         [0.0000e+00, 0.0000e+00, 1.0000e+00]]], device='cuda:0')
0:03:57.030420 - TCO_input tensor([[[ 1.0000,  0.0000,  0.0000, -0.0176],
         [ 0.0000,  1.0000,  0.0000,  0.0176],
         [ 0.0000,  0.0000,  1.0000,  0.2958],
         [ 0.0000,  0.0000,  0.0000,  1.0000]]], device='cuda:0')
0:03:57.031940 - model tco output tensor([[[-0.7938,  0.4430,  0.4167, -0.0117],
         [-0.5630, -0.7944, -0.2280,  0.0120],
         [ 0.2300, -0.4155,  0.8800,  0.2032],
         [ 0.0000,  0.0000,  0.0000,  1.0000]]], device='cuda:0',
       grad_fn=<CopySlices>)
0:03:57.071870 - Wrote debug data: /home/ubuntu/synthetic_pose_estimation/cosypose/local_data/debug_data/debug_iter=1.pth.tar
0:03:57.288658 - TCO_input tensor([[[ 1.0000,  0.0000,  0.0000, -0.0176],
         [ 0.0000,  1.0000,  0.0000,  0.0176],
         [ 0.0000,  0.0000,  1.0000,  0.2958],
         [ 0.0000,  0.0000,  0.0000,  1.0000]]], device='cuda:0')
0:03:57.289676 - vxvyvz tensor([[ 3.6502, -1.1432,  0.6868]], device='cuda:0',
       grad_fn=<SliceBackward0>)
0:03:57.290677 - dR tensor([[[-0.7938,  0.4430,  0.4167],
         [-0.5630, -0.7944, -0.2280],
         [ 0.2300, -0.4155,  0.8800]]], device='cuda:0',
       grad_fn=<StackBackward0>)
0:03:57.291543 - fxfy tensor([[1767.3611, 1767.3613]], device='cuda:0')
0:03:57.294050 - TCO_gt tensor([[[-0.7893,  0.4511,  0.4165, -0.0100],
         [-0.5688, -0.7927, -0.2192,  0.0062],
         [ 0.2313, -0.4099,  0.8823,  0.1920],
         [ 0.0000,  0.0000,  0.0000,  1.0000]]], device='cuda:0')
0:03:57.294966 - TCO pred_orn tensor([[[-0.7938,  0.4430,  0.4167, -0.0100],
         [-0.5630, -0.7944, -0.2280,  0.0062],
         [ 0.2300, -0.4155,  0.8800,  0.1920],
         [ 0.0000,  0.0000,  0.0000,  1.0000]]], device='cuda:0',
       grad_fn=<CopySlices>)
0:03:57.295870 - TCO pred_xy tensor([[[-0.7893,  0.4511,  0.4165, -0.0110],
         [-0.5688, -0.7927, -0.2192,  0.0113],
         [ 0.2313, -0.4099,  0.8823,  0.1920],
         [ 0.0000,  0.0000,  0.0000,  1.0000]]], device='cuda:0',
       grad_fn=<CopySlices>)
0:03:57.296787 - TCO pred_z tensor([[[-0.7893,  0.4511,  0.4165, -0.0100],
         [-0.5688, -0.7927, -0.2192,  0.0062],
         [ 0.2313, -0.4099,  0.8823,  0.2032],
         [ 0.0000,  0.0000,  0.0000,  1.0000]]], device='cuda:0',
       grad_fn=<CopySlices>)
0:03:57.297450 - loss orn tensor([4.5191e-05], device='cuda:0', grad_fn=<MinBackward0>)
0:03:57.298088 - loss xy tensor([0.0021], device='cuda:0', grad_fn=<MinBackward0>)
0:03:57.298717 - loss z tensor([0.0037], device='cuda:0', grad_fn=<MinBackward0>)
  0%|                                       | 0/1 [00:00<?, ?it/s, loss=0.00584]100%|███████████████████████████████| 1/1 [00:00<00:00,  4.47it/s, loss=0.00584]100%|███████████████████████████████| 1/1 [00:00<00:00,  4.46it/s, loss=0.00584]
0:03:57.097363 - saving /home/ubuntu/synthetic_pose_estimation/cosypose/local_data/experiments/bracket_assembly_debug_nut_nosym_coarse_noaug--938962 448
  0%|                                                     | 0/1 [00:00<?, ?it/s]0:03:57.512440 - iteration 0
0:03:57.556290 - outputs, {'pose': tensor([[-0.9976, -0.7148,  0.2946,  0.5558, -0.5921, -0.4239,  3.6331, -1.1505,
          0.6929]], device='cuda:0', grad_fn=<AddmmBackward0>)}
0:03:57.557904 - model_outputs {'pose': tensor([[-0.9976, -0.7148,  0.2946,  0.5558, -0.5921, -0.4239,  3.6331, -1.1505,
          0.6929]], device='cuda:0', grad_fn=<AddmmBackward0>)}
0:03:57.558685 - K crop tensor([[[1.6174e+03, 0.0000e+00, 2.1028e+02],
         [0.0000e+00, 1.6174e+03, 3.5038e+01],
         [0.0000e+00, 0.0000e+00, 1.0000e+00]]], device='cuda:0')
0:03:57.559542 - TCO_input tensor([[[ 1.0000,  0.0000,  0.0000, -0.0085],
         [ 0.0000,  1.0000,  0.0000,  0.0141],
         [ 0.0000,  0.0000,  1.0000,  0.2704],
         [ 0.0000,  0.0000,  0.0000,  1.0000]]], device='cuda:0')
0:03:57.561068 - model tco output tensor([[[-0.7904,  0.4426,  0.4234, -0.0055],
         [-0.5664, -0.7915, -0.2299,  0.0097],
         [ 0.2334, -0.4215,  0.8763,  0.1874],
         [ 0.0000,  0.0000,  0.0000,  1.0000]]], device='cuda:0',
       grad_fn=<CopySlices>)
0:03:57.601746 - Wrote debug data: /home/ubuntu/synthetic_pose_estimation/cosypose/local_data/debug_data/debug_iter=1.pth.tar
0:03:57.816147 - TCO_input tensor([[[ 1.0000,  0.0000,  0.0000, -0.0085],
         [ 0.0000,  1.0000,  0.0000,  0.0141],
         [ 0.0000,  0.0000,  1.0000,  0.2704],
         [ 0.0000,  0.0000,  0.0000,  1.0000]]], device='cuda:0')
0:03:57.817195 - vxvyvz tensor([[ 3.6331, -1.1505,  0.6929]], device='cuda:0',
       grad_fn=<SliceBackward0>)
0:03:57.818249 - dR tensor([[[-0.7904,  0.4426,  0.4234],
         [-0.5664, -0.7915, -0.2299],
         [ 0.2334, -0.4215,  0.8763]]], device='cuda:0',
       grad_fn=<StackBackward0>)
0:03:57.819113 - fxfy tensor([[1617.4496, 1617.4498]], device='cuda:0')
0:03:57.821641 - TCO_gt tensor([[[-0.7893,  0.4511,  0.4165, -0.0100],
         [-0.5688, -0.7927, -0.2192,  0.0062],
         [ 0.2313, -0.4099,  0.8823,  0.1920],
         [ 0.0000,  0.0000,  0.0000,  1.0000]]], device='cuda:0')
0:03:57.822557 - TCO pred_orn tensor([[[-0.7904,  0.4426,  0.4234, -0.0100],
         [-0.5664, -0.7915, -0.2299,  0.0062],
         [ 0.2334, -0.4215,  0.8763,  0.1920],
         [ 0.0000,  0.0000,  0.0000,  1.0000]]], device='cuda:0',
       grad_fn=<CopySlices>)
0:03:57.823458 - TCO pred_xy tensor([[[-0.7893,  0.4511,  0.4165, -0.0056],
         [-0.5688, -0.7927, -0.2192,  0.0099],
         [ 0.2313, -0.4099,  0.8823,  0.1920],
         [ 0.0000,  0.0000,  0.0000,  1.0000]]], device='cuda:0',
       grad_fn=<CopySlices>)
0:03:57.824357 - TCO pred_z tensor([[[-0.7893,  0.4511,  0.4165, -0.0100],
         [-0.5688, -0.7927, -0.2192,  0.0062],
         [ 0.2313, -0.4099,  0.8823,  0.1874],
         [ 0.0000,  0.0000,  0.0000,  1.0000]]], device='cuda:0',
       grad_fn=<CopySlices>)
0:03:57.825015 - loss orn tensor([5.8707e-05], device='cuda:0', grad_fn=<MinBackward0>)
0:03:57.825667 - loss xy tensor([0.0027], device='cuda:0', grad_fn=<MinBackward0>)
0:03:57.826296 - loss z tensor([0.0015], device='cuda:0', grad_fn=<MinBackward0>)
  0%|                                        | 0/1 [00:00<?, ?it/s, loss=0.0043]100%|████████████████████████████████| 1/1 [00:00<00:00,  4.53it/s, loss=0.0043]100%|████████████████████████████████| 1/1 [00:00<00:00,  4.52it/s, loss=0.0043]
0:03:57.599507 - saving /home/ubuntu/synthetic_pose_estimation/cosypose/local_data/experiments/bracket_assembly_debug_nut_nosym_coarse_noaug--938962 449
  0%|                                                     | 0/1 [00:00<?, ?it/s]0:03:58.014589 - iteration 0
0:03:58.058652 - outputs, {'pose': tensor([[-1.0018, -0.7144,  0.2992,  0.5617, -0.5984, -0.4168,  3.6423, -1.1588,
          0.6914]], device='cuda:0', grad_fn=<AddmmBackward0>)}
0:03:58.060260 - model_outputs {'pose': tensor([[-1.0018, -0.7144,  0.2992,  0.5617, -0.5984, -0.4168,  3.6423, -1.1588,
          0.6914]], device='cuda:0', grad_fn=<AddmmBackward0>)}
0:03:58.061064 - K crop tensor([[[1.9190e+03, 0.0000e+00, 2.3048e+02],
         [0.0000e+00, 1.9190e+03, 5.6361e+01],
         [0.0000e+00, 0.0000e+00, 1.0000e+00]]], device='cuda:0')
0:03:58.061942 - TCO_input tensor([[[ 1.0000,  0.0000,  0.0000, -0.0117],
         [ 0.0000,  1.0000,  0.0000,  0.0104],
         [ 0.0000,  0.0000,  1.0000,  0.3173],
         [ 0.0000,  0.0000,  0.0000,  1.0000]]], device='cuda:0')
0:03:58.063476 - model tco output tensor([[[-0.7911,  0.4450,  0.4196, -0.0077],
         [-0.5642, -0.7959, -0.2196,  0.0071],
         [ 0.2363, -0.4105,  0.8807,  0.2194],
         [ 0.0000,  0.0000,  0.0000,  1.0000]]], device='cuda:0',
       grad_fn=<CopySlices>)
0:03:58.101274 - Wrote debug data: /home/ubuntu/synthetic_pose_estimation/cosypose/local_data/debug_data/debug_iter=1.pth.tar
0:03:58.313881 - TCO_input tensor([[[ 1.0000,  0.0000,  0.0000, -0.0117],
         [ 0.0000,  1.0000,  0.0000,  0.0104],
         [ 0.0000,  0.0000,  1.0000,  0.3173],
         [ 0.0000,  0.0000,  0.0000,  1.0000]]], device='cuda:0')
0:03:58.314834 - vxvyvz tensor([[ 3.6423, -1.1588,  0.6914]], device='cuda:0',
       grad_fn=<SliceBackward0>)
0:03:58.315814 - dR tensor([[[-0.7911,  0.4450,  0.4196],
         [-0.5642, -0.7959, -0.2196],
         [ 0.2363, -0.4105,  0.8807]]], device='cuda:0',
       grad_fn=<StackBackward0>)
0:03:58.316676 - fxfy tensor([[1918.9883, 1918.9885]], device='cuda:0')
0:03:58.319173 - TCO_gt tensor([[[-0.7893,  0.4511,  0.4165, -0.0100],
         [-0.5688, -0.7927, -0.2192,  0.0062],
         [ 0.2313, -0.4099,  0.8823,  0.1920],
         [ 0.0000,  0.0000,  0.0000,  1.0000]]], device='cuda:0')
0:03:58.320085 - TCO pred_orn tensor([[[-0.7911,  0.4450,  0.4196, -0.0100],
         [-0.5642, -0.7959, -0.2196,  0.0062],
         [ 0.2363, -0.4105,  0.8807,  0.1920],
         [ 0.0000,  0.0000,  0.0000,  1.0000]]], device='cuda:0',
       grad_fn=<CopySlices>)
0:03:58.320998 - TCO pred_xy tensor([[[-0.7893,  0.4511,  0.4165, -0.0067],
         [-0.5688, -0.7927, -0.2192,  0.0062],
         [ 0.2313, -0.4099,  0.8823,  0.1920],
         [ 0.0000,  0.0000,  0.0000,  1.0000]]], device='cuda:0',
       grad_fn=<CopySlices>)
0:03:58.321938 - TCO pred_z tensor([[[-0.7893,  0.4511,  0.4165, -0.0100],
         [-0.5688, -0.7927, -0.2192,  0.0062],
         [ 0.2313, -0.4099,  0.8823,  0.2194],
         [ 0.0000,  0.0000,  0.0000,  1.0000]]], device='cuda:0',
       grad_fn=<CopySlices>)
0:03:58.322582 - loss orn tensor([3.4367e-05], device='cuda:0', grad_fn=<MinBackward0>)
0:03:58.323210 - loss xy tensor([0.0011], device='cuda:0', grad_fn=<MinBackward0>)
0:03:58.323834 - loss z tensor([0.0091], device='cuda:0', grad_fn=<MinBackward0>)
  0%|                                        | 0/1 [00:00<?, ?it/s, loss=0.0103]100%|████████████████████████████████| 1/1 [00:00<00:00,  4.63it/s, loss=0.0103]100%|████████████████████████████████| 1/1 [00:00<00:00,  4.62it/s, loss=0.0103]
  0%|                                                     | 0/1 [00:00<?, ?it/s]0:03:58.230644 - iteration 0
0:03:58.267683 - outputs, {'pose': tensor([[-0.5956, -0.2370,  0.2163,  0.4591, -0.3097, -0.0794,  1.4205, -0.6128,
          0.4792]], device='cuda:0')}
0:03:58.269187 - model_outputs {'pose': tensor([[-0.5956, -0.2370,  0.2163,  0.4591, -0.3097, -0.0794,  1.4205, -0.6128,
          0.4792]], device='cuda:0')}
0:03:58.269975 - K crop tensor([[[2.0306e+03, 0.0000e+00, 2.7419e+02],
         [0.0000e+00, 2.0306e+03, 3.1181e+01],
         [0.0000e+00, 0.0000e+00, 1.0000e+00]]], device='cuda:0')
0:03:58.270820 - TCO_input tensor([[[ 1.0000,  0.0000,  0.0000, -0.0190],
         [ 0.0000,  1.0000,  0.0000,  0.0147],
         [ 0.0000,  0.0000,  1.0000,  0.3369],
         [ 0.0000,  0.0000,  0.0000,  1.0000]]], device='cuda:0')
0:03:58.271715 - model tco output tensor([[[-0.8804,  0.3851,  0.2768, -0.0090],
         [-0.3503, -0.9215,  0.1679,  0.0070],
         [ 0.3198,  0.0509,  0.9461,  0.1614],
         [ 0.0000,  0.0000,  0.0000,  1.0000]]], device='cuda:0')
0:03:58.310019 - Wrote debug data: /home/ubuntu/synthetic_pose_estimation/cosypose/local_data/debug_data/debug_iter=1.pth.tar
0:03:58.524325 - TCO_input tensor([[[ 1.0000,  0.0000,  0.0000, -0.0190],
         [ 0.0000,  1.0000,  0.0000,  0.0147],
         [ 0.0000,  0.0000,  1.0000,  0.3369],
         [ 0.0000,  0.0000,  0.0000,  1.0000]]], device='cuda:0')
0:03:58.525282 - vxvyvz tensor([[ 1.4205, -0.6128,  0.4792]], device='cuda:0')
0:03:58.526241 - dR tensor([[[-0.8804,  0.3851,  0.2768],
         [-0.3503, -0.9215,  0.1679],
         [ 0.3198,  0.0509,  0.9461]]], device='cuda:0')
0:03:58.527097 - fxfy tensor([[2030.5618, 2030.5621]], device='cuda:0')
0:03:58.529410 - TCO_gt tensor([[[-0.7893,  0.4511,  0.4165, -0.0100],
         [-0.5688, -0.7927, -0.2192,  0.0062],
         [ 0.2313, -0.4099,  0.8823,  0.1920],
         [ 0.0000,  0.0000,  0.0000,  1.0000]]], device='cuda:0')
0:03:58.530310 - TCO pred_orn tensor([[[-0.8804,  0.3851,  0.2768, -0.0100],
         [-0.3503, -0.9215,  0.1679,  0.0062],
         [ 0.3198,  0.0509,  0.9461,  0.1920],
         [ 0.0000,  0.0000,  0.0000,  1.0000]]], device='cuda:0')
0:03:58.531208 - TCO pred_xy tensor([[[-0.7893,  0.4511,  0.4165, -0.0107],
         [-0.5688, -0.7927, -0.2192,  0.0083],
         [ 0.2313, -0.4099,  0.8823,  0.1920],
         [ 0.0000,  0.0000,  0.0000,  1.0000]]], device='cuda:0')
0:03:58.532101 - TCO pred_z tensor([[[-0.7893,  0.4511,  0.4165, -0.0100],
         [-0.5688, -0.7927, -0.2192,  0.0062],
         [ 0.2313, -0.4099,  0.8823,  0.1614],
         [ 0.0000,  0.0000,  0.0000,  1.0000]]], device='cuda:0')
0:03:58.532740 - loss orn tensor([0.0018], device='cuda:0')
0:03:58.533401 - loss xy tensor([0.0009], device='cuda:0')
0:03:58.534027 - loss z tensor([0.0102], device='cuda:0')
100%|█████████████████████████████████████████████| 1/1 [00:00<00:00,  8.19it/s]100%|█████████████████████████████████████████████| 1/1 [00:00<00:00,  8.16it/s]
0:03:58.216449 - saving /home/ubuntu/synthetic_pose_estimation/cosypose/local_data/experiments/bracket_assembly_debug_nut_nosym_coarse_noaug--938962 450
  0%|                                                     | 0/1 [00:00<?, ?it/s]0:03:58.628325 - iteration 0
0:03:58.672123 - outputs, {'pose': tensor([[-0.9944, -0.7156,  0.2946,  0.5614, -0.6033, -0.4135,  3.6254, -1.1672,
          0.6878]], device='cuda:0', grad_fn=<AddmmBackward0>)}
0:03:58.673811 - model_outputs {'pose': tensor([[-0.9944, -0.7156,  0.2946,  0.5614, -0.6033, -0.4135,  3.6254, -1.1672,
          0.6878]], device='cuda:0', grad_fn=<AddmmBackward0>)}
0:03:58.674602 - K crop tensor([[[1.8725e+03, 0.0000e+00, 2.0674e+02],
         [0.0000e+00, 1.8725e+03, 4.9013e+01],
         [0.0000e+00, 0.0000e+00, 1.0000e+00]]], device='cuda:0')
0:03:58.675460 - TCO_input tensor([[[ 1.0000,  0.0000,  0.0000, -0.0078],
         [ 0.0000,  1.0000,  0.0000,  0.0117],
         [ 0.0000,  0.0000,  1.0000,  0.3104],
         [ 0.0000,  0.0000,  0.0000,  1.0000]]], device='cuda:0')
0:03:58.676361 - model tco output tensor([[[-0.7892,  0.4506,  0.4174, -0.0050],
         [-0.5679, -0.7941, -0.2166,  0.0079],
         [ 0.2338, -0.4080,  0.8826,  0.2135],
         [ 0.0000,  0.0000,  0.0000,  1.0000]]], device='cuda:0',
       grad_fn=<CopySlices>)
0:03:58.714933 - Wrote debug data: /home/ubuntu/synthetic_pose_estimation/cosypose/local_data/debug_data/debug_iter=1.pth.tar
0:03:58.925166 - TCO_input tensor([[[ 1.0000,  0.0000,  0.0000, -0.0078],
         [ 0.0000,  1.0000,  0.0000,  0.0117],
         [ 0.0000,  0.0000,  1.0000,  0.3104],
         [ 0.0000,  0.0000,  0.0000,  1.0000]]], device='cuda:0')
0:03:58.926230 - vxvyvz tensor([[ 3.6254, -1.1672,  0.6878]], device='cuda:0',
       grad_fn=<SliceBackward0>)
0:03:58.927243 - dR tensor([[[-0.7892,  0.4506,  0.4174],
         [-0.5679, -0.7941, -0.2166],
         [ 0.2338, -0.4080,  0.8826]]], device='cuda:0',
       grad_fn=<StackBackward0>)
0:03:58.928105 - fxfy tensor([[1872.5095, 1872.5095]], device='cuda:0')
0:03:58.930585 - TCO_gt tensor([[[-0.7893,  0.4511,  0.4165, -0.0100],
         [-0.5688, -0.7927, -0.2192,  0.0062],
         [ 0.2313, -0.4099,  0.8823,  0.1920],
         [ 0.0000,  0.0000,  0.0000,  1.0000]]], device='cuda:0')
0:03:58.931473 - TCO pred_orn tensor([[[-0.7892,  0.4506,  0.4174, -0.0100],
         [-0.5679, -0.7941, -0.2166,  0.0062],
         [ 0.2338, -0.4080,  0.8826,  0.1920],
         [ 0.0000,  0.0000,  0.0000,  1.0000]]], device='cuda:0',
       grad_fn=<CopySlices>)
0:03:58.932352 - TCO pred_xy tensor([[[-0.7893,  0.4511,  0.4165, -0.0045],
         [-0.5688, -0.7927, -0.2192,  0.0071],
         [ 0.2313, -0.4099,  0.8823,  0.1920],
         [ 0.0000,  0.0000,  0.0000,  1.0000]]], device='cuda:0',
       grad_fn=<CopySlices>)
0:03:58.933265 - TCO pred_z tensor([[[-0.7893,  0.4511,  0.4165, -0.0100],
         [-0.5688, -0.7927, -0.2192,  0.0062],
         [ 0.2313, -0.4099,  0.8823,  0.2135],
         [ 0.0000,  0.0000,  0.0000,  1.0000]]], device='cuda:0',
       grad_fn=<CopySlices>)
0:03:58.933890 - loss orn tensor([1.2290e-05], device='cuda:0', grad_fn=<MinBackward0>)
0:03:58.934500 - loss xy tensor([0.0022], device='cuda:0', grad_fn=<MinBackward0>)
0:03:58.935110 - loss z tensor([0.0072], device='cuda:0', grad_fn=<MinBackward0>)
  0%|                                       | 0/1 [00:00<?, ?it/s, loss=0.00933]100%|███████████████████████████████| 1/1 [00:00<00:00,  4.76it/s, loss=0.00933]100%|███████████████████████████████| 1/1 [00:00<00:00,  4.75it/s, loss=0.00933]
0:03:58.710112 - saving /home/ubuntu/synthetic_pose_estimation/cosypose/local_data/experiments/bracket_assembly_debug_nut_nosym_coarse_noaug--938962 451
  0%|                                                     | 0/1 [00:00<?, ?it/s]0:03:59.125357 - iteration 0
0:03:59.169347 - outputs, {'pose': tensor([[-0.9965, -0.7300,  0.2935,  0.5718, -0.6113, -0.4101,  3.6387, -1.1822,
          0.6915]], device='cuda:0', grad_fn=<AddmmBackward0>)}
0:03:59.171001 - model_outputs {'pose': tensor([[-0.9965, -0.7300,  0.2935,  0.5718, -0.6113, -0.4101,  3.6387, -1.1822,
          0.6915]], device='cuda:0', grad_fn=<AddmmBackward0>)}
0:03:59.171797 - K crop tensor([[[1.6586e+03, 0.0000e+00, 2.8213e+02],
         [0.0000e+00, 1.6586e+03, 8.2982e+01],
         [0.0000e+00, 0.0000e+00, 1.0000e+00]]], device='cuda:0')
0:03:59.172656 - TCO_input tensor([[[ 1.0000,  0.0000,  0.0000, -0.0202],
         [ 0.0000,  1.0000,  0.0000,  0.0060],
         [ 0.0000,  0.0000,  1.0000,  0.2738],
         [ 0.0000,  0.0000,  0.0000,  1.0000]]], device='cuda:0')
0:03:59.174431 - model tco output tensor([[[-0.7848,  0.4616,  0.4135, -0.0136],
         [-0.5750, -0.7913, -0.2080,  0.0040],
         [ 0.2312, -0.4010,  0.8864,  0.1894],
         [ 0.0000,  0.0000,  0.0000,  1.0000]]], device='cuda:0',
       grad_fn=<CopySlices>)
0:03:59.213742 - Wrote debug data: /home/ubuntu/synthetic_pose_estimation/cosypose/local_data/debug_data/debug_iter=1.pth.tar
0:03:59.426767 - TCO_input tensor([[[ 1.0000,  0.0000,  0.0000, -0.0202],
         [ 0.0000,  1.0000,  0.0000,  0.0060],
         [ 0.0000,  0.0000,  1.0000,  0.2738],
         [ 0.0000,  0.0000,  0.0000,  1.0000]]], device='cuda:0')
0:03:59.427843 - vxvyvz tensor([[ 3.6387, -1.1822,  0.6915]], device='cuda:0',
       grad_fn=<SliceBackward0>)
0:03:59.428870 - dR tensor([[[-0.7848,  0.4616,  0.4135],
         [-0.5750, -0.7913, -0.2080],
         [ 0.2312, -0.4010,  0.8864]]], device='cuda:0',
       grad_fn=<StackBackward0>)
0:03:59.429786 - fxfy tensor([[1658.5919, 1658.5923]], device='cuda:0')
0:03:59.432247 - TCO_gt tensor([[[-0.7893,  0.4511,  0.4165, -0.0100],
         [-0.5688, -0.7927, -0.2192,  0.0062],
         [ 0.2313, -0.4099,  0.8823,  0.1920],
         [ 0.0000,  0.0000,  0.0000,  1.0000]]], device='cuda:0')
0:03:59.433173 - TCO pred_orn tensor([[[-0.7848,  0.4616,  0.4135, -0.0100],
         [-0.5750, -0.7913, -0.2080,  0.0062],
         [ 0.2312, -0.4010,  0.8864,  0.1920],
         [ 0.0000,  0.0000,  0.0000,  1.0000]]], device='cuda:0',
       grad_fn=<CopySlices>)
0:03:59.434103 - TCO pred_xy tensor([[[-0.7893,  0.4511,  0.4165, -0.0138],
         [-0.5688, -0.7927, -0.2192,  0.0041],
         [ 0.2313, -0.4099,  0.8823,  0.1920],
         [ 0.0000,  0.0000,  0.0000,  1.0000]]], device='cuda:0',
       grad_fn=<CopySlices>)
0:03:59.435000 - TCO pred_z tensor([[[-0.7893,  0.4511,  0.4165, -0.0100],
         [-0.5688, -0.7927, -0.2192,  0.0062],
         [ 0.2313, -0.4099,  0.8823,  0.1894],
         [ 0.0000,  0.0000,  0.0000,  1.0000]]], device='cuda:0',
       grad_fn=<CopySlices>)
0:03:59.435641 - loss orn tensor([5.9248e-05], device='cuda:0', grad_fn=<MinBackward0>)
0:03:59.436268 - loss xy tensor([0.0020], device='cuda:0', grad_fn=<MinBackward0>)
0:03:59.436909 - loss z tensor([0.0009], device='cuda:0', grad_fn=<MinBackward0>)
  0%|                                       | 0/1 [00:00<?, ?it/s, loss=0.00288]100%|███████████████████████████████| 1/1 [00:00<00:00,  4.55it/s, loss=0.00288]100%|███████████████████████████████| 1/1 [00:00<00:00,  4.54it/s, loss=0.00288]
train grad_norm 1.0011740922927856
train loss_TCO-iter=1 0.01721438579261303
train loss_TCO 0.01721438579261303
train loss_total 0.01721438579261303
train grad_norm 0.7939642071723938
train loss_TCO-iter=1 0.0022903704084455967
train loss_TCO 0.0022903704084455967
train loss_total 0.0022903704084455967
train grad_norm 1.100225567817688
train loss_TCO-iter=1 0.005592372268438339
train loss_TCO 0.005592372268438339
train loss_total 0.005592372268438339
train grad_norm 1.0805150270462036
train loss_TCO-iter=1 0.003923072945326567
train loss_TCO 0.003923072945326567
train loss_total 0.003923072945326567
train grad_norm 0.98631751537323
train loss_TCO-iter=1 0.0053850095719099045
train loss_TCO 0.0053850095719099045
train loss_total 0.0053850095719099045
train grad_norm 0.9487307667732239
train loss_TCO-iter=1 0.00988916028290987
train loss_TCO 0.00988916028290987
train loss_total 0.00988916028290987
train grad_norm 0.849643886089325
train loss_TCO-iter=1 0.001741112326271832
train loss_TCO 0.001741112326271832
train loss_total 0.001741112326271832
train grad_norm 0.9858132004737854
train loss_TCO-iter=1 0.005685384850949049
train loss_TCO 0.005685384850949049
train loss_total 0.005685384850949049
train grad_norm 0.9358690977096558
val loss_TCO-iter=1 0.0289124995470047
val loss_TCO 0.0289124995470047
val loss_total 0.0289124995470047
train loss_TCO-iter=1 0.009414737112820148
train loss_TCO 0.009414737112820148
train loss_total 0.009414737112820148
train grad_norm 0.8713636994361877
train loss_TCO-iter=1 0.01026214100420475
train loss_TCO 0.01026214100420475
train loss_total 0.01026214100420475
train grad_norm 0.8520416617393494
train loss_TCO-iter=1 0.005363167729228735
train loss_TCO 0.005363167729228735
train loss_total 0.005363167729228735
train grad_norm 1.0077080726623535
train loss_TCO-iter=1 0.0032129900064319372
train loss_TCO 0.0032129900064319372
train loss_total 0.0032129900064319372
train grad_norm 0.8835573792457581
train loss_TCO-iter=1 0.003986353985965252
train loss_TCO 0.003986353985965252
train loss_total 0.003986353985965252
train grad_norm 0.919394850730896
train loss_TCO-iter=1 0.0026112624909728765
train loss_TCO 0.0026112624909728765
train loss_total 0.0026112624909728765
train grad_norm 0.9170676469802856
train loss_TCO-iter=1 0.0025260692927986383
train loss_TCO 0.0025260692927986383
train loss_total 0.0025260692927986383
train grad_norm 0.9150428175926208
train loss_TCO-iter=1 0.002408023225143552
train loss_TCO 0.002408023225143552
train loss_total 0.002408023225143552
train grad_norm 0.8566839694976807
train loss_TCO-iter=1 0.003245886880904436
train loss_TCO 0.003245886880904436
train loss_total 0.003245886880904436
train grad_norm 0.9151836037635803
train loss_TCO-iter=1 0.012427392415702343
train loss_TCO 0.012427392415702343
train loss_total 0.012427392415702343
train grad_norm 1.01287841796875
val loss_TCO-iter=1 0.019529961049556732
val loss_TCO 0.019529961049556732
val loss_total 0.019529961049556732
train loss_TCO-iter=1 0.005311529152095318
train loss_TCO 0.005311529152095318
train loss_total 0.005311529152095318
train grad_norm 0.9032871127128601
train loss_TCO-iter=1 0.008365724235773087
train loss_TCO 0.008365724235773087
train loss_total 0.008365724235773087
train grad_norm 0.9906488656997681
train loss_TCO-iter=1 0.005789360962808132
train loss_TCO 0.005789360962808132
train loss_total 0.005789360962808132
train grad_norm 0.9333752393722534
train loss_TCO-iter=1 0.0030361474491655827
train loss_TCO 0.0030361474491655827
train loss_total 0.0030361474491655827
train grad_norm 0.9418960213661194
train loss_TCO-iter=1 0.0013609089655801654
train loss_TCO 0.0013609089655801654
train loss_total 0.0013609089655801654
train grad_norm 0.9360651969909668
train loss_TCO-iter=1 0.006423335988074541
train loss_TCO 0.006423335988074541
train loss_total 0.006423335988074541
train grad_norm 0.8884124755859375
train loss_TCO-iter=1 0.0013072971487417817
train loss_TCO 0.0013072971487417817
train loss_total 0.0013072971487417817
train grad_norm 0.9846742153167725
train loss_TCO-iter=1 0.0032084942795336246
train loss_TCO 0.0032084942795336246
train loss_total 0.0032084942795336246
train grad_norm 0.9838837385177612
train loss_TCO-iter=1 0.0024370152968913317
train loss_TCO 0.0024370152968913317
train loss_total 0.0024370152968913317
train grad_norm 0.9764182567596436
train loss_TCO-iter=1 0.004850338213145733
train loss_TCO 0.004850338213145733
train loss_total 0.004850338213145733
train grad_norm 1.0088813304901123
val loss_TCO-iter=1 0.033575981855392456
val loss_TCO 0.033575981855392456
val loss_total 0.033575981855392456
train loss_TCO-iter=1 0.017629068344831467
train loss_TCO 0.017629068344831467
train loss_total 0.017629068344831467
train grad_norm 0.7512088418006897
train loss_TCO-iter=1 0.0033726408146321774
train loss_TCO 0.0033726408146321774
train loss_total 0.0033726408146321774
train grad_norm 0.9392117857933044
train loss_TCO-iter=1 0.00881376676261425
train loss_TCO 0.00881376676261425
train loss_total 0.00881376676261425
train grad_norm 0.8603161573410034
train loss_TCO-iter=1 0.013204660266637802
train loss_TCO 0.013204660266637802
train loss_total 0.013204660266637802
train grad_norm 0.796757698059082
train loss_TCO-iter=1 0.005576622672379017
train loss_TCO 0.005576622672379017
train loss_total 0.005576622672379017
train grad_norm 0.8743470907211304
train loss_TCO-iter=1 0.0032825469970703125
train loss_TCO 0.0032825469970703125
train loss_total 0.0032825469970703125
train grad_norm 0.9148460626602173
train loss_TCO-iter=1 0.008589589968323708
train loss_TCO 0.008589589968323708
train loss_total 0.008589589968323708
train grad_norm 0.9747025966644287
train loss_TCO-iter=1 0.013113905675709248
train loss_TCO 0.013113905675709248
train loss_total 0.013113905675709248
train grad_norm 1.0339977741241455
train loss_TCO-iter=1 0.005168181844055653
train loss_TCO 0.005168181844055653
train loss_total 0.005168181844055653
train grad_norm 0.8674129843711853
train loss_TCO-iter=1 0.00860748440027237
train loss_TCO 0.00860748440027237
train loss_total 0.00860748440027237
train grad_norm 0.8651291131973267
val loss_TCO-iter=1 0.03395503759384155
val loss_TCO 0.03395503759384155
val loss_total 0.03395503759384155
train loss_TCO-iter=1 0.006524340715259314
train loss_TCO 0.006524340715259314
train loss_total 0.006524340715259314
train grad_norm 0.9407994151115417
train loss_TCO-iter=1 0.0052477288991212845
train loss_TCO 0.0052477288991212845
train loss_total 0.0052477288991212845
train grad_norm 0.9240825772285461
train loss_TCO-iter=1 0.010388102382421494
train loss_TCO 0.010388102382421494
train loss_total 0.010388102382421494
train grad_norm 0.9747950434684753
train loss_TCO-iter=1 0.005476782098412514
train loss_TCO 0.005476782098412514
train loss_total 0.005476782098412514
train grad_norm 0.9625910520553589
train loss_TCO-iter=1 0.002762081567198038
train loss_TCO 0.002762081567198038
train loss_total 0.002762081567198038
train grad_norm 0.8272929191589355
train loss_TCO-iter=1 0.004654164891690016
train loss_TCO 0.004654164891690016
train loss_total 0.004654164891690016
train grad_norm 0.8504056334495544
train loss_TCO-iter=1 0.004611785523593426
train loss_TCO 0.004611785523593426
train loss_total 0.004611785523593426
train grad_norm 0.8347137570381165
train loss_TCO-iter=1 0.005835358053445816
train loss_TCO 0.005835358053445816
train loss_total 0.005835358053445816
train grad_norm 0.922968864440918
train loss_TCO-iter=1 0.00429762015119195
train loss_TCO 0.00429762015119195
train loss_total 0.00429762015119195
train grad_norm 0.8274288773536682
train loss_TCO-iter=1 0.010280202142894268
train loss_TCO 0.010280202142894268
train loss_total 0.010280202142894268
train grad_norm 0.9723168015480042
val loss_TCO-iter=1 0.012947176583111286
val loss_TCO 0.012947176583111286
val loss_total 0.012947176583111286
train loss_TCO-iter=1 0.009333809837698936
train loss_TCO 0.009333809837698936
train loss_total 0.009333809837698936
train grad_norm 0.9632360935211182
train loss_TCO-iter=1 0.0028813432436436415
train loss_TCO 0.0028813432436436415
train loss_total 0.0028813432436436415
train grad_norm 0.8487603664398193
0:03:59.203828 - saving /home/ubuntu/synthetic_pose_estimation/cosypose/local_data/experiments/bracket_assembly_debug_nut_nosym_coarse_noaug--938962 452
  0%|                                                     | 0/1 [00:00<?, ?it/s]0:03:59.618853 - iteration 0
0:03:59.662560 - outputs, {'pose': tensor([[-0.9961, -0.7332,  0.2903,  0.5698, -0.6086, -0.4124,  3.6307, -1.1902,
          0.6823]], device='cuda:0', grad_fn=<AddmmBackward0>)}
0:03:59.664105 - model_outputs {'pose': tensor([[-0.9961, -0.7332,  0.2903,  0.5698, -0.6086, -0.4124,  3.6307, -1.1902,
          0.6823]], device='cuda:0', grad_fn=<AddmmBackward0>)}
0:03:59.664883 - K crop tensor([[[1.9694e+03, 0.0000e+00, 2.8246e+02],
         [0.0000e+00, 1.9694e+03, 6.9315e+01],
         [0.0000e+00, 0.0000e+00, 1.0000e+00]]], device='cuda:0')
0:03:59.665777 - TCO_input tensor([[[ 1.0000,  0.0000,  0.0000, -0.0203],
         [ 0.0000,  1.0000,  0.0000,  0.0083],
         [ 0.0000,  0.0000,  1.0000,  0.3246],
         [ 0.0000,  0.0000,  0.0000,  1.0000]]], device='cuda:0')
0:03:59.667275 - model tco output tensor([[[-0.7841,  0.4624,  0.4141, -0.0134],
         [-0.5771, -0.7886, -0.2121,  0.0055],
         [ 0.2285, -0.4053,  0.8852,  0.2214],
         [ 0.0000,  0.0000,  0.0000,  1.0000]]], device='cuda:0',
       grad_fn=<CopySlices>)
0:03:59.704183 - Wrote debug data: /home/ubuntu/synthetic_pose_estimation/cosypose/local_data/debug_data/debug_iter=1.pth.tar
0:03:59.915535 - TCO_input tensor([[[ 1.0000,  0.0000,  0.0000, -0.0203],
         [ 0.0000,  1.0000,  0.0000,  0.0083],
         [ 0.0000,  0.0000,  1.0000,  0.3246],
         [ 0.0000,  0.0000,  0.0000,  1.0000]]], device='cuda:0')
0:03:59.916481 - vxvyvz tensor([[ 3.6307, -1.1902,  0.6823]], device='cuda:0',
       grad_fn=<SliceBackward0>)
0:03:59.917515 - dR tensor([[[-0.7841,  0.4624,  0.4141],
         [-0.5771, -0.7886, -0.2121],
         [ 0.2285, -0.4053,  0.8852]]], device='cuda:0',
       grad_fn=<StackBackward0>)
0:03:59.918385 - fxfy tensor([[1969.4376, 1969.4373]], device='cuda:0')
0:03:59.920845 - TCO_gt tensor([[[-0.7893,  0.4511,  0.4165, -0.0100],
         [-0.5688, -0.7927, -0.2192,  0.0062],
         [ 0.2313, -0.4099,  0.8823,  0.1920],
         [ 0.0000,  0.0000,  0.0000,  1.0000]]], device='cuda:0')
0:03:59.921792 - TCO pred_orn tensor([[[-0.7841,  0.4624,  0.4141, -0.0100],
         [-0.5771, -0.7886, -0.2121,  0.0062],
         [ 0.2285, -0.4053,  0.8852,  0.1920],
         [ 0.0000,  0.0000,  0.0000,  1.0000]]], device='cuda:0',
       grad_fn=<CopySlices>)
0:03:59.922697 - TCO pred_xy tensor([[[-0.7893,  0.4511,  0.4165, -0.0116],
         [-0.5688, -0.7927, -0.2192,  0.0048],
         [ 0.2313, -0.4099,  0.8823,  0.1920],
         [ 0.0000,  0.0000,  0.0000,  1.0000]]], device='cuda:0',
       grad_fn=<CopySlices>)
0:03:59.923594 - TCO pred_z tensor([[[-0.7893,  0.4511,  0.4165, -0.0100],
         [-0.5688, -0.7927, -0.2192,  0.0062],
         [ 0.2313, -0.4099,  0.8823,  0.2214],
         [ 0.0000,  0.0000,  0.0000,  1.0000]]], device='cuda:0',
       grad_fn=<CopySlices>)
0:03:59.924237 - loss orn tensor([5.5002e-05], device='cuda:0', grad_fn=<MinBackward0>)
0:03:59.924876 - loss xy tensor([0.0010], device='cuda:0', grad_fn=<MinBackward0>)
0:03:59.925532 - loss z tensor([0.0098], device='cuda:0', grad_fn=<MinBackward0>)
  0%|                                        | 0/1 [00:00<?, ?it/s, loss=0.0109]100%|████████████████████████████████| 1/1 [00:00<00:00,  4.69it/s, loss=0.0109]100%|████████████████████████████████| 1/1 [00:00<00:00,  4.68it/s, loss=0.0109]
0:03:59.684672 - saving /home/ubuntu/synthetic_pose_estimation/cosypose/local_data/experiments/bracket_assembly_debug_nut_nosym_coarse_noaug--938962 453
  0%|                                                     | 0/1 [00:00<?, ?it/s]0:04:00.100007 - iteration 0
0:04:00.146416 - outputs, {'pose': tensor([[-1.0034, -0.7305,  0.2848,  0.5648, -0.6076, -0.4162,  3.6346, -1.2019,
          0.6844]], device='cuda:0', grad_fn=<AddmmBackward0>)}
0:04:00.148040 - model_outputs {'pose': tensor([[-1.0034, -0.7305,  0.2848,  0.5648, -0.6076, -0.4162,  3.6346, -1.2019,
          0.6844]], device='cuda:0', grad_fn=<AddmmBackward0>)}
0:04:00.149386 - K crop tensor([[[1.6722e+03, 0.0000e+00, 2.7123e+02],
         [0.0000e+00, 1.6722e+03, 8.1086e+01],
         [0.0000e+00, 0.0000e+00, 1.0000e+00]]], device='cuda:0')
0:04:00.150345 - TCO_input tensor([[[ 1.0000,  0.0000,  0.0000, -0.0185],
         [ 0.0000,  1.0000,  0.0000,  0.0063],
         [ 0.0000,  0.0000,  1.0000,  0.2762],
         [ 0.0000,  0.0000,  0.0000,  1.0000]]], device='cuda:0')
0:04:00.151234 - model tco output tensor([[[-0.7880,  0.4572,  0.4123, -0.0122],
         [-0.5736, -0.7885, -0.2219,  0.0042],
         [ 0.2237, -0.4114,  0.8836,  0.1890],
         [ 0.0000,  0.0000,  0.0000,  1.0000]]], device='cuda:0',
       grad_fn=<CopySlices>)
0:04:00.189175 - Wrote debug data: /home/ubuntu/synthetic_pose_estimation/cosypose/local_data/debug_data/debug_iter=1.pth.tar
0:04:00.402106 - TCO_input tensor([[[ 1.0000,  0.0000,  0.0000, -0.0185],
         [ 0.0000,  1.0000,  0.0000,  0.0063],
         [ 0.0000,  0.0000,  1.0000,  0.2762],
         [ 0.0000,  0.0000,  0.0000,  1.0000]]], device='cuda:0')
0:04:00.403105 - vxvyvz tensor([[ 3.6346, -1.2019,  0.6844]], device='cuda:0',
       grad_fn=<SliceBackward0>)
0:04:00.404126 - dR tensor([[[-0.7880,  0.4572,  0.4123],
         [-0.5736, -0.7885, -0.2219],
         [ 0.2237, -0.4114,  0.8836]]], device='cuda:0',
       grad_fn=<StackBackward0>)
0:04:00.405001 - fxfy tensor([[1672.2064, 1672.2063]], device='cuda:0')
0:04:00.407501 - TCO_gt tensor([[[-0.7893,  0.4511,  0.4165, -0.0100],
         [-0.5688, -0.7927, -0.2192,  0.0062],
         [ 0.2313, -0.4099,  0.8823,  0.1920],
         [ 0.0000,  0.0000,  0.0000,  1.0000]]], device='cuda:0')
0:04:00.408412 - TCO pred_orn tensor([[[-0.7880,  0.4572,  0.4123, -0.0100],
         [-0.5736, -0.7885, -0.2219,  0.0062],
         [ 0.2237, -0.4114,  0.8836,  0.1920],
         [ 0.0000,  0.0000,  0.0000,  1.0000]]], device='cuda:0',
       grad_fn=<CopySlices>)
0:04:00.409548 - TCO pred_xy tensor([[[-0.7893,  0.4511,  0.4165, -0.0124],
         [-0.5688, -0.7927, -0.2192,  0.0043],
         [ 0.2313, -0.4099,  0.8823,  0.1920],
         [ 0.0000,  0.0000,  0.0000,  1.0000]]], device='cuda:0',
       grad_fn=<CopySlices>)
0:04:00.410499 - TCO pred_z tensor([[[-0.7893,  0.4511,  0.4165, -0.0100],
         [-0.5688, -0.7927, -0.2192,  0.0062],
         [ 0.2313, -0.4099,  0.8823,  0.1890],
         [ 0.0000,  0.0000,  0.0000,  1.0000]]], device='cuda:0',
       grad_fn=<CopySlices>)
0:04:00.411131 - loss orn tensor([4.2070e-05], device='cuda:0', grad_fn=<MinBackward0>)
0:04:00.411742 - loss xy tensor([0.0014], device='cuda:0', grad_fn=<MinBackward0>)
0:04:00.412355 - loss z tensor([0.0010], device='cuda:0', grad_fn=<MinBackward0>)
  0%|                                       | 0/1 [00:00<?, ?it/s, loss=0.00247]100%|███████████████████████████████| 1/1 [00:00<00:00,  4.48it/s, loss=0.00247]100%|███████████████████████████████| 1/1 [00:00<00:00,  4.47it/s, loss=0.00247]
0:04:00.186225 - saving /home/ubuntu/synthetic_pose_estimation/cosypose/local_data/experiments/bracket_assembly_debug_nut_nosym_coarse_noaug--938962 454
  0%|                                                     | 0/1 [00:00<?, ?it/s]0:04:00.601429 - iteration 0
0:04:00.644646 - outputs, {'pose': tensor([[-1.0001, -0.7303,  0.2819,  0.5570, -0.6077, -0.4219,  3.6501, -1.2061,
          0.6971]], device='cuda:0', grad_fn=<AddmmBackward0>)}
0:04:00.646270 - model_outputs {'pose': tensor([[-1.0001, -0.7303,  0.2819,  0.5570, -0.6077, -0.4219,  3.6501, -1.2061,
          0.6971]], device='cuda:0', grad_fn=<AddmmBackward0>)}
0:04:00.647082 - K crop tensor([[[1.6485e+03, 0.0000e+00, 2.6055e+02],
         [0.0000e+00, 1.6485e+03, 4.8662e+01],
         [0.0000e+00, 0.0000e+00, 1.0000e+00]]], device='cuda:0')
0:04:00.647962 - TCO_input tensor([[[ 1.0000,  0.0000,  0.0000, -0.0168],
         [ 0.0000,  1.0000,  0.0000,  0.0118],
         [ 0.0000,  0.0000,  1.0000,  0.2745],
         [ 0.0000,  0.0000,  0.0000,  1.0000]]], device='cuda:0')
0:04:00.648899 - model tco output tensor([[[-0.7875,  0.4550,  0.4158, -0.0113],
         [-0.5750, -0.7852, -0.2298,  0.0081],
         [ 0.2220, -0.4200,  0.8799,  0.1914],
         [ 0.0000,  0.0000,  0.0000,  1.0000]]], device='cuda:0',
       grad_fn=<CopySlices>)
0:04:00.688572 - Wrote debug data: /home/ubuntu/synthetic_pose_estimation/cosypose/local_data/debug_data/debug_iter=1.pth.tar
0:04:00.902660 - TCO_input tensor([[[ 1.0000,  0.0000,  0.0000, -0.0168],
         [ 0.0000,  1.0000,  0.0000,  0.0118],
         [ 0.0000,  0.0000,  1.0000,  0.2745],
         [ 0.0000,  0.0000,  0.0000,  1.0000]]], device='cuda:0')
0:04:00.903797 - vxvyvz tensor([[ 3.6501, -1.2061,  0.6971]], device='cuda:0',
       grad_fn=<SliceBackward0>)
0:04:00.904879 - dR tensor([[[-0.7875,  0.4550,  0.4158],
         [-0.5750, -0.7852, -0.2298],
         [ 0.2220, -0.4200,  0.8799]]], device='cuda:0',
       grad_fn=<StackBackward0>)
0:04:00.905840 - fxfy tensor([[1648.4884, 1648.4884]], device='cuda:0')
0:04:00.908395 - TCO_gt tensor([[[-0.7893,  0.4511,  0.4165, -0.0100],
         [-0.5688, -0.7927, -0.2192,  0.0062],
         [ 0.2313, -0.4099,  0.8823,  0.1920],
         [ 0.0000,  0.0000,  0.0000,  1.0000]]], device='cuda:0')
0:04:00.909408 - TCO pred_orn tensor([[[-0.7875,  0.4550,  0.4158, -0.0100],
         [-0.5750, -0.7852, -0.2298,  0.0062],
         [ 0.2220, -0.4200,  0.8799,  0.1920],
         [ 0.0000,  0.0000,  0.0000,  1.0000]]], device='cuda:0',
       grad_fn=<CopySlices>)
0:04:00.910359 - TCO pred_xy tensor([[[-0.7893,  0.4511,  0.4165, -0.0113],
         [-0.5688, -0.7927, -0.2192,  0.0081],
         [ 0.2313, -0.4099,  0.8823,  0.1920],
         [ 0.0000,  0.0000,  0.0000,  1.0000]]], device='cuda:0',
       grad_fn=<CopySlices>)
0:04:00.911316 - TCO pred_z tensor([[[-0.7893,  0.4511,  0.4165, -0.0100],
         [-0.5688, -0.7927, -0.2192,  0.0062],
         [ 0.2313, -0.4099,  0.8823,  0.1914],
         [ 0.0000,  0.0000,  0.0000,  1.0000]]], device='cuda:0',
       grad_fn=<CopySlices>)
0:04:00.911996 - loss orn tensor([5.7835e-05], device='cuda:0', grad_fn=<MinBackward0>)
0:04:00.912653 - loss xy tensor([0.0011], device='cuda:0', grad_fn=<MinBackward0>)
0:04:00.913353 - loss z tensor([0.0002], device='cuda:0', grad_fn=<MinBackward0>)
  0%|                                       | 0/1 [00:00<?, ?it/s, loss=0.00135]100%|███████████████████████████████| 1/1 [00:00<00:00,  4.51it/s, loss=0.00135]100%|███████████████████████████████| 1/1 [00:00<00:00,  4.50it/s, loss=0.00135]
0:04:00.678944 - saving /home/ubuntu/synthetic_pose_estimation/cosypose/local_data/experiments/bracket_assembly_debug_nut_nosym_coarse_noaug--938962 455
  0%|                                                     | 0/1 [00:00<?, ?it/s]0:04:01.094070 - iteration 0
0:04:01.139083 - outputs, {'pose': tensor([[-1.0074, -0.7178,  0.2883,  0.5602, -0.6033, -0.4179,  3.6524, -1.2072,
          0.6873]], device='cuda:0', grad_fn=<AddmmBackward0>)}
0:04:01.140689 - model_outputs {'pose': tensor([[-1.0074, -0.7178,  0.2883,  0.5602, -0.6033, -0.4179,  3.6524, -1.2072,
          0.6873]], device='cuda:0', grad_fn=<AddmmBackward0>)}
0:04:01.142160 - K crop tensor([[[2.0073e+03, 0.0000e+00, 2.5315e+02],
         [0.0000e+00, 2.0073e+03, 6.3601e+01],
         [0.0000e+00, 0.0000e+00, 1.0000e+00]]], device='cuda:0')
0:04:01.143185 - TCO_input tensor([[[ 1.0000,  0.0000,  0.0000, -0.0154],
         [ 0.0000,  1.0000,  0.0000,  0.0092],
         [ 0.0000,  0.0000,  1.0000,  0.3310],
         [ 0.0000,  0.0000,  0.0000,  1.0000]]], device='cuda:0')
0:04:01.144117 - model tco output tensor([[[-0.7932,  0.4469,  0.4138, -0.0102],
         [-0.5651, -0.7933, -0.2266,  0.0062],
         [ 0.2270, -0.4136,  0.8817,  0.2275],
         [ 0.0000,  0.0000,  0.0000,  1.0000]]], device='cuda:0',
       grad_fn=<CopySlices>)
0:04:01.182130 - Wrote debug data: /home/ubuntu/synthetic_pose_estimation/cosypose/local_data/debug_data/debug_iter=1.pth.tar
0:04:01.395478 - TCO_input tensor([[[ 1.0000,  0.0000,  0.0000, -0.0154],
         [ 0.0000,  1.0000,  0.0000,  0.0092],
         [ 0.0000,  0.0000,  1.0000,  0.3310],
         [ 0.0000,  0.0000,  0.0000,  1.0000]]], device='cuda:0')
0:04:01.396451 - vxvyvz tensor([[ 3.6524, -1.2072,  0.6873]], device='cuda:0',
       grad_fn=<SliceBackward0>)
0:04:01.397502 - dR tensor([[[-0.7932,  0.4469,  0.4138],
         [-0.5651, -0.7933, -0.2266],
         [ 0.2270, -0.4136,  0.8817]]], device='cuda:0',
       grad_fn=<StackBackward0>)
0:04:01.398401 - fxfy tensor([[2007.2528, 2007.2527]], device='cuda:0')
0:04:01.400890 - TCO_gt tensor([[[-0.7893,  0.4511,  0.4165, -0.0100],
         [-0.5688, -0.7927, -0.2192,  0.0062],
         [ 0.2313, -0.4099,  0.8823,  0.1920],
         [ 0.0000,  0.0000,  0.0000,  1.0000]]], device='cuda:0')
0:04:01.401863 - TCO pred_orn tensor([[[-0.7932,  0.4469,  0.4138, -0.0100],
         [-0.5651, -0.7933, -0.2266,  0.0062],
         [ 0.2270, -0.4136,  0.8817,  0.1920],
         [ 0.0000,  0.0000,  0.0000,  1.0000]]], device='cuda:0',
       grad_fn=<CopySlices>)
0:04:01.402807 - TCO pred_xy tensor([[[-0.7893,  0.4511,  0.4165, -0.0086],
         [-0.5688, -0.7927, -0.2192,  0.0052],
         [ 0.2313, -0.4099,  0.8823,  0.1920],
         [ 0.0000,  0.0000,  0.0000,  1.0000]]], device='cuda:0',
       grad_fn=<CopySlices>)
0:04:01.403754 - TCO pred_z tensor([[[-0.7893,  0.4511,  0.4165, -0.0100],
         [-0.5688, -0.7927, -0.2192,  0.0062],
         [ 0.2313, -0.4099,  0.8823,  0.2275],
         [ 0.0000,  0.0000,  0.0000,  1.0000]]], device='cuda:0',
       grad_fn=<CopySlices>)
0:04:01.404415 - loss orn tensor([3.4785e-05], device='cuda:0', grad_fn=<MinBackward0>)
0:04:01.405084 - loss xy tensor([0.0008], device='cuda:0', grad_fn=<MinBackward0>)
0:04:01.405766 - loss z tensor([0.0118], device='cuda:0', grad_fn=<MinBackward0>)
  0%|                                        | 0/1 [00:00<?, ?it/s, loss=0.0127]100%|████████████████████████████████| 1/1 [00:00<00:00,  4.57it/s, loss=0.0127]100%|████████████████████████████████| 1/1 [00:00<00:00,  4.56it/s, loss=0.0127]
0:04:01.179689 - saving /home/ubuntu/synthetic_pose_estimation/cosypose/local_data/experiments/bracket_assembly_debug_nut_nosym_coarse_noaug--938962 456
  0%|                                                     | 0/1 [00:00<?, ?it/s]0:04:01.595011 - iteration 0
0:04:01.638486 - outputs, {'pose': tensor([[-1.0082, -0.7087,  0.2979,  0.5587, -0.6002, -0.4199,  3.6509, -1.2080,
          0.6926]], device='cuda:0', grad_fn=<AddmmBackward0>)}
0:04:01.640046 - model_outputs {'pose': tensor([[-1.0082, -0.7087,  0.2979,  0.5587, -0.6002, -0.4199,  3.6509, -1.2080,
          0.6926]], device='cuda:0', grad_fn=<AddmmBackward0>)}
0:04:01.640805 - K crop tensor([[[1.7175e+03, 0.0000e+00, 2.1866e+02],
         [0.0000e+00, 1.7175e+03, 6.1327e+01],
         [0.0000e+00, 0.0000e+00, 1.0000e+00]]], device='cuda:0')
0:04:01.641671 - TCO_input tensor([[[ 1.0000,  0.0000,  0.0000, -0.0098],
         [ 0.0000,  1.0000,  0.0000,  0.0096],
         [ 0.0000,  0.0000,  1.0000,  0.2847],
         [ 0.0000,  0.0000,  0.0000,  1.0000]]], device='cuda:0')
0:04:01.643183 - model tco output tensor([[[-0.7952,  0.4387,  0.4186, -0.0064],
         [-0.5590, -0.7979, -0.2258,  0.0065],
         [ 0.2349, -0.4135,  0.8797,  0.1972],
         [ 0.0000,  0.0000,  0.0000,  1.0000]]], device='cuda:0',
       grad_fn=<CopySlices>)
0:04:01.682233 - Wrote debug data: /home/ubuntu/synthetic_pose_estimation/cosypose/local_data/debug_data/debug_iter=1.pth.tar
0:04:01.894715 - TCO_input tensor([[[ 1.0000,  0.0000,  0.0000, -0.0098],
         [ 0.0000,  1.0000,  0.0000,  0.0096],
         [ 0.0000,  0.0000,  1.0000,  0.2847],
         [ 0.0000,  0.0000,  0.0000,  1.0000]]], device='cuda:0')
0:04:01.895655 - vxvyvz tensor([[ 3.6509, -1.2080,  0.6926]], device='cuda:0',
       grad_fn=<SliceBackward0>)
0:04:01.896618 - dR tensor([[[-0.7952,  0.4387,  0.4186],
         [-0.5590, -0.7979, -0.2258],
         [ 0.2349, -0.4135,  0.8797]]], device='cuda:0',
       grad_fn=<StackBackward0>)
0:04:01.897498 - fxfy tensor([[1717.5397, 1717.5402]], device='cuda:0')
0:04:01.899918 - TCO_gt tensor([[[-0.7893,  0.4511,  0.4165, -0.0100],
         [-0.5688, -0.7927, -0.2192,  0.0062],
         [ 0.2313, -0.4099,  0.8823,  0.1920],
         [ 0.0000,  0.0000,  0.0000,  1.0000]]], device='cuda:0')
0:04:01.900828 - TCO pred_orn tensor([[[-0.7952,  0.4387,  0.4186, -0.0100],
         [-0.5590, -0.7979, -0.2258,  0.0062],
         [ 0.2349, -0.4135,  0.8797,  0.1920],
         [ 0.0000,  0.0000,  0.0000,  1.0000]]], device='cuda:0',
       grad_fn=<CopySlices>)
0:04:01.901745 - TCO pred_xy tensor([[[-0.7893,  0.4511,  0.4165, -0.0062],
         [-0.5688, -0.7927, -0.2192,  0.0064],
         [ 0.2313, -0.4099,  0.8823,  0.1920],
         [ 0.0000,  0.0000,  0.0000,  1.0000]]], device='cuda:0',
       grad_fn=<CopySlices>)
0:04:01.902629 - TCO pred_z tensor([[[-0.7893,  0.4511,  0.4165, -0.0100],
         [-0.5688, -0.7927, -0.2192,  0.0062],
         [ 0.2313, -0.4099,  0.8823,  0.1972],
         [ 0.0000,  0.0000,  0.0000,  1.0000]]], device='cuda:0',
       grad_fn=<CopySlices>)
0:04:01.903257 - loss orn tensor([6.1038e-05], device='cuda:0', grad_fn=<MinBackward0>)
0:04:01.903872 - loss xy tensor([0.0013], device='cuda:0', grad_fn=<MinBackward0>)
0:04:01.904483 - loss z tensor([0.0017], device='cuda:0', grad_fn=<MinBackward0>)
  0%|                                       | 0/1 [00:00<?, ?it/s, loss=0.00313]100%|███████████████████████████████| 1/1 [00:00<00:00,  4.62it/s, loss=0.00313]100%|███████████████████████████████| 1/1 [00:00<00:00,  4.61it/s, loss=0.00313]
0:04:01.670605 - saving /home/ubuntu/synthetic_pose_estimation/cosypose/local_data/experiments/bracket_assembly_debug_nut_nosym_coarse_noaug--938962 457
  0%|                                                     | 0/1 [00:00<?, ?it/s]0:04:02.085819 - iteration 0
0:04:02.132483 - outputs, {'pose': tensor([[-1.0090, -0.7074,  0.3048,  0.5571, -0.6063, -0.4191,  3.6662, -1.2159,
          0.6892]], device='cuda:0', grad_fn=<AddmmBackward0>)}
0:04:02.134109 - model_outputs {'pose': tensor([[-1.0090, -0.7074,  0.3048,  0.5571, -0.6063, -0.4191,  3.6662, -1.2159,
          0.6892]], device='cuda:0', grad_fn=<AddmmBackward0>)}
0:04:02.134884 - K crop tensor([[[1.6525e+03, 0.0000e+00, 3.0687e+02],
         [0.0000e+00, 1.6525e+03, 3.4200e+01],
         [0.0000e+00, 0.0000e+00, 1.0000e+00]]], device='cuda:0')
0:04:02.135731 - TCO_input tensor([[[ 1.0000,  0.0000,  0.0000, -0.0246],
         [ 0.0000,  1.0000,  0.0000,  0.0143],
         [ 0.0000,  0.0000,  1.0000,  0.2761],
         [ 0.0000,  0.0000,  0.0000,  1.0000]]], device='cuda:0')
0:04:02.136618 - model tco output tensor([[[-0.7949,  0.4371,  0.4209, -0.0165],
         [-0.5573, -0.8003, -0.2213,  0.0097],
         [ 0.2401, -0.4105,  0.8797,  0.1903],
         [ 0.0000,  0.0000,  0.0000,  1.0000]]], device='cuda:0',
       grad_fn=<CopySlices>)
0:04:02.178712 - Wrote debug data: /home/ubuntu/synthetic_pose_estimation/cosypose/local_data/debug_data/debug_iter=1.pth.tar
0:04:02.390722 - TCO_input tensor([[[ 1.0000,  0.0000,  0.0000, -0.0246],
         [ 0.0000,  1.0000,  0.0000,  0.0143],
         [ 0.0000,  0.0000,  1.0000,  0.2761],
         [ 0.0000,  0.0000,  0.0000,  1.0000]]], device='cuda:0')
0:04:02.391768 - vxvyvz tensor([[ 3.6662, -1.2159,  0.6892]], device='cuda:0',
       grad_fn=<SliceBackward0>)
0:04:02.392786 - dR tensor([[[-0.7949,  0.4371,  0.4209],
         [-0.5573, -0.8003, -0.2213],
         [ 0.2401, -0.4105,  0.8797]]], device='cuda:0',
       grad_fn=<StackBackward0>)
0:04:02.393672 - fxfy tensor([[1652.4624, 1652.4628]], device='cuda:0')
0:04:02.396155 - TCO_gt tensor([[[-0.7893,  0.4511,  0.4165, -0.0100],
         [-0.5688, -0.7927, -0.2192,  0.0062],
         [ 0.2313, -0.4099,  0.8823,  0.1920],
         [ 0.0000,  0.0000,  0.0000,  1.0000]]], device='cuda:0')
0:04:02.397120 - TCO pred_orn tensor([[[-0.7949,  0.4371,  0.4209, -0.0100],
         [-0.5573, -0.8003, -0.2213,  0.0062],
         [ 0.2401, -0.4105,  0.8797,  0.1920],
         [ 0.0000,  0.0000,  0.0000,  1.0000]]], device='cuda:0',
       grad_fn=<CopySlices>)
0:04:02.398076 - TCO pred_xy tensor([[[-0.7893,  0.4511,  0.4165, -0.0167],
         [-0.5688, -0.7927, -0.2192,  0.0098],
         [ 0.2313, -0.4099,  0.8823,  0.1920],
         [ 0.0000,  0.0000,  0.0000,  1.0000]]], device='cuda:0',
       grad_fn=<CopySlices>)
0:04:02.399007 - TCO pred_z tensor([[[-0.7893,  0.4511,  0.4165, -0.0100],
         [-0.5688, -0.7927, -0.2192,  0.0062],
         [ 0.2313, -0.4099,  0.8823,  0.1903],
         [ 0.0000,  0.0000,  0.0000,  1.0000]]], device='cuda:0',
       grad_fn=<CopySlices>)
0:04:02.399681 - loss orn tensor([7.5657e-05], device='cuda:0', grad_fn=<MinBackward0>)
0:04:02.400341 - loss xy tensor([0.0034], device='cuda:0', grad_fn=<MinBackward0>)
0:04:02.401011 - loss z tensor([0.0006], device='cuda:0', grad_fn=<MinBackward0>)
  0%|                                       | 0/1 [00:00<?, ?it/s, loss=0.00406]100%|███████████████████████████████| 1/1 [00:00<00:00,  4.45it/s, loss=0.00406]100%|███████████████████████████████| 1/1 [00:00<00:00,  4.44it/s, loss=0.00406]
0:04:02.189947 - saving /home/ubuntu/synthetic_pose_estimation/cosypose/local_data/experiments/bracket_assembly_debug_nut_nosym_coarse_noaug--938962 458
  0%|                                                     | 0/1 [00:00<?, ?it/s]0:04:02.608842 - iteration 0
0:04:02.659913 - outputs, {'pose': tensor([[-1.0041, -0.7142,  0.2977,  0.5668, -0.6091, -0.4122,  3.6555, -1.2193,
          0.6874]], device='cuda:0', grad_fn=<AddmmBackward0>)}
0:04:02.661652 - model_outputs {'pose': tensor([[-1.0041, -0.7142,  0.2977,  0.5668, -0.6091, -0.4122,  3.6555, -1.2193,
          0.6874]], device='cuda:0', grad_fn=<AddmmBackward0>)}
0:04:02.662498 - K crop tensor([[[1.5978e+03, 0.0000e+00, 2.8375e+02],
         [0.0000e+00, 1.5978e+03, 1.0863e+02],
         [0.0000e+00, 0.0000e+00, 1.0000e+00]]], device='cuda:0')
0:04:02.663379 - TCO_input tensor([[[ 1.0000,  0.0000,  0.0000, -0.0204],
         [ 0.0000,  1.0000,  0.0000,  0.0018],
         [ 0.0000,  0.0000,  1.0000,  0.2624],
         [ 0.0000,  0.0000,  0.0000,  1.0000]]], device='cuda:0')
0:04:02.664276 - model tco output tensor([[[-0.7921,  0.4484,  0.4141, -0.0136],
         [-0.5634, -0.7981, -0.2134,  0.0011],
         [ 0.2348, -0.4024,  0.8848,  0.1804],
         [ 0.0000,  0.0000,  0.0000,  1.0000]]], device='cuda:0',
       grad_fn=<CopySlices>)
0:04:02.701889 - Wrote debug data: /home/ubuntu/synthetic_pose_estimation/cosypose/local_data/debug_data/debug_iter=1.pth.tar
0:04:02.918314 - TCO_input tensor([[[ 1.0000,  0.0000,  0.0000, -0.0204],
         [ 0.0000,  1.0000,  0.0000,  0.0018],
         [ 0.0000,  0.0000,  1.0000,  0.2624],
         [ 0.0000,  0.0000,  0.0000,  1.0000]]], device='cuda:0')
0:04:02.919396 - vxvyvz tensor([[ 3.6555, -1.2193,  0.6874]], device='cuda:0',
       grad_fn=<SliceBackward0>)
0:04:02.920396 - dR tensor([[[-0.7921,  0.4484,  0.4141],
         [-0.5634, -0.7981, -0.2134],
         [ 0.2348, -0.4024,  0.8848]]], device='cuda:0',
       grad_fn=<StackBackward0>)
0:04:02.921289 - fxfy tensor([[1597.8047, 1597.8043]], device='cuda:0')
0:04:02.923732 - TCO_gt tensor([[[-0.7893,  0.4511,  0.4165, -0.0100],
         [-0.5688, -0.7927, -0.2192,  0.0062],
         [ 0.2313, -0.4099,  0.8823,  0.1920],
         [ 0.0000,  0.0000,  0.0000,  1.0000]]], device='cuda:0')
0:04:02.924634 - TCO pred_orn tensor([[[-0.7921,  0.4484,  0.4141, -0.0100],
         [-0.5634, -0.7981, -0.2134,  0.0062],
         [ 0.2348, -0.4024,  0.8848,  0.1920],
         [ 0.0000,  0.0000,  0.0000,  1.0000]]], device='cuda:0',
       grad_fn=<CopySlices>)
0:04:02.925574 - TCO pred_xy tensor([[[-0.7893,  0.4511,  0.4165, -0.0145],
         [-0.5688, -0.7927, -0.2192,  0.0012],
         [ 0.2313, -0.4099,  0.8823,  0.1920],
         [ 0.0000,  0.0000,  0.0000,  1.0000]]], device='cuda:0',
       grad_fn=<CopySlices>)
0:04:02.926463 - TCO pred_z tensor([[[-0.7893,  0.4511,  0.4165, -0.0100],
         [-0.5688, -0.7927, -0.2192,  0.0062],
         [ 0.2313, -0.4099,  0.8823,  0.1804],
         [ 0.0000,  0.0000,  0.0000,  1.0000]]], device='cuda:0',
       grad_fn=<CopySlices>)
0:04:02.927098 - loss orn tensor([4.0292e-05], device='cuda:0', grad_fn=<MinBackward0>)
0:04:02.927716 - loss xy tensor([0.0032], device='cuda:0', grad_fn=<MinBackward0>)
0:04:02.928331 - loss z tensor([0.0039], device='cuda:0', grad_fn=<MinBackward0>)
  0%|                                       | 0/1 [00:00<?, ?it/s, loss=0.00707]100%|███████████████████████████████| 1/1 [00:00<00:00,  4.25it/s, loss=0.00707]100%|███████████████████████████████| 1/1 [00:00<00:00,  4.24it/s, loss=0.00707]
0:04:02.702601 - saving /home/ubuntu/synthetic_pose_estimation/cosypose/local_data/experiments/bracket_assembly_debug_nut_nosym_coarse_noaug--938962 459
  0%|                                                     | 0/1 [00:00<?, ?it/s]0:04:03.118098 - iteration 0
0:04:03.162509 - outputs, {'pose': tensor([[-0.9979, -0.7251,  0.3024,  0.5641, -0.6081, -0.4127,  3.6732, -1.2211,
          0.6898]], device='cuda:0', grad_fn=<AddmmBackward0>)}
0:04:03.164196 - model_outputs {'pose': tensor([[-0.9979, -0.7251,  0.3024,  0.5641, -0.6081, -0.4127,  3.6732, -1.2211,
          0.6898]], device='cuda:0', grad_fn=<AddmmBackward0>)}
0:04:03.165025 - K crop tensor([[[1.6791e+03, 0.0000e+00, 2.7456e+02],
         [0.0000e+00, 1.6791e+03, 5.8430e+01],
         [0.0000e+00, 0.0000e+00, 1.0000e+00]]], device='cuda:0')
0:04:03.165934 - TCO_input tensor([[[ 1.0000,  0.0000,  0.0000, -0.0191],
         [ 0.0000,  1.0000,  0.0000,  0.0101],
         [ 0.0000,  0.0000,  1.0000,  0.2788],
         [ 0.0000,  0.0000,  0.0000,  1.0000]]], device='cuda:0')
0:04:03.167458 - model tco output tensor([[[-0.7857,  0.4542,  0.4199, -0.0128],
         [-0.5709, -0.7938, -0.2097,  0.0069],
         [ 0.2381, -0.4045,  0.8830,  0.1923],
         [ 0.0000,  0.0000,  0.0000,  1.0000]]], device='cuda:0',
       grad_fn=<CopySlices>)
0:04:03.205717 - Wrote debug data: /home/ubuntu/synthetic_pose_estimation/cosypose/local_data/debug_data/debug_iter=1.pth.tar
0:04:03.416139 - TCO_input tensor([[[ 1.0000,  0.0000,  0.0000, -0.0191],
         [ 0.0000,  1.0000,  0.0000,  0.0101],
         [ 0.0000,  0.0000,  1.0000,  0.2788],
         [ 0.0000,  0.0000,  0.0000,  1.0000]]], device='cuda:0')
0:04:03.417081 - vxvyvz tensor([[ 3.6732, -1.2211,  0.6898]], device='cuda:0',
       grad_fn=<SliceBackward0>)
0:04:03.418070 - dR tensor([[[-0.7857,  0.4542,  0.4199],
         [-0.5709, -0.7938, -0.2097],
         [ 0.2381, -0.4045,  0.8830]]], device='cuda:0',
       grad_fn=<StackBackward0>)
0:04:03.418916 - fxfy tensor([[1679.0656, 1679.0657]], device='cuda:0')
0:04:03.421380 - TCO_gt tensor([[[-0.7893,  0.4511,  0.4165, -0.0100],
         [-0.5688, -0.7927, -0.2192,  0.0062],
         [ 0.2313, -0.4099,  0.8823,  0.1920],
         [ 0.0000,  0.0000,  0.0000,  1.0000]]], device='cuda:0')
0:04:03.422275 - TCO pred_orn tensor([[[-0.7857,  0.4542,  0.4199, -0.0100],
         [-0.5709, -0.7938, -0.2097,  0.0062],
         [ 0.2381, -0.4045,  0.8830,  0.1920],
         [ 0.0000,  0.0000,  0.0000,  1.0000]]], device='cuda:0',
       grad_fn=<CopySlices>)
0:04:03.423163 - TCO pred_xy tensor([[[-0.7893,  0.4511,  0.4165, -0.0127],
         [-0.5688, -0.7927, -0.2192,  0.0068],
         [ 0.2313, -0.4099,  0.8823,  0.1920],
         [ 0.0000,  0.0000,  0.0000,  1.0000]]], device='cuda:0',
       grad_fn=<CopySlices>)
0:04:03.424045 - TCO pred_z tensor([[[-0.7893,  0.4511,  0.4165, -0.0100],
         [-0.5688, -0.7927, -0.2192,  0.0062],
         [ 0.2313, -0.4099,  0.8823,  0.1923],
         [ 0.0000,  0.0000,  0.0000,  1.0000]]], device='cuda:0',
       grad_fn=<CopySlices>)
0:04:03.424670 - loss orn tensor([4.0674e-05], device='cuda:0', grad_fn=<MinBackward0>)
0:04:03.425322 - loss xy tensor([0.0011], device='cuda:0', grad_fn=<MinBackward0>)
0:04:03.425946 - loss z tensor([0.0001], device='cuda:0', grad_fn=<MinBackward0>)
  0%|                                       | 0/1 [00:00<?, ?it/s, loss=0.00127]100%|███████████████████████████████| 1/1 [00:00<00:00,  4.66it/s, loss=0.00127]100%|███████████████████████████████| 1/1 [00:00<00:00,  4.65it/s, loss=0.00127]
  0%|                                                     | 0/1 [00:00<?, ?it/s]0:04:03.331855 - iteration 0
0:04:03.370027 - outputs, {'pose': tensor([[-0.5990, -0.2500,  0.2255,  0.4819, -0.3320, -0.0912,  1.5000, -0.7116,
          0.5262]], device='cuda:0')}
0:04:03.371798 - model_outputs {'pose': tensor([[-0.5990, -0.2500,  0.2255,  0.4819, -0.3320, -0.0912,  1.5000, -0.7116,
          0.5262]], device='cuda:0')}
0:04:03.372768 - K crop tensor([[[1.9244e+03, 0.0000e+00, 3.2032e+02],
         [0.0000e+00, 1.9244e+03, 9.3506e+00],
         [0.0000e+00, 0.0000e+00, 1.0000e+00]]], device='cuda:0')
0:04:03.373875 - TCO_input tensor([[[ 1.0000,  0.0000,  0.0000, -0.0269],
         [ 0.0000,  1.0000,  0.0000,  0.0184],
         [ 0.0000,  0.0000,  1.0000,  0.3213],
         [ 0.0000,  0.0000,  0.0000,  1.0000]]], device='cuda:0')
0:04:03.375010 - model tco output tensor([[[-0.8717,  0.3959,  0.2887, -0.0140],
         [-0.3638, -0.9177,  0.1598,  0.0096],
         [ 0.3282,  0.0343,  0.9440,  0.1691],
         [ 0.0000,  0.0000,  0.0000,  1.0000]]], device='cuda:0')
0:04:03.417277 - Wrote debug data: /home/ubuntu/synthetic_pose_estimation/cosypose/local_data/debug_data/debug_iter=1.pth.tar
0:04:03.629574 - TCO_input tensor([[[ 1.0000,  0.0000,  0.0000, -0.0269],
         [ 0.0000,  1.0000,  0.0000,  0.0184],
         [ 0.0000,  0.0000,  1.0000,  0.3213],
         [ 0.0000,  0.0000,  0.0000,  1.0000]]], device='cuda:0')
0:04:03.630497 - vxvyvz tensor([[ 1.5000, -0.7116,  0.5262]], device='cuda:0')
0:04:03.631440 - dR tensor([[[-0.8717,  0.3959,  0.2887],
         [-0.3638, -0.9177,  0.1598],
         [ 0.3282,  0.0343,  0.9440]]], device='cuda:0')
0:04:03.632274 - fxfy tensor([[1924.4102, 1924.4106]], device='cuda:0')
0:04:03.634669 - TCO_gt tensor([[[-0.7893,  0.4511,  0.4165, -0.0100],
         [-0.5688, -0.7927, -0.2192,  0.0062],
         [ 0.2313, -0.4099,  0.8823,  0.1920],
         [ 0.0000,  0.0000,  0.0000,  1.0000]]], device='cuda:0')
0:04:03.635554 - TCO pred_orn tensor([[[-0.8717,  0.3959,  0.2887, -0.0100],
         [-0.3638, -0.9177,  0.1598,  0.0062],
         [ 0.3282,  0.0343,  0.9440,  0.1920],
         [ 0.0000,  0.0000,  0.0000,  1.0000]]], device='cuda:0')
0:04:03.636433 - TCO pred_xy tensor([[[-0.7893,  0.4511,  0.4165, -0.0159],
         [-0.5688, -0.7927, -0.2192,  0.0109],
         [ 0.2313, -0.4099,  0.8823,  0.1920],
         [ 0.0000,  0.0000,  0.0000,  1.0000]]], device='cuda:0')
0:04:03.637360 - TCO pred_z tensor([[[-0.7893,  0.4511,  0.4165, -0.0100],
         [-0.5688, -0.7927, -0.2192,  0.0062],
         [ 0.2313, -0.4099,  0.8823,  0.1691],
         [ 0.0000,  0.0000,  0.0000,  1.0000]]], device='cuda:0')
0:04:03.638008 - loss orn tensor([0.0018], device='cuda:0')
0:04:03.638621 - loss xy tensor([0.0035], device='cuda:0')
0:04:03.639226 - loss z tensor([0.0076], device='cuda:0')
100%|█████████████████████████████████████████████| 1/1 [00:00<00:00,  7.95it/s]100%|█████████████████████████████████████████████| 1/1 [00:00<00:00,  7.92it/s]
0:04:03.337795 - saving /home/ubuntu/synthetic_pose_estimation/cosypose/local_data/experiments/bracket_assembly_debug_nut_nosym_coarse_noaug--938962 460
  0%|                                                     | 0/1 [00:00<?, ?it/s]0:04:03.749582 - iteration 0
0:04:03.793305 - outputs, {'pose': tensor([[-0.9995, -0.7294,  0.2929,  0.5635, -0.6200, -0.4112,  3.6805, -1.2353,
          0.6981]], device='cuda:0', grad_fn=<AddmmBackward0>)}
0:04:03.795001 - model_outputs {'pose': tensor([[-0.9995, -0.7294,  0.2929,  0.5635, -0.6200, -0.4112,  3.6805, -1.2353,
          0.6981]], device='cuda:0', grad_fn=<AddmmBackward0>)}
0:04:03.795795 - K crop tensor([[[1.8195e+03, 0.0000e+00, 2.7894e+02],
         [0.0000e+00, 1.8195e+03, 5.5674e+01],
         [0.0000e+00, 0.0000e+00, 1.0000e+00]]], device='cuda:0')
0:04:03.796630 - TCO_input tensor([[[ 1.0000,  0.0000,  0.0000, -0.0198],
         [ 0.0000,  1.0000,  0.0000,  0.0106],
         [ 0.0000,  0.0000,  1.0000,  0.3014],
         [ 0.0000,  0.0000,  0.0000,  1.0000]]], device='cuda:0')
0:04:03.797555 - model tco output tensor([[[-0.7861,  0.4593,  0.4137, -0.0134],
         [-0.5737, -0.7914, -0.2113,  0.0072],
         [ 0.2303, -0.4034,  0.8856,  0.2104],
         [ 0.0000,  0.0000,  0.0000,  1.0000]]], device='cuda:0',
       grad_fn=<CopySlices>)
0:04:03.835436 - Wrote debug data: /home/ubuntu/synthetic_pose_estimation/cosypose/local_data/debug_data/debug_iter=1.pth.tar
0:04:04.047842 - TCO_input tensor([[[ 1.0000,  0.0000,  0.0000, -0.0198],
         [ 0.0000,  1.0000,  0.0000,  0.0106],
         [ 0.0000,  0.0000,  1.0000,  0.3014],
         [ 0.0000,  0.0000,  0.0000,  1.0000]]], device='cuda:0')
0:04:04.048838 - vxvyvz tensor([[ 3.6805, -1.2353,  0.6981]], device='cuda:0',
       grad_fn=<SliceBackward0>)
0:04:04.049845 - dR tensor([[[-0.7861,  0.4593,  0.4137],
         [-0.5737, -0.7914, -0.2113],
         [ 0.2303, -0.4034,  0.8856]]], device='cuda:0',
       grad_fn=<StackBackward0>)
0:04:04.050704 - fxfy tensor([[1819.5299, 1819.5298]], device='cuda:0')
0:04:04.053257 - TCO_gt tensor([[[-0.7893,  0.4511,  0.4165, -0.0100],
         [-0.5688, -0.7927, -0.2192,  0.0062],
         [ 0.2313, -0.4099,  0.8823,  0.1920],
         [ 0.0000,  0.0000,  0.0000,  1.0000]]], device='cuda:0')
0:04:04.054153 - TCO pred_orn tensor([[[-0.7861,  0.4593,  0.4137, -0.0100],
         [-0.5737, -0.7914, -0.2113,  0.0062],
         [ 0.2303, -0.4034,  0.8856,  0.1920],
         [ 0.0000,  0.0000,  0.0000,  1.0000]]], device='cuda:0',
       grad_fn=<CopySlices>)
0:04:04.055041 - TCO pred_xy tensor([[[-0.7893,  0.4511,  0.4165, -0.0122],
         [-0.5688, -0.7927, -0.2192,  0.0066],
         [ 0.2313, -0.4099,  0.8823,  0.1920],
         [ 0.0000,  0.0000,  0.0000,  1.0000]]], device='cuda:0',
       grad_fn=<CopySlices>)
0:04:04.055923 - TCO pred_z tensor([[[-0.7893,  0.4511,  0.4165, -0.0100],
         [-0.5688, -0.7927, -0.2192,  0.0062],
         [ 0.2313, -0.4099,  0.8823,  0.2104],
         [ 0.0000,  0.0000,  0.0000,  1.0000]]], device='cuda:0',
       grad_fn=<CopySlices>)
0:04:04.056552 - loss orn tensor([4.4881e-05], device='cuda:0', grad_fn=<MinBackward0>)
0:04:04.057175 - loss xy tensor([0.0009], device='cuda:0', grad_fn=<MinBackward0>)
0:04:04.057832 - loss z tensor([0.0062], device='cuda:0', grad_fn=<MinBackward0>)
  0%|                                       | 0/1 [00:00<?, ?it/s, loss=0.00708]100%|███████████████████████████████| 1/1 [00:00<00:00,  4.63it/s, loss=0.00708]100%|███████████████████████████████| 1/1 [00:00<00:00,  4.62it/s, loss=0.00708]
0:04:03.846064 - saving /home/ubuntu/synthetic_pose_estimation/cosypose/local_data/experiments/bracket_assembly_debug_nut_nosym_coarse_noaug--938962 461
  0%|                                                     | 0/1 [00:00<?, ?it/s]0:04:04.264898 - iteration 0
0:04:04.311486 - outputs, {'pose': tensor([[-1.0055, -0.7390,  0.2953,  0.5660, -0.6144, -0.4231,  3.7035, -1.2497,
          0.6969]], device='cuda:0', grad_fn=<AddmmBackward0>)}
0:04:04.313199 - model_outputs {'pose': tensor([[-1.0055, -0.7390,  0.2953,  0.5660, -0.6144, -0.4231,  3.7035, -1.2497,
          0.6969]], device='cuda:0', grad_fn=<AddmmBackward0>)}
0:04:04.314000 - K crop tensor([[[2.0090e+03, 0.0000e+00, 2.7263e+02],
         [0.0000e+00, 2.0090e+03, 2.6951e+01],
         [0.0000e+00, 0.0000e+00, 1.0000e+00]]], device='cuda:0')
0:04:04.314831 - TCO_input tensor([[[ 1.0000,  0.0000,  0.0000, -0.0188],
         [ 0.0000,  1.0000,  0.0000,  0.0154],
         [ 0.0000,  0.0000,  1.0000,  0.3337],
         [ 0.0000,  0.0000,  0.0000,  1.0000]]], device='cuda:0')
0:04:04.315713 - model tco output tensor([[[-0.7841,  0.4569,  0.4200, -0.0127],
         [-0.5763, -0.7872, -0.2195,  0.0106],
         [ 0.2303, -0.4142,  0.8806,  0.2326],
         [ 0.0000,  0.0000,  0.0000,  1.0000]]], device='cuda:0',
       grad_fn=<CopySlices>)
0:04:04.354465 - Wrote debug data: /home/ubuntu/synthetic_pose_estimation/cosypose/local_data/debug_data/debug_iter=1.pth.tar
0:04:04.567756 - TCO_input tensor([[[ 1.0000,  0.0000,  0.0000, -0.0188],
         [ 0.0000,  1.0000,  0.0000,  0.0154],
         [ 0.0000,  0.0000,  1.0000,  0.3337],
         [ 0.0000,  0.0000,  0.0000,  1.0000]]], device='cuda:0')
0:04:04.568733 - vxvyvz tensor([[ 3.7035, -1.2497,  0.6969]], device='cuda:0',
       grad_fn=<SliceBackward0>)
0:04:04.569746 - dR tensor([[[-0.7841,  0.4569,  0.4200],
         [-0.5763, -0.7872, -0.2195],
         [ 0.2303, -0.4142,  0.8806]]], device='cuda:0',
       grad_fn=<StackBackward0>)
0:04:04.570595 - fxfy tensor([[2009.0082, 2009.0087]], device='cuda:0')
0:04:04.573042 - TCO_gt tensor([[[-0.7893,  0.4511,  0.4165, -0.0100],
         [-0.5688, -0.7927, -0.2192,  0.0062],
         [ 0.2313, -0.4099,  0.8823,  0.1920],
         [ 0.0000,  0.0000,  0.0000,  1.0000]]], device='cuda:0')
0:04:04.573960 - TCO pred_orn tensor([[[-0.7841,  0.4569,  0.4200, -0.0100],
         [-0.5763, -0.7872, -0.2195,  0.0062],
         [ 0.2303, -0.4142,  0.8806,  0.1920],
         [ 0.0000,  0.0000,  0.0000,  1.0000]]], device='cuda:0',
       grad_fn=<CopySlices>)
0:04:04.574856 - TCO pred_xy tensor([[[-0.7893,  0.4511,  0.4165, -0.0105],
         [-0.5688, -0.7927, -0.2192,  0.0087],
         [ 0.2313, -0.4099,  0.8823,  0.1920],
         [ 0.0000,  0.0000,  0.0000,  1.0000]]], device='cuda:0',
       grad_fn=<CopySlices>)
0:04:04.575750 - TCO pred_z tensor([[[-0.7893,  0.4511,  0.4165, -0.0100],
         [-0.5688, -0.7927, -0.2192,  0.0062],
         [ 0.2313, -0.4099,  0.8823,  0.2326],
         [ 0.0000,  0.0000,  0.0000,  1.0000]]], device='cuda:0',
       grad_fn=<CopySlices>)
0:04:04.576380 - loss orn tensor([4.3130e-05], device='cuda:0', grad_fn=<MinBackward0>)
0:04:04.577006 - loss xy tensor([0.0010], device='cuda:0', grad_fn=<MinBackward0>)
0:04:04.577662 - loss z tensor([0.0135], device='cuda:0', grad_fn=<MinBackward0>)
  0%|                                        | 0/1 [00:00<?, ?it/s, loss=0.0146]100%|████████████████████████████████| 1/1 [00:00<00:00,  4.48it/s, loss=0.0146]100%|████████████████████████████████| 1/1 [00:00<00:00,  4.47it/s, loss=0.0146]
0:04:04.348939 - saving /home/ubuntu/synthetic_pose_estimation/cosypose/local_data/experiments/bracket_assembly_debug_nut_nosym_coarse_noaug--938962 462
  0%|                                                     | 0/1 [00:00<?, ?it/s]0:04:04.764072 - iteration 0
0:04:04.808174 - outputs, {'pose': tensor([[-1.0014, -0.7274,  0.2886,  0.5645, -0.6010, -0.4271,  3.7053, -1.2479,
          0.6795]], device='cuda:0', grad_fn=<AddmmBackward0>)}
0:04:04.809898 - model_outputs {'pose': tensor([[-1.0014, -0.7274,  0.2886,  0.5645, -0.6010, -0.4271,  3.7053, -1.2479,
          0.6795]], device='cuda:0', grad_fn=<AddmmBackward0>)}
0:04:04.810686 - K crop tensor([[[1.8278e+03, 0.0000e+00, 2.1562e+02],
         [0.0000e+00, 1.8278e+03, 4.5493e+01],
         [0.0000e+00, 0.0000e+00, 1.0000e+00]]], device='cuda:0')
0:04:04.811536 - TCO_input tensor([[[ 1.0000,  0.0000,  0.0000, -0.0093],
         [ 0.0000,  1.0000,  0.0000,  0.0123],
         [ 0.0000,  0.0000,  1.0000,  0.3034],
         [ 0.0000,  0.0000,  0.0000,  1.0000]]], device='cuda:0')
0:04:04.812984 - model tco output tensor([[[-0.7879,  0.4504,  0.4198, -0.0059],
         [-0.5723, -0.7872, -0.2296,  0.0082],
         [ 0.2271, -0.4212,  0.8781,  0.2062],
         [ 0.0000,  0.0000,  0.0000,  1.0000]]], device='cuda:0',
       grad_fn=<CopySlices>)
0:04:04.851326 - Wrote debug data: /home/ubuntu/synthetic_pose_estimation/cosypose/local_data/debug_data/debug_iter=1.pth.tar
0:04:05.064413 - TCO_input tensor([[[ 1.0000,  0.0000,  0.0000, -0.0093],
         [ 0.0000,  1.0000,  0.0000,  0.0123],
         [ 0.0000,  0.0000,  1.0000,  0.3034],
         [ 0.0000,  0.0000,  0.0000,  1.0000]]], device='cuda:0')
0:04:05.065501 - vxvyvz tensor([[ 3.7053, -1.2479,  0.6795]], device='cuda:0',
       grad_fn=<SliceBackward0>)
0:04:05.066518 - dR tensor([[[-0.7879,  0.4504,  0.4198],
         [-0.5723, -0.7872, -0.2296],
         [ 0.2271, -0.4212,  0.8781]]], device='cuda:0',
       grad_fn=<StackBackward0>)
0:04:05.067383 - fxfy tensor([[1827.8472, 1827.8470]], device='cuda:0')
0:04:05.069914 - TCO_gt tensor([[[-0.7893,  0.4511,  0.4165, -0.0100],
         [-0.5688, -0.7927, -0.2192,  0.0062],
         [ 0.2313, -0.4099,  0.8823,  0.1920],
         [ 0.0000,  0.0000,  0.0000,  1.0000]]], device='cuda:0')
0:04:05.070823 - TCO pred_orn tensor([[[-0.7879,  0.4504,  0.4198, -0.0100],
         [-0.5723, -0.7872, -0.2296,  0.0062],
         [ 0.2271, -0.4212,  0.8781,  0.1920],
         [ 0.0000,  0.0000,  0.0000,  1.0000]]], device='cuda:0',
       grad_fn=<CopySlices>)
0:04:05.071715 - TCO pred_xy tensor([[[-0.7893,  0.4511,  0.4165, -0.0055],
         [-0.5688, -0.7927, -0.2192,  0.0076],
         [ 0.2313, -0.4099,  0.8823,  0.1920],
         [ 0.0000,  0.0000,  0.0000,  1.0000]]], device='cuda:0',
       grad_fn=<CopySlices>)
0:04:05.072609 - TCO pred_z tensor([[[-0.7893,  0.4511,  0.4165, -0.0100],
         [-0.5688, -0.7927, -0.2192,  0.0062],
         [ 0.2313, -0.4099,  0.8823,  0.2062],
         [ 0.0000,  0.0000,  0.0000,  1.0000]]], device='cuda:0',
       grad_fn=<CopySlices>)
0:04:05.073267 - loss orn tensor([4.6314e-05], device='cuda:0', grad_fn=<MinBackward0>)
0:04:05.073880 - loss xy tensor([0.0020], device='cuda:0', grad_fn=<MinBackward0>)
0:04:05.074493 - loss z tensor([0.0047], device='cuda:0', grad_fn=<MinBackward0>)
  0%|                                       | 0/1 [00:00<?, ?it/s, loss=0.00677]100%|███████████████████████████████| 1/1 [00:00<00:00,  4.52it/s, loss=0.00677]100%|███████████████████████████████| 1/1 [00:00<00:00,  4.50it/s, loss=0.00677]
0:04:04.861436 - saving /home/ubuntu/synthetic_pose_estimation/cosypose/local_data/experiments/bracket_assembly_debug_nut_nosym_coarse_noaug--938962 463
  0%|                                                     | 0/1 [00:00<?, ?it/s]0:04:05.276712 - iteration 0
0:04:05.320983 - outputs, {'pose': tensor([[-1.0043, -0.7237,  0.2869,  0.5589, -0.6060, -0.4213,  3.7149, -1.2607,
          0.6778]], device='cuda:0', grad_fn=<AddmmBackward0>)}
0:04:05.322591 - model_outputs {'pose': tensor([[-1.0043, -0.7237,  0.2869,  0.5589, -0.6060, -0.4213,  3.7149, -1.2607,
          0.6778]], device='cuda:0', grad_fn=<AddmmBackward0>)}
0:04:05.323366 - K crop tensor([[[1.6097e+03, 0.0000e+00, 2.6525e+02],
         [0.0000e+00, 1.6097e+03, 1.0373e+02],
         [0.0000e+00, 0.0000e+00, 1.0000e+00]]], device='cuda:0')
0:04:05.324221 - TCO_input tensor([[[ 1.0000,  0.0000,  0.0000, -0.0174],
         [ 0.0000,  1.0000,  0.0000,  0.0026],
         [ 0.0000,  0.0000,  1.0000,  0.2646],
         [ 0.0000,  0.0000,  0.0000,  1.0000]]], device='cuda:0')
0:04:05.325815 - model tco output tensor([[[-0.7904,  0.4498,  0.4160, -0.0114],
         [-0.5695, -0.7896, -0.2283,  0.0016],
         [ 0.2258, -0.4173,  0.8803,  0.1794],
         [ 0.0000,  0.0000,  0.0000,  1.0000]]], device='cuda:0',
       grad_fn=<CopySlices>)
0:04:05.363771 - Wrote debug data: /home/ubuntu/synthetic_pose_estimation/cosypose/local_data/debug_data/debug_iter=1.pth.tar
0:04:05.576890 - TCO_input tensor([[[ 1.0000,  0.0000,  0.0000, -0.0174],
         [ 0.0000,  1.0000,  0.0000,  0.0026],
         [ 0.0000,  0.0000,  1.0000,  0.2646],
         [ 0.0000,  0.0000,  0.0000,  1.0000]]], device='cuda:0')
0:04:05.577911 - vxvyvz tensor([[ 3.7149, -1.2607,  0.6778]], device='cuda:0',
       grad_fn=<SliceBackward0>)
0:04:05.578902 - dR tensor([[[-0.7904,  0.4498,  0.4160],
         [-0.5695, -0.7896, -0.2283],
         [ 0.2258, -0.4173,  0.8803]]], device='cuda:0',
       grad_fn=<StackBackward0>)
0:04:05.579755 - fxfy tensor([[1609.6958, 1609.6959]], device='cuda:0')
0:04:05.582247 - TCO_gt tensor([[[-0.7893,  0.4511,  0.4165, -0.0100],
         [-0.5688, -0.7927, -0.2192,  0.0062],
         [ 0.2313, -0.4099,  0.8823,  0.1920],
         [ 0.0000,  0.0000,  0.0000,  1.0000]]], device='cuda:0')
0:04:05.583151 - TCO pred_orn tensor([[[-0.7904,  0.4498,  0.4160, -0.0100],
         [-0.5695, -0.7896, -0.2283,  0.0062],
         [ 0.2258, -0.4173,  0.8803,  0.1920],
         [ 0.0000,  0.0000,  0.0000,  1.0000]]], device='cuda:0',
       grad_fn=<CopySlices>)
0:04:05.584041 - TCO pred_xy tensor([[[-0.7893,  0.4511,  0.4165, -0.0122],
         [-0.5688, -0.7927, -0.2192,  0.0017],
         [ 0.2313, -0.4099,  0.8823,  0.1920],
         [ 0.0000,  0.0000,  0.0000,  1.0000]]], device='cuda:0',
       grad_fn=<CopySlices>)
0:04:05.584946 - TCO pred_z tensor([[[-0.7893,  0.4511,  0.4165, -0.0100],
         [-0.5688, -0.7927, -0.2192,  0.0062],
         [ 0.2313, -0.4099,  0.8823,  0.1794],
         [ 0.0000,  0.0000,  0.0000,  1.0000]]], device='cuda:0',
       grad_fn=<CopySlices>)
0:04:05.585598 - loss orn tensor([3.5372e-05], device='cuda:0', grad_fn=<MinBackward0>)
0:04:05.586225 - loss xy tensor([0.0022], device='cuda:0', grad_fn=<MinBackward0>)
0:04:05.586837 - loss z tensor([0.0042], device='cuda:0', grad_fn=<MinBackward0>)
  0%|                                       | 0/1 [00:00<?, ?it/s, loss=0.00643]100%|███████████████████████████████| 1/1 [00:00<00:00,  4.60it/s, loss=0.00643]100%|███████████████████████████████| 1/1 [00:00<00:00,  4.60it/s, loss=0.00643]
0:04:05.363822 - saving /home/ubuntu/synthetic_pose_estimation/cosypose/local_data/experiments/bracket_assembly_debug_nut_nosym_coarse_noaug--938962 464
  0%|                                                     | 0/1 [00:00<?, ?it/s]0:04:05.779020 - iteration 0
0:04:05.826361 - outputs, {'pose': tensor([[-0.9999, -0.7179,  0.2946,  0.5671, -0.6119, -0.4205,  3.7156, -1.2631,
          0.6563]], device='cuda:0', grad_fn=<AddmmBackward0>)}
0:04:05.827965 - model_outputs {'pose': tensor([[-0.9999, -0.7179,  0.2946,  0.5671, -0.6119, -0.4205,  3.7156, -1.2631,
          0.6563]], device='cuda:0', grad_fn=<AddmmBackward0>)}
0:04:05.828753 - K crop tensor([[[1.7528e+03, 0.0000e+00, 1.9839e+02],
         [0.0000e+00, 1.7528e+03, 9.9408e+01],
         [0.0000e+00, 0.0000e+00, 1.0000e+00]]], device='cuda:0')
0:04:05.829628 - TCO_input tensor([[[ 1.0000,  0.0000,  0.0000, -0.0064],
         [ 0.0000,  1.0000,  0.0000,  0.0033],
         [ 0.0000,  0.0000,  1.0000,  0.2879],
         [ 0.0000,  0.0000,  0.0000,  1.0000]]], device='cuda:0')
0:04:05.831148 - model tco output tensor([[[-0.7900,  0.4492,  0.4173, -0.0038],
         [-0.5672, -0.7938, -0.2194,  0.0020],
         [ 0.2327, -0.4100,  0.8819,  0.1889],
         [ 0.0000,  0.0000,  0.0000,  1.0000]]], device='cuda:0',
       grad_fn=<CopySlices>)
0:04:05.870083 - Wrote debug data: /home/ubuntu/synthetic_pose_estimation/cosypose/local_data/debug_data/debug_iter=1.pth.tar
0:04:06.082304 - TCO_input tensor([[[ 1.0000,  0.0000,  0.0000, -0.0064],
         [ 0.0000,  1.0000,  0.0000,  0.0033],
         [ 0.0000,  0.0000,  1.0000,  0.2879],
         [ 0.0000,  0.0000,  0.0000,  1.0000]]], device='cuda:0')
0:04:06.083416 - vxvyvz tensor([[ 3.7156, -1.2631,  0.6563]], device='cuda:0',
       grad_fn=<SliceBackward0>)
0:04:06.084430 - dR tensor([[[-0.7900,  0.4492,  0.4173],
         [-0.5672, -0.7938, -0.2194],
         [ 0.2327, -0.4100,  0.8819]]], device='cuda:0',
       grad_fn=<StackBackward0>)
0:04:06.085349 - fxfy tensor([[1752.8008, 1752.8008]], device='cuda:0')
0:04:06.087806 - TCO_gt tensor([[[-0.7893,  0.4511,  0.4165, -0.0100],
         [-0.5688, -0.7927, -0.2192,  0.0062],
         [ 0.2313, -0.4099,  0.8823,  0.1920],
         [ 0.0000,  0.0000,  0.0000,  1.0000]]], device='cuda:0')
0:04:06.088719 - TCO pred_orn tensor([[[-0.7900,  0.4492,  0.4173, -0.0100],
         [-0.5672, -0.7938, -0.2194,  0.0062],
         [ 0.2327, -0.4100,  0.8819,  0.1920],
         [ 0.0000,  0.0000,  0.0000,  1.0000]]], device='cuda:0',
       grad_fn=<CopySlices>)
0:04:06.089643 - TCO pred_xy tensor([[[-0.7893,  0.4511,  0.4165, -0.0039],
         [-0.5688, -0.7927, -0.2192,  0.0021],
         [ 0.2313, -0.4099,  0.8823,  0.1920],
         [ 0.0000,  0.0000,  0.0000,  1.0000]]], device='cuda:0',
       grad_fn=<CopySlices>)
0:04:06.090527 - TCO pred_z tensor([[[-0.7893,  0.4511,  0.4165, -0.0100],
         [-0.5688, -0.7927, -0.2192,  0.0062],
         [ 0.2313, -0.4099,  0.8823,  0.1889],
         [ 0.0000,  0.0000,  0.0000,  1.0000]]], device='cuda:0',
       grad_fn=<CopySlices>)
0:04:06.091153 - loss orn tensor([1.1067e-05], device='cuda:0', grad_fn=<MinBackward0>)
0:04:06.094724 - loss xy tensor([0.0034], device='cuda:0', grad_fn=<MinBackward0>)
0:04:06.095343 - loss z tensor([0.0010], device='cuda:0', grad_fn=<MinBackward0>)
  0%|                                       | 0/1 [00:00<?, ?it/s, loss=0.00445]100%|███████████████████████████████| 1/1 [00:00<00:00,  4.47it/s, loss=0.00445]100%|███████████████████████████████| 1/1 [00:00<00:00,  4.46it/s, loss=0.00445]
0:04:05.873013 - saving /home/ubuntu/synthetic_pose_estimation/cosypose/local_data/experiments/bracket_assembly_debug_nut_nosym_coarse_noaug--938962 465
  0%|                                                     | 0/1 [00:00<?, ?it/s]0:04:06.288084 - iteration 0
0:04:06.331607 - outputs, {'pose': tensor([[-1.0066, -0.7260,  0.2814,  0.5620, -0.6143, -0.4164,  3.7288, -1.2830,
          0.6750]], device='cuda:0', grad_fn=<AddmmBackward0>)}
0:04:06.333152 - model_outputs {'pose': tensor([[-1.0066, -0.7260,  0.2814,  0.5620, -0.6143, -0.4164,  3.7288, -1.2830,
          0.6750]], device='cuda:0', grad_fn=<AddmmBackward0>)}
0:04:06.333942 - K crop tensor([[[1.8132e+03, 0.0000e+00, 2.2390e+02],
         [0.0000e+00, 1.8132e+03, 1.9505e+01],
         [0.0000e+00, 0.0000e+00, 1.0000e+00]]], device='cuda:0')
0:04:06.334788 - TCO_input tensor([[[ 1.0000,  0.0000,  0.0000, -0.0108],
         [ 0.0000,  1.0000,  0.0000,  0.0167],
         [ 0.0000,  0.0000,  1.0000,  0.3028],
         [ 0.0000,  0.0000,  0.0000,  1.0000]]], device='cuda:0')
0:04:06.336214 - model tco output tensor([[[-0.7910,  0.4547,  0.4094, -0.0068],
         [-0.5705, -0.7899, -0.2249,  0.0111],
         [ 0.2211, -0.4114,  0.8842,  0.2044],
         [ 0.0000,  0.0000,  0.0000,  1.0000]]], device='cuda:0',
       grad_fn=<CopySlices>)
0:04:06.374939 - Wrote debug data: /home/ubuntu/synthetic_pose_estimation/cosypose/local_data/debug_data/debug_iter=1.pth.tar
0:04:06.589829 - TCO_input tensor([[[ 1.0000,  0.0000,  0.0000, -0.0108],
         [ 0.0000,  1.0000,  0.0000,  0.0167],
         [ 0.0000,  0.0000,  1.0000,  0.3028],
         [ 0.0000,  0.0000,  0.0000,  1.0000]]], device='cuda:0')
0:04:06.590777 - vxvyvz tensor([[ 3.7288, -1.2830,  0.6750]], device='cuda:0',
       grad_fn=<SliceBackward0>)
0:04:06.591748 - dR tensor([[[-0.7910,  0.4547,  0.4094],
         [-0.5705, -0.7899, -0.2249],
         [ 0.2211, -0.4114,  0.8842]]], device='cuda:0',
       grad_fn=<StackBackward0>)
0:04:06.592592 - fxfy tensor([[1813.1646, 1813.1648]], device='cuda:0')
0:04:06.595174 - TCO_gt tensor([[[-0.7893,  0.4511,  0.4165, -0.0100],
         [-0.5688, -0.7927, -0.2192,  0.0062],
         [ 0.2313, -0.4099,  0.8823,  0.1920],
         [ 0.0000,  0.0000,  0.0000,  1.0000]]], device='cuda:0')
0:04:06.596076 - TCO pred_orn tensor([[[-0.7910,  0.4547,  0.4094, -0.0100],
         [-0.5705, -0.7899, -0.2249,  0.0062],
         [ 0.2211, -0.4114,  0.8842,  0.1920],
         [ 0.0000,  0.0000,  0.0000,  1.0000]]], device='cuda:0',
       grad_fn=<CopySlices>)
0:04:06.596982 - TCO pred_xy tensor([[[-0.7893,  0.4511,  0.4165, -0.0064],
         [-0.5688, -0.7927, -0.2192,  0.0105],
         [ 0.2313, -0.4099,  0.8823,  0.1920],
         [ 0.0000,  0.0000,  0.0000,  1.0000]]], device='cuda:0',
       grad_fn=<CopySlices>)
0:04:06.597896 - TCO pred_z tensor([[[-0.7893,  0.4511,  0.4165, -0.0100],
         [-0.5688, -0.7927, -0.2192,  0.0062],
         [ 0.2313, -0.4099,  0.8823,  0.2044],
         [ 0.0000,  0.0000,  0.0000,  1.0000]]], device='cuda:0',
       grad_fn=<CopySlices>)
0:04:06.598624 - loss orn tensor([4.2307e-05], device='cuda:0', grad_fn=<MinBackward0>)
0:04:06.599244 - loss xy tensor([0.0026], device='cuda:0', grad_fn=<MinBackward0>)
0:04:06.599858 - loss z tensor([0.0041], device='cuda:0', grad_fn=<MinBackward0>)
  0%|                                       | 0/1 [00:00<?, ?it/s, loss=0.00681]100%|███████████████████████████████| 1/1 [00:00<00:00,  4.55it/s, loss=0.00681]100%|███████████████████████████████| 1/1 [00:00<00:00,  4.54it/s, loss=0.00681]
0:04:06.388241 - saving /home/ubuntu/synthetic_pose_estimation/cosypose/local_data/experiments/bracket_assembly_debug_nut_nosym_coarse_noaug--938962 466
  0%|                                                     | 0/1 [00:00<?, ?it/s]0:04:06.803229 - iteration 0
0:04:06.846893 - outputs, {'pose': tensor([[-0.9959, -0.7291,  0.2899,  0.5667, -0.6218, -0.4069,  3.7275, -1.2798,
          0.6528]], device='cuda:0', grad_fn=<AddmmBackward0>)}
0:04:06.848481 - model_outputs {'pose': tensor([[-0.9959, -0.7291,  0.2899,  0.5667, -0.6218, -0.4069,  3.7275, -1.2798,
          0.6528]], device='cuda:0', grad_fn=<AddmmBackward0>)}
0:04:06.849264 - K crop tensor([[[1.8326e+03, 0.0000e+00, 2.4335e+02],
         [0.0000e+00, 1.8326e+03, 1.2538e+02],
         [0.0000e+00, 0.0000e+00, 1.0000e+00]]], device='cuda:0')
0:04:06.850097 - TCO_input tensor([[[ 1.0000e+00,  0.0000e+00,  0.0000e+00, -1.3719e-02],
         [ 0.0000e+00,  1.0000e+00,  0.0000e+00, -9.6187e-04],
         [ 0.0000e+00,  0.0000e+00,  1.0000e+00,  2.9981e-01],
         [ 0.0000e+00,  0.0000e+00,  0.0000e+00,  1.0000e+00]]],
       device='cuda:0')
0:04:06.851577 - model tco output tensor([[[-7.8548e-01,  4.6333e-01,  4.1030e-01, -8.5577e-03],
         [-5.7508e-01, -7.9141e-01, -2.0725e-01, -7.6462e-04],
         [ 2.2869e-01, -3.9875e-01,  8.8809e-01,  1.9573e-01],
         [ 0.0000e+00,  0.0000e+00,  0.0000e+00,  1.0000e+00]]],
       device='cuda:0', grad_fn=<CopySlices>)
0:04:06.891441 - Wrote debug data: /home/ubuntu/synthetic_pose_estimation/cosypose/local_data/debug_data/debug_iter=1.pth.tar
0:04:07.103626 - TCO_input tensor([[[ 1.0000e+00,  0.0000e+00,  0.0000e+00, -1.3719e-02],
         [ 0.0000e+00,  1.0000e+00,  0.0000e+00, -9.6187e-04],
         [ 0.0000e+00,  0.0000e+00,  1.0000e+00,  2.9981e-01],
         [ 0.0000e+00,  0.0000e+00,  0.0000e+00,  1.0000e+00]]],
       device='cuda:0')
0:04:07.104764 - vxvyvz tensor([[ 3.7275, -1.2798,  0.6528]], device='cuda:0',
       grad_fn=<SliceBackward0>)
0:04:07.105820 - dR tensor([[[-0.7855,  0.4633,  0.4103],
         [-0.5751, -0.7914, -0.2073],
         [ 0.2287, -0.3987,  0.8881]]], device='cuda:0',
       grad_fn=<StackBackward0>)
0:04:07.106688 - fxfy tensor([[1832.5597, 1832.5598]], device='cuda:0')
0:04:07.109483 - TCO_gt tensor([[[-0.7893,  0.4511,  0.4165, -0.0100],
         [-0.5688, -0.7927, -0.2192,  0.0062],
         [ 0.2313, -0.4099,  0.8823,  0.1920],
         [ 0.0000,  0.0000,  0.0000,  1.0000]]], device='cuda:0')
0:04:07.110441 - TCO pred_orn tensor([[[-0.7855,  0.4633,  0.4103, -0.0100],
         [-0.5751, -0.7914, -0.2073,  0.0062],
         [ 0.2287, -0.3987,  0.8881,  0.1920],
         [ 0.0000,  0.0000,  0.0000,  1.0000]]], device='cuda:0',
       grad_fn=<CopySlices>)
0:04:07.111323 - TCO pred_xy tensor([[[-7.8929e-01,  4.5115e-01,  4.1651e-01, -8.3934e-03],
         [-5.6879e-01, -7.9274e-01, -2.1920e-01, -7.4994e-04],
         [ 2.3129e-01, -4.0992e-01,  8.8231e-01,  1.9197e-01],
         [ 0.0000e+00,  0.0000e+00,  0.0000e+00,  1.0000e+00]]],
       device='cuda:0', grad_fn=<CopySlices>)
0:04:07.112207 - TCO pred_z tensor([[[-0.7893,  0.4511,  0.4165, -0.0100],
         [-0.5688, -0.7927, -0.2192,  0.0062],
         [ 0.2313, -0.4099,  0.8823,  0.1957],
         [ 0.0000,  0.0000,  0.0000,  1.0000]]], device='cuda:0',
       grad_fn=<CopySlices>)
0:04:07.112848 - loss orn tensor([6.9677e-05], device='cuda:0', grad_fn=<MinBackward0>)
0:04:07.113504 - loss xy tensor([0.0028], device='cuda:0', grad_fn=<MinBackward0>)
0:04:07.114154 - loss z tensor([0.0013], device='cuda:0', grad_fn=<MinBackward0>)
  0%|                                       | 0/1 [00:00<?, ?it/s, loss=0.00417]100%|███████████████████████████████| 1/1 [00:00<00:00,  4.58it/s, loss=0.00417]100%|███████████████████████████████| 1/1 [00:00<00:00,  4.57it/s, loss=0.00417]
0:04:06.877101 - saving /home/ubuntu/synthetic_pose_estimation/cosypose/local_data/experiments/bracket_assembly_debug_nut_nosym_coarse_noaug--938962 467
  0%|                                                     | 0/1 [00:00<?, ?it/s]0:04:07.292183 - iteration 0
0:04:07.335780 - outputs, {'pose': tensor([[-0.9992, -0.7291,  0.2909,  0.5746, -0.6171, -0.4080,  3.7292, -1.2854,
          0.6513]], device='cuda:0', grad_fn=<AddmmBackward0>)}
0:04:07.337343 - model_outputs {'pose': tensor([[-0.9992, -0.7291,  0.2909,  0.5746, -0.6171, -0.4080,  3.7292, -1.2854,
          0.6513]], device='cuda:0', grad_fn=<AddmmBackward0>)}
0:04:07.338138 - K crop tensor([[[1.9606e+03, 0.0000e+00, 2.4246e+02],
         [0.0000e+00, 1.9606e+03, 3.9188e+01],
         [0.0000e+00, 0.0000e+00, 1.0000e+00]]], device='cuda:0')
0:04:07.338977 - TCO_input tensor([[[ 1.0000,  0.0000,  0.0000, -0.0138],
         [ 0.0000,  1.0000,  0.0000,  0.0133],
         [ 0.0000,  0.0000,  1.0000,  0.3251],
         [ 0.0000,  0.0000,  0.0000,  1.0000]]], device='cuda:0')
0:04:07.340420 - model tco output tensor([[[-0.7863,  0.4627,  0.4094, -0.0086],
         [-0.5738, -0.7926, -0.2064,  0.0085],
         [ 0.2290, -0.3972,  0.8887,  0.2118],
         [ 0.0000,  0.0000,  0.0000,  1.0000]]], device='cuda:0',
       grad_fn=<CopySlices>)
0:04:07.377858 - Wrote debug data: /home/ubuntu/synthetic_pose_estimation/cosypose/local_data/debug_data/debug_iter=1.pth.tar
0:04:07.591182 - TCO_input tensor([[[ 1.0000,  0.0000,  0.0000, -0.0138],
         [ 0.0000,  1.0000,  0.0000,  0.0133],
         [ 0.0000,  0.0000,  1.0000,  0.3251],
         [ 0.0000,  0.0000,  0.0000,  1.0000]]], device='cuda:0')
0:04:07.592120 - vxvyvz tensor([[ 3.7292, -1.2854,  0.6513]], device='cuda:0',
       grad_fn=<SliceBackward0>)
0:04:07.593097 - dR tensor([[[-0.7863,  0.4627,  0.4094],
         [-0.5738, -0.7926, -0.2064],
         [ 0.2290, -0.3972,  0.8887]]], device='cuda:0',
       grad_fn=<StackBackward0>)
0:04:07.593963 - fxfy tensor([[1960.5924, 1960.5929]], device='cuda:0')
0:04:07.596365 - TCO_gt tensor([[[-0.7893,  0.4511,  0.4165, -0.0100],
         [-0.5688, -0.7927, -0.2192,  0.0062],
         [ 0.2313, -0.4099,  0.8823,  0.1920],
         [ 0.0000,  0.0000,  0.0000,  1.0000]]], device='cuda:0')
0:04:07.597301 - TCO pred_orn tensor([[[-0.7863,  0.4627,  0.4094, -0.0100],
         [-0.5738, -0.7926, -0.2064,  0.0062],
         [ 0.2290, -0.3972,  0.8887,  0.1920],
         [ 0.0000,  0.0000,  0.0000,  1.0000]]], device='cuda:0',
       grad_fn=<CopySlices>)
0:04:07.598190 - TCO pred_xy tensor([[[-0.7893,  0.4511,  0.4165, -0.0078],
         [-0.5688, -0.7927, -0.2192,  0.0077],
         [ 0.2313, -0.4099,  0.8823,  0.1920],
         [ 0.0000,  0.0000,  0.0000,  1.0000]]], device='cuda:0',
       grad_fn=<CopySlices>)
0:04:07.599074 - TCO pred_z tensor([[[-0.7893,  0.4511,  0.4165, -0.0100],
         [-0.5688, -0.7927, -0.2192,  0.0062],
         [ 0.2313, -0.4099,  0.8823,  0.2118],
         [ 0.0000,  0.0000,  0.0000,  1.0000]]], device='cuda:0',
       grad_fn=<CopySlices>)
0:04:07.599700 - loss orn tensor([7.0302e-05], device='cuda:0', grad_fn=<MinBackward0>)
0:04:07.600313 - loss xy tensor([0.0013], device='cuda:0', grad_fn=<MinBackward0>)
0:04:07.600938 - loss z tensor([0.0066], device='cuda:0', grad_fn=<MinBackward0>)
  0%|                                       | 0/1 [00:00<?, ?it/s, loss=0.00794]100%|███████████████████████████████| 1/1 [00:00<00:00,  4.56it/s, loss=0.00794]100%|███████████████████████████████| 1/1 [00:00<00:00,  4.55it/s, loss=0.00794]
0:04:07.399895 - saving /home/ubuntu/synthetic_pose_estimation/cosypose/local_data/experiments/bracket_assembly_debug_nut_nosym_coarse_noaug--938962 468
  0%|                                                     | 0/1 [00:00<?, ?it/s]0:04:07.814976 - iteration 0
0:04:07.858603 - outputs, {'pose': tensor([[-1.0013, -0.7241,  0.3002,  0.5663, -0.6214, -0.4093,  3.7264, -1.2916,
          0.6410]], device='cuda:0', grad_fn=<AddmmBackward0>)}
0:04:07.860153 - model_outputs {'pose': tensor([[-1.0013, -0.7241,  0.3002,  0.5663, -0.6214, -0.4093,  3.7264, -1.2916,
          0.6410]], device='cuda:0', grad_fn=<AddmmBackward0>)}
0:04:07.860936 - K crop tensor([[[1.5921e+03, 0.0000e+00, 2.4928e+02],
         [0.0000e+00, 1.5921e+03, 2.9222e+01],
         [0.0000e+00, 0.0000e+00, 1.0000e+00]]], device='cuda:0')
0:04:07.861833 - TCO_input tensor([[[ 1.0000,  0.0000,  0.0000, -0.0150],
         [ 0.0000,  1.0000,  0.0000,  0.0151],
         [ 0.0000,  0.0000,  1.0000,  0.2667],
         [ 0.0000,  0.0000,  0.0000,  1.0000]]], device='cuda:0')
0:04:07.863324 - model tco output tensor([[[-0.7874,  0.4561,  0.4147, -0.0092],
         [-0.5694, -0.7958, -0.2060,  0.0096],
         [ 0.2361, -0.3983,  0.8863,  0.1710],
         [ 0.0000,  0.0000,  0.0000,  1.0000]]], device='cuda:0',
       grad_fn=<CopySlices>)
0:04:07.903525 - Wrote debug data: /home/ubuntu/synthetic_pose_estimation/cosypose/local_data/debug_data/debug_iter=1.pth.tar
0:04:08.118735 - TCO_input tensor([[[ 1.0000,  0.0000,  0.0000, -0.0150],
         [ 0.0000,  1.0000,  0.0000,  0.0151],
         [ 0.0000,  0.0000,  1.0000,  0.2667],
         [ 0.0000,  0.0000,  0.0000,  1.0000]]], device='cuda:0')
0:04:08.119700 - vxvyvz tensor([[ 3.7264, -1.2916,  0.6410]], device='cuda:0',
       grad_fn=<SliceBackward0>)
0:04:08.120667 - dR tensor([[[-0.7874,  0.4561,  0.4147],
         [-0.5694, -0.7958, -0.2060],
         [ 0.2361, -0.3983,  0.8863]]], device='cuda:0',
       grad_fn=<StackBackward0>)
0:04:08.121549 - fxfy tensor([[1592.0890, 1592.0894]], device='cuda:0')
0:04:08.123974 - TCO_gt tensor([[[-0.7893,  0.4511,  0.4165, -0.0100],
         [-0.5688, -0.7927, -0.2192,  0.0062],
         [ 0.2313, -0.4099,  0.8823,  0.1920],
         [ 0.0000,  0.0000,  0.0000,  1.0000]]], device='cuda:0')
0:04:08.124884 - TCO pred_orn tensor([[[-0.7874,  0.4561,  0.4147, -0.0100],
         [-0.5694, -0.7958, -0.2060,  0.0062],
         [ 0.2361, -0.3983,  0.8863,  0.1920],
         [ 0.0000,  0.0000,  0.0000,  1.0000]]], device='cuda:0',
       grad_fn=<CopySlices>)
0:04:08.125850 - TCO pred_xy tensor([[[-0.7893,  0.4511,  0.4165, -0.0104],
         [-0.5688, -0.7927, -0.2192,  0.0107],
         [ 0.2313, -0.4099,  0.8823,  0.1920],
         [ 0.0000,  0.0000,  0.0000,  1.0000]]], device='cuda:0',
       grad_fn=<CopySlices>)
0:04:08.126733 - TCO pred_z tensor([[[-0.7893,  0.4511,  0.4165, -0.0100],
         [-0.5688, -0.7927, -0.2192,  0.0062],
         [ 0.2313, -0.4099,  0.8823,  0.1710],
         [ 0.0000,  0.0000,  0.0000,  1.0000]]], device='cuda:0',
       grad_fn=<CopySlices>)
0:04:08.127362 - loss orn tensor([5.4249e-05], device='cuda:0', grad_fn=<MinBackward0>)
0:04:08.127975 - loss xy tensor([0.0016], device='cuda:0', grad_fn=<MinBackward0>)
0:04:08.128586 - loss z tensor([0.0070], device='cuda:0', grad_fn=<MinBackward0>)
  0%|                                       | 0/1 [00:00<?, ?it/s, loss=0.00869]100%|███████████████████████████████| 1/1 [00:00<00:00,  4.51it/s, loss=0.00869]100%|███████████████████████████████| 1/1 [00:00<00:00,  4.50it/s, loss=0.00869]
0:04:07.920145 - saving /home/ubuntu/synthetic_pose_estimation/cosypose/local_data/experiments/bracket_assembly_debug_nut_nosym_coarse_noaug--938962 469
  0%|                                                     | 0/1 [00:00<?, ?it/s]0:04:08.335423 - iteration 0
0:04:08.379340 - outputs, {'pose': tensor([[-1.0084, -0.7165,  0.2929,  0.5608, -0.6178, -0.4187,  3.7385, -1.3054,
          0.6391]], device='cuda:0', grad_fn=<AddmmBackward0>)}
0:04:08.380976 - model_outputs {'pose': tensor([[-1.0084, -0.7165,  0.2929,  0.5608, -0.6178, -0.4187,  3.7385, -1.3054,
          0.6391]], device='cuda:0', grad_fn=<AddmmBackward0>)}
0:04:08.381788 - K crop tensor([[[1.6820e+03, 0.0000e+00, 3.4706e+02],
         [0.0000e+00, 1.6820e+03, 1.3172e+02],
         [0.0000e+00, 0.0000e+00, 1.0000e+00]]], device='cuda:0')
0:04:08.382635 - TCO_input tensor([[[ 1.0000,  0.0000,  0.0000, -0.0308],
         [ 0.0000,  1.0000,  0.0000, -0.0020],
         [ 0.0000,  0.0000,  1.0000,  0.2761],
         [ 0.0000,  0.0000,  0.0000,  1.0000]]], device='cuda:0')
0:04:08.384101 - model tco output tensor([[[-0.7933,  0.4463,  0.4142, -0.0193],
         [-0.5636, -0.7956, -0.2221, -0.0014],
         [ 0.2304, -0.4097,  0.8827,  0.1765],
         [ 0.0000,  0.0000,  0.0000,  1.0000]]], device='cuda:0',
       grad_fn=<CopySlices>)
0:04:08.419781 - Wrote debug data: /home/ubuntu/synthetic_pose_estimation/cosypose/local_data/debug_data/debug_iter=1.pth.tar
0:04:08.632943 - TCO_input tensor([[[ 1.0000,  0.0000,  0.0000, -0.0308],
         [ 0.0000,  1.0000,  0.0000, -0.0020],
         [ 0.0000,  0.0000,  1.0000,  0.2761],
         [ 0.0000,  0.0000,  0.0000,  1.0000]]], device='cuda:0')
0:04:08.634076 - vxvyvz tensor([[ 3.7385, -1.3054,  0.6391]], device='cuda:0',
       grad_fn=<SliceBackward0>)
0:04:08.635083 - dR tensor([[[-0.7933,  0.4463,  0.4142],
         [-0.5636, -0.7956, -0.2221],
         [ 0.2304, -0.4097,  0.8827]]], device='cuda:0',
       grad_fn=<StackBackward0>)
0:04:08.635961 - fxfy tensor([[1682.0082, 1682.0082]], device='cuda:0')
0:04:08.638607 - TCO_gt tensor([[[-0.7893,  0.4511,  0.4165, -0.0100],
         [-0.5688, -0.7927, -0.2192,  0.0062],
         [ 0.2313, -0.4099,  0.8823,  0.1920],
         [ 0.0000,  0.0000,  0.0000,  1.0000]]], device='cuda:0')
0:04:08.639515 - TCO pred_orn tensor([[[-0.7933,  0.4463,  0.4142, -0.0100],
         [-0.5636, -0.7956, -0.2221,  0.0062],
         [ 0.2304, -0.4097,  0.8827,  0.1920],
         [ 0.0000,  0.0000,  0.0000,  1.0000]]], device='cuda:0',
       grad_fn=<CopySlices>)
0:04:08.640423 - TCO pred_xy tensor([[[-0.7893,  0.4511,  0.4165, -0.0210],
         [-0.5688, -0.7927, -0.2192, -0.0015],
         [ 0.2313, -0.4099,  0.8823,  0.1920],
         [ 0.0000,  0.0000,  0.0000,  1.0000]]], device='cuda:0',
       grad_fn=<CopySlices>)
0:04:08.641365 - TCO pred_z tensor([[[-0.7893,  0.4511,  0.4165, -0.0100],
         [-0.5688, -0.7927, -0.2192,  0.0062],
         [ 0.2313, -0.4099,  0.8823,  0.1765],
         [ 0.0000,  0.0000,  0.0000,  1.0000]]], device='cuda:0',
       grad_fn=<CopySlices>)
0:04:08.642034 - loss orn tensor([2.6558e-05], device='cuda:0', grad_fn=<MinBackward0>)
0:04:08.642659 - loss xy tensor([0.0062], device='cuda:0', grad_fn=<MinBackward0>)
0:04:08.643275 - loss z tensor([0.0052], device='cuda:0', grad_fn=<MinBackward0>)
  0%|                                        | 0/1 [00:00<?, ?it/s, loss=0.0114]100%|████████████████████████████████| 1/1 [00:00<00:00,  4.65it/s, loss=0.0114]100%|████████████████████████████████| 1/1 [00:00<00:00,  4.64it/s, loss=0.0114]
  0%|                                                     | 0/1 [00:00<?, ?it/s]0:04:08.550340 - iteration 0
0:04:08.586350 - outputs, {'pose': tensor([[-0.6262, -0.3015,  0.2453,  0.4955, -0.3582, -0.1240,  1.6094, -0.8227,
          0.4834]], device='cuda:0')}
0:04:08.587754 - model_outputs {'pose': tensor([[-0.6262, -0.3015,  0.2453,  0.4955, -0.3582, -0.1240,  1.6094, -0.8227,
          0.4834]], device='cuda:0')}
0:04:08.588501 - K crop tensor([[[1.6498e+03, 0.0000e+00, 2.5448e+02],
         [0.0000e+00, 1.6498e+03, 7.0902e+01],
         [0.0000e+00, 0.0000e+00, 1.0000e+00]]], device='cuda:0')
0:04:08.589349 - TCO_input tensor([[[ 1.0000,  0.0000,  0.0000, -0.0157],
         [ 0.0000,  1.0000,  0.0000,  0.0080],
         [ 0.0000,  0.0000,  1.0000,  0.2732],
         [ 0.0000,  0.0000,  0.0000,  1.0000]]], device='cuda:0')
0:04:08.590251 - model tco output tensor([[[-0.8496,  0.4224,  0.3159, -0.0075],
         [-0.4091, -0.9057,  0.1107,  0.0038],
         [ 0.3329, -0.0352,  0.9423,  0.1321],
         [ 0.0000,  0.0000,  0.0000,  1.0000]]], device='cuda:0')
0:04:08.628466 - Wrote debug data: /home/ubuntu/synthetic_pose_estimation/cosypose/local_data/debug_data/debug_iter=1.pth.tar
0:04:08.844348 - TCO_input tensor([[[ 1.0000,  0.0000,  0.0000, -0.0157],
         [ 0.0000,  1.0000,  0.0000,  0.0080],
         [ 0.0000,  0.0000,  1.0000,  0.2732],
         [ 0.0000,  0.0000,  0.0000,  1.0000]]], device='cuda:0')
0:04:08.845391 - vxvyvz tensor([[ 1.6094, -0.8227,  0.4834]], device='cuda:0')
0:04:08.846402 - dR tensor([[[-0.8496,  0.4224,  0.3159],
         [-0.4091, -0.9057,  0.1107],
         [ 0.3329, -0.0352,  0.9423]]], device='cuda:0')
0:04:08.847381 - fxfy tensor([[1649.7721, 1649.7721]], device='cuda:0')
0:04:08.849767 - TCO_gt tensor([[[-0.7893,  0.4511,  0.4165, -0.0100],
         [-0.5688, -0.7927, -0.2192,  0.0062],
         [ 0.2313, -0.4099,  0.8823,  0.1920],
         [ 0.0000,  0.0000,  0.0000,  1.0000]]], device='cuda:0')
0:04:08.850714 - TCO pred_orn tensor([[[-0.8496,  0.4224,  0.3159, -0.0100],
         [-0.4091, -0.9057,  0.1107,  0.0062],
         [ 0.3329, -0.0352,  0.9423,  0.1920],
         [ 0.0000,  0.0000,  0.0000,  1.0000]]], device='cuda:0')
0:04:08.851663 - TCO pred_xy tensor([[[-0.7893,  0.4511,  0.4165, -0.0109],
         [-0.5688, -0.7927, -0.2192,  0.0056],
         [ 0.2313, -0.4099,  0.8823,  0.1920],
         [ 0.0000,  0.0000,  0.0000,  1.0000]]], device='cuda:0')
0:04:08.852626 - TCO pred_z tensor([[[-0.7893,  0.4511,  0.4165, -0.0100],
         [-0.5688, -0.7927, -0.2192,  0.0062],
         [ 0.2313, -0.4099,  0.8823,  0.1321],
         [ 0.0000,  0.0000,  0.0000,  1.0000]]], device='cuda:0')
0:04:08.853350 - loss orn tensor([0.0015], device='cuda:0')
0:04:08.854028 - loss xy tensor([0.0005], device='cuda:0')
0:04:08.854704 - loss z tensor([0.0200], device='cuda:0')
100%|█████████████████████████████████████████████| 1/1 [00:00<00:00,  8.10it/s]100%|█████████████████████████████████████████████| 1/1 [00:00<00:00,  8.08it/s]
0:04:08.541514 - saving /home/ubuntu/synthetic_pose_estimation/cosypose/local_data/experiments/bracket_assembly_debug_nut_nosym_coarse_noaug--938962 470
  0%|                                                     | 0/1 [00:00<?, ?it/s]0:04:08.953572 - iteration 0
0:04:08.997347 - outputs, {'pose': tensor([[-1.0149, -0.7229,  0.2957,  0.5653, -0.6118, -0.4267,  3.7518, -1.3071,
          0.6408]], device='cuda:0', grad_fn=<AddmmBackward0>)}
0:04:08.999085 - model_outputs {'pose': tensor([[-1.0149, -0.7229,  0.2957,  0.5653, -0.6118, -0.4267,  3.7518, -1.3071,
          0.6408]], device='cuda:0', grad_fn=<AddmmBackward0>)}
0:04:08.999951 - K crop tensor([[[1.6275e+03, 0.0000e+00, 2.4882e+02],
         [0.0000e+00, 1.6275e+03, 4.9838e+01],
         [0.0000e+00, 0.0000e+00, 1.0000e+00]]], device='cuda:0')
0:04:09.000878 - TCO_input tensor([[[ 1.0000,  0.0000,  0.0000, -0.0149],
         [ 0.0000,  1.0000,  0.0000,  0.0116],
         [ 0.0000,  0.0000,  1.0000,  0.2711],
         [ 0.0000,  0.0000,  0.0000,  1.0000]]], device='cuda:0')
0:04:09.001866 - model tco output tensor([[[-0.7925,  0.4440,  0.4181, -0.0091],
         [-0.5645, -0.7936, -0.2272,  0.0073],
         [ 0.2309, -0.4160,  0.8795,  0.1737],
         [ 0.0000,  0.0000,  0.0000,  1.0000]]], device='cuda:0',
       grad_fn=<CopySlices>)
0:04:09.042132 - Wrote debug data: /home/ubuntu/synthetic_pose_estimation/cosypose/local_data/debug_data/debug_iter=1.pth.tar
0:04:09.258329 - TCO_input tensor([[[ 1.0000,  0.0000,  0.0000, -0.0149],
         [ 0.0000,  1.0000,  0.0000,  0.0116],
         [ 0.0000,  0.0000,  1.0000,  0.2711],
         [ 0.0000,  0.0000,  0.0000,  1.0000]]], device='cuda:0')
0:04:09.259343 - vxvyvz tensor([[ 3.7518, -1.3071,  0.6408]], device='cuda:0',
       grad_fn=<SliceBackward0>)
0:04:09.260380 - dR tensor([[[-0.7925,  0.4440,  0.4181],
         [-0.5645, -0.7936, -0.2272],
         [ 0.2309, -0.4160,  0.8795]]], device='cuda:0',
       grad_fn=<StackBackward0>)
0:04:09.261343 - fxfy tensor([[1627.4823, 1627.4823]], device='cuda:0')
0:04:09.263881 - TCO_gt tensor([[[-0.7893,  0.4511,  0.4165, -0.0100],
         [-0.5688, -0.7927, -0.2192,  0.0062],
         [ 0.2313, -0.4099,  0.8823,  0.1920],
         [ 0.0000,  0.0000,  0.0000,  1.0000]]], device='cuda:0')
0:04:09.264877 - TCO pred_orn tensor([[[-0.7925,  0.4440,  0.4181, -0.0100],
         [-0.5645, -0.7936, -0.2272,  0.0062],
         [ 0.2309, -0.4160,  0.8795,  0.1920],
         [ 0.0000,  0.0000,  0.0000,  1.0000]]], device='cuda:0',
       grad_fn=<CopySlices>)
0:04:09.265868 - TCO pred_xy tensor([[[-0.7893,  0.4511,  0.4165, -0.0101],
         [-0.5688, -0.7927, -0.2192,  0.0081],
         [ 0.2313, -0.4099,  0.8823,  0.1920],
         [ 0.0000,  0.0000,  0.0000,  1.0000]]], device='cuda:0',
       grad_fn=<CopySlices>)
0:04:09.266842 - TCO pred_z tensor([[[-0.7893,  0.4511,  0.4165, -0.0100],
         [-0.5688, -0.7927, -0.2192,  0.0062],
         [ 0.2313, -0.4099,  0.8823,  0.1737],
         [ 0.0000,  0.0000,  0.0000,  1.0000]]], device='cuda:0',
       grad_fn=<CopySlices>)
0:04:09.267545 - loss orn tensor([4.1716e-05], device='cuda:0', grad_fn=<MinBackward0>)
0:04:09.268216 - loss xy tensor([0.0007], device='cuda:0', grad_fn=<MinBackward0>)
0:04:09.268904 - loss z tensor([0.0061], device='cuda:0', grad_fn=<MinBackward0>)
  0%|                                       | 0/1 [00:00<?, ?it/s, loss=0.00679]100%|███████████████████████████████| 1/1 [00:00<00:00,  4.57it/s, loss=0.00679]100%|███████████████████████████████| 1/1 [00:00<00:00,  4.56it/s, loss=0.00679]
0:04:09.031350 - saving /home/ubuntu/synthetic_pose_estimation/cosypose/local_data/experiments/bracket_assembly_debug_nut_nosym_coarse_noaug--938962 471
  0%|                                                     | 0/1 [00:00<?, ?it/s]0:04:09.446701 - iteration 0
0:04:09.490952 - outputs, {'pose': tensor([[-1.0061, -0.7256,  0.2948,  0.5619, -0.6157, -0.4332,  3.7595, -1.3104,
          0.6354]], device='cuda:0', grad_fn=<AddmmBackward0>)}
0:04:09.492619 - model_outputs {'pose': tensor([[-1.0061, -0.7256,  0.2948,  0.5619, -0.6157, -0.4332,  3.7595, -1.3104,
          0.6354]], device='cuda:0', grad_fn=<AddmmBackward0>)}
0:04:09.493490 - K crop tensor([[[1.8468e+03, 0.0000e+00, 2.9256e+02],
         [0.0000e+00, 1.8468e+03, 1.0487e+02],
         [0.0000e+00, 0.0000e+00, 1.0000e+00]]], device='cuda:0')
0:04:09.494410 - TCO_input tensor([[[ 1.0000,  0.0000,  0.0000, -0.0218],
         [ 0.0000,  1.0000,  0.0000,  0.0024],
         [ 0.0000,  0.0000,  1.0000,  0.3026],
         [ 0.0000,  0.0000,  0.0000,  1.0000]]], device='cuda:0')
0:04:09.496103 - model tco output tensor([[[-0.7891,  0.4454,  0.4230, -0.0135],
         [-0.5691, -0.7893, -0.2305,  0.0014],
         [ 0.2312, -0.4226,  0.8763,  0.1923],
         [ 0.0000,  0.0000,  0.0000,  1.0000]]], device='cuda:0',
       grad_fn=<CopySlices>)
0:04:09.538098 - Wrote debug data: /home/ubuntu/synthetic_pose_estimation/cosypose/local_data/debug_data/debug_iter=1.pth.tar
0:04:09.749308 - TCO_input tensor([[[ 1.0000,  0.0000,  0.0000, -0.0218],
         [ 0.0000,  1.0000,  0.0000,  0.0024],
         [ 0.0000,  0.0000,  1.0000,  0.3026],
         [ 0.0000,  0.0000,  0.0000,  1.0000]]], device='cuda:0')
0:04:09.750250 - vxvyvz tensor([[ 3.7595, -1.3104,  0.6354]], device='cuda:0',
       grad_fn=<SliceBackward0>)
0:04:09.751225 - dR tensor([[[-0.7891,  0.4454,  0.4230],
         [-0.5691, -0.7893, -0.2305],
         [ 0.2312, -0.4226,  0.8763]]], device='cuda:0',
       grad_fn=<StackBackward0>)
0:04:09.752073 - fxfy tensor([[1846.8450, 1846.8455]], device='cuda:0')
0:04:09.754640 - TCO_gt tensor([[[-0.7893,  0.4511,  0.4165, -0.0100],
         [-0.5688, -0.7927, -0.2192,  0.0062],
         [ 0.2313, -0.4099,  0.8823,  0.1920],
         [ 0.0000,  0.0000,  0.0000,  1.0000]]], device='cuda:0')
0:04:09.755560 - TCO pred_orn tensor([[[-0.7891,  0.4454,  0.4230, -0.0100],
         [-0.5691, -0.7893, -0.2305,  0.0062],
         [ 0.2312, -0.4226,  0.8763,  0.1920],
         [ 0.0000,  0.0000,  0.0000,  1.0000]]], device='cuda:0',
       grad_fn=<CopySlices>)
0:04:09.756448 - TCO pred_xy tensor([[[-0.7893,  0.4511,  0.4165, -0.0134],
         [-0.5688, -0.7927, -0.2192,  0.0014],
         [ 0.2313, -0.4099,  0.8823,  0.1920],
         [ 0.0000,  0.0000,  0.0000,  1.0000]]], device='cuda:0',
       grad_fn=<CopySlices>)
0:04:09.757378 - TCO pred_z tensor([[[-0.7893,  0.4511,  0.4165, -0.0100],
         [-0.5688, -0.7927, -0.2192,  0.0062],
         [ 0.2313, -0.4099,  0.8823,  0.1923],
         [ 0.0000,  0.0000,  0.0000,  1.0000]]], device='cuda:0',
       grad_fn=<CopySlices>)
0:04:09.758048 - loss orn tensor([5.5551e-05], device='cuda:0', grad_fn=<MinBackward0>)
0:04:09.758666 - loss xy tensor([0.0027], device='cuda:0', grad_fn=<MinBackward0>)
0:04:09.759284 - loss z tensor([9.8969e-05], device='cuda:0', grad_fn=<MinBackward0>)
  0%|                                        | 0/1 [00:00<?, ?it/s, loss=0.0029]100%|████████████████████████████████| 1/1 [00:00<00:00,  4.57it/s, loss=0.0029]100%|████████████████████████████████| 1/1 [00:00<00:00,  4.56it/s, loss=0.0029]
0:04:09.536478 - saving /home/ubuntu/synthetic_pose_estimation/cosypose/local_data/experiments/bracket_assembly_debug_nut_nosym_coarse_noaug--938962 472
  0%|                                                     | 0/1 [00:00<?, ?it/s]0:04:09.951664 - iteration 0
0:04:09.995379 - outputs, {'pose': tensor([[-1.0078, -0.7324,  0.2989,  0.5557, -0.6151, -0.4228,  3.7767, -1.3163,
          0.6413]], device='cuda:0', grad_fn=<AddmmBackward0>)}
0:04:09.996948 - model_outputs {'pose': tensor([[-1.0078, -0.7324,  0.2989,  0.5557, -0.6151, -0.4228,  3.7767, -1.3163,
          0.6413]], device='cuda:0', grad_fn=<AddmmBackward0>)}
0:04:09.997754 - K crop tensor([[[1.6848e+03, 0.0000e+00, 2.7333e+02],
         [0.0000e+00, 1.6848e+03, 1.3203e+01],
         [0.0000e+00, 0.0000e+00, 1.0000e+00]]], device='cuda:0')
0:04:09.998605 - TCO_input tensor([[[ 1.0000,  0.0000,  0.0000, -0.0191],
         [ 0.0000,  1.0000,  0.0000,  0.0178],
         [ 0.0000,  0.0000,  1.0000,  0.2827],
         [ 0.0000,  0.0000,  0.0000,  1.0000]]], device='cuda:0')
0:04:10.000212 - model tco output tensor([[[-0.7866,  0.4504,  0.4223, -0.0118],
         [-0.5717, -0.7898, -0.2225,  0.0113],
         [ 0.2333, -0.4164,  0.8787,  0.1813],
         [ 0.0000,  0.0000,  0.0000,  1.0000]]], device='cuda:0',
       grad_fn=<CopySlices>)
0:04:10.041435 - Wrote debug data: /home/ubuntu/synthetic_pose_estimation/cosypose/local_data/debug_data/debug_iter=1.pth.tar
0:04:10.252906 - TCO_input tensor([[[ 1.0000,  0.0000,  0.0000, -0.0191],
         [ 0.0000,  1.0000,  0.0000,  0.0178],
         [ 0.0000,  0.0000,  1.0000,  0.2827],
         [ 0.0000,  0.0000,  0.0000,  1.0000]]], device='cuda:0')
0:04:10.253963 - vxvyvz tensor([[ 3.7767, -1.3163,  0.6413]], device='cuda:0',
       grad_fn=<SliceBackward0>)
0:04:10.254991 - dR tensor([[[-0.7866,  0.4504,  0.4223],
         [-0.5717, -0.7898, -0.2225],
         [ 0.2333, -0.4164,  0.8787]]], device='cuda:0',
       grad_fn=<StackBackward0>)
0:04:10.255892 - fxfy tensor([[1684.7980, 1684.7981]], device='cuda:0')
0:04:10.258488 - TCO_gt tensor([[[-0.7893,  0.4511,  0.4165, -0.0100],
         [-0.5688, -0.7927, -0.2192,  0.0062],
         [ 0.2313, -0.4099,  0.8823,  0.1920],
         [ 0.0000,  0.0000,  0.0000,  1.0000]]], device='cuda:0')
0:04:10.259440 - TCO pred_orn tensor([[[-0.7866,  0.4504,  0.4223, -0.0100],
         [-0.5717, -0.7898, -0.2225,  0.0062],
         [ 0.2333, -0.4164,  0.8787,  0.1920],
         [ 0.0000,  0.0000,  0.0000,  1.0000]]], device='cuda:0',
       grad_fn=<CopySlices>)
0:04:10.260336 - TCO pred_xy tensor([[[-0.7893,  0.4511,  0.4165, -0.0125],
         [-0.5688, -0.7927, -0.2192,  0.0120],
         [ 0.2313, -0.4099,  0.8823,  0.1920],
         [ 0.0000,  0.0000,  0.0000,  1.0000]]], device='cuda:0',
       grad_fn=<CopySlices>)
0:04:10.261280 - TCO pred_z tensor([[[-0.7893,  0.4511,  0.4165, -0.0100],
         [-0.5688, -0.7927, -0.2192,  0.0062],
         [ 0.2313, -0.4099,  0.8823,  0.1813],
         [ 0.0000,  0.0000,  0.0000,  1.0000]]], device='cuda:0',
       grad_fn=<CopySlices>)
0:04:10.261978 - loss orn tensor([3.1720e-05], device='cuda:0', grad_fn=<MinBackward0>)
0:04:10.262746 - loss xy tensor([0.0028], device='cuda:0', grad_fn=<MinBackward0>)
0:04:10.263532 - loss z tensor([0.0036], device='cuda:0', grad_fn=<MinBackward0>)
  0%|                                       | 0/1 [00:00<?, ?it/s, loss=0.00637]100%|███████████████████████████████| 1/1 [00:00<00:00,  4.55it/s, loss=0.00637]100%|███████████████████████████████| 1/1 [00:00<00:00,  4.54it/s, loss=0.00637]
0:04:10.039922 - saving /home/ubuntu/synthetic_pose_estimation/cosypose/local_data/experiments/bracket_assembly_debug_nut_nosym_coarse_noaug--938962 473
  0%|                                                     | 0/1 [00:00<?, ?it/s]0:04:10.456773 - iteration 0
0:04:10.500983 - outputs, {'pose': tensor([[-1.0094, -0.7308,  0.2973,  0.5643, -0.6243, -0.4182,  3.7808, -1.3224,
          0.6311]], device='cuda:0', grad_fn=<AddmmBackward0>)}
0:04:10.502688 - model_outputs {'pose': tensor([[-1.0094, -0.7308,  0.2973,  0.5643, -0.6243, -0.4182,  3.7808, -1.3224,
          0.6311]], device='cuda:0', grad_fn=<AddmmBackward0>)}
0:04:10.503457 - K crop tensor([[[1.9042e+03, 0.0000e+00, 2.3826e+02],
         [0.0000e+00, 1.9042e+03, 6.2226e+01],
         [0.0000e+00, 0.0000e+00, 1.0000e+00]]], device='cuda:0')
0:04:10.504840 - TCO_input tensor([[[ 1.0000,  0.0000,  0.0000, -0.0130],
         [ 0.0000,  1.0000,  0.0000,  0.0095],
         [ 0.0000,  0.0000,  1.0000,  0.3146],
         [ 0.0000,  0.0000,  0.0000,  1.0000]]], device='cuda:0')
0:04:10.505865 - model tco output tensor([[[-0.7879,  0.4539,  0.4162, -0.0078],
         [-0.5704, -0.7926, -0.2155,  0.0058],
         [ 0.2321, -0.4072,  0.8834,  0.1985],
         [ 0.0000,  0.0000,  0.0000,  1.0000]]], device='cuda:0',
       grad_fn=<CopySlices>)
0:04:10.544255 - Wrote debug data: /home/ubuntu/synthetic_pose_estimation/cosypose/local_data/debug_data/debug_iter=1.pth.tar
0:04:10.756916 - TCO_input tensor([[[ 1.0000,  0.0000,  0.0000, -0.0130],
         [ 0.0000,  1.0000,  0.0000,  0.0095],
         [ 0.0000,  0.0000,  1.0000,  0.3146],
         [ 0.0000,  0.0000,  0.0000,  1.0000]]], device='cuda:0')
0:04:10.758047 - vxvyvz tensor([[ 3.7808, -1.3224,  0.6311]], device='cuda:0',
       grad_fn=<SliceBackward0>)
0:04:10.759069 - dR tensor([[[-0.7879,  0.4539,  0.4162],
         [-0.5704, -0.7926, -0.2155],
         [ 0.2321, -0.4072,  0.8834]]], device='cuda:0',
       grad_fn=<StackBackward0>)
0:04:10.760003 - fxfy tensor([[1904.2476, 1904.2476]], device='cuda:0')
0:04:10.762674 - TCO_gt tensor([[[-0.7893,  0.4511,  0.4165, -0.0100],
         [-0.5688, -0.7927, -0.2192,  0.0062],
         [ 0.2313, -0.4099,  0.8823,  0.1920],
         [ 0.0000,  0.0000,  0.0000,  1.0000]]], device='cuda:0')
0:04:10.763575 - TCO pred_orn tensor([[[-0.7879,  0.4539,  0.4162, -0.0100],
         [-0.5704, -0.7926, -0.2155,  0.0062],
         [ 0.2321, -0.4072,  0.8834,  0.1920],
         [ 0.0000,  0.0000,  0.0000,  1.0000]]], device='cuda:0',
       grad_fn=<CopySlices>)
0:04:10.764470 - TCO pred_xy tensor([[[-0.7893,  0.4511,  0.4165, -0.0076],
         [-0.5688, -0.7927, -0.2192,  0.0056],
         [ 0.2313, -0.4099,  0.8823,  0.1920],
         [ 0.0000,  0.0000,  0.0000,  1.0000]]], device='cuda:0',
       grad_fn=<CopySlices>)
0:04:10.765396 - TCO pred_z tensor([[[-0.7893,  0.4511,  0.4165, -0.0100],
         [-0.5688, -0.7927, -0.2192,  0.0062],
         [ 0.2313, -0.4099,  0.8823,  0.1985],
         [ 0.0000,  0.0000,  0.0000,  1.0000]]], device='cuda:0',
       grad_fn=<CopySlices>)
0:04:10.766032 - loss orn tensor([1.7325e-05], device='cuda:0', grad_fn=<MinBackward0>)
0:04:10.766627 - loss xy tensor([0.0010], device='cuda:0', grad_fn=<MinBackward0>)
0:04:10.767217 - loss z tensor([0.0022], device='cuda:0', grad_fn=<MinBackward0>)
  0%|                                        | 0/1 [00:00<?, ?it/s, loss=0.0032]100%|████████████████████████████████| 1/1 [00:00<00:00,  4.46it/s, loss=0.0032]100%|████████████████████████████████| 1/1 [00:00<00:00,  4.45it/s, loss=0.0032]
0:04:10.542796 - saving /home/ubuntu/synthetic_pose_estimation/cosypose/local_data/experiments/bracket_assembly_debug_nut_nosym_coarse_noaug--938962 474
  0%|                                                     | 0/1 [00:00<?, ?it/s]0:04:10.958036 - iteration 0
0:04:11.004888 - outputs, {'pose': tensor([[-1.0005, -0.7286,  0.3038,  0.5628, -0.6201, -0.4186,  3.7730, -1.3257,
          0.6429]], device='cuda:0', grad_fn=<AddmmBackward0>)}
0:04:11.006589 - model_outputs {'pose': tensor([[-1.0005, -0.7286,  0.3038,  0.5628, -0.6201, -0.4186,  3.7730, -1.3257,
          0.6429]], device='cuda:0', grad_fn=<AddmmBackward0>)}
0:04:11.007402 - K crop tensor([[[1.7521e+03, 0.0000e+00, 3.1160e+02],
         [0.0000e+00, 1.7521e+03, 2.8119e+01],
         [0.0000e+00, 0.0000e+00, 1.0000e+00]]], device='cuda:0')
0:04:11.008286 - TCO_input tensor([[[ 1.0000,  0.0000,  0.0000, -0.0254],
         [ 0.0000,  1.0000,  0.0000,  0.0153],
         [ 0.0000,  0.0000,  1.0000,  0.2925],
         [ 0.0000,  0.0000,  0.0000,  1.0000]]], device='cuda:0')
0:04:11.009233 - model tco output tensor([[[-0.7851,  0.4534,  0.4221, -0.0159],
         [-0.5717, -0.7926, -0.2120,  0.0097],
         [ 0.2384, -0.4077,  0.8814,  0.1880],
         [ 0.0000,  0.0000,  0.0000,  1.0000]]], device='cuda:0',
       grad_fn=<CopySlices>)
0:04:11.052388 - Wrote debug data: /home/ubuntu/synthetic_pose_estimation/cosypose/local_data/debug_data/debug_iter=1.pth.tar
0:04:11.265702 - TCO_input tensor([[[ 1.0000,  0.0000,  0.0000, -0.0254],
         [ 0.0000,  1.0000,  0.0000,  0.0153],
         [ 0.0000,  0.0000,  1.0000,  0.2925],
         [ 0.0000,  0.0000,  0.0000,  1.0000]]], device='cuda:0')
0:04:11.266698 - vxvyvz tensor([[ 3.7730, -1.3257,  0.6429]], device='cuda:0',
       grad_fn=<SliceBackward0>)
0:04:11.267730 - dR tensor([[[-0.7851,  0.4534,  0.4221],
         [-0.5717, -0.7926, -0.2120],
         [ 0.2384, -0.4077,  0.8814]]], device='cuda:0',
       grad_fn=<StackBackward0>)
0:04:11.268629 - fxfy tensor([[1752.0961, 1752.0962]], device='cuda:0')
0:04:11.271195 - TCO_gt tensor([[[-0.7893,  0.4511,  0.4165, -0.0100],
         [-0.5688, -0.7927, -0.2192,  0.0062],
         [ 0.2313, -0.4099,  0.8823,  0.1920],
         [ 0.0000,  0.0000,  0.0000,  1.0000]]], device='cuda:0')
0:04:11.272149 - TCO pred_orn tensor([[[-0.7851,  0.4534,  0.4221, -0.0100],
         [-0.5717, -0.7926, -0.2120,  0.0062],
         [ 0.2384, -0.4077,  0.8814,  0.1920],
         [ 0.0000,  0.0000,  0.0000,  1.0000]]], device='cuda:0',
       grad_fn=<CopySlices>)
0:04:11.273103 - TCO pred_xy tensor([[[-0.7893,  0.4511,  0.4165, -0.0163],
         [-0.5688, -0.7927, -0.2192,  0.0099],
         [ 0.2313, -0.4099,  0.8823,  0.1920],
         [ 0.0000,  0.0000,  0.0000,  1.0000]]], device='cuda:0',
       grad_fn=<CopySlices>)
0:04:11.274056 - TCO pred_z tensor([[[-0.7893,  0.4511,  0.4165, -0.0100],
         [-0.5688, -0.7927, -0.2192,  0.0062],
         [ 0.2313, -0.4099,  0.8823,  0.1880],
         [ 0.0000,  0.0000,  0.0000,  1.0000]]], device='cuda:0',
       grad_fn=<CopySlices>)
0:04:11.274724 - loss orn tensor([3.6637e-05], device='cuda:0', grad_fn=<MinBackward0>)
0:04:11.275408 - loss xy tensor([0.0033], device='cuda:0', grad_fn=<MinBackward0>)
0:04:11.276063 - loss z tensor([0.0013], device='cuda:0', grad_fn=<MinBackward0>)
  0%|                                       | 0/1 [00:00<?, ?it/s, loss=0.00466]100%|███████████████████████████████| 1/1 [00:00<00:00,  4.42it/s, loss=0.00466]100%|███████████████████████████████| 1/1 [00:00<00:00,  4.41it/s, loss=0.00466]
0:04:11.051373 - saving /home/ubuntu/synthetic_pose_estimation/cosypose/local_data/experiments/bracket_assembly_debug_nut_nosym_coarse_noaug--938962 475
  0%|                                                     | 0/1 [00:00<?, ?it/s]0:04:11.466671 - iteration 0
0:04:11.514125 - outputs, {'pose': tensor([[-1.0119, -0.7233,  0.3002,  0.5678, -0.6219, -0.4223,  3.8013, -1.3296,
          0.6462]], device='cuda:0', grad_fn=<AddmmBackward0>)}
0:04:11.515882 - model_outputs {'pose': tensor([[-1.0119, -0.7233,  0.3002,  0.5678, -0.6219, -0.4223,  3.8013, -1.3296,
          0.6462]], device='cuda:0', grad_fn=<AddmmBackward0>)}
0:04:11.516738 - K crop tensor([[[1.7707e+03, 0.0000e+00, 2.1717e+02],
         [0.0000e+00, 1.7707e+03, 5.4238e+01],
         [0.0000e+00, 0.0000e+00, 1.0000e+00]]], device='cuda:0')
0:04:11.517684 - TCO_input tensor([[[ 1.0000,  0.0000,  0.0000, -0.0096],
         [ 0.0000,  1.0000,  0.0000,  0.0108],
         [ 0.0000,  0.0000,  1.0000,  0.2937],
         [ 0.0000,  0.0000,  0.0000,  1.0000]]], device='cuda:0')
0:04:11.518626 - model tco output tensor([[[-0.7908,  0.4475,  0.4175, -0.0058],
         [-0.5653, -0.7956, -0.2179,  0.0069],
         [ 0.2346, -0.4083,  0.8822,  0.1898],
         [ 0.0000,  0.0000,  0.0000,  1.0000]]], device='cuda:0',
       grad_fn=<CopySlices>)
0:04:11.557848 - Wrote debug data: /home/ubuntu/synthetic_pose_estimation/cosypose/local_data/debug_data/debug_iter=1.pth.tar
0:04:11.769710 - TCO_input tensor([[[ 1.0000,  0.0000,  0.0000, -0.0096],
         [ 0.0000,  1.0000,  0.0000,  0.0108],
         [ 0.0000,  0.0000,  1.0000,  0.2937],
         [ 0.0000,  0.0000,  0.0000,  1.0000]]], device='cuda:0')
0:04:11.770720 - vxvyvz tensor([[ 3.8013, -1.3296,  0.6462]], device='cuda:0',
       grad_fn=<SliceBackward0>)
0:04:11.771740 - dR tensor([[[-0.7908,  0.4475,  0.4175],
         [-0.5653, -0.7956, -0.2179],
         [ 0.2346, -0.4083,  0.8822]]], device='cuda:0',
       grad_fn=<StackBackward0>)
0:04:11.772632 - fxfy tensor([[1770.7380, 1770.7382]], device='cuda:0')
0:04:11.775204 - TCO_gt tensor([[[-0.7893,  0.4511,  0.4165, -0.0100],
         [-0.5688, -0.7927, -0.2192,  0.0062],
         [ 0.2313, -0.4099,  0.8823,  0.1920],
         [ 0.0000,  0.0000,  0.0000,  1.0000]]], device='cuda:0')
0:04:11.776160 - TCO pred_orn tensor([[[-0.7908,  0.4475,  0.4175, -0.0100],
         [-0.5653, -0.7956, -0.2179,  0.0062],
         [ 0.2346, -0.4083,  0.8822,  0.1920],
         [ 0.0000,  0.0000,  0.0000,  1.0000]]], device='cuda:0',
       grad_fn=<CopySlices>)
0:04:11.777113 - TCO pred_xy tensor([[[-0.7893,  0.4511,  0.4165, -0.0058],
         [-0.5688, -0.7927, -0.2192,  0.0069],
         [ 0.2313, -0.4099,  0.8823,  0.1920],
         [ 0.0000,  0.0000,  0.0000,  1.0000]]], device='cuda:0',
       grad_fn=<CopySlices>)
0:04:11.778067 - TCO pred_z tensor([[[-0.7893,  0.4511,  0.4165, -0.0100],
         [-0.5688, -0.7927, -0.2192,  0.0062],
         [ 0.2313, -0.4099,  0.8823,  0.1898],
         [ 0.0000,  0.0000,  0.0000,  1.0000]]], device='cuda:0',
       grad_fn=<CopySlices>)
0:04:11.778746 - loss orn tensor([2.4303e-05], device='cuda:0', grad_fn=<MinBackward0>)
0:04:11.779399 - loss xy tensor([0.0016], device='cuda:0', grad_fn=<MinBackward0>)
0:04:11.780051 - loss z tensor([0.0007], device='cuda:0', grad_fn=<MinBackward0>)
  0%|                                       | 0/1 [00:00<?, ?it/s, loss=0.00238]100%|███████████████████████████████| 1/1 [00:00<00:00,  4.54it/s, loss=0.00238]100%|███████████████████████████████| 1/1 [00:00<00:00,  4.53it/s, loss=0.00238]
0:04:11.538243 - saving /home/ubuntu/synthetic_pose_estimation/cosypose/local_data/experiments/bracket_assembly_debug_nut_nosym_coarse_noaug--938962 476
  0%|                                                     | 0/1 [00:00<?, ?it/s]0:04:11.953540 - iteration 0
0:04:11.997070 - outputs, {'pose': tensor([[-0.9977, -0.7331,  0.2901,  0.5651, -0.6185, -0.4121,  3.7993, -1.3439,
          0.6398]], device='cuda:0', grad_fn=<AddmmBackward0>)}
0:04:11.998792 - model_outputs {'pose': tensor([[-0.9977, -0.7331,  0.2901,  0.5651, -0.6185, -0.4121,  3.7993, -1.3439,
          0.6398]], device='cuda:0', grad_fn=<AddmmBackward0>)}
0:04:11.999613 - K crop tensor([[[1.9346e+03, 0.0000e+00, 2.7382e+02],
         [0.0000e+00, 1.9346e+03, 5.5660e+01],
         [0.0000e+00, 0.0000e+00, 1.0000e+00]]], device='cuda:0')
0:04:12.000520 - TCO_input tensor([[[ 1.0000,  0.0000,  0.0000, -0.0189],
         [ 0.0000,  1.0000,  0.0000,  0.0106],
         [ 0.0000,  0.0000,  1.0000,  0.3199],
         [ 0.0000,  0.0000,  0.0000,  1.0000]]], device='cuda:0')
0:04:12.001487 - model tco output tensor([[[-0.7846,  0.4621,  0.4134, -0.0117],
         [-0.5765, -0.7890, -0.2122,  0.0066],
         [ 0.2281, -0.4048,  0.8855,  0.2047],
         [ 0.0000,  0.0000,  0.0000,  1.0000]]], device='cuda:0',
       grad_fn=<CopySlices>)
0:04:12.040721 - Wrote debug data: /home/ubuntu/synthetic_pose_estimation/cosypose/local_data/debug_data/debug_iter=1.pth.tar
0:04:12.252357 - TCO_input tensor([[[ 1.0000,  0.0000,  0.0000, -0.0189],
         [ 0.0000,  1.0000,  0.0000,  0.0106],
         [ 0.0000,  0.0000,  1.0000,  0.3199],
         [ 0.0000,  0.0000,  0.0000,  1.0000]]], device='cuda:0')
0:04:12.253417 - vxvyvz tensor([[ 3.7993, -1.3439,  0.6398]], device='cuda:0',
       grad_fn=<SliceBackward0>)
0:04:12.254464 - dR tensor([[[-0.7846,  0.4621,  0.4134],
         [-0.5765, -0.7890, -0.2122],
         [ 0.2281, -0.4048,  0.8855]]], device='cuda:0',
       grad_fn=<StackBackward0>)
0:04:12.255367 - fxfy tensor([[1934.5612, 1934.5615]], device='cuda:0')
0:04:12.257955 - TCO_gt tensor([[[-0.7893,  0.4511,  0.4165, -0.0100],
         [-0.5688, -0.7927, -0.2192,  0.0062],
         [ 0.2313, -0.4099,  0.8823,  0.1920],
         [ 0.0000,  0.0000,  0.0000,  1.0000]]], device='cuda:0')
0:04:12.258885 - TCO pred_orn tensor([[[-0.7846,  0.4621,  0.4134, -0.0100],
         [-0.5765, -0.7890, -0.2122,  0.0062],
         [ 0.2281, -0.4048,  0.8855,  0.1920],
         [ 0.0000,  0.0000,  0.0000,  1.0000]]], device='cuda:0',
       grad_fn=<CopySlices>)
0:04:12.259821 - TCO pred_xy tensor([[[-0.7893,  0.4511,  0.4165, -0.0110],
         [-0.5688, -0.7927, -0.2192,  0.0062],
         [ 0.2313, -0.4099,  0.8823,  0.1920],
         [ 0.0000,  0.0000,  0.0000,  1.0000]]], device='cuda:0',
       grad_fn=<CopySlices>)
0:04:12.260772 - TCO pred_z tensor([[[-0.7893,  0.4511,  0.4165, -0.0100],
         [-0.5688, -0.7927, -0.2192,  0.0062],
         [ 0.2313, -0.4099,  0.8823,  0.2047],
         [ 0.0000,  0.0000,  0.0000,  1.0000]]], device='cuda:0',
       grad_fn=<CopySlices>)
0:04:12.261477 - loss orn tensor([5.4296e-05], device='cuda:0', grad_fn=<MinBackward0>)
0:04:12.262144 - loss xy tensor([0.0003], device='cuda:0', grad_fn=<MinBackward0>)
0:04:12.262794 - loss z tensor([0.0042], device='cuda:0', grad_fn=<MinBackward0>)
  0%|                                       | 0/1 [00:00<?, ?it/s, loss=0.00462]100%|███████████████████████████████| 1/1 [00:00<00:00,  4.62it/s, loss=0.00462]100%|███████████████████████████████| 1/1 [00:00<00:00,  4.62it/s, loss=0.00462]
0:04:12.017385 - saving /home/ubuntu/synthetic_pose_estimation/cosypose/local_data/experiments/bracket_assembly_debug_nut_nosym_coarse_noaug--938962 477
  0%|                                                     | 0/1 [00:00<?, ?it/s]0:04:12.432614 - iteration 0
0:04:12.476016 - outputs, {'pose': tensor([[-1.0143, -0.7315,  0.2844,  0.5651, -0.6221, -0.4222,  3.8248, -1.3631,
          0.6563]], device='cuda:0', grad_fn=<AddmmBackward0>)}
0:04:12.477688 - model_outputs {'pose': tensor([[-1.0143, -0.7315,  0.2844,  0.5651, -0.6221, -0.4222,  3.8248, -1.3631,
          0.6563]], device='cuda:0', grad_fn=<AddmmBackward0>)}
0:04:12.478508 - K crop tensor([[[1.5084e+03, 0.0000e+00, 2.8197e+02],
         [0.0000e+00, 1.5084e+03, 9.0031e+00],
         [0.0000e+00, 0.0000e+00, 1.0000e+00]]], device='cuda:0')
0:04:12.479367 - TCO_input tensor([[[ 1.0000,  0.0000,  0.0000, -0.0207],
         [ 0.0000,  1.0000,  0.0000,  0.0187],
         [ 0.0000,  0.0000,  1.0000,  0.2547],
         [ 0.0000,  0.0000,  0.0000,  1.0000]]], device='cuda:0')
0:04:12.480888 - model tco output tensor([[[-0.7909,  0.4536,  0.4108, -0.0131],
         [-0.5704, -0.7896, -0.2262,  0.0121],
         [ 0.2217, -0.4132,  0.8832,  0.1671],
         [ 0.0000,  0.0000,  0.0000,  1.0000]]], device='cuda:0',
       grad_fn=<CopySlices>)
0:04:12.523788 - Wrote debug data: /home/ubuntu/synthetic_pose_estimation/cosypose/local_data/debug_data/debug_iter=1.pth.tar
0:04:12.736515 - TCO_input tensor([[[ 1.0000,  0.0000,  0.0000, -0.0207],
         [ 0.0000,  1.0000,  0.0000,  0.0187],
         [ 0.0000,  0.0000,  1.0000,  0.2547],
         [ 0.0000,  0.0000,  0.0000,  1.0000]]], device='cuda:0')
0:04:12.737567 - vxvyvz tensor([[ 3.8248, -1.3631,  0.6563]], device='cuda:0',
       grad_fn=<SliceBackward0>)
0:04:12.738611 - dR tensor([[[-0.7909,  0.4536,  0.4108],
         [-0.5704, -0.7896, -0.2262],
         [ 0.2217, -0.4132,  0.8832]]], device='cuda:0',
       grad_fn=<StackBackward0>)
0:04:12.739502 - fxfy tensor([[1508.4492, 1508.4496]], device='cuda:0')
0:04:12.742112 - TCO_gt tensor([[[-0.7893,  0.4511,  0.4165, -0.0100],
         [-0.5688, -0.7927, -0.2192,  0.0062],
         [ 0.2313, -0.4099,  0.8823,  0.1920],
         [ 0.0000,  0.0000,  0.0000,  1.0000]]], device='cuda:0')
0:04:12.743062 - TCO pred_orn tensor([[[-0.7909,  0.4536,  0.4108, -0.0100],
         [-0.5704, -0.7896, -0.2262,  0.0062],
         [ 0.2217, -0.4132,  0.8832,  0.1920],
         [ 0.0000,  0.0000,  0.0000,  1.0000]]], device='cuda:0',
       grad_fn=<CopySlices>)
0:04:12.743985 - TCO pred_xy tensor([[[-0.7893,  0.4511,  0.4165, -0.0151],
         [-0.5688, -0.7927, -0.2192,  0.0139],
         [ 0.2313, -0.4099,  0.8823,  0.1920],
         [ 0.0000,  0.0000,  0.0000,  1.0000]]], device='cuda:0',
       grad_fn=<CopySlices>)
0:04:12.744937 - TCO pred_z tensor([[[-0.7893,  0.4511,  0.4165, -0.0100],
         [-0.5688, -0.7927, -0.2192,  0.0062],
         [ 0.2313, -0.4099,  0.8823,  0.1671],
         [ 0.0000,  0.0000,  0.0000,  1.0000]]], device='cuda:0',
       grad_fn=<CopySlices>)
0:04:12.745636 - loss orn tensor([4.0236e-05], device='cuda:0', grad_fn=<MinBackward0>)
0:04:12.746311 - loss xy tensor([0.0043], device='cuda:0', grad_fn=<MinBackward0>)
0:04:12.746960 - loss z tensor([0.0083], device='cuda:0', grad_fn=<MinBackward0>)
  0%|                                        | 0/1 [00:00<?, ?it/s, loss=0.0126]100%|████████████████████████████████| 1/1 [00:00<00:00,  4.53it/s, loss=0.0126]100%|████████████████████████████████| 1/1 [00:00<00:00,  4.53it/s, loss=0.0126]
0:04:12.512915 - saving /home/ubuntu/synthetic_pose_estimation/cosypose/local_data/experiments/bracket_assembly_debug_nut_nosym_coarse_noaug--938962 478
  0%|                                                     | 0/1 [00:00<?, ?it/s]0:04:12.928230 - iteration 0
0:04:12.972186 - outputs, {'pose': tensor([[-1.0146, -0.7242,  0.2827,  0.5599, -0.6165, -0.4247,  3.8345, -1.3714,
          0.6455]], device='cuda:0', grad_fn=<AddmmBackward0>)}
0:04:12.973891 - model_outputs {'pose': tensor([[-1.0146, -0.7242,  0.2827,  0.5599, -0.6165, -0.4247,  3.8345, -1.3714,
          0.6455]], device='cuda:0', grad_fn=<AddmmBackward0>)}
0:04:12.974693 - K crop tensor([[[1.9348e+03, 0.0000e+00, 2.6640e+02],
         [0.0000e+00, 1.9348e+03, 4.0863e+01],
         [0.0000e+00, 0.0000e+00, 1.0000e+00]]], device='cuda:0')
0:04:12.975547 - TCO_input tensor([[[ 1.0000,  0.0000,  0.0000, -0.0177],
         [ 0.0000,  1.0000,  0.0000,  0.0130],
         [ 0.0000,  0.0000,  1.0000,  0.3209],
         [ 0.0000,  0.0000,  0.0000,  1.0000]]], device='cuda:0')
0:04:12.977092 - model tco output tensor([[[-0.7938,  0.4477,  0.4117, -0.0110],
         [-0.5666, -0.7904, -0.2329,  0.0083],
         [ 0.2212, -0.4182,  0.8810,  0.2071],
         [ 0.0000,  0.0000,  0.0000,  1.0000]]], device='cuda:0',
       grad_fn=<CopySlices>)
0:04:13.015301 - Wrote debug data: /home/ubuntu/synthetic_pose_estimation/cosypose/local_data/debug_data/debug_iter=1.pth.tar
0:04:13.226158 - TCO_input tensor([[[ 1.0000,  0.0000,  0.0000, -0.0177],
         [ 0.0000,  1.0000,  0.0000,  0.0130],
         [ 0.0000,  0.0000,  1.0000,  0.3209],
         [ 0.0000,  0.0000,  0.0000,  1.0000]]], device='cuda:0')
0:04:13.227224 - vxvyvz tensor([[ 3.8345, -1.3714,  0.6455]], device='cuda:0',
       grad_fn=<SliceBackward0>)
0:04:13.228249 - dR tensor([[[-0.7938,  0.4477,  0.4117],
         [-0.5666, -0.7904, -0.2329],
         [ 0.2212, -0.4182,  0.8810]]], device='cuda:0',
       grad_fn=<StackBackward0>)
0:04:13.229148 - fxfy tensor([[1934.8108, 1934.8108]], device='cuda:0')
0:04:13.231695 - TCO_gt tensor([[[-0.7893,  0.4511,  0.4165, -0.0100],
         [-0.5688, -0.7927, -0.2192,  0.0062],
         [ 0.2313, -0.4099,  0.8823,  0.1920],
         [ 0.0000,  0.0000,  0.0000,  1.0000]]], device='cuda:0')
0:04:13.232656 - TCO pred_orn tensor([[[-0.7938,  0.4477,  0.4117, -0.0100],
         [-0.5666, -0.7904, -0.2329,  0.0062],
         [ 0.2212, -0.4182,  0.8810,  0.1920],
         [ 0.0000,  0.0000,  0.0000,  1.0000]]], device='cuda:0',
       grad_fn=<CopySlices>)
0:04:13.233606 - TCO pred_xy tensor([[[-0.7893,  0.4511,  0.4165, -0.0102],
         [-0.5688, -0.7927, -0.2192,  0.0077],
         [ 0.2313, -0.4099,  0.8823,  0.1920],
         [ 0.0000,  0.0000,  0.0000,  1.0000]]], device='cuda:0',
       grad_fn=<CopySlices>)
0:04:13.234504 - TCO pred_z tensor([[[-0.7893,  0.4511,  0.4165, -0.0100],
         [-0.5688, -0.7927, -0.2192,  0.0062],
         [ 0.2313, -0.4099,  0.8823,  0.2071],
         [ 0.0000,  0.0000,  0.0000,  1.0000]]], device='cuda:0',
       grad_fn=<CopySlices>)
0:04:13.235171 - loss orn tensor([5.7959e-05], device='cuda:0', grad_fn=<MinBackward0>)
0:04:13.235795 - loss xy tensor([0.0006], device='cuda:0', grad_fn=<MinBackward0>)
0:04:13.236416 - loss z tensor([0.0051], device='cuda:0', grad_fn=<MinBackward0>)
  0%|                                       | 0/1 [00:00<?, ?it/s, loss=0.00569]100%|███████████████████████████████| 1/1 [00:00<00:00,  4.63it/s, loss=0.00569]100%|███████████████████████████████| 1/1 [00:00<00:00,  4.62it/s, loss=0.00569]
0:04:13.013415 - saving /home/ubuntu/synthetic_pose_estimation/cosypose/local_data/experiments/bracket_assembly_debug_nut_nosym_coarse_noaug--938962 479
  0%|                                                     | 0/1 [00:00<?, ?it/s]0:04:13.428702 - iteration 0
0:04:13.474635 - outputs, {'pose': tensor([[-1.0153, -0.7172,  0.2925,  0.5680, -0.6234, -0.4216,  3.8484, -1.3840,
          0.6440]], device='cuda:0', grad_fn=<AddmmBackward0>)}
0:04:13.476795 - model_outputs {'pose': tensor([[-1.0153, -0.7172,  0.2925,  0.5680, -0.6234, -0.4216,  3.8484, -1.3840,
          0.6440]], device='cuda:0', grad_fn=<AddmmBackward0>)}
0:04:13.477740 - K crop tensor([[[1.5541e+03, 0.0000e+00, 2.5157e+02],
         [0.0000e+00, 1.5541e+03, 5.3688e+01],
         [0.0000e+00, 0.0000e+00, 1.0000e+00]]], device='cuda:0')
0:04:13.478656 - TCO_input tensor([[[ 1.0000,  0.0000,  0.0000, -0.0153],
         [ 0.0000,  1.0000,  0.0000,  0.0110],
         [ 0.0000,  0.0000,  1.0000,  0.2590],
         [ 0.0000,  0.0000,  0.0000,  1.0000]]], device='cuda:0')
0:04:13.479599 - model tco output tensor([[[-0.7950,  0.4454,  0.4118, -0.0095],
         [-0.5616, -0.7969, -0.2225,  0.0069],
         [ 0.2291, -0.4081,  0.8837,  0.1668],
         [ 0.0000,  0.0000,  0.0000,  1.0000]]], device='cuda:0',
       grad_fn=<CopySlices>)
0:04:13.521238 - Wrote debug data: /home/ubuntu/synthetic_pose_estimation/cosypose/local_data/debug_data/debug_iter=1.pth.tar
0:04:13.731623 - TCO_input tensor([[[ 1.0000,  0.0000,  0.0000, -0.0153],
         [ 0.0000,  1.0000,  0.0000,  0.0110],
         [ 0.0000,  0.0000,  1.0000,  0.2590],
         [ 0.0000,  0.0000,  0.0000,  1.0000]]], device='cuda:0')
0:04:13.732646 - vxvyvz tensor([[ 3.8484, -1.3840,  0.6440]], device='cuda:0',
       grad_fn=<SliceBackward0>)
0:04:13.733705 - dR tensor([[[-0.7950,  0.4454,  0.4118],
         [-0.5616, -0.7969, -0.2225],
         [ 0.2291, -0.4081,  0.8837]]], device='cuda:0',
       grad_fn=<StackBackward0>)
0:04:13.734577 - fxfy tensor([[1554.1211, 1554.1210]], device='cuda:0')
0:04:13.737122 - TCO_gt tensor([[[-0.7893,  0.4511,  0.4165, -0.0100],
         [-0.5688, -0.7927, -0.2192,  0.0062],
         [ 0.2313, -0.4099,  0.8823,  0.1920],
         [ 0.0000,  0.0000,  0.0000,  1.0000]]], device='cuda:0')
0:04:13.738075 - TCO pred_orn tensor([[[-0.7950,  0.4454,  0.4118, -0.0100],
         [-0.5616, -0.7969, -0.2225,  0.0062],
         [ 0.2291, -0.4081,  0.8837,  0.1920],
         [ 0.0000,  0.0000,  0.0000,  1.0000]]], device='cuda:0',
       grad_fn=<CopySlices>)
0:04:13.738982 - TCO pred_xy tensor([[[-0.7893,  0.4511,  0.4165, -0.0109],
         [-0.5688, -0.7927, -0.2192,  0.0080],
         [ 0.2313, -0.4099,  0.8823,  0.1920],
         [ 0.0000,  0.0000,  0.0000,  1.0000]]], device='cuda:0',
       grad_fn=<CopySlices>)
0:04:13.739889 - TCO pred_z tensor([[[-0.7893,  0.4511,  0.4165, -0.0100],
         [-0.5688, -0.7927, -0.2192,  0.0062],
         [ 0.2313, -0.4099,  0.8823,  0.1668],
         [ 0.0000,  0.0000,  0.0000,  1.0000]]], device='cuda:0',
       grad_fn=<CopySlices>)
0:04:13.740549 - loss orn tensor([3.9704e-05], device='cuda:0', grad_fn=<MinBackward0>)
0:04:13.741177 - loss xy tensor([0.0009], device='cuda:0', grad_fn=<MinBackward0>)
0:04:13.741814 - loss z tensor([0.0084], device='cuda:0', grad_fn=<MinBackward0>)
  0%|                                       | 0/1 [00:00<?, ?it/s, loss=0.00931]100%|███████████████████████████████| 1/1 [00:00<00:00,  4.51it/s, loss=0.00931]100%|███████████████████████████████| 1/1 [00:00<00:00,  4.50it/s, loss=0.00931]
  0%|                                                     | 0/1 [00:00<?, ?it/s]0:04:13.650741 - iteration 0
0:04:13.688096 - outputs, {'pose': tensor([[-0.6450, -0.3814,  0.2548,  0.5077, -0.3547, -0.1452,  1.7780, -0.9312,
          0.5028]], device='cuda:0')}
0:04:13.689589 - model_outputs {'pose': tensor([[-0.6450, -0.3814,  0.2548,  0.5077, -0.3547, -0.1452,  1.7780, -0.9312,
          0.5028]], device='cuda:0')}
0:04:13.690351 - K crop tensor([[[1.8007e+03, 0.0000e+00, 2.7359e+02],
         [0.0000e+00, 1.8007e+03, 4.1035e+01],
         [0.0000e+00, 0.0000e+00, 1.0000e+00]]], device='cuda:0')
0:04:13.691195 - TCO_input tensor([[[ 1.0000,  0.0000,  0.0000, -0.0190],
         [ 0.0000,  1.0000,  0.0000,  0.0130],
         [ 0.0000,  0.0000,  1.0000,  0.2994],
         [ 0.0000,  0.0000,  0.0000,  1.0000]]], device='cuda:0')
0:04:13.692088 - model tco output tensor([[[-0.8150,  0.4797,  0.3252, -0.0094],
         [-0.4818, -0.8726,  0.0796,  0.0065],
         [ 0.3219, -0.0918,  0.9423,  0.1505],
         [ 0.0000,  0.0000,  0.0000,  1.0000]]], device='cuda:0')
0:04:13.730703 - Wrote debug data: /home/ubuntu/synthetic_pose_estimation/cosypose/local_data/debug_data/debug_iter=1.pth.tar
0:04:13.942511 - TCO_input tensor([[[ 1.0000,  0.0000,  0.0000, -0.0190],
         [ 0.0000,  1.0000,  0.0000,  0.0130],
         [ 0.0000,  0.0000,  1.0000,  0.2994],
         [ 0.0000,  0.0000,  0.0000,  1.0000]]], device='cuda:0')
0:04:13.943503 - vxvyvz tensor([[ 1.7780, -0.9312,  0.5028]], device='cuda:0')
0:04:13.944468 - dR tensor([[[-0.8150,  0.4797,  0.3252],
         [-0.4818, -0.8726,  0.0796],
         [ 0.3219, -0.0918,  0.9423]]], device='cuda:0')
0:04:13.945366 - fxfy tensor([[1800.6976, 1800.6981]], device='cuda:0')
0:04:13.947699 - TCO_gt tensor([[[-0.7893,  0.4511,  0.4165, -0.0100],
         [-0.5688, -0.7927, -0.2192,  0.0062],
         [ 0.2313, -0.4099,  0.8823,  0.1920],
         [ 0.0000,  0.0000,  0.0000,  1.0000]]], device='cuda:0')
0:04:13.948590 - TCO pred_orn tensor([[[-0.8150,  0.4797,  0.3252, -0.0100],
         [-0.4818, -0.8726,  0.0796,  0.0062],
         [ 0.3219, -0.0918,  0.9423,  0.1920],
         [ 0.0000,  0.0000,  0.0000,  1.0000]]], device='cuda:0')
0:04:13.949544 - TCO pred_xy tensor([[[-0.7893,  0.4511,  0.4165, -0.0120],
         [-0.5688, -0.7927, -0.2192,  0.0083],
         [ 0.2313, -0.4099,  0.8823,  0.1920],
         [ 0.0000,  0.0000,  0.0000,  1.0000]]], device='cuda:0')
0:04:13.950493 - TCO pred_z tensor([[[-0.7893,  0.4511,  0.4165, -0.0100],
         [-0.5688, -0.7927, -0.2192,  0.0062],
         [ 0.2313, -0.4099,  0.8823,  0.1505],
         [ 0.0000,  0.0000,  0.0000,  1.0000]]], device='cuda:0')
0:04:13.951117 - loss orn tensor([0.0012], device='cuda:0')
0:04:13.951732 - loss xy tensor([0.0014], device='cuda:0')
0:04:13.952373 - loss z tensor([0.0138], device='cuda:0')
100%|█████████████████████████████████████████████| 1/1 [00:00<00:00,  8.28it/s]100%|█████████████████████████████████████████████| 1/1 [00:00<00:00,  8.25it/s]
0:04:13.644622 - saving /home/ubuntu/synthetic_pose_estimation/cosypose/local_data/experiments/bracket_assembly_debug_nut_nosym_coarse_noaug--938962 480
  0%|                                                     | 0/1 [00:00<?, ?it/s]0:04:14.057451 - iteration 0
0:04:14.102839 - outputs, {'pose': tensor([[-1.0055, -0.7270,  0.2962,  0.5623, -0.6196, -0.4169,  3.8549, -1.3959,
          0.6447]], device='cuda:0', grad_fn=<AddmmBackward0>)}
0:04:14.104549 - model_outputs {'pose': tensor([[-1.0055, -0.7270,  0.2962,  0.5623, -0.6196, -0.4169,  3.8549, -1.3959,
          0.6447]], device='cuda:0', grad_fn=<AddmmBackward0>)}
0:04:14.105392 - K crop tensor([[[1.8550e+03, 0.0000e+00, 2.0058e+02],
         [0.0000e+00, 1.8550e+03, 5.5956e+01],
         [0.0000e+00, 0.0000e+00, 1.0000e+00]]], device='cuda:0')
0:04:14.106288 - TCO_input tensor([[[ 1.0000,  0.0000,  0.0000, -0.0068],
         [ 0.0000,  1.0000,  0.0000,  0.0105],
         [ 0.0000,  0.0000,  1.0000,  0.3071],
         [ 0.0000,  0.0000,  0.0000,  1.0000]]], device='cuda:0')
0:04:14.107219 - model tco output tensor([[[-0.7883,  0.4530,  0.4165, -0.0040],
         [-0.5699, -0.7928, -0.2163,  0.0066],
         [ 0.2322, -0.4078,  0.8831,  0.1980],
         [ 0.0000,  0.0000,  0.0000,  1.0000]]], device='cuda:0',
       grad_fn=<CopySlices>)
0:04:14.147546 - Wrote debug data: /home/ubuntu/synthetic_pose_estimation/cosypose/local_data/debug_data/debug_iter=1.pth.tar
0:04:14.359445 - TCO_input tensor([[[ 1.0000,  0.0000,  0.0000, -0.0068],
         [ 0.0000,  1.0000,  0.0000,  0.0105],
         [ 0.0000,  0.0000,  1.0000,  0.3071],
         [ 0.0000,  0.0000,  0.0000,  1.0000]]], device='cuda:0')
0:04:14.360503 - vxvyvz tensor([[ 3.8549, -1.3959,  0.6447]], device='cuda:0',
       grad_fn=<SliceBackward0>)
0:04:14.361557 - dR tensor([[[-0.7883,  0.4530,  0.4165],
         [-0.5699, -0.7928, -0.2163],
         [ 0.2322, -0.4078,  0.8831]]], device='cuda:0',
       grad_fn=<StackBackward0>)
0:04:14.362403 - fxfy tensor([[1855.0294, 1855.0295]], device='cuda:0')
0:04:14.364866 - TCO_gt tensor([[[-0.7893,  0.4511,  0.4165, -0.0100],
         [-0.5688, -0.7927, -0.2192,  0.0062],
         [ 0.2313, -0.4099,  0.8823,  0.1920],
         [ 0.0000,  0.0000,  0.0000,  1.0000]]], device='cuda:0')
0:04:14.365769 - TCO pred_orn tensor([[[-0.7883,  0.4530,  0.4165, -0.0100],
         [-0.5699, -0.7928, -0.2163,  0.0062],
         [ 0.2322, -0.4078,  0.8831,  0.1920],
         [ 0.0000,  0.0000,  0.0000,  1.0000]]], device='cuda:0',
       grad_fn=<CopySlices>)
0:04:14.366652 - TCO pred_xy tensor([[[-0.7893,  0.4511,  0.4165, -0.0039],
         [-0.5688, -0.7927, -0.2192,  0.0064],
         [ 0.2313, -0.4099,  0.8823,  0.1920],
         [ 0.0000,  0.0000,  0.0000,  1.0000]]], device='cuda:0',
       grad_fn=<CopySlices>)
0:04:14.367531 - TCO pred_z tensor([[[-0.7893,  0.4511,  0.4165, -0.0100],
         [-0.5688, -0.7927, -0.2192,  0.0062],
         [ 0.2313, -0.4099,  0.8823,  0.1980],
         [ 0.0000,  0.0000,  0.0000,  1.0000]]], device='cuda:0',
       grad_fn=<CopySlices>)
0:04:14.368152 - loss orn tensor([1.3224e-05], device='cuda:0', grad_fn=<MinBackward0>)
0:04:14.368756 - loss xy tensor([0.0021], device='cuda:0', grad_fn=<MinBackward0>)
0:04:14.369385 - loss z tensor([0.0020], device='cuda:0', grad_fn=<MinBackward0>)
  0%|                                       | 0/1 [00:00<?, ?it/s, loss=0.00416]100%|███████████████████████████████| 1/1 [00:00<00:00,  4.63it/s, loss=0.00416]100%|███████████████████████████████| 1/1 [00:00<00:00,  4.62it/s, loss=0.00416]
0:04:14.146201 - saving /home/ubuntu/synthetic_pose_estimation/cosypose/local_data/experiments/bracket_assembly_debug_nut_nosym_coarse_noaug--938962 481
  0%|                                                     | 0/1 [00:00<?, ?it/s]0:04:14.561450 - iteration 0
0:04:14.604548 - outputs, {'pose': tensor([[-1.0011, -0.7325,  0.2994,  0.5537, -0.6192, -0.4255,  3.8747, -1.4225,
          0.6553]], device='cuda:0', grad_fn=<AddmmBackward0>)}
0:04:14.606224 - model_outputs {'pose': tensor([[-1.0011, -0.7325,  0.2994,  0.5537, -0.6192, -0.4255,  3.8747, -1.4225,
          0.6553]], device='cuda:0', grad_fn=<AddmmBackward0>)}
0:04:14.607030 - K crop tensor([[[1.7298e+03, 0.0000e+00, 2.6052e+02],
         [0.0000e+00, 1.7298e+03, 8.3155e+01],
         [0.0000e+00, 0.0000e+00, 1.0000e+00]]], device='cuda:0')
0:04:14.607918 - TCO_input tensor([[[ 1.0000,  0.0000,  0.0000, -0.0167],
         [ 0.0000,  1.0000,  0.0000,  0.0060],
         [ 0.0000,  0.0000,  1.0000,  0.2853],
         [ 0.0000,  0.0000,  0.0000,  1.0000]]], device='cuda:0')
0:04:14.609427 - model tco output tensor([[[-0.7845,  0.4514,  0.4252, -0.0105],
         [-0.5741, -0.7880, -0.2226,  0.0038],
         [ 0.2346, -0.4187,  0.8773,  0.1869],
         [ 0.0000,  0.0000,  0.0000,  1.0000]]], device='cuda:0',
       grad_fn=<CopySlices>)
0:04:14.649422 - Wrote debug data: /home/ubuntu/synthetic_pose_estimation/cosypose/local_data/debug_data/debug_iter=1.pth.tar
0:04:14.862523 - TCO_input tensor([[[ 1.0000,  0.0000,  0.0000, -0.0167],
         [ 0.0000,  1.0000,  0.0000,  0.0060],
         [ 0.0000,  0.0000,  1.0000,  0.2853],
         [ 0.0000,  0.0000,  0.0000,  1.0000]]], device='cuda:0')
0:04:14.863486 - vxvyvz tensor([[ 3.8747, -1.4225,  0.6553]], device='cuda:0',
       grad_fn=<SliceBackward0>)
0:04:14.864478 - dR tensor([[[-0.7845,  0.4514,  0.4252],
         [-0.5741, -0.7880, -0.2226],
         [ 0.2346, -0.4187,  0.8773]]], device='cuda:0',
       grad_fn=<StackBackward0>)
0:04:14.865431 - fxfy tensor([[1729.8245, 1729.8245]], device='cuda:0')
0:04:14.867918 - TCO_gt tensor([[[-0.7893,  0.4511,  0.4165, -0.0100],
         [-0.5688, -0.7927, -0.2192,  0.0062],
         [ 0.2313, -0.4099,  0.8823,  0.1920],
         [ 0.0000,  0.0000,  0.0000,  1.0000]]], device='cuda:0')
0:04:14.868878 - TCO pred_orn tensor([[[-0.7845,  0.4514,  0.4252, -0.0100],
         [-0.5741, -0.7880, -0.2226,  0.0062],
         [ 0.2346, -0.4187,  0.8773,  0.1920],
         [ 0.0000,  0.0000,  0.0000,  1.0000]]], device='cuda:0',
       grad_fn=<CopySlices>)
0:04:14.869854 - TCO pred_xy tensor([[[-0.7893,  0.4511,  0.4165, -0.0108],
         [-0.5688, -0.7927, -0.2192,  0.0039],
         [ 0.2313, -0.4099,  0.8823,  0.1920],
         [ 0.0000,  0.0000,  0.0000,  1.0000]]], device='cuda:0',
       grad_fn=<CopySlices>)
0:04:14.870808 - TCO pred_z tensor([[[-0.7893,  0.4511,  0.4165, -0.0100],
         [-0.5688, -0.7927, -0.2192,  0.0062],
         [ 0.2313, -0.4099,  0.8823,  0.1869],
         [ 0.0000,  0.0000,  0.0000,  1.0000]]], device='cuda:0',
       grad_fn=<CopySlices>)
0:04:14.871473 - loss orn tensor([4.6919e-05], device='cuda:0', grad_fn=<MinBackward0>)
0:04:14.872100 - loss xy tensor([0.0010], device='cuda:0', grad_fn=<MinBackward0>)
0:04:14.872716 - loss z tensor([0.0017], device='cuda:0', grad_fn=<MinBackward0>)
  0%|                                       | 0/1 [00:00<?, ?it/s, loss=0.00276]100%|███████████████████████████████| 1/1 [00:00<00:00,  4.56it/s, loss=0.00276]100%|███████████████████████████████| 1/1 [00:00<00:00,  4.56it/s, loss=0.00276]
0:04:14.634397 - saving /home/ubuntu/synthetic_pose_estimation/cosypose/local_data/experiments/bracket_assembly_debug_nut_nosym_coarse_noaug--938962 482
  0%|                                                     | 0/1 [00:00<?, ?it/s]0:04:15.053229 - iteration 0
0:04:15.104107 - outputs, {'pose': tensor([[-1.0173, -0.7306,  0.2988,  0.5626, -0.6166, -0.4239,  3.8837, -1.4320,
          0.6505]], device='cuda:0', grad_fn=<AddmmBackward0>)}
0:04:15.105699 - model_outputs {'pose': tensor([[-1.0173, -0.7306,  0.2988,  0.5626, -0.6166, -0.4239,  3.8837, -1.4320,
          0.6505]], device='cuda:0', grad_fn=<AddmmBackward0>)}
0:04:15.106496 - K crop tensor([[[2.0796e+03, 0.0000e+00, 2.5100e+02],
         [0.0000e+00, 2.0796e+03, 7.4898e+01],
         [0.0000e+00, 0.0000e+00, 1.0000e+00]]], device='cuda:0')
0:04:15.107362 - TCO_input tensor([[[ 1.0000,  0.0000,  0.0000, -0.0150],
         [ 0.0000,  1.0000,  0.0000,  0.0073],
         [ 0.0000,  0.0000,  1.0000,  0.3418],
         [ 0.0000,  0.0000,  0.0000,  1.0000]]], device='cuda:0')
0:04:15.108280 - model tco output tensor([[[-0.7901,  0.4477,  0.4188, -0.0094],
         [-0.5674, -0.7926, -0.2231,  0.0046],
         [ 0.2320, -0.4139,  0.8803,  0.2224],
         [ 0.0000,  0.0000,  0.0000,  1.0000]]], device='cuda:0',
       grad_fn=<CopySlices>)
0:04:15.144810 - Wrote debug data: /home/ubuntu/synthetic_pose_estimation/cosypose/local_data/debug_data/debug_iter=1.pth.tar
0:04:15.359575 - TCO_input tensor([[[ 1.0000,  0.0000,  0.0000, -0.0150],
         [ 0.0000,  1.0000,  0.0000,  0.0073],
         [ 0.0000,  0.0000,  1.0000,  0.3418],
         [ 0.0000,  0.0000,  0.0000,  1.0000]]], device='cuda:0')
0:04:15.360589 - vxvyvz tensor([[ 3.8837, -1.4320,  0.6505]], device='cuda:0',
       grad_fn=<SliceBackward0>)
0:04:15.361636 - dR tensor([[[-0.7901,  0.4477,  0.4188],
         [-0.5674, -0.7926, -0.2231],
         [ 0.2320, -0.4139,  0.8803]]], device='cuda:0',
       grad_fn=<StackBackward0>)
0:04:15.362546 - fxfy tensor([[2079.5798, 2079.5801]], device='cuda:0')
0:04:15.365057 - TCO_gt tensor([[[-0.7893,  0.4511,  0.4165, -0.0100],
         [-0.5688, -0.7927, -0.2192,  0.0062],
         [ 0.2313, -0.4099,  0.8823,  0.1920],
         [ 0.0000,  0.0000,  0.0000,  1.0000]]], device='cuda:0')
0:04:15.366027 - TCO pred_orn tensor([[[-0.7901,  0.4477,  0.4188, -0.0100],
         [-0.5674, -0.7926, -0.2231,  0.0062],
         [ 0.2320, -0.4139,  0.8803,  0.1920],
         [ 0.0000,  0.0000,  0.0000,  1.0000]]], device='cuda:0',
       grad_fn=<CopySlices>)
0:04:15.366945 - TCO pred_xy tensor([[[-0.7893,  0.4511,  0.4165, -0.0081],
         [-0.5688, -0.7927, -0.2192,  0.0040],
         [ 0.2313, -0.4099,  0.8823,  0.1920],
         [ 0.0000,  0.0000,  0.0000,  1.0000]]], device='cuda:0',
       grad_fn=<CopySlices>)
0:04:15.367853 - TCO pred_z tensor([[[-0.7893,  0.4511,  0.4165, -0.0100],
         [-0.5688, -0.7927, -0.2192,  0.0062],
         [ 0.2313, -0.4099,  0.8823,  0.2224],
         [ 0.0000,  0.0000,  0.0000,  1.0000]]], device='cuda:0',
       grad_fn=<CopySlices>)
0:04:15.368507 - loss orn tensor([2.1136e-05], device='cuda:0', grad_fn=<MinBackward0>)
0:04:15.369162 - loss xy tensor([0.0014], device='cuda:0', grad_fn=<MinBackward0>)
0:04:15.369826 - loss z tensor([0.0101], device='cuda:0', grad_fn=<MinBackward0>)
  0%|                                        | 0/1 [00:00<?, ?it/s, loss=0.0115]100%|████████████████████████████████| 1/1 [00:00<00:00,  4.34it/s, loss=0.0115]100%|████████████████████████████████| 1/1 [00:00<00:00,  4.33it/s, loss=0.0115]
0:04:15.134682 - saving /home/ubuntu/synthetic_pose_estimation/cosypose/local_data/experiments/bracket_assembly_debug_nut_nosym_coarse_noaug--938962 483
  0%|                                                     | 0/1 [00:00<?, ?it/s]0:04:15.549916 - iteration 0
0:04:15.593824 - outputs, {'pose': tensor([[-1.0078, -0.7246,  0.3039,  0.5610, -0.6226, -0.4223,  3.8876, -1.4456,
          0.6503]], device='cuda:0', grad_fn=<AddmmBackward0>)}
0:04:15.595535 - model_outputs {'pose': tensor([[-1.0078, -0.7246,  0.3039,  0.5610, -0.6226, -0.4223,  3.8876, -1.4456,
          0.6503]], device='cuda:0', grad_fn=<AddmmBackward0>)}
0:04:15.596352 - K crop tensor([[[1.7824e+03, 0.0000e+00, 2.6533e+02],
         [0.0000e+00, 1.7824e+03, 7.3251e+01],
         [0.0000e+00, 0.0000e+00, 1.0000e+00]]], device='cuda:0')
0:04:15.597239 - TCO_input tensor([[[ 1.0000,  0.0000,  0.0000, -0.0175],
         [ 0.0000,  1.0000,  0.0000,  0.0076],
         [ 0.0000,  0.0000,  1.0000,  0.2943],
         [ 0.0000,  0.0000,  0.0000,  1.0000]]], device='cuda:0')
0:04:15.598750 - model tco output tensor([[[-0.7886,  0.4475,  0.4216, -0.0109],
         [-0.5670, -0.7946, -0.2172,  0.0048],
         [ 0.2378, -0.4104,  0.8804,  0.1914],
         [ 0.0000,  0.0000,  0.0000,  1.0000]]], device='cuda:0',
       grad_fn=<CopySlices>)
0:04:15.637662 - Wrote debug data: /home/ubuntu/synthetic_pose_estimation/cosypose/local_data/debug_data/debug_iter=1.pth.tar
0:04:15.851361 - TCO_input tensor([[[ 1.0000,  0.0000,  0.0000, -0.0175],
         [ 0.0000,  1.0000,  0.0000,  0.0076],
         [ 0.0000,  0.0000,  1.0000,  0.2943],
         [ 0.0000,  0.0000,  0.0000,  1.0000]]], device='cuda:0')
0:04:15.852363 - vxvyvz tensor([[ 3.8876, -1.4456,  0.6503]], device='cuda:0',
       grad_fn=<SliceBackward0>)
0:04:15.853440 - dR tensor([[[-0.7886,  0.4475,  0.4216],
         [-0.5670, -0.7946, -0.2172],
         [ 0.2378, -0.4104,  0.8804]]], device='cuda:0',
       grad_fn=<StackBackward0>)
0:04:15.854327 - fxfy tensor([[1782.3521, 1782.3521]], device='cuda:0')
0:04:15.856863 - TCO_gt tensor([[[-0.7893,  0.4511,  0.4165, -0.0100],
         [-0.5688, -0.7927, -0.2192,  0.0062],
         [ 0.2313, -0.4099,  0.8823,  0.1920],
         [ 0.0000,  0.0000,  0.0000,  1.0000]]], device='cuda:0')
0:04:15.857835 - TCO pred_orn tensor([[[-0.7886,  0.4475,  0.4216, -0.0100],
         [-0.5670, -0.7946, -0.2172,  0.0062],
         [ 0.2378, -0.4104,  0.8804,  0.1920],
         [ 0.0000,  0.0000,  0.0000,  1.0000]]], device='cuda:0',
       grad_fn=<CopySlices>)
0:04:15.858768 - TCO pred_xy tensor([[[-0.7893,  0.4511,  0.4165, -0.0110],
         [-0.5688, -0.7927, -0.2192,  0.0048],
         [ 0.2313, -0.4099,  0.8823,  0.1920],
         [ 0.0000,  0.0000,  0.0000,  1.0000]]], device='cuda:0',
       grad_fn=<CopySlices>)
0:04:15.859685 - TCO pred_z tensor([[[-0.7893,  0.4511,  0.4165, -0.0100],
         [-0.5688, -0.7927, -0.2192,  0.0062],
         [ 0.2313, -0.4099,  0.8823,  0.1914],
         [ 0.0000,  0.0000,  0.0000,  1.0000]]], device='cuda:0',
       grad_fn=<CopySlices>)
0:04:15.860343 - loss orn tensor([2.7506e-05], device='cuda:0', grad_fn=<MinBackward0>)
0:04:15.860998 - loss xy tensor([0.0008], device='cuda:0', grad_fn=<MinBackward0>)
0:04:15.861675 - loss z tensor([0.0002], device='cuda:0', grad_fn=<MinBackward0>)
  0%|                                      | 0/1 [00:00<?, ?it/s, loss=0.000996]100%|██████████████████████████████| 1/1 [00:00<00:00,  4.45it/s, loss=0.000996]100%|██████████████████████████████| 1/1 [00:00<00:00,  4.44it/s, loss=0.000996]
0:04:15.641580 - saving /home/ubuntu/synthetic_pose_estimation/cosypose/local_data/experiments/bracket_assembly_debug_nut_nosym_coarse_noaug--938962 484
  0%|                                                     | 0/1 [00:00<?, ?it/s]0:04:16.056789 - iteration 0
0:04:16.101003 - outputs, {'pose': tensor([[-1.0025, -0.7275,  0.2935,  0.5625, -0.6223, -0.4099,  3.8963, -1.4450,
          0.6521]], device='cuda:0', grad_fn=<AddmmBackward0>)}
0:04:16.102597 - model_outputs {'pose': tensor([[-1.0025, -0.7275,  0.2935,  0.5625, -0.6223, -0.4099,  3.8963, -1.4450,
          0.6521]], device='cuda:0', grad_fn=<AddmmBackward0>)}
0:04:16.103373 - K crop tensor([[[1.7340e+03, 0.0000e+00, 2.5912e+02],
         [0.0000e+00, 1.7340e+03, 4.6669e+01],
         [0.0000e+00, 0.0000e+00, 1.0000e+00]]], device='cuda:0')
0:04:16.104788 - TCO_input tensor([[[ 1.0000,  0.0000,  0.0000, -0.0166],
         [ 0.0000,  1.0000,  0.0000,  0.0121],
         [ 0.0000,  0.0000,  1.0000,  0.2883],
         [ 0.0000,  0.0000,  0.0000,  1.0000]]], device='cuda:0')
0:04:16.105836 - model tco output tensor([[[-0.7876,  0.4578,  0.4125, -0.0104],
         [-0.5715, -0.7930, -0.2109,  0.0077],
         [ 0.2306, -0.4018,  0.8862,  0.1880],
         [ 0.0000,  0.0000,  0.0000,  1.0000]]], device='cuda:0',
       grad_fn=<CopySlices>)
0:04:16.145661 - Wrote debug data: /home/ubuntu/synthetic_pose_estimation/cosypose/local_data/debug_data/debug_iter=1.pth.tar
0:04:16.358589 - TCO_input tensor([[[ 1.0000,  0.0000,  0.0000, -0.0166],
         [ 0.0000,  1.0000,  0.0000,  0.0121],
         [ 0.0000,  0.0000,  1.0000,  0.2883],
         [ 0.0000,  0.0000,  0.0000,  1.0000]]], device='cuda:0')
0:04:16.359722 - vxvyvz tensor([[ 3.8963, -1.4450,  0.6521]], device='cuda:0',
       grad_fn=<SliceBackward0>)
0:04:16.360750 - dR tensor([[[-0.7876,  0.4578,  0.4125],
         [-0.5715, -0.7930, -0.2109],
         [ 0.2306, -0.4018,  0.8862]]], device='cuda:0',
       grad_fn=<StackBackward0>)
0:04:16.361665 - fxfy tensor([[1734.0249, 1734.0249]], device='cuda:0')
0:04:16.364186 - TCO_gt tensor([[[-0.7893,  0.4511,  0.4165, -0.0100],
         [-0.5688, -0.7927, -0.2192,  0.0062],
         [ 0.2313, -0.4099,  0.8823,  0.1920],
         [ 0.0000,  0.0000,  0.0000,  1.0000]]], device='cuda:0')
0:04:16.365128 - TCO pred_orn tensor([[[-0.7876,  0.4578,  0.4125, -0.0100],
         [-0.5715, -0.7930, -0.2109,  0.0062],
         [ 0.2306, -0.4018,  0.8862,  0.1920],
         [ 0.0000,  0.0000,  0.0000,  1.0000]]], device='cuda:0',
       grad_fn=<CopySlices>)
0:04:16.366071 - TCO pred_xy tensor([[[-0.7893,  0.4511,  0.4165, -0.0106],
         [-0.5688, -0.7927, -0.2192,  0.0079],
         [ 0.2313, -0.4099,  0.8823,  0.1920],
         [ 0.0000,  0.0000,  0.0000,  1.0000]]], device='cuda:0',
       grad_fn=<CopySlices>)
0:04:16.366963 - TCO pred_z tensor([[[-0.7893,  0.4511,  0.4165, -0.0100],
         [-0.5688, -0.7927, -0.2192,  0.0062],
         [ 0.2313, -0.4099,  0.8823,  0.1880],
         [ 0.0000,  0.0000,  0.0000,  1.0000]]], device='cuda:0',
       grad_fn=<CopySlices>)
0:04:16.367600 - loss orn tensor([4.3317e-05], device='cuda:0', grad_fn=<MinBackward0>)
0:04:16.368222 - loss xy tensor([0.0008], device='cuda:0', grad_fn=<MinBackward0>)
0:04:16.368857 - loss z tensor([0.0013], device='cuda:0', grad_fn=<MinBackward0>)
  0%|                                       | 0/1 [00:00<?, ?it/s, loss=0.00213]100%|███████████████████████████████| 1/1 [00:00<00:00,  4.56it/s, loss=0.00213]100%|███████████████████████████████| 1/1 [00:00<00:00,  4.55it/s, loss=0.00213]
0:04:16.147186 - saving /home/ubuntu/synthetic_pose_estimation/cosypose/local_data/experiments/bracket_assembly_debug_nut_nosym_coarse_noaug--938962 485
  0%|                                                     | 0/1 [00:00<?, ?it/s]0:04:16.562345 - iteration 0
0:04:16.605791 - outputs, {'pose': tensor([[-1.0080, -0.7367,  0.3007,  0.5643, -0.6285, -0.4199,  3.9342, -1.4649,
          0.6691]], device='cuda:0', grad_fn=<AddmmBackward0>)}
0:04:16.607381 - model_outputs {'pose': tensor([[-1.0080, -0.7367,  0.3007,  0.5643, -0.6285, -0.4199,  3.9342, -1.4649,
          0.6691]], device='cuda:0', grad_fn=<AddmmBackward0>)}
0:04:16.608161 - K crop tensor([[[1.7865e+03, 0.0000e+00, 2.8977e+02],
         [0.0000e+00, 1.7865e+03, 4.8419e+01],
         [0.0000e+00, 0.0000e+00, 1.0000e+00]]], device='cuda:0')
0:04:16.609024 - TCO_input tensor([[[ 1.0000,  0.0000,  0.0000, -0.0216],
         [ 0.0000,  1.0000,  0.0000,  0.0118],
         [ 0.0000,  0.0000,  1.0000,  0.2966],
         [ 0.0000,  0.0000,  0.0000,  1.0000]]], device='cuda:0')
0:04:16.610510 - model tco output tensor([[[-0.7849,  0.4563,  0.4192, -0.0140],
         [-0.5737, -0.7908, -0.2133,  0.0077],
         [ 0.2342, -0.4079,  0.8825,  0.1985],
         [ 0.0000,  0.0000,  0.0000,  1.0000]]], device='cuda:0',
       grad_fn=<CopySlices>)
0:04:16.656381 - Wrote debug data: /home/ubuntu/synthetic_pose_estimation/cosypose/local_data/debug_data/debug_iter=1.pth.tar
0:04:16.875134 - TCO_input tensor([[[ 1.0000,  0.0000,  0.0000, -0.0216],
         [ 0.0000,  1.0000,  0.0000,  0.0118],
         [ 0.0000,  0.0000,  1.0000,  0.2966],
         [ 0.0000,  0.0000,  0.0000,  1.0000]]], device='cuda:0')
0:04:16.876164 - vxvyvz tensor([[ 3.9342, -1.4649,  0.6691]], device='cuda:0',
       grad_fn=<SliceBackward0>)
0:04:16.877187 - dR tensor([[[-0.7849,  0.4563,  0.4192],
         [-0.5737, -0.7908, -0.2133],
         [ 0.2342, -0.4079,  0.8825]]], device='cuda:0',
       grad_fn=<StackBackward0>)
0:04:16.878090 - fxfy tensor([[1786.4579, 1786.4579]], device='cuda:0')
0:04:16.880561 - TCO_gt tensor([[[-0.7893,  0.4511,  0.4165, -0.0100],
         [-0.5688, -0.7927, -0.2192,  0.0062],
         [ 0.2313, -0.4099,  0.8823,  0.1920],
         [ 0.0000,  0.0000,  0.0000,  1.0000]]], device='cuda:0')
0:04:16.881517 - TCO pred_orn tensor([[[-0.7849,  0.4563,  0.4192, -0.0100],
         [-0.5737, -0.7908, -0.2133,  0.0062],
         [ 0.2342, -0.4079,  0.8825,  0.1920],
         [ 0.0000,  0.0000,  0.0000,  1.0000]]], device='cuda:0',
       grad_fn=<CopySlices>)
0:04:16.882409 - TCO pred_xy tensor([[[-0.7893,  0.4511,  0.4165, -0.0136],
         [-0.5688, -0.7927, -0.2192,  0.0075],
         [ 0.2313, -0.4099,  0.8823,  0.1920],
         [ 0.0000,  0.0000,  0.0000,  1.0000]]], device='cuda:0',
       grad_fn=<CopySlices>)
0:04:16.883319 - TCO pred_z tensor([[[-0.7893,  0.4511,  0.4165, -0.0100],
         [-0.5688, -0.7927, -0.2192,  0.0062],
         [ 0.2313, -0.4099,  0.8823,  0.1985],
         [ 0.0000,  0.0000,  0.0000,  1.0000]]], device='cuda:0',
       grad_fn=<CopySlices>)
0:04:16.883949 - loss orn tensor([3.2891e-05], device='cuda:0', grad_fn=<MinBackward0>)
0:04:16.884563 - loss xy tensor([0.0016], device='cuda:0', grad_fn=<MinBackward0>)
0:04:16.885206 - loss z tensor([0.0022], device='cuda:0', grad_fn=<MinBackward0>)
  0%|                                       | 0/1 [00:00<?, ?it/s, loss=0.00383]100%|███████████████████████████████| 1/1 [00:00<00:00,  4.35it/s, loss=0.00383]100%|███████████████████████████████| 1/1 [00:00<00:00,  4.34it/s, loss=0.00383]
0:04:16.690722 - saving /home/ubuntu/synthetic_pose_estimation/cosypose/local_data/experiments/bracket_assembly_debug_nut_nosym_coarse_noaug--938962 486
  0%|                                                     | 0/1 [00:00<?, ?it/s]0:04:17.105850 - iteration 0
0:04:17.149798 - outputs, {'pose': tensor([[-1.0131, -0.7296,  0.2958,  0.5669, -0.6253, -0.4240,  3.9459, -1.4712,
          0.6845]], device='cuda:0', grad_fn=<AddmmBackward0>)}
0:04:17.151328 - model_outputs {'pose': tensor([[-1.0131, -0.7296,  0.2958,  0.5669, -0.6253, -0.4240,  3.9459, -1.4712,
          0.6845]], device='cuda:0', grad_fn=<AddmmBackward0>)}
0:04:17.152091 - K crop tensor([[[1.6528e+03, 0.0000e+00, 2.1406e+02],
         [0.0000e+00, 1.6528e+03, 1.6671e+00],
         [0.0000e+00, 0.0000e+00, 1.0000e+00]]], device='cuda:0')
0:04:17.152950 - TCO_input tensor([[[ 1.0000,  0.0000,  0.0000, -0.0092],
         [ 0.0000,  1.0000,  0.0000,  0.0198],
         [ 0.0000,  0.0000,  1.0000,  0.2783],
         [ 0.0000,  0.0000,  0.0000,  1.0000]]], device='cuda:0')
0:04:17.154471 - model tco output tensor([[[-0.7896,  0.4507,  0.4164, -0.0058],
         [-0.5686, -0.7924, -0.2206,  0.0134],
         [ 0.2305, -0.4110,  0.8820,  0.1905],
         [ 0.0000,  0.0000,  0.0000,  1.0000]]], device='cuda:0',
       grad_fn=<CopySlices>)
0:04:17.196272 - Wrote debug data: /home/ubuntu/synthetic_pose_estimation/cosypose/local_data/debug_data/debug_iter=1.pth.tar
0:04:17.410860 - TCO_input tensor([[[ 1.0000,  0.0000,  0.0000, -0.0092],
         [ 0.0000,  1.0000,  0.0000,  0.0198],
         [ 0.0000,  0.0000,  1.0000,  0.2783],
         [ 0.0000,  0.0000,  0.0000,  1.0000]]], device='cuda:0')
0:04:17.411826 - vxvyvz tensor([[ 3.9459, -1.4712,  0.6845]], device='cuda:0',
       grad_fn=<SliceBackward0>)
0:04:17.412843 - dR tensor([[[-0.7896,  0.4507,  0.4164],
         [-0.5686, -0.7924, -0.2206],
         [ 0.2305, -0.4110,  0.8820]]], device='cuda:0',
       grad_fn=<StackBackward0>)
0:04:17.413713 - fxfy tensor([[1652.8490, 1652.8489]], device='cuda:0')
0:04:17.416192 - TCO_gt tensor([[[-0.7893,  0.4511,  0.4165, -0.0100],
         [-0.5688, -0.7927, -0.2192,  0.0062],
         [ 0.2313, -0.4099,  0.8823,  0.1920],
         [ 0.0000,  0.0000,  0.0000,  1.0000]]], device='cuda:0')
0:04:17.417125 - TCO pred_orn tensor([[[-0.7896,  0.4507,  0.4164, -0.0100],
         [-0.5686, -0.7924, -0.2206,  0.0062],
         [ 0.2305, -0.4110,  0.8820,  0.1920],
         [ 0.0000,  0.0000,  0.0000,  1.0000]]], device='cuda:0',
       grad_fn=<CopySlices>)
0:04:17.418046 - TCO pred_xy tensor([[[-0.7893,  0.4511,  0.4165, -0.0059],
         [-0.5688, -0.7927, -0.2192,  0.0135],
         [ 0.2313, -0.4099,  0.8823,  0.1920],
         [ 0.0000,  0.0000,  0.0000,  1.0000]]], device='cuda:0',
       grad_fn=<CopySlices>)
0:04:17.418942 - TCO pred_z tensor([[[-0.7893,  0.4511,  0.4165, -0.0100],
         [-0.5688, -0.7927, -0.2192,  0.0062],
         [ 0.2313, -0.4099,  0.8823,  0.1905],
         [ 0.0000,  0.0000,  0.0000,  1.0000]]], device='cuda:0',
       grad_fn=<CopySlices>)
0:04:17.419583 - loss orn tensor([5.6642e-06], device='cuda:0', grad_fn=<MinBackward0>)
0:04:17.420212 - loss xy tensor([0.0038], device='cuda:0', grad_fn=<MinBackward0>)
0:04:17.420838 - loss z tensor([0.0005], device='cuda:0', grad_fn=<MinBackward0>)
  0%|                                       | 0/1 [00:00<?, ?it/s, loss=0.00432]100%|███████████████████████████████| 1/1 [00:00<00:00,  4.51it/s, loss=0.00432]100%|███████████████████████████████| 1/1 [00:00<00:00,  4.50it/s, loss=0.00432]
0:04:17.202194 - saving /home/ubuntu/synthetic_pose_estimation/cosypose/local_data/experiments/bracket_assembly_debug_nut_nosym_coarse_noaug--938962 487
  0%|                                                     | 0/1 [00:00<?, ?it/s]0:04:17.617413 - iteration 0
0:04:17.661555 - outputs, {'pose': tensor([[-1.0130, -0.7260,  0.2912,  0.5596, -0.6305, -0.4175,  3.9470, -1.4761,
          0.6714]], device='cuda:0', grad_fn=<AddmmBackward0>)}
0:04:17.663192 - model_outputs {'pose': tensor([[-1.0130, -0.7260,  0.2912,  0.5596, -0.6305, -0.4175,  3.9470, -1.4761,
          0.6714]], device='cuda:0', grad_fn=<AddmmBackward0>)}
0:04:17.663989 - K crop tensor([[[2.1477e+03, 0.0000e+00, 2.3204e+02],
         [0.0000e+00, 2.1477e+03, 5.3870e+01],
         [0.0000e+00, 0.0000e+00, 1.0000e+00]]], device='cuda:0')
0:04:17.664841 - TCO_input tensor([[[ 1.0000,  0.0000,  0.0000, -0.0120],
         [ 0.0000,  1.0000,  0.0000,  0.0108],
         [ 0.0000,  0.0000,  1.0000,  0.3542],
         [ 0.0000,  0.0000,  0.0000,  1.0000]]], device='cuda:0')
0:04:17.666446 - model tco output tensor([[[-0.7915,  0.4516,  0.4119, -0.0076],
         [-0.5673, -0.7936, -0.2200,  0.0071],
         [ 0.2275, -0.4077,  0.8843,  0.2378],
         [ 0.0000,  0.0000,  0.0000,  1.0000]]], device='cuda:0',
       grad_fn=<CopySlices>)
0:04:17.703448 - Wrote debug data: /home/ubuntu/synthetic_pose_estimation/cosypose/local_data/debug_data/debug_iter=1.pth.tar
0:04:17.916351 - TCO_input tensor([[[ 1.0000,  0.0000,  0.0000, -0.0120],
         [ 0.0000,  1.0000,  0.0000,  0.0108],
         [ 0.0000,  0.0000,  1.0000,  0.3542],
         [ 0.0000,  0.0000,  0.0000,  1.0000]]], device='cuda:0')
0:04:17.917371 - vxvyvz tensor([[ 3.9470, -1.4761,  0.6714]], device='cuda:0',
       grad_fn=<SliceBackward0>)
0:04:17.918362 - dR tensor([[[-0.7915,  0.4516,  0.4119],
         [-0.5673, -0.7936, -0.2200],
         [ 0.2275, -0.4077,  0.8843]]], device='cuda:0',
       grad_fn=<StackBackward0>)
0:04:17.919232 - fxfy tensor([[2147.7480, 2147.7480]], device='cuda:0')
0:04:17.921796 - TCO_gt tensor([[[-0.7893,  0.4511,  0.4165, -0.0100],
         [-0.5688, -0.7927, -0.2192,  0.0062],
         [ 0.2313, -0.4099,  0.8823,  0.1920],
         [ 0.0000,  0.0000,  0.0000,  1.0000]]], device='cuda:0')
0:04:17.922718 - TCO pred_orn tensor([[[-0.7915,  0.4516,  0.4119, -0.0100],
         [-0.5673, -0.7936, -0.2200,  0.0062],
         [ 0.2275, -0.4077,  0.8843,  0.1920],
         [ 0.0000,  0.0000,  0.0000,  1.0000]]], device='cuda:0',
       grad_fn=<CopySlices>)
0:04:17.923629 - TCO pred_xy tensor([[[-0.7893,  0.4511,  0.4165, -0.0061],
         [-0.5688, -0.7927, -0.2192,  0.0057],
         [ 0.2313, -0.4099,  0.8823,  0.1920],
         [ 0.0000,  0.0000,  0.0000,  1.0000]]], device='cuda:0',
       grad_fn=<CopySlices>)
0:04:17.924533 - TCO pred_z tensor([[[-0.7893,  0.4511,  0.4165, -0.0100],
         [-0.5688, -0.7927, -0.2192,  0.0062],
         [ 0.2313, -0.4099,  0.8823,  0.2378],
         [ 0.0000,  0.0000,  0.0000,  1.0000]]], device='cuda:0',
       grad_fn=<CopySlices>)
0:04:17.925196 - loss orn tensor([1.9915e-05], device='cuda:0', grad_fn=<MinBackward0>)
0:04:17.928848 - loss xy tensor([0.0014], device='cuda:0', grad_fn=<MinBackward0>)
0:04:17.929491 - loss z tensor([0.0153], device='cuda:0', grad_fn=<MinBackward0>)
  0%|                                        | 0/1 [00:00<?, ?it/s, loss=0.0167]100%|████████████████████████████████| 1/1 [00:00<00:00,  4.48it/s, loss=0.0167]100%|████████████████████████████████| 1/1 [00:00<00:00,  4.47it/s, loss=0.0167]
0:04:17.710865 - saving /home/ubuntu/synthetic_pose_estimation/cosypose/local_data/experiments/bracket_assembly_debug_nut_nosym_coarse_noaug--938962 488
  0%|                                                     | 0/1 [00:00<?, ?it/s]0:04:18.126059 - iteration 0
0:04:18.169561 - outputs, {'pose': tensor([[-1.0112, -0.7295,  0.2964,  0.5650, -0.6256, -0.4216,  3.9581, -1.4939,
          0.6806]], device='cuda:0', grad_fn=<AddmmBackward0>)}
0:04:18.171157 - model_outputs {'pose': tensor([[-1.0112, -0.7295,  0.2964,  0.5650, -0.6256, -0.4216,  3.9581, -1.4939,
          0.6806]], device='cuda:0', grad_fn=<AddmmBackward0>)}
0:04:18.171938 - K crop tensor([[[1.8913e+03, 0.0000e+00, 2.4946e+02],
         [0.0000e+00, 1.8913e+03, 3.9249e+01],
         [0.0000e+00, 0.0000e+00, 1.0000e+00]]], device='cuda:0')
0:04:18.172783 - TCO_input tensor([[[ 1.0000,  0.0000,  0.0000, -0.0149],
         [ 0.0000,  1.0000,  0.0000,  0.0133],
         [ 0.0000,  0.0000,  1.0000,  0.3140],
         [ 0.0000,  0.0000,  0.0000,  1.0000]]], device='cuda:0')
0:04:18.174341 - model tco output tensor([[[-0.7890,  0.4518,  0.4164, -0.0097],
         [-0.5692, -0.7926, -0.2187,  0.0089],
         [ 0.2312, -0.4095,  0.8825,  0.2137],
         [ 0.0000,  0.0000,  0.0000,  1.0000]]], device='cuda:0',
       grad_fn=<CopySlices>)
0:04:18.212685 - Wrote debug data: /home/ubuntu/synthetic_pose_estimation/cosypose/local_data/debug_data/debug_iter=1.pth.tar
0:04:18.425346 - TCO_input tensor([[[ 1.0000,  0.0000,  0.0000, -0.0149],
         [ 0.0000,  1.0000,  0.0000,  0.0133],
         [ 0.0000,  0.0000,  1.0000,  0.3140],
         [ 0.0000,  0.0000,  0.0000,  1.0000]]], device='cuda:0')
0:04:18.426505 - vxvyvz tensor([[ 3.9581, -1.4939,  0.6806]], device='cuda:0',
       grad_fn=<SliceBackward0>)
0:04:18.427548 - dR tensor([[[-0.7890,  0.4518,  0.4164],
         [-0.5692, -0.7926, -0.2187],
         [ 0.2312, -0.4095,  0.8825]]], device='cuda:0',
       grad_fn=<StackBackward0>)
0:04:18.428432 - fxfy tensor([[1891.3492, 1891.3496]], device='cuda:0')
0:04:18.430984 - TCO_gt tensor([[[-0.7893,  0.4511,  0.4165, -0.0100],
         [-0.5688, -0.7927, -0.2192,  0.0062],
         [ 0.2313, -0.4099,  0.8823,  0.1920],
         [ 0.0000,  0.0000,  0.0000,  1.0000]]], device='cuda:0')
0:04:18.431911 - TCO pred_orn tensor([[[-0.7890,  0.4518,  0.4164, -0.0100],
         [-0.5692, -0.7926, -0.2187,  0.0062],
         [ 0.2312, -0.4095,  0.8825,  0.1920],
         [ 0.0000,  0.0000,  0.0000,  1.0000]]], device='cuda:0',
       grad_fn=<CopySlices>)
0:04:18.432829 - TCO pred_xy tensor([[[-0.7893,  0.4511,  0.4165, -0.0087],
         [-0.5688, -0.7927, -0.2192,  0.0080],
         [ 0.2313, -0.4099,  0.8823,  0.1920],
         [ 0.0000,  0.0000,  0.0000,  1.0000]]], device='cuda:0',
       grad_fn=<CopySlices>)
0:04:18.433779 - TCO pred_z tensor([[[-0.7893,  0.4511,  0.4165, -0.0100],
         [-0.5688, -0.7927, -0.2192,  0.0062],
         [ 0.2313, -0.4099,  0.8823,  0.2137],
         [ 0.0000,  0.0000,  0.0000,  1.0000]]], device='cuda:0',
       grad_fn=<CopySlices>)
0:04:18.434419 - loss orn tensor([3.2041e-06], device='cuda:0', grad_fn=<MinBackward0>)
0:04:18.435046 - loss xy tensor([0.0010], device='cuda:0', grad_fn=<MinBackward0>)
0:04:18.435663 - loss z tensor([0.0073], device='cuda:0', grad_fn=<MinBackward0>)
  0%|                                       | 0/1 [00:00<?, ?it/s, loss=0.00828]100%|███████████████████████████████| 1/1 [00:00<00:00,  4.58it/s, loss=0.00828]100%|███████████████████████████████| 1/1 [00:00<00:00,  4.57it/s, loss=0.00828]
0:04:18.201806 - saving /home/ubuntu/synthetic_pose_estimation/cosypose/local_data/experiments/bracket_assembly_debug_nut_nosym_coarse_noaug--938962 489
  0%|                                                     | 0/1 [00:00<?, ?it/s]0:04:18.617088 - iteration 0
0:04:18.660163 - outputs, {'pose': tensor([[-1.0021, -0.7266,  0.2914,  0.5598, -0.6178, -0.4231,  3.9453, -1.4961,
          0.6616]], device='cuda:0', grad_fn=<AddmmBackward0>)}
0:04:18.661731 - model_outputs {'pose': tensor([[-1.0021, -0.7266,  0.2914,  0.5598, -0.6178, -0.4231,  3.9453, -1.4961,
          0.6616]], device='cuda:0', grad_fn=<AddmmBackward0>)}
0:04:18.662492 - K crop tensor([[[2.0866e+03, 0.0000e+00, 2.1172e+02],
         [0.0000e+00, 2.0866e+03, 8.8851e+01],
         [0.0000e+00, 0.0000e+00, 1.0000e+00]]], device='cuda:0')
0:04:18.663342 - TCO_input tensor([[[ 1.0000,  0.0000,  0.0000, -0.0086],
         [ 0.0000,  1.0000,  0.0000,  0.0050],
         [ 0.0000,  0.0000,  1.0000,  0.3421],
         [ 0.0000,  0.0000,  0.0000,  1.0000]]], device='cuda:0')
0:04:18.664239 - model tco output tensor([[[-0.7880,  0.4517,  0.4183, -0.0052],
         [-0.5714, -0.7895, -0.2238,  0.0032],
         [ 0.2291, -0.4154,  0.8803,  0.2263],
         [ 0.0000,  0.0000,  0.0000,  1.0000]]], device='cuda:0',
       grad_fn=<CopySlices>)
0:04:18.701777 - Wrote debug data: /home/ubuntu/synthetic_pose_estimation/cosypose/local_data/debug_data/debug_iter=1.pth.tar
0:04:18.913869 - TCO_input tensor([[[ 1.0000,  0.0000,  0.0000, -0.0086],
         [ 0.0000,  1.0000,  0.0000,  0.0050],
         [ 0.0000,  0.0000,  1.0000,  0.3421],
         [ 0.0000,  0.0000,  0.0000,  1.0000]]], device='cuda:0')
0:04:18.914944 - vxvyvz tensor([[ 3.9453, -1.4961,  0.6616]], device='cuda:0',
       grad_fn=<SliceBackward0>)
0:04:18.915968 - dR tensor([[[-0.7880,  0.4517,  0.4183],
         [-0.5714, -0.7895, -0.2238],
         [ 0.2291, -0.4154,  0.8803]]], device='cuda:0',
       grad_fn=<StackBackward0>)
0:04:18.916859 - fxfy tensor([[2086.6460, 2086.6460]], device='cuda:0')
0:04:18.919375 - TCO_gt tensor([[[-0.7893,  0.4511,  0.4165, -0.0100],
         [-0.5688, -0.7927, -0.2192,  0.0062],
         [ 0.2313, -0.4099,  0.8823,  0.1920],
         [ 0.0000,  0.0000,  0.0000,  1.0000]]], device='cuda:0')
0:04:18.920294 - TCO pred_orn tensor([[[-0.7880,  0.4517,  0.4183, -0.0100],
         [-0.5714, -0.7895, -0.2238,  0.0062],
         [ 0.2291, -0.4154,  0.8803,  0.1920],
         [ 0.0000,  0.0000,  0.0000,  1.0000]]], device='cuda:0',
       grad_fn=<CopySlices>)
0:04:18.921217 - TCO pred_xy tensor([[[-0.7893,  0.4511,  0.4165, -0.0044],
         [-0.5688, -0.7927, -0.2192,  0.0027],
         [ 0.2313, -0.4099,  0.8823,  0.1920],
         [ 0.0000,  0.0000,  0.0000,  1.0000]]], device='cuda:0',
       grad_fn=<CopySlices>)
0:04:18.922148 - TCO pred_z tensor([[[-0.7893,  0.4511,  0.4165, -0.0100],
         [-0.5688, -0.7927, -0.2192,  0.0062],
         [ 0.2313, -0.4099,  0.8823,  0.2263],
         [ 0.0000,  0.0000,  0.0000,  1.0000]]], device='cuda:0',
       grad_fn=<CopySlices>)
0:04:18.922795 - loss orn tensor([2.4172e-05], device='cuda:0', grad_fn=<MinBackward0>)
0:04:18.923426 - loss xy tensor([0.0030], device='cuda:0', grad_fn=<MinBackward0>)
0:04:18.924075 - loss z tensor([0.0114], device='cuda:0', grad_fn=<MinBackward0>)
  0%|                                        | 0/1 [00:00<?, ?it/s, loss=0.0145]100%|████████████████████████████████| 1/1 [00:00<00:00,  4.66it/s, loss=0.0145]100%|████████████████████████████████| 1/1 [00:00<00:00,  4.65it/s, loss=0.0145]
  0%|                                                     | 0/1 [00:00<?, ?it/s]0:04:18.831909 - iteration 0
0:04:18.868992 - outputs, {'pose': tensor([[-0.6819, -0.4292,  0.2508,  0.5308, -0.3728, -0.1789,  2.0438, -1.0915,
          0.6009]], device='cuda:0')}
0:04:18.870590 - model_outputs {'pose': tensor([[-0.6819, -0.4292,  0.2508,  0.5308, -0.3728, -0.1789,  2.0438, -1.0915,
          0.6009]], device='cuda:0')}
0:04:18.871414 - K crop tensor([[[1.7613e+03, 0.0000e+00, 2.4503e+02],
         [0.0000e+00, 1.7613e+03, 5.1315e+01],
         [0.0000e+00, 0.0000e+00, 1.0000e+00]]], device='cuda:0')
0:04:18.872306 - TCO_input tensor([[[ 1.0000,  0.0000,  0.0000, -0.0142],
         [ 0.0000,  1.0000,  0.0000,  0.0113],
         [ 0.0000,  0.0000,  1.0000,  0.2924],
         [ 0.0000,  0.0000,  0.0000,  1.0000]]], device='cuda:0')
0:04:18.873260 - model tco output tensor([[[-0.8081,  0.4859,  0.3330, -0.0083],
         [-0.5086, -0.8608,  0.0218,  0.0067],
         [ 0.2972, -0.1517,  0.9427,  0.1757],
         [ 0.0000,  0.0000,  0.0000,  1.0000]]], device='cuda:0')
0:04:18.912400 - Wrote debug data: /home/ubuntu/synthetic_pose_estimation/cosypose/local_data/debug_data/debug_iter=1.pth.tar
0:04:19.124765 - TCO_input tensor([[[ 1.0000,  0.0000,  0.0000, -0.0142],
         [ 0.0000,  1.0000,  0.0000,  0.0113],
         [ 0.0000,  0.0000,  1.0000,  0.2924],
         [ 0.0000,  0.0000,  0.0000,  1.0000]]], device='cuda:0')
0:04:19.125886 - vxvyvz tensor([[ 2.0438, -1.0915,  0.6009]], device='cuda:0')
0:04:19.126914 - dR tensor([[[-0.8081,  0.4859,  0.3330],
         [-0.5086, -0.8608,  0.0218],
         [ 0.2972, -0.1517,  0.9427]]], device='cuda:0')
0:04:19.127843 - fxfy tensor([[1761.2697, 1761.2695]], device='cuda:0')
0:04:19.130266 - TCO_gt tensor([[[-0.7893,  0.4511,  0.4165, -0.0100],
         [-0.5688, -0.7927, -0.2192,  0.0062],
         [ 0.2313, -0.4099,  0.8823,  0.1920],
         [ 0.0000,  0.0000,  0.0000,  1.0000]]], device='cuda:0')
0:04:19.131210 - TCO pred_orn tensor([[[-0.8081,  0.4859,  0.3330, -0.0100],
         [-0.5086, -0.8608,  0.0218,  0.0062],
         [ 0.2972, -0.1517,  0.9427,  0.1920],
         [ 0.0000,  0.0000,  0.0000,  1.0000]]], device='cuda:0')
0:04:19.132146 - TCO pred_xy tensor([[[-0.7893,  0.4511,  0.4165, -0.0091],
         [-0.5688, -0.7927, -0.2192,  0.0073],
         [ 0.2313, -0.4099,  0.8823,  0.1920],
         [ 0.0000,  0.0000,  0.0000,  1.0000]]], device='cuda:0')
0:04:19.133095 - TCO pred_z tensor([[[-0.7893,  0.4511,  0.4165, -0.0100],
         [-0.5688, -0.7927, -0.2192,  0.0062],
         [ 0.2313, -0.4099,  0.8823,  0.1757],
         [ 0.0000,  0.0000,  0.0000,  1.0000]]], device='cuda:0')
0:04:19.133783 - loss orn tensor([0.0010], device='cuda:0')
0:04:19.134407 - loss xy tensor([0.0007], device='cuda:0')
0:04:19.135070 - loss z tensor([0.0054], device='cuda:0')
100%|█████████████████████████████████████████████| 1/1 [00:00<00:00,  8.20it/s]100%|█████████████████████████████████████████████| 1/1 [00:00<00:00,  8.17it/s]
0:04:18.824955 - saving /home/ubuntu/synthetic_pose_estimation/cosypose/local_data/experiments/bracket_assembly_debug_nut_nosym_coarse_noaug--938962 490
  0%|                                                     | 0/1 [00:00<?, ?it/s]0:04:19.237010 - iteration 0
0:04:19.280295 - outputs, {'pose': tensor([[-1.0175, -0.7232,  0.2962,  0.5564, -0.6210, -0.4269,  3.9701, -1.5139,
          0.6646]], device='cuda:0', grad_fn=<AddmmBackward0>)}
0:04:19.282031 - model_outputs {'pose': tensor([[-1.0175, -0.7232,  0.2962,  0.5564, -0.6210, -0.4269,  3.9701, -1.5139,
          0.6646]], device='cuda:0', grad_fn=<AddmmBackward0>)}
0:04:19.282818 - K crop tensor([[[1.8442e+03, 0.0000e+00, 2.5617e+02],
         [0.0000e+00, 1.8442e+03, 5.9814e+01],
         [0.0000e+00, 0.0000e+00, 1.0000e+00]]], device='cuda:0')
0:04:19.283654 - TCO_input tensor([[[ 1.0000,  0.0000,  0.0000, -0.0160],
         [ 0.0000,  1.0000,  0.0000,  0.0099],
         [ 0.0000,  0.0000,  1.0000,  0.3051],
         [ 0.0000,  0.0000,  0.0000,  1.0000]]], device='cuda:0')
0:04:19.286836 - model tco output tensor([[[-0.7931,  0.4425,  0.4186, -0.0102],
         [-0.5637, -0.7936, -0.2291,  0.0064],
         [ 0.2309, -0.4177,  0.8788,  0.2028],
         [ 0.0000,  0.0000,  0.0000,  1.0000]]], device='cuda:0',
       grad_fn=<CopySlices>)
0:04:19.324597 - Wrote debug data: /home/ubuntu/synthetic_pose_estimation/cosypose/local_data/debug_data/debug_iter=1.pth.tar
0:04:19.539021 - TCO_input tensor([[[ 1.0000,  0.0000,  0.0000, -0.0160],
         [ 0.0000,  1.0000,  0.0000,  0.0099],
         [ 0.0000,  0.0000,  1.0000,  0.3051],
         [ 0.0000,  0.0000,  0.0000,  1.0000]]], device='cuda:0')
0:04:19.540135 - vxvyvz tensor([[ 3.9701, -1.5139,  0.6646]], device='cuda:0',
       grad_fn=<SliceBackward0>)
0:04:19.541198 - dR tensor([[[-0.7931,  0.4425,  0.4186],
         [-0.5637, -0.7936, -0.2291],
         [ 0.2309, -0.4177,  0.8788]]], device='cuda:0',
       grad_fn=<StackBackward0>)
0:04:19.542155 - fxfy tensor([[1844.1675, 1844.1671]], device='cuda:0')
0:04:19.544667 - TCO_gt tensor([[[-0.7893,  0.4511,  0.4165, -0.0100],
         [-0.5688, -0.7927, -0.2192,  0.0062],
         [ 0.2313, -0.4099,  0.8823,  0.1920],
         [ 0.0000,  0.0000,  0.0000,  1.0000]]], device='cuda:0')
0:04:19.545637 - TCO pred_orn tensor([[[-0.7931,  0.4425,  0.4186, -0.0100],
         [-0.5637, -0.7936, -0.2291,  0.0062],
         [ 0.2309, -0.4177,  0.8788,  0.1920],
         [ 0.0000,  0.0000,  0.0000,  1.0000]]], device='cuda:0',
       grad_fn=<CopySlices>)
0:04:19.546597 - TCO pred_xy tensor([[[-0.7893,  0.4511,  0.4165, -0.0096],
         [-0.5688, -0.7927, -0.2192,  0.0061],
         [ 0.2313, -0.4099,  0.8823,  0.1920],
         [ 0.0000,  0.0000,  0.0000,  1.0000]]], device='cuda:0',
       grad_fn=<CopySlices>)
0:04:19.547534 - TCO pred_z tensor([[[-0.7893,  0.4511,  0.4165, -0.0100],
         [-0.5688, -0.7927, -0.2192,  0.0062],
         [ 0.2313, -0.4099,  0.8823,  0.2028],
         [ 0.0000,  0.0000,  0.0000,  1.0000]]], device='cuda:0',
       grad_fn=<CopySlices>)
0:04:19.548215 - loss orn tensor([5.0609e-05], device='cuda:0', grad_fn=<MinBackward0>)
0:04:19.548887 - loss xy tensor([0.0002], device='cuda:0', grad_fn=<MinBackward0>)
0:04:19.549562 - loss z tensor([0.0036], device='cuda:0', grad_fn=<MinBackward0>)
  0%|                                       | 0/1 [00:00<?, ?it/s, loss=0.00381]100%|███████████████████████████████| 1/1 [00:00<00:00,  4.63it/s, loss=0.00381]100%|███████████████████████████████| 1/1 [00:00<00:00,  4.62it/s, loss=0.00381]
0:04:19.331836 - saving /home/ubuntu/synthetic_pose_estimation/cosypose/local_data/experiments/bracket_assembly_debug_nut_nosym_coarse_noaug--938962 491
  0%|                                                     | 0/1 [00:00<?, ?it/s]0:04:19.746936 - iteration 0
0:04:19.789713 - outputs, {'pose': tensor([[-1.0200, -0.7332,  0.2971,  0.5671, -0.6332, -0.4239,  3.9951, -1.5252,
          0.6784]], device='cuda:0', grad_fn=<AddmmBackward0>)}
0:04:19.791321 - model_outputs {'pose': tensor([[-1.0200, -0.7332,  0.2971,  0.5671, -0.6332, -0.4239,  3.9951, -1.5252,
          0.6784]], device='cuda:0', grad_fn=<AddmmBackward0>)}
0:04:19.792128 - K crop tensor([[[1.4454e+03, 0.0000e+00, 2.7946e+02],
         [0.0000e+00, 1.4454e+03, 9.5324e+00],
         [0.0000e+00, 0.0000e+00, 1.0000e+00]]], device='cuda:0')
0:04:19.793032 - TCO_input tensor([[[ 1.0000,  0.0000,  0.0000, -0.0203],
         [ 0.0000,  1.0000,  0.0000,  0.0186],
         [ 0.0000,  0.0000,  1.0000,  0.2445],
         [ 0.0000,  0.0000,  0.0000,  1.0000]]], device='cuda:0')
0:04:19.793993 - model tco output tensor([[[-0.7902,  0.4510,  0.4149, -0.0133],
         [-0.5680, -0.7932, -0.2195,  0.0124],
         [ 0.2302, -0.4091,  0.8830,  0.1659],
         [ 0.0000,  0.0000,  0.0000,  1.0000]]], device='cuda:0',
       grad_fn=<CopySlices>)
0:04:19.835970 - Wrote debug data: /home/ubuntu/synthetic_pose_estimation/cosypose/local_data/debug_data/debug_iter=1.pth.tar
0:04:20.050060 - TCO_input tensor([[[ 1.0000,  0.0000,  0.0000, -0.0203],
         [ 0.0000,  1.0000,  0.0000,  0.0186],
         [ 0.0000,  0.0000,  1.0000,  0.2445],
         [ 0.0000,  0.0000,  0.0000,  1.0000]]], device='cuda:0')
0:04:20.051073 - vxvyvz tensor([[ 3.9951, -1.5252,  0.6784]], device='cuda:0',
       grad_fn=<SliceBackward0>)
0:04:20.052119 - dR tensor([[[-0.7902,  0.4510,  0.4149],
         [-0.5680, -0.7932, -0.2195],
         [ 0.2302, -0.4091,  0.8830]]], device='cuda:0',
       grad_fn=<StackBackward0>)
0:04:20.053022 - fxfy tensor([[1445.3634, 1445.3633]], device='cuda:0')
0:04:20.055640 - TCO_gt tensor([[[-0.7893,  0.4511,  0.4165, -0.0100],
         [-0.5688, -0.7927, -0.2192,  0.0062],
         [ 0.2313, -0.4099,  0.8823,  0.1920],
         [ 0.0000,  0.0000,  0.0000,  1.0000]]], device='cuda:0')
0:04:20.056600 - TCO pred_orn tensor([[[-0.7902,  0.4510,  0.4149, -0.0100],
         [-0.5680, -0.7932, -0.2195,  0.0062],
         [ 0.2302, -0.4091,  0.8830,  0.1920],
         [ 0.0000,  0.0000,  0.0000,  1.0000]]], device='cuda:0',
       grad_fn=<CopySlices>)
0:04:20.057581 - TCO pred_xy tensor([[[-0.7893,  0.4511,  0.4165, -0.0154],
         [-0.5688, -0.7927, -0.2192,  0.0144],
         [ 0.2313, -0.4099,  0.8823,  0.1920],
         [ 0.0000,  0.0000,  0.0000,  1.0000]]], device='cuda:0',
       grad_fn=<CopySlices>)
0:04:20.058506 - TCO pred_z tensor([[[-0.7893,  0.4511,  0.4165, -0.0100],
         [-0.5688, -0.7927, -0.2192,  0.0062],
         [ 0.2313, -0.4099,  0.8823,  0.1659],
         [ 0.0000,  0.0000,  0.0000,  1.0000]]], device='cuda:0',
       grad_fn=<CopySlices>)
0:04:20.059196 - loss orn tensor([7.2874e-06], device='cuda:0', grad_fn=<MinBackward0>)
0:04:20.059872 - loss xy tensor([0.0045], device='cuda:0', grad_fn=<MinBackward0>)
0:04:20.060530 - loss z tensor([0.0087], device='cuda:0', grad_fn=<MinBackward0>)
  0%|                                        | 0/1 [00:00<?, ?it/s, loss=0.0132]100%|████████████████████████████████| 1/1 [00:00<00:00,  4.53it/s, loss=0.0132]100%|████████████████████████████████| 1/1 [00:00<00:00,  4.52it/s, loss=0.0132]
0:04:19.846659 - saving /home/ubuntu/synthetic_pose_estimation/cosypose/local_data/experiments/bracket_assembly_debug_nut_nosym_coarse_noaug--938962 492
  0%|                                                     | 0/1 [00:00<?, ?it/s]0:04:20.261743 - iteration 0
0:04:20.305451 - outputs, {'pose': tensor([[-1.0072, -0.7278,  0.3007,  0.5655, -0.6250, -0.4236,  3.9647, -1.5238,
          0.6495]], device='cuda:0', grad_fn=<AddmmBackward0>)}
0:04:20.307112 - model_outputs {'pose': tensor([[-1.0072, -0.7278,  0.3007,  0.5655, -0.6250, -0.4236,  3.9647, -1.5238,
          0.6495]], device='cuda:0', grad_fn=<AddmmBackward0>)}
0:04:20.307975 - K crop tensor([[[2.0023e+03, 0.0000e+00, 2.7286e+02],
         [0.0000e+00, 2.0023e+03, 3.3695e+01],
         [0.0000e+00, 0.0000e+00, 1.0000e+00]]], device='cuda:0')
0:04:20.308864 - TCO_input tensor([[[ 1.0000,  0.0000,  0.0000, -0.0188],
         [ 0.0000,  1.0000,  0.0000,  0.0142],
         [ 0.0000,  0.0000,  1.0000,  0.3322],
         [ 0.0000,  0.0000,  0.0000,  1.0000]]], device='cuda:0')
0:04:20.310419 - model tco output tensor([[[-0.7878,  0.4506,  0.4200, -0.0118],
         [-0.5693, -0.7929, -0.2171,  0.0091],
         [ 0.2352, -0.4102,  0.8812,  0.2158],
         [ 0.0000,  0.0000,  0.0000,  1.0000]]], device='cuda:0',
       grad_fn=<CopySlices>)
0:04:20.349026 - Wrote debug data: /home/ubuntu/synthetic_pose_estimation/cosypose/local_data/debug_data/debug_iter=1.pth.tar
0:04:20.561202 - TCO_input tensor([[[ 1.0000,  0.0000,  0.0000, -0.0188],
         [ 0.0000,  1.0000,  0.0000,  0.0142],
         [ 0.0000,  0.0000,  1.0000,  0.3322],
         [ 0.0000,  0.0000,  0.0000,  1.0000]]], device='cuda:0')
0:04:20.562242 - vxvyvz tensor([[ 3.9647, -1.5238,  0.6495]], device='cuda:0',
       grad_fn=<SliceBackward0>)
0:04:20.563251 - dR tensor([[[-0.7878,  0.4506,  0.4200],
         [-0.5693, -0.7929, -0.2171],
         [ 0.2352, -0.4102,  0.8812]]], device='cuda:0',
       grad_fn=<StackBackward0>)
0:04:20.564139 - fxfy tensor([[2002.3489, 2002.3490]], device='cuda:0')
0:04:20.566713 - TCO_gt tensor([[[-0.7893,  0.4511,  0.4165, -0.0100],
         [-0.5688, -0.7927, -0.2192,  0.0062],
         [ 0.2313, -0.4099,  0.8823,  0.1920],
         [ 0.0000,  0.0000,  0.0000,  1.0000]]], device='cuda:0')
0:04:20.567633 - TCO pred_orn tensor([[[-0.7878,  0.4506,  0.4200, -0.0100],
         [-0.5693, -0.7929, -0.2171,  0.0062],
         [ 0.2352, -0.4102,  0.8812,  0.1920],
         [ 0.0000,  0.0000,  0.0000,  1.0000]]], device='cuda:0',
       grad_fn=<CopySlices>)
0:04:20.568527 - TCO pred_xy tensor([[[-0.7893,  0.4511,  0.4165, -0.0105],
         [-0.5688, -0.7927, -0.2192,  0.0081],
         [ 0.2313, -0.4099,  0.8823,  0.1920],
         [ 0.0000,  0.0000,  0.0000,  1.0000]]], device='cuda:0',
       grad_fn=<CopySlices>)
0:04:20.569476 - TCO pred_z tensor([[[-0.7893,  0.4511,  0.4165, -0.0100],
         [-0.5688, -0.7927, -0.2192,  0.0062],
         [ 0.2313, -0.4099,  0.8823,  0.2158],
         [ 0.0000,  0.0000,  0.0000,  1.0000]]], device='cuda:0',
       grad_fn=<CopySlices>)
0:04:20.570122 - loss orn tensor([1.6329e-05], device='cuda:0', grad_fn=<MinBackward0>)
0:04:20.570741 - loss xy tensor([0.0008], device='cuda:0', grad_fn=<MinBackward0>)
0:04:20.571361 - loss z tensor([0.0079], device='cuda:0', grad_fn=<MinBackward0>)
  0%|                                       | 0/1 [00:00<?, ?it/s, loss=0.00874]100%|███████████████████████████████| 1/1 [00:00<00:00,  4.62it/s, loss=0.00874]100%|███████████████████████████████| 1/1 [00:00<00:00,  4.61it/s, loss=0.00874]
0:04:20.341081 - saving /home/ubuntu/synthetic_pose_estimation/cosypose/local_data/experiments/bracket_assembly_debug_nut_nosym_coarse_noaug--938962 493
  0%|                                                     | 0/1 [00:00<?, ?it/s]0:04:20.756147 - iteration 0
0:04:20.799938 - outputs, {'pose': tensor([[-1.0073, -0.7230,  0.3108,  0.5678, -0.6301, -0.4265,  3.9847, -1.5438,
          0.6506]], device='cuda:0', grad_fn=<AddmmBackward0>)}
0:04:20.801504 - model_outputs {'pose': tensor([[-1.0073, -0.7230,  0.3108,  0.5678, -0.6301, -0.4265,  3.9847, -1.5438,
          0.6506]], device='cuda:0', grad_fn=<AddmmBackward0>)}
0:04:20.802265 - K crop tensor([[[1.6573e+03, 0.0000e+00, 2.5958e+02],
         [0.0000e+00, 1.6573e+03, 2.2686e+01],
         [0.0000e+00, 0.0000e+00, 1.0000e+00]]], device='cuda:0')
0:04:20.803107 - TCO_input tensor([[[ 1.0000,  0.0000,  0.0000, -0.0168],
         [ 0.0000,  1.0000,  0.0000,  0.0162],
         [ 0.0000,  0.0000,  1.0000,  0.2776],
         [ 0.0000,  0.0000,  0.0000,  1.0000]]], device='cuda:0')
0:04:20.804601 - model tco output tensor([[[-0.7880,  0.4459,  0.4245, -0.0105],
         [-0.5656, -0.7966, -0.2131,  0.0104],
         [ 0.2431, -0.4080,  0.8800,  0.1806],
         [ 0.0000,  0.0000,  0.0000,  1.0000]]], device='cuda:0',
       grad_fn=<CopySlices>)
0:04:20.844412 - Wrote debug data: /home/ubuntu/synthetic_pose_estimation/cosypose/local_data/debug_data/debug_iter=1.pth.tar
0:04:21.059457 - TCO_input tensor([[[ 1.0000,  0.0000,  0.0000, -0.0168],
         [ 0.0000,  1.0000,  0.0000,  0.0162],
         [ 0.0000,  0.0000,  1.0000,  0.2776],
         [ 0.0000,  0.0000,  0.0000,  1.0000]]], device='cuda:0')
0:04:21.060447 - vxvyvz tensor([[ 3.9847, -1.5438,  0.6506]], device='cuda:0',
       grad_fn=<SliceBackward0>)
0:04:21.061519 - dR tensor([[[-0.7880,  0.4459,  0.4245],
         [-0.5656, -0.7966, -0.2131],
         [ 0.2431, -0.4080,  0.8800]]], device='cuda:0',
       grad_fn=<StackBackward0>)
0:04:21.062391 - fxfy tensor([[1657.3142, 1657.3142]], device='cuda:0')
0:04:21.064889 - TCO_gt tensor([[[-0.7893,  0.4511,  0.4165, -0.0100],
         [-0.5688, -0.7927, -0.2192,  0.0062],
         [ 0.2313, -0.4099,  0.8823,  0.1920],
         [ 0.0000,  0.0000,  0.0000,  1.0000]]], device='cuda:0')
0:04:21.065843 - TCO pred_orn tensor([[[-0.7880,  0.4459,  0.4245, -0.0100],
         [-0.5656, -0.7966, -0.2131,  0.0062],
         [ 0.2431, -0.4080,  0.8800,  0.1920],
         [ 0.0000,  0.0000,  0.0000,  1.0000]]], device='cuda:0',
       grad_fn=<CopySlices>)
0:04:21.066753 - TCO pred_xy tensor([[[-0.7893,  0.4511,  0.4165, -0.0111],
         [-0.5688, -0.7927, -0.2192,  0.0110],
         [ 0.2313, -0.4099,  0.8823,  0.1920],
         [ 0.0000,  0.0000,  0.0000,  1.0000]]], device='cuda:0',
       grad_fn=<CopySlices>)
0:04:21.067659 - TCO pred_z tensor([[[-0.7893,  0.4511,  0.4165, -0.0100],
         [-0.5688, -0.7927, -0.2192,  0.0062],
         [ 0.2313, -0.4099,  0.8823,  0.1806],
         [ 0.0000,  0.0000,  0.0000,  1.0000]]], device='cuda:0',
       grad_fn=<CopySlices>)
0:04:21.068292 - loss orn tensor([5.0114e-05], device='cuda:0', grad_fn=<MinBackward0>)
0:04:21.068925 - loss xy tensor([0.0020], device='cuda:0', grad_fn=<MinBackward0>)
0:04:21.069579 - loss z tensor([0.0038], device='cuda:0', grad_fn=<MinBackward0>)
  0%|                                       | 0/1 [00:00<?, ?it/s, loss=0.00582]100%|███████████████████████████████| 1/1 [00:00<00:00,  4.53it/s, loss=0.00582]100%|███████████████████████████████| 1/1 [00:00<00:00,  4.52it/s, loss=0.00582]
0:04:20.958897 - saving /home/ubuntu/synthetic_pose_estimation/cosypose/local_data/experiments/bracket_assembly_debug_nut_nosym_coarse_noaug--938962 494
  0%|                                                     | 0/1 [00:00<?, ?it/s]0:04:21.374152 - iteration 0
0:04:21.421844 - outputs, {'pose': tensor([[-1.0077, -0.7371,  0.2952,  0.5671, -0.6255, -0.4287,  3.9910, -1.5522,
          0.6424]], device='cuda:0', grad_fn=<AddmmBackward0>)}
0:04:21.423419 - model_outputs {'pose': tensor([[-1.0077, -0.7371,  0.2952,  0.5671, -0.6255, -0.4287,  3.9910, -1.5522,
          0.6424]], device='cuda:0', grad_fn=<AddmmBackward0>)}
0:04:21.424184 - K crop tensor([[[1.5430e+03, 0.0000e+00, 2.1994e+02],
         [0.0000e+00, 1.5430e+03, 6.5257e+01],
         [0.0000e+00, 0.0000e+00, 1.0000e+00]]], device='cuda:0')
0:04:21.425576 - TCO_input tensor([[[ 1.0000,  0.0000,  0.0000, -0.0100],
         [ 0.0000,  1.0000,  0.0000,  0.0090],
         [ 0.0000,  0.0000,  1.0000,  0.2565],
         [ 0.0000,  0.0000,  0.0000,  1.0000]]], device='cuda:0')
0:04:21.426659 - model tco output tensor([[[-0.7855,  0.4544,  0.4202, -0.0060],
         [-0.5746, -0.7878, -0.2221,  0.0056],
         [ 0.2301, -0.4159,  0.8798,  0.1648],
         [ 0.0000,  0.0000,  0.0000,  1.0000]]], device='cuda:0',
       grad_fn=<CopySlices>)
0:04:21.466579 - Wrote debug data: /home/ubuntu/synthetic_pose_estimation/cosypose/local_data/debug_data/debug_iter=1.pth.tar
0:04:21.683614 - TCO_input tensor([[[ 1.0000,  0.0000,  0.0000, -0.0100],
         [ 0.0000,  1.0000,  0.0000,  0.0090],
         [ 0.0000,  0.0000,  1.0000,  0.2565],
         [ 0.0000,  0.0000,  0.0000,  1.0000]]], device='cuda:0')
0:04:21.684676 - vxvyvz tensor([[ 3.9910, -1.5522,  0.6424]], device='cuda:0',
       grad_fn=<SliceBackward0>)
0:04:21.685712 - dR tensor([[[-0.7855,  0.4544,  0.4202],
         [-0.5746, -0.7878, -0.2221],
         [ 0.2301, -0.4159,  0.8798]]], device='cuda:0',
       grad_fn=<StackBackward0>)
0:04:21.686579 - fxfy tensor([[1542.9734, 1542.9733]], device='cuda:0')
0:04:21.689113 - TCO_gt tensor([[[-0.7893,  0.4511,  0.4165, -0.0100],
         [-0.5688, -0.7927, -0.2192,  0.0062],
         [ 0.2313, -0.4099,  0.8823,  0.1920],
         [ 0.0000,  0.0000,  0.0000,  1.0000]]], device='cuda:0')
0:04:21.690058 - TCO pred_orn tensor([[[-0.7855,  0.4544,  0.4202, -0.0100],
         [-0.5746, -0.7878, -0.2221,  0.0062],
         [ 0.2301, -0.4159,  0.8798,  0.1920],
         [ 0.0000,  0.0000,  0.0000,  1.0000]]], device='cuda:0',
       grad_fn=<CopySlices>)
0:04:21.690970 - TCO pred_xy tensor([[[-0.7893,  0.4511,  0.4165, -0.0070],
         [-0.5688, -0.7927, -0.2192,  0.0066],
         [ 0.2313, -0.4099,  0.8823,  0.1920],
         [ 0.0000,  0.0000,  0.0000,  1.0000]]], device='cuda:0',
       grad_fn=<CopySlices>)
0:04:21.691860 - TCO pred_z tensor([[[-0.7893,  0.4511,  0.4165, -0.0100],
         [-0.5688, -0.7927, -0.2192,  0.0062],
         [ 0.2313, -0.4099,  0.8823,  0.1648],
         [ 0.0000,  0.0000,  0.0000,  1.0000]]], device='cuda:0',
       grad_fn=<CopySlices>)
0:04:21.692527 - loss orn tensor([3.8415e-05], device='cuda:0', grad_fn=<MinBackward0>)
0:04:21.693157 - loss xy tensor([0.0011], device='cuda:0', grad_fn=<MinBackward0>)
0:04:21.693799 - loss z tensor([0.0091], device='cuda:0', grad_fn=<MinBackward0>)
  0%|                                        | 0/1 [00:00<?, ?it/s, loss=0.0102]100%|████████████████████████████████| 1/1 [00:00<00:00,  4.39it/s, loss=0.0102]100%|████████████████████████████████| 1/1 [00:00<00:00,  4.38it/s, loss=0.0102]
0:04:21.476264 - saving /home/ubuntu/synthetic_pose_estimation/cosypose/local_data/experiments/bracket_assembly_debug_nut_nosym_coarse_noaug--938962 495
  0%|                                                     | 0/1 [00:00<?, ?it/s]0:04:21.891443 - iteration 0
0:04:21.934538 - outputs, {'pose': tensor([[-1.0084, -0.7299,  0.2988,  0.5618, -0.6276, -0.4237,  3.9780, -1.5668,
          0.6414]], device='cuda:0', grad_fn=<AddmmBackward0>)}
0:04:21.936093 - model_outputs {'pose': tensor([[-1.0084, -0.7299,  0.2988,  0.5618, -0.6276, -0.4237,  3.9780, -1.5668,
          0.6414]], device='cuda:0', grad_fn=<AddmmBackward0>)}
0:04:21.936872 - K crop tensor([[[1.8931e+03, 0.0000e+00, 2.6936e+02],
         [0.0000e+00, 1.8931e+03, 1.0386e+02],
         [0.0000e+00, 0.0000e+00, 1.0000e+00]]], device='cuda:0')
0:04:21.937754 - TCO_input tensor([[[ 1.0000,  0.0000,  0.0000, -0.0180],
         [ 0.0000,  1.0000,  0.0000,  0.0026],
         [ 0.0000,  0.0000,  1.0000,  0.3100],
         [ 0.0000,  0.0000,  0.0000,  1.0000]]], device='cuda:0')
0:04:21.938647 - model tco output tensor([[[-0.7877,  0.4511,  0.4196, -0.0111],
         [-0.5701, -0.7918, -0.2191,  0.0015],
         [ 0.2334, -0.4118,  0.8809,  0.1989],
         [ 0.0000,  0.0000,  0.0000,  1.0000]]], device='cuda:0',
       grad_fn=<CopySlices>)
0:04:21.976640 - Wrote debug data: /home/ubuntu/synthetic_pose_estimation/cosypose/local_data/debug_data/debug_iter=1.pth.tar
0:04:22.189513 - TCO_input tensor([[[ 1.0000,  0.0000,  0.0000, -0.0180],
         [ 0.0000,  1.0000,  0.0000,  0.0026],
         [ 0.0000,  0.0000,  1.0000,  0.3100],
         [ 0.0000,  0.0000,  0.0000,  1.0000]]], device='cuda:0')
0:04:22.190542 - vxvyvz tensor([[ 3.9780, -1.5668,  0.6414]], device='cuda:0',
       grad_fn=<SliceBackward0>)
0:04:22.191521 - dR tensor([[[-0.7877,  0.4511,  0.4196],
         [-0.5701, -0.7918, -0.2191],
         [ 0.2334, -0.4118,  0.8809]]], device='cuda:0',
       grad_fn=<StackBackward0>)
0:04:22.192407 - fxfy tensor([[1893.1013, 1893.1012]], device='cuda:0')
0:04:22.194947 - TCO_gt tensor([[[-0.7893,  0.4511,  0.4165, -0.0100],
         [-0.5688, -0.7927, -0.2192,  0.0062],
         [ 0.2313, -0.4099,  0.8823,  0.1920],
         [ 0.0000,  0.0000,  0.0000,  1.0000]]], device='cuda:0')
0:04:22.195882 - TCO pred_orn tensor([[[-0.7877,  0.4511,  0.4196, -0.0100],
         [-0.5701, -0.7918, -0.2191,  0.0062],
         [ 0.2334, -0.4118,  0.8809,  0.1920],
         [ 0.0000,  0.0000,  0.0000,  1.0000]]], device='cuda:0',
       grad_fn=<CopySlices>)
0:04:22.196786 - TCO pred_xy tensor([[[-0.7893,  0.4511,  0.4165, -0.0107],
         [-0.5688, -0.7927, -0.2192,  0.0014],
         [ 0.2313, -0.4099,  0.8823,  0.1920],
         [ 0.0000,  0.0000,  0.0000,  1.0000]]], device='cuda:0',
       grad_fn=<CopySlices>)
0:04:22.197744 - TCO pred_z tensor([[[-0.7893,  0.4511,  0.4165, -0.0100],
         [-0.5688, -0.7927, -0.2192,  0.0062],
         [ 0.2313, -0.4099,  0.8823,  0.1989],
         [ 0.0000,  0.0000,  0.0000,  1.0000]]], device='cuda:0',
       grad_fn=<CopySlices>)
0:04:22.198398 - loss orn tensor([1.4000e-05], device='cuda:0', grad_fn=<MinBackward0>)
0:04:22.199017 - loss xy tensor([0.0018], device='cuda:0', grad_fn=<MinBackward0>)
0:04:22.199640 - loss z tensor([0.0023], device='cuda:0', grad_fn=<MinBackward0>)
  0%|                                       | 0/1 [00:00<?, ?it/s, loss=0.00414]100%|███████████████████████████████| 1/1 [00:00<00:00,  4.54it/s, loss=0.00414]100%|███████████████████████████████| 1/1 [00:00<00:00,  4.54it/s, loss=0.00414]
0:04:21.968400 - saving /home/ubuntu/synthetic_pose_estimation/cosypose/local_data/experiments/bracket_assembly_debug_nut_nosym_coarse_noaug--938962 496
  0%|                                                     | 0/1 [00:00<?, ?it/s]0:04:22.383558 - iteration 0
0:04:22.427212 - outputs, {'pose': tensor([[-1.0069, -0.7243,  0.2907,  0.5599, -0.6330, -0.4147,  3.9591, -1.5644,
          0.6344]], device='cuda:0', grad_fn=<AddmmBackward0>)}
0:04:22.428833 - model_outputs {'pose': tensor([[-1.0069, -0.7243,  0.2907,  0.5599, -0.6330, -0.4147,  3.9591, -1.5644,
          0.6344]], device='cuda:0', grad_fn=<AddmmBackward0>)}
0:04:22.429664 - K crop tensor([[[1.6399e+03, 0.0000e+00, 2.0040e+02],
         [0.0000e+00, 1.6399e+03, 7.3514e+01],
         [0.0000e+00, 0.0000e+00, 1.0000e+00]]], device='cuda:0')
0:04:22.430519 - TCO_input tensor([[[ 1.0000,  0.0000,  0.0000, -0.0068],
         [ 0.0000,  1.0000,  0.0000,  0.0076],
         [ 0.0000,  0.0000,  1.0000,  0.2715],
         [ 0.0000,  0.0000,  0.0000,  1.0000]]], device='cuda:0')
0:04:22.432044 - model tco output tensor([[[-0.7903,  0.4541,  0.4113, -0.0039],
         [-0.5686, -0.7937, -0.2163,  0.0047],
         [ 0.2282, -0.4048,  0.8855,  0.1722],
         [ 0.0000,  0.0000,  0.0000,  1.0000]]], device='cuda:0',
       grad_fn=<CopySlices>)
0:04:22.471334 - Wrote debug data: /home/ubuntu/synthetic_pose_estimation/cosypose/local_data/debug_data/debug_iter=1.pth.tar
0:04:22.681971 - TCO_input tensor([[[ 1.0000,  0.0000,  0.0000, -0.0068],
         [ 0.0000,  1.0000,  0.0000,  0.0076],
         [ 0.0000,  0.0000,  1.0000,  0.2715],
         [ 0.0000,  0.0000,  0.0000,  1.0000]]], device='cuda:0')
0:04:22.682957 - vxvyvz tensor([[ 3.9591, -1.5644,  0.6344]], device='cuda:0',
       grad_fn=<SliceBackward0>)
0:04:22.683943 - dR tensor([[[-0.7903,  0.4541,  0.4113],
         [-0.5686, -0.7937, -0.2163],
         [ 0.2282, -0.4048,  0.8855]]], device='cuda:0',
       grad_fn=<StackBackward0>)
0:04:22.684819 - fxfy tensor([[1639.8910, 1639.8907]], device='cuda:0')
0:04:22.687318 - TCO_gt tensor([[[-0.7893,  0.4511,  0.4165, -0.0100],
         [-0.5688, -0.7927, -0.2192,  0.0062],
         [ 0.2313, -0.4099,  0.8823,  0.1920],
         [ 0.0000,  0.0000,  0.0000,  1.0000]]], device='cuda:0')
0:04:22.688227 - TCO pred_orn tensor([[[-0.7903,  0.4541,  0.4113, -0.0100],
         [-0.5686, -0.7937, -0.2163,  0.0062],
         [ 0.2282, -0.4048,  0.8855,  0.1920],
         [ 0.0000,  0.0000,  0.0000,  1.0000]]], device='cuda:0',
       grad_fn=<CopySlices>)
0:04:22.689154 - TCO pred_xy tensor([[[-0.7893,  0.4511,  0.4165, -0.0043],
         [-0.5688, -0.7927, -0.2192,  0.0052],
         [ 0.2313, -0.4099,  0.8823,  0.1920],
         [ 0.0000,  0.0000,  0.0000,  1.0000]]], device='cuda:0',
       grad_fn=<CopySlices>)
0:04:22.690082 - TCO pred_z tensor([[[-0.7893,  0.4511,  0.4165, -0.0100],
         [-0.5688, -0.7927, -0.2192,  0.0062],
         [ 0.2313, -0.4099,  0.8823,  0.1722],
         [ 0.0000,  0.0000,  0.0000,  1.0000]]], device='cuda:0',
       grad_fn=<CopySlices>)
0:04:22.690731 - loss orn tensor([2.5322e-05], device='cuda:0', grad_fn=<MinBackward0>)
0:04:22.691373 - loss xy tensor([0.0022], device='cuda:0', grad_fn=<MinBackward0>)
0:04:22.691992 - loss z tensor([0.0066], device='cuda:0', grad_fn=<MinBackward0>)
  0%|                                       | 0/1 [00:00<?, ?it/s, loss=0.00883]100%|███████████████████████████████| 1/1 [00:00<00:00,  4.63it/s, loss=0.00883]100%|███████████████████████████████| 1/1 [00:00<00:00,  4.62it/s, loss=0.00883]
0:04:22.459129 - saving /home/ubuntu/synthetic_pose_estimation/cosypose/local_data/experiments/bracket_assembly_debug_nut_nosym_coarse_noaug--938962 497
  0%|                                                     | 0/1 [00:00<?, ?it/s]0:04:22.874385 - iteration 0
0:04:22.917810 - outputs, {'pose': tensor([[-1.0185, -0.7220,  0.2910,  0.5683, -0.6361, -0.4181,  3.9791, -1.5807,
          0.6342]], device='cuda:0', grad_fn=<AddmmBackward0>)}
0:04:22.919452 - model_outputs {'pose': tensor([[-1.0185, -0.7220,  0.2910,  0.5683, -0.6361, -0.4181,  3.9791, -1.5807,
          0.6342]], device='cuda:0', grad_fn=<AddmmBackward0>)}
0:04:22.920245 - K crop tensor([[[1.8442e+03, 0.0000e+00, 2.8544e+02],
         [0.0000e+00, 1.8442e+03, 2.1841e+01],
         [0.0000e+00, 0.0000e+00, 1.0000e+00]]], device='cuda:0')
0:04:22.921136 - TCO_input tensor([[[ 1.0000,  0.0000,  0.0000, -0.0210],
         [ 0.0000,  1.0000,  0.0000,  0.0163],
         [ 0.0000,  0.0000,  1.0000,  0.3076],
         [ 0.0000,  0.0000,  0.0000,  1.0000]]], device='cuda:0')
0:04:22.922072 - model tco output tensor([[[-0.7945,  0.4498,  0.4080, -0.0129],
         [-0.5632, -0.7970, -0.2182,  0.0102],
         [ 0.2270, -0.4031,  0.8865,  0.1951],
         [ 0.0000,  0.0000,  0.0000,  1.0000]]], device='cuda:0',
       grad_fn=<CopySlices>)
0:04:22.963730 - Wrote debug data: /home/ubuntu/synthetic_pose_estimation/cosypose/local_data/debug_data/debug_iter=1.pth.tar
0:04:23.177626 - TCO_input tensor([[[ 1.0000,  0.0000,  0.0000, -0.0210],
         [ 0.0000,  1.0000,  0.0000,  0.0163],
         [ 0.0000,  0.0000,  1.0000,  0.3076],
         [ 0.0000,  0.0000,  0.0000,  1.0000]]], device='cuda:0')
0:04:23.178675 - vxvyvz tensor([[ 3.9791, -1.5807,  0.6342]], device='cuda:0',
       grad_fn=<SliceBackward0>)
0:04:23.179692 - dR tensor([[[-0.7945,  0.4498,  0.4080],
         [-0.5632, -0.7970, -0.2182],
         [ 0.2270, -0.4031,  0.8865]]], device='cuda:0',
       grad_fn=<StackBackward0>)
0:04:23.180571 - fxfy tensor([[1844.2067, 1844.2067]], device='cuda:0')
0:04:23.183108 - TCO_gt tensor([[[-0.7893,  0.4511,  0.4165, -0.0100],
         [-0.5688, -0.7927, -0.2192,  0.0062],
         [ 0.2313, -0.4099,  0.8823,  0.1920],
         [ 0.0000,  0.0000,  0.0000,  1.0000]]], device='cuda:0')
0:04:23.184031 - TCO pred_orn tensor([[[-0.7945,  0.4498,  0.4080, -0.0100],
         [-0.5632, -0.7970, -0.2182,  0.0062],
         [ 0.2270, -0.4031,  0.8865,  0.1920],
         [ 0.0000,  0.0000,  0.0000,  1.0000]]], device='cuda:0',
       grad_fn=<CopySlices>)
0:04:23.184955 - TCO pred_xy tensor([[[-0.7893,  0.4511,  0.4165, -0.0127],
         [-0.5688, -0.7927, -0.2192,  0.0100],
         [ 0.2313, -0.4099,  0.8823,  0.1920],
         [ 0.0000,  0.0000,  0.0000,  1.0000]]], device='cuda:0',
       grad_fn=<CopySlices>)
0:04:23.185877 - TCO pred_z tensor([[[-0.7893,  0.4511,  0.4165, -0.0100],
         [-0.5688, -0.7927, -0.2192,  0.0062],
         [ 0.2313, -0.4099,  0.8823,  0.1951],
         [ 0.0000,  0.0000,  0.0000,  1.0000]]], device='cuda:0',
       grad_fn=<CopySlices>)
0:04:23.186511 - loss orn tensor([4.4456e-05], device='cuda:0', grad_fn=<MinBackward0>)
0:04:23.187115 - loss xy tensor([0.0022], device='cuda:0', grad_fn=<MinBackward0>)
0:04:23.187716 - loss z tensor([0.0010], device='cuda:0', grad_fn=<MinBackward0>)
  0%|                                       | 0/1 [00:00<?, ?it/s, loss=0.00326]100%|███████████████████████████████| 1/1 [00:00<00:00,  4.52it/s, loss=0.00326]100%|███████████████████████████████| 1/1 [00:00<00:00,  4.51it/s, loss=0.00326]
0:04:22.950184 - saving /home/ubuntu/synthetic_pose_estimation/cosypose/local_data/experiments/bracket_assembly_debug_nut_nosym_coarse_noaug--938962 498
  0%|                                                     | 0/1 [00:00<?, ?it/s]0:04:23.365345 - iteration 0
0:04:23.408368 - outputs, {'pose': tensor([[-1.0178, -0.7177,  0.2908,  0.5679, -0.6308, -0.4216,  3.9728, -1.5854,
          0.6437]], device='cuda:0', grad_fn=<AddmmBackward0>)}
0:04:23.409956 - model_outputs {'pose': tensor([[-1.0178, -0.7177,  0.2908,  0.5679, -0.6308, -0.4216,  3.9728, -1.5854,
          0.6437]], device='cuda:0', grad_fn=<AddmmBackward0>)}
0:04:23.410720 - K crop tensor([[[1.6060e+03, 0.0000e+00, 3.0804e+02],
         [0.0000e+00, 1.6060e+03, 1.3373e+01],
         [0.0000e+00, 0.0000e+00, 1.0000e+00]]], device='cuda:0')
0:04:23.411564 - TCO_input tensor([[[ 1.0000,  0.0000,  0.0000, -0.0250],
         [ 0.0000,  1.0000,  0.0000,  0.0178],
         [ 0.0000,  0.0000,  1.0000,  0.2700],
         [ 0.0000,  0.0000,  0.0000,  1.0000]]], device='cuda:0')
0:04:23.412455 - model tco output tensor([[[-0.7959,  0.4458,  0.4097, -0.0156],
         [-0.5611, -0.7973, -0.2225,  0.0113],
         [ 0.2274, -0.4070,  0.8847,  0.1738],
         [ 0.0000,  0.0000,  0.0000,  1.0000]]], device='cuda:0',
       grad_fn=<CopySlices>)
0:04:23.454792 - Wrote debug data: /home/ubuntu/synthetic_pose_estimation/cosypose/local_data/debug_data/debug_iter=1.pth.tar
0:04:23.668404 - TCO_input tensor([[[ 1.0000,  0.0000,  0.0000, -0.0250],
         [ 0.0000,  1.0000,  0.0000,  0.0178],
         [ 0.0000,  0.0000,  1.0000,  0.2700],
         [ 0.0000,  0.0000,  0.0000,  1.0000]]], device='cuda:0')
0:04:23.669515 - vxvyvz tensor([[ 3.9728, -1.5854,  0.6437]], device='cuda:0',
       grad_fn=<SliceBackward0>)
0:04:23.670502 - dR tensor([[[-0.7959,  0.4458,  0.4097],
         [-0.5611, -0.7973, -0.2225],
         [ 0.2274, -0.4070,  0.8847]]], device='cuda:0',
       grad_fn=<StackBackward0>)
0:04:23.671366 - fxfy tensor([[1605.9521, 1605.9521]], device='cuda:0')
0:04:23.673868 - TCO_gt tensor([[[-0.7893,  0.4511,  0.4165, -0.0100],
         [-0.5688, -0.7927, -0.2192,  0.0062],
         [ 0.2313, -0.4099,  0.8823,  0.1920],
         [ 0.0000,  0.0000,  0.0000,  1.0000]]], device='cuda:0')
0:04:23.674782 - TCO pred_orn tensor([[[-0.7959,  0.4458,  0.4097, -0.0100],
         [-0.5611, -0.7973, -0.2225,  0.0062],
         [ 0.2274, -0.4070,  0.8847,  0.1920],
         [ 0.0000,  0.0000,  0.0000,  1.0000]]], device='cuda:0',
       grad_fn=<CopySlices>)
0:04:23.675683 - TCO pred_xy tensor([[[-0.7893,  0.4511,  0.4165, -0.0173],
         [-0.5688, -0.7927, -0.2192,  0.0125],
         [ 0.2313, -0.4099,  0.8823,  0.1920],
         [ 0.0000,  0.0000,  0.0000,  1.0000]]], device='cuda:0',
       grad_fn=<CopySlices>)
0:04:23.676579 - TCO pred_z tensor([[[-0.7893,  0.4511,  0.4165, -0.0100],
         [-0.5688, -0.7927, -0.2192,  0.0062],
         [ 0.2313, -0.4099,  0.8823,  0.1738],
         [ 0.0000,  0.0000,  0.0000,  1.0000]]], device='cuda:0',
       grad_fn=<CopySlices>)
0:04:23.677250 - loss orn tensor([4.5858e-05], device='cuda:0', grad_fn=<MinBackward0>)
0:04:23.677861 - loss xy tensor([0.0045], device='cuda:0', grad_fn=<MinBackward0>)
0:04:23.678509 - loss z tensor([0.0061], device='cuda:0', grad_fn=<MinBackward0>)
  0%|                                        | 0/1 [00:00<?, ?it/s, loss=0.0106]100%|████████████████████████████████| 1/1 [00:00<00:00,  4.56it/s, loss=0.0106]100%|████████████████████████████████| 1/1 [00:00<00:00,  4.55it/s, loss=0.0106]
0:04:23.434494 - saving /home/ubuntu/synthetic_pose_estimation/cosypose/local_data/experiments/bracket_assembly_debug_nut_nosym_coarse_noaug--938962 499
  0%|                                                     | 0/1 [00:00<?, ?it/s]0:04:23.849860 - iteration 0
0:04:23.893175 - outputs, {'pose': tensor([[-1.0145, -0.7274,  0.2883,  0.5635, -0.6312, -0.4284,  4.0134, -1.6012,
          0.6490]], device='cuda:0', grad_fn=<AddmmBackward0>)}
0:04:23.894737 - model_outputs {'pose': tensor([[-1.0145, -0.7274,  0.2883,  0.5635, -0.6312, -0.4284,  4.0134, -1.6012,
          0.6490]], device='cuda:0', grad_fn=<AddmmBackward0>)}
0:04:23.895528 - K crop tensor([[[1.8590e+03, 0.0000e+00, 2.9662e+02],
         [0.0000e+00, 1.8590e+03, 8.3708e+00],
         [0.0000e+00, 0.0000e+00, 1.0000e+00]]], device='cuda:0')
0:04:23.896369 - TCO_input tensor([[[ 1.0000,  0.0000,  0.0000, -0.0229],
         [ 0.0000,  1.0000,  0.0000,  0.0186],
         [ 0.0000,  0.0000,  1.0000,  0.3109],
         [ 0.0000,  0.0000,  0.0000,  1.0000]]], device='cuda:0')
0:04:23.897852 - model tco output tensor([[[-0.7919,  0.4489,  0.4141, -0.0144],
         [-0.5678, -0.7909, -0.2284,  0.0119],
         [ 0.2250, -0.4159,  0.8811,  0.2018],
         [ 0.0000,  0.0000,  0.0000,  1.0000]]], device='cuda:0',
       grad_fn=<CopySlices>)
0:04:23.938862 - Wrote debug data: /home/ubuntu/synthetic_pose_estimation/cosypose/local_data/debug_data/debug_iter=1.pth.tar
0:04:24.153088 - TCO_input tensor([[[ 1.0000,  0.0000,  0.0000, -0.0229],
         [ 0.0000,  1.0000,  0.0000,  0.0186],
         [ 0.0000,  0.0000,  1.0000,  0.3109],
         [ 0.0000,  0.0000,  0.0000,  1.0000]]], device='cuda:0')
0:04:24.154036 - vxvyvz tensor([[ 4.0134, -1.6012,  0.6490]], device='cuda:0',
       grad_fn=<SliceBackward0>)
0:04:24.155023 - dR tensor([[[-0.7919,  0.4489,  0.4141],
         [-0.5678, -0.7909, -0.2284],
         [ 0.2250, -0.4159,  0.8811]]], device='cuda:0',
       grad_fn=<StackBackward0>)
0:04:24.155860 - fxfy tensor([[1858.9946, 1858.9946]], device='cuda:0')
0:04:24.158430 - TCO_gt tensor([[[-0.7893,  0.4511,  0.4165, -0.0100],
         [-0.5688, -0.7927, -0.2192,  0.0062],
         [ 0.2313, -0.4099,  0.8823,  0.1920],
         [ 0.0000,  0.0000,  0.0000,  1.0000]]], device='cuda:0')
0:04:24.159326 - TCO pred_orn tensor([[[-0.7919,  0.4489,  0.4141, -0.0100],
         [-0.5678, -0.7909, -0.2284,  0.0062],
         [ 0.2250, -0.4159,  0.8811,  0.1920],
         [ 0.0000,  0.0000,  0.0000,  1.0000]]], device='cuda:0',
       grad_fn=<CopySlices>)
0:04:24.160224 - TCO pred_xy tensor([[[-0.7893,  0.4511,  0.4165, -0.0137],
         [-0.5688, -0.7927, -0.2192,  0.0113],
         [ 0.2313, -0.4099,  0.8823,  0.1920],
         [ 0.0000,  0.0000,  0.0000,  1.0000]]], device='cuda:0',
       grad_fn=<CopySlices>)
0:04:24.161122 - TCO pred_z tensor([[[-0.7893,  0.4511,  0.4165, -0.0100],
         [-0.5688, -0.7927, -0.2192,  0.0062],
         [ 0.2313, -0.4099,  0.8823,  0.2018],
         [ 0.0000,  0.0000,  0.0000,  1.0000]]], device='cuda:0',
       grad_fn=<CopySlices>)
0:04:24.161767 - loss orn tensor([3.7672e-05], device='cuda:0', grad_fn=<MinBackward0>)
0:04:24.162392 - loss xy tensor([0.0030], device='cuda:0', grad_fn=<MinBackward0>)
0:04:24.163015 - loss z tensor([0.0033], device='cuda:0', grad_fn=<MinBackward0>)
  0%|                                       | 0/1 [00:00<?, ?it/s, loss=0.00626]100%|███████████████████████████████| 1/1 [00:00<00:00,  4.54it/s, loss=0.00626]100%|███████████████████████████████| 1/1 [00:00<00:00,  4.53it/s, loss=0.00626]
  0%|                                                     | 0/1 [00:00<?, ?it/s]0:04:24.069356 - iteration 0
0:04:24.105751 - outputs, {'pose': tensor([[-0.7206, -0.5015,  0.2980,  0.5753, -0.3841, -0.1979,  2.3856, -1.3105,
          0.7111]], device='cuda:0')}
0:04:24.107239 - model_outputs {'pose': tensor([[-0.7206, -0.5015,  0.2980,  0.5753, -0.3841, -0.1979,  2.3856, -1.3105,
          0.7111]], device='cuda:0')}
0:04:24.108000 - K crop tensor([[[1.8223e+03, 0.0000e+00, 2.1340e+02],
         [0.0000e+00, 1.8223e+03, 3.0354e+01],
         [0.0000e+00, 0.0000e+00, 1.0000e+00]]], device='cuda:0')
0:04:24.108856 - TCO_input tensor([[[ 1.0000,  0.0000,  0.0000, -0.0090],
         [ 0.0000,  1.0000,  0.0000,  0.0148],
         [ 0.0000,  0.0000,  1.0000,  0.3036],
         [ 0.0000,  0.0000,  0.0000,  1.0000]]], device='cuda:0')
0:04:24.109784 - model tco output tensor([[[-0.7773,  0.5207,  0.3532, -0.0061],
         [-0.5409, -0.8397,  0.0476,  0.0104],
         [ 0.3214, -0.1540,  0.9343,  0.2158],
         [ 0.0000,  0.0000,  0.0000,  1.0000]]], device='cuda:0')
0:04:24.149537 - Wrote debug data: /home/ubuntu/synthetic_pose_estimation/cosypose/local_data/debug_data/debug_iter=1.pth.tar
0:04:24.359870 - TCO_input tensor([[[ 1.0000,  0.0000,  0.0000, -0.0090],
         [ 0.0000,  1.0000,  0.0000,  0.0148],
         [ 0.0000,  0.0000,  1.0000,  0.3036],
         [ 0.0000,  0.0000,  0.0000,  1.0000]]], device='cuda:0')
0:04:24.360797 - vxvyvz tensor([[ 2.3856, -1.3105,  0.7111]], device='cuda:0')
0:04:24.361775 - dR tensor([[[-0.7773,  0.5207,  0.3532],
         [-0.5409, -0.8397,  0.0476],
         [ 0.3214, -0.1540,  0.9343]]], device='cuda:0')
0:04:24.362635 - fxfy tensor([[1822.2852, 1822.2856]], device='cuda:0')
0:04:24.364912 - TCO_gt tensor([[[-0.7893,  0.4511,  0.4165, -0.0100],
         [-0.5688, -0.7927, -0.2192,  0.0062],
         [ 0.2313, -0.4099,  0.8823,  0.1920],
         [ 0.0000,  0.0000,  0.0000,  1.0000]]], device='cuda:0')
0:04:24.365831 - TCO pred_orn tensor([[[-0.7773,  0.5207,  0.3532, -0.0100],
         [-0.5409, -0.8397,  0.0476,  0.0062],
         [ 0.3214, -0.1540,  0.9343,  0.1920],
         [ 0.0000,  0.0000,  0.0000,  1.0000]]], device='cuda:0')
0:04:24.366721 - TCO pred_xy tensor([[[-0.7893,  0.4511,  0.4165, -0.0054],
         [-0.5688, -0.7927, -0.2192,  0.0093],
         [ 0.2313, -0.4099,  0.8823,  0.1920],
         [ 0.0000,  0.0000,  0.0000,  1.0000]]], device='cuda:0')
0:04:24.367607 - TCO pred_z tensor([[[-0.7893,  0.4511,  0.4165, -0.0100],
         [-0.5688, -0.7927, -0.2192,  0.0062],
         [ 0.2313, -0.4099,  0.8823,  0.2158],
         [ 0.0000,  0.0000,  0.0000,  1.0000]]], device='cuda:0')
0:04:24.368225 - loss orn tensor([0.0011], device='cuda:0')
0:04:24.368857 - loss xy tensor([0.0026], device='cuda:0')
0:04:24.369523 - loss z tensor([0.0080], device='cuda:0')
100%|█████████████████████████████████████████████| 1/1 [00:00<00:00,  8.43it/s]100%|█████████████████████████████████████████████| 1/1 [00:00<00:00,  8.41it/s]
0:04:24.055315 - saving /home/ubuntu/synthetic_pose_estimation/cosypose/local_data/experiments/bracket_assembly_debug_nut_nosym_coarse_noaug--938962 500
  0%|                                                     | 0/1 [00:00<?, ?it/s]0:04:24.467621 - iteration 0
0:04:24.511533 - outputs, {'pose': tensor([[-1.0063, -0.7171,  0.2887,  0.5606, -0.6186, -0.4203,  3.9703, -1.5907,
          0.6180]], device='cuda:0', grad_fn=<AddmmBackward0>)}
0:04:24.513250 - model_outputs {'pose': tensor([[-1.0063, -0.7171,  0.2887,  0.5606, -0.6186, -0.4203,  3.9703, -1.5907,
          0.6180]], device='cuda:0', grad_fn=<AddmmBackward0>)}
0:04:24.514078 - K crop tensor([[[1.8028e+03, 0.0000e+00, 2.9281e+02],
         [0.0000e+00, 1.8028e+03, 6.3473e+01],
         [0.0000e+00, 0.0000e+00, 1.0000e+00]]], device='cuda:0')
0:04:24.514933 - TCO_input tensor([[[ 1.0000,  0.0000,  0.0000, -0.0221],
         [ 0.0000,  1.0000,  0.0000,  0.0093],
         [ 0.0000,  0.0000,  1.0000,  0.2982],
         [ 0.0000,  0.0000,  0.0000,  1.0000]]], device='cuda:0')
0:04:24.515844 - model tco output tensor([[[-0.7930,  0.4475,  0.4133, -0.0132],
         [-0.5651, -0.7938, -0.2249,  0.0056],
         [ 0.2275, -0.4119,  0.8824,  0.1843],
         [ 0.0000,  0.0000,  0.0000,  1.0000]]], device='cuda:0',
       grad_fn=<CopySlices>)
0:04:24.554138 - Wrote debug data: /home/ubuntu/synthetic_pose_estimation/cosypose/local_data/debug_data/debug_iter=1.pth.tar
0:04:24.766891 - TCO_input tensor([[[ 1.0000,  0.0000,  0.0000, -0.0221],
         [ 0.0000,  1.0000,  0.0000,  0.0093],
         [ 0.0000,  0.0000,  1.0000,  0.2982],
         [ 0.0000,  0.0000,  0.0000,  1.0000]]], device='cuda:0')
0:04:24.767860 - vxvyvz tensor([[ 3.9703, -1.5907,  0.6180]], device='cuda:0',
       grad_fn=<SliceBackward0>)
0:04:24.768859 - dR tensor([[[-0.7930,  0.4475,  0.4133],
         [-0.5651, -0.7938, -0.2249],
         [ 0.2275, -0.4119,  0.8824]]], device='cuda:0',
       grad_fn=<StackBackward0>)
0:04:24.769840 - fxfy tensor([[1802.7681, 1802.7681]], device='cuda:0')
0:04:24.772284 - TCO_gt tensor([[[-0.7893,  0.4511,  0.4165, -0.0100],
         [-0.5688, -0.7927, -0.2192,  0.0062],
         [ 0.2313, -0.4099,  0.8823,  0.1920],
         [ 0.0000,  0.0000,  0.0000,  1.0000]]], device='cuda:0')
0:04:24.773199 - TCO pred_orn tensor([[[-0.7930,  0.4475,  0.4133, -0.0100],
         [-0.5651, -0.7938, -0.2249,  0.0062],
         [ 0.2275, -0.4119,  0.8824,  0.1920],
         [ 0.0000,  0.0000,  0.0000,  1.0000]]], device='cuda:0',
       grad_fn=<CopySlices>)
0:04:24.774114 - TCO pred_xy tensor([[[-0.7893,  0.4511,  0.4165, -0.0138],
         [-0.5688, -0.7927, -0.2192,  0.0058],
         [ 0.2313, -0.4099,  0.8823,  0.1920],
         [ 0.0000,  0.0000,  0.0000,  1.0000]]], device='cuda:0',
       grad_fn=<CopySlices>)
0:04:24.775045 - TCO pred_z tensor([[[-0.7893,  0.4511,  0.4165, -0.0100],
         [-0.5688, -0.7927, -0.2192,  0.0062],
         [ 0.2313, -0.4099,  0.8823,  0.1843],
         [ 0.0000,  0.0000,  0.0000,  1.0000]]], device='cuda:0',
       grad_fn=<CopySlices>)
0:04:24.775678 - loss orn tensor([2.9108e-05], device='cuda:0', grad_fn=<MinBackward0>)
0:04:24.776294 - loss xy tensor([0.0014], device='cuda:0', grad_fn=<MinBackward0>)
0:04:24.776919 - loss z tensor([0.0026], device='cuda:0', grad_fn=<MinBackward0>)
  0%|                                       | 0/1 [00:00<?, ?it/s, loss=0.00396]100%|███████████████████████████████| 1/1 [00:00<00:00,  4.61it/s, loss=0.00396]100%|███████████████████████████████| 1/1 [00:00<00:00,  4.60it/s, loss=0.00396]
0:04:24.565116 - saving /home/ubuntu/synthetic_pose_estimation/cosypose/local_data/experiments/bracket_assembly_debug_nut_nosym_coarse_noaug--938962 501
  0%|                                                     | 0/1 [00:00<?, ?it/s]0:04:24.980458 - iteration 0
0:04:25.023556 - outputs, {'pose': tensor([[-1.0129, -0.7350,  0.2899,  0.5565, -0.6317, -0.4237,  4.0036, -1.6042,
          0.6405]], device='cuda:0', grad_fn=<AddmmBackward0>)}
0:04:25.025119 - model_outputs {'pose': tensor([[-1.0129, -0.7350,  0.2899,  0.5565, -0.6317, -0.4237,  4.0036, -1.6042,
          0.6405]], device='cuda:0', grad_fn=<AddmmBackward0>)}
0:04:25.025904 - K crop tensor([[[1.9490e+03, 0.0000e+00, 3.1157e+02],
         [0.0000e+00, 1.9490e+03, 1.5134e+01],
         [0.0000e+00, 0.0000e+00, 1.0000e+00]]], device='cuda:0')
0:04:25.026747 - TCO_input tensor([[[ 1.0000,  0.0000,  0.0000, -0.0253],
         [ 0.0000,  1.0000,  0.0000,  0.0174],
         [ 0.0000,  0.0000,  1.0000,  0.3249],
         [ 0.0000,  0.0000,  0.0000,  1.0000]]], device='cuda:0')
0:04:25.028219 - model tco output tensor([[[-0.7885,  0.4535,  0.4155, -0.0158],
         [-0.5722, -0.7886, -0.2250,  0.0110],
         [ 0.2257, -0.4152,  0.8813,  0.2081],
         [ 0.0000,  0.0000,  0.0000,  1.0000]]], device='cuda:0',
       grad_fn=<CopySlices>)
0:04:25.068418 - Wrote debug data: /home/ubuntu/synthetic_pose_estimation/cosypose/local_data/debug_data/debug_iter=1.pth.tar
0:04:25.279359 - TCO_input tensor([[[ 1.0000,  0.0000,  0.0000, -0.0253],
         [ 0.0000,  1.0000,  0.0000,  0.0174],
         [ 0.0000,  0.0000,  1.0000,  0.3249],
         [ 0.0000,  0.0000,  0.0000,  1.0000]]], device='cuda:0')
0:04:25.280385 - vxvyvz tensor([[ 4.0036, -1.6042,  0.6405]], device='cuda:0',
       grad_fn=<SliceBackward0>)
0:04:25.281424 - dR tensor([[[-0.7885,  0.4535,  0.4155],
         [-0.5722, -0.7886, -0.2250],
         [ 0.2257, -0.4152,  0.8813]]], device='cuda:0',
       grad_fn=<StackBackward0>)
0:04:25.282285 - fxfy tensor([[1948.9767, 1948.9769]], device='cuda:0')
0:04:25.284845 - TCO_gt tensor([[[-0.7893,  0.4511,  0.4165, -0.0100],
         [-0.5688, -0.7927, -0.2192,  0.0062],
         [ 0.2313, -0.4099,  0.8823,  0.1920],
         [ 0.0000,  0.0000,  0.0000,  1.0000]]], device='cuda:0')
0:04:25.285779 - TCO pred_orn tensor([[[-0.7885,  0.4535,  0.4155, -0.0100],
         [-0.5722, -0.7886, -0.2250,  0.0062],
         [ 0.2257, -0.4152,  0.8813,  0.1920],
         [ 0.0000,  0.0000,  0.0000,  1.0000]]], device='cuda:0',
       grad_fn=<CopySlices>)
0:04:25.286679 - TCO pred_xy tensor([[[-0.7893,  0.4511,  0.4165, -0.0146],
         [-0.5688, -0.7927, -0.2192,  0.0101],
         [ 0.2313, -0.4099,  0.8823,  0.1920],
         [ 0.0000,  0.0000,  0.0000,  1.0000]]], device='cuda:0',
       grad_fn=<CopySlices>)
0:04:25.287565 - TCO pred_z tensor([[[-0.7893,  0.4511,  0.4165, -0.0100],
         [-0.5688, -0.7927, -0.2192,  0.0062],
         [ 0.2313, -0.4099,  0.8823,  0.2081],
         [ 0.0000,  0.0000,  0.0000,  1.0000]]], device='cuda:0',
       grad_fn=<CopySlices>)
0:04:25.288201 - loss orn tensor([3.2105e-05], device='cuda:0', grad_fn=<MinBackward0>)
0:04:25.288838 - loss xy tensor([0.0028], device='cuda:0', grad_fn=<MinBackward0>)
0:04:25.289505 - loss z tensor([0.0054], device='cuda:0', grad_fn=<MinBackward0>)
  0%|                                       | 0/1 [00:00<?, ?it/s, loss=0.00824]100%|███████████████████████████████| 1/1 [00:00<00:00,  4.61it/s, loss=0.00824]100%|███████████████████████████████| 1/1 [00:00<00:00,  4.60it/s, loss=0.00824]
0:04:25.056311 - saving /home/ubuntu/synthetic_pose_estimation/cosypose/local_data/experiments/bracket_assembly_debug_nut_nosym_coarse_noaug--938962 502
  0%|                                                     | 0/1 [00:00<?, ?it/s]0:04:25.471371 - iteration 0
0:04:25.514631 - outputs, {'pose': tensor([[-1.0175, -0.7215,  0.2912,  0.5609, -0.6301, -0.4273,  4.0005, -1.6127,
          0.6386]], device='cuda:0', grad_fn=<AddmmBackward0>)}
0:04:25.516183 - model_outputs {'pose': tensor([[-1.0175, -0.7215,  0.2912,  0.5609, -0.6301, -0.4273,  4.0005, -1.6127,
          0.6386]], device='cuda:0', grad_fn=<AddmmBackward0>)}
0:04:25.517261 - K crop tensor([[[ 1.6179e+03,  0.0000e+00,  1.9738e+02],
         [ 0.0000e+00,  1.6179e+03, -2.2010e+01],
         [ 0.0000e+00,  0.0000e+00,  1.0000e+00]]], device='cuda:0')
0:04:25.518113 - TCO_input tensor([[[ 1.0000,  0.0000,  0.0000, -0.0064],
         [ 0.0000,  1.0000,  0.0000,  0.0240],
         [ 0.0000,  0.0000,  1.0000,  0.2743],
         [ 0.0000,  0.0000,  0.0000,  1.0000]]], device='cuda:0')
0:04:25.518981 - model tco output tensor([[[-0.7944,  0.4442,  0.4143, -0.0037],
         [-0.5633, -0.7940, -0.2287,  0.0151],
         [ 0.2273, -0.4150,  0.8810,  0.1752],
         [ 0.0000,  0.0000,  0.0000,  1.0000]]], device='cuda:0',
       grad_fn=<CopySlices>)
0:04:25.560972 - Wrote debug data: /home/ubuntu/synthetic_pose_estimation/cosypose/local_data/debug_data/debug_iter=1.pth.tar
0:04:25.774130 - TCO_input tensor([[[ 1.0000,  0.0000,  0.0000, -0.0064],
         [ 0.0000,  1.0000,  0.0000,  0.0240],
         [ 0.0000,  0.0000,  1.0000,  0.2743],
         [ 0.0000,  0.0000,  0.0000,  1.0000]]], device='cuda:0')
0:04:25.775093 - vxvyvz tensor([[ 4.0005, -1.6127,  0.6386]], device='cuda:0',
       grad_fn=<SliceBackward0>)
0:04:25.776062 - dR tensor([[[-0.7944,  0.4442,  0.4143],
         [-0.5633, -0.7940, -0.2287],
         [ 0.2273, -0.4150,  0.8810]]], device='cuda:0',
       grad_fn=<StackBackward0>)
0:04:25.776927 - fxfy tensor([[1617.9275, 1617.9275]], device='cuda:0')
0:04:25.779384 - TCO_gt tensor([[[-0.7893,  0.4511,  0.4165, -0.0100],
         [-0.5688, -0.7927, -0.2192,  0.0062],
         [ 0.2313, -0.4099,  0.8823,  0.1920],
         [ 0.0000,  0.0000,  0.0000,  1.0000]]], device='cuda:0')
0:04:25.780283 - TCO pred_orn tensor([[[-0.7944,  0.4442,  0.4143, -0.0100],
         [-0.5633, -0.7940, -0.2287,  0.0062],
         [ 0.2273, -0.4150,  0.8810,  0.1920],
         [ 0.0000,  0.0000,  0.0000,  1.0000]]], device='cuda:0',
       grad_fn=<CopySlices>)
0:04:25.781200 - TCO pred_xy tensor([[[-0.7893,  0.4511,  0.4165, -0.0040],
         [-0.5688, -0.7927, -0.2192,  0.0166],
         [ 0.2313, -0.4099,  0.8823,  0.1920],
         [ 0.0000,  0.0000,  0.0000,  1.0000]]], device='cuda:0',
       grad_fn=<CopySlices>)
0:04:25.782105 - TCO pred_z tensor([[[-0.7893,  0.4511,  0.4165, -0.0100],
         [-0.5688, -0.7927, -0.2192,  0.0062],
         [ 0.2313, -0.4099,  0.8823,  0.1752],
         [ 0.0000,  0.0000,  0.0000,  1.0000]]], device='cuda:0',
       grad_fn=<CopySlices>)
0:04:25.782735 - loss orn tensor([4.6213e-05], device='cuda:0', grad_fn=<MinBackward0>)
0:04:25.783354 - loss xy tensor([0.0055], device='cuda:0', grad_fn=<MinBackward0>)
0:04:25.783981 - loss z tensor([0.0056], device='cuda:0', grad_fn=<MinBackward0>)
  0%|                                        | 0/1 [00:00<?, ?it/s, loss=0.0111]100%|████████████████████████████████| 1/1 [00:00<00:00,  4.55it/s, loss=0.0111]100%|████████████████████████████████| 1/1 [00:00<00:00,  4.54it/s, loss=0.0111]
train loss_TCO-iter=1 0.010889740660786629
train loss_TCO 0.010889740660786629
train loss_total 0.010889740660786629
train grad_norm 1.0133006572723389
train loss_TCO-iter=1 0.0024663761723786592
train loss_TCO 0.0024663761723786592
train loss_total 0.0024663761723786592
train grad_norm 0.8701019287109375
train loss_TCO-iter=1 0.0013495500897988677
train loss_TCO 0.0013495500897988677
train loss_total 0.0013495500897988677
train grad_norm 0.8519238233566284
train loss_TCO-iter=1 0.012655068188905716
train loss_TCO 0.012655068188905716
train loss_total 0.012655068188905716
train grad_norm 0.9955947995185852
train loss_TCO-iter=1 0.0031346348114311695
train loss_TCO 0.0031346348114311695
train loss_total 0.0031346348114311695
train grad_norm 0.8733837604522705
train loss_TCO-iter=1 0.004061627201735973
train loss_TCO 0.004061627201735973
train loss_total 0.004061627201735973
train grad_norm 0.834904670715332
train loss_TCO-iter=1 0.007073989138007164
train loss_TCO 0.007073989138007164
train loss_total 0.007073989138007164
train grad_norm 0.8113251328468323
train loss_TCO-iter=1 0.0012731376336887479
train loss_TCO 0.0012731376336887479
train loss_total 0.0012731376336887479
train grad_norm 0.8446007370948792
val loss_TCO-iter=1 0.012932481244206429
val loss_TCO 0.012932481244206429
val loss_total 0.012932481244206429
train loss_TCO-iter=1 0.007080312818288803
train loss_TCO 0.007080312818288803
train loss_total 0.007080312818288803
train grad_norm 0.910764217376709
train loss_TCO-iter=1 0.01457541435956955
train loss_TCO 0.01457541435956955
train loss_total 0.01457541435956955
train grad_norm 1.0330052375793457
train loss_TCO-iter=1 0.006773063912987709
train loss_TCO 0.006773063912987709
train loss_total 0.006773063912987709
train grad_norm 0.9052882790565491
train loss_TCO-iter=1 0.006434796378016472
train loss_TCO 0.006434796378016472
train loss_total 0.006434796378016472
train grad_norm 0.8221361637115479
train loss_TCO-iter=1 0.004445610102266073
train loss_TCO 0.004445610102266073
train loss_total 0.004445610102266073
train grad_norm 0.9016535878181458
train loss_TCO-iter=1 0.006808141246438026
train loss_TCO 0.006808141246438026
train loss_total 0.006808141246438026
train grad_norm 0.9634602069854736
train loss_TCO-iter=1 0.004168466664850712
train loss_TCO 0.004168466664850712
train loss_total 0.004168466664850712
train grad_norm 0.934389054775238
train loss_TCO-iter=1 0.007937449961900711
train loss_TCO 0.007937449961900711
train loss_total 0.007937449961900711
train grad_norm 0.9680367708206177
train loss_TCO-iter=1 0.00868736021220684
train loss_TCO 0.00868736021220684
train loss_total 0.00868736021220684
train grad_norm 0.798130452632904
train loss_TCO-iter=1 0.011427651159465313
train loss_TCO 0.011427651159465313
train loss_total 0.011427651159465313
train grad_norm 0.8480835556983948
val loss_TCO-iter=1 0.021922150626778603
val loss_TCO 0.021922150626778603
val loss_total 0.021922150626778603
train loss_TCO-iter=1 0.006791558116674423
train loss_TCO 0.006791558116674423
train loss_total 0.006791558116674423
train grad_norm 0.815222978591919
train loss_TCO-iter=1 0.00289785279892385
train loss_TCO 0.00289785279892385
train loss_total 0.00289785279892385
train grad_norm 0.9371046423912048
train loss_TCO-iter=1 0.006369226146489382
train loss_TCO 0.006369226146489382
train loss_total 0.006369226146489382
train grad_norm 0.878106951713562
train loss_TCO-iter=1 0.003204453270882368
train loss_TCO 0.003204453270882368
train loss_total 0.003204453270882368
train grad_norm 0.9655530452728271
train loss_TCO-iter=1 0.004664185922592878
train loss_TCO 0.004664185922592878
train loss_total 0.004664185922592878
train grad_norm 0.9279294013977051
train loss_TCO-iter=1 0.002384561812505126
train loss_TCO 0.002384561812505126
train loss_total 0.002384561812505126
train grad_norm 0.9091828465461731
train loss_TCO-iter=1 0.004617498721927404
train loss_TCO 0.004617498721927404
train loss_total 0.004617498721927404
train grad_norm 0.9924689531326294
train loss_TCO-iter=1 0.012584593147039413
train loss_TCO 0.012584593147039413
train loss_total 0.012584593147039413
train grad_norm 0.7810148596763611
train loss_TCO-iter=1 0.005688225384801626
train loss_TCO 0.005688225384801626
train loss_total 0.005688225384801626
train grad_norm 0.9873596429824829
train loss_TCO-iter=1 0.009309924207627773
train loss_TCO 0.009309924207627773
train loss_total 0.009309924207627773
train grad_norm 0.8182801008224487
val loss_TCO-iter=1 0.016406405717134476
val loss_TCO 0.016406405717134476
val loss_total 0.016406405717134476
train loss_TCO-iter=1 0.0041577378287911415
train loss_TCO 0.0041577378287911415
train loss_total 0.0041577378287911415
train grad_norm 0.9694390296936035
train loss_TCO-iter=1 0.002755821216851473
train loss_TCO 0.002755821216851473
train loss_total 0.002755821216851473
train grad_norm 0.8841896057128906
train loss_TCO-iter=1 0.011519616469740868
train loss_TCO 0.011519616469740868
train loss_total 0.011519616469740868
train grad_norm 1.0334727764129639
train loss_TCO-iter=1 0.0009960683528333902
train loss_TCO 0.0009960683528333902
train loss_total 0.0009960683528333902
train grad_norm 0.923031747341156
train loss_TCO-iter=1 0.002126805018633604
train loss_TCO 0.002126805018633604
train loss_total 0.002126805018633604
train grad_norm 0.8908323049545288
train loss_TCO-iter=1 0.0038293548859655857
train loss_TCO 0.0038293548859655857
train loss_total 0.0038293548859655857
train grad_norm 0.9201881289482117
train loss_TCO-iter=1 0.004319773521274328
train loss_TCO 0.004319773521274328
train loss_total 0.004319773521274328
train grad_norm 0.8481999635696411
train loss_TCO-iter=1 0.016727905720472336
train loss_TCO 0.016727905720472336
train loss_total 0.016727905720472336
train grad_norm 1.1013165712356567
train loss_TCO-iter=1 0.008283897303044796
train loss_TCO 0.008283897303044796
train loss_total 0.008283897303044796
train grad_norm 0.9600323438644409
train loss_TCO-iter=1 0.014493350870907307
train loss_TCO 0.014493350870907307
train loss_total 0.014493350870907307
train grad_norm 1.0480360984802246
val loss_TCO-iter=1 0.007119022309780121
val loss_TCO 0.007119022309780121
val loss_total 0.007119022309780121
train loss_TCO-iter=1 0.003814675845205784
train loss_TCO 0.003814675845205784
train loss_total 0.003814675845205784
train grad_norm 0.934133768081665
train loss_TCO-iter=1 0.013239451684057713
train loss_TCO 0.013239451684057713
train loss_total 0.013239451684057713
train grad_norm 0.772801399230957
train loss_TCO-iter=1 0.00874403491616249
train loss_TCO 0.00874403491616249
train loss_total 0.00874403491616249
train grad_norm 1.0364550352096558
train loss_TCO-iter=1 0.0058236801996827126
train loss_TCO 0.0058236801996827126
train loss_total 0.0058236801996827126
train grad_norm 0.8817954063415527
train loss_TCO-iter=1 0.010220974683761597
train loss_TCO 0.010220974683761597
train loss_total 0.010220974683761597
train grad_norm 0.7727843523025513
train loss_TCO-iter=1 0.0041435095481574535
train loss_TCO 0.0041435095481574535
train loss_total 0.0041435095481574535
train grad_norm 0.9697170853614807
train loss_TCO-iter=1 0.008828479796648026
train loss_TCO 0.008828479796648026
train loss_total 0.008828479796648026
train grad_norm 0.8192846775054932
train loss_TCO-iter=1 0.0032626972533762455
train loss_TCO 0.0032626972533762455
train loss_total 0.0032626972533762455
train grad_norm 0.971962571144104
train loss_TCO-iter=1 0.010629542171955109
train loss_TCO 0.010629542171955109
train loss_total 0.010629542171955109
train grad_norm 0.869140088558197
train loss_TCO-iter=1 0.006262761540710926
train loss_TCO 0.006262761540710926
train loss_total 0.006262761540710926
train grad_norm 0.953068196773529
val loss_TCO-iter=1 0.011590925976634026
val loss_TCO 0.011590925976634026
val loss_total 0.011590925976634026
train loss_TCO-iter=1 0.003964015282690525
train loss_TCO 0.003964015282690525
train loss_total 0.003964015282690525
train grad_norm 0.9317373633384705
train loss_TCO-iter=1 0.008243383839726448
train loss_TCO 0.008243383839726448
train loss_total 0.008243383839726448
train grad_norm 1.0362931489944458
train loss_TCO-iter=1 0.011119204573333263
0:04:25.536553 - saving /home/ubuntu/synthetic_pose_estimation/cosypose/local_data/experiments/bracket_assembly_debug_nut_nosym_coarse_noaug--938962 503
  0%|                                                     | 0/1 [00:00<?, ?it/s]0:04:25.951763 - iteration 0
0:04:25.995235 - outputs, {'pose': tensor([[-1.0190, -0.7256,  0.2937,  0.5596, -0.6320, -0.4197,  4.0075, -1.6059,
          0.6373]], device='cuda:0', grad_fn=<AddmmBackward0>)}
0:04:25.996878 - model_outputs {'pose': tensor([[-1.0190, -0.7256,  0.2937,  0.5596, -0.6320, -0.4197,  4.0075, -1.6059,
          0.6373]], device='cuda:0', grad_fn=<AddmmBackward0>)}
0:04:25.997679 - K crop tensor([[[1.8042e+03, 0.0000e+00, 2.4125e+02],
         [0.0000e+00, 1.8042e+03, 2.3061e+01],
         [0.0000e+00, 0.0000e+00, 1.0000e+00]]], device='cuda:0')
0:04:25.998524 - TCO_input tensor([[[ 1.0000,  0.0000,  0.0000, -0.0136],
         [ 0.0000,  1.0000,  0.0000,  0.0161],
         [ 0.0000,  0.0000,  1.0000,  0.3011],
         [ 0.0000,  0.0000,  0.0000,  1.0000]]], device='cuda:0')
0:04:25.999412 - model tco output tensor([[[-0.7930,  0.4483,  0.4125, -0.0083],
         [-0.5647, -0.7950, -0.2216,  0.0101],
         [ 0.2286, -0.4087,  0.8836,  0.1919],
         [ 0.0000,  0.0000,  0.0000,  1.0000]]], device='cuda:0',
       grad_fn=<CopySlices>)
0:04:26.039176 - Wrote debug data: /home/ubuntu/synthetic_pose_estimation/cosypose/local_data/debug_data/debug_iter=1.pth.tar
0:04:26.254999 - TCO_input tensor([[[ 1.0000,  0.0000,  0.0000, -0.0136],
         [ 0.0000,  1.0000,  0.0000,  0.0161],
         [ 0.0000,  0.0000,  1.0000,  0.3011],
         [ 0.0000,  0.0000,  0.0000,  1.0000]]], device='cuda:0')
0:04:26.256013 - vxvyvz tensor([[ 4.0075, -1.6059,  0.6373]], device='cuda:0',
       grad_fn=<SliceBackward0>)
0:04:26.257033 - dR tensor([[[-0.7930,  0.4483,  0.4125],
         [-0.5647, -0.7950, -0.2216],
         [ 0.2286, -0.4087,  0.8836]]], device='cuda:0',
       grad_fn=<StackBackward0>)
0:04:26.257912 - fxfy tensor([[1804.2487, 1804.2484]], device='cuda:0')
0:04:26.260388 - TCO_gt tensor([[[-0.7893,  0.4511,  0.4165, -0.0100],
         [-0.5688, -0.7927, -0.2192,  0.0062],
         [ 0.2313, -0.4099,  0.8823,  0.1920],
         [ 0.0000,  0.0000,  0.0000,  1.0000]]], device='cuda:0')
0:04:26.261327 - TCO pred_orn tensor([[[-0.7930,  0.4483,  0.4125, -0.0100],
         [-0.5647, -0.7950, -0.2216,  0.0062],
         [ 0.2286, -0.4087,  0.8836,  0.1920],
         [ 0.0000,  0.0000,  0.0000,  1.0000]]], device='cuda:0',
       grad_fn=<CopySlices>)
0:04:26.262218 - TCO pred_xy tensor([[[-0.7893,  0.4511,  0.4165, -0.0083],
         [-0.5688, -0.7927, -0.2192,  0.0101],
         [ 0.2313, -0.4099,  0.8823,  0.1920],
         [ 0.0000,  0.0000,  0.0000,  1.0000]]], device='cuda:0',
       grad_fn=<CopySlices>)
0:04:26.263125 - TCO pred_z tensor([[[-0.7893,  0.4511,  0.4165, -0.0100],
         [-0.5688, -0.7927, -0.2192,  0.0062],
         [ 0.2313, -0.4099,  0.8823,  0.1919],
         [ 0.0000,  0.0000,  0.0000,  1.0000]]], device='cuda:0',
       grad_fn=<CopySlices>)
0:04:26.266181 - loss orn tensor([2.5983e-05], device='cuda:0', grad_fn=<MinBackward0>)
0:04:26.266804 - loss xy tensor([0.0019], device='cuda:0', grad_fn=<MinBackward0>)
0:04:26.267427 - loss z tensor([1.0471e-05], device='cuda:0', grad_fn=<MinBackward0>)
  0%|                                       | 0/1 [00:00<?, ?it/s, loss=0.00192]100%|███████████████████████████████| 1/1 [00:00<00:00,  4.48it/s, loss=0.00192]100%|███████████████████████████████| 1/1 [00:00<00:00,  4.47it/s, loss=0.00192]
0:04:26.029897 - saving /home/ubuntu/synthetic_pose_estimation/cosypose/local_data/experiments/bracket_assembly_debug_nut_nosym_coarse_noaug--938962 504
  0%|                                                     | 0/1 [00:00<?, ?it/s]0:04:26.445076 - iteration 0
0:04:26.488528 - outputs, {'pose': tensor([[-1.0107, -0.7301,  0.3015,  0.5587, -0.6279, -0.4242,  4.0019, -1.6050,
          0.6343]], device='cuda:0', grad_fn=<AddmmBackward0>)}
0:04:26.490176 - model_outputs {'pose': tensor([[-1.0107, -0.7301,  0.3015,  0.5587, -0.6279, -0.4242,  4.0019, -1.6050,
          0.6343]], device='cuda:0', grad_fn=<AddmmBackward0>)}
0:04:26.490953 - K crop tensor([[[1.9831e+03, 0.0000e+00, 2.4147e+02],
         [0.0000e+00, 1.9831e+03, 9.5245e+01],
         [0.0000e+00, 0.0000e+00, 1.0000e+00]]], device='cuda:0')
0:04:26.491810 - TCO_input tensor([[[ 1.0000,  0.0000,  0.0000, -0.0134],
         [ 0.0000,  1.0000,  0.0000,  0.0040],
         [ 0.0000,  0.0000,  1.0000,  0.3250],
         [ 0.0000,  0.0000,  0.0000,  1.0000]]], device='cuda:0')
0:04:26.492696 - model tco output tensor([[[-0.7879,  0.4492,  0.4212, -0.0081],
         [-0.5692, -0.7923, -0.2197,  0.0024],
         [ 0.2350, -0.4128,  0.8800,  0.2062],
         [ 0.0000,  0.0000,  0.0000,  1.0000]]], device='cuda:0',
       grad_fn=<CopySlices>)
0:04:26.532750 - Wrote debug data: /home/ubuntu/synthetic_pose_estimation/cosypose/local_data/debug_data/debug_iter=1.pth.tar
0:04:26.748075 - TCO_input tensor([[[ 1.0000,  0.0000,  0.0000, -0.0134],
         [ 0.0000,  1.0000,  0.0000,  0.0040],
         [ 0.0000,  0.0000,  1.0000,  0.3250],
         [ 0.0000,  0.0000,  0.0000,  1.0000]]], device='cuda:0')
0:04:26.749264 - vxvyvz tensor([[ 4.0019, -1.6050,  0.6343]], device='cuda:0',
       grad_fn=<SliceBackward0>)
0:04:26.750295 - dR tensor([[[-0.7879,  0.4492,  0.4212],
         [-0.5692, -0.7923, -0.2197],
         [ 0.2350, -0.4128,  0.8800]]], device='cuda:0',
       grad_fn=<StackBackward0>)
0:04:26.751187 - fxfy tensor([[1983.0903, 1983.0908]], device='cuda:0')
0:04:26.753741 - TCO_gt tensor([[[-0.7893,  0.4511,  0.4165, -0.0100],
         [-0.5688, -0.7927, -0.2192,  0.0062],
         [ 0.2313, -0.4099,  0.8823,  0.1920],
         [ 0.0000,  0.0000,  0.0000,  1.0000]]], device='cuda:0')
0:04:26.754669 - TCO pred_orn tensor([[[-0.7879,  0.4492,  0.4212, -0.0100],
         [-0.5692, -0.7923, -0.2197,  0.0062],
         [ 0.2350, -0.4128,  0.8800,  0.1920],
         [ 0.0000,  0.0000,  0.0000,  1.0000]]], device='cuda:0',
       grad_fn=<CopySlices>)
0:04:26.755580 - TCO pred_xy tensor([[[-0.7893,  0.4511,  0.4165, -0.0075],
         [-0.5688, -0.7927, -0.2192,  0.0022],
         [ 0.2313, -0.4099,  0.8823,  0.1920],
         [ 0.0000,  0.0000,  0.0000,  1.0000]]], device='cuda:0',
       grad_fn=<CopySlices>)
0:04:26.756474 - TCO pred_z tensor([[[-0.7893,  0.4511,  0.4165, -0.0100],
         [-0.5688, -0.7927, -0.2192,  0.0062],
         [ 0.2313, -0.4099,  0.8823,  0.2062],
         [ 0.0000,  0.0000,  0.0000,  1.0000]]], device='cuda:0',
       grad_fn=<CopySlices>)
0:04:26.757115 - loss orn tensor([1.8497e-05], device='cuda:0', grad_fn=<MinBackward0>)
0:04:26.757744 - loss xy tensor([0.0021], device='cuda:0', grad_fn=<MinBackward0>)
0:04:26.758354 - loss z tensor([0.0047], device='cuda:0', grad_fn=<MinBackward0>)
  0%|                                        | 0/1 [00:00<?, ?it/s, loss=0.0069]100%|████████████████████████████████| 1/1 [00:00<00:00,  4.34it/s, loss=0.0069]100%|████████████████████████████████| 1/1 [00:00<00:00,  4.33it/s, loss=0.0069]
0:04:26.547608 - saving /home/ubuntu/synthetic_pose_estimation/cosypose/local_data/experiments/bracket_assembly_debug_nut_nosym_coarse_noaug--938962 505
  0%|                                                     | 0/1 [00:00<?, ?it/s]0:04:26.963058 - iteration 0
0:04:27.007803 - outputs, {'pose': tensor([[-1.0075, -0.7297,  0.2958,  0.5578, -0.6307, -0.4219,  4.0009, -1.6026,
          0.6217]], device='cuda:0', grad_fn=<AddmmBackward0>)}
0:04:27.009489 - model_outputs {'pose': tensor([[-1.0075, -0.7297,  0.2958,  0.5578, -0.6307, -0.4219,  4.0009, -1.6026,
          0.6217]], device='cuda:0', grad_fn=<AddmmBackward0>)}
0:04:27.010280 - K crop tensor([[[1.9159e+03, 0.0000e+00, 2.7049e+02],
         [0.0000e+00, 1.9159e+03, 7.1707e+01],
         [0.0000e+00, 0.0000e+00, 1.0000e+00]]], device='cuda:0')
0:04:27.011134 - TCO_input tensor([[[ 1.0000,  0.0000,  0.0000, -0.0183],
         [ 0.0000,  1.0000,  0.0000,  0.0079],
         [ 0.0000,  0.0000,  1.0000,  0.3158],
         [ 0.0000,  0.0000,  0.0000,  1.0000]]], device='cuda:0')
0:04:27.012721 - model tco output tensor([[[-0.7879,  0.4521,  0.4181, -0.0110],
         [-0.5707, -0.7912, -0.2199,  0.0047],
         [ 0.2313, -0.4118,  0.8814,  0.1964],
         [ 0.0000,  0.0000,  0.0000,  1.0000]]], device='cuda:0',
       grad_fn=<CopySlices>)
0:04:27.051064 - Wrote debug data: /home/ubuntu/synthetic_pose_estimation/cosypose/local_data/debug_data/debug_iter=1.pth.tar
0:04:27.265499 - TCO_input tensor([[[ 1.0000,  0.0000,  0.0000, -0.0183],
         [ 0.0000,  1.0000,  0.0000,  0.0079],
         [ 0.0000,  0.0000,  1.0000,  0.3158],
         [ 0.0000,  0.0000,  0.0000,  1.0000]]], device='cuda:0')
0:04:27.266501 - vxvyvz tensor([[ 4.0009, -1.6026,  0.6217]], device='cuda:0',
       grad_fn=<SliceBackward0>)
0:04:27.267491 - dR tensor([[[-0.7879,  0.4521,  0.4181],
         [-0.5707, -0.7912, -0.2199],
         [ 0.2313, -0.4118,  0.8814]]], device='cuda:0',
       grad_fn=<StackBackward0>)
0:04:27.268380 - fxfy tensor([[1915.8788, 1915.8784]], device='cuda:0')
0:04:27.270889 - TCO_gt tensor([[[-0.7893,  0.4511,  0.4165, -0.0100],
         [-0.5688, -0.7927, -0.2192,  0.0062],
         [ 0.2313, -0.4099,  0.8823,  0.1920],
         [ 0.0000,  0.0000,  0.0000,  1.0000]]], device='cuda:0')
0:04:27.271804 - TCO pred_orn tensor([[[-0.7879,  0.4521,  0.4181, -0.0100],
         [-0.5707, -0.7912, -0.2199,  0.0062],
         [ 0.2313, -0.4118,  0.8814,  0.1920],
         [ 0.0000,  0.0000,  0.0000,  1.0000]]], device='cuda:0',
       grad_fn=<CopySlices>)
0:04:27.272706 - TCO pred_xy tensor([[[-0.7893,  0.4511,  0.4165, -0.0107],
         [-0.5688, -0.7927, -0.2192,  0.0046],
         [ 0.2313, -0.4099,  0.8823,  0.1920],
         [ 0.0000,  0.0000,  0.0000,  1.0000]]], device='cuda:0',
       grad_fn=<CopySlices>)
0:04:27.273623 - TCO pred_z tensor([[[-0.7893,  0.4511,  0.4165, -0.0100],
         [-0.5688, -0.7927, -0.2192,  0.0062],
         [ 0.2313, -0.4099,  0.8823,  0.1964],
         [ 0.0000,  0.0000,  0.0000,  1.0000]]], device='cuda:0',
       grad_fn=<CopySlices>)
0:04:27.274261 - loss orn tensor([1.2405e-05], device='cuda:0', grad_fn=<MinBackward0>)
0:04:27.274872 - loss xy tensor([0.0008], device='cuda:0', grad_fn=<MinBackward0>)
0:04:27.275485 - loss z tensor([0.0015], device='cuda:0', grad_fn=<MinBackward0>)
  0%|                                       | 0/1 [00:00<?, ?it/s, loss=0.00223]100%|███████████████████████████████| 1/1 [00:00<00:00,  4.54it/s, loss=0.00223]100%|███████████████████████████████| 1/1 [00:00<00:00,  4.53it/s, loss=0.00223]
0:04:27.040287 - saving /home/ubuntu/synthetic_pose_estimation/cosypose/local_data/experiments/bracket_assembly_debug_nut_nosym_coarse_noaug--938962 506
  0%|                                                     | 0/1 [00:00<?, ?it/s]0:04:27.456671 - iteration 0
0:04:27.507831 - outputs, {'pose': tensor([[-1.0093, -0.7245,  0.2926,  0.5557, -0.6293, -0.4172,  3.9867, -1.5977,
          0.6108]], device='cuda:0', grad_fn=<AddmmBackward0>)}
0:04:27.509433 - model_outputs {'pose': tensor([[-1.0093, -0.7245,  0.2926,  0.5557, -0.6293, -0.4172,  3.9867, -1.5977,
          0.6108]], device='cuda:0', grad_fn=<AddmmBackward0>)}
0:04:27.510224 - K crop tensor([[[1.8191e+03, 0.0000e+00, 2.7548e+02],
         [0.0000e+00, 1.8191e+03, 7.3073e+01],
         [0.0000e+00, 0.0000e+00, 1.0000e+00]]], device='cuda:0')
0:04:27.511057 - TCO_input tensor([[[ 1.0000,  0.0000,  0.0000, -0.0191],
         [ 0.0000,  1.0000,  0.0000,  0.0077],
         [ 0.0000,  0.0000,  1.0000,  0.3002],
         [ 0.0000,  0.0000,  0.0000,  1.0000]]], device='cuda:0')
0:04:27.511944 - model tco output tensor([[[-0.7907,  0.4509,  0.4140, -0.0113],
         [-0.5676, -0.7934, -0.2200,  0.0045],
         [ 0.2293, -0.4089,  0.8833,  0.1834],
         [ 0.0000,  0.0000,  0.0000,  1.0000]]], device='cuda:0',
       grad_fn=<CopySlices>)
0:04:27.549374 - Wrote debug data: /home/ubuntu/synthetic_pose_estimation/cosypose/local_data/debug_data/debug_iter=1.pth.tar
0:04:27.762439 - TCO_input tensor([[[ 1.0000,  0.0000,  0.0000, -0.0191],
         [ 0.0000,  1.0000,  0.0000,  0.0077],
         [ 0.0000,  0.0000,  1.0000,  0.3002],
         [ 0.0000,  0.0000,  0.0000,  1.0000]]], device='cuda:0')
0:04:27.763419 - vxvyvz tensor([[ 3.9867, -1.5977,  0.6108]], device='cuda:0',
       grad_fn=<SliceBackward0>)
0:04:27.764400 - dR tensor([[[-0.7907,  0.4509,  0.4140],
         [-0.5676, -0.7934, -0.2200],
         [ 0.2293, -0.4089,  0.8833]]], device='cuda:0',
       grad_fn=<StackBackward0>)
0:04:27.765301 - fxfy tensor([[1819.0670, 1819.0669]], device='cuda:0')
0:04:27.767753 - TCO_gt tensor([[[-0.7893,  0.4511,  0.4165, -0.0100],
         [-0.5688, -0.7927, -0.2192,  0.0062],
         [ 0.2313, -0.4099,  0.8823,  0.1920],
         [ 0.0000,  0.0000,  0.0000,  1.0000]]], device='cuda:0')
0:04:27.768657 - TCO pred_orn tensor([[[-0.7907,  0.4509,  0.4140, -0.0100],
         [-0.5676, -0.7934, -0.2200,  0.0062],
         [ 0.2293, -0.4089,  0.8833,  0.1920],
         [ 0.0000,  0.0000,  0.0000,  1.0000]]], device='cuda:0',
       grad_fn=<CopySlices>)
0:04:27.769584 - TCO pred_xy tensor([[[-0.7893,  0.4511,  0.4165, -0.0118],
         [-0.5688, -0.7927, -0.2192,  0.0047],
         [ 0.2313, -0.4099,  0.8823,  0.1920],
         [ 0.0000,  0.0000,  0.0000,  1.0000]]], device='cuda:0',
       grad_fn=<CopySlices>)
0:04:27.770468 - TCO pred_z tensor([[[-0.7893,  0.4511,  0.4165, -0.0100],
         [-0.5688, -0.7927, -0.2192,  0.0062],
         [ 0.2313, -0.4099,  0.8823,  0.1834],
         [ 0.0000,  0.0000,  0.0000,  1.0000]]], device='cuda:0',
       grad_fn=<CopySlices>)
0:04:27.771110 - loss orn tensor([1.1434e-05], device='cuda:0', grad_fn=<MinBackward0>)
0:04:27.771771 - loss xy tensor([0.0011], device='cuda:0', grad_fn=<MinBackward0>)
0:04:27.772395 - loss z tensor([0.0029], device='cuda:0', grad_fn=<MinBackward0>)
  0%|                                       | 0/1 [00:00<?, ?it/s, loss=0.00397]100%|███████████████████████████████| 1/1 [00:00<00:00,  4.48it/s, loss=0.00397]100%|███████████████████████████████| 1/1 [00:00<00:00,  4.47it/s, loss=0.00397]
0:04:27.540515 - saving /home/ubuntu/synthetic_pose_estimation/cosypose/local_data/experiments/bracket_assembly_debug_nut_nosym_coarse_noaug--938962 507
  0%|                                                     | 0/1 [00:00<?, ?it/s]0:04:27.955708 - iteration 0
0:04:27.999031 - outputs, {'pose': tensor([[-1.0079, -0.7340,  0.2943,  0.5629, -0.6294, -0.4217,  3.9949, -1.6067,
          0.6184]], device='cuda:0', grad_fn=<AddmmBackward0>)}
0:04:28.000568 - model_outputs {'pose': tensor([[-1.0079, -0.7340,  0.2943,  0.5629, -0.6294, -0.4217,  3.9949, -1.6067,
          0.6184]], device='cuda:0', grad_fn=<AddmmBackward0>)}
0:04:28.001361 - K crop tensor([[[1.5713e+03, 0.0000e+00, 2.6118e+02],
         [0.0000e+00, 1.5713e+03, 7.1598e+01],
         [0.0000e+00, 0.0000e+00, 1.0000e+00]]], device='cuda:0')
0:04:28.002218 - TCO_input tensor([[[ 1.0000,  0.0000,  0.0000, -0.0169],
         [ 0.0000,  1.0000,  0.0000,  0.0079],
         [ 0.0000,  0.0000,  1.0000,  0.2606],
         [ 0.0000,  0.0000,  0.0000,  1.0000]]], device='cuda:0')
0:04:28.003122 - model tco output tensor([[[-0.7867,  0.4554,  0.4168, -0.0100],
         [-0.5729, -0.7899, -0.2185,  0.0047],
         [ 0.2297, -0.4107,  0.8824,  0.1612],
         [ 0.0000,  0.0000,  0.0000,  1.0000]]], device='cuda:0',
       grad_fn=<CopySlices>)
0:04:28.042451 - Wrote debug data: /home/ubuntu/synthetic_pose_estimation/cosypose/local_data/debug_data/debug_iter=1.pth.tar
0:04:28.257638 - TCO_input tensor([[[ 1.0000,  0.0000,  0.0000, -0.0169],
         [ 0.0000,  1.0000,  0.0000,  0.0079],
         [ 0.0000,  0.0000,  1.0000,  0.2606],
         [ 0.0000,  0.0000,  0.0000,  1.0000]]], device='cuda:0')
0:04:28.258598 - vxvyvz tensor([[ 3.9949, -1.6067,  0.6184]], device='cuda:0',
       grad_fn=<SliceBackward0>)
0:04:28.259600 - dR tensor([[[-0.7867,  0.4554,  0.4168],
         [-0.5729, -0.7899, -0.2185],
         [ 0.2297, -0.4107,  0.8824]]], device='cuda:0',
       grad_fn=<StackBackward0>)
0:04:28.260510 - fxfy tensor([[1571.3333, 1571.3330]], device='cuda:0')
0:04:28.263028 - TCO_gt tensor([[[-0.7893,  0.4511,  0.4165, -0.0100],
         [-0.5688, -0.7927, -0.2192,  0.0062],
         [ 0.2313, -0.4099,  0.8823,  0.1920],
         [ 0.0000,  0.0000,  0.0000,  1.0000]]], device='cuda:0')
0:04:28.263936 - TCO pred_orn tensor([[[-0.7867,  0.4554,  0.4168, -0.0100],
         [-0.5729, -0.7899, -0.2185,  0.0062],
         [ 0.2297, -0.4107,  0.8824,  0.1920],
         [ 0.0000,  0.0000,  0.0000,  1.0000]]], device='cuda:0',
       grad_fn=<CopySlices>)
0:04:28.264855 - TCO pred_xy tensor([[[-0.7893,  0.4511,  0.4165, -0.0119],
         [-0.5688, -0.7927, -0.2192,  0.0057],
         [ 0.2313, -0.4099,  0.8823,  0.1920],
         [ 0.0000,  0.0000,  0.0000,  1.0000]]], device='cuda:0',
       grad_fn=<CopySlices>)
0:04:28.265802 - TCO pred_z tensor([[[-0.7893,  0.4511,  0.4165, -0.0100],
         [-0.5688, -0.7927, -0.2192,  0.0062],
         [ 0.2313, -0.4099,  0.8823,  0.1612],
         [ 0.0000,  0.0000,  0.0000,  1.0000]]], device='cuda:0',
       grad_fn=<CopySlices>)
0:04:28.266422 - loss orn tensor([2.3042e-05], device='cuda:0', grad_fn=<MinBackward0>)
0:04:28.267022 - loss xy tensor([0.0008], device='cuda:0', grad_fn=<MinBackward0>)
0:04:28.267621 - loss z tensor([0.0103], device='cuda:0', grad_fn=<MinBackward0>)
  0%|                                        | 0/1 [00:00<?, ?it/s, loss=0.0111]100%|████████████████████████████████| 1/1 [00:00<00:00,  4.57it/s, loss=0.0111]100%|████████████████████████████████| 1/1 [00:00<00:00,  4.56it/s, loss=0.0111]
0:04:28.023048 - saving /home/ubuntu/synthetic_pose_estimation/cosypose/local_data/experiments/bracket_assembly_debug_nut_nosym_coarse_noaug--938962 508
  0%|                                                     | 0/1 [00:00<?, ?it/s]0:04:28.438040 - iteration 0
0:04:28.481319 - outputs, {'pose': tensor([[-1.0142, -0.7342,  0.2963,  0.5650, -0.6312, -0.4192,  4.0013, -1.6117,
          0.6291]], device='cuda:0', grad_fn=<AddmmBackward0>)}
0:04:28.482852 - model_outputs {'pose': tensor([[-1.0142, -0.7342,  0.2963,  0.5650, -0.6312, -0.4192,  4.0013, -1.6117,
          0.6291]], device='cuda:0', grad_fn=<AddmmBackward0>)}
0:04:28.483611 - K crop tensor([[[1.9125e+03, 0.0000e+00, 2.3485e+02],
         [0.0000e+00, 1.9125e+03, 7.3888e+01],
         [0.0000e+00, 0.0000e+00, 1.0000e+00]]], device='cuda:0')
0:04:28.484444 - TCO_input tensor([[[ 1.0000,  0.0000,  0.0000, -0.0124],
         [ 0.0000,  1.0000,  0.0000,  0.0075],
         [ 0.0000,  0.0000,  1.0000,  0.3151],
         [ 0.0000,  0.0000,  0.0000,  1.0000]]], device='cuda:0')
0:04:28.485344 - model tco output tensor([[[-0.7883,  0.4547,  0.4146, -0.0074],
         [-0.5706, -0.7923, -0.2159,  0.0046],
         [ 0.2303, -0.4068,  0.8840,  0.1983],
         [ 0.0000,  0.0000,  0.0000,  1.0000]]], device='cuda:0',
       grad_fn=<CopySlices>)
0:04:28.524356 - Wrote debug data: /home/ubuntu/synthetic_pose_estimation/cosypose/local_data/debug_data/debug_iter=1.pth.tar
0:04:28.736320 - TCO_input tensor([[[ 1.0000,  0.0000,  0.0000, -0.0124],
         [ 0.0000,  1.0000,  0.0000,  0.0075],
         [ 0.0000,  0.0000,  1.0000,  0.3151],
         [ 0.0000,  0.0000,  0.0000,  1.0000]]], device='cuda:0')
0:04:28.737275 - vxvyvz tensor([[ 4.0013, -1.6117,  0.6291]], device='cuda:0',
       grad_fn=<SliceBackward0>)
0:04:28.738240 - dR tensor([[[-0.7883,  0.4547,  0.4146],
         [-0.5706, -0.7923, -0.2159],
         [ 0.2303, -0.4068,  0.8840]]], device='cuda:0',
       grad_fn=<StackBackward0>)
0:04:28.739104 - fxfy tensor([[1912.5248, 1912.5251]], device='cuda:0')
0:04:28.741580 - TCO_gt tensor([[[-0.7893,  0.4511,  0.4165, -0.0100],
         [-0.5688, -0.7927, -0.2192,  0.0062],
         [ 0.2313, -0.4099,  0.8823,  0.1920],
         [ 0.0000,  0.0000,  0.0000,  1.0000]]], device='cuda:0')
0:04:28.742486 - TCO pred_orn tensor([[[-0.7883,  0.4547,  0.4146, -0.0100],
         [-0.5706, -0.7923, -0.2159,  0.0062],
         [ 0.2303, -0.4068,  0.8840,  0.1920],
         [ 0.0000,  0.0000,  0.0000,  1.0000]]], device='cuda:0',
       grad_fn=<CopySlices>)
0:04:28.743394 - TCO pred_xy tensor([[[-0.7893,  0.4511,  0.4165, -0.0072],
         [-0.5688, -0.7927, -0.2192,  0.0044],
         [ 0.2313, -0.4099,  0.8823,  0.1920],
         [ 0.0000,  0.0000,  0.0000,  1.0000]]], device='cuda:0',
       grad_fn=<CopySlices>)
0:04:28.744284 - TCO pred_z tensor([[[-0.7893,  0.4511,  0.4165, -0.0100],
         [-0.5688, -0.7927, -0.2192,  0.0062],
         [ 0.2313, -0.4099,  0.8823,  0.1983],
         [ 0.0000,  0.0000,  0.0000,  1.0000]]], device='cuda:0',
       grad_fn=<CopySlices>)
0:04:28.744926 - loss orn tensor([1.9631e-05], device='cuda:0', grad_fn=<MinBackward0>)
0:04:28.745569 - loss xy tensor([0.0015], device='cuda:0', grad_fn=<MinBackward0>)
0:04:28.746194 - loss z tensor([0.0021], device='cuda:0', grad_fn=<MinBackward0>)
  0%|                                       | 0/1 [00:00<?, ?it/s, loss=0.00365]100%|███████████████████████████████| 1/1 [00:00<00:00,  4.66it/s, loss=0.00365]100%|███████████████████████████████| 1/1 [00:00<00:00,  4.65it/s, loss=0.00365]
0:04:28.499345 - saving /home/ubuntu/synthetic_pose_estimation/cosypose/local_data/experiments/bracket_assembly_debug_nut_nosym_coarse_noaug--938962 509
  0%|                                                     | 0/1 [00:00<?, ?it/s]0:04:28.914342 - iteration 0
0:04:28.957737 - outputs, {'pose': tensor([[-1.0137, -0.7298,  0.2964,  0.5637, -0.6326, -0.4238,  4.0316, -1.6193,
          0.6569]], device='cuda:0', grad_fn=<AddmmBackward0>)}
0:04:28.959296 - model_outputs {'pose': tensor([[-1.0137, -0.7298,  0.2964,  0.5637, -0.6326, -0.4238,  4.0316, -1.6193,
          0.6569]], device='cuda:0', grad_fn=<AddmmBackward0>)}
0:04:28.960061 - K crop tensor([[[1.3654e+03, 0.0000e+00, 2.7048e+02],
         [0.0000e+00, 1.3654e+03, 2.9879e+01],
         [0.0000e+00, 0.0000e+00, 1.0000e+00]]], device='cuda:0')
0:04:28.960917 - TCO_input tensor([[[ 1.0000,  0.0000,  0.0000, -0.0187],
         [ 0.0000,  1.0000,  0.0000,  0.0151],
         [ 0.0000,  0.0000,  1.0000,  0.2304],
         [ 0.0000,  0.0000,  0.0000,  1.0000]]], device='cuda:0')
0:04:28.962159 - model tco output tensor([[[-0.7896,  0.4507,  0.4164, -0.0119],
         [-0.5685, -0.7927, -0.2200,  0.0098],
         [ 0.2309, -0.4104,  0.8822,  0.1513],
         [ 0.0000,  0.0000,  0.0000,  1.0000]]], device='cuda:0',
       grad_fn=<CopySlices>)
0:04:29.005609 - Wrote debug data: /home/ubuntu/synthetic_pose_estimation/cosypose/local_data/debug_data/debug_iter=1.pth.tar
0:04:29.218349 - TCO_input tensor([[[ 1.0000,  0.0000,  0.0000, -0.0187],
         [ 0.0000,  1.0000,  0.0000,  0.0151],
         [ 0.0000,  0.0000,  1.0000,  0.2304],
         [ 0.0000,  0.0000,  0.0000,  1.0000]]], device='cuda:0')
0:04:29.219319 - vxvyvz tensor([[ 4.0316, -1.6193,  0.6569]], device='cuda:0',
       grad_fn=<SliceBackward0>)
0:04:29.220300 - dR tensor([[[-0.7896,  0.4507,  0.4164],
         [-0.5685, -0.7927, -0.2200],
         [ 0.2309, -0.4104,  0.8822]]], device='cuda:0',
       grad_fn=<StackBackward0>)
0:04:29.221166 - fxfy tensor([[1365.4335, 1365.4335]], device='cuda:0')
0:04:29.223668 - TCO_gt tensor([[[-0.7893,  0.4511,  0.4165, -0.0100],
         [-0.5688, -0.7927, -0.2192,  0.0062],
         [ 0.2313, -0.4099,  0.8823,  0.1920],
         [ 0.0000,  0.0000,  0.0000,  1.0000]]], device='cuda:0')
0:04:29.224581 - TCO pred_orn tensor([[[-0.7896,  0.4507,  0.4164, -0.0100],
         [-0.5685, -0.7927, -0.2200,  0.0062],
         [ 0.2309, -0.4104,  0.8822,  0.1920],
         [ 0.0000,  0.0000,  0.0000,  1.0000]]], device='cuda:0',
       grad_fn=<CopySlices>)
0:04:29.225517 - TCO pred_xy tensor([[[-0.7893,  0.4511,  0.4165, -0.0150],
         [-0.5688, -0.7927, -0.2192,  0.0124],
         [ 0.2313, -0.4099,  0.8823,  0.1920],
         [ 0.0000,  0.0000,  0.0000,  1.0000]]], device='cuda:0',
       grad_fn=<CopySlices>)
0:04:29.226413 - TCO pred_z tensor([[[-0.7893,  0.4511,  0.4165, -0.0100],
         [-0.5688, -0.7927, -0.2192,  0.0062],
         [ 0.2313, -0.4099,  0.8823,  0.1513],
         [ 0.0000,  0.0000,  0.0000,  1.0000]]], device='cuda:0',
       grad_fn=<CopySlices>)
0:04:29.227049 - loss orn tensor([3.6773e-06], device='cuda:0', grad_fn=<MinBackward0>)
0:04:29.227675 - loss xy tensor([0.0037], device='cuda:0', grad_fn=<MinBackward0>)
0:04:29.228290 - loss z tensor([0.0135], device='cuda:0', grad_fn=<MinBackward0>)
  0%|                                        | 0/1 [00:00<?, ?it/s, loss=0.0173]100%|████████████████████████████████| 1/1 [00:00<00:00,  4.44it/s, loss=0.0173]100%|████████████████████████████████| 1/1 [00:00<00:00,  4.43it/s, loss=0.0173]
  0%|                                                     | 0/1 [00:00<?, ?it/s]0:04:29.139667 - iteration 0
0:04:29.177116 - outputs, {'pose': tensor([[-0.7115, -0.4993,  0.3089,  0.5805, -0.3895, -0.1999,  2.3843, -1.3053,
          0.7110]], device='cuda:0')}
0:04:29.178617 - model_outputs {'pose': tensor([[-0.7115, -0.4993,  0.3089,  0.5805, -0.3895, -0.1999,  2.3843, -1.3053,
          0.7110]], device='cuda:0')}
0:04:29.179376 - K crop tensor([[[1.7620e+03, 0.0000e+00, 2.3341e+02],
         [0.0000e+00, 1.7620e+03, 1.0531e+02],
         [0.0000e+00, 0.0000e+00, 1.0000e+00]]], device='cuda:0')
0:04:29.180217 - TCO_input tensor([[[ 1.0000,  0.0000,  0.0000, -0.0121],
         [ 0.0000,  1.0000,  0.0000,  0.0023],
         [ 0.0000,  0.0000,  1.0000,  0.2889],
         [ 0.0000,  0.0000,  0.0000,  1.0000]]], device='cuda:0')
0:04:29.181130 - model tco output tensor([[[-0.7713,  0.5240,  0.3612, -0.0083],
         [-0.5412, -0.8387,  0.0609,  0.0015],
         [ 0.3349, -0.1485,  0.9305,  0.2054],
         [ 0.0000,  0.0000,  0.0000,  1.0000]]], device='cuda:0')
0:04:29.220159 - Wrote debug data: /home/ubuntu/synthetic_pose_estimation/cosypose/local_data/debug_data/debug_iter=1.pth.tar
0:04:29.433490 - TCO_input tensor([[[ 1.0000,  0.0000,  0.0000, -0.0121],
         [ 0.0000,  1.0000,  0.0000,  0.0023],
         [ 0.0000,  0.0000,  1.0000,  0.2889],
         [ 0.0000,  0.0000,  0.0000,  1.0000]]], device='cuda:0')
0:04:29.434407 - vxvyvz tensor([[ 2.3843, -1.3053,  0.7110]], device='cuda:0')
0:04:29.435366 - dR tensor([[[-0.7713,  0.5240,  0.3612],
         [-0.5412, -0.8387,  0.0609],
         [ 0.3349, -0.1485,  0.9305]]], device='cuda:0')
0:04:29.436225 - fxfy tensor([[1761.9802, 1761.9807]], device='cuda:0')
0:04:29.438556 - TCO_gt tensor([[[-0.7893,  0.4511,  0.4165, -0.0100],
         [-0.5688, -0.7927, -0.2192,  0.0062],
         [ 0.2313, -0.4099,  0.8823,  0.1920],
         [ 0.0000,  0.0000,  0.0000,  1.0000]]], device='cuda:0')
0:04:29.439455 - TCO pred_orn tensor([[[-0.7713,  0.5240,  0.3612, -0.0100],
         [-0.5412, -0.8387,  0.0609,  0.0062],
         [ 0.3349, -0.1485,  0.9305,  0.1920],
         [ 0.0000,  0.0000,  0.0000,  1.0000]]], device='cuda:0')
0:04:29.440348 - TCO pred_xy tensor([[[-0.7893,  0.4511,  0.4165, -0.0078],
         [-0.5688, -0.7927, -0.2192,  0.0014],
         [ 0.2313, -0.4099,  0.8823,  0.1920],
         [ 0.0000,  0.0000,  0.0000,  1.0000]]], device='cuda:0')
0:04:29.441281 - TCO pred_z tensor([[[-0.7893,  0.4511,  0.4165, -0.0100],
         [-0.5688, -0.7927, -0.2192,  0.0062],
         [ 0.2313, -0.4099,  0.8823,  0.2054],
         [ 0.0000,  0.0000,  0.0000,  1.0000]]], device='cuda:0')
0:04:29.441908 - loss orn tensor([0.0011], device='cuda:0')
0:04:29.442524 - loss xy tensor([0.0023], device='cuda:0')
0:04:29.443144 - loss z tensor([0.0045], device='cuda:0')
100%|█████████████████████████████████████████████| 1/1 [00:00<00:00,  8.17it/s]100%|█████████████████████████████████████████████| 1/1 [00:00<00:00,  8.15it/s]
0:04:29.121635 - saving /home/ubuntu/synthetic_pose_estimation/cosypose/local_data/experiments/bracket_assembly_debug_nut_nosym_coarse_noaug--938962 510
  0%|                                                     | 0/1 [00:00<?, ?it/s]0:04:29.533452 - iteration 0
0:04:29.577341 - outputs, {'pose': tensor([[-1.0065, -0.7288,  0.2995,  0.5688, -0.6322, -0.4242,  3.9908, -1.6042,
          0.6313]], device='cuda:0', grad_fn=<AddmmBackward0>)}
0:04:29.579002 - model_outputs {'pose': tensor([[-1.0065, -0.7288,  0.2995,  0.5688, -0.6322, -0.4242,  3.9908, -1.6042,
          0.6313]], device='cuda:0', grad_fn=<AddmmBackward0>)}
0:04:29.579794 - K crop tensor([[[1.7942e+03, 0.0000e+00, 2.0821e+02],
         [0.0000e+00, 1.7942e+03, 3.4535e+01],
         [0.0000e+00, 0.0000e+00, 1.0000e+00]]], device='cuda:0')
0:04:29.580630 - TCO_input tensor([[[ 1.0000,  0.0000,  0.0000, -0.0081],
         [ 0.0000,  1.0000,  0.0000,  0.0141],
         [ 0.0000,  0.0000,  1.0000,  0.2988],
         [ 0.0000,  0.0000,  0.0000,  1.0000]]], device='cuda:0')
0:04:29.581550 - model tco output tensor([[[-0.7874,  0.4526,  0.4185, -0.0047],
         [-0.5702, -0.7928, -0.2155,  0.0088],
         [ 0.2343, -0.4083,  0.8823,  0.1886],
         [ 0.0000,  0.0000,  0.0000,  1.0000]]], device='cuda:0',
       grad_fn=<CopySlices>)
0:04:29.621759 - Wrote debug data: /home/ubuntu/synthetic_pose_estimation/cosypose/local_data/debug_data/debug_iter=1.pth.tar
0:04:29.834741 - TCO_input tensor([[[ 1.0000,  0.0000,  0.0000, -0.0081],
         [ 0.0000,  1.0000,  0.0000,  0.0141],
         [ 0.0000,  0.0000,  1.0000,  0.2988],
         [ 0.0000,  0.0000,  0.0000,  1.0000]]], device='cuda:0')
0:04:29.835714 - vxvyvz tensor([[ 3.9908, -1.6042,  0.6313]], device='cuda:0',
       grad_fn=<SliceBackward0>)
0:04:29.836677 - dR tensor([[[-0.7874,  0.4526,  0.4185],
         [-0.5702, -0.7928, -0.2155],
         [ 0.2343, -0.4083,  0.8823]]], device='cuda:0',
       grad_fn=<StackBackward0>)
0:04:29.837570 - fxfy tensor([[1794.2045, 1794.2045]], device='cuda:0')
0:04:29.840066 - TCO_gt tensor([[[-0.7893,  0.4511,  0.4165, -0.0100],
         [-0.5688, -0.7927, -0.2192,  0.0062],
         [ 0.2313, -0.4099,  0.8823,  0.1920],
         [ 0.0000,  0.0000,  0.0000,  1.0000]]], device='cuda:0')
0:04:29.840972 - TCO pred_orn tensor([[[-0.7874,  0.4526,  0.4185, -0.0100],
         [-0.5702, -0.7928, -0.2155,  0.0062],
         [ 0.2343, -0.4083,  0.8823,  0.1920],
         [ 0.0000,  0.0000,  0.0000,  1.0000]]], device='cuda:0',
       grad_fn=<CopySlices>)
0:04:29.841902 - TCO pred_xy tensor([[[-0.7893,  0.4511,  0.4165, -0.0048],
         [-0.5688, -0.7927, -0.2192,  0.0089],
         [ 0.2313, -0.4099,  0.8823,  0.1920],
         [ 0.0000,  0.0000,  0.0000,  1.0000]]], device='cuda:0',
       grad_fn=<CopySlices>)
0:04:29.842805 - TCO pred_z tensor([[[-0.7893,  0.4511,  0.4165, -0.0100],
         [-0.5688, -0.7927, -0.2192,  0.0062],
         [ 0.2313, -0.4099,  0.8823,  0.1886],
         [ 0.0000,  0.0000,  0.0000,  1.0000]]], device='cuda:0',
       grad_fn=<CopySlices>)
0:04:29.843434 - loss orn tensor([1.7313e-05], device='cuda:0', grad_fn=<MinBackward0>)
0:04:29.844049 - loss xy tensor([0.0027], device='cuda:0', grad_fn=<MinBackward0>)
0:04:29.844680 - loss z tensor([0.0011], device='cuda:0', grad_fn=<MinBackward0>)
  0%|                                       | 0/1 [00:00<?, ?it/s, loss=0.00379]100%|███████████████████████████████| 1/1 [00:00<00:00,  4.66it/s, loss=0.00379]100%|███████████████████████████████| 1/1 [00:00<00:00,  4.65it/s, loss=0.00379]
0:04:29.609455 - saving /home/ubuntu/synthetic_pose_estimation/cosypose/local_data/experiments/bracket_assembly_debug_nut_nosym_coarse_noaug--938962 511
  0%|                                                     | 0/1 [00:00<?, ?it/s]0:04:30.024629 - iteration 0
0:04:30.068471 - outputs, {'pose': tensor([[-1.0052, -0.7274,  0.3009,  0.5657, -0.6347, -0.4094,  3.9915, -1.6040,
          0.6347]], device='cuda:0', grad_fn=<AddmmBackward0>)}
0:04:30.070051 - model_outputs {'pose': tensor([[-1.0052, -0.7274,  0.3009,  0.5657, -0.6347, -0.4094,  3.9915, -1.6040,
          0.6347]], device='cuda:0', grad_fn=<AddmmBackward0>)}
0:04:30.070828 - K crop tensor([[[1.8785e+03, 0.0000e+00, 2.4900e+02],
         [0.0000e+00, 1.8785e+03, 7.6819e+01],
         [0.0000e+00, 0.0000e+00, 1.0000e+00]]], device='cuda:0')
0:04:30.071678 - TCO_input tensor([[[ 1.0000,  0.0000,  0.0000, -0.0147],
         [ 0.0000,  1.0000,  0.0000,  0.0070],
         [ 0.0000,  0.0000,  1.0000,  0.3095],
         [ 0.0000,  0.0000,  0.0000,  1.0000]]], device='cuda:0')
0:04:30.073207 - model tco output tensor([[[-0.7873,  0.4576,  0.4133, -0.0089],
         [-0.5698, -0.7961, -0.2040,  0.0043],
         [ 0.2356, -0.3961,  0.8875,  0.1964],
         [ 0.0000,  0.0000,  0.0000,  1.0000]]], device='cuda:0',
       grad_fn=<CopySlices>)
0:04:30.111547 - Wrote debug data: /home/ubuntu/synthetic_pose_estimation/cosypose/local_data/debug_data/debug_iter=1.pth.tar
0:04:30.326269 - TCO_input tensor([[[ 1.0000,  0.0000,  0.0000, -0.0147],
         [ 0.0000,  1.0000,  0.0000,  0.0070],
         [ 0.0000,  0.0000,  1.0000,  0.3095],
         [ 0.0000,  0.0000,  0.0000,  1.0000]]], device='cuda:0')
0:04:30.327209 - vxvyvz tensor([[ 3.9915, -1.6040,  0.6347]], device='cuda:0',
       grad_fn=<SliceBackward0>)
0:04:30.328192 - dR tensor([[[-0.7873,  0.4576,  0.4133],
         [-0.5698, -0.7961, -0.2040],
         [ 0.2356, -0.3961,  0.8875]]], device='cuda:0',
       grad_fn=<StackBackward0>)
0:04:30.329063 - fxfy tensor([[1878.4875, 1878.4877]], device='cuda:0')
0:04:30.331522 - TCO_gt tensor([[[-0.7893,  0.4511,  0.4165, -0.0100],
         [-0.5688, -0.7927, -0.2192,  0.0062],
         [ 0.2313, -0.4099,  0.8823,  0.1920],
         [ 0.0000,  0.0000,  0.0000,  1.0000]]], device='cuda:0')
0:04:30.332432 - TCO pred_orn tensor([[[-0.7873,  0.4576,  0.4133, -0.0100],
         [-0.5698, -0.7961, -0.2040,  0.0062],
         [ 0.2356, -0.3961,  0.8875,  0.1920],
         [ 0.0000,  0.0000,  0.0000,  1.0000]]], device='cuda:0',
       grad_fn=<CopySlices>)
0:04:30.333389 - TCO pred_xy tensor([[[-0.7893,  0.4511,  0.4165, -0.0087],
         [-0.5688, -0.7927, -0.2192,  0.0042],
         [ 0.2313, -0.4099,  0.8823,  0.1920],
         [ 0.0000,  0.0000,  0.0000,  1.0000]]], device='cuda:0',
       grad_fn=<CopySlices>)
0:04:30.334273 - TCO pred_z tensor([[[-0.7893,  0.4511,  0.4165, -0.0100],
         [-0.5688, -0.7927, -0.2192,  0.0062],
         [ 0.2313, -0.4099,  0.8823,  0.1964],
         [ 0.0000,  0.0000,  0.0000,  1.0000]]], device='cuda:0',
       grad_fn=<CopySlices>)
0:04:30.334915 - loss orn tensor([6.3673e-05], device='cuda:0', grad_fn=<MinBackward0>)
0:04:30.335546 - loss xy tensor([0.0011], device='cuda:0', grad_fn=<MinBackward0>)
0:04:30.336163 - loss z tensor([0.0015], device='cuda:0', grad_fn=<MinBackward0>)
  0%|                                       | 0/1 [00:00<?, ?it/s, loss=0.00263]100%|███████████████████████████████| 1/1 [00:00<00:00,  4.58it/s, loss=0.00263]100%|███████████████████████████████| 1/1 [00:00<00:00,  4.57it/s, loss=0.00263]
0:04:30.090875 - saving /home/ubuntu/synthetic_pose_estimation/cosypose/local_data/experiments/bracket_assembly_debug_nut_nosym_coarse_noaug--938962 512
  0%|                                                     | 0/1 [00:00<?, ?it/s]0:04:30.506274 - iteration 0
0:04:30.550327 - outputs, {'pose': tensor([[-1.0087, -0.7310,  0.2999,  0.5670, -0.6304, -0.4156,  3.9954, -1.6010,
          0.6388]], device='cuda:0', grad_fn=<AddmmBackward0>)}
0:04:30.551988 - model_outputs {'pose': tensor([[-1.0087, -0.7310,  0.2999,  0.5670, -0.6304, -0.4156,  3.9954, -1.6010,
          0.6388]], device='cuda:0', grad_fn=<AddmmBackward0>)}
0:04:30.552788 - K crop tensor([[[1.7433e+03, 0.0000e+00, 3.0782e+02],
         [0.0000e+00, 1.7433e+03, 2.6424e+01],
         [0.0000e+00, 0.0000e+00, 1.0000e+00]]], device='cuda:0')
0:04:30.553677 - TCO_input tensor([[[ 1.0000,  0.0000,  0.0000, -0.0248],
         [ 0.0000,  1.0000,  0.0000,  0.0155],
         [ 0.0000,  0.0000,  1.0000,  0.2912],
         [ 0.0000,  0.0000,  0.0000,  1.0000]]], device='cuda:0')
0:04:30.555544 - model tco output tensor([[[-0.7872,  0.4559,  0.4153, -0.0154],
         [-0.5705, -0.7940, -0.2099,  0.0098],
         [ 0.2340, -0.4022,  0.8851,  0.1860],
         [ 0.0000,  0.0000,  0.0000,  1.0000]]], device='cuda:0',
       grad_fn=<CopySlices>)
0:04:30.601188 - Wrote debug data: /home/ubuntu/synthetic_pose_estimation/cosypose/local_data/debug_data/debug_iter=1.pth.tar
0:04:30.819809 - TCO_input tensor([[[ 1.0000,  0.0000,  0.0000, -0.0248],
         [ 0.0000,  1.0000,  0.0000,  0.0155],
         [ 0.0000,  0.0000,  1.0000,  0.2912],
         [ 0.0000,  0.0000,  0.0000,  1.0000]]], device='cuda:0')
0:04:30.820931 - vxvyvz tensor([[ 3.9954, -1.6010,  0.6388]], device='cuda:0',
       grad_fn=<SliceBackward0>)
0:04:30.821971 - dR tensor([[[-0.7872,  0.4559,  0.4153],
         [-0.5705, -0.7940, -0.2099],
         [ 0.2340, -0.4022,  0.8851]]], device='cuda:0',
       grad_fn=<StackBackward0>)
0:04:30.822878 - fxfy tensor([[1743.2894, 1743.2893]], device='cuda:0')
0:04:30.825475 - TCO_gt tensor([[[-0.7893,  0.4511,  0.4165, -0.0100],
         [-0.5688, -0.7927, -0.2192,  0.0062],
         [ 0.2313, -0.4099,  0.8823,  0.1920],
         [ 0.0000,  0.0000,  0.0000,  1.0000]]], device='cuda:0')
0:04:30.826391 - TCO pred_orn tensor([[[-0.7872,  0.4559,  0.4153, -0.0100],
         [-0.5705, -0.7940, -0.2099,  0.0062],
         [ 0.2340, -0.4022,  0.8851,  0.1920],
         [ 0.0000,  0.0000,  0.0000,  1.0000]]], device='cuda:0',
       grad_fn=<CopySlices>)
0:04:30.827287 - TCO pred_xy tensor([[[-0.7893,  0.4511,  0.4165, -0.0159],
         [-0.5688, -0.7927, -0.2192,  0.0101],
         [ 0.2313, -0.4099,  0.8823,  0.1920],
         [ 0.0000,  0.0000,  0.0000,  1.0000]]], device='cuda:0',
       grad_fn=<CopySlices>)
0:04:30.828163 - TCO pred_z tensor([[[-0.7893,  0.4511,  0.4165, -0.0100],
         [-0.5688, -0.7927, -0.2192,  0.0062],
         [ 0.2313, -0.4099,  0.8823,  0.1860],
         [ 0.0000,  0.0000,  0.0000,  1.0000]]], device='cuda:0',
       grad_fn=<CopySlices>)
0:04:30.828801 - loss orn tensor([3.9974e-05], device='cuda:0', grad_fn=<MinBackward0>)
0:04:30.829440 - loss xy tensor([0.0033], device='cuda:0', grad_fn=<MinBackward0>)
0:04:30.830049 - loss z tensor([0.0020], device='cuda:0', grad_fn=<MinBackward0>)
  0%|                                       | 0/1 [00:00<?, ?it/s, loss=0.00529]100%|███████████████████████████████| 1/1 [00:00<00:00,  4.34it/s, loss=0.00529]100%|███████████████████████████████| 1/1 [00:00<00:00,  4.33it/s, loss=0.00529]
0:04:30.599271 - saving /home/ubuntu/synthetic_pose_estimation/cosypose/local_data/experiments/bracket_assembly_debug_nut_nosym_coarse_noaug--938962 513
  0%|                                                     | 0/1 [00:00<?, ?it/s]0:04:31.014479 - iteration 0
0:04:31.057694 - outputs, {'pose': tensor([[-1.0054, -0.7313,  0.3042,  0.5627, -0.6322, -0.4180,  4.0035, -1.6114,
          0.6425]], device='cuda:0', grad_fn=<AddmmBackward0>)}
0:04:31.059312 - model_outputs {'pose': tensor([[-1.0054, -0.7313,  0.3042,  0.5627, -0.6322, -0.4180,  4.0035, -1.6114,
          0.6425]], device='cuda:0', grad_fn=<AddmmBackward0>)}
0:04:31.060089 - K crop tensor([[[1.8358e+03, 0.0000e+00, 2.5779e+02],
         [0.0000e+00, 1.8358e+03, 6.9291e+01],
         [0.0000e+00, 0.0000e+00, 1.0000e+00]]], device='cuda:0')
0:04:31.060931 - TCO_input tensor([[[ 1.0000,  0.0000,  0.0000, -0.0162],
         [ 0.0000,  1.0000,  0.0000,  0.0083],
         [ 0.0000,  0.0000,  1.0000,  0.3031],
         [ 0.0000,  0.0000,  0.0000,  1.0000]]], device='cuda:0')
0:04:31.062405 - model tco output tensor([[[-0.7855,  0.4546,  0.4199, -0.0100],
         [-0.5714, -0.7934, -0.2100,  0.0052],
         [ 0.2376, -0.4049,  0.8829,  0.1948],
         [ 0.0000,  0.0000,  0.0000,  1.0000]]], device='cuda:0',
       grad_fn=<CopySlices>)
0:04:31.103351 - Wrote debug data: /home/ubuntu/synthetic_pose_estimation/cosypose/local_data/debug_data/debug_iter=1.pth.tar
0:04:31.319745 - TCO_input tensor([[[ 1.0000,  0.0000,  0.0000, -0.0162],
         [ 0.0000,  1.0000,  0.0000,  0.0083],
         [ 0.0000,  0.0000,  1.0000,  0.3031],
         [ 0.0000,  0.0000,  0.0000,  1.0000]]], device='cuda:0')
0:04:31.320888 - vxvyvz tensor([[ 4.0035, -1.6114,  0.6425]], device='cuda:0',
       grad_fn=<SliceBackward0>)
0:04:31.321982 - dR tensor([[[-0.7855,  0.4546,  0.4199],
         [-0.5714, -0.7934, -0.2100],
         [ 0.2376, -0.4049,  0.8829]]], device='cuda:0',
       grad_fn=<StackBackward0>)
0:04:31.322849 - fxfy tensor([[1835.7599, 1835.7601]], device='cuda:0')
0:04:31.325416 - TCO_gt tensor([[[-0.7893,  0.4511,  0.4165, -0.0100],
         [-0.5688, -0.7927, -0.2192,  0.0062],
         [ 0.2313, -0.4099,  0.8823,  0.1920],
         [ 0.0000,  0.0000,  0.0000,  1.0000]]], device='cuda:0')
0:04:31.326334 - TCO pred_orn tensor([[[-0.7855,  0.4546,  0.4199, -0.0100],
         [-0.5714, -0.7934, -0.2100,  0.0062],
         [ 0.2376, -0.4049,  0.8829,  0.1920],
         [ 0.0000,  0.0000,  0.0000,  1.0000]]], device='cuda:0',
       grad_fn=<CopySlices>)
0:04:31.327238 - TCO pred_xy tensor([[[-0.7893,  0.4511,  0.4165, -0.0099],
         [-0.5688, -0.7927, -0.2192,  0.0051],
         [ 0.2313, -0.4099,  0.8823,  0.1920],
         [ 0.0000,  0.0000,  0.0000,  1.0000]]], device='cuda:0',
       grad_fn=<CopySlices>)
0:04:31.328122 - TCO pred_z tensor([[[-0.7893,  0.4511,  0.4165, -0.0100],
         [-0.5688, -0.7927, -0.2192,  0.0062],
         [ 0.2313, -0.4099,  0.8823,  0.1948],
         [ 0.0000,  0.0000,  0.0000,  1.0000]]], device='cuda:0',
       grad_fn=<CopySlices>)
0:04:31.328782 - loss orn tensor([4.0106e-05], device='cuda:0', grad_fn=<MinBackward0>)
0:04:31.329418 - loss xy tensor([0.0004], device='cuda:0', grad_fn=<MinBackward0>)
0:04:31.330031 - loss z tensor([0.0009], device='cuda:0', grad_fn=<MinBackward0>)
  0%|                                       | 0/1 [00:00<?, ?it/s, loss=0.00139]100%|███████████████████████████████| 1/1 [00:00<00:00,  4.47it/s, loss=0.00139]100%|███████████████████████████████| 1/1 [00:00<00:00,  4.46it/s, loss=0.00139]
0:04:31.101665 - saving /home/ubuntu/synthetic_pose_estimation/cosypose/local_data/experiments/bracket_assembly_debug_nut_nosym_coarse_noaug--938962 514
  0%|                                                     | 0/1 [00:00<?, ?it/s]0:04:31.516752 - iteration 0
0:04:31.560306 - outputs, {'pose': tensor([[-1.0115, -0.7284,  0.3034,  0.5647, -0.6310, -0.4187,  4.0128, -1.6107,
          0.6419]], device='cuda:0', grad_fn=<AddmmBackward0>)}
0:04:31.561933 - model_outputs {'pose': tensor([[-1.0115, -0.7284,  0.3034,  0.5647, -0.6310, -0.4187,  4.0128, -1.6107,
          0.6419]], device='cuda:0', grad_fn=<AddmmBackward0>)}
0:04:31.562710 - K crop tensor([[[1.6811e+03, 0.0000e+00, 2.4780e+02],
         [0.0000e+00, 1.6811e+03, 4.2393e+01],
         [0.0000e+00, 0.0000e+00, 1.0000e+00]]], device='cuda:0')
0:04:31.563560 - TCO_input tensor([[[ 1.0000,  0.0000,  0.0000, -0.0147],
         [ 0.0000,  1.0000,  0.0000,  0.0128],
         [ 0.0000,  0.0000,  1.0000,  0.2801],
         [ 0.0000,  0.0000,  0.0000,  1.0000]]], device='cuda:0')
0:04:31.565030 - model tco output tensor([[[-0.7885,  0.4514,  0.4178, -0.0090],
         [-0.5678, -0.7954, -0.2122,  0.0081],
         [ 0.2365, -0.4045,  0.8834,  0.1798],
         [ 0.0000,  0.0000,  0.0000,  1.0000]]], device='cuda:0',
       grad_fn=<CopySlices>)
0:04:31.604287 - Wrote debug data: /home/ubuntu/synthetic_pose_estimation/cosypose/local_data/debug_data/debug_iter=1.pth.tar
0:04:31.819933 - TCO_input tensor([[[ 1.0000,  0.0000,  0.0000, -0.0147],
         [ 0.0000,  1.0000,  0.0000,  0.0128],
         [ 0.0000,  0.0000,  1.0000,  0.2801],
         [ 0.0000,  0.0000,  0.0000,  1.0000]]], device='cuda:0')
0:04:31.820968 - vxvyvz tensor([[ 4.0128, -1.6107,  0.6419]], device='cuda:0',
       grad_fn=<SliceBackward0>)
0:04:31.821984 - dR tensor([[[-0.7885,  0.4514,  0.4178],
         [-0.5678, -0.7954, -0.2122],
         [ 0.2365, -0.4045,  0.8834]]], device='cuda:0',
       grad_fn=<StackBackward0>)
0:04:31.822853 - fxfy tensor([[1681.1407, 1681.1409]], device='cuda:0')
0:04:31.825456 - TCO_gt tensor([[[-0.7893,  0.4511,  0.4165, -0.0100],
         [-0.5688, -0.7927, -0.2192,  0.0062],
         [ 0.2313, -0.4099,  0.8823,  0.1920],
         [ 0.0000,  0.0000,  0.0000,  1.0000]]], device='cuda:0')
0:04:31.826377 - TCO pred_orn tensor([[[-0.7885,  0.4514,  0.4178, -0.0100],
         [-0.5678, -0.7954, -0.2122,  0.0062],
         [ 0.2365, -0.4045,  0.8834,  0.1920],
         [ 0.0000,  0.0000,  0.0000,  1.0000]]], device='cuda:0',
       grad_fn=<CopySlices>)
0:04:31.827287 - TCO pred_xy tensor([[[-0.7893,  0.4511,  0.4165, -0.0096],
         [-0.5688, -0.7927, -0.2192,  0.0086],
         [ 0.2313, -0.4099,  0.8823,  0.1920],
         [ 0.0000,  0.0000,  0.0000,  1.0000]]], device='cuda:0',
       grad_fn=<CopySlices>)
0:04:31.828175 - TCO pred_z tensor([[[-0.7893,  0.4511,  0.4165, -0.0100],
         [-0.5688, -0.7927, -0.2192,  0.0062],
         [ 0.2313, -0.4099,  0.8823,  0.1798],
         [ 0.0000,  0.0000,  0.0000,  1.0000]]], device='cuda:0',
       grad_fn=<CopySlices>)
0:04:31.828818 - loss orn tensor([2.7402e-05], device='cuda:0', grad_fn=<MinBackward0>)
0:04:31.829458 - loss xy tensor([0.0009], device='cuda:0', grad_fn=<MinBackward0>)
0:04:31.830090 - loss z tensor([0.0040], device='cuda:0', grad_fn=<MinBackward0>)
  0%|                                       | 0/1 [00:00<?, ?it/s, loss=0.00501]100%|███████████████████████████████| 1/1 [00:00<00:00,  4.53it/s, loss=0.00501]100%|███████████████████████████████| 1/1 [00:00<00:00,  4.52it/s, loss=0.00501]
0:04:31.602517 - saving /home/ubuntu/synthetic_pose_estimation/cosypose/local_data/experiments/bracket_assembly_debug_nut_nosym_coarse_noaug--938962 515
  0%|                                                     | 0/1 [00:00<?, ?it/s]0:04:32.017705 - iteration 0
0:04:32.061193 - outputs, {'pose': tensor([[-1.0132, -0.7266,  0.3059,  0.5603, -0.6314, -0.4225,  4.0129, -1.6180,
          0.6480]], device='cuda:0', grad_fn=<AddmmBackward0>)}
0:04:32.062780 - model_outputs {'pose': tensor([[-1.0132, -0.7266,  0.3059,  0.5603, -0.6314, -0.4225,  4.0129, -1.6180,
          0.6480]], device='cuda:0', grad_fn=<AddmmBackward0>)}
0:04:32.063552 - K crop tensor([[[1.7241e+03, 0.0000e+00, 2.5119e+02],
         [0.0000e+00, 1.7241e+03, 1.7347e+01],
         [0.0000e+00, 0.0000e+00, 1.0000e+00]]], device='cuda:0')
0:04:32.064415 - TCO_input tensor([[[ 1.0000,  0.0000,  0.0000, -0.0154],
         [ 0.0000,  1.0000,  0.0000,  0.0171],
         [ 0.0000,  0.0000,  1.0000,  0.2887],
         [ 0.0000,  0.0000,  0.0000,  1.0000]]], device='cuda:0')
0:04:32.065725 - model tco output tensor([[[-0.7892,  0.4472,  0.4209, -0.0095],
         [-0.5660, -0.7956, -0.2160,  0.0109],
         [ 0.2383, -0.4087,  0.8810,  0.1871],
         [ 0.0000,  0.0000,  0.0000,  1.0000]]], device='cuda:0',
       grad_fn=<CopySlices>)
0:04:32.106044 - Wrote debug data: /home/ubuntu/synthetic_pose_estimation/cosypose/local_data/debug_data/debug_iter=1.pth.tar
0:04:32.319897 - TCO_input tensor([[[ 1.0000,  0.0000,  0.0000, -0.0154],
         [ 0.0000,  1.0000,  0.0000,  0.0171],
         [ 0.0000,  0.0000,  1.0000,  0.2887],
         [ 0.0000,  0.0000,  0.0000,  1.0000]]], device='cuda:0')
0:04:32.320980 - vxvyvz tensor([[ 4.0129, -1.6180,  0.6480]], device='cuda:0',
       grad_fn=<SliceBackward0>)
0:04:32.322097 - dR tensor([[[-0.7892,  0.4472,  0.4209],
         [-0.5660, -0.7956, -0.2160],
         [ 0.2383, -0.4087,  0.8810]]], device='cuda:0',
       grad_fn=<StackBackward0>)
0:04:32.322988 - fxfy tensor([[1724.1486, 1724.1490]], device='cuda:0')
0:04:32.325516 - TCO_gt tensor([[[-0.7893,  0.4511,  0.4165, -0.0100],
         [-0.5688, -0.7927, -0.2192,  0.0062],
         [ 0.2313, -0.4099,  0.8823,  0.1920],
         [ 0.0000,  0.0000,  0.0000,  1.0000]]], device='cuda:0')
0:04:32.326436 - TCO pred_orn tensor([[[-0.7892,  0.4472,  0.4209, -0.0100],
         [-0.5660, -0.7956, -0.2160,  0.0062],
         [ 0.2383, -0.4087,  0.8810,  0.1920],
         [ 0.0000,  0.0000,  0.0000,  1.0000]]], device='cuda:0',
       grad_fn=<CopySlices>)
0:04:32.327399 - TCO pred_xy tensor([[[-0.7893,  0.4511,  0.4165, -0.0098],
         [-0.5688, -0.7927, -0.2192,  0.0112],
         [ 0.2313, -0.4099,  0.8823,  0.1920],
         [ 0.0000,  0.0000,  0.0000,  1.0000]]], device='cuda:0',
       grad_fn=<CopySlices>)
0:04:32.328316 - TCO pred_z tensor([[[-0.7893,  0.4511,  0.4165, -0.0100],
         [-0.5688, -0.7927, -0.2192,  0.0062],
         [ 0.2313, -0.4099,  0.8823,  0.1871],
         [ 0.0000,  0.0000,  0.0000,  1.0000]]], device='cuda:0',
       grad_fn=<CopySlices>)
0:04:32.329005 - loss orn tensor([3.2095e-05], device='cuda:0', grad_fn=<MinBackward0>)
0:04:32.329648 - loss xy tensor([0.0018], device='cuda:0', grad_fn=<MinBackward0>)
0:04:32.330278 - loss z tensor([0.0016], device='cuda:0', grad_fn=<MinBackward0>)
  0%|                                       | 0/1 [00:00<?, ?it/s, loss=0.00342]100%|███████████████████████████████| 1/1 [00:00<00:00,  4.37it/s, loss=0.00342]100%|███████████████████████████████| 1/1 [00:00<00:00,  4.36it/s, loss=0.00342]
0:04:32.107960 - saving /home/ubuntu/synthetic_pose_estimation/cosypose/local_data/experiments/bracket_assembly_debug_nut_nosym_coarse_noaug--938962 516
  0%|                                                     | 0/1 [00:00<?, ?it/s]0:04:32.523395 - iteration 0
0:04:32.567301 - outputs, {'pose': tensor([[-1.0137, -0.7316,  0.2943,  0.5663, -0.6329, -0.4234,  4.0254, -1.6153,
          0.6574]], device='cuda:0', grad_fn=<AddmmBackward0>)}
0:04:32.568899 - model_outputs {'pose': tensor([[-1.0137, -0.7316,  0.2943,  0.5663, -0.6329, -0.4234,  4.0254, -1.6153,
          0.6574]], device='cuda:0', grad_fn=<AddmmBackward0>)}
0:04:32.569939 - K crop tensor([[[ 1.7095e+03,  0.0000e+00,  2.9027e+02],
         [ 0.0000e+00,  1.7095e+03, -2.0967e+01],
         [ 0.0000e+00,  0.0000e+00,  1.0000e+00]]], device='cuda:0')
0:04:32.571197 - TCO_input tensor([[[ 1.0000,  0.0000,  0.0000, -0.0221],
         [ 0.0000,  1.0000,  0.0000,  0.0237],
         [ 0.0000,  0.0000,  1.0000,  0.2889],
         [ 0.0000,  0.0000,  0.0000,  1.0000]]], device='cuda:0')
0:04:32.572755 - model tco output tensor([[[-0.7893,  0.4527,  0.4149, -0.0141],
         [-0.5697, -0.7920, -0.2196,  0.0154],
         [ 0.2292, -0.4096,  0.8830,  0.1899],
         [ 0.0000,  0.0000,  0.0000,  1.0000]]], device='cuda:0',
       grad_fn=<CopySlices>)
0:04:32.615927 - Wrote debug data: /home/ubuntu/synthetic_pose_estimation/cosypose/local_data/debug_data/debug_iter=1.pth.tar
0:04:32.830050 - TCO_input tensor([[[ 1.0000,  0.0000,  0.0000, -0.0221],
         [ 0.0000,  1.0000,  0.0000,  0.0237],
         [ 0.0000,  0.0000,  1.0000,  0.2889],
         [ 0.0000,  0.0000,  0.0000,  1.0000]]], device='cuda:0')
0:04:32.831084 - vxvyvz tensor([[ 4.0254, -1.6153,  0.6574]], device='cuda:0',
       grad_fn=<SliceBackward0>)
0:04:32.832091 - dR tensor([[[-0.7893,  0.4527,  0.4149],
         [-0.5697, -0.7920, -0.2196],
         [ 0.2292, -0.4096,  0.8830]]], device='cuda:0',
       grad_fn=<StackBackward0>)
0:04:32.832953 - fxfy tensor([[1709.5132, 1709.5132]], device='cuda:0')
0:04:32.835495 - TCO_gt tensor([[[-0.7893,  0.4511,  0.4165, -0.0100],
         [-0.5688, -0.7927, -0.2192,  0.0062],
         [ 0.2313, -0.4099,  0.8823,  0.1920],
         [ 0.0000,  0.0000,  0.0000,  1.0000]]], device='cuda:0')
0:04:32.836400 - TCO pred_orn tensor([[[-0.7893,  0.4527,  0.4149, -0.0100],
         [-0.5697, -0.7920, -0.2196,  0.0062],
         [ 0.2292, -0.4096,  0.8830,  0.1920],
         [ 0.0000,  0.0000,  0.0000,  1.0000]]], device='cuda:0',
       grad_fn=<CopySlices>)
0:04:32.837314 - TCO pred_xy tensor([[[-0.7893,  0.4511,  0.4165, -0.0142],
         [-0.5688, -0.7927, -0.2192,  0.0156],
         [ 0.2313, -0.4099,  0.8823,  0.1920],
         [ 0.0000,  0.0000,  0.0000,  1.0000]]], device='cuda:0',
       grad_fn=<CopySlices>)
0:04:32.838218 - TCO pred_z tensor([[[-0.7893,  0.4511,  0.4165, -0.0100],
         [-0.5688, -0.7927, -0.2192,  0.0062],
         [ 0.2313, -0.4099,  0.8823,  0.1899],
         [ 0.0000,  0.0000,  0.0000,  1.0000]]], device='cuda:0',
       grad_fn=<CopySlices>)
0:04:32.838943 - loss orn tensor([1.0240e-05], device='cuda:0', grad_fn=<MinBackward0>)
0:04:32.839557 - loss xy tensor([0.0045], device='cuda:0', grad_fn=<MinBackward0>)
0:04:32.840170 - loss z tensor([0.0007], device='cuda:0', grad_fn=<MinBackward0>)
  0%|                                       | 0/1 [00:00<?, ?it/s, loss=0.00525]100%|███████████████████████████████| 1/1 [00:00<00:00,  4.36it/s, loss=0.00525]100%|███████████████████████████████| 1/1 [00:00<00:00,  4.35it/s, loss=0.00525]
0:04:32.607827 - saving /home/ubuntu/synthetic_pose_estimation/cosypose/local_data/experiments/bracket_assembly_debug_nut_nosym_coarse_noaug--938962 517
  0%|                                                     | 0/1 [00:00<?, ?it/s]0:04:33.022981 - iteration 0
0:04:33.066621 - outputs, {'pose': tensor([[-1.0115, -0.7222,  0.2971,  0.5627, -0.6289, -0.4207,  3.9864, -1.6049,
          0.6168]], device='cuda:0', grad_fn=<AddmmBackward0>)}
0:04:33.068219 - model_outputs {'pose': tensor([[-1.0115, -0.7222,  0.2971,  0.5627, -0.6289, -0.4207,  3.9864, -1.6049,
          0.6168]], device='cuda:0', grad_fn=<AddmmBackward0>)}
0:04:33.069000 - K crop tensor([[[1.9624e+03, 0.0000e+00, 2.5471e+02],
         [0.0000e+00, 1.9624e+03, 3.8572e+01],
         [0.0000e+00, 0.0000e+00, 1.0000e+00]]], device='cuda:0')
0:04:33.069860 - TCO_input tensor([[[ 1.0000,  0.0000,  0.0000, -0.0158],
         [ 0.0000,  1.0000,  0.0000,  0.0134],
         [ 0.0000,  0.0000,  1.0000,  0.3255],
         [ 0.0000,  0.0000,  0.0000,  1.0000]]], device='cuda:0')
0:04:33.070746 - model tco output tensor([[[-0.7916,  0.4481,  0.4155, -0.0093],
         [-0.5651, -0.7955, -0.2188,  0.0081],
         [ 0.2325, -0.4080,  0.8829,  0.2008],
         [ 0.0000,  0.0000,  0.0000,  1.0000]]], device='cuda:0',
       grad_fn=<CopySlices>)
0:04:33.109320 - Wrote debug data: /home/ubuntu/synthetic_pose_estimation/cosypose/local_data/debug_data/debug_iter=1.pth.tar
0:04:33.323564 - TCO_input tensor([[[ 1.0000,  0.0000,  0.0000, -0.0158],
         [ 0.0000,  1.0000,  0.0000,  0.0134],
         [ 0.0000,  0.0000,  1.0000,  0.3255],
         [ 0.0000,  0.0000,  0.0000,  1.0000]]], device='cuda:0')
0:04:33.324528 - vxvyvz tensor([[ 3.9864, -1.6049,  0.6168]], device='cuda:0',
       grad_fn=<SliceBackward0>)
0:04:33.325564 - dR tensor([[[-0.7916,  0.4481,  0.4155],
         [-0.5651, -0.7955, -0.2188],
         [ 0.2325, -0.4080,  0.8829]]], device='cuda:0',
       grad_fn=<StackBackward0>)
0:04:33.326453 - fxfy tensor([[1962.3575, 1962.3575]], device='cuda:0')
0:04:33.328997 - TCO_gt tensor([[[-0.7893,  0.4511,  0.4165, -0.0100],
         [-0.5688, -0.7927, -0.2192,  0.0062],
         [ 0.2313, -0.4099,  0.8823,  0.1920],
         [ 0.0000,  0.0000,  0.0000,  1.0000]]], device='cuda:0')
0:04:33.329908 - TCO pred_orn tensor([[[-0.7916,  0.4481,  0.4155, -0.0100],
         [-0.5651, -0.7955, -0.2188,  0.0062],
         [ 0.2325, -0.4080,  0.8829,  0.1920],
         [ 0.0000,  0.0000,  0.0000,  1.0000]]], device='cuda:0',
       grad_fn=<CopySlices>)
0:04:33.330820 - TCO pred_xy tensor([[[-0.7893,  0.4511,  0.4165, -0.0089],
         [-0.5688, -0.7927, -0.2192,  0.0078],
         [ 0.2313, -0.4099,  0.8823,  0.1920],
         [ 0.0000,  0.0000,  0.0000,  1.0000]]], device='cuda:0',
       grad_fn=<CopySlices>)
0:04:33.331746 - TCO pred_z tensor([[[-0.7893,  0.4511,  0.4165, -0.0100],
         [-0.5688, -0.7927, -0.2192,  0.0062],
         [ 0.2313, -0.4099,  0.8823,  0.2008],
         [ 0.0000,  0.0000,  0.0000,  1.0000]]], device='cuda:0',
       grad_fn=<CopySlices>)
0:04:33.332369 - loss orn tensor([2.1043e-05], device='cuda:0', grad_fn=<MinBackward0>)
0:04:33.332993 - loss xy tensor([0.0009], device='cuda:0', grad_fn=<MinBackward0>)
0:04:33.333623 - loss z tensor([0.0029], device='cuda:0', grad_fn=<MinBackward0>)
  0%|                                       | 0/1 [00:00<?, ?it/s, loss=0.00384]100%|███████████████████████████████| 1/1 [00:00<00:00,  4.54it/s, loss=0.00384]100%|███████████████████████████████| 1/1 [00:00<00:00,  4.53it/s, loss=0.00384]
0:04:33.101794 - saving /home/ubuntu/synthetic_pose_estimation/cosypose/local_data/experiments/bracket_assembly_debug_nut_nosym_coarse_noaug--938962 518
  0%|                                                     | 0/1 [00:00<?, ?it/s]0:04:33.516879 - iteration 0
0:04:33.560652 - outputs, {'pose': tensor([[-1.0062, -0.7219,  0.3034,  0.5598, -0.6224, -0.4263,  3.9923, -1.6105,
          0.6421]], device='cuda:0', grad_fn=<AddmmBackward0>)}
0:04:33.562345 - model_outputs {'pose': tensor([[-1.0062, -0.7219,  0.3034,  0.5598, -0.6224, -0.4263,  3.9923, -1.6105,
          0.6421]], device='cuda:0', grad_fn=<AddmmBackward0>)}
0:04:33.563135 - K crop tensor([[[1.9294e+03, 0.0000e+00, 1.9700e+02],
         [0.0000e+00, 1.9294e+03, 2.5618e+01],
         [0.0000e+00, 0.0000e+00, 1.0000e+00]]], device='cuda:0')
0:04:33.564007 - TCO_input tensor([[[ 1.0000,  0.0000,  0.0000, -0.0062],
         [ 0.0000,  1.0000,  0.0000,  0.0156],
         [ 0.0000,  0.0000,  1.0000,  0.3210],
         [ 0.0000,  0.0000,  0.0000,  1.0000]]], device='cuda:0')
0:04:33.564896 - model tco output tensor([[[-0.7892,  0.4449,  0.4234, -0.0036],
         [-0.5662, -0.7941, -0.2209,  0.0099],
         [ 0.2380, -0.4141,  0.8786,  0.2061],
         [ 0.0000,  0.0000,  0.0000,  1.0000]]], device='cuda:0',
       grad_fn=<CopySlices>)
0:04:33.602607 - Wrote debug data: /home/ubuntu/synthetic_pose_estimation/cosypose/local_data/debug_data/debug_iter=1.pth.tar
0:04:33.817780 - TCO_input tensor([[[ 1.0000,  0.0000,  0.0000, -0.0062],
         [ 0.0000,  1.0000,  0.0000,  0.0156],
         [ 0.0000,  0.0000,  1.0000,  0.3210],
         [ 0.0000,  0.0000,  0.0000,  1.0000]]], device='cuda:0')
0:04:33.818727 - vxvyvz tensor([[ 3.9923, -1.6105,  0.6421]], device='cuda:0',
       grad_fn=<SliceBackward0>)
0:04:33.819741 - dR tensor([[[-0.7892,  0.4449,  0.4234],
         [-0.5662, -0.7941, -0.2209],
         [ 0.2380, -0.4141,  0.8786]]], device='cuda:0',
       grad_fn=<StackBackward0>)
0:04:33.820597 - fxfy tensor([[1929.3997, 1929.3999]], device='cuda:0')
0:04:33.823120 - TCO_gt tensor([[[-0.7893,  0.4511,  0.4165, -0.0100],
         [-0.5688, -0.7927, -0.2192,  0.0062],
         [ 0.2313, -0.4099,  0.8823,  0.1920],
         [ 0.0000,  0.0000,  0.0000,  1.0000]]], device='cuda:0')
0:04:33.824031 - TCO pred_orn tensor([[[-0.7892,  0.4449,  0.4234, -0.0100],
         [-0.5662, -0.7941, -0.2209,  0.0062],
         [ 0.2380, -0.4141,  0.8786,  0.1920],
         [ 0.0000,  0.0000,  0.0000,  1.0000]]], device='cuda:0',
       grad_fn=<CopySlices>)
0:04:33.824948 - TCO pred_xy tensor([[[-0.7893,  0.4511,  0.4165, -0.0033],
         [-0.5688, -0.7927, -0.2192,  0.0092],
         [ 0.2313, -0.4099,  0.8823,  0.1920],
         [ 0.0000,  0.0000,  0.0000,  1.0000]]], device='cuda:0',
       grad_fn=<CopySlices>)
0:04:33.825850 - TCO pred_z tensor([[[-0.7893,  0.4511,  0.4165, -0.0100],
         [-0.5688, -0.7927, -0.2192,  0.0062],
         [ 0.2313, -0.4099,  0.8823,  0.2061],
         [ 0.0000,  0.0000,  0.0000,  1.0000]]], device='cuda:0',
       grad_fn=<CopySlices>)
0:04:33.826475 - loss orn tensor([3.6802e-05], device='cuda:0', grad_fn=<MinBackward0>)
0:04:33.827086 - loss xy tensor([0.0032], device='cuda:0', grad_fn=<MinBackward0>)
0:04:33.827694 - loss z tensor([0.0047], device='cuda:0', grad_fn=<MinBackward0>)
  0%|                                       | 0/1 [00:00<?, ?it/s, loss=0.00798]100%|███████████████████████████████| 1/1 [00:00<00:00,  4.59it/s, loss=0.00798]100%|███████████████████████████████| 1/1 [00:00<00:00,  4.59it/s, loss=0.00798]
0:04:33.582587 - saving /home/ubuntu/synthetic_pose_estimation/cosypose/local_data/experiments/bracket_assembly_debug_nut_nosym_coarse_noaug--938962 519
  0%|                                                     | 0/1 [00:00<?, ?it/s]0:04:33.997395 - iteration 0
0:04:34.040339 - outputs, {'pose': tensor([[-1.0120, -0.7219,  0.3009,  0.5672, -0.6297, -0.4220,  3.9960, -1.6146,
          0.6535]], device='cuda:0', grad_fn=<AddmmBackward0>)}
0:04:34.041877 - model_outputs {'pose': tensor([[-1.0120, -0.7219,  0.3009,  0.5672, -0.6297, -0.4220,  3.9960, -1.6146,
          0.6535]], device='cuda:0', grad_fn=<AddmmBackward0>)}
0:04:34.042624 - K crop tensor([[[1.7045e+03, 0.0000e+00, 2.7232e+02],
         [0.0000e+00, 1.7045e+03, 5.2330e+01],
         [0.0000e+00, 0.0000e+00, 1.0000e+00]]], device='cuda:0')
0:04:34.043453 - TCO_input tensor([[[ 1.0000,  0.0000,  0.0000, -0.0187],
         [ 0.0000,  1.0000,  0.0000,  0.0112],
         [ 0.0000,  0.0000,  1.0000,  0.2832],
         [ 0.0000,  0.0000,  0.0000,  1.0000]]], device='cuda:0')
0:04:34.044335 - model tco output tensor([[[-0.7913,  0.4474,  0.4168, -0.0118],
         [-0.5644, -0.7967, -0.2163,  0.0071],
         [ 0.2353, -0.4064,  0.8829,  0.1851],
         [ 0.0000,  0.0000,  0.0000,  1.0000]]], device='cuda:0',
       grad_fn=<CopySlices>)
0:04:34.082647 - Wrote debug data: /home/ubuntu/synthetic_pose_estimation/cosypose/local_data/debug_data/debug_iter=1.pth.tar
0:04:34.294501 - TCO_input tensor([[[ 1.0000,  0.0000,  0.0000, -0.0187],
         [ 0.0000,  1.0000,  0.0000,  0.0112],
         [ 0.0000,  0.0000,  1.0000,  0.2832],
         [ 0.0000,  0.0000,  0.0000,  1.0000]]], device='cuda:0')
0:04:34.295477 - vxvyvz tensor([[ 3.9960, -1.6146,  0.6535]], device='cuda:0',
       grad_fn=<SliceBackward0>)
0:04:34.296457 - dR tensor([[[-0.7913,  0.4474,  0.4168],
         [-0.5644, -0.7967, -0.2163],
         [ 0.2353, -0.4064,  0.8829]]], device='cuda:0',
       grad_fn=<StackBackward0>)
0:04:34.297350 - fxfy tensor([[1704.5331, 1704.5330]], device='cuda:0')
0:04:34.299849 - TCO_gt tensor([[[-0.7893,  0.4511,  0.4165, -0.0100],
         [-0.5688, -0.7927, -0.2192,  0.0062],
         [ 0.2313, -0.4099,  0.8823,  0.1920],
         [ 0.0000,  0.0000,  0.0000,  1.0000]]], device='cuda:0')
0:04:34.300767 - TCO pred_orn tensor([[[-0.7913,  0.4474,  0.4168, -0.0100],
         [-0.5644, -0.7967, -0.2163,  0.0062],
         [ 0.2353, -0.4064,  0.8829,  0.1920],
         [ 0.0000,  0.0000,  0.0000,  1.0000]]], device='cuda:0',
       grad_fn=<CopySlices>)
0:04:34.301696 - TCO pred_xy tensor([[[-0.7893,  0.4511,  0.4165, -0.0123],
         [-0.5688, -0.7927, -0.2192,  0.0074],
         [ 0.2313, -0.4099,  0.8823,  0.1920],
         [ 0.0000,  0.0000,  0.0000,  1.0000]]], device='cuda:0',
       grad_fn=<CopySlices>)
0:04:34.302595 - TCO pred_z tensor([[[-0.7893,  0.4511,  0.4165, -0.0100],
         [-0.5688, -0.7927, -0.2192,  0.0062],
         [ 0.2313, -0.4099,  0.8823,  0.1851],
         [ 0.0000,  0.0000,  0.0000,  1.0000]]], device='cuda:0',
       grad_fn=<CopySlices>)
0:04:34.303212 - loss orn tensor([3.0625e-05], device='cuda:0', grad_fn=<MinBackward0>)
0:04:34.303833 - loss xy tensor([0.0012], device='cuda:0', grad_fn=<MinBackward0>)
0:04:34.304428 - loss z tensor([0.0023], device='cuda:0', grad_fn=<MinBackward0>)
  0%|                                       | 0/1 [00:00<?, ?it/s, loss=0.00347]100%|███████████████████████████████| 1/1 [00:00<00:00,  4.67it/s, loss=0.00347]100%|███████████████████████████████| 1/1 [00:00<00:00,  4.66it/s, loss=0.00347]
  0%|                                                     | 0/1 [00:00<?, ?it/s]0:04:34.211554 - iteration 0
0:04:34.248255 - outputs, {'pose': tensor([[-0.7403, -0.5274,  0.3190,  0.6030, -0.3985, -0.2218,  2.5020, -1.3688,
          0.7483]], device='cuda:0')}
0:04:34.249745 - model_outputs {'pose': tensor([[-0.7403, -0.5274,  0.3190,  0.6030, -0.3985, -0.2218,  2.5020, -1.3688,
          0.7483]], device='cuda:0')}
0:04:34.250502 - K crop tensor([[[1.6418e+03, 0.0000e+00, 2.0876e+02],
         [0.0000e+00, 1.6418e+03, 5.0156e+01],
         [0.0000e+00, 0.0000e+00, 1.0000e+00]]], device='cuda:0')
0:04:34.251321 - TCO_input tensor([[[ 1.0000,  0.0000,  0.0000, -0.0082],
         [ 0.0000,  1.0000,  0.0000,  0.0115],
         [ 0.0000,  0.0000,  1.0000,  0.2733],
         [ 0.0000,  0.0000,  0.0000,  1.0000]]], device='cuda:0')
0:04:34.252182 - model tco output tensor([[[-0.7685,  0.5224,  0.3696, -0.0058],
         [-0.5475, -0.8357,  0.0427,  0.0085],
         [ 0.3311, -0.1696,  0.9282,  0.2045],
         [ 0.0000,  0.0000,  0.0000,  1.0000]]], device='cuda:0')
0:04:34.292023 - Wrote debug data: /home/ubuntu/synthetic_pose_estimation/cosypose/local_data/debug_data/debug_iter=1.pth.tar
0:04:34.503109 - TCO_input tensor([[[ 1.0000,  0.0000,  0.0000, -0.0082],
         [ 0.0000,  1.0000,  0.0000,  0.0115],
         [ 0.0000,  0.0000,  1.0000,  0.2733],
         [ 0.0000,  0.0000,  0.0000,  1.0000]]], device='cuda:0')
0:04:34.504079 - vxvyvz tensor([[ 2.5020, -1.3688,  0.7483]], device='cuda:0')
0:04:34.505063 - dR tensor([[[-0.7685,  0.5224,  0.3696],
         [-0.5475, -0.8357,  0.0427],
         [ 0.3311, -0.1696,  0.9282]]], device='cuda:0')
0:04:34.505946 - fxfy tensor([[1641.8386, 1641.8385]], device='cuda:0')
0:04:34.508231 - TCO_gt tensor([[[-0.7893,  0.4511,  0.4165, -0.0100],
         [-0.5688, -0.7927, -0.2192,  0.0062],
         [ 0.2313, -0.4099,  0.8823,  0.1920],
         [ 0.0000,  0.0000,  0.0000,  1.0000]]], device='cuda:0')
0:04:34.509151 - TCO pred_orn tensor([[[-0.7685,  0.5224,  0.3696, -0.0100],
         [-0.5475, -0.8357,  0.0427,  0.0062],
         [ 0.3311, -0.1696,  0.9282,  0.1920],
         [ 0.0000,  0.0000,  0.0000,  1.0000]]], device='cuda:0')
0:04:34.510063 - TCO pred_xy tensor([[[-0.7893,  0.4511,  0.4165, -0.0055],
         [-0.5688, -0.7927, -0.2192,  0.0079],
         [ 0.2313, -0.4099,  0.8823,  0.1920],
         [ 0.0000,  0.0000,  0.0000,  1.0000]]], device='cuda:0')
0:04:34.510966 - TCO pred_z tensor([[[-0.7893,  0.4511,  0.4165, -0.0100],
         [-0.5688, -0.7927, -0.2192,  0.0062],
         [ 0.2313, -0.4099,  0.8823,  0.2045],
         [ 0.0000,  0.0000,  0.0000,  1.0000]]], device='cuda:0')
0:04:34.511615 - loss orn tensor([0.0010], device='cuda:0')
0:04:34.512218 - loss xy tensor([0.0021], device='cuda:0')
0:04:34.515343 - loss z tensor([0.0042], device='cuda:0')
100%|█████████████████████████████████████████████| 1/1 [00:00<00:00,  8.16it/s]100%|█████████████████████████████████████████████| 1/1 [00:00<00:00,  8.14it/s]
0:04:34.200033 - saving /home/ubuntu/synthetic_pose_estimation/cosypose/local_data/experiments/bracket_assembly_debug_nut_nosym_coarse_noaug--938962 520
  0%|                                                     | 0/1 [00:00<?, ?it/s]0:04:34.611789 - iteration 0
0:04:34.654938 - outputs, {'pose': tensor([[-1.0152, -0.7237,  0.2958,  0.5577, -0.6278, -0.4293,  4.0127, -1.6189,
          0.6453]], device='cuda:0', grad_fn=<AddmmBackward0>)}
0:04:34.656442 - model_outputs {'pose': tensor([[-1.0152, -0.7237,  0.2958,  0.5577, -0.6278, -0.4293,  4.0127, -1.6189,
          0.6453]], device='cuda:0', grad_fn=<AddmmBackward0>)}
0:04:34.657205 - K crop tensor([[[1.7174e+03, 0.0000e+00, 2.3489e+02],
         [0.0000e+00, 1.7174e+03, 2.4830e+01],
         [0.0000e+00, 0.0000e+00, 1.0000e+00]]], device='cuda:0')
0:04:34.658109 - TCO_input tensor([[[ 1.0000,  0.0000,  0.0000, -0.0126],
         [ 0.0000,  1.0000,  0.0000,  0.0158],
         [ 0.0000,  0.0000,  1.0000,  0.2871],
         [ 0.0000,  0.0000,  0.0000,  1.0000]]], device='cuda:0')
0:04:34.659253 - model tco output tensor([[[-0.7923,  0.4435,  0.4191, -0.0077],
         [-0.5648, -0.7929, -0.2286,  0.0100],
         [ 0.2309, -0.4178,  0.8787,  0.1853],
         [ 0.0000,  0.0000,  0.0000,  1.0000]]], device='cuda:0',
       grad_fn=<CopySlices>)
0:04:34.708733 - Wrote debug data: /home/ubuntu/synthetic_pose_estimation/cosypose/local_data/debug_data/debug_iter=1.pth.tar
0:04:34.925031 - TCO_input tensor([[[ 1.0000,  0.0000,  0.0000, -0.0126],
         [ 0.0000,  1.0000,  0.0000,  0.0158],
         [ 0.0000,  0.0000,  1.0000,  0.2871],
         [ 0.0000,  0.0000,  0.0000,  1.0000]]], device='cuda:0')
0:04:34.926166 - vxvyvz tensor([[ 4.0127, -1.6189,  0.6453]], device='cuda:0',
       grad_fn=<SliceBackward0>)
0:04:34.927189 - dR tensor([[[-0.7923,  0.4435,  0.4191],
         [-0.5648, -0.7929, -0.2286],
         [ 0.2309, -0.4178,  0.8787]]], device='cuda:0',
       grad_fn=<StackBackward0>)
0:04:34.928060 - fxfy tensor([[1717.3848, 1717.3848]], device='cuda:0')
0:04:34.930587 - TCO_gt tensor([[[-0.7893,  0.4511,  0.4165, -0.0100],
         [-0.5688, -0.7927, -0.2192,  0.0062],
         [ 0.2313, -0.4099,  0.8823,  0.1920],
         [ 0.0000,  0.0000,  0.0000,  1.0000]]], device='cuda:0')
0:04:34.931492 - TCO pred_orn tensor([[[-0.7923,  0.4435,  0.4191, -0.0100],
         [-0.5648, -0.7929, -0.2286,  0.0062],
         [ 0.2309, -0.4178,  0.8787,  0.1920],
         [ 0.0000,  0.0000,  0.0000,  1.0000]]], device='cuda:0',
       grad_fn=<CopySlices>)
0:04:34.932383 - TCO pred_xy tensor([[[-0.7893,  0.4511,  0.4165, -0.0080],
         [-0.5688, -0.7927, -0.2192,  0.0104],
         [ 0.2313, -0.4099,  0.8823,  0.1920],
         [ 0.0000,  0.0000,  0.0000,  1.0000]]], device='cuda:0',
       grad_fn=<CopySlices>)
0:04:34.933316 - TCO pred_z tensor([[[-0.7893,  0.4511,  0.4165, -0.0100],
         [-0.5688, -0.7927, -0.2192,  0.0062],
         [ 0.2313, -0.4099,  0.8823,  0.1853],
         [ 0.0000,  0.0000,  0.0000,  1.0000]]], device='cuda:0',
       grad_fn=<CopySlices>)
0:04:34.933932 - loss orn tensor([4.6422e-05], device='cuda:0', grad_fn=<MinBackward0>)
0:04:34.934534 - loss xy tensor([0.0021], device='cuda:0', grad_fn=<MinBackward0>)
0:04:34.935136 - loss z tensor([0.0022], device='cuda:0', grad_fn=<MinBackward0>)
  0%|                                       | 0/1 [00:00<?, ?it/s, loss=0.00436]100%|███████████████████████████████| 1/1 [00:00<00:00,  4.40it/s, loss=0.00436]100%|███████████████████████████████| 1/1 [00:00<00:00,  4.39it/s, loss=0.00436]
0:04:34.721707 - saving /home/ubuntu/synthetic_pose_estimation/cosypose/local_data/experiments/bracket_assembly_debug_nut_nosym_coarse_noaug--938962 521
  0%|                                                     | 0/1 [00:00<?, ?it/s]0:04:35.136885 - iteration 0
0:04:35.180304 - outputs, {'pose': tensor([[-1.0098, -0.7281,  0.2980,  0.5613, -0.6206, -0.4238,  3.9992, -1.6196,
          0.6488]], device='cuda:0', grad_fn=<AddmmBackward0>)}
0:04:35.181995 - model_outputs {'pose': tensor([[-1.0098, -0.7281,  0.2980,  0.5613, -0.6206, -0.4238,  3.9992, -1.6196,
          0.6488]], device='cuda:0', grad_fn=<AddmmBackward0>)}
0:04:35.182848 - K crop tensor([[[1.7035e+03, 0.0000e+00, 2.8816e+02],
         [0.0000e+00, 1.7035e+03, 8.7673e+01],
         [0.0000e+00, 0.0000e+00, 1.0000e+00]]], device='cuda:0')
0:04:35.183763 - TCO_input tensor([[[ 1.0000,  0.0000,  0.0000, -0.0212],
         [ 0.0000,  1.0000,  0.0000,  0.0052],
         [ 0.0000,  0.0000,  1.0000,  0.2807],
         [ 0.0000,  0.0000,  0.0000,  1.0000]]], device='cuda:0')
0:04:35.185288 - model tco output tensor([[[-0.7888,  0.4491,  0.4196, -0.0133],
         [-0.5688, -0.7921, -0.2216,  0.0032],
         [ 0.2328, -0.4134,  0.8803,  0.1821],
         [ 0.0000,  0.0000,  0.0000,  1.0000]]], device='cuda:0',
       grad_fn=<CopySlices>)
0:04:35.223825 - Wrote debug data: /home/ubuntu/synthetic_pose_estimation/cosypose/local_data/debug_data/debug_iter=1.pth.tar
0:04:35.436914 - TCO_input tensor([[[ 1.0000,  0.0000,  0.0000, -0.0212],
         [ 0.0000,  1.0000,  0.0000,  0.0052],
         [ 0.0000,  0.0000,  1.0000,  0.2807],
         [ 0.0000,  0.0000,  0.0000,  1.0000]]], device='cuda:0')
0:04:35.437987 - vxvyvz tensor([[ 3.9992, -1.6196,  0.6488]], device='cuda:0',
       grad_fn=<SliceBackward0>)
0:04:35.439034 - dR tensor([[[-0.7888,  0.4491,  0.4196],
         [-0.5688, -0.7921, -0.2216],
         [ 0.2328, -0.4134,  0.8803]]], device='cuda:0',
       grad_fn=<StackBackward0>)
0:04:35.439980 - fxfy tensor([[1703.5015, 1703.5017]], device='cuda:0')
0:04:35.442617 - TCO_gt tensor([[[-0.7893,  0.4511,  0.4165, -0.0100],
         [-0.5688, -0.7927, -0.2192,  0.0062],
         [ 0.2313, -0.4099,  0.8823,  0.1920],
         [ 0.0000,  0.0000,  0.0000,  1.0000]]], device='cuda:0')
0:04:35.443584 - TCO pred_orn tensor([[[-0.7888,  0.4491,  0.4196, -0.0100],
         [-0.5688, -0.7921, -0.2216,  0.0062],
         [ 0.2328, -0.4134,  0.8803,  0.1920],
         [ 0.0000,  0.0000,  0.0000,  1.0000]]], device='cuda:0',
       grad_fn=<CopySlices>)
0:04:35.444549 - TCO pred_xy tensor([[[-0.7893,  0.4511,  0.4165, -0.0140],
         [-0.5688, -0.7927, -0.2192,  0.0034],
         [ 0.2313, -0.4099,  0.8823,  0.1920],
         [ 0.0000,  0.0000,  0.0000,  1.0000]]], device='cuda:0',
       grad_fn=<CopySlices>)
0:04:35.445553 - TCO pred_z tensor([[[-0.7893,  0.4511,  0.4165, -0.0100],
         [-0.5688, -0.7927, -0.2192,  0.0062],
         [ 0.2313, -0.4099,  0.8823,  0.1821],
         [ 0.0000,  0.0000,  0.0000,  1.0000]]], device='cuda:0',
       grad_fn=<CopySlices>)
0:04:35.446274 - loss orn tensor([1.6715e-05], device='cuda:0', grad_fn=<MinBackward0>)
0:04:35.446976 - loss xy tensor([0.0023], device='cuda:0', grad_fn=<MinBackward0>)
0:04:35.447661 - loss z tensor([0.0033], device='cuda:0', grad_fn=<MinBackward0>)
  0%|                                       | 0/1 [00:00<?, ?it/s, loss=0.00557]100%|███████████████████████████████| 1/1 [00:00<00:00,  4.53it/s, loss=0.00557]100%|███████████████████████████████| 1/1 [00:00<00:00,  4.52it/s, loss=0.00557]
0:04:35.230061 - saving /home/ubuntu/synthetic_pose_estimation/cosypose/local_data/experiments/bracket_assembly_debug_nut_nosym_coarse_noaug--938962 522
  0%|                                                     | 0/1 [00:00<?, ?it/s]0:04:35.645308 - iteration 0
0:04:35.688831 - outputs, {'pose': tensor([[-1.0132, -0.7289,  0.2946,  0.5659, -0.6289, -0.4266,  4.0103, -1.6229,
          0.6463]], device='cuda:0', grad_fn=<AddmmBackward0>)}
0:04:35.690499 - model_outputs {'pose': tensor([[-1.0132, -0.7289,  0.2946,  0.5659, -0.6289, -0.4266,  4.0103, -1.6229,
          0.6463]], device='cuda:0', grad_fn=<AddmmBackward0>)}
0:04:35.691355 - K crop tensor([[[1.7473e+03, 0.0000e+00, 2.3089e+02],
         [0.0000e+00, 1.7473e+03, 3.3326e+01],
         [0.0000e+00, 0.0000e+00, 1.0000e+00]]], device='cuda:0')
0:04:35.692276 - TCO_input tensor([[[ 1.0000,  0.0000,  0.0000, -0.0119],
         [ 0.0000,  1.0000,  0.0000,  0.0144],
         [ 0.0000,  0.0000,  1.0000,  0.2913],
         [ 0.0000,  0.0000,  0.0000,  1.0000]]], device='cuda:0')
0:04:35.693848 - model tco output tensor([[[-0.7901,  0.4497,  0.4166, -0.0073],
         [-0.5684, -0.7920, -0.2229,  0.0091],
         [ 0.2297, -0.4129,  0.8813,  0.1883],
         [ 0.0000,  0.0000,  0.0000,  1.0000]]], device='cuda:0',
       grad_fn=<CopySlices>)
0:04:35.734220 - Wrote debug data: /home/ubuntu/synthetic_pose_estimation/cosypose/local_data/debug_data/debug_iter=1.pth.tar
0:04:35.946180 - TCO_input tensor([[[ 1.0000,  0.0000,  0.0000, -0.0119],
         [ 0.0000,  1.0000,  0.0000,  0.0144],
         [ 0.0000,  0.0000,  1.0000,  0.2913],
         [ 0.0000,  0.0000,  0.0000,  1.0000]]], device='cuda:0')
0:04:35.947294 - vxvyvz tensor([[ 4.0103, -1.6229,  0.6463]], device='cuda:0',
       grad_fn=<SliceBackward0>)
0:04:35.948360 - dR tensor([[[-0.7901,  0.4497,  0.4166],
         [-0.5684, -0.7920, -0.2229],
         [ 0.2297, -0.4129,  0.8813]]], device='cuda:0',
       grad_fn=<StackBackward0>)
0:04:35.949377 - fxfy tensor([[1747.2581, 1747.2582]], device='cuda:0')
0:04:35.951938 - TCO_gt tensor([[[-0.7893,  0.4511,  0.4165, -0.0100],
         [-0.5688, -0.7927, -0.2192,  0.0062],
         [ 0.2313, -0.4099,  0.8823,  0.1920],
         [ 0.0000,  0.0000,  0.0000,  1.0000]]], device='cuda:0')
0:04:35.952936 - TCO pred_orn tensor([[[-0.7901,  0.4497,  0.4166, -0.0100],
         [-0.5684, -0.7920, -0.2229,  0.0062],
         [ 0.2297, -0.4129,  0.8813,  0.1920],
         [ 0.0000,  0.0000,  0.0000,  1.0000]]], device='cuda:0',
       grad_fn=<CopySlices>)
0:04:35.953931 - TCO pred_xy tensor([[[-0.7893,  0.4511,  0.4165, -0.0074],
         [-0.5688, -0.7927, -0.2192,  0.0093],
         [ 0.2313, -0.4099,  0.8823,  0.1920],
         [ 0.0000,  0.0000,  0.0000,  1.0000]]], device='cuda:0',
       grad_fn=<CopySlices>)
0:04:35.954904 - TCO pred_z tensor([[[-0.7893,  0.4511,  0.4165, -0.0100],
         [-0.5688, -0.7927, -0.2192,  0.0062],
         [ 0.2313, -0.4099,  0.8823,  0.1883],
         [ 0.0000,  0.0000,  0.0000,  1.0000]]], device='cuda:0',
       grad_fn=<CopySlices>)
0:04:35.955631 - loss orn tensor([1.5347e-05], device='cuda:0', grad_fn=<MinBackward0>)
0:04:35.956313 - loss xy tensor([0.0019], device='cuda:0', grad_fn=<MinBackward0>)
0:04:35.957011 - loss z tensor([0.0012], device='cuda:0', grad_fn=<MinBackward0>)
  0%|                                       | 0/1 [00:00<?, ?it/s, loss=0.00314]100%|███████████████████████████████| 1/1 [00:00<00:00,  4.54it/s, loss=0.00314]100%|███████████████████████████████| 1/1 [00:00<00:00,  4.53it/s, loss=0.00314]
0:04:35.716097 - saving /home/ubuntu/synthetic_pose_estimation/cosypose/local_data/experiments/bracket_assembly_debug_nut_nosym_coarse_noaug--938962 523
  0%|                                                     | 0/1 [00:00<?, ?it/s]0:04:36.131390 - iteration 0
0:04:36.174706 - outputs, {'pose': tensor([[-1.0152, -0.7311,  0.2979,  0.5619, -0.6267, -0.4247,  4.0044, -1.6176,
          0.6378]], device='cuda:0', grad_fn=<AddmmBackward0>)}
0:04:36.176400 - model_outputs {'pose': tensor([[-1.0152, -0.7311,  0.2979,  0.5619, -0.6267, -0.4247,  4.0044, -1.6176,
          0.6378]], device='cuda:0', grad_fn=<AddmmBackward0>)}
0:04:36.177286 - K crop tensor([[[1.7073e+03, 0.0000e+00, 2.7645e+02],
         [0.0000e+00, 1.7073e+03, 5.6836e+01],
         [0.0000e+00, 0.0000e+00, 1.0000e+00]]], device='cuda:0')
0:04:36.178231 - TCO_input tensor([[[ 1.0000,  0.0000,  0.0000, -0.0194],
         [ 0.0000,  1.0000,  0.0000,  0.0104],
         [ 0.0000,  0.0000,  1.0000,  0.2834],
         [ 0.0000,  0.0000,  0.0000,  1.0000]]], device='cuda:0')
0:04:36.179778 - model tco output tensor([[[-0.7894,  0.4494,  0.4182, -0.0120],
         [-0.5685, -0.7922, -0.2219,  0.0065],
         [ 0.2316, -0.4129,  0.8808,  0.1807],
         [ 0.0000,  0.0000,  0.0000,  1.0000]]], device='cuda:0',
       grad_fn=<CopySlices>)
0:04:36.218419 - Wrote debug data: /home/ubuntu/synthetic_pose_estimation/cosypose/local_data/debug_data/debug_iter=1.pth.tar
0:04:36.430620 - TCO_input tensor([[[ 1.0000,  0.0000,  0.0000, -0.0194],
         [ 0.0000,  1.0000,  0.0000,  0.0104],
         [ 0.0000,  0.0000,  1.0000,  0.2834],
         [ 0.0000,  0.0000,  0.0000,  1.0000]]], device='cuda:0')
0:04:36.431796 - vxvyvz tensor([[ 4.0044, -1.6176,  0.6378]], device='cuda:0',
       grad_fn=<SliceBackward0>)
0:04:36.432904 - dR tensor([[[-0.7894,  0.4494,  0.4182],
         [-0.5685, -0.7922, -0.2219],
         [ 0.2316, -0.4129,  0.8808]]], device='cuda:0',
       grad_fn=<StackBackward0>)
0:04:36.433911 - fxfy tensor([[1707.2815, 1707.2817]], device='cuda:0')
0:04:36.436534 - TCO_gt tensor([[[-0.7893,  0.4511,  0.4165, -0.0100],
         [-0.5688, -0.7927, -0.2192,  0.0062],
         [ 0.2313, -0.4099,  0.8823,  0.1920],
         [ 0.0000,  0.0000,  0.0000,  1.0000]]], device='cuda:0')
0:04:36.437573 - TCO pred_orn tensor([[[-0.7894,  0.4494,  0.4182, -0.0100],
         [-0.5685, -0.7922, -0.2219,  0.0062],
         [ 0.2316, -0.4129,  0.8808,  0.1920],
         [ 0.0000,  0.0000,  0.0000,  1.0000]]], device='cuda:0',
       grad_fn=<CopySlices>)
0:04:36.438570 - TCO pred_xy tensor([[[-0.7893,  0.4511,  0.4165, -0.0127],
         [-0.5688, -0.7927, -0.2192,  0.0069],
         [ 0.2313, -0.4099,  0.8823,  0.1920],
         [ 0.0000,  0.0000,  0.0000,  1.0000]]], device='cuda:0',
       grad_fn=<CopySlices>)
0:04:36.439521 - TCO pred_z tensor([[[-0.7893,  0.4511,  0.4165, -0.0100],
         [-0.5688, -0.7927, -0.2192,  0.0062],
         [ 0.2313, -0.4099,  0.8823,  0.1807],
         [ 0.0000,  0.0000,  0.0000,  1.0000]]], device='cuda:0',
       grad_fn=<CopySlices>)
0:04:36.440216 - loss orn tensor([1.4212e-05], device='cuda:0', grad_fn=<MinBackward0>)
0:04:36.440914 - loss xy tensor([0.0011], device='cuda:0', grad_fn=<MinBackward0>)
0:04:36.441628 - loss z tensor([0.0037], device='cuda:0', grad_fn=<MinBackward0>)
  0%|                                       | 0/1 [00:00<?, ?it/s, loss=0.00488]100%|███████████████████████████████| 1/1 [00:00<00:00,  4.56it/s, loss=0.00488]100%|███████████████████████████████| 1/1 [00:00<00:00,  4.54it/s, loss=0.00488]
0:04:36.204245 - saving /home/ubuntu/synthetic_pose_estimation/cosypose/local_data/experiments/bracket_assembly_debug_nut_nosym_coarse_noaug--938962 524
  0%|                                                     | 0/1 [00:00<?, ?it/s]0:04:36.619491 - iteration 0
0:04:36.663059 - outputs, {'pose': tensor([[-1.0073, -0.7340,  0.2936,  0.5679, -0.6267, -0.4217,  3.9966, -1.6269,
          0.6498]], device='cuda:0', grad_fn=<AddmmBackward0>)}
0:04:36.664805 - model_outputs {'pose': tensor([[-1.0073, -0.7340,  0.2936,  0.5679, -0.6267, -0.4217,  3.9966, -1.6269,
          0.6498]], device='cuda:0', grad_fn=<AddmmBackward0>)}
0:04:36.665677 - K crop tensor([[[1.7352e+03, 0.0000e+00, 2.7586e+02],
         [0.0000e+00, 1.7352e+03, 6.1849e+01],
         [0.0000e+00, 0.0000e+00, 1.0000e+00]]], device='cuda:0')
0:04:36.666888 - TCO_input tensor([[[ 1.0000,  0.0000,  0.0000, -0.0193],
         [ 0.0000,  1.0000,  0.0000,  0.0096],
         [ 0.0000,  0.0000,  1.0000,  0.2875],
         [ 0.0000,  0.0000,  0.0000,  1.0000]]], device='cuda:0')
0:04:36.668670 - model tco output tensor([[[-0.7867,  0.4563,  0.4158, -0.0121],
         [-0.5732, -0.7900, -0.2174,  0.0060],
         [ 0.2293, -0.4094,  0.8831,  0.1868],
         [ 0.0000,  0.0000,  0.0000,  1.0000]]], device='cuda:0',
       grad_fn=<CopySlices>)
0:04:36.708187 - Wrote debug data: /home/ubuntu/synthetic_pose_estimation/cosypose/local_data/debug_data/debug_iter=1.pth.tar
0:04:36.919143 - TCO_input tensor([[[ 1.0000,  0.0000,  0.0000, -0.0193],
         [ 0.0000,  1.0000,  0.0000,  0.0096],
         [ 0.0000,  0.0000,  1.0000,  0.2875],
         [ 0.0000,  0.0000,  0.0000,  1.0000]]], device='cuda:0')
0:04:36.920195 - vxvyvz tensor([[ 3.9966, -1.6269,  0.6498]], device='cuda:0',
       grad_fn=<SliceBackward0>)
0:04:36.921203 - dR tensor([[[-0.7867,  0.4563,  0.4158],
         [-0.5732, -0.7900, -0.2174],
         [ 0.2293, -0.4094,  0.8831]]], device='cuda:0',
       grad_fn=<StackBackward0>)
0:04:36.922093 - fxfy tensor([[1735.2230, 1735.2234]], device='cuda:0')
0:04:36.924574 - TCO_gt tensor([[[-0.7893,  0.4511,  0.4165, -0.0100],
         [-0.5688, -0.7927, -0.2192,  0.0062],
         [ 0.2313, -0.4099,  0.8823,  0.1920],
         [ 0.0000,  0.0000,  0.0000,  1.0000]]], device='cuda:0')
0:04:36.925519 - TCO pred_orn tensor([[[-0.7867,  0.4563,  0.4158, -0.0100],
         [-0.5732, -0.7900, -0.2174,  0.0062],
         [ 0.2293, -0.4094,  0.8831,  0.1920],
         [ 0.0000,  0.0000,  0.0000,  1.0000]]], device='cuda:0',
       grad_fn=<CopySlices>)
0:04:36.926401 - TCO pred_xy tensor([[[-0.7893,  0.4511,  0.4165, -0.0124],
         [-0.5688, -0.7927, -0.2192,  0.0062],
         [ 0.2313, -0.4099,  0.8823,  0.1920],
         [ 0.0000,  0.0000,  0.0000,  1.0000]]], device='cuda:0',
       grad_fn=<CopySlices>)
0:04:36.927307 - TCO pred_z tensor([[[-0.7893,  0.4511,  0.4165, -0.0100],
         [-0.5688, -0.7927, -0.2192,  0.0062],
         [ 0.2313, -0.4099,  0.8823,  0.1868],
         [ 0.0000,  0.0000,  0.0000,  1.0000]]], device='cuda:0',
       grad_fn=<CopySlices>)
0:04:36.927936 - loss orn tensor([2.6246e-05], device='cuda:0', grad_fn=<MinBackward0>)
0:04:36.928550 - loss xy tensor([0.0008], device='cuda:0', grad_fn=<MinBackward0>)
0:04:36.929193 - loss z tensor([0.0017], device='cuda:0', grad_fn=<MinBackward0>)
  0%|                                       | 0/1 [00:00<?, ?it/s, loss=0.00255]100%|███████████████████████████████| 1/1 [00:00<00:00,  4.58it/s, loss=0.00255]100%|███████████████████████████████| 1/1 [00:00<00:00,  4.57it/s, loss=0.00255]
0:04:36.695199 - saving /home/ubuntu/synthetic_pose_estimation/cosypose/local_data/experiments/bracket_assembly_debug_nut_nosym_coarse_noaug--938962 525
  0%|                                                     | 0/1 [00:00<?, ?it/s]0:04:37.110543 - iteration 0
0:04:37.153967 - outputs, {'pose': tensor([[-1.0040, -0.7304,  0.2964,  0.5610, -0.6255, -0.4228,  3.9904, -1.6216,
          0.6567]], device='cuda:0', grad_fn=<AddmmBackward0>)}
0:04:37.155611 - model_outputs {'pose': tensor([[-1.0040, -0.7304,  0.2964,  0.5610, -0.6255, -0.4228,  3.9904, -1.6216,
          0.6567]], device='cuda:0', grad_fn=<AddmmBackward0>)}
0:04:37.156451 - K crop tensor([[[1.6738e+03, 0.0000e+00, 3.0828e+02],
         [0.0000e+00, 1.6738e+03, 2.6833e+01],
         [0.0000e+00, 0.0000e+00, 1.0000e+00]]], device='cuda:0')
0:04:37.157333 - TCO_input tensor([[[ 1.0000,  0.0000,  0.0000, -0.0249],
         [ 0.0000,  1.0000,  0.0000,  0.0155],
         [ 0.0000,  0.0000,  1.0000,  0.2800],
         [ 0.0000,  0.0000,  0.0000,  1.0000]]], device='cuda:0')
0:04:37.158252 - model tco output tensor([[[-0.7865,  0.4532,  0.4195, -0.0159],
         [-0.5722, -0.7903, -0.2192,  0.0100],
         [ 0.2322, -0.4124,  0.8809,  0.1839],
         [ 0.0000,  0.0000,  0.0000,  1.0000]]], device='cuda:0',
       grad_fn=<CopySlices>)
0:04:37.199757 - Wrote debug data: /home/ubuntu/synthetic_pose_estimation/cosypose/local_data/debug_data/debug_iter=1.pth.tar
0:04:37.413868 - TCO_input tensor([[[ 1.0000,  0.0000,  0.0000, -0.0249],
         [ 0.0000,  1.0000,  0.0000,  0.0155],
         [ 0.0000,  0.0000,  1.0000,  0.2800],
         [ 0.0000,  0.0000,  0.0000,  1.0000]]], device='cuda:0')
0:04:37.414901 - vxvyvz tensor([[ 3.9904, -1.6216,  0.6567]], device='cuda:0',
       grad_fn=<SliceBackward0>)
0:04:37.415901 - dR tensor([[[-0.7865,  0.4532,  0.4195],
         [-0.5722, -0.7903, -0.2192],
         [ 0.2322, -0.4124,  0.8809]]], device='cuda:0',
       grad_fn=<StackBackward0>)
0:04:37.416789 - fxfy tensor([[1673.8367, 1673.8364]], device='cuda:0')
0:04:37.419319 - TCO_gt tensor([[[-0.7893,  0.4511,  0.4165, -0.0100],
         [-0.5688, -0.7927, -0.2192,  0.0062],
         [ 0.2313, -0.4099,  0.8823,  0.1920],
         [ 0.0000,  0.0000,  0.0000,  1.0000]]], device='cuda:0')
0:04:37.420249 - TCO pred_orn tensor([[[-0.7865,  0.4532,  0.4195, -0.0100],
         [-0.5722, -0.7903, -0.2192,  0.0062],
         [ 0.2322, -0.4124,  0.8809,  0.1920],
         [ 0.0000,  0.0000,  0.0000,  1.0000]]], device='cuda:0',
       grad_fn=<CopySlices>)
0:04:37.421172 - TCO pred_xy tensor([[[-0.7893,  0.4511,  0.4165, -0.0166],
         [-0.5688, -0.7927, -0.2192,  0.0104],
         [ 0.2313, -0.4099,  0.8823,  0.1920],
         [ 0.0000,  0.0000,  0.0000,  1.0000]]], device='cuda:0',
       grad_fn=<CopySlices>)
0:04:37.422103 - TCO pred_z tensor([[[-0.7893,  0.4511,  0.4165, -0.0100],
         [-0.5688, -0.7927, -0.2192,  0.0062],
         [ 0.2313, -0.4099,  0.8823,  0.1839],
         [ 0.0000,  0.0000,  0.0000,  1.0000]]], device='cuda:0',
       grad_fn=<CopySlices>)
0:04:37.422760 - loss orn tensor([2.1179e-05], device='cuda:0', grad_fn=<MinBackward0>)
0:04:37.423407 - loss xy tensor([0.0036], device='cuda:0', grad_fn=<MinBackward0>)
0:04:37.424037 - loss z tensor([0.0027], device='cuda:0', grad_fn=<MinBackward0>)
  0%|                                       | 0/1 [00:00<?, ?it/s, loss=0.00634]100%|███████████████████████████████| 1/1 [00:00<00:00,  4.50it/s, loss=0.00634]100%|███████████████████████████████| 1/1 [00:00<00:00,  4.49it/s, loss=0.00634]
0:04:37.204628 - saving /home/ubuntu/synthetic_pose_estimation/cosypose/local_data/experiments/bracket_assembly_debug_nut_nosym_coarse_noaug--938962 526
  0%|                                                     | 0/1 [00:00<?, ?it/s]0:04:37.620302 - iteration 0
0:04:37.667330 - outputs, {'pose': tensor([[-1.0104, -0.7328,  0.2908,  0.5664, -0.6307, -0.4194,  4.0137, -1.6275,
          0.6511]], device='cuda:0', grad_fn=<AddmmBackward0>)}
0:04:37.668990 - model_outputs {'pose': tensor([[-1.0104, -0.7328,  0.2908,  0.5664, -0.6307, -0.4194,  4.0137, -1.6275,
          0.6511]], device='cuda:0', grad_fn=<AddmmBackward0>)}
0:04:37.669792 - K crop tensor([[[1.8153e+03, 0.0000e+00, 2.9307e+02],
         [0.0000e+00, 1.8153e+03, 8.1710e+01],
         [0.0000e+00, 0.0000e+00, 1.0000e+00]]], device='cuda:0')
0:04:37.670660 - TCO_input tensor([[[ 1.0000,  0.0000,  0.0000, -0.0220],
         [ 0.0000,  1.0000,  0.0000,  0.0062],
         [ 0.0000,  0.0000,  1.0000,  0.2990],
         [ 0.0000,  0.0000,  0.0000,  1.0000]]], device='cuda:0')
0:04:37.671554 - model tco output tensor([[[-0.7884,  0.4564,  0.4125, -0.0139],
         [-0.5718, -0.7910, -0.2178,  0.0039],
         [ 0.2269, -0.4076,  0.8845,  0.1947],
         [ 0.0000,  0.0000,  0.0000,  1.0000]]], device='cuda:0',
       grad_fn=<CopySlices>)
0:04:37.709722 - Wrote debug data: /home/ubuntu/synthetic_pose_estimation/cosypose/local_data/debug_data/debug_iter=1.pth.tar
0:04:37.924676 - TCO_input tensor([[[ 1.0000,  0.0000,  0.0000, -0.0220],
         [ 0.0000,  1.0000,  0.0000,  0.0062],
         [ 0.0000,  0.0000,  1.0000,  0.2990],
         [ 0.0000,  0.0000,  0.0000,  1.0000]]], device='cuda:0')
0:04:37.925723 - vxvyvz tensor([[ 4.0137, -1.6275,  0.6511]], device='cuda:0',
       grad_fn=<SliceBackward0>)
0:04:37.926737 - dR tensor([[[-0.7884,  0.4564,  0.4125],
         [-0.5718, -0.7910, -0.2178],
         [ 0.2269, -0.4076,  0.8845]]], device='cuda:0',
       grad_fn=<StackBackward0>)
0:04:37.927582 - fxfy tensor([[1815.2797, 1815.2799]], device='cuda:0')
0:04:37.930148 - TCO_gt tensor([[[-0.7893,  0.4511,  0.4165, -0.0100],
         [-0.5688, -0.7927, -0.2192,  0.0062],
         [ 0.2313, -0.4099,  0.8823,  0.1920],
         [ 0.0000,  0.0000,  0.0000,  1.0000]]], device='cuda:0')
0:04:37.931072 - TCO pred_orn tensor([[[-0.7884,  0.4564,  0.4125, -0.0100],
         [-0.5718, -0.7910, -0.2178,  0.0062],
         [ 0.2269, -0.4076,  0.8845,  0.1920],
         [ 0.0000,  0.0000,  0.0000,  1.0000]]], device='cuda:0',
       grad_fn=<CopySlices>)
0:04:37.931966 - TCO pred_xy tensor([[[-0.7893,  0.4511,  0.4165, -0.0137],
         [-0.5688, -0.7927, -0.2192,  0.0038],
         [ 0.2313, -0.4099,  0.8823,  0.1920],
         [ 0.0000,  0.0000,  0.0000,  1.0000]]], device='cuda:0',
       grad_fn=<CopySlices>)
0:04:37.932873 - TCO pred_z tensor([[[-0.7893,  0.4511,  0.4165, -0.0100],
         [-0.5688, -0.7927, -0.2192,  0.0062],
         [ 0.2313, -0.4099,  0.8823,  0.1947],
         [ 0.0000,  0.0000,  0.0000,  1.0000]]], device='cuda:0',
       grad_fn=<CopySlices>)
0:04:37.933529 - loss orn tensor([2.9277e-05], device='cuda:0', grad_fn=<MinBackward0>)
0:04:37.934157 - loss xy tensor([0.0020], device='cuda:0', grad_fn=<MinBackward0>)
0:04:37.934766 - loss z tensor([0.0009], device='cuda:0', grad_fn=<MinBackward0>)
  0%|                                       | 0/1 [00:00<?, ?it/s, loss=0.00296]100%|███████████████████████████████| 1/1 [00:00<00:00,  4.48it/s, loss=0.00296]100%|███████████████████████████████| 1/1 [00:00<00:00,  4.47it/s, loss=0.00296]
0:04:37.732296 - saving /home/ubuntu/synthetic_pose_estimation/cosypose/local_data/experiments/bracket_assembly_debug_nut_nosym_coarse_noaug--938962 527
  0%|                                                     | 0/1 [00:00<?, ?it/s]0:04:38.149443 - iteration 0
0:04:38.193665 - outputs, {'pose': tensor([[-1.0160, -0.7347,  0.2943,  0.5696, -0.6291, -0.4220,  4.0054, -1.6287,
          0.6416]], device='cuda:0', grad_fn=<AddmmBackward0>)}
0:04:38.195365 - model_outputs {'pose': tensor([[-1.0160, -0.7347,  0.2943,  0.5696, -0.6291, -0.4220,  4.0054, -1.6287,
          0.6416]], device='cuda:0', grad_fn=<AddmmBackward0>)}
0:04:38.196177 - K crop tensor([[[1.7534e+03, 0.0000e+00, 2.8386e+02],
         [0.0000e+00, 1.7534e+03, 5.5735e+01],
         [0.0000e+00, 0.0000e+00, 1.0000e+00]]], device='cuda:0')
0:04:38.197032 - TCO_input tensor([[[ 1.0000,  0.0000,  0.0000, -0.0206],
         [ 0.0000,  1.0000,  0.0000,  0.0106],
         [ 0.0000,  0.0000,  1.0000,  0.2908],
         [ 0.0000,  0.0000,  0.0000,  1.0000]]], device='cuda:0')
0:04:38.197941 - model tco output tensor([[[-0.7889,  0.4543,  0.4138, -0.0128],
         [-0.5705, -0.7918, -0.2182,  0.0066],
         [ 0.2285, -0.4082,  0.8838,  0.1866],
         [ 0.0000,  0.0000,  0.0000,  1.0000]]], device='cuda:0',
       grad_fn=<CopySlices>)
0:04:38.237889 - Wrote debug data: /home/ubuntu/synthetic_pose_estimation/cosypose/local_data/debug_data/debug_iter=1.pth.tar
0:04:38.453547 - TCO_input tensor([[[ 1.0000,  0.0000,  0.0000, -0.0206],
         [ 0.0000,  1.0000,  0.0000,  0.0106],
         [ 0.0000,  0.0000,  1.0000,  0.2908],
         [ 0.0000,  0.0000,  0.0000,  1.0000]]], device='cuda:0')
0:04:38.454694 - vxvyvz tensor([[ 4.0054, -1.6287,  0.6416]], device='cuda:0',
       grad_fn=<SliceBackward0>)
0:04:38.455709 - dR tensor([[[-0.7889,  0.4543,  0.4138],
         [-0.5705, -0.7918, -0.2182],
         [ 0.2285, -0.4082,  0.8838]]], device='cuda:0',
       grad_fn=<StackBackward0>)
0:04:38.456585 - fxfy tensor([[1753.3760, 1753.3760]], device='cuda:0')
0:04:38.459197 - TCO_gt tensor([[[-0.7893,  0.4511,  0.4165, -0.0100],
         [-0.5688, -0.7927, -0.2192,  0.0062],
         [ 0.2313, -0.4099,  0.8823,  0.1920],
         [ 0.0000,  0.0000,  0.0000,  1.0000]]], device='cuda:0')
0:04:38.460119 - TCO pred_orn tensor([[[-0.7889,  0.4543,  0.4138, -0.0100],
         [-0.5705, -0.7918, -0.2182,  0.0062],
         [ 0.2285, -0.4082,  0.8838,  0.1920],
         [ 0.0000,  0.0000,  0.0000,  1.0000]]], device='cuda:0',
       grad_fn=<CopySlices>)
0:04:38.461034 - TCO pred_xy tensor([[[-0.7893,  0.4511,  0.4165, -0.0132],
         [-0.5688, -0.7927, -0.2192,  0.0068],
         [ 0.2313, -0.4099,  0.8823,  0.1920],
         [ 0.0000,  0.0000,  0.0000,  1.0000]]], device='cuda:0',
       grad_fn=<CopySlices>)
0:04:38.461948 - TCO pred_z tensor([[[-0.7893,  0.4511,  0.4165, -0.0100],
         [-0.5688, -0.7927, -0.2192,  0.0062],
         [ 0.2313, -0.4099,  0.8823,  0.1866],
         [ 0.0000,  0.0000,  0.0000,  1.0000]]], device='cuda:0',
       grad_fn=<CopySlices>)
0:04:38.462598 - loss orn tensor([1.7543e-05], device='cuda:0', grad_fn=<MinBackward0>)
0:04:38.463223 - loss xy tensor([0.0013], device='cuda:0', grad_fn=<MinBackward0>)
0:04:38.463841 - loss z tensor([0.0018], device='cuda:0', grad_fn=<MinBackward0>)
  0%|                                       | 0/1 [00:00<?, ?it/s, loss=0.00308]100%|███████████████████████████████| 1/1 [00:00<00:00,  4.49it/s, loss=0.00308]100%|███████████████████████████████| 1/1 [00:00<00:00,  4.48it/s, loss=0.00308]
0:04:38.261321 - saving /home/ubuntu/synthetic_pose_estimation/cosypose/local_data/experiments/bracket_assembly_debug_nut_nosym_coarse_noaug--938962 528
  0%|                                                     | 0/1 [00:00<?, ?it/s]0:04:38.676682 - iteration 0
0:04:38.724992 - outputs, {'pose': tensor([[-1.0144, -0.7382,  0.2900,  0.5669, -0.6385, -0.4253,  4.0150, -1.6317,
          0.6714]], device='cuda:0', grad_fn=<AddmmBackward0>)}
0:04:38.726690 - model_outputs {'pose': tensor([[-1.0144, -0.7382,  0.2900,  0.5669, -0.6385, -0.4253,  4.0150, -1.6317,
          0.6714]], device='cuda:0', grad_fn=<AddmmBackward0>)}
0:04:38.727458 - K crop tensor([[[1.5918e+03, 0.0000e+00, 2.4475e+02],
         [0.0000e+00, 1.5918e+03, 3.0557e+01],
         [0.0000e+00, 0.0000e+00, 1.0000e+00]]], device='cuda:0')
0:04:38.728293 - TCO_input tensor([[[ 1.0000,  0.0000,  0.0000, -0.0143],
         [ 0.0000,  1.0000,  0.0000,  0.0149],
         [ 0.0000,  0.0000,  1.0000,  0.2666],
         [ 0.0000,  0.0000,  0.0000,  1.0000]]], device='cuda:0')
0:04:38.729187 - model tco output tensor([[[-0.7878,  0.4565,  0.4135, -0.0091],
         [-0.5733, -0.7889, -0.2212,  0.0098],
         [ 0.2252, -0.4113,  0.8832,  0.1790],
         [ 0.0000,  0.0000,  0.0000,  1.0000]]], device='cuda:0',
       grad_fn=<CopySlices>)
0:04:38.769700 - Wrote debug data: /home/ubuntu/synthetic_pose_estimation/cosypose/local_data/debug_data/debug_iter=1.pth.tar
0:04:38.990277 - TCO_input tensor([[[ 1.0000,  0.0000,  0.0000, -0.0143],
         [ 0.0000,  1.0000,  0.0000,  0.0149],
         [ 0.0000,  0.0000,  1.0000,  0.2666],
         [ 0.0000,  0.0000,  0.0000,  1.0000]]], device='cuda:0')
0:04:38.991396 - vxvyvz tensor([[ 4.0150, -1.6317,  0.6714]], device='cuda:0',
       grad_fn=<SliceBackward0>)
0:04:38.992443 - dR tensor([[[-0.7878,  0.4565,  0.4135],
         [-0.5733, -0.7889, -0.2212],
         [ 0.2252, -0.4113,  0.8832]]], device='cuda:0',
       grad_fn=<StackBackward0>)
0:04:38.993331 - fxfy tensor([[1591.7703, 1591.7703]], device='cuda:0')
0:04:38.995835 - TCO_gt tensor([[[-0.7893,  0.4511,  0.4165, -0.0100],
         [-0.5688, -0.7927, -0.2192,  0.0062],
         [ 0.2313, -0.4099,  0.8823,  0.1920],
         [ 0.0000,  0.0000,  0.0000,  1.0000]]], device='cuda:0')
0:04:38.996738 - TCO pred_orn tensor([[[-0.7878,  0.4565,  0.4135, -0.0100],
         [-0.5733, -0.7889, -0.2212,  0.0062],
         [ 0.2252, -0.4113,  0.8832,  0.1920],
         [ 0.0000,  0.0000,  0.0000,  1.0000]]], device='cuda:0',
       grad_fn=<CopySlices>)
0:04:38.997691 - TCO pred_xy tensor([[[-0.7893,  0.4511,  0.4165, -0.0098],
         [-0.5688, -0.7927, -0.2192,  0.0105],
         [ 0.2313, -0.4099,  0.8823,  0.1920],
         [ 0.0000,  0.0000,  0.0000,  1.0000]]], device='cuda:0',
       grad_fn=<CopySlices>)
0:04:38.998599 - TCO pred_z tensor([[[-0.7893,  0.4511,  0.4165, -0.0100],
         [-0.5688, -0.7927, -0.2192,  0.0062],
         [ 0.2313, -0.4099,  0.8823,  0.1790],
         [ 0.0000,  0.0000,  0.0000,  1.0000]]], device='cuda:0',
       grad_fn=<CopySlices>)
0:04:38.999242 - loss orn tensor([3.5714e-05], device='cuda:0', grad_fn=<MinBackward0>)
0:04:38.999856 - loss xy tensor([0.0015], device='cuda:0', grad_fn=<MinBackward0>)
0:04:39.000486 - loss z tensor([0.0043], device='cuda:0', grad_fn=<MinBackward0>)
  0%|                                       | 0/1 [00:00<?, ?it/s, loss=0.00587]100%|███████████████████████████████| 1/1 [00:00<00:00,  4.28it/s, loss=0.00587]100%|███████████████████████████████| 1/1 [00:00<00:00,  4.27it/s, loss=0.00587]
0:04:38.797802 - saving /home/ubuntu/synthetic_pose_estimation/cosypose/local_data/experiments/bracket_assembly_debug_nut_nosym_coarse_noaug--938962 529
  0%|                                                     | 0/1 [00:00<?, ?it/s]0:04:39.213076 - iteration 0
0:04:39.259771 - outputs, {'pose': tensor([[-1.0158, -0.7289,  0.2952,  0.5671, -0.6270, -0.4178,  4.0034, -1.6329,
          0.6592]], device='cuda:0', grad_fn=<AddmmBackward0>)}
0:04:39.261524 - model_outputs {'pose': tensor([[-1.0158, -0.7289,  0.2952,  0.5671, -0.6270, -0.4178,  4.0034, -1.6329,
          0.6592]], device='cuda:0', grad_fn=<AddmmBackward0>)}
0:04:39.262371 - K crop tensor([[[1.7959e+03, 0.0000e+00, 2.9218e+02],
         [0.0000e+00, 1.7959e+03, 7.2417e+01],
         [0.0000e+00, 0.0000e+00, 1.0000e+00]]], device='cuda:0')
0:04:39.263289 - TCO_input tensor([[[ 1.0000,  0.0000,  0.0000, -0.0219],
         [ 0.0000,  1.0000,  0.0000,  0.0078],
         [ 0.0000,  0.0000,  1.0000,  0.2965],
         [ 0.0000,  0.0000,  0.0000,  1.0000]]], device='cuda:0')
0:04:39.264251 - model tco output tensor([[[-0.7907,  0.4524,  0.4125, -0.0140],
         [-0.5674, -0.7945, -0.2165,  0.0049],
         [ 0.2298, -0.4052,  0.8849,  0.1955],
         [ 0.0000,  0.0000,  0.0000,  1.0000]]], device='cuda:0',
       grad_fn=<CopySlices>)
0:04:39.302203 - Wrote debug data: /home/ubuntu/synthetic_pose_estimation/cosypose/local_data/debug_data/debug_iter=1.pth.tar
0:04:39.514388 - TCO_input tensor([[[ 1.0000,  0.0000,  0.0000, -0.0219],
         [ 0.0000,  1.0000,  0.0000,  0.0078],
         [ 0.0000,  0.0000,  1.0000,  0.2965],
         [ 0.0000,  0.0000,  0.0000,  1.0000]]], device='cuda:0')
0:04:39.515401 - vxvyvz tensor([[ 4.0034, -1.6329,  0.6592]], device='cuda:0',
       grad_fn=<SliceBackward0>)
0:04:39.516461 - dR tensor([[[-0.7907,  0.4524,  0.4125],
         [-0.5674, -0.7945, -0.2165],
         [ 0.2298, -0.4052,  0.8849]]], device='cuda:0',
       grad_fn=<StackBackward0>)
0:04:39.517457 - fxfy tensor([[1795.8590, 1795.8593]], device='cuda:0')
0:04:39.519982 - TCO_gt tensor([[[-0.7893,  0.4511,  0.4165, -0.0100],
         [-0.5688, -0.7927, -0.2192,  0.0062],
         [ 0.2313, -0.4099,  0.8823,  0.1920],
         [ 0.0000,  0.0000,  0.0000,  1.0000]]], device='cuda:0')
0:04:39.520978 - TCO pred_orn tensor([[[-0.7907,  0.4524,  0.4125, -0.0100],
         [-0.5674, -0.7945, -0.2165,  0.0062],
         [ 0.2298, -0.4052,  0.8849,  0.1920],
         [ 0.0000,  0.0000,  0.0000,  1.0000]]], device='cuda:0',
       grad_fn=<CopySlices>)
0:04:39.521972 - TCO pred_xy tensor([[[-0.7893,  0.4511,  0.4165, -0.0138],
         [-0.5688, -0.7927, -0.2192,  0.0049],
         [ 0.2313, -0.4099,  0.8823,  0.1920],
         [ 0.0000,  0.0000,  0.0000,  1.0000]]], device='cuda:0',
       grad_fn=<CopySlices>)
0:04:39.522935 - TCO pred_z tensor([[[-0.7893,  0.4511,  0.4165, -0.0100],
         [-0.5688, -0.7927, -0.2192,  0.0062],
         [ 0.2313, -0.4099,  0.8823,  0.1955],
         [ 0.0000,  0.0000,  0.0000,  1.0000]]], device='cuda:0',
       grad_fn=<CopySlices>)
0:04:39.523639 - loss orn tensor([2.1401e-05], device='cuda:0', grad_fn=<MinBackward0>)
0:04:39.524331 - loss xy tensor([0.0017], device='cuda:0', grad_fn=<MinBackward0>)
0:04:39.525037 - loss z tensor([0.0012], device='cuda:0', grad_fn=<MinBackward0>)
  0%|                                       | 0/1 [00:00<?, ?it/s, loss=0.00288]100%|███████████████████████████████| 1/1 [00:00<00:00,  4.56it/s, loss=0.00288]100%|███████████████████████████████| 1/1 [00:00<00:00,  4.55it/s, loss=0.00288]
  0%|                                                     | 0/1 [00:00<?, ?it/s]0:04:39.431952 - iteration 0
0:04:39.468648 - outputs, {'pose': tensor([[-0.7605, -0.5365,  0.3270,  0.6203, -0.4102, -0.2322,  2.5702, -1.4093,
          0.7895]], device='cuda:0')}
0:04:39.470133 - model_outputs {'pose': tensor([[-0.7605, -0.5365,  0.3270,  0.6203, -0.4102, -0.2322,  2.5702, -1.4093,
          0.7895]], device='cuda:0')}
0:04:39.470892 - K crop tensor([[[1.8582e+03, 0.0000e+00, 2.7078e+02],
         [0.0000e+00, 1.8582e+03, 5.2417e+01],
         [0.0000e+00, 0.0000e+00, 1.0000e+00]]], device='cuda:0')
0:04:39.471763 - TCO_input tensor([[[ 1.0000,  0.0000,  0.0000, -0.0184],
         [ 0.0000,  1.0000,  0.0000,  0.0111],
         [ 0.0000,  0.0000,  1.0000,  0.3079],
         [ 0.0000,  0.0000,  0.0000,  1.0000]]], device='cuda:0')
0:04:39.474247 - model tco output tensor([[[-0.7710,  0.5169,  0.3721, -0.0142],
         [-0.5438, -0.8384,  0.0378,  0.0086],
         [ 0.3315, -0.1732,  0.9274,  0.2431],
         [ 0.0000,  0.0000,  0.0000,  1.0000]]], device='cuda:0')
0:04:39.511694 - Wrote debug data: /home/ubuntu/synthetic_pose_estimation/cosypose/local_data/debug_data/debug_iter=1.pth.tar
0:04:39.722349 - TCO_input tensor([[[ 1.0000,  0.0000,  0.0000, -0.0184],
         [ 0.0000,  1.0000,  0.0000,  0.0111],
         [ 0.0000,  0.0000,  1.0000,  0.3079],
         [ 0.0000,  0.0000,  0.0000,  1.0000]]], device='cuda:0')
0:04:39.723333 - vxvyvz tensor([[ 2.5702, -1.4093,  0.7895]], device='cuda:0')
0:04:39.724291 - dR tensor([[[-0.7710,  0.5169,  0.3721],
         [-0.5438, -0.8384,  0.0378],
         [ 0.3315, -0.1732,  0.9274]]], device='cuda:0')
0:04:39.725160 - fxfy tensor([[1858.2003, 1858.2004]], device='cuda:0')
0:04:39.727512 - TCO_gt tensor([[[-0.7893,  0.4511,  0.4165, -0.0100],
         [-0.5688, -0.7927, -0.2192,  0.0062],
         [ 0.2313, -0.4099,  0.8823,  0.1920],
         [ 0.0000,  0.0000,  0.0000,  1.0000]]], device='cuda:0')
0:04:39.728410 - TCO pred_orn tensor([[[-0.7710,  0.5169,  0.3721, -0.0100],
         [-0.5438, -0.8384,  0.0378,  0.0062],
         [ 0.3315, -0.1732,  0.9274,  0.1920],
         [ 0.0000,  0.0000,  0.0000,  1.0000]]], device='cuda:0')
0:04:39.729349 - TCO pred_xy tensor([[[-0.7893,  0.4511,  0.4165, -0.0112],
         [-0.5688, -0.7927, -0.2192,  0.0068],
         [ 0.2313, -0.4099,  0.8823,  0.1920],
         [ 0.0000,  0.0000,  0.0000,  1.0000]]], device='cuda:0')
0:04:39.730258 - TCO pred_z tensor([[[-0.7893,  0.4511,  0.4165, -0.0100],
         [-0.5688, -0.7927, -0.2192,  0.0062],
         [ 0.2313, -0.4099,  0.8823,  0.2431],
         [ 0.0000,  0.0000,  0.0000,  1.0000]]], device='cuda:0')
0:04:39.730914 - loss orn tensor([0.0010], device='cuda:0')
0:04:39.731527 - loss xy tensor([0.0006], device='cuda:0')
0:04:39.732137 - loss z tensor([0.0170], device='cuda:0')
100%|█████████████████████████████████████████████| 1/1 [00:00<00:00,  8.41it/s]100%|█████████████████████████████████████████████| 1/1 [00:00<00:00,  8.38it/s]
0:04:39.404991 - saving /home/ubuntu/synthetic_pose_estimation/cosypose/local_data/experiments/bracket_assembly_debug_nut_nosym_coarse_noaug--938962 530
  0%|                                                     | 0/1 [00:00<?, ?it/s]0:04:39.816734 - iteration 0
0:04:39.860138 - outputs, {'pose': tensor([[-1.0106, -0.7326,  0.2949,  0.5679, -0.6276, -0.4205,  4.0042, -1.6364,
          0.6609]], device='cuda:0', grad_fn=<AddmmBackward0>)}
0:04:39.861811 - model_outputs {'pose': tensor([[-1.0106, -0.7326,  0.2949,  0.5679, -0.6276, -0.4205,  4.0042, -1.6364,
          0.6609]], device='cuda:0', grad_fn=<AddmmBackward0>)}
0:04:39.862640 - K crop tensor([[[1.8751e+03, 0.0000e+00, 3.2540e+02],
         [0.0000e+00, 1.8751e+03, 7.8988e+01],
         [0.0000e+00, 0.0000e+00, 1.0000e+00]]], device='cuda:0')
0:04:39.863542 - TCO_input tensor([[[ 1.0000,  0.0000,  0.0000, -0.0273],
         [ 0.0000,  1.0000,  0.0000,  0.0067],
         [ 0.0000,  0.0000,  1.0000,  0.3088],
         [ 0.0000,  0.0000,  0.0000,  1.0000]]], device='cuda:0')
0:04:39.864493 - model tco output tensor([[[-0.7880,  0.4550,  0.4149, -0.0176],
         [-0.5712, -0.7917, -0.2166,  0.0042],
         [ 0.2299, -0.4077,  0.8837,  0.2041],
         [ 0.0000,  0.0000,  0.0000,  1.0000]]], device='cuda:0',
       grad_fn=<CopySlices>)
0:04:39.902478 - Wrote debug data: /home/ubuntu/synthetic_pose_estimation/cosypose/local_data/debug_data/debug_iter=1.pth.tar
0:04:40.113414 - TCO_input tensor([[[ 1.0000,  0.0000,  0.0000, -0.0273],
         [ 0.0000,  1.0000,  0.0000,  0.0067],
         [ 0.0000,  0.0000,  1.0000,  0.3088],
         [ 0.0000,  0.0000,  0.0000,  1.0000]]], device='cuda:0')
0:04:40.114430 - vxvyvz tensor([[ 4.0042, -1.6364,  0.6609]], device='cuda:0',
       grad_fn=<SliceBackward0>)
0:04:40.115468 - dR tensor([[[-0.7880,  0.4550,  0.4149],
         [-0.5712, -0.7917, -0.2166],
         [ 0.2299, -0.4077,  0.8837]]], device='cuda:0',
       grad_fn=<StackBackward0>)
0:04:40.116415 - fxfy tensor([[1875.1278, 1875.1277]], device='cuda:0')
0:04:40.118966 - TCO_gt tensor([[[-0.7893,  0.4511,  0.4165, -0.0100],
         [-0.5688, -0.7927, -0.2192,  0.0062],
         [ 0.2313, -0.4099,  0.8823,  0.1920],
         [ 0.0000,  0.0000,  0.0000,  1.0000]]], device='cuda:0')
0:04:40.119941 - TCO pred_orn tensor([[[-0.7880,  0.4550,  0.4149, -0.0100],
         [-0.5712, -0.7917, -0.2166,  0.0062],
         [ 0.2299, -0.4077,  0.8837,  0.1920],
         [ 0.0000,  0.0000,  0.0000,  1.0000]]], device='cuda:0',
       grad_fn=<CopySlices>)
0:04:40.120920 - TCO pred_xy tensor([[[-0.7893,  0.4511,  0.4165, -0.0166],
         [-0.5688, -0.7927, -0.2192,  0.0040],
         [ 0.2313, -0.4099,  0.8823,  0.1920],
         [ 0.0000,  0.0000,  0.0000,  1.0000]]], device='cuda:0',
       grad_fn=<CopySlices>)
0:04:40.121920 - TCO pred_z tensor([[[-0.7893,  0.4511,  0.4165, -0.0100],
         [-0.5688, -0.7927, -0.2192,  0.0062],
         [ 0.2313, -0.4099,  0.8823,  0.2041],
         [ 0.0000,  0.0000,  0.0000,  1.0000]]], device='cuda:0',
       grad_fn=<CopySlices>)
0:04:40.122611 - loss orn tensor([1.9703e-05], device='cuda:0', grad_fn=<MinBackward0>)
0:04:40.123286 - loss xy tensor([0.0029], device='cuda:0', grad_fn=<MinBackward0>)
0:04:40.123960 - loss z tensor([0.0040], device='cuda:0', grad_fn=<MinBackward0>)
  0%|                                       | 0/1 [00:00<?, ?it/s, loss=0.00699]100%|███████████████████████████████| 1/1 [00:00<00:00,  4.74it/s, loss=0.00699]100%|███████████████████████████████| 1/1 [00:00<00:00,  4.73it/s, loss=0.00699]
0:04:39.887972 - saving /home/ubuntu/synthetic_pose_estimation/cosypose/local_data/experiments/bracket_assembly_debug_nut_nosym_coarse_noaug--938962 531
  0%|                                                     | 0/1 [00:00<?, ?it/s]0:04:40.303336 - iteration 0
0:04:40.346389 - outputs, {'pose': tensor([[-1.0159, -0.7266,  0.2948,  0.5598, -0.6316, -0.4205,  3.9952, -1.6292,
          0.6504]], device='cuda:0', grad_fn=<AddmmBackward0>)}
0:04:40.347900 - model_outputs {'pose': tensor([[-1.0159, -0.7266,  0.2948,  0.5598, -0.6316, -0.4205,  3.9952, -1.6292,
          0.6504]], device='cuda:0', grad_fn=<AddmmBackward0>)}
0:04:40.348654 - K crop tensor([[[1.7703e+03, 0.0000e+00, 2.9571e+02],
         [0.0000e+00, 1.7703e+03, 8.7748e+01],
         [0.0000e+00, 0.0000e+00, 1.0000e+00]]], device='cuda:0')
0:04:40.349524 - TCO_input tensor([[[ 1.0000,  0.0000,  0.0000, -0.0224],
         [ 0.0000,  1.0000,  0.0000,  0.0052],
         [ 0.0000,  0.0000,  1.0000,  0.2914],
         [ 0.0000,  0.0000,  0.0000,  1.0000]]], device='cuda:0')
0:04:40.350416 - model tco output tensor([[[-0.7916,  0.4492,  0.4142, -0.0142],
         [-0.5662, -0.7942, -0.2208,  0.0032],
         [ 0.2297, -0.4093,  0.8830,  0.1895],
         [ 0.0000,  0.0000,  0.0000,  1.0000]]], device='cuda:0',
       grad_fn=<CopySlices>)
0:04:40.388835 - Wrote debug data: /home/ubuntu/synthetic_pose_estimation/cosypose/local_data/debug_data/debug_iter=1.pth.tar
0:04:40.600453 - TCO_input tensor([[[ 1.0000,  0.0000,  0.0000, -0.0224],
         [ 0.0000,  1.0000,  0.0000,  0.0052],
         [ 0.0000,  0.0000,  1.0000,  0.2914],
         [ 0.0000,  0.0000,  0.0000,  1.0000]]], device='cuda:0')
0:04:40.601514 - vxvyvz tensor([[ 3.9952, -1.6292,  0.6504]], device='cuda:0',
       grad_fn=<SliceBackward0>)
0:04:40.602515 - dR tensor([[[-0.7916,  0.4492,  0.4142],
         [-0.5662, -0.7942, -0.2208],
         [ 0.2297, -0.4093,  0.8830]]], device='cuda:0',
       grad_fn=<StackBackward0>)
0:04:40.603358 - fxfy tensor([[1770.3367, 1770.3368]], device='cuda:0')
0:04:40.605894 - TCO_gt tensor([[[-0.7893,  0.4511,  0.4165, -0.0100],
         [-0.5688, -0.7927, -0.2192,  0.0062],
         [ 0.2313, -0.4099,  0.8823,  0.1920],
         [ 0.0000,  0.0000,  0.0000,  1.0000]]], device='cuda:0')
0:04:40.606798 - TCO pred_orn tensor([[[-0.7916,  0.4492,  0.4142, -0.0100],
         [-0.5662, -0.7942, -0.2208,  0.0062],
         [ 0.2297, -0.4093,  0.8830,  0.1920],
         [ 0.0000,  0.0000,  0.0000,  1.0000]]], device='cuda:0',
       grad_fn=<CopySlices>)
0:04:40.607690 - TCO pred_xy tensor([[[-0.7893,  0.4511,  0.4165, -0.0143],
         [-0.5688, -0.7927, -0.2192,  0.0033],
         [ 0.2313, -0.4099,  0.8823,  0.1920],
         [ 0.0000,  0.0000,  0.0000,  1.0000]]], device='cuda:0',
       grad_fn=<CopySlices>)
0:04:40.608583 - TCO pred_z tensor([[[-0.7893,  0.4511,  0.4165, -0.0100],
         [-0.5688, -0.7927, -0.2192,  0.0062],
         [ 0.2313, -0.4099,  0.8823,  0.1895],
         [ 0.0000,  0.0000,  0.0000,  1.0000]]], device='cuda:0',
       grad_fn=<CopySlices>)
0:04:40.609248 - loss orn tensor([1.5727e-05], device='cuda:0', grad_fn=<MinBackward0>)
0:04:40.609860 - loss xy tensor([0.0024], device='cuda:0', grad_fn=<MinBackward0>)
0:04:40.610481 - loss z tensor([0.0008], device='cuda:0', grad_fn=<MinBackward0>)
  0%|                                       | 0/1 [00:00<?, ?it/s, loss=0.00324]100%|███████████████████████████████| 1/1 [00:00<00:00,  4.65it/s, loss=0.00324]100%|███████████████████████████████| 1/1 [00:00<00:00,  4.64it/s, loss=0.00324]
0:04:40.366680 - saving /home/ubuntu/synthetic_pose_estimation/cosypose/local_data/experiments/bracket_assembly_debug_nut_nosym_coarse_noaug--938962 532
  0%|                                                     | 0/1 [00:00<?, ?it/s]0:04:40.781916 - iteration 0
0:04:40.825216 - outputs, {'pose': tensor([[-1.0081, -0.7229,  0.2977,  0.5653, -0.6337, -0.4224,  4.0190, -1.6291,
          0.6694]], device='cuda:0', grad_fn=<AddmmBackward0>)}
0:04:40.826765 - model_outputs {'pose': tensor([[-1.0081, -0.7229,  0.2977,  0.5653, -0.6337, -0.4224,  4.0190, -1.6291,
          0.6694]], device='cuda:0', grad_fn=<AddmmBackward0>)}
0:04:40.827526 - K crop tensor([[[1.8467e+03, 0.0000e+00, 2.8050e+02],
         [0.0000e+00, 1.8467e+03, 6.7390e+01],
         [0.0000e+00, 0.0000e+00, 1.0000e+00]]], device='cuda:0')
0:04:40.828571 - TCO_input tensor([[[ 1.0000,  0.0000,  0.0000, -0.0200],
         [ 0.0000,  1.0000,  0.0000,  0.0086],
         [ 0.0000,  0.0000,  1.0000,  0.3050],
         [ 0.0000,  0.0000,  0.0000,  1.0000]]], device='cuda:0')
0:04:40.829934 - model tco output tensor([[[-0.7902,  0.4497,  0.4164, -0.0129],
         [-0.5667, -0.7948, -0.2170,  0.0056],
         [ 0.2334, -0.4075,  0.8829,  0.2042],
         [ 0.0000,  0.0000,  0.0000,  1.0000]]], device='cuda:0',
       grad_fn=<CopySlices>)
0:04:40.867752 - Wrote debug data: /home/ubuntu/synthetic_pose_estimation/cosypose/local_data/debug_data/debug_iter=1.pth.tar
0:04:41.080100 - TCO_input tensor([[[ 1.0000,  0.0000,  0.0000, -0.0200],
         [ 0.0000,  1.0000,  0.0000,  0.0086],
         [ 0.0000,  0.0000,  1.0000,  0.3050],
         [ 0.0000,  0.0000,  0.0000,  1.0000]]], device='cuda:0')
0:04:41.081177 - vxvyvz tensor([[ 4.0190, -1.6291,  0.6694]], device='cuda:0',
       grad_fn=<SliceBackward0>)
0:04:41.082215 - dR tensor([[[-0.7902,  0.4497,  0.4164],
         [-0.5667, -0.7948, -0.2170],
         [ 0.2334, -0.4075,  0.8829]]], device='cuda:0',
       grad_fn=<StackBackward0>)
0:04:41.083066 - fxfy tensor([[1846.7003, 1846.7004]], device='cuda:0')
0:04:41.085616 - TCO_gt tensor([[[-0.7893,  0.4511,  0.4165, -0.0100],
         [-0.5688, -0.7927, -0.2192,  0.0062],
         [ 0.2313, -0.4099,  0.8823,  0.1920],
         [ 0.0000,  0.0000,  0.0000,  1.0000]]], device='cuda:0')
0:04:41.086528 - TCO pred_orn tensor([[[-0.7902,  0.4497,  0.4164, -0.0100],
         [-0.5667, -0.7948, -0.2170,  0.0062],
         [ 0.2334, -0.4075,  0.8829,  0.1920],
         [ 0.0000,  0.0000,  0.0000,  1.0000]]], device='cuda:0',
       grad_fn=<CopySlices>)
0:04:41.087428 - TCO pred_xy tensor([[[-0.7893,  0.4511,  0.4165, -0.0122],
         [-0.5688, -0.7927, -0.2192,  0.0052],
         [ 0.2313, -0.4099,  0.8823,  0.1920],
         [ 0.0000,  0.0000,  0.0000,  1.0000]]], device='cuda:0',
       grad_fn=<CopySlices>)
0:04:41.088307 - TCO pred_z tensor([[[-0.7893,  0.4511,  0.4165, -0.0100],
         [-0.5688, -0.7927, -0.2192,  0.0062],
         [ 0.2313, -0.4099,  0.8823,  0.2042],
         [ 0.0000,  0.0000,  0.0000,  1.0000]]], device='cuda:0',
       grad_fn=<CopySlices>)
0:04:41.088956 - loss orn tensor([1.6040e-05], device='cuda:0', grad_fn=<MinBackward0>)
0:04:41.089615 - loss xy tensor([0.0010], device='cuda:0', grad_fn=<MinBackward0>)
0:04:41.090225 - loss z tensor([0.0041], device='cuda:0', grad_fn=<MinBackward0>)
  0%|                                       | 0/1 [00:00<?, ?it/s, loss=0.00512]100%|███████████████████████████████| 1/1 [00:00<00:00,  4.58it/s, loss=0.00512]100%|███████████████████████████████| 1/1 [00:00<00:00,  4.57it/s, loss=0.00512]
0:04:40.857749 - saving /home/ubuntu/synthetic_pose_estimation/cosypose/local_data/experiments/bracket_assembly_debug_nut_nosym_coarse_noaug--938962 533
  0%|                                                     | 0/1 [00:00<?, ?it/s]0:04:41.272885 - iteration 0
0:04:41.316526 - outputs, {'pose': tensor([[-1.0169, -0.7274,  0.2981,  0.5656, -0.6336, -0.4154,  4.0115, -1.6412,
          0.6682]], device='cuda:0', grad_fn=<AddmmBackward0>)}
0:04:41.318199 - model_outputs {'pose': tensor([[-1.0169, -0.7274,  0.2981,  0.5656, -0.6336, -0.4154,  4.0115, -1.6412,
          0.6682]], device='cuda:0', grad_fn=<AddmmBackward0>)}
0:04:41.318969 - K crop tensor([[[1.9052e+03, 0.0000e+00, 2.7843e+02],
         [0.0000e+00, 1.9052e+03, 5.3249e+01],
         [0.0000e+00, 0.0000e+00, 1.0000e+00]]], device='cuda:0')
0:04:41.319807 - TCO_input tensor([[[ 1.0000,  0.0000,  0.0000, -0.0197],
         [ 0.0000,  1.0000,  0.0000,  0.0110],
         [ 0.0000,  0.0000,  1.0000,  0.3153],
         [ 0.0000,  0.0000,  0.0000,  1.0000]]], device='cuda:0')
0:04:41.320686 - model tco output tensor([[[-0.7912,  0.4519,  0.4121, -0.0127],
         [-0.5659, -0.7965, -0.2131,  0.0071],
         [ 0.2319, -0.4017,  0.8859,  0.2107],
         [ 0.0000,  0.0000,  0.0000,  1.0000]]], device='cuda:0',
       grad_fn=<CopySlices>)
0:04:41.358703 - Wrote debug data: /home/ubuntu/synthetic_pose_estimation/cosypose/local_data/debug_data/debug_iter=1.pth.tar
0:04:41.570378 - TCO_input tensor([[[ 1.0000,  0.0000,  0.0000, -0.0197],
         [ 0.0000,  1.0000,  0.0000,  0.0110],
         [ 0.0000,  0.0000,  1.0000,  0.3153],
         [ 0.0000,  0.0000,  0.0000,  1.0000]]], device='cuda:0')
0:04:41.571333 - vxvyvz tensor([[ 4.0115, -1.6412,  0.6682]], device='cuda:0',
       grad_fn=<SliceBackward0>)
0:04:41.572315 - dR tensor([[[-0.7912,  0.4519,  0.4121],
         [-0.5659, -0.7965, -0.2131],
         [ 0.2319, -0.4017,  0.8859]]], device='cuda:0',
       grad_fn=<StackBackward0>)
0:04:41.573174 - fxfy tensor([[1905.2408, 1905.2408]], device='cuda:0')
0:04:41.575681 - TCO_gt tensor([[[-0.7893,  0.4511,  0.4165, -0.0100],
         [-0.5688, -0.7927, -0.2192,  0.0062],
         [ 0.2313, -0.4099,  0.8823,  0.1920],
         [ 0.0000,  0.0000,  0.0000,  1.0000]]], device='cuda:0')
0:04:41.576576 - TCO pred_orn tensor([[[-0.7912,  0.4519,  0.4121, -0.0100],
         [-0.5659, -0.7965, -0.2131,  0.0062],
         [ 0.2319, -0.4017,  0.8859,  0.1920],
         [ 0.0000,  0.0000,  0.0000,  1.0000]]], device='cuda:0',
       grad_fn=<CopySlices>)
0:04:41.577510 - TCO pred_xy tensor([[[-0.7893,  0.4511,  0.4165, -0.0116],
         [-0.5688, -0.7927, -0.2192,  0.0065],
         [ 0.2313, -0.4099,  0.8823,  0.1920],
         [ 0.0000,  0.0000,  0.0000,  1.0000]]], device='cuda:0',
       grad_fn=<CopySlices>)
0:04:41.578407 - TCO pred_z tensor([[[-0.7893,  0.4511,  0.4165, -0.0100],
         [-0.5688, -0.7927, -0.2192,  0.0062],
         [ 0.2313, -0.4099,  0.8823,  0.2107],
         [ 0.0000,  0.0000,  0.0000,  1.0000]]], device='cuda:0',
       grad_fn=<CopySlices>)
0:04:41.579031 - loss orn tensor([3.4220e-05], device='cuda:0', grad_fn=<MinBackward0>)
0:04:41.579653 - loss xy tensor([0.0006], device='cuda:0', grad_fn=<MinBackward0>)
0:04:41.580281 - loss z tensor([0.0062], device='cuda:0', grad_fn=<MinBackward0>)
  0%|                                       | 0/1 [00:00<?, ?it/s, loss=0.00691]100%|███████████████████████████████| 1/1 [00:00<00:00,  4.66it/s, loss=0.00691]100%|███████████████████████████████| 1/1 [00:00<00:00,  4.65it/s, loss=0.00691]
0:04:41.358456 - saving /home/ubuntu/synthetic_pose_estimation/cosypose/local_data/experiments/bracket_assembly_debug_nut_nosym_coarse_noaug--938962 534
  0%|                                                     | 0/1 [00:00<?, ?it/s]0:04:41.773631 - iteration 0
0:04:41.817389 - outputs, {'pose': tensor([[-1.0137, -0.7225,  0.2991,  0.5619, -0.6326, -0.4227,  3.9982, -1.6267,
          0.6469]], device='cuda:0', grad_fn=<AddmmBackward0>)}
0:04:41.819318 - model_outputs {'pose': tensor([[-1.0137, -0.7225,  0.2991,  0.5619, -0.6326, -0.4227,  3.9982, -1.6267,
          0.6469]], device='cuda:0', grad_fn=<AddmmBackward0>)}
0:04:41.820300 - K crop tensor([[[1.9963e+03, 0.0000e+00, 2.6776e+02],
         [0.0000e+00, 1.9963e+03, 2.8254e+01],
         [0.0000e+00, 0.0000e+00, 1.0000e+00]]], device='cuda:0')
0:04:41.821414 - TCO_input tensor([[[ 1.0000,  0.0000,  0.0000, -0.0180],
         [ 0.0000,  1.0000,  0.0000,  0.0152],
         [ 0.0000,  0.0000,  1.0000,  0.3316],
         [ 0.0000,  0.0000,  0.0000,  1.0000]]], device='cuda:0')
0:04:41.823245 - model tco output tensor([[[-0.7918,  0.4466,  0.4166, -0.0112],
         [-0.5644, -0.7959, -0.2194,  0.0096],
         [ 0.2336, -0.4088,  0.8822,  0.2145],
         [ 0.0000,  0.0000,  0.0000,  1.0000]]], device='cuda:0',
       grad_fn=<CopySlices>)
0:04:41.861758 - Wrote debug data: /home/ubuntu/synthetic_pose_estimation/cosypose/local_data/debug_data/debug_iter=1.pth.tar
0:04:42.073114 - TCO_input tensor([[[ 1.0000,  0.0000,  0.0000, -0.0180],
         [ 0.0000,  1.0000,  0.0000,  0.0152],
         [ 0.0000,  0.0000,  1.0000,  0.3316],
         [ 0.0000,  0.0000,  0.0000,  1.0000]]], device='cuda:0')
0:04:42.074183 - vxvyvz tensor([[ 3.9982, -1.6267,  0.6469]], device='cuda:0',
       grad_fn=<SliceBackward0>)
0:04:42.075176 - dR tensor([[[-0.7918,  0.4466,  0.4166],
         [-0.5644, -0.7959, -0.2194],
         [ 0.2336, -0.4088,  0.8822]]], device='cuda:0',
       grad_fn=<StackBackward0>)
0:04:42.076036 - fxfy tensor([[1996.3082, 1996.3087]], device='cuda:0')
0:04:42.078574 - TCO_gt tensor([[[-0.7893,  0.4511,  0.4165, -0.0100],
         [-0.5688, -0.7927, -0.2192,  0.0062],
         [ 0.2313, -0.4099,  0.8823,  0.1920],
         [ 0.0000,  0.0000,  0.0000,  1.0000]]], device='cuda:0')
0:04:42.079482 - TCO pred_orn tensor([[[-0.7918,  0.4466,  0.4166, -0.0100],
         [-0.5644, -0.7959, -0.2194,  0.0062],
         [ 0.2336, -0.4088,  0.8822,  0.1920],
         [ 0.0000,  0.0000,  0.0000,  1.0000]]], device='cuda:0',
       grad_fn=<CopySlices>)
0:04:42.080379 - TCO pred_xy tensor([[[-0.7893,  0.4511,  0.4165, -0.0100],
         [-0.5688, -0.7927, -0.2192,  0.0086],
         [ 0.2313, -0.4099,  0.8823,  0.1920],
         [ 0.0000,  0.0000,  0.0000,  1.0000]]], device='cuda:0',
       grad_fn=<CopySlices>)
0:04:42.081322 - TCO pred_z tensor([[[-0.7893,  0.4511,  0.4165, -0.0100],
         [-0.5688, -0.7927, -0.2192,  0.0062],
         [ 0.2313, -0.4099,  0.8823,  0.2145],
         [ 0.0000,  0.0000,  0.0000,  1.0000]]], device='cuda:0',
       grad_fn=<CopySlices>)
0:04:42.081965 - loss orn tensor([2.6039e-05], device='cuda:0', grad_fn=<MinBackward0>)
0:04:42.082576 - loss xy tensor([0.0008], device='cuda:0', grad_fn=<MinBackward0>)
0:04:42.083213 - loss z tensor([0.0075], device='cuda:0', grad_fn=<MinBackward0>)
  0%|                                       | 0/1 [00:00<?, ?it/s, loss=0.00836]100%|███████████████████████████████| 1/1 [00:00<00:00,  4.60it/s, loss=0.00836]100%|███████████████████████████████| 1/1 [00:00<00:00,  4.59it/s, loss=0.00836]
0:04:41.834507 - saving /home/ubuntu/synthetic_pose_estimation/cosypose/local_data/experiments/bracket_assembly_debug_nut_nosym_coarse_noaug--938962 535
  0%|                                                     | 0/1 [00:00<?, ?it/s]0:04:42.249842 - iteration 0
0:04:42.293741 - outputs, {'pose': tensor([[-1.0161, -0.7244,  0.3004,  0.5645, -0.6302, -0.4242,  4.0095, -1.6320,
          0.6568]], device='cuda:0', grad_fn=<AddmmBackward0>)}
0:04:42.295472 - model_outputs {'pose': tensor([[-1.0161, -0.7244,  0.3004,  0.5645, -0.6302, -0.4242,  4.0095, -1.6320,
          0.6568]], device='cuda:0', grad_fn=<AddmmBackward0>)}
0:04:42.296248 - K crop tensor([[[1.8023e+03, 0.0000e+00, 2.4131e+02],
         [0.0000e+00, 1.8023e+03, 8.6351e+01],
         [0.0000e+00, 0.0000e+00, 1.0000e+00]]], device='cuda:0')
0:04:42.297106 - TCO_input tensor([[[ 1.0000,  0.0000,  0.0000, -0.0135],
         [ 0.0000,  1.0000,  0.0000,  0.0055],
         [ 0.0000,  0.0000,  1.0000,  0.2967],
         [ 0.0000,  0.0000,  0.0000,  1.0000]]], device='cuda:0')
0:04:42.298605 - model tco output tensor([[[-0.7916,  0.4462,  0.4173, -0.0084],
         [-0.5644, -0.7958, -0.2197,  0.0034],
         [ 0.2341, -0.4094,  0.8818,  0.1949],
         [ 0.0000,  0.0000,  0.0000,  1.0000]]], device='cuda:0',
       grad_fn=<CopySlices>)
0:04:42.338056 - Wrote debug data: /home/ubuntu/synthetic_pose_estimation/cosypose/local_data/debug_data/debug_iter=1.pth.tar
0:04:42.552506 - TCO_input tensor([[[ 1.0000,  0.0000,  0.0000, -0.0135],
         [ 0.0000,  1.0000,  0.0000,  0.0055],
         [ 0.0000,  0.0000,  1.0000,  0.2967],
         [ 0.0000,  0.0000,  0.0000,  1.0000]]], device='cuda:0')
0:04:42.553656 - vxvyvz tensor([[ 4.0095, -1.6320,  0.6568]], device='cuda:0',
       grad_fn=<SliceBackward0>)
0:04:42.554650 - dR tensor([[[-0.7916,  0.4462,  0.4173],
         [-0.5644, -0.7958, -0.2197],
         [ 0.2341, -0.4094,  0.8818]]], device='cuda:0',
       grad_fn=<StackBackward0>)
0:04:42.555556 - fxfy tensor([[1802.2975, 1802.2977]], device='cuda:0')
0:04:42.558149 - TCO_gt tensor([[[-0.7893,  0.4511,  0.4165, -0.0100],
         [-0.5688, -0.7927, -0.2192,  0.0062],
         [ 0.2313, -0.4099,  0.8823,  0.1920],
         [ 0.0000,  0.0000,  0.0000,  1.0000]]], device='cuda:0')
0:04:42.559063 - TCO pred_orn tensor([[[-0.7916,  0.4462,  0.4173, -0.0100],
         [-0.5644, -0.7958, -0.2197,  0.0062],
         [ 0.2341, -0.4094,  0.8818,  0.1920],
         [ 0.0000,  0.0000,  0.0000,  1.0000]]], device='cuda:0',
       grad_fn=<CopySlices>)
0:04:42.559965 - TCO pred_xy tensor([[[-0.7893,  0.4511,  0.4165, -0.0083],
         [-0.5688, -0.7927, -0.2192,  0.0034],
         [ 0.2313, -0.4099,  0.8823,  0.1920],
         [ 0.0000,  0.0000,  0.0000,  1.0000]]], device='cuda:0',
       grad_fn=<CopySlices>)
0:04:42.560891 - TCO pred_z tensor([[[-0.7893,  0.4511,  0.4165, -0.0100],
         [-0.5688, -0.7927, -0.2192,  0.0062],
         [ 0.2313, -0.4099,  0.8823,  0.1949],
         [ 0.0000,  0.0000,  0.0000,  1.0000]]], device='cuda:0',
       grad_fn=<CopySlices>)
0:04:42.561547 - loss orn tensor([2.6973e-05], device='cuda:0', grad_fn=<MinBackward0>)
0:04:42.562182 - loss xy tensor([0.0015], device='cuda:0', grad_fn=<MinBackward0>)
0:04:42.562795 - loss z tensor([0.0010], device='cuda:0', grad_fn=<MinBackward0>)
  0%|                                        | 0/1 [00:00<?, ?it/s, loss=0.0025]100%|████████████████████████████████| 1/1 [00:00<00:00,  4.53it/s, loss=0.0025]100%|████████████████████████████████| 1/1 [00:00<00:00,  4.52it/s, loss=0.0025]
0:04:42.318847 - saving /home/ubuntu/synthetic_pose_estimation/cosypose/local_data/experiments/bracket_assembly_debug_nut_nosym_coarse_noaug--938962 536
  0%|                                                     | 0/1 [00:00<?, ?it/s]0:04:42.734081 - iteration 0
0:04:42.777625 - outputs, {'pose': tensor([[-1.0153, -0.7333,  0.2923,  0.5553, -0.6293, -0.4258,  4.0077, -1.6298,
          0.6482]], device='cuda:0', grad_fn=<AddmmBackward0>)}
0:04:42.779305 - model_outputs {'pose': tensor([[-1.0153, -0.7333,  0.2923,  0.5553, -0.6293, -0.4258,  4.0077, -1.6298,
          0.6482]], device='cuda:0', grad_fn=<AddmmBackward0>)}
0:04:42.780112 - K crop tensor([[[1.7820e+03, 0.0000e+00, 2.3463e+02],
         [0.0000e+00, 1.7820e+03, 5.0794e+01],
         [0.0000e+00, 0.0000e+00, 1.0000e+00]]], device='cuda:0')
0:04:42.780999 - TCO_input tensor([[[ 1.0000,  0.0000,  0.0000, -0.0125],
         [ 0.0000,  1.0000,  0.0000,  0.0114],
         [ 0.0000,  0.0000,  1.0000,  0.2958],
         [ 0.0000,  0.0000,  0.0000,  1.0000]]], device='cuda:0')
0:04:42.782549 - model tco output tensor([[[-0.7894,  0.4501,  0.4174, -0.0077],
         [-0.5702, -0.7895, -0.2271,  0.0072],
         [ 0.2273, -0.4172,  0.8799,  0.1917],
         [ 0.0000,  0.0000,  0.0000,  1.0000]]], device='cuda:0',
       grad_fn=<CopySlices>)
0:04:42.822124 - Wrote debug data: /home/ubuntu/synthetic_pose_estimation/cosypose/local_data/debug_data/debug_iter=1.pth.tar
0:04:43.034055 - TCO_input tensor([[[ 1.0000,  0.0000,  0.0000, -0.0125],
         [ 0.0000,  1.0000,  0.0000,  0.0114],
         [ 0.0000,  0.0000,  1.0000,  0.2958],
         [ 0.0000,  0.0000,  0.0000,  1.0000]]], device='cuda:0')
0:04:43.035120 - vxvyvz tensor([[ 4.0077, -1.6298,  0.6482]], device='cuda:0',
       grad_fn=<SliceBackward0>)
0:04:43.036150 - dR tensor([[[-0.7894,  0.4501,  0.4174],
         [-0.5702, -0.7895, -0.2271],
         [ 0.2273, -0.4172,  0.8799]]], device='cuda:0',
       grad_fn=<StackBackward0>)
0:04:43.037063 - fxfy tensor([[1782.0015, 1782.0017]], device='cuda:0')
0:04:43.039714 - TCO_gt tensor([[[-0.7893,  0.4511,  0.4165, -0.0100],
         [-0.5688, -0.7927, -0.2192,  0.0062],
         [ 0.2313, -0.4099,  0.8823,  0.1920],
         [ 0.0000,  0.0000,  0.0000,  1.0000]]], device='cuda:0')
0:04:43.040664 - TCO pred_orn tensor([[[-0.7894,  0.4501,  0.4174, -0.0100],
         [-0.5702, -0.7895, -0.2271,  0.0062],
         [ 0.2273, -0.4172,  0.8799,  0.1920],
         [ 0.0000,  0.0000,  0.0000,  1.0000]]], device='cuda:0',
       grad_fn=<CopySlices>)
0:04:43.041650 - TCO pred_xy tensor([[[-0.7893,  0.4511,  0.4165, -0.0077],
         [-0.5688, -0.7927, -0.2192,  0.0072],
         [ 0.2313, -0.4099,  0.8823,  0.1920],
         [ 0.0000,  0.0000,  0.0000,  1.0000]]], device='cuda:0',
       grad_fn=<CopySlices>)
0:04:43.042600 - TCO pred_z tensor([[[-0.7893,  0.4511,  0.4165, -0.0100],
         [-0.5688, -0.7927, -0.2192,  0.0062],
         [ 0.2313, -0.4099,  0.8823,  0.1917],
         [ 0.0000,  0.0000,  0.0000,  1.0000]]], device='cuda:0',
       grad_fn=<CopySlices>)
0:04:43.043273 - loss orn tensor([3.0772e-05], device='cuda:0', grad_fn=<MinBackward0>)
0:04:43.043934 - loss xy tensor([0.0011], device='cuda:0', grad_fn=<MinBackward0>)
0:04:43.044559 - loss z tensor([8.6461e-05], device='cuda:0', grad_fn=<MinBackward0>)
  0%|                                       | 0/1 [00:00<?, ?it/s, loss=0.00125]100%|███████████████████████████████| 1/1 [00:00<00:00,  4.58it/s, loss=0.00125]100%|███████████████████████████████| 1/1 [00:00<00:00,  4.57it/s, loss=0.00125]
0:04:42.807800 - saving /home/ubuntu/synthetic_pose_estimation/cosypose/local_data/experiments/bracket_assembly_debug_nut_nosym_coarse_noaug--938962 537
  0%|                                                     | 0/1 [00:00<?, ?it/s]0:04:43.223072 - iteration 0
0:04:43.273927 - outputs, {'pose': tensor([[-1.0124, -0.7246,  0.2985,  0.5575, -0.6218, -0.4190,  4.0065, -1.6312,
          0.6571]], device='cuda:0', grad_fn=<AddmmBackward0>)}
0:04:43.275637 - model_outputs {'pose': tensor([[-1.0124, -0.7246,  0.2985,  0.5575, -0.6218, -0.4190,  4.0065, -1.6312,
          0.6571]], device='cuda:0', grad_fn=<AddmmBackward0>)}
0:04:43.276416 - K crop tensor([[[1.8017e+03, 0.0000e+00, 2.6287e+02],
         [0.0000e+00, 1.8017e+03, 4.9443e+01],
         [0.0000e+00, 0.0000e+00, 1.0000e+00]]], device='cuda:0')
0:04:43.277277 - TCO_input tensor([[[ 1.0000,  0.0000,  0.0000, -0.0172],
         [ 0.0000,  1.0000,  0.0000,  0.0116],
         [ 0.0000,  0.0000,  1.0000,  0.2990],
         [ 0.0000,  0.0000,  0.0000,  1.0000]]], device='cuda:0')
0:04:43.278189 - model tco output tensor([[[-0.7908,  0.4478,  0.4174, -0.0108],
         [-0.5660, -0.7945, -0.2199,  0.0075],
         [ 0.2332, -0.4102,  0.8817,  0.1965],
         [ 0.0000,  0.0000,  0.0000,  1.0000]]], device='cuda:0',
       grad_fn=<CopySlices>)
0:04:43.318522 - Wrote debug data: /home/ubuntu/synthetic_pose_estimation/cosypose/local_data/debug_data/debug_iter=1.pth.tar
0:04:43.529566 - TCO_input tensor([[[ 1.0000,  0.0000,  0.0000, -0.0172],
         [ 0.0000,  1.0000,  0.0000,  0.0116],
         [ 0.0000,  0.0000,  1.0000,  0.2990],
         [ 0.0000,  0.0000,  0.0000,  1.0000]]], device='cuda:0')
0:04:43.530672 - vxvyvz tensor([[ 4.0065, -1.6312,  0.6571]], device='cuda:0',
       grad_fn=<SliceBackward0>)
0:04:43.531677 - dR tensor([[[-0.7908,  0.4478,  0.4174],
         [-0.5660, -0.7945, -0.2199],
         [ 0.2332, -0.4102,  0.8817]]], device='cuda:0',
       grad_fn=<StackBackward0>)
0:04:43.532579 - fxfy tensor([[1801.7332, 1801.7332]], device='cuda:0')
0:04:43.535422 - TCO_gt tensor([[[-0.7893,  0.4511,  0.4165, -0.0100],
         [-0.5688, -0.7927, -0.2192,  0.0062],
         [ 0.2313, -0.4099,  0.8823,  0.1920],
         [ 0.0000,  0.0000,  0.0000,  1.0000]]], device='cuda:0')
0:04:43.536371 - TCO pred_orn tensor([[[-0.7908,  0.4478,  0.4174, -0.0100],
         [-0.5660, -0.7945, -0.2199,  0.0062],
         [ 0.2332, -0.4102,  0.8817,  0.1920],
         [ 0.0000,  0.0000,  0.0000,  1.0000]]], device='cuda:0',
       grad_fn=<CopySlices>)
0:04:43.537354 - TCO pred_xy tensor([[[-0.7893,  0.4511,  0.4165, -0.0106],
         [-0.5688, -0.7927, -0.2192,  0.0073],
         [ 0.2313, -0.4099,  0.8823,  0.1920],
         [ 0.0000,  0.0000,  0.0000,  1.0000]]], device='cuda:0',
       grad_fn=<CopySlices>)
0:04:43.538234 - TCO pred_z tensor([[[-0.7893,  0.4511,  0.4165, -0.0100],
         [-0.5688, -0.7927, -0.2192,  0.0062],
         [ 0.2313, -0.4099,  0.8823,  0.1965],
         [ 0.0000,  0.0000,  0.0000,  1.0000]]], device='cuda:0',
       grad_fn=<CopySlices>)
0:04:43.538903 - loss orn tensor([1.7942e-05], device='cuda:0', grad_fn=<MinBackward0>)
0:04:43.539642 - loss xy tensor([0.0006], device='cuda:0', grad_fn=<MinBackward0>)
0:04:43.540359 - loss z tensor([0.0015], device='cuda:0', grad_fn=<MinBackward0>)
  0%|                                       | 0/1 [00:00<?, ?it/s, loss=0.00209]100%|███████████████████████████████| 1/1 [00:00<00:00,  4.35it/s, loss=0.00209]100%|███████████████████████████████| 1/1 [00:00<00:00,  4.34it/s, loss=0.00209]
0:04:43.310566 - saving /home/ubuntu/synthetic_pose_estimation/cosypose/local_data/experiments/bracket_assembly_debug_nut_nosym_coarse_noaug--938962 538
  0%|                                                     | 0/1 [00:00<?, ?it/s]0:04:43.725987 - iteration 0
0:04:43.769917 - outputs, {'pose': tensor([[-1.0123, -0.7318,  0.3012,  0.5661, -0.6386, -0.4285,  4.0246, -1.6411,
          0.6747]], device='cuda:0', grad_fn=<AddmmBackward0>)}
0:04:43.771541 - model_outputs {'pose': tensor([[-1.0123, -0.7318,  0.3012,  0.5661, -0.6386, -0.4285,  4.0246, -1.6411,
          0.6747]], device='cuda:0', grad_fn=<AddmmBackward0>)}
0:04:43.772380 - K crop tensor([[[1.9243e+03, 0.0000e+00, 2.0962e+02],
         [0.0000e+00, 1.9243e+03, 2.5442e+00],
         [0.0000e+00, 0.0000e+00, 1.0000e+00]]], device='cuda:0')
0:04:43.773295 - TCO_input tensor([[[ 1.0000,  0.0000,  0.0000, -0.0084],
         [ 0.0000,  1.0000,  0.0000,  0.0196],
         [ 0.0000,  0.0000,  1.0000,  0.3217],
         [ 0.0000,  0.0000,  0.0000,  1.0000]]], device='cuda:0')
0:04:43.774893 - model tco output tensor([[[-0.7878,  0.4504,  0.4201, -0.0052],
         [-0.5695, -0.7924, -0.2186,  0.0130],
         [ 0.2344, -0.4114,  0.8808,  0.2171],
         [ 0.0000,  0.0000,  0.0000,  1.0000]]], device='cuda:0',
       grad_fn=<CopySlices>)
0:04:43.813825 - Wrote debug data: /home/ubuntu/synthetic_pose_estimation/cosypose/local_data/debug_data/debug_iter=1.pth.tar
0:04:44.029391 - TCO_input tensor([[[ 1.0000,  0.0000,  0.0000, -0.0084],
         [ 0.0000,  1.0000,  0.0000,  0.0196],
         [ 0.0000,  0.0000,  1.0000,  0.3217],
         [ 0.0000,  0.0000,  0.0000,  1.0000]]], device='cuda:0')
0:04:44.030464 - vxvyvz tensor([[ 4.0246, -1.6411,  0.6747]], device='cuda:0',
       grad_fn=<SliceBackward0>)
0:04:44.031565 - dR tensor([[[-0.7878,  0.4504,  0.4201],
         [-0.5695, -0.7924, -0.2186],
         [ 0.2344, -0.4114,  0.8808]]], device='cuda:0',
       grad_fn=<StackBackward0>)
0:04:44.032854 - fxfy tensor([[1924.3114, 1924.3115]], device='cuda:0')
0:04:44.036183 - TCO_gt tensor([[[-0.7893,  0.4511,  0.4165, -0.0100],
         [-0.5688, -0.7927, -0.2192,  0.0062],
         [ 0.2313, -0.4099,  0.8823,  0.1920],
         [ 0.0000,  0.0000,  0.0000,  1.0000]]], device='cuda:0')
0:04:44.037110 - TCO pred_orn tensor([[[-0.7878,  0.4504,  0.4201, -0.0100],
         [-0.5695, -0.7924, -0.2186,  0.0062],
         [ 0.2344, -0.4114,  0.8808,  0.1920],
         [ 0.0000,  0.0000,  0.0000,  1.0000]]], device='cuda:0',
       grad_fn=<CopySlices>)
0:04:44.038193 - TCO pred_xy tensor([[[-0.7893,  0.4511,  0.4165, -0.0046],
         [-0.5688, -0.7927, -0.2192,  0.0115],
         [ 0.2313, -0.4099,  0.8823,  0.1920],
         [ 0.0000,  0.0000,  0.0000,  1.0000]]], device='cuda:0',
       grad_fn=<CopySlices>)
0:04:44.039082 - TCO pred_z tensor([[[-0.7893,  0.4511,  0.4165, -0.0100],
         [-0.5688, -0.7927, -0.2192,  0.0062],
         [ 0.2313, -0.4099,  0.8823,  0.2171],
         [ 0.0000,  0.0000,  0.0000,  1.0000]]], device='cuda:0',
       grad_fn=<CopySlices>)
0:04:44.039715 - loss orn tensor([1.4494e-05], device='cuda:0', grad_fn=<MinBackward0>)
0:04:44.040332 - loss xy tensor([0.0036], device='cuda:0', grad_fn=<MinBackward0>)
0:04:44.040960 - loss z tensor([0.0084], device='cuda:0', grad_fn=<MinBackward0>)
  0%|                                         | 0/1 [00:00<?, ?it/s, loss=0.012]100%|█████████████████████████████████| 1/1 [00:00<00:00,  4.49it/s, loss=0.012]100%|█████████████████████████████████| 1/1 [00:00<00:00,  4.48it/s, loss=0.012]
0:04:43.851812 - saving /home/ubuntu/synthetic_pose_estimation/cosypose/local_data/experiments/bracket_assembly_debug_nut_nosym_coarse_noaug--938962 539
  0%|                                                     | 0/1 [00:00<?, ?it/s]0:04:44.267256 - iteration 0
0:04:44.311013 - outputs, {'pose': tensor([[-1.0149, -0.7369,  0.2971,  0.5624, -0.6248, -0.4226,  4.0123, -1.6402,
          0.6628]], device='cuda:0', grad_fn=<AddmmBackward0>)}
0:04:44.312651 - model_outputs {'pose': tensor([[-1.0149, -0.7369,  0.2971,  0.5624, -0.6248, -0.4226,  4.0123, -1.6402,
          0.6628]], device='cuda:0', grad_fn=<AddmmBackward0>)}
0:04:44.313481 - K crop tensor([[[2.0106e+03, 0.0000e+00, 2.5419e+02],
         [0.0000e+00, 2.0106e+03, 3.2859e+01],
         [0.0000e+00, 0.0000e+00, 1.0000e+00]]], device='cuda:0')
0:04:44.314334 - TCO_input tensor([[[ 1.0000,  0.0000,  0.0000, -0.0157],
         [ 0.0000,  1.0000,  0.0000,  0.0144],
         [ 0.0000,  0.0000,  1.0000,  0.3336],
         [ 0.0000,  0.0000,  0.0000,  1.0000]]], device='cuda:0')
0:04:44.315839 - model tco output tensor([[[-0.7874,  0.4532,  0.4178, -0.0100],
         [-0.5717, -0.7904, -0.2201,  0.0093],
         [ 0.2305, -0.4122,  0.8815,  0.2211],
         [ 0.0000,  0.0000,  0.0000,  1.0000]]], device='cuda:0',
       grad_fn=<CopySlices>)
0:04:44.353286 - Wrote debug data: /home/ubuntu/synthetic_pose_estimation/cosypose/local_data/debug_data/debug_iter=1.pth.tar
0:04:44.575182 - TCO_input tensor([[[ 1.0000,  0.0000,  0.0000, -0.0157],
         [ 0.0000,  1.0000,  0.0000,  0.0144],
         [ 0.0000,  0.0000,  1.0000,  0.3336],
         [ 0.0000,  0.0000,  0.0000,  1.0000]]], device='cuda:0')
0:04:44.576131 - vxvyvz tensor([[ 4.0123, -1.6402,  0.6628]], device='cuda:0',
       grad_fn=<SliceBackward0>)
0:04:44.577137 - dR tensor([[[-0.7874,  0.4532,  0.4178],
         [-0.5717, -0.7904, -0.2201],
         [ 0.2305, -0.4122,  0.8815]]], device='cuda:0',
       grad_fn=<StackBackward0>)
0:04:44.578012 - fxfy tensor([[2010.6085, 2010.6085]], device='cuda:0')
0:04:44.580463 - TCO_gt tensor([[[-0.7893,  0.4511,  0.4165, -0.0100],
         [-0.5688, -0.7927, -0.2192,  0.0062],
         [ 0.2313, -0.4099,  0.8823,  0.1920],
         [ 0.0000,  0.0000,  0.0000,  1.0000]]], device='cuda:0')
0:04:44.581402 - TCO pred_orn tensor([[[-0.7874,  0.4532,  0.4178, -0.0100],
         [-0.5717, -0.7904, -0.2201,  0.0062],
         [ 0.2305, -0.4122,  0.8815,  0.1920],
         [ 0.0000,  0.0000,  0.0000,  1.0000]]], device='cuda:0',
       grad_fn=<CopySlices>)
0:04:44.582287 - TCO pred_xy tensor([[[-0.7893,  0.4511,  0.4165, -0.0087],
         [-0.5688, -0.7927, -0.2192,  0.0081],
         [ 0.2313, -0.4099,  0.8823,  0.1920],
         [ 0.0000,  0.0000,  0.0000,  1.0000]]], device='cuda:0',
       grad_fn=<CopySlices>)
0:04:44.583189 - TCO pred_z tensor([[[-0.7893,  0.4511,  0.4165, -0.0100],
         [-0.5688, -0.7927, -0.2192,  0.0062],
         [ 0.2313, -0.4099,  0.8823,  0.2211],
         [ 0.0000,  0.0000,  0.0000,  1.0000]]], device='cuda:0',
       grad_fn=<CopySlices>)
0:04:44.583816 - loss orn tensor([1.7958e-05], device='cuda:0', grad_fn=<MinBackward0>)
0:04:44.584443 - loss xy tensor([0.0011], device='cuda:0', grad_fn=<MinBackward0>)
0:04:44.585078 - loss z tensor([0.0097], device='cuda:0', grad_fn=<MinBackward0>)
  0%|                                        | 0/1 [00:00<?, ?it/s, loss=0.0108]100%|████████████████████████████████| 1/1 [00:00<00:00,  4.42it/s, loss=0.0108]100%|████████████████████████████████| 1/1 [00:00<00:00,  4.42it/s, loss=0.0108]
  0%|                                                     | 0/1 [00:00<?, ?it/s]0:04:44.492599 - iteration 0
0:04:44.529359 - outputs, {'pose': tensor([[-0.7672, -0.5634,  0.3368,  0.6379, -0.4163, -0.2421,  2.6226, -1.4312,
          0.7998]], device='cuda:0')}
0:04:44.530894 - model_outputs {'pose': tensor([[-0.7672, -0.5634,  0.3368,  0.6379, -0.4163, -0.2421,  2.6226, -1.4312,
          0.7998]], device='cuda:0')}
0:04:44.531651 - K crop tensor([[[1.6094e+03, 0.0000e+00, 1.8810e+02],
         [0.0000e+00, 1.6094e+03, 2.8795e+01],
         [0.0000e+00, 0.0000e+00, 1.0000e+00]]], device='cuda:0')
0:04:44.532482 - TCO_input tensor([[[ 1.0000,  0.0000,  0.0000, -0.0048],
         [ 0.0000,  1.0000,  0.0000,  0.0152],
         [ 0.0000,  0.0000,  1.0000,  0.2696],
         [ 0.0000,  0.0000,  0.0000,  1.0000]]], device='cuda:0')
0:04:44.533371 - model tco output tensor([[[-0.7599,  0.5296,  0.3771, -0.0035],
         [-0.5580, -0.8289,  0.0397,  0.0120],
         [ 0.3336, -0.1802,  0.9253,  0.2156],
         [ 0.0000,  0.0000,  0.0000,  1.0000]]], device='cuda:0')
0:04:44.575669 - Wrote debug data: /home/ubuntu/synthetic_pose_estimation/cosypose/local_data/debug_data/debug_iter=1.pth.tar
0:04:44.790728 - TCO_input tensor([[[ 1.0000,  0.0000,  0.0000, -0.0048],
         [ 0.0000,  1.0000,  0.0000,  0.0152],
         [ 0.0000,  0.0000,  1.0000,  0.2696],
         [ 0.0000,  0.0000,  0.0000,  1.0000]]], device='cuda:0')
0:04:44.791694 - vxvyvz tensor([[ 2.6226, -1.4312,  0.7998]], device='cuda:0')
0:04:44.792647 - dR tensor([[[-0.7599,  0.5296,  0.3771],
         [-0.5580, -0.8289,  0.0397],
         [ 0.3336, -0.1802,  0.9253]]], device='cuda:0')
0:04:44.793535 - fxfy tensor([[1609.4366, 1609.4366]], device='cuda:0')
0:04:44.795815 - TCO_gt tensor([[[-0.7893,  0.4511,  0.4165, -0.0100],
         [-0.5688, -0.7927, -0.2192,  0.0062],
         [ 0.2313, -0.4099,  0.8823,  0.1920],
         [ 0.0000,  0.0000,  0.0000,  1.0000]]], device='cuda:0')
0:04:44.796713 - TCO pred_orn tensor([[[-0.7599,  0.5296,  0.3771, -0.0100],
         [-0.5580, -0.8289,  0.0397,  0.0062],
         [ 0.3336, -0.1802,  0.9253,  0.1920],
         [ 0.0000,  0.0000,  0.0000,  1.0000]]], device='cuda:0')
0:04:44.797644 - TCO pred_xy tensor([[[-0.7893,  0.4511,  0.4165, -0.0031],
         [-0.5688, -0.7927, -0.2192,  0.0106],
         [ 0.2313, -0.4099,  0.8823,  0.1920],
         [ 0.0000,  0.0000,  0.0000,  1.0000]]], device='cuda:0')
0:04:44.798518 - TCO pred_z tensor([[[-0.7893,  0.4511,  0.4165, -0.0100],
         [-0.5688, -0.7927, -0.2192,  0.0062],
         [ 0.2313, -0.4099,  0.8823,  0.2156],
         [ 0.0000,  0.0000,  0.0000,  1.0000]]], device='cuda:0')
0:04:44.799131 - loss orn tensor([0.0010], device='cuda:0')
0:04:44.799757 - loss xy tensor([0.0038], device='cuda:0')
0:04:44.800365 - loss z tensor([0.0079], device='cuda:0')
100%|█████████████████████████████████████████████| 1/1 [00:00<00:00,  7.91it/s]100%|█████████████████████████████████████████████| 1/1 [00:00<00:00,  7.89it/s]
0:04:44.516172 - saving /home/ubuntu/synthetic_pose_estimation/cosypose/local_data/experiments/bracket_assembly_debug_nut_nosym_coarse_noaug--938962 540
  0%|                                                     | 0/1 [00:00<?, ?it/s]0:04:44.928005 - iteration 0
0:04:44.971858 - outputs, {'pose': tensor([[-1.0135, -0.7348,  0.2922,  0.5578, -0.6321, -0.4269,  4.0106, -1.6364,
          0.6492]], device='cuda:0', grad_fn=<AddmmBackward0>)}
0:04:44.973562 - model_outputs {'pose': tensor([[-1.0135, -0.7348,  0.2922,  0.5578, -0.6321, -0.4269,  4.0106, -1.6364,
          0.6492]], device='cuda:0', grad_fn=<AddmmBackward0>)}
0:04:44.974348 - K crop tensor([[[1.7690e+03, 0.0000e+00, 2.4930e+02],
         [0.0000e+00, 1.7690e+03, 8.6599e+01],
         [0.0000e+00, 0.0000e+00, 1.0000e+00]]], device='cuda:0')
0:04:44.975188 - TCO_input tensor([[[ 1.0000,  0.0000,  0.0000, -0.0148],
         [ 0.0000,  1.0000,  0.0000,  0.0054],
         [ 0.0000,  0.0000,  1.0000,  0.2913],
         [ 0.0000,  0.0000,  0.0000,  1.0000]]], device='cuda:0')
0:04:44.976079 - model tco output tensor([[[-0.7884,  0.4517,  0.4176, -0.0092],
         [-0.5716, -0.7888, -0.2260,  0.0033],
         [ 0.2273, -0.4168,  0.8801,  0.1891],
         [ 0.0000,  0.0000,  0.0000,  1.0000]]], device='cuda:0',
       grad_fn=<CopySlices>)
0:04:45.015482 - Wrote debug data: /home/ubuntu/synthetic_pose_estimation/cosypose/local_data/debug_data/debug_iter=1.pth.tar
0:04:45.228929 - TCO_input tensor([[[ 1.0000,  0.0000,  0.0000, -0.0148],
         [ 0.0000,  1.0000,  0.0000,  0.0054],
         [ 0.0000,  0.0000,  1.0000,  0.2913],
         [ 0.0000,  0.0000,  0.0000,  1.0000]]], device='cuda:0')
0:04:45.229911 - vxvyvz tensor([[ 4.0106, -1.6364,  0.6492]], device='cuda:0',
       grad_fn=<SliceBackward0>)
0:04:45.230915 - dR tensor([[[-0.7884,  0.4517,  0.4176],
         [-0.5716, -0.7888, -0.2260],
         [ 0.2273, -0.4168,  0.8801]]], device='cuda:0',
       grad_fn=<StackBackward0>)
0:04:45.231786 - fxfy tensor([[1768.9529, 1768.9531]], device='cuda:0')
0:04:45.234283 - TCO_gt tensor([[[-0.7893,  0.4511,  0.4165, -0.0100],
         [-0.5688, -0.7927, -0.2192,  0.0062],
         [ 0.2313, -0.4099,  0.8823,  0.1920],
         [ 0.0000,  0.0000,  0.0000,  1.0000]]], device='cuda:0')
0:04:45.235194 - TCO pred_orn tensor([[[-0.7884,  0.4517,  0.4176, -0.0100],
         [-0.5716, -0.7888, -0.2260,  0.0062],
         [ 0.2273, -0.4168,  0.8801,  0.1920],
         [ 0.0000,  0.0000,  0.0000,  1.0000]]], device='cuda:0',
       grad_fn=<CopySlices>)
0:04:45.236083 - TCO pred_xy tensor([[[-0.7893,  0.4511,  0.4165, -0.0093],
         [-0.5688, -0.7927, -0.2192,  0.0034],
         [ 0.2313, -0.4099,  0.8823,  0.1920],
         [ 0.0000,  0.0000,  0.0000,  1.0000]]], device='cuda:0',
       grad_fn=<CopySlices>)
0:04:45.236995 - TCO pred_z tensor([[[-0.7893,  0.4511,  0.4165, -0.0100],
         [-0.5688, -0.7927, -0.2192,  0.0062],
         [ 0.2313, -0.4099,  0.8823,  0.1891],
         [ 0.0000,  0.0000,  0.0000,  1.0000]]], device='cuda:0',
       grad_fn=<CopySlices>)
0:04:45.237660 - loss orn tensor([3.0299e-05], device='cuda:0', grad_fn=<MinBackward0>)
0:04:45.238294 - loss xy tensor([0.0012], device='cuda:0', grad_fn=<MinBackward0>)
0:04:45.238911 - loss z tensor([0.0010], device='cuda:0', grad_fn=<MinBackward0>)
  0%|                                       | 0/1 [00:00<?, ?it/s, loss=0.00214]100%|███████████████████████████████| 1/1 [00:00<00:00,  4.62it/s, loss=0.00214]100%|███████████████████████████████| 1/1 [00:00<00:00,  4.61it/s, loss=0.00214]
0:04:45.010438 - saving /home/ubuntu/synthetic_pose_estimation/cosypose/local_data/experiments/bracket_assembly_debug_nut_nosym_coarse_noaug--938962 541
  0%|                                                     | 0/1 [00:00<?, ?it/s]0:04:45.425838 - iteration 0
0:04:45.470145 - outputs, {'pose': tensor([[-1.0132, -0.7296,  0.2928,  0.5549, -0.6241, -0.4227,  4.0165, -1.6378,
          0.6616]], device='cuda:0', grad_fn=<AddmmBackward0>)}
0:04:45.471826 - model_outputs {'pose': tensor([[-1.0132, -0.7296,  0.2928,  0.5549, -0.6241, -0.4227,  4.0165, -1.6378,
          0.6616]], device='cuda:0', grad_fn=<AddmmBackward0>)}
0:04:45.472643 - K crop tensor([[[1.6449e+03, 0.0000e+00, 2.6670e+02],
         [0.0000e+00, 1.6449e+03, 8.9243e+01],
         [0.0000e+00, 0.0000e+00, 1.0000e+00]]], device='cuda:0')
0:04:45.474104 - TCO_input tensor([[[ 1.0000,  0.0000,  0.0000, -0.0177],
         [ 0.0000,  1.0000,  0.0000,  0.0050],
         [ 0.0000,  0.0000,  1.0000,  0.2712],
         [ 0.0000,  0.0000,  0.0000,  1.0000]]], device='cuda:0')
0:04:45.475135 - model tco output tensor([[[-0.7901,  0.4494,  0.4169, -0.0113],
         [-0.5689, -0.7908, -0.2257,  0.0031],
         [ 0.2283, -0.4155,  0.8805,  0.1795],
         [ 0.0000,  0.0000,  0.0000,  1.0000]]], device='cuda:0',
       grad_fn=<CopySlices>)
0:04:45.513471 - Wrote debug data: /home/ubuntu/synthetic_pose_estimation/cosypose/local_data/debug_data/debug_iter=1.pth.tar
0:04:45.725773 - TCO_input tensor([[[ 1.0000,  0.0000,  0.0000, -0.0177],
         [ 0.0000,  1.0000,  0.0000,  0.0050],
         [ 0.0000,  0.0000,  1.0000,  0.2712],
         [ 0.0000,  0.0000,  0.0000,  1.0000]]], device='cuda:0')
0:04:45.726804 - vxvyvz tensor([[ 4.0165, -1.6378,  0.6616]], device='cuda:0',
       grad_fn=<SliceBackward0>)
0:04:45.727830 - dR tensor([[[-0.7901,  0.4494,  0.4169],
         [-0.5689, -0.7908, -0.2257],
         [ 0.2283, -0.4155,  0.8805]]], device='cuda:0',
       grad_fn=<StackBackward0>)
0:04:45.728724 - fxfy tensor([[1644.8879, 1644.8884]], device='cuda:0')
0:04:45.731259 - TCO_gt tensor([[[-0.7893,  0.4511,  0.4165, -0.0100],
         [-0.5688, -0.7927, -0.2192,  0.0062],
         [ 0.2313, -0.4099,  0.8823,  0.1920],
         [ 0.0000,  0.0000,  0.0000,  1.0000]]], device='cuda:0')
0:04:45.732197 - TCO pred_orn tensor([[[-0.7901,  0.4494,  0.4169, -0.0100],
         [-0.5689, -0.7908, -0.2257,  0.0062],
         [ 0.2283, -0.4155,  0.8805,  0.1920],
         [ 0.0000,  0.0000,  0.0000,  1.0000]]], device='cuda:0',
       grad_fn=<CopySlices>)
0:04:45.733143 - TCO pred_xy tensor([[[-0.7893,  0.4511,  0.4165, -0.0120],
         [-0.5688, -0.7927, -0.2192,  0.0033],
         [ 0.2313, -0.4099,  0.8823,  0.1920],
         [ 0.0000,  0.0000,  0.0000,  1.0000]]], device='cuda:0',
       grad_fn=<CopySlices>)
0:04:45.734093 - TCO pred_z tensor([[[-0.7893,  0.4511,  0.4165, -0.0100],
         [-0.5688, -0.7927, -0.2192,  0.0062],
         [ 0.2313, -0.4099,  0.8823,  0.1795],
         [ 0.0000,  0.0000,  0.0000,  1.0000]]], device='cuda:0',
       grad_fn=<CopySlices>)
0:04:45.734749 - loss orn tensor([2.5951e-05], device='cuda:0', grad_fn=<MinBackward0>)
0:04:45.735423 - loss xy tensor([0.0016], device='cuda:0', grad_fn=<MinBackward0>)
0:04:45.736063 - loss z tensor([0.0042], device='cuda:0', grad_fn=<MinBackward0>)
  0%|                                       | 0/1 [00:00<?, ?it/s, loss=0.00582]100%|███████████████████████████████| 1/1 [00:00<00:00,  4.56it/s, loss=0.00582]100%|███████████████████████████████| 1/1 [00:00<00:00,  4.55it/s, loss=0.00582]
0:04:45.546136 - saving /home/ubuntu/synthetic_pose_estimation/cosypose/local_data/experiments/bracket_assembly_debug_nut_nosym_coarse_noaug--938962 542
  0%|                                                     | 0/1 [00:00<?, ?it/s]0:04:45.961645 - iteration 0
0:04:46.006121 - outputs, {'pose': tensor([[-1.0074, -0.7314,  0.2956,  0.5624, -0.6317, -0.4237,  4.0282, -1.6448,
          0.6507]], device='cuda:0', grad_fn=<AddmmBackward0>)}
0:04:46.007847 - model_outputs {'pose': tensor([[-1.0074, -0.7314,  0.2956,  0.5624, -0.6317, -0.4237,  4.0282, -1.6448,
          0.6507]], device='cuda:0', grad_fn=<AddmmBackward0>)}
0:04:46.008675 - K crop tensor([[[1.8364e+03, 0.0000e+00, 2.4576e+02],
         [0.0000e+00, 1.8364e+03, 6.8984e+01],
         [0.0000e+00, 0.0000e+00, 1.0000e+00]]], device='cuda:0')
0:04:46.010446 - TCO_input tensor([[[ 1.0000,  0.0000,  0.0000, -0.0142],
         [ 0.0000,  1.0000,  0.0000,  0.0083],
         [ 0.0000,  0.0000,  1.0000,  0.3033],
         [ 0.0000,  0.0000,  0.0000,  1.0000]]], device='cuda:0')
0:04:46.011516 - model tco output tensor([[[-0.7873,  0.4533,  0.4179, -0.0088],
         [-0.5716, -0.7907, -0.2192,  0.0053],
         [ 0.2311, -0.4115,  0.8816,  0.1973],
         [ 0.0000,  0.0000,  0.0000,  1.0000]]], device='cuda:0',
       grad_fn=<CopySlices>)
0:04:46.050993 - Wrote debug data: /home/ubuntu/synthetic_pose_estimation/cosypose/local_data/debug_data/debug_iter=1.pth.tar
0:04:46.263416 - TCO_input tensor([[[ 1.0000,  0.0000,  0.0000, -0.0142],
         [ 0.0000,  1.0000,  0.0000,  0.0083],
         [ 0.0000,  0.0000,  1.0000,  0.3033],
         [ 0.0000,  0.0000,  0.0000,  1.0000]]], device='cuda:0')
0:04:46.264591 - vxvyvz tensor([[ 4.0282, -1.6448,  0.6507]], device='cuda:0',
       grad_fn=<SliceBackward0>)
0:04:46.265685 - dR tensor([[[-0.7873,  0.4533,  0.4179],
         [-0.5716, -0.7907, -0.2192],
         [ 0.2311, -0.4115,  0.8816]]], device='cuda:0',
       grad_fn=<StackBackward0>)
0:04:46.266636 - fxfy tensor([[1836.4004, 1836.4005]], device='cuda:0')
0:04:46.269203 - TCO_gt tensor([[[-0.7893,  0.4511,  0.4165, -0.0100],
         [-0.5688, -0.7927, -0.2192,  0.0062],
         [ 0.2313, -0.4099,  0.8823,  0.1920],
         [ 0.0000,  0.0000,  0.0000,  1.0000]]], device='cuda:0')
0:04:46.270124 - TCO pred_orn tensor([[[-0.7873,  0.4533,  0.4179, -0.0100],
         [-0.5716, -0.7907, -0.2192,  0.0062],
         [ 0.2311, -0.4115,  0.8816,  0.1920],
         [ 0.0000,  0.0000,  0.0000,  1.0000]]], device='cuda:0',
       grad_fn=<CopySlices>)
0:04:46.271031 - TCO pred_xy tensor([[[-0.7893,  0.4511,  0.4165, -0.0086],
         [-0.5688, -0.7927, -0.2192,  0.0051],
         [ 0.2313, -0.4099,  0.8823,  0.1920],
         [ 0.0000,  0.0000,  0.0000,  1.0000]]], device='cuda:0',
       grad_fn=<CopySlices>)
0:04:46.271942 - TCO pred_z tensor([[[-0.7893,  0.4511,  0.4165, -0.0100],
         [-0.5688, -0.7927, -0.2192,  0.0062],
         [ 0.2313, -0.4099,  0.8823,  0.1973],
         [ 0.0000,  0.0000,  0.0000,  1.0000]]], device='cuda:0',
       grad_fn=<CopySlices>)
0:04:46.272562 - loss orn tensor([1.6154e-05], device='cuda:0', grad_fn=<MinBackward0>)
0:04:46.273175 - loss xy tensor([0.0008], device='cuda:0', grad_fn=<MinBackward0>)
0:04:46.273798 - loss z tensor([0.0018], device='cuda:0', grad_fn=<MinBackward0>)
  0%|                                       | 0/1 [00:00<?, ?it/s, loss=0.00263]100%|███████████████████████████████| 1/1 [00:00<00:00,  4.55it/s, loss=0.00263]100%|███████████████████████████████| 1/1 [00:00<00:00,  4.54it/s, loss=0.00263]
0:04:46.051248 - saving /home/ubuntu/synthetic_pose_estimation/cosypose/local_data/experiments/bracket_assembly_debug_nut_nosym_coarse_noaug--938962 543
  0%|                                                     | 0/1 [00:00<?, ?it/s]0:04:46.466600 - iteration 0
0:04:46.515175 - outputs, {'pose': tensor([[-1.0032, -0.7358,  0.2991,  0.5635, -0.6315, -0.4226,  4.0145, -1.6433,
          0.6463]], device='cuda:0', grad_fn=<AddmmBackward0>)}
0:04:46.516927 - model_outputs {'pose': tensor([[-1.0032, -0.7358,  0.2991,  0.5635, -0.6315, -0.4226,  4.0145, -1.6433,
          0.6463]], device='cuda:0', grad_fn=<AddmmBackward0>)}
0:04:46.517775 - K crop tensor([[[1.8696e+03, 0.0000e+00, 2.4987e+02],
         [0.0000e+00, 1.8696e+03, 4.0592e+01],
         [0.0000e+00, 0.0000e+00, 1.0000e+00]]], device='cuda:0')
0:04:46.519248 - TCO_input tensor([[[ 1.0000,  0.0000,  0.0000, -0.0150],
         [ 0.0000,  1.0000,  0.0000,  0.0131],
         [ 0.0000,  0.0000,  1.0000,  0.3105],
         [ 0.0000,  0.0000,  0.0000,  1.0000]]], device='cuda:0')
0:04:46.520279 - model tco output tensor([[[-0.7841,  0.4567,  0.4204, -0.0093],
         [-0.5750, -0.7894, -0.2149,  0.0083],
         [ 0.2337, -0.4102,  0.8815,  0.2007],
         [ 0.0000,  0.0000,  0.0000,  1.0000]]], device='cuda:0',
       grad_fn=<CopySlices>)
0:04:46.559060 - Wrote debug data: /home/ubuntu/synthetic_pose_estimation/cosypose/local_data/debug_data/debug_iter=1.pth.tar
0:04:46.771323 - TCO_input tensor([[[ 1.0000,  0.0000,  0.0000, -0.0150],
         [ 0.0000,  1.0000,  0.0000,  0.0131],
         [ 0.0000,  0.0000,  1.0000,  0.3105],
         [ 0.0000,  0.0000,  0.0000,  1.0000]]], device='cuda:0')
0:04:46.772264 - vxvyvz tensor([[ 4.0145, -1.6433,  0.6463]], device='cuda:0',
       grad_fn=<SliceBackward0>)
0:04:46.773292 - dR tensor([[[-0.7841,  0.4567,  0.4204],
         [-0.5750, -0.7894, -0.2149],
         [ 0.2337, -0.4102,  0.8815]]], device='cuda:0',
       grad_fn=<StackBackward0>)
0:04:46.774155 - fxfy tensor([[1869.5570, 1869.5571]], device='cuda:0')
0:04:46.776665 - TCO_gt tensor([[[-0.7893,  0.4511,  0.4165, -0.0100],
         [-0.5688, -0.7927, -0.2192,  0.0062],
         [ 0.2313, -0.4099,  0.8823,  0.1920],
         [ 0.0000,  0.0000,  0.0000,  1.0000]]], device='cuda:0')
0:04:46.777602 - TCO pred_orn tensor([[[-0.7841,  0.4567,  0.4204, -0.0100],
         [-0.5750, -0.7894, -0.2149,  0.0062],
         [ 0.2337, -0.4102,  0.8815,  0.1920],
         [ 0.0000,  0.0000,  0.0000,  1.0000]]], device='cuda:0',
       grad_fn=<CopySlices>)
0:04:46.778502 - TCO pred_xy tensor([[[-0.7893,  0.4511,  0.4165, -0.0089],
         [-0.5688, -0.7927, -0.2192,  0.0079],
         [ 0.2313, -0.4099,  0.8823,  0.1920],
         [ 0.0000,  0.0000,  0.0000,  1.0000]]], device='cuda:0',
       grad_fn=<CopySlices>)
0:04:46.779392 - TCO pred_z tensor([[[-0.7893,  0.4511,  0.4165, -0.0100],
         [-0.5688, -0.7927, -0.2192,  0.0062],
         [ 0.2313, -0.4099,  0.8823,  0.2007],
         [ 0.0000,  0.0000,  0.0000,  1.0000]]], device='cuda:0',
       grad_fn=<CopySlices>)
0:04:46.780019 - loss orn tensor([3.5502e-05], device='cuda:0', grad_fn=<MinBackward0>)
0:04:46.780618 - loss xy tensor([0.0010], device='cuda:0', grad_fn=<MinBackward0>)
0:04:46.781274 - loss z tensor([0.0029], device='cuda:0', grad_fn=<MinBackward0>)
  0%|                                        | 0/1 [00:00<?, ?it/s, loss=0.0039]100%|████████████████████████████████| 1/1 [00:00<00:00,  4.48it/s, loss=0.0039]100%|████████████████████████████████| 1/1 [00:00<00:00,  4.47it/s, loss=0.0039]
0:04:46.549047 - saving /home/ubuntu/synthetic_pose_estimation/cosypose/local_data/experiments/bracket_assembly_debug_nut_nosym_coarse_noaug--938962 544
  0%|                                                     | 0/1 [00:00<?, ?it/s]0:04:46.964220 - iteration 0
0:04:47.011022 - outputs, {'pose': tensor([[-1.0053, -0.7263,  0.2976,  0.5631, -0.6343, -0.4186,  4.0054, -1.6341,
          0.6530]], device='cuda:0', grad_fn=<AddmmBackward0>)}
0:04:47.012612 - model_outputs {'pose': tensor([[-1.0053, -0.7263,  0.2976,  0.5631, -0.6343, -0.4186,  4.0054, -1.6341,
          0.6530]], device='cuda:0', grad_fn=<AddmmBackward0>)}
0:04:47.013421 - K crop tensor([[[1.8874e+03, 0.0000e+00, 3.0012e+02],
         [0.0000e+00, 1.8874e+03, 5.2250e+01],
         [0.0000e+00, 0.0000e+00, 1.0000e+00]]], device='cuda:0')
0:04:47.014310 - TCO_input tensor([[[ 1.0000,  0.0000,  0.0000, -0.0233],
         [ 0.0000,  1.0000,  0.0000,  0.0111],
         [ 0.0000,  0.0000,  1.0000,  0.3125],
         [ 0.0000,  0.0000,  0.0000,  1.0000]]], device='cuda:0')
0:04:47.015235 - model tco output tensor([[[-0.7882,  0.4534,  0.4162, -0.0148],
         [-0.5694, -0.7937, -0.2139,  0.0071],
         [ 0.2334, -0.4055,  0.8838,  0.2041],
         [ 0.0000,  0.0000,  0.0000,  1.0000]]], device='cuda:0',
       grad_fn=<CopySlices>)
0:04:47.055534 - Wrote debug data: /home/ubuntu/synthetic_pose_estimation/cosypose/local_data/debug_data/debug_iter=1.pth.tar
0:04:47.268312 - TCO_input tensor([[[ 1.0000,  0.0000,  0.0000, -0.0233],
         [ 0.0000,  1.0000,  0.0000,  0.0111],
         [ 0.0000,  0.0000,  1.0000,  0.3125],
         [ 0.0000,  0.0000,  0.0000,  1.0000]]], device='cuda:0')
0:04:47.269479 - vxvyvz tensor([[ 4.0054, -1.6341,  0.6530]], device='cuda:0',
       grad_fn=<SliceBackward0>)
0:04:47.270525 - dR tensor([[[-0.7882,  0.4534,  0.4162],
         [-0.5694, -0.7937, -0.2139],
         [ 0.2334, -0.4055,  0.8838]]], device='cuda:0',
       grad_fn=<StackBackward0>)
0:04:47.271425 - fxfy tensor([[1887.4083, 1887.4087]], device='cuda:0')
0:04:47.274025 - TCO_gt tensor([[[-0.7893,  0.4511,  0.4165, -0.0100],
         [-0.5688, -0.7927, -0.2192,  0.0062],
         [ 0.2313, -0.4099,  0.8823,  0.1920],
         [ 0.0000,  0.0000,  0.0000,  1.0000]]], device='cuda:0')
0:04:47.274978 - TCO pred_orn tensor([[[-0.7882,  0.4534,  0.4162, -0.0100],
         [-0.5694, -0.7937, -0.2139,  0.0062],
         [ 0.2334, -0.4055,  0.8838,  0.1920],
         [ 0.0000,  0.0000,  0.0000,  1.0000]]], device='cuda:0',
       grad_fn=<CopySlices>)
0:04:47.275919 - TCO pred_xy tensor([[[-0.7893,  0.4511,  0.4165, -0.0139],
         [-0.5688, -0.7927, -0.2192,  0.0067],
         [ 0.2313, -0.4099,  0.8823,  0.1920],
         [ 0.0000,  0.0000,  0.0000,  1.0000]]], device='cuda:0',
       grad_fn=<CopySlices>)
0:04:47.276859 - TCO pred_z tensor([[[-0.7893,  0.4511,  0.4165, -0.0100],
         [-0.5688, -0.7927, -0.2192,  0.0062],
         [ 0.2313, -0.4099,  0.8823,  0.2041],
         [ 0.0000,  0.0000,  0.0000,  1.0000]]], device='cuda:0',
       grad_fn=<CopySlices>)
0:04:47.277580 - loss orn tensor([2.2098e-05], device='cuda:0', grad_fn=<MinBackward0>)
0:04:47.278231 - loss xy tensor([0.0015], device='cuda:0', grad_fn=<MinBackward0>)
0:04:47.278913 - loss z tensor([0.0040], device='cuda:0', grad_fn=<MinBackward0>)
  0%|                                       | 0/1 [00:00<?, ?it/s, loss=0.00553]100%|███████████████████████████████| 1/1 [00:00<00:00,  4.45it/s, loss=0.00553]100%|███████████████████████████████| 1/1 [00:00<00:00,  4.44it/s, loss=0.00553]
0:04:47.046371 - saving /home/ubuntu/synthetic_pose_estimation/cosypose/local_data/experiments/bracket_assembly_debug_nut_nosym_coarse_noaug--938962 545
  0%|                                                     | 0/1 [00:00<?, ?it/s]0:04:47.461633 - iteration 0
0:04:47.505450 - outputs, {'pose': tensor([[-1.0075, -0.7320,  0.2942,  0.5678, -0.6369, -0.4177,  4.0221, -1.6406,
          0.6411]], device='cuda:0', grad_fn=<AddmmBackward0>)}
0:04:47.507140 - model_outputs {'pose': tensor([[-1.0075, -0.7320,  0.2942,  0.5678, -0.6369, -0.4177,  4.0221, -1.6406,
          0.6411]], device='cuda:0', grad_fn=<AddmmBackward0>)}
0:04:47.507942 - K crop tensor([[[2.0594e+03, 0.0000e+00, 2.8010e+02],
         [0.0000e+00, 2.0594e+03, 5.0114e+00],
         [0.0000e+00, 0.0000e+00, 1.0000e+00]]], device='cuda:0')
0:04:47.508822 - TCO_input tensor([[[ 1.0000,  0.0000,  0.0000, -0.0201],
         [ 0.0000,  1.0000,  0.0000,  0.0191],
         [ 0.0000,  0.0000,  1.0000,  0.3432],
         [ 0.0000,  0.0000,  0.0000,  1.0000]]], device='cuda:0')
0:04:47.510438 - model tco output tensor([[[-0.7873,  0.4577,  0.4130, -0.0125],
         [-0.5720, -0.7922, -0.2126,  0.0121],
         [ 0.2299, -0.4036,  0.8856,  0.2200],
         [ 0.0000,  0.0000,  0.0000,  1.0000]]], device='cuda:0',
       grad_fn=<CopySlices>)
0:04:47.552340 - Wrote debug data: /home/ubuntu/synthetic_pose_estimation/cosypose/local_data/debug_data/debug_iter=1.pth.tar
0:04:47.764894 - TCO_input tensor([[[ 1.0000,  0.0000,  0.0000, -0.0201],
         [ 0.0000,  1.0000,  0.0000,  0.0191],
         [ 0.0000,  0.0000,  1.0000,  0.3432],
         [ 0.0000,  0.0000,  0.0000,  1.0000]]], device='cuda:0')
0:04:47.765969 - vxvyvz tensor([[ 4.0221, -1.6406,  0.6411]], device='cuda:0',
       grad_fn=<SliceBackward0>)
0:04:47.767008 - dR tensor([[[-0.7873,  0.4577,  0.4130],
         [-0.5720, -0.7922, -0.2126],
         [ 0.2299, -0.4036,  0.8856]]], device='cuda:0',
       grad_fn=<StackBackward0>)
0:04:47.767941 - fxfy tensor([[2059.4094, 2059.4097]], device='cuda:0')
0:04:47.770535 - TCO_gt tensor([[[-0.7893,  0.4511,  0.4165, -0.0100],
         [-0.5688, -0.7927, -0.2192,  0.0062],
         [ 0.2313, -0.4099,  0.8823,  0.1920],
         [ 0.0000,  0.0000,  0.0000,  1.0000]]], device='cuda:0')
0:04:47.771489 - TCO pred_orn tensor([[[-0.7873,  0.4577,  0.4130, -0.0100],
         [-0.5720, -0.7922, -0.2126,  0.0062],
         [ 0.2299, -0.4036,  0.8856,  0.1920],
         [ 0.0000,  0.0000,  0.0000,  1.0000]]], device='cuda:0',
       grad_fn=<CopySlices>)
0:04:47.772429 - TCO pred_xy tensor([[[-0.7893,  0.4511,  0.4165, -0.0109],
         [-0.5688, -0.7927, -0.2192,  0.0105],
         [ 0.2313, -0.4099,  0.8823,  0.1920],
         [ 0.0000,  0.0000,  0.0000,  1.0000]]], device='cuda:0',
       grad_fn=<CopySlices>)
0:04:47.773381 - TCO pred_z tensor([[[-0.7893,  0.4511,  0.4165, -0.0100],
         [-0.5688, -0.7927, -0.2192,  0.0062],
         [ 0.2313, -0.4099,  0.8823,  0.2200],
         [ 0.0000,  0.0000,  0.0000,  1.0000]]], device='cuda:0',
       grad_fn=<CopySlices>)
0:04:47.774059 - loss orn tensor([3.8172e-05], device='cuda:0', grad_fn=<MinBackward0>)
0:04:47.774702 - loss xy tensor([0.0017], device='cuda:0', grad_fn=<MinBackward0>)
0:04:47.775343 - loss z tensor([0.0094], device='cuda:0', grad_fn=<MinBackward0>)
  0%|                                        | 0/1 [00:00<?, ?it/s, loss=0.0111]100%|████████████████████████████████| 1/1 [00:00<00:00,  4.50it/s, loss=0.0111]100%|████████████████████████████████| 1/1 [00:00<00:00,  4.49it/s, loss=0.0111]
0:04:47.545630 - saving /home/ubuntu/synthetic_pose_estimation/cosypose/local_data/experiments/bracket_assembly_debug_nut_nosym_coarse_noaug--938962 546
  0%|                                                     | 0/1 [00:00<?, ?it/s]0:04:47.961360 - iteration 0
0:04:48.004802 - outputs, {'pose': tensor([[-1.0049, -0.7329,  0.3008,  0.5625, -0.6328, -0.4232,  4.0204, -1.6432,
          0.6449]], device='cuda:0', grad_fn=<AddmmBackward0>)}
0:04:48.006512 - model_outputs {'pose': tensor([[-1.0049, -0.7329,  0.3008,  0.5625, -0.6328, -0.4232,  4.0204, -1.6432,
          0.6449]], device='cuda:0', grad_fn=<AddmmBackward0>)}
0:04:48.007368 - K crop tensor([[[1.7278e+03, 0.0000e+00, 2.7882e+02],
         [0.0000e+00, 1.7278e+03, 6.4523e+01],
         [0.0000e+00, 0.0000e+00, 1.0000e+00]]], device='cuda:0')
0:04:48.008283 - TCO_input tensor([[[ 1.0000,  0.0000,  0.0000, -0.0198],
         [ 0.0000,  1.0000,  0.0000,  0.0091],
         [ 0.0000,  0.0000,  1.0000,  0.2862],
         [ 0.0000,  0.0000,  0.0000,  1.0000]]], device='cuda:0')
0:04:48.009798 - model tco output tensor([[[-0.7853,  0.4541,  0.4208, -0.0123],
         [-0.5727, -0.7910, -0.2153,  0.0057],
         [ 0.2350, -0.4100,  0.8813,  0.1845],
         [ 0.0000,  0.0000,  0.0000,  1.0000]]], device='cuda:0',
       grad_fn=<CopySlices>)
0:04:48.050186 - Wrote debug data: /home/ubuntu/synthetic_pose_estimation/cosypose/local_data/debug_data/debug_iter=1.pth.tar
0:04:48.262215 - TCO_input tensor([[[ 1.0000,  0.0000,  0.0000, -0.0198],
         [ 0.0000,  1.0000,  0.0000,  0.0091],
         [ 0.0000,  0.0000,  1.0000,  0.2862],
         [ 0.0000,  0.0000,  0.0000,  1.0000]]], device='cuda:0')
0:04:48.263216 - vxvyvz tensor([[ 4.0204, -1.6432,  0.6449]], device='cuda:0',
       grad_fn=<SliceBackward0>)
0:04:48.264268 - dR tensor([[[-0.7853,  0.4541,  0.4208],
         [-0.5727, -0.7910, -0.2153],
         [ 0.2350, -0.4100,  0.8813]]], device='cuda:0',
       grad_fn=<StackBackward0>)
0:04:48.265210 - fxfy tensor([[1727.8374, 1727.8374]], device='cuda:0')
0:04:48.267768 - TCO_gt tensor([[[-0.7893,  0.4511,  0.4165, -0.0100],
         [-0.5688, -0.7927, -0.2192,  0.0062],
         [ 0.2313, -0.4099,  0.8823,  0.1920],
         [ 0.0000,  0.0000,  0.0000,  1.0000]]], device='cuda:0')
0:04:48.268722 - TCO pred_orn tensor([[[-0.7853,  0.4541,  0.4208, -0.0100],
         [-0.5727, -0.7910, -0.2153,  0.0062],
         [ 0.2350, -0.4100,  0.8813,  0.1920],
         [ 0.0000,  0.0000,  0.0000,  1.0000]]], device='cuda:0',
       grad_fn=<CopySlices>)
0:04:48.269729 - TCO pred_xy tensor([[[-0.7893,  0.4511,  0.4165, -0.0128],
         [-0.5688, -0.7927, -0.2192,  0.0059],
         [ 0.2313, -0.4099,  0.8823,  0.1920],
         [ 0.0000,  0.0000,  0.0000,  1.0000]]], device='cuda:0',
       grad_fn=<CopySlices>)
0:04:48.270686 - TCO pred_z tensor([[[-0.7893,  0.4511,  0.4165, -0.0100],
         [-0.5688, -0.7927, -0.2192,  0.0062],
         [ 0.2313, -0.4099,  0.8823,  0.1845],
         [ 0.0000,  0.0000,  0.0000,  1.0000]]], device='cuda:0',
       grad_fn=<CopySlices>)
0:04:48.271371 - loss orn tensor([2.7400e-05], device='cuda:0', grad_fn=<MinBackward0>)
0:04:48.272065 - loss xy tensor([0.0010], device='cuda:0', grad_fn=<MinBackward0>)
0:04:48.272746 - loss z tensor([0.0025], device='cuda:0', grad_fn=<MinBackward0>)
  0%|                                       | 0/1 [00:00<?, ?it/s, loss=0.00352]100%|███████████████████████████████| 1/1 [00:00<00:00,  4.57it/s, loss=0.00352]100%|███████████████████████████████| 1/1 [00:00<00:00,  4.56it/s, loss=0.00352]
0:04:48.044306 - saving /home/ubuntu/synthetic_pose_estimation/cosypose/local_data/experiments/bracket_assembly_debug_nut_nosym_coarse_noaug--938962 547
  0%|                                                     | 0/1 [00:00<?, ?it/s]0:04:48.459807 - iteration 0
0:04:48.503762 - outputs, {'pose': tensor([[-1.0073, -0.7282,  0.2947,  0.5605, -0.6337, -0.4168,  4.0100, -1.6364,
          0.6576]], device='cuda:0', grad_fn=<AddmmBackward0>)}
0:04:48.505530 - model_outputs {'pose': tensor([[-1.0073, -0.7282,  0.2947,  0.5605, -0.6337, -0.4168,  4.0100, -1.6364,
          0.6576]], device='cuda:0', grad_fn=<AddmmBackward0>)}
0:04:48.506410 - K crop tensor([[[1.7988e+03, 0.0000e+00, 2.5603e+02],
         [0.0000e+00, 1.7988e+03, 7.0332e+01],
         [0.0000e+00, 0.0000e+00, 1.0000e+00]]], device='cuda:0')
0:04:48.507315 - TCO_input tensor([[[ 1.0000,  0.0000,  0.0000, -0.0159],
         [ 0.0000,  1.0000,  0.0000,  0.0081],
         [ 0.0000,  0.0000,  1.0000,  0.2972],
         [ 0.0000,  0.0000,  0.0000,  1.0000]]], device='cuda:0')
0:04:48.508268 - model tco output tensor([[[-0.7886,  0.4545,  0.4143, -0.0101],
         [-0.5701, -0.7929, -0.2152,  0.0052],
         [ 0.2307, -0.4059,  0.8843,  0.1954],
         [ 0.0000,  0.0000,  0.0000,  1.0000]]], device='cuda:0',
       grad_fn=<CopySlices>)
0:04:48.546534 - Wrote debug data: /home/ubuntu/synthetic_pose_estimation/cosypose/local_data/debug_data/debug_iter=1.pth.tar
0:04:48.758537 - TCO_input tensor([[[ 1.0000,  0.0000,  0.0000, -0.0159],
         [ 0.0000,  1.0000,  0.0000,  0.0081],
         [ 0.0000,  0.0000,  1.0000,  0.2972],
         [ 0.0000,  0.0000,  0.0000,  1.0000]]], device='cuda:0')
0:04:48.759624 - vxvyvz tensor([[ 4.0100, -1.6364,  0.6576]], device='cuda:0',
       grad_fn=<SliceBackward0>)
0:04:48.760660 - dR tensor([[[-0.7886,  0.4545,  0.4143],
         [-0.5701, -0.7929, -0.2152],
         [ 0.2307, -0.4059,  0.8843]]], device='cuda:0',
       grad_fn=<StackBackward0>)
0:04:48.761643 - fxfy tensor([[1798.8364, 1798.8365]], device='cuda:0')
0:04:48.764206 - TCO_gt tensor([[[-0.7893,  0.4511,  0.4165, -0.0100],
         [-0.5688, -0.7927, -0.2192,  0.0062],
         [ 0.2313, -0.4099,  0.8823,  0.1920],
         [ 0.0000,  0.0000,  0.0000,  1.0000]]], device='cuda:0')
0:04:48.765188 - TCO pred_orn tensor([[[-0.7886,  0.4545,  0.4143, -0.0100],
         [-0.5701, -0.7929, -0.2152,  0.0062],
         [ 0.2307, -0.4059,  0.8843,  0.1920],
         [ 0.0000,  0.0000,  0.0000,  1.0000]]], device='cuda:0',
       grad_fn=<CopySlices>)
0:04:48.766166 - TCO pred_xy tensor([[[-0.7893,  0.4511,  0.4165, -0.0099],
         [-0.5688, -0.7927, -0.2192,  0.0051],
         [ 0.2313, -0.4099,  0.8823,  0.1920],
         [ 0.0000,  0.0000,  0.0000,  1.0000]]], device='cuda:0',
       grad_fn=<CopySlices>)
0:04:48.767140 - TCO pred_z tensor([[[-0.7893,  0.4511,  0.4165, -0.0100],
         [-0.5688, -0.7927, -0.2192,  0.0062],
         [ 0.2313, -0.4099,  0.8823,  0.1954],
         [ 0.0000,  0.0000,  0.0000,  1.0000]]], device='cuda:0',
       grad_fn=<CopySlices>)
0:04:48.767839 - loss orn tensor([2.1823e-05], device='cuda:0', grad_fn=<MinBackward0>)
0:04:48.768508 - loss xy tensor([0.0004], device='cuda:0', grad_fn=<MinBackward0>)
0:04:48.769192 - loss z tensor([0.0011], device='cuda:0', grad_fn=<MinBackward0>)
  0%|                                       | 0/1 [00:00<?, ?it/s, loss=0.00158]100%|███████████████████████████████| 1/1 [00:00<00:00,  4.61it/s, loss=0.00158]100%|███████████████████████████████| 1/1 [00:00<00:00,  4.60it/s, loss=0.00158]
0:04:48.645613 - saving /home/ubuntu/synthetic_pose_estimation/cosypose/local_data/experiments/bracket_assembly_debug_nut_nosym_coarse_noaug--938962 548
  0%|                                                     | 0/1 [00:00<?, ?it/s]0:04:49.060724 - iteration 0
0:04:49.104112 - outputs, {'pose': tensor([[-1.0059, -0.7281,  0.2914,  0.5667, -0.6295, -0.4207,  4.0003, -1.6378,
          0.6521]], device='cuda:0', grad_fn=<AddmmBackward0>)}
0:04:49.105863 - model_outputs {'pose': tensor([[-1.0059, -0.7281,  0.2914,  0.5667, -0.6295, -0.4207,  4.0003, -1.6378,
          0.6521]], device='cuda:0', grad_fn=<AddmmBackward0>)}
0:04:49.106743 - K crop tensor([[[1.8120e+03, 0.0000e+00, 2.4043e+02],
         [0.0000e+00, 1.8120e+03, 5.5531e+01],
         [0.0000e+00, 0.0000e+00, 1.0000e+00]]], device='cuda:0')
0:04:49.107986 - TCO_input tensor([[[ 1.0000,  0.0000,  0.0000, -0.0134],
         [ 0.0000,  1.0000,  0.0000,  0.0106],
         [ 0.0000,  0.0000,  1.0000,  0.3002],
         [ 0.0000,  0.0000,  0.0000,  1.0000]]], device='cuda:0')
0:04:49.109782 - model tco output tensor([[[-0.7886,  0.4547,  0.4139, -0.0083],
         [-0.5708, -0.7916, -0.2181,  0.0067],
         [ 0.2284, -0.4083,  0.8838,  0.1958],
         [ 0.0000,  0.0000,  0.0000,  1.0000]]], device='cuda:0',
       grad_fn=<CopySlices>)
0:04:49.148329 - Wrote debug data: /home/ubuntu/synthetic_pose_estimation/cosypose/local_data/debug_data/debug_iter=1.pth.tar
0:04:49.361406 - TCO_input tensor([[[ 1.0000,  0.0000,  0.0000, -0.0134],
         [ 0.0000,  1.0000,  0.0000,  0.0106],
         [ 0.0000,  0.0000,  1.0000,  0.3002],
         [ 0.0000,  0.0000,  0.0000,  1.0000]]], device='cuda:0')
0:04:49.362400 - vxvyvz tensor([[ 4.0003, -1.6378,  0.6521]], device='cuda:0',
       grad_fn=<SliceBackward0>)
0:04:49.363392 - dR tensor([[[-0.7886,  0.4547,  0.4139],
         [-0.5708, -0.7916, -0.2181],
         [ 0.2284, -0.4083,  0.8838]]], device='cuda:0',
       grad_fn=<StackBackward0>)
0:04:49.364246 - fxfy tensor([[1812.0039, 1812.0038]], device='cuda:0')
0:04:49.366751 - TCO_gt tensor([[[-0.7893,  0.4511,  0.4165, -0.0100],
         [-0.5688, -0.7927, -0.2192,  0.0062],
         [ 0.2313, -0.4099,  0.8823,  0.1920],
         [ 0.0000,  0.0000,  0.0000,  1.0000]]], device='cuda:0')
0:04:49.367666 - TCO pred_orn tensor([[[-0.7886,  0.4547,  0.4139, -0.0100],
         [-0.5708, -0.7916, -0.2181,  0.0062],
         [ 0.2284, -0.4083,  0.8838,  0.1920],
         [ 0.0000,  0.0000,  0.0000,  1.0000]]], device='cuda:0',
       grad_fn=<CopySlices>)
0:04:49.368551 - TCO pred_xy tensor([[[-0.7893,  0.4511,  0.4165, -0.0082],
         [-0.5688, -0.7927, -0.2192,  0.0066],
         [ 0.2313, -0.4099,  0.8823,  0.1920],
         [ 0.0000,  0.0000,  0.0000,  1.0000]]], device='cuda:0',
       grad_fn=<CopySlices>)
0:04:49.369477 - TCO pred_z tensor([[[-0.7893,  0.4511,  0.4165, -0.0100],
         [-0.5688, -0.7927, -0.2192,  0.0062],
         [ 0.2313, -0.4099,  0.8823,  0.1958],
         [ 0.0000,  0.0000,  0.0000,  1.0000]]], device='cuda:0',
       grad_fn=<CopySlices>)
0:04:49.370100 - loss orn tensor([1.9590e-05], device='cuda:0', grad_fn=<MinBackward0>)
0:04:49.370708 - loss xy tensor([0.0008], device='cuda:0', grad_fn=<MinBackward0>)
0:04:49.371353 - loss z tensor([0.0013], device='cuda:0', grad_fn=<MinBackward0>)
  0%|                                       | 0/1 [00:00<?, ?it/s, loss=0.00205]100%|███████████████████████████████| 1/1 [00:00<00:00,  4.51it/s, loss=0.00205]100%|███████████████████████████████| 1/1 [00:00<00:00,  4.50it/s, loss=0.00205]
0:04:49.152493 - saving /home/ubuntu/synthetic_pose_estimation/cosypose/local_data/experiments/bracket_assembly_debug_nut_nosym_coarse_noaug--938962 549
  0%|                                                     | 0/1 [00:00<?, ?it/s]0:04:49.567707 - iteration 0
0:04:49.610769 - outputs, {'pose': tensor([[-1.0217, -0.7301,  0.2961,  0.5631, -0.6331, -0.4257,  4.0363, -1.6475,
          0.6654]], device='cuda:0', grad_fn=<AddmmBackward0>)}
0:04:49.612297 - model_outputs {'pose': tensor([[-1.0217, -0.7301,  0.2961,  0.5631, -0.6331, -0.4257,  4.0363, -1.6475,
          0.6654]], device='cuda:0', grad_fn=<AddmmBackward0>)}
0:04:49.613069 - K crop tensor([[[1.4916e+03, 0.0000e+00, 3.1619e+02],
         [0.0000e+00, 1.4916e+03, 3.6096e+01],
         [0.0000e+00, 0.0000e+00, 1.0000e+00]]], device='cuda:0')
0:04:49.613926 - TCO_input tensor([[[ 1.0000,  0.0000,  0.0000, -0.0263],
         [ 0.0000,  1.0000,  0.0000,  0.0140],
         [ 0.0000,  0.0000,  1.0000,  0.2502],
         [ 0.0000,  0.0000,  0.0000,  1.0000]]], device='cuda:0')
0:04:49.614824 - model tco output tensor([[[-0.7919,  0.4477,  0.4153, -0.0170],
         [-0.5659, -0.7936, -0.2235,  0.0091],
         [ 0.2295, -0.4120,  0.8818,  0.1665],
         [ 0.0000,  0.0000,  0.0000,  1.0000]]], device='cuda:0',
       grad_fn=<CopySlices>)
0:04:49.656231 - Wrote debug data: /home/ubuntu/synthetic_pose_estimation/cosypose/local_data/debug_data/debug_iter=1.pth.tar
0:04:49.871496 - TCO_input tensor([[[ 1.0000,  0.0000,  0.0000, -0.0263],
         [ 0.0000,  1.0000,  0.0000,  0.0140],
         [ 0.0000,  0.0000,  1.0000,  0.2502],
         [ 0.0000,  0.0000,  0.0000,  1.0000]]], device='cuda:0')
0:04:49.872605 - vxvyvz tensor([[ 4.0363, -1.6475,  0.6654]], device='cuda:0',
       grad_fn=<SliceBackward0>)
0:04:49.873693 - dR tensor([[[-0.7919,  0.4477,  0.4153],
         [-0.5659, -0.7936, -0.2235],
         [ 0.2295, -0.4120,  0.8818]]], device='cuda:0',
       grad_fn=<StackBackward0>)
0:04:49.874645 - fxfy tensor([[1491.5680, 1491.5681]], device='cuda:0')
0:04:49.877200 - TCO_gt tensor([[[-0.7893,  0.4511,  0.4165, -0.0100],
         [-0.5688, -0.7927, -0.2192,  0.0062],
         [ 0.2313, -0.4099,  0.8823,  0.1920],
         [ 0.0000,  0.0000,  0.0000,  1.0000]]], device='cuda:0')
0:04:49.878190 - TCO pred_orn tensor([[[-0.7919,  0.4477,  0.4153, -0.0100],
         [-0.5659, -0.7936, -0.2235,  0.0062],
         [ 0.2295, -0.4120,  0.8818,  0.1920],
         [ 0.0000,  0.0000,  0.0000,  1.0000]]], device='cuda:0',
       grad_fn=<CopySlices>)
0:04:49.879131 - TCO pred_xy tensor([[[-0.7893,  0.4511,  0.4165, -0.0196],
         [-0.5688, -0.7927, -0.2192,  0.0105],
         [ 0.2313, -0.4099,  0.8823,  0.1920],
         [ 0.0000,  0.0000,  0.0000,  1.0000]]], device='cuda:0',
       grad_fn=<CopySlices>)
0:04:49.880111 - TCO pred_z tensor([[[-0.7893,  0.4511,  0.4165, -0.0100],
         [-0.5688, -0.7927, -0.2192,  0.0062],
         [ 0.2313, -0.4099,  0.8823,  0.1665],
         [ 0.0000,  0.0000,  0.0000,  1.0000]]], device='cuda:0',
       grad_fn=<CopySlices>)
0:04:49.880806 - loss orn tensor([2.1725e-05], device='cuda:0', grad_fn=<MinBackward0>)
0:04:49.881521 - loss xy tensor([0.0047], device='cuda:0', grad_fn=<MinBackward0>)
0:04:49.882194 - loss z tensor([0.0085], device='cuda:0', grad_fn=<MinBackward0>)
  0%|                                        | 0/1 [00:00<?, ?it/s, loss=0.0132]100%|████████████████████████████████| 1/1 [00:00<00:00,  4.52it/s, loss=0.0132]100%|████████████████████████████████| 1/1 [00:00<00:00,  4.52it/s, loss=0.0132]
  0%|                                                     | 0/1 [00:00<?, ?it/s]0:04:49.788524 - iteration 0
0:04:49.832566 - outputs, {'pose': tensor([[-0.7795, -0.5515,  0.3437,  0.6444, -0.4160, -0.2550,  2.6578, -1.4543,
          0.7943]], device='cuda:0')}
0:04:49.834561 - model_outputs {'pose': tensor([[-0.7795, -0.5515,  0.3437,  0.6444, -0.4160, -0.2550,  2.6578, -1.4543,
          0.7943]], device='cuda:0')}
0:04:49.835528 - K crop tensor([[[1.8617e+03, 0.0000e+00, 3.0870e+02],
         [0.0000e+00, 1.8617e+03, 6.3965e+01],
         [0.0000e+00, 0.0000e+00, 1.0000e+00]]], device='cuda:0')
0:04:49.836529 - TCO_input tensor([[[ 1.0000,  0.0000,  0.0000, -0.0247],
         [ 0.0000,  1.0000,  0.0000,  0.0092],
         [ 0.0000,  0.0000,  1.0000,  0.3077],
         [ 0.0000,  0.0000,  0.0000,  1.0000]]], device='cuda:0')
0:04:49.837717 - model tco output tensor([[[-0.7681,  0.5117,  0.3849, -0.0192],
         [-0.5434, -0.8389,  0.0308,  0.0071],
         [ 0.3387, -0.1855,  0.9224,  0.2444],
         [ 0.0000,  0.0000,  0.0000,  1.0000]]], device='cuda:0')
0:04:49.881280 - Wrote debug data: /home/ubuntu/synthetic_pose_estimation/cosypose/local_data/debug_data/debug_iter=1.pth.tar
0:04:50.100993 - TCO_input tensor([[[ 1.0000,  0.0000,  0.0000, -0.0247],
         [ 0.0000,  1.0000,  0.0000,  0.0092],
         [ 0.0000,  0.0000,  1.0000,  0.3077],
         [ 0.0000,  0.0000,  0.0000,  1.0000]]], device='cuda:0')
0:04:50.101970 - vxvyvz tensor([[ 2.6578, -1.4543,  0.7943]], device='cuda:0')
0:04:50.102940 - dR tensor([[[-0.7681,  0.5117,  0.3849],
         [-0.5434, -0.8389,  0.0308],
         [ 0.3387, -0.1855,  0.9224]]], device='cuda:0')
0:04:50.103775 - fxfy tensor([[1861.7372, 1861.7372]], device='cuda:0')
0:04:50.106126 - TCO_gt tensor([[[-0.7893,  0.4511,  0.4165, -0.0100],
         [-0.5688, -0.7927, -0.2192,  0.0062],
         [ 0.2313, -0.4099,  0.8823,  0.1920],
         [ 0.0000,  0.0000,  0.0000,  1.0000]]], device='cuda:0')
0:04:50.107031 - TCO pred_orn tensor([[[-0.7681,  0.5117,  0.3849, -0.0100],
         [-0.5434, -0.8389,  0.0308,  0.0062],
         [ 0.3387, -0.1855,  0.9224,  0.1920],
         [ 0.0000,  0.0000,  0.0000,  1.0000]]], device='cuda:0')
0:04:50.107912 - TCO pred_xy tensor([[[-0.7893,  0.4511,  0.4165, -0.0151],
         [-0.5688, -0.7927, -0.2192,  0.0056],
         [ 0.2313, -0.4099,  0.8823,  0.1920],
         [ 0.0000,  0.0000,  0.0000,  1.0000]]], device='cuda:0')
0:04:50.108804 - TCO pred_z tensor([[[-0.7893,  0.4511,  0.4165, -0.0100],
         [-0.5688, -0.7927, -0.2192,  0.0062],
         [ 0.2313, -0.4099,  0.8823,  0.2444],
         [ 0.0000,  0.0000,  0.0000,  1.0000]]], device='cuda:0')
0:04:50.109445 - loss orn tensor([0.0010], device='cuda:0')
0:04:50.110055 - loss xy tensor([0.0019], device='cuda:0')
0:04:50.110657 - loss z tensor([0.0175], device='cuda:0')
100%|█████████████████████████████████████████████| 1/1 [00:00<00:00,  7.11it/s]100%|█████████████████████████████████████████████| 1/1 [00:00<00:00,  7.09it/s]
0:04:49.798818 - saving /home/ubuntu/synthetic_pose_estimation/cosypose/local_data/experiments/bracket_assembly_debug_nut_nosym_coarse_noaug--938962 550
  0%|                                                     | 0/1 [00:00<?, ?it/s]0:04:50.210772 - iteration 0
0:04:50.254981 - outputs, {'pose': tensor([[-1.0141, -0.7214,  0.3056,  0.5638, -0.6340, -0.4159,  4.0121, -1.6404,
          0.6514]], device='cuda:0', grad_fn=<AddmmBackward0>)}
0:04:50.256700 - model_outputs {'pose': tensor([[-1.0141, -0.7214,  0.3056,  0.5638, -0.6340, -0.4159,  4.0121, -1.6404,
          0.6514]], device='cuda:0', grad_fn=<AddmmBackward0>)}
0:04:50.257555 - K crop tensor([[[2.1959e+03, 0.0000e+00, 2.5621e+02],
         [0.0000e+00, 2.1959e+03, 2.9898e+01],
         [0.0000e+00, 0.0000e+00, 1.0000e+00]]], device='cuda:0')
0:04:50.258426 - TCO_input tensor([[[ 1.0000,  0.0000,  0.0000, -0.0160],
         [ 0.0000,  1.0000,  0.0000,  0.0148],
         [ 0.0000,  0.0000,  1.0000,  0.3634],
         [ 0.0000,  0.0000,  0.0000,  1.0000]]], device='cuda:0')
0:04:50.259324 - model tco output tensor([[[-0.7913,  0.4479,  0.4162, -0.0100],
         [-0.5629, -0.7993, -0.2103,  0.0095],
         [ 0.2385, -0.4007,  0.8846,  0.2367],
         [ 0.0000,  0.0000,  0.0000,  1.0000]]], device='cuda:0',
       grad_fn=<CopySlices>)
0:04:50.296420 - Wrote debug data: /home/ubuntu/synthetic_pose_estimation/cosypose/local_data/debug_data/debug_iter=1.pth.tar
0:04:50.508410 - TCO_input tensor([[[ 1.0000,  0.0000,  0.0000, -0.0160],
         [ 0.0000,  1.0000,  0.0000,  0.0148],
         [ 0.0000,  0.0000,  1.0000,  0.3634],
         [ 0.0000,  0.0000,  0.0000,  1.0000]]], device='cuda:0')
0:04:50.509405 - vxvyvz tensor([[ 4.0121, -1.6404,  0.6514]], device='cuda:0',
       grad_fn=<SliceBackward0>)
0:04:50.510368 - dR tensor([[[-0.7913,  0.4479,  0.4162],
         [-0.5629, -0.7993, -0.2103],
         [ 0.2385, -0.4007,  0.8846]]], device='cuda:0',
       grad_fn=<StackBackward0>)
0:04:50.511200 - fxfy tensor([[2195.8640, 2195.8645]], device='cuda:0')
0:04:50.513620 - TCO_gt tensor([[[-0.7893,  0.4511,  0.4165, -0.0100],
         [-0.5688, -0.7927, -0.2192,  0.0062],
         [ 0.2313, -0.4099,  0.8823,  0.1920],
         [ 0.0000,  0.0000,  0.0000,  1.0000]]], device='cuda:0')
0:04:50.514511 - TCO pred_orn tensor([[[-0.7913,  0.4479,  0.4162, -0.0100],
         [-0.5629, -0.7993, -0.2103,  0.0062],
         [ 0.2385, -0.4007,  0.8846,  0.1920],
         [ 0.0000,  0.0000,  0.0000,  1.0000]]], device='cuda:0',
       grad_fn=<CopySlices>)
0:04:50.515409 - TCO pred_xy tensor([[[-0.7893,  0.4511,  0.4165, -0.0081],
         [-0.5688, -0.7927, -0.2192,  0.0077],
         [ 0.2313, -0.4099,  0.8823,  0.1920],
         [ 0.0000,  0.0000,  0.0000,  1.0000]]], device='cuda:0',
       grad_fn=<CopySlices>)
0:04:50.516279 - TCO pred_z tensor([[[-0.7893,  0.4511,  0.4165, -0.0100],
         [-0.5688, -0.7927, -0.2192,  0.0062],
         [ 0.2313, -0.4099,  0.8823,  0.2367],
         [ 0.0000,  0.0000,  0.0000,  1.0000]]], device='cuda:0',
       grad_fn=<CopySlices>)
0:04:50.516931 - loss orn tensor([5.0189e-05], device='cuda:0', grad_fn=<MinBackward0>)
0:04:50.517563 - loss xy tensor([0.0011], device='cuda:0', grad_fn=<MinBackward0>)
0:04:50.518171 - loss z tensor([0.0149], device='cuda:0', grad_fn=<MinBackward0>)
  0%|                                        | 0/1 [00:00<?, ?it/s, loss=0.0161]100%|████████████████████████████████| 1/1 [00:00<00:00,  4.70it/s, loss=0.0161]100%|████████████████████████████████| 1/1 [00:00<00:00,  4.69it/s, loss=0.0161]
0:04:50.297496 - saving /home/ubuntu/synthetic_pose_estimation/cosypose/local_data/experiments/bracket_assembly_debug_nut_nosym_coarse_noaug--938962 551
  0%|                                                     | 0/1 [00:00<?, ?it/s]0:04:50.716077 - iteration 0
0:04:50.759708 - outputs, {'pose': tensor([[-1.0126, -0.7252,  0.2960,  0.5674, -0.6288, -0.4219,  4.0152, -1.6407,
          0.6434]], device='cuda:0', grad_fn=<AddmmBackward0>)}
0:04:50.761269 - model_outputs {'pose': tensor([[-1.0126, -0.7252,  0.2960,  0.5674, -0.6288, -0.4219,  4.0152, -1.6407,
          0.6434]], device='cuda:0', grad_fn=<AddmmBackward0>)}
0:04:50.762061 - K crop tensor([[[1.9042e+03, 0.0000e+00, 2.9001e+02],
         [0.0000e+00, 1.9042e+03, 5.1630e+01],
         [0.0000e+00, 0.0000e+00, 1.0000e+00]]], device='cuda:0')
0:04:50.762903 - TCO_input tensor([[[ 1.0000,  0.0000,  0.0000, -0.0216],
         [ 0.0000,  1.0000,  0.0000,  0.0112],
         [ 0.0000,  0.0000,  1.0000,  0.3153],
         [ 0.0000,  0.0000,  0.0000,  1.0000]]], device='cuda:0')
0:04:50.764505 - model tco output tensor([[[-0.7910,  0.4499,  0.4147, -0.0135],
         [-0.5665, -0.7946, -0.2185,  0.0071],
         [ 0.2312, -0.4078,  0.8833,  0.2028],
         [ 0.0000,  0.0000,  0.0000,  1.0000]]], device='cuda:0',
       grad_fn=<CopySlices>)
0:04:50.802303 - Wrote debug data: /home/ubuntu/synthetic_pose_estimation/cosypose/local_data/debug_data/debug_iter=1.pth.tar
0:04:51.014235 - TCO_input tensor([[[ 1.0000,  0.0000,  0.0000, -0.0216],
         [ 0.0000,  1.0000,  0.0000,  0.0112],
         [ 0.0000,  0.0000,  1.0000,  0.3153],
         [ 0.0000,  0.0000,  0.0000,  1.0000]]], device='cuda:0')
0:04:51.015258 - vxvyvz tensor([[ 4.0152, -1.6407,  0.6434]], device='cuda:0',
       grad_fn=<SliceBackward0>)
0:04:51.016283 - dR tensor([[[-0.7910,  0.4499,  0.4147],
         [-0.5665, -0.7946, -0.2185],
         [ 0.2312, -0.4078,  0.8833]]], device='cuda:0',
       grad_fn=<StackBackward0>)
0:04:51.017173 - fxfy tensor([[1904.1948, 1904.1948]], device='cuda:0')
0:04:51.019708 - TCO_gt tensor([[[-0.7893,  0.4511,  0.4165, -0.0100],
         [-0.5688, -0.7927, -0.2192,  0.0062],
         [ 0.2313, -0.4099,  0.8823,  0.1920],
         [ 0.0000,  0.0000,  0.0000,  1.0000]]], device='cuda:0')
0:04:51.020628 - TCO pred_orn tensor([[[-0.7910,  0.4499,  0.4147, -0.0100],
         [-0.5665, -0.7946, -0.2185,  0.0062],
         [ 0.2312, -0.4078,  0.8833,  0.1920],
         [ 0.0000,  0.0000,  0.0000,  1.0000]]], device='cuda:0',
       grad_fn=<CopySlices>)
0:04:51.021548 - TCO pred_xy tensor([[[-0.7893,  0.4511,  0.4165, -0.0128],
         [-0.5688, -0.7927, -0.2192,  0.0067],
         [ 0.2313, -0.4099,  0.8823,  0.1920],
         [ 0.0000,  0.0000,  0.0000,  1.0000]]], device='cuda:0',
       grad_fn=<CopySlices>)
0:04:51.022455 - TCO pred_z tensor([[[-0.7893,  0.4511,  0.4165, -0.0100],
         [-0.5688, -0.7927, -0.2192,  0.0062],
         [ 0.2313, -0.4099,  0.8823,  0.2028],
         [ 0.0000,  0.0000,  0.0000,  1.0000]]], device='cuda:0',
       grad_fn=<CopySlices>)
0:04:51.023084 - loss orn tensor([1.4555e-05], device='cuda:0', grad_fn=<MinBackward0>)
0:04:51.023727 - loss xy tensor([0.0011], device='cuda:0', grad_fn=<MinBackward0>)
0:04:51.024384 - loss z tensor([0.0036], device='cuda:0', grad_fn=<MinBackward0>)
  0%|                                       | 0/1 [00:00<?, ?it/s, loss=0.00472]100%|███████████████████████████████| 1/1 [00:00<00:00,  4.57it/s, loss=0.00472]100%|███████████████████████████████| 1/1 [00:00<00:00,  4.56it/s, loss=0.00472]
0:04:50.806279 - saving /home/ubuntu/synthetic_pose_estimation/cosypose/local_data/experiments/bracket_assembly_debug_nut_nosym_coarse_noaug--938962 552
  0%|                                                     | 0/1 [00:00<?, ?it/s]0:04:51.221557 - iteration 0
0:04:51.267026 - outputs, {'pose': tensor([[-1.0142, -0.7154,  0.2905,  0.5562, -0.6250, -0.4247,  4.0046, -1.6408,
          0.6271]], device='cuda:0', grad_fn=<AddmmBackward0>)}
0:04:51.268694 - model_outputs {'pose': tensor([[-1.0142, -0.7154,  0.2905,  0.5562, -0.6250, -0.4247,  4.0046, -1.6408,
          0.6271]], device='cuda:0', grad_fn=<AddmmBackward0>)}
0:04:51.269541 - K crop tensor([[[1.8284e+03, 0.0000e+00, 2.5889e+02],
         [0.0000e+00, 1.8284e+03, 7.0129e+01],
         [0.0000e+00, 0.0000e+00, 1.0000e+00]]], device='cuda:0')
0:04:51.270424 - TCO_input tensor([[[ 1.0000,  0.0000,  0.0000, -0.0164],
         [ 0.0000,  1.0000,  0.0000,  0.0082],
         [ 0.0000,  0.0000,  1.0000,  0.3019],
         [ 0.0000,  0.0000,  0.0000,  1.0000]]], device='cuda:0')
0:04:51.271356 - model tco output tensor([[[-0.7957,  0.4419,  0.4143, -0.0099],
         [-0.5612, -0.7951, -0.2297,  0.0049],
         [ 0.2279, -0.4153,  0.8807,  0.1893],
         [ 0.0000,  0.0000,  0.0000,  1.0000]]], device='cuda:0',
       grad_fn=<CopySlices>)
0:04:51.310865 - Wrote debug data: /home/ubuntu/synthetic_pose_estimation/cosypose/local_data/debug_data/debug_iter=1.pth.tar
0:04:51.525405 - TCO_input tensor([[[ 1.0000,  0.0000,  0.0000, -0.0164],
         [ 0.0000,  1.0000,  0.0000,  0.0082],
         [ 0.0000,  0.0000,  1.0000,  0.3019],
         [ 0.0000,  0.0000,  0.0000,  1.0000]]], device='cuda:0')
0:04:51.526591 - vxvyvz tensor([[ 4.0046, -1.6408,  0.6271]], device='cuda:0',
       grad_fn=<SliceBackward0>)
0:04:51.527638 - dR tensor([[[-0.7957,  0.4419,  0.4143],
         [-0.5612, -0.7951, -0.2297],
         [ 0.2279, -0.4153,  0.8807]]], device='cuda:0',
       grad_fn=<StackBackward0>)
0:04:51.528551 - fxfy tensor([[1828.4030, 1828.4032]], device='cuda:0')
0:04:51.531184 - TCO_gt tensor([[[-0.7893,  0.4511,  0.4165, -0.0100],
         [-0.5688, -0.7927, -0.2192,  0.0062],
         [ 0.2313, -0.4099,  0.8823,  0.1920],
         [ 0.0000,  0.0000,  0.0000,  1.0000]]], device='cuda:0')
0:04:51.532137 - TCO pred_orn tensor([[[-0.7957,  0.4419,  0.4143, -0.0100],
         [-0.5612, -0.7951, -0.2297,  0.0062],
         [ 0.2279, -0.4153,  0.8807,  0.1920],
         [ 0.0000,  0.0000,  0.0000,  1.0000]]], device='cuda:0',
       grad_fn=<CopySlices>)
0:04:51.533084 - TCO pred_xy tensor([[[-0.7893,  0.4511,  0.4165, -0.0100],
         [-0.5688, -0.7927, -0.2192,  0.0050],
         [ 0.2313, -0.4099,  0.8823,  0.1920],
         [ 0.0000,  0.0000,  0.0000,  1.0000]]], device='cuda:0',
       grad_fn=<CopySlices>)
0:04:51.534039 - TCO pred_z tensor([[[-0.7893,  0.4511,  0.4165, -0.0100],
         [-0.5688, -0.7927, -0.2192,  0.0062],
         [ 0.2313, -0.4099,  0.8823,  0.1893],
         [ 0.0000,  0.0000,  0.0000,  1.0000]]], device='cuda:0',
       grad_fn=<CopySlices>)
0:04:51.534701 - loss orn tensor([5.4927e-05], device='cuda:0', grad_fn=<MinBackward0>)
0:04:51.535346 - loss xy tensor([0.0004], device='cuda:0', grad_fn=<MinBackward0>)
0:04:51.536010 - loss z tensor([0.0009], device='cuda:0', grad_fn=<MinBackward0>)
  0%|                                       | 0/1 [00:00<?, ?it/s, loss=0.00133]100%|███████████████████████████████| 1/1 [00:00<00:00,  4.49it/s, loss=0.00133]100%|███████████████████████████████| 1/1 [00:00<00:00,  4.48it/s, loss=0.00133]
train loss_TCO 0.011119204573333263
train loss_total 0.011119204573333263
train grad_norm 0.8890426158905029
train loss_TCO-iter=1 0.0019176560454070568
train loss_TCO 0.0019176560454070568
train loss_total 0.0019176560454070568
train grad_norm 0.9412663578987122
train loss_TCO-iter=1 0.006896051578223705
train loss_TCO 0.006896051578223705
train loss_total 0.006896051578223705
train grad_norm 1.0322612524032593
train loss_TCO-iter=1 0.0022301485296338797
train loss_TCO 0.0022301485296338797
train loss_total 0.0022301485296338797
train grad_norm 0.9726237058639526
train loss_TCO-iter=1 0.003965488635003567
train loss_TCO 0.003965488635003567
train loss_total 0.003965488635003567
train grad_norm 1.0094192028045654
train loss_TCO-iter=1 0.01110828947275877
train loss_TCO 0.01110828947275877
train loss_total 0.01110828947275877
train grad_norm 0.8252869248390198
train loss_TCO-iter=1 0.003653487656265497
train loss_TCO 0.003653487656265497
train loss_total 0.003653487656265497
train grad_norm 0.9965371489524841
train loss_TCO-iter=1 0.017288632690906525
train loss_TCO 0.017288632690906525
train loss_total 0.017288632690906525
train grad_norm 0.7275815606117249
val loss_TCO-iter=1 0.007939937524497509
val loss_TCO 0.007939937524497509
val loss_total 0.007939937524497509
train loss_TCO-iter=1 0.003787360619753599
train loss_TCO 0.003787360619753599
train loss_total 0.003787360619753599
train grad_norm 0.8979001641273499
train loss_TCO-iter=1 0.00263421144336462
train loss_TCO 0.00263421144336462
train loss_total 0.00263421144336462
train grad_norm 0.9422045350074768
train loss_TCO-iter=1 0.005290839821100235
train loss_TCO 0.005290839821100235
train loss_total 0.005290839821100235
train grad_norm 0.9323299527168274
train loss_TCO-iter=1 0.0013877635356038809
train loss_TCO 0.0013877635356038809
train loss_total 0.0013877635356038809
train grad_norm 0.9259063005447388
train loss_TCO-iter=1 0.005013334099203348
train loss_TCO 0.005013334099203348
train loss_total 0.005013334099203348
train grad_norm 0.8499942421913147
train loss_TCO-iter=1 0.0034197759814560413
train loss_TCO 0.0034197759814560413
train loss_total 0.0034197759814560413
train grad_norm 0.8876327276229858
train loss_TCO-iter=1 0.005247775930911303
train loss_TCO 0.005247775930911303
train loss_total 0.005247775930911303
train grad_norm 0.9142149090766907
train loss_TCO-iter=1 0.0038355893921107054
train loss_TCO 0.0038355893921107054
train loss_total 0.0038355893921107054
train grad_norm 0.9995377063751221
train loss_TCO-iter=1 0.007983701303601265
train loss_TCO 0.007983701303601265
train loss_total 0.007983701303601265
train grad_norm 0.9686275720596313
train loss_TCO-iter=1 0.003471655771136284
train loss_TCO 0.003471655771136284
train loss_total 0.003471655771136284
train grad_norm 0.8647039532661438
val loss_TCO-iter=1 0.007322195917367935
val loss_TCO 0.007322195917367935
val loss_total 0.007322195917367935
train loss_TCO-iter=1 0.004355959594249725
train loss_TCO 0.004355959594249725
train loss_total 0.004355959594249725
train grad_norm 0.9038655757904053
train loss_TCO-iter=1 0.005565402563661337
train loss_TCO 0.005565402563661337
train loss_total 0.005565402563661337
train grad_norm 0.8587214946746826
train loss_TCO-iter=1 0.0031412807293236256
train loss_TCO 0.0031412807293236256
train loss_total 0.0031412807293236256
train grad_norm 0.894473135471344
train loss_TCO-iter=1 0.004882067441940308
train loss_TCO 0.004882067441940308
train loss_total 0.004882067441940308
train grad_norm 0.8944942951202393
train loss_TCO-iter=1 0.0025504063814878464
train loss_TCO 0.0025504063814878464
train loss_total 0.0025504063814878464
train grad_norm 0.8733675479888916
train loss_TCO-iter=1 0.006335059180855751
train loss_TCO 0.006335059180855751
train loss_total 0.006335059180855751
train grad_norm 0.8846551179885864
train loss_TCO-iter=1 0.002956001553684473
train loss_TCO 0.002956001553684473
train loss_total 0.002956001553684473
train grad_norm 0.9492838978767395
train loss_TCO-iter=1 0.003075874876230955
train loss_TCO 0.003075874876230955
train loss_total 0.003075874876230955
train grad_norm 0.9079990386962891
train loss_TCO-iter=1 0.0058732605539262295
train loss_TCO 0.0058732605539262295
train loss_total 0.0058732605539262295
train grad_norm 0.799776017665863
train loss_TCO-iter=1 0.0028792498633265495
train loss_TCO 0.0028792498633265495
train loss_total 0.0028792498633265495
train grad_norm 0.9070046544075012
val loss_TCO-iter=1 0.018664633855223656
val loss_TCO 0.018664633855223656
val loss_total 0.018664633855223656
train loss_TCO-iter=1 0.006987237837165594
train loss_TCO 0.006987237837165594
train loss_total 0.006987237837165594
train grad_norm 0.9291146993637085
train loss_TCO-iter=1 0.0032376633025705814
train loss_TCO 0.0032376633025705814
train loss_total 0.0032376633025705814
train grad_norm 0.9165256023406982
train loss_TCO-iter=1 0.005116363521665335
train loss_TCO 0.005116363521665335
train loss_total 0.005116363521665335
train grad_norm 0.9374690055847168
train loss_TCO-iter=1 0.006911173928529024
train loss_TCO 0.006911173928529024
train loss_total 0.006911173928529024
train grad_norm 0.9698560237884521
train loss_TCO-iter=1 0.008355900645256042
train loss_TCO 0.008355900645256042
train loss_total 0.008355900645256042
train grad_norm 1.0516042709350586
train loss_TCO-iter=1 0.0025025669019669294
train loss_TCO 0.0025025669019669294
train loss_total 0.0025025669019669294
train grad_norm 0.8831799626350403
train loss_TCO-iter=1 0.0012468751519918442
train loss_TCO 0.0012468751519918442
train loss_total 0.0012468751519918442
train grad_norm 0.9228734970092773
train loss_TCO-iter=1 0.002086821710690856
train loss_TCO 0.002086821710690856
train loss_total 0.002086821710690856
train grad_norm 0.9061014652252197
train loss_TCO-iter=1 0.011966682970523834
train loss_TCO 0.011966682970523834
train loss_total 0.011966682970523834
train grad_norm 1.0066910982131958
train loss_TCO-iter=1 0.010818034410476685
train loss_TCO 0.010818034410476685
train loss_total 0.010818034410476685
train grad_norm 1.006022334098816
val loss_TCO-iter=1 0.01270765159279108
val loss_TCO 0.01270765159279108
val loss_total 0.01270765159279108
train loss_TCO-iter=1 0.002140707802027464
train loss_TCO 0.002140707802027464
train loss_total 0.002140707802027464
train grad_norm 0.8956875801086426
train loss_TCO-iter=1 0.005824065767228603
train loss_TCO 0.005824065767228603
train loss_total 0.005824065767228603
train grad_norm 0.8270761370658875
train loss_TCO-iter=1 0.0026335129514336586
train loss_TCO 0.0026335129514336586
train loss_total 0.0026335129514336586
train grad_norm 0.9235520958900452
train loss_TCO-iter=1 0.0038959744852036238
train loss_TCO 0.0038959744852036238
train loss_total 0.0038959744852036238
train grad_norm 0.9748796820640564
train loss_TCO-iter=1 0.0055303615517914295
train loss_TCO 0.0055303615517914295
train loss_total 0.0055303615517914295
train grad_norm 0.9624775648117065
train loss_TCO-iter=1 0.011127815581858158
train loss_TCO 0.011127815581858158
train loss_total 0.011127815581858158
train grad_norm 1.0709267854690552
train loss_TCO-iter=1 0.0035214005038142204
train loss_TCO 0.0035214005038142204
train loss_total 0.0035214005038142204
train grad_norm 0.9343229532241821
train loss_TCO-iter=1 0.0015800247201696038
train loss_TCO 0.0015800247201696038
train loss_total 0.0015800247201696038
train grad_norm 0.9284990429878235
train loss_TCO-iter=1 0.0020532591734081507
train loss_TCO 0.0020532591734081507
train loss_total 0.0020532591734081507
train grad_norm 0.9157512187957764
train loss_TCO-iter=1 0.01318552065640688
train loss_TCO 0.01318552065640688
train loss_total 0.01318552065640688
train grad_norm 0.7956116199493408
val loss_TCO-iter=1 0.020342161878943443
val loss_TCO 0.020342161878943443
val loss_total 0.020342161878943443
train loss_TCO-iter=1 0.016111353412270546
train loss_TCO 0.016111353412270546
train loss_total 0.016111353412270546
train grad_norm 1.1075255870819092
train loss_TCO-iter=1 0.004718443378806114
train loss_TCO 0.004718443378806114
train loss_total 0.004718443378806114
train grad_norm 1.0060312747955322
train loss_TCO-iter=1 0.0013315039686858654
0:04:51.303341 - saving /home/ubuntu/synthetic_pose_estimation/cosypose/local_data/experiments/bracket_assembly_debug_nut_nosym_coarse_noaug--938962 553
  0%|                                                     | 0/1 [00:00<?, ?it/s]0:04:51.718773 - iteration 0
0:04:51.762265 - outputs, {'pose': tensor([[-1.0173, -0.7223,  0.3002,  0.5632, -0.6328, -0.4195,  4.0213, -1.6509,
          0.6463]], device='cuda:0', grad_fn=<AddmmBackward0>)}
0:04:51.763927 - model_outputs {'pose': tensor([[-1.0173, -0.7223,  0.3002,  0.5632, -0.6328, -0.4195,  4.0213, -1.6509,
          0.6463]], device='cuda:0', grad_fn=<AddmmBackward0>)}
0:04:51.764784 - K crop tensor([[[1.8586e+03, 0.0000e+00, 2.9797e+02],
         [0.0000e+00, 1.8586e+03, 6.8829e+01],
         [0.0000e+00, 0.0000e+00, 1.0000e+00]]], device='cuda:0')
0:04:51.765727 - TCO_input tensor([[[ 1.0000,  0.0000,  0.0000, -0.0229],
         [ 0.0000,  1.0000,  0.0000,  0.0084],
         [ 0.0000,  0.0000,  1.0000,  0.3068],
         [ 0.0000,  0.0000,  0.0000,  1.0000]]], device='cuda:0')
0:04:51.767329 - model tco output tensor([[[-0.7928,  0.4467,  0.4147, -0.0143],
         [-0.5628, -0.7976, -0.2168,  0.0052],
         [ 0.2339, -0.4053,  0.8838,  0.1983],
         [ 0.0000,  0.0000,  0.0000,  1.0000]]], device='cuda:0',
       grad_fn=<CopySlices>)
0:04:51.805894 - Wrote debug data: /home/ubuntu/synthetic_pose_estimation/cosypose/local_data/debug_data/debug_iter=1.pth.tar
0:04:52.019395 - TCO_input tensor([[[ 1.0000,  0.0000,  0.0000, -0.0229],
         [ 0.0000,  1.0000,  0.0000,  0.0084],
         [ 0.0000,  0.0000,  1.0000,  0.3068],
         [ 0.0000,  0.0000,  0.0000,  1.0000]]], device='cuda:0')
0:04:52.020585 - vxvyvz tensor([[ 4.0213, -1.6509,  0.6463]], device='cuda:0',
       grad_fn=<SliceBackward0>)
0:04:52.021834 - dR tensor([[[-0.7928,  0.4467,  0.4147],
         [-0.5628, -0.7976, -0.2168],
         [ 0.2339, -0.4053,  0.8838]]], device='cuda:0',
       grad_fn=<StackBackward0>)
0:04:52.022806 - fxfy tensor([[1858.5581, 1858.5580]], device='cuda:0')
0:04:52.025414 - TCO_gt tensor([[[-0.7893,  0.4511,  0.4165, -0.0100],
         [-0.5688, -0.7927, -0.2192,  0.0062],
         [ 0.2313, -0.4099,  0.8823,  0.1920],
         [ 0.0000,  0.0000,  0.0000,  1.0000]]], device='cuda:0')
0:04:52.026389 - TCO pred_orn tensor([[[-0.7928,  0.4467,  0.4147, -0.0100],
         [-0.5628, -0.7976, -0.2168,  0.0062],
         [ 0.2339, -0.4053,  0.8838,  0.1920],
         [ 0.0000,  0.0000,  0.0000,  1.0000]]], device='cuda:0',
       grad_fn=<CopySlices>)
0:04:52.027367 - TCO pred_xy tensor([[[-0.7893,  0.4511,  0.4165, -0.0139],
         [-0.5688, -0.7927, -0.2192,  0.0051],
         [ 0.2313, -0.4099,  0.8823,  0.1920],
         [ 0.0000,  0.0000,  0.0000,  1.0000]]], device='cuda:0',
       grad_fn=<CopySlices>)
0:04:52.028344 - TCO pred_z tensor([[[-0.7893,  0.4511,  0.4165, -0.0100],
         [-0.5688, -0.7927, -0.2192,  0.0062],
         [ 0.2313, -0.4099,  0.8823,  0.1983],
         [ 0.0000,  0.0000,  0.0000,  1.0000]]], device='cuda:0',
       grad_fn=<CopySlices>)
0:04:52.029043 - loss orn tensor([3.6598e-05], device='cuda:0', grad_fn=<MinBackward0>)
0:04:52.029733 - loss xy tensor([0.0017], device='cuda:0', grad_fn=<MinBackward0>)
0:04:52.030408 - loss z tensor([0.0021], device='cuda:0', grad_fn=<MinBackward0>)
  0%|                                       | 0/1 [00:00<?, ?it/s, loss=0.00381]100%|███████████████████████████████| 1/1 [00:00<00:00,  4.56it/s, loss=0.00381]100%|███████████████████████████████| 1/1 [00:00<00:00,  4.55it/s, loss=0.00381]
0:04:51.809754 - saving /home/ubuntu/synthetic_pose_estimation/cosypose/local_data/experiments/bracket_assembly_debug_nut_nosym_coarse_noaug--938962 554
  0%|                                                     | 0/1 [00:00<?, ?it/s]0:04:52.224884 - iteration 0
0:04:52.268088 - outputs, {'pose': tensor([[-1.0211, -0.7229,  0.3018,  0.5590, -0.6316, -0.4241,  4.0256, -1.6465,
          0.6381]], device='cuda:0', grad_fn=<AddmmBackward0>)}
0:04:52.269713 - model_outputs {'pose': tensor([[-1.0211, -0.7229,  0.3018,  0.5590, -0.6316, -0.4241,  4.0256, -1.6465,
          0.6381]], device='cuda:0', grad_fn=<AddmmBackward0>)}
0:04:52.270544 - K crop tensor([[[1.9200e+03, 0.0000e+00, 2.4966e+02],
         [0.0000e+00, 1.9200e+03, 8.7929e+01],
         [0.0000e+00, 0.0000e+00, 1.0000e+00]]], device='cuda:0')
0:04:52.271447 - TCO_input tensor([[[ 1.0000,  0.0000,  0.0000, -0.0148],
         [ 0.0000,  1.0000,  0.0000,  0.0052],
         [ 0.0000,  0.0000,  1.0000,  0.3154],
         [ 0.0000,  0.0000,  0.0000,  1.0000]]], device='cuda:0')
0:04:52.272410 - model tco output tensor([[[-0.7934,  0.4429,  0.4176, -0.0090],
         [-0.5617, -0.7970, -0.2220,  0.0031],
         [ 0.2345, -0.4107,  0.8811,  0.2012],
         [ 0.0000,  0.0000,  0.0000,  1.0000]]], device='cuda:0',
       grad_fn=<CopySlices>)
0:04:52.310926 - Wrote debug data: /home/ubuntu/synthetic_pose_estimation/cosypose/local_data/debug_data/debug_iter=1.pth.tar
0:04:52.524442 - TCO_input tensor([[[ 1.0000,  0.0000,  0.0000, -0.0148],
         [ 0.0000,  1.0000,  0.0000,  0.0052],
         [ 0.0000,  0.0000,  1.0000,  0.3154],
         [ 0.0000,  0.0000,  0.0000,  1.0000]]], device='cuda:0')
0:04:52.525508 - vxvyvz tensor([[ 4.0256, -1.6465,  0.6381]], device='cuda:0',
       grad_fn=<SliceBackward0>)
0:04:52.526540 - dR tensor([[[-0.7934,  0.4429,  0.4176],
         [-0.5617, -0.7970, -0.2220],
         [ 0.2345, -0.4107,  0.8811]]], device='cuda:0',
       grad_fn=<StackBackward0>)
0:04:52.527458 - fxfy tensor([[1919.9502, 1919.9502]], device='cuda:0')
0:04:52.530047 - TCO_gt tensor([[[-0.7893,  0.4511,  0.4165, -0.0100],
         [-0.5688, -0.7927, -0.2192,  0.0062],
         [ 0.2313, -0.4099,  0.8823,  0.1920],
         [ 0.0000,  0.0000,  0.0000,  1.0000]]], device='cuda:0')
0:04:52.531017 - TCO pred_orn tensor([[[-0.7934,  0.4429,  0.4176, -0.0100],
         [-0.5617, -0.7970, -0.2220,  0.0062],
         [ 0.2345, -0.4107,  0.8811,  0.1920],
         [ 0.0000,  0.0000,  0.0000,  1.0000]]], device='cuda:0',
       grad_fn=<CopySlices>)
0:04:52.531987 - TCO pred_xy tensor([[[-0.7893,  0.4511,  0.4165, -0.0086],
         [-0.5688, -0.7927, -0.2192,  0.0030],
         [ 0.2313, -0.4099,  0.8823,  0.1920],
         [ 0.0000,  0.0000,  0.0000,  1.0000]]], device='cuda:0',
       grad_fn=<CopySlices>)
0:04:52.532969 - TCO pred_z tensor([[[-0.7893,  0.4511,  0.4165, -0.0100],
         [-0.5688, -0.7927, -0.2192,  0.0062],
         [ 0.2313, -0.4099,  0.8823,  0.2012],
         [ 0.0000,  0.0000,  0.0000,  1.0000]]], device='cuda:0',
       grad_fn=<CopySlices>)
0:04:52.533697 - loss orn tensor([4.1525e-05], device='cuda:0', grad_fn=<MinBackward0>)
0:04:52.534371 - loss xy tensor([0.0015], device='cuda:0', grad_fn=<MinBackward0>)
0:04:52.535055 - loss z tensor([0.0031], device='cuda:0', grad_fn=<MinBackward0>)
  0%|                                       | 0/1 [00:00<?, ?it/s, loss=0.00466]100%|███████████████████████████████| 1/1 [00:00<00:00,  4.53it/s, loss=0.00466]100%|███████████████████████████████| 1/1 [00:00<00:00,  4.52it/s, loss=0.00466]
0:04:52.308124 - saving /home/ubuntu/synthetic_pose_estimation/cosypose/local_data/experiments/bracket_assembly_debug_nut_nosym_coarse_noaug--938962 555
  0%|                                                     | 0/1 [00:00<?, ?it/s]0:04:52.723500 - iteration 0
0:04:52.770226 - outputs, {'pose': tensor([[-1.0177, -0.7221,  0.2952,  0.5545, -0.6327, -0.4189,  4.0217, -1.6414,
          0.6287]], device='cuda:0', grad_fn=<AddmmBackward0>)}
0:04:52.771826 - model_outputs {'pose': tensor([[-1.0177, -0.7221,  0.2952,  0.5545, -0.6327, -0.4189,  4.0217, -1.6414,
          0.6287]], device='cuda:0', grad_fn=<AddmmBackward0>)}
0:04:52.772581 - K crop tensor([[[1.8853e+03, 0.0000e+00, 2.5691e+02],
         [0.0000e+00, 1.8853e+03, 5.5369e+01],
         [0.0000e+00, 0.0000e+00, 1.0000e+00]]], device='cuda:0')
0:04:52.773431 - TCO_input tensor([[[ 1.0000,  0.0000,  0.0000, -0.0161],
         [ 0.0000,  1.0000,  0.0000,  0.0106],
         [ 0.0000,  0.0000,  1.0000,  0.3120],
         [ 0.0000,  0.0000,  0.0000,  1.0000]]], device='cuda:0')
0:04:52.774332 - model tco output tensor([[[-0.7937,  0.4461,  0.4136, -0.0097],
         [-0.5631, -0.7960, -0.2221,  0.0065],
         [ 0.2302, -0.4092,  0.8830,  0.1962],
         [ 0.0000,  0.0000,  0.0000,  1.0000]]], device='cuda:0',
       grad_fn=<CopySlices>)
0:04:52.812793 - Wrote debug data: /home/ubuntu/synthetic_pose_estimation/cosypose/local_data/debug_data/debug_iter=1.pth.tar
0:04:53.026259 - TCO_input tensor([[[ 1.0000,  0.0000,  0.0000, -0.0161],
         [ 0.0000,  1.0000,  0.0000,  0.0106],
         [ 0.0000,  0.0000,  1.0000,  0.3120],
         [ 0.0000,  0.0000,  0.0000,  1.0000]]], device='cuda:0')
0:04:53.027188 - vxvyvz tensor([[ 4.0217, -1.6414,  0.6287]], device='cuda:0',
       grad_fn=<SliceBackward0>)
0:04:53.028176 - dR tensor([[[-0.7937,  0.4461,  0.4136],
         [-0.5631, -0.7960, -0.2221],
         [ 0.2302, -0.4092,  0.8830]]], device='cuda:0',
       grad_fn=<StackBackward0>)
0:04:53.029028 - fxfy tensor([[1885.3394, 1885.3391]], device='cuda:0')
0:04:53.031573 - TCO_gt tensor([[[-0.7893,  0.4511,  0.4165, -0.0100],
         [-0.5688, -0.7927, -0.2192,  0.0062],
         [ 0.2313, -0.4099,  0.8823,  0.1920],
         [ 0.0000,  0.0000,  0.0000,  1.0000]]], device='cuda:0')
0:04:53.032465 - TCO pred_orn tensor([[[-0.7937,  0.4461,  0.4136, -0.0100],
         [-0.5631, -0.7960, -0.2221,  0.0062],
         [ 0.2302, -0.4092,  0.8830,  0.1920],
         [ 0.0000,  0.0000,  0.0000,  1.0000]]], device='cuda:0',
       grad_fn=<CopySlices>)
0:04:53.033410 - TCO pred_xy tensor([[[-0.7893,  0.4511,  0.4165, -0.0095],
         [-0.5688, -0.7927, -0.2192,  0.0064],
         [ 0.2313, -0.4099,  0.8823,  0.1920],
         [ 0.0000,  0.0000,  0.0000,  1.0000]]], device='cuda:0',
       grad_fn=<CopySlices>)
0:04:53.034337 - TCO pred_z tensor([[[-0.7893,  0.4511,  0.4165, -0.0100],
         [-0.5688, -0.7927, -0.2192,  0.0062],
         [ 0.2313, -0.4099,  0.8823,  0.1962],
         [ 0.0000,  0.0000,  0.0000,  1.0000]]], device='cuda:0',
       grad_fn=<CopySlices>)
0:04:53.034993 - loss orn tensor([2.9594e-05], device='cuda:0', grad_fn=<MinBackward0>)
0:04:53.035629 - loss xy tensor([0.0002], device='cuda:0', grad_fn=<MinBackward0>)
0:04:53.038455 - loss z tensor([0.0014], device='cuda:0', grad_fn=<MinBackward0>)
  0%|                                       | 0/1 [00:00<?, ?it/s, loss=0.00166]100%|███████████████████████████████| 1/1 [00:00<00:00,  4.50it/s, loss=0.00166]100%|███████████████████████████████| 1/1 [00:00<00:00,  4.50it/s, loss=0.00166]
0:04:52.800975 - saving /home/ubuntu/synthetic_pose_estimation/cosypose/local_data/experiments/bracket_assembly_debug_nut_nosym_coarse_noaug--938962 556
  0%|                                                     | 0/1 [00:00<?, ?it/s]0:04:53.216051 - iteration 0
0:04:53.259187 - outputs, {'pose': tensor([[-1.0106, -0.7286,  0.2926,  0.5655, -0.6316, -0.4247,  4.0102, -1.6434,
          0.6307]], device='cuda:0', grad_fn=<AddmmBackward0>)}
0:04:53.260790 - model_outputs {'pose': tensor([[-1.0106, -0.7286,  0.2926,  0.5655, -0.6316, -0.4247,  4.0102, -1.6434,
          0.6307]], device='cuda:0', grad_fn=<AddmmBackward0>)}
0:04:53.261638 - K crop tensor([[[1.7812e+03, 0.0000e+00, 2.9359e+02],
         [0.0000e+00, 1.7812e+03, 7.3751e+01],
         [0.0000e+00, 0.0000e+00, 1.0000e+00]]], device='cuda:0')
0:04:53.262813 - TCO_input tensor([[[ 1.0000,  0.0000,  0.0000, -0.0221],
         [ 0.0000,  1.0000,  0.0000,  0.0076],
         [ 0.0000,  0.0000,  1.0000,  0.2941],
         [ 0.0000,  0.0000,  0.0000,  1.0000]]], device='cuda:0')
0:04:53.264148 - model tco output tensor([[[-0.7897,  0.4517,  0.4152, -0.0135],
         [-0.5693, -0.7917, -0.2215,  0.0046],
         [ 0.2286, -0.4113,  0.8824,  0.1855],
         [ 0.0000,  0.0000,  0.0000,  1.0000]]], device='cuda:0',
       grad_fn=<CopySlices>)
0:04:53.306796 - Wrote debug data: /home/ubuntu/synthetic_pose_estimation/cosypose/local_data/debug_data/debug_iter=1.pth.tar
0:04:53.519338 - TCO_input tensor([[[ 1.0000,  0.0000,  0.0000, -0.0221],
         [ 0.0000,  1.0000,  0.0000,  0.0076],
         [ 0.0000,  0.0000,  1.0000,  0.2941],
         [ 0.0000,  0.0000,  0.0000,  1.0000]]], device='cuda:0')
0:04:53.520380 - vxvyvz tensor([[ 4.0102, -1.6434,  0.6307]], device='cuda:0',
       grad_fn=<SliceBackward0>)
0:04:53.521415 - dR tensor([[[-0.7897,  0.4517,  0.4152],
         [-0.5693, -0.7917, -0.2215],
         [ 0.2286, -0.4113,  0.8824]]], device='cuda:0',
       grad_fn=<StackBackward0>)
0:04:53.522274 - fxfy tensor([[1781.2454, 1781.2457]], device='cuda:0')
0:04:53.524758 - TCO_gt tensor([[[-0.7893,  0.4511,  0.4165, -0.0100],
         [-0.5688, -0.7927, -0.2192,  0.0062],
         [ 0.2313, -0.4099,  0.8823,  0.1920],
         [ 0.0000,  0.0000,  0.0000,  1.0000]]], device='cuda:0')
0:04:53.525705 - TCO pred_orn tensor([[[-0.7897,  0.4517,  0.4152, -0.0100],
         [-0.5693, -0.7917, -0.2215,  0.0062],
         [ 0.2286, -0.4113,  0.8824,  0.1920],
         [ 0.0000,  0.0000,  0.0000,  1.0000]]], device='cuda:0',
       grad_fn=<CopySlices>)
0:04:53.526600 - TCO pred_xy tensor([[[-0.7893,  0.4511,  0.4165, -0.0140],
         [-0.5688, -0.7927, -0.2192,  0.0048],
         [ 0.2313, -0.4099,  0.8823,  0.1920],
         [ 0.0000,  0.0000,  0.0000,  1.0000]]], device='cuda:0',
       grad_fn=<CopySlices>)
0:04:53.527474 - TCO pred_z tensor([[[-0.7893,  0.4511,  0.4165, -0.0100],
         [-0.5688, -0.7927, -0.2192,  0.0062],
         [ 0.2313, -0.4099,  0.8823,  0.1855],
         [ 0.0000,  0.0000,  0.0000,  1.0000]]], device='cuda:0',
       grad_fn=<CopySlices>)
0:04:53.528098 - loss orn tensor([1.1664e-05], device='cuda:0', grad_fn=<MinBackward0>)
0:04:53.528706 - loss xy tensor([0.0018], device='cuda:0', grad_fn=<MinBackward0>)
0:04:53.529375 - loss z tensor([0.0022], device='cuda:0', grad_fn=<MinBackward0>)
  0%|                                       | 0/1 [00:00<?, ?it/s, loss=0.00398]100%|███████████████████████████████| 1/1 [00:00<00:00,  4.53it/s, loss=0.00398]100%|███████████████████████████████| 1/1 [00:00<00:00,  4.52it/s, loss=0.00398]
0:04:53.330024 - saving /home/ubuntu/synthetic_pose_estimation/cosypose/local_data/experiments/bracket_assembly_debug_nut_nosym_coarse_noaug--938962 557
  0%|                                                     | 0/1 [00:00<?, ?it/s]0:04:53.745187 - iteration 0
0:04:53.788592 - outputs, {'pose': tensor([[-1.0148, -0.7278,  0.2978,  0.5622, -0.6302, -0.4241,  4.0246, -1.6466,
          0.6434]], device='cuda:0', grad_fn=<AddmmBackward0>)}
0:04:53.790340 - model_outputs {'pose': tensor([[-1.0148, -0.7278,  0.2978,  0.5622, -0.6302, -0.4241,  4.0246, -1.6466,
          0.6434]], device='cuda:0', grad_fn=<AddmmBackward0>)}
0:04:53.791178 - K crop tensor([[[2.0096e+03, 0.0000e+00, 1.9519e+02],
         [0.0000e+00, 2.0096e+03, 5.0415e+01],
         [0.0000e+00, 0.0000e+00, 1.0000e+00]]], device='cuda:0')
0:04:53.792082 - TCO_input tensor([[[ 1.0000,  0.0000,  0.0000, -0.0059],
         [ 0.0000,  1.0000,  0.0000,  0.0114],
         [ 0.0000,  0.0000,  1.0000,  0.3323],
         [ 0.0000,  0.0000,  0.0000,  1.0000]]], device='cuda:0')
0:04:53.793041 - model tco output tensor([[[-0.7904,  0.4485,  0.4172, -0.0034],
         [-0.5669, -0.7936, -0.2210,  0.0072],
         [ 0.2320, -0.4113,  0.8815,  0.2138],
         [ 0.0000,  0.0000,  0.0000,  1.0000]]], device='cuda:0',
       grad_fn=<CopySlices>)
0:04:53.830786 - Wrote debug data: /home/ubuntu/synthetic_pose_estimation/cosypose/local_data/debug_data/debug_iter=1.pth.tar
0:04:54.043137 - TCO_input tensor([[[ 1.0000,  0.0000,  0.0000, -0.0059],
         [ 0.0000,  1.0000,  0.0000,  0.0114],
         [ 0.0000,  0.0000,  1.0000,  0.3323],
         [ 0.0000,  0.0000,  0.0000,  1.0000]]], device='cuda:0')
0:04:54.044186 - vxvyvz tensor([[ 4.0246, -1.6466,  0.6434]], device='cuda:0',
       grad_fn=<SliceBackward0>)
0:04:54.045281 - dR tensor([[[-0.7904,  0.4485,  0.4172],
         [-0.5669, -0.7936, -0.2210],
         [ 0.2320, -0.4113,  0.8815]]], device='cuda:0',
       grad_fn=<StackBackward0>)
0:04:54.046338 - fxfy tensor([[2009.6418, 2009.6423]], device='cuda:0')
0:04:54.049014 - TCO_gt tensor([[[-0.7893,  0.4511,  0.4165, -0.0100],
         [-0.5688, -0.7927, -0.2192,  0.0062],
         [ 0.2313, -0.4099,  0.8823,  0.1920],
         [ 0.0000,  0.0000,  0.0000,  1.0000]]], device='cuda:0')
0:04:54.050029 - TCO pred_orn tensor([[[-0.7904,  0.4485,  0.4172, -0.0100],
         [-0.5669, -0.7936, -0.2210,  0.0062],
         [ 0.2320, -0.4113,  0.8815,  0.1920],
         [ 0.0000,  0.0000,  0.0000,  1.0000]]], device='cuda:0',
       grad_fn=<CopySlices>)
0:04:54.051068 - TCO pred_xy tensor([[[-0.7893,  0.4511,  0.4165, -0.0030],
         [-0.5688, -0.7927, -0.2192,  0.0064],
         [ 0.2313, -0.4099,  0.8823,  0.1920],
         [ 0.0000,  0.0000,  0.0000,  1.0000]]], device='cuda:0',
       grad_fn=<CopySlices>)
0:04:54.052126 - TCO pred_z tensor([[[-0.7893,  0.4511,  0.4165, -0.0100],
         [-0.5688, -0.7927, -0.2192,  0.0062],
         [ 0.2313, -0.4099,  0.8823,  0.2138],
         [ 0.0000,  0.0000,  0.0000,  1.0000]]], device='cuda:0',
       grad_fn=<CopySlices>)
0:04:54.052940 - loss orn tensor([1.3317e-05], device='cuda:0', grad_fn=<MinBackward0>)
0:04:54.053748 - loss xy tensor([0.0024], device='cuda:0', grad_fn=<MinBackward0>)
0:04:54.054534 - loss z tensor([0.0073], device='cuda:0', grad_fn=<MinBackward0>)
  0%|                                        | 0/1 [00:00<?, ?it/s, loss=0.0097]100%|████████████████████████████████| 1/1 [00:00<00:00,  4.58it/s, loss=0.0097]100%|████████████████████████████████| 1/1 [00:00<00:00,  4.57it/s, loss=0.0097]
0:04:53.820410 - saving /home/ubuntu/synthetic_pose_estimation/cosypose/local_data/experiments/bracket_assembly_debug_nut_nosym_coarse_noaug--938962 558
  0%|                                                     | 0/1 [00:00<?, ?it/s]0:04:54.235701 - iteration 0
0:04:54.279287 - outputs, {'pose': tensor([[-1.0093, -0.7289,  0.2944,  0.5594, -0.6270, -0.4186,  4.0026, -1.6332,
          0.6154]], device='cuda:0', grad_fn=<AddmmBackward0>)}
0:04:54.280904 - model_outputs {'pose': tensor([[-1.0093, -0.7289,  0.2944,  0.5594, -0.6270, -0.4186,  4.0026, -1.6332,
          0.6154]], device='cuda:0', grad_fn=<AddmmBackward0>)}
0:04:54.281730 - K crop tensor([[[2.0070e+03, 0.0000e+00, 2.7073e+02],
         [0.0000e+00, 2.0070e+03, 2.4278e+01],
         [0.0000e+00, 0.0000e+00, 1.0000e+00]]], device='cuda:0')
0:04:54.282598 - TCO_input tensor([[[ 1.0000,  0.0000,  0.0000, -0.0185],
         [ 0.0000,  1.0000,  0.0000,  0.0158],
         [ 0.0000,  0.0000,  1.0000,  0.3336],
         [ 0.0000,  0.0000,  0.0000,  1.0000]]], device='cuda:0')
0:04:54.284086 - model tco output tensor([[[-0.7889,  0.4527,  0.4155, -0.0110],
         [-0.5698, -0.7922, -0.2187,  0.0096],
         [ 0.2301, -0.4093,  0.8829,  0.2053],
         [ 0.0000,  0.0000,  0.0000,  1.0000]]], device='cuda:0',
       grad_fn=<CopySlices>)
0:04:54.322790 - Wrote debug data: /home/ubuntu/synthetic_pose_estimation/cosypose/local_data/debug_data/debug_iter=1.pth.tar
0:04:54.534653 - TCO_input tensor([[[ 1.0000,  0.0000,  0.0000, -0.0185],
         [ 0.0000,  1.0000,  0.0000,  0.0158],
         [ 0.0000,  0.0000,  1.0000,  0.3336],
         [ 0.0000,  0.0000,  0.0000,  1.0000]]], device='cuda:0')
0:04:54.535775 - vxvyvz tensor([[ 4.0026, -1.6332,  0.6154]], device='cuda:0',
       grad_fn=<SliceBackward0>)
0:04:54.536843 - dR tensor([[[-0.7889,  0.4527,  0.4155],
         [-0.5698, -0.7922, -0.2187],
         [ 0.2301, -0.4093,  0.8829]]], device='cuda:0',
       grad_fn=<StackBackward0>)
0:04:54.537796 - fxfy tensor([[2006.9922, 2006.9918]], device='cuda:0')
0:04:54.540364 - TCO_gt tensor([[[-0.7893,  0.4511,  0.4165, -0.0100],
         [-0.5688, -0.7927, -0.2192,  0.0062],
         [ 0.2313, -0.4099,  0.8823,  0.1920],
         [ 0.0000,  0.0000,  0.0000,  1.0000]]], device='cuda:0')
0:04:54.541328 - TCO pred_orn tensor([[[-0.7889,  0.4527,  0.4155, -0.0100],
         [-0.5698, -0.7922, -0.2187,  0.0062],
         [ 0.2301, -0.4093,  0.8829,  0.1920],
         [ 0.0000,  0.0000,  0.0000,  1.0000]]], device='cuda:0',
       grad_fn=<CopySlices>)
0:04:54.542256 - TCO pred_xy tensor([[[-0.7893,  0.4511,  0.4165, -0.0103],
         [-0.5688, -0.7927, -0.2192,  0.0090],
         [ 0.2313, -0.4099,  0.8823,  0.1920],
         [ 0.0000,  0.0000,  0.0000,  1.0000]]], device='cuda:0',
       grad_fn=<CopySlices>)
0:04:54.543188 - TCO pred_z tensor([[[-0.7893,  0.4511,  0.4165, -0.0100],
         [-0.5688, -0.7927, -0.2192,  0.0062],
         [ 0.2313, -0.4099,  0.8823,  0.2053],
         [ 0.0000,  0.0000,  0.0000,  1.0000]]], device='cuda:0',
       grad_fn=<CopySlices>)
0:04:54.543839 - loss orn tensor([8.5652e-06], device='cuda:0', grad_fn=<MinBackward0>)
0:04:54.544498 - loss xy tensor([0.0010], device='cuda:0', grad_fn=<MinBackward0>)
0:04:54.545135 - loss z tensor([0.0044], device='cuda:0', grad_fn=<MinBackward0>)
  0%|                                       | 0/1 [00:00<?, ?it/s, loss=0.00545]100%|███████████████████████████████| 1/1 [00:00<00:00,  4.60it/s, loss=0.00545]100%|███████████████████████████████| 1/1 [00:00<00:00,  4.59it/s, loss=0.00545]
0:04:54.312325 - saving /home/ubuntu/synthetic_pose_estimation/cosypose/local_data/experiments/bracket_assembly_debug_nut_nosym_coarse_noaug--938962 559
  0%|                                                     | 0/1 [00:00<?, ?it/s]0:04:54.727677 - iteration 0
0:04:54.771209 - outputs, {'pose': tensor([[-1.0160, -0.7327,  0.2978,  0.5681, -0.6320, -0.4275,  4.0320, -1.6466,
          0.6456]], device='cuda:0', grad_fn=<AddmmBackward0>)}
0:04:54.772865 - model_outputs {'pose': tensor([[-1.0160, -0.7327,  0.2978,  0.5681, -0.6320, -0.4275,  4.0320, -1.6466,
          0.6456]], device='cuda:0', grad_fn=<AddmmBackward0>)}
0:04:54.776801 - K crop tensor([[[1.7467e+03, 0.0000e+00, 2.7858e+02],
         [0.0000e+00, 1.7467e+03, 2.9621e+01],
         [0.0000e+00, 0.0000e+00, 1.0000e+00]]], device='cuda:0')
0:04:54.777730 - TCO_input tensor([[[ 1.0000,  0.0000,  0.0000, -0.0199],
         [ 0.0000,  1.0000,  0.0000,  0.0150],
         [ 0.0000,  0.0000,  1.0000,  0.2915],
         [ 0.0000,  0.0000,  0.0000,  1.0000]]], device='cuda:0')
0:04:54.778661 - model tco output tensor([[[-0.7891,  0.4505,  0.4176, -0.0124],
         [-0.5690, -0.7921, -0.2209,  0.0095],
         [ 0.2313, -0.4119,  0.8814,  0.1882],
         [ 0.0000,  0.0000,  0.0000,  1.0000]]], device='cuda:0',
       grad_fn=<CopySlices>)
0:04:54.822988 - Wrote debug data: /home/ubuntu/synthetic_pose_estimation/cosypose/local_data/debug_data/debug_iter=1.pth.tar
0:04:55.039260 - TCO_input tensor([[[ 1.0000,  0.0000,  0.0000, -0.0199],
         [ 0.0000,  1.0000,  0.0000,  0.0150],
         [ 0.0000,  0.0000,  1.0000,  0.2915],
         [ 0.0000,  0.0000,  0.0000,  1.0000]]], device='cuda:0')
0:04:55.040304 - vxvyvz tensor([[ 4.0320, -1.6466,  0.6456]], device='cuda:0',
       grad_fn=<SliceBackward0>)
0:04:55.041419 - dR tensor([[[-0.7891,  0.4505,  0.4176],
         [-0.5690, -0.7921, -0.2209],
         [ 0.2313, -0.4119,  0.8814]]], device='cuda:0',
       grad_fn=<StackBackward0>)
0:04:55.042301 - fxfy tensor([[1746.6875, 1746.6876]], device='cuda:0')
0:04:55.044810 - TCO_gt tensor([[[-0.7893,  0.4511,  0.4165, -0.0100],
         [-0.5688, -0.7927, -0.2192,  0.0062],
         [ 0.2313, -0.4099,  0.8823,  0.1920],
         [ 0.0000,  0.0000,  0.0000,  1.0000]]], device='cuda:0')
0:04:55.045772 - TCO pred_orn tensor([[[-0.7891,  0.4505,  0.4176, -0.0100],
         [-0.5690, -0.7921, -0.2209,  0.0062],
         [ 0.2313, -0.4119,  0.8814,  0.1920],
         [ 0.0000,  0.0000,  0.0000,  1.0000]]], device='cuda:0',
       grad_fn=<CopySlices>)
0:04:55.046682 - TCO pred_xy tensor([[[-0.7893,  0.4511,  0.4165, -0.0126],
         [-0.5688, -0.7927, -0.2192,  0.0097],
         [ 0.2313, -0.4099,  0.8823,  0.1920],
         [ 0.0000,  0.0000,  0.0000,  1.0000]]], device='cuda:0',
       grad_fn=<CopySlices>)
0:04:55.047581 - TCO pred_z tensor([[[-0.7893,  0.4511,  0.4165, -0.0100],
         [-0.5688, -0.7927, -0.2192,  0.0062],
         [ 0.2313, -0.4099,  0.8823,  0.1882],
         [ 0.0000,  0.0000,  0.0000,  1.0000]]], device='cuda:0',
       grad_fn=<CopySlices>)
0:04:55.048214 - loss orn tensor([8.3858e-06], device='cuda:0', grad_fn=<MinBackward0>)
0:04:55.048847 - loss xy tensor([0.0021], device='cuda:0', grad_fn=<MinBackward0>)
0:04:55.049499 - loss z tensor([0.0013], device='cuda:0', grad_fn=<MinBackward0>)
  0%|                                       | 0/1 [00:00<?, ?it/s, loss=0.00332]100%|███████████████████████████████| 1/1 [00:00<00:00,  4.36it/s, loss=0.00332]100%|███████████████████████████████| 1/1 [00:00<00:00,  4.35it/s, loss=0.00332]
  0%|                                                     | 0/1 [00:00<?, ?it/s]0:04:54.956981 - iteration 0
0:04:54.994196 - outputs, {'pose': tensor([[-0.7756, -0.5484,  0.3375,  0.6478, -0.4137, -0.2556,  2.6540, -1.4447,
          0.7792]], device='cuda:0')}
0:04:54.995710 - model_outputs {'pose': tensor([[-0.7756, -0.5484,  0.3375,  0.6478, -0.4137, -0.2556,  2.6540, -1.4447,
          0.7792]], device='cuda:0')}
0:04:54.996492 - K crop tensor([[[1.6633e+03, 0.0000e+00, 2.3478e+02],
         [0.0000e+00, 1.6633e+03, 5.5333e+00],
         [0.0000e+00, 0.0000e+00, 1.0000e+00]]], device='cuda:0')
0:04:54.997353 - TCO_input tensor([[[ 1.0000,  0.0000,  0.0000, -0.0127],
         [ 0.0000,  1.0000,  0.0000,  0.0192],
         [ 0.0000,  0.0000,  1.0000,  0.2797],
         [ 0.0000,  0.0000,  0.0000,  1.0000]]], device='cuda:0')
0:04:54.998364 - model tco output tensor([[[-0.7694,  0.5118,  0.3823, -0.0095],
         [-0.5440, -0.8386,  0.0278,  0.0147],
         [ 0.3348, -0.1865,  0.9236,  0.2179],
         [ 0.0000,  0.0000,  0.0000,  1.0000]]], device='cuda:0')
0:04:55.039338 - Wrote debug data: /home/ubuntu/synthetic_pose_estimation/cosypose/local_data/debug_data/debug_iter=1.pth.tar
0:04:55.251511 - TCO_input tensor([[[ 1.0000,  0.0000,  0.0000, -0.0127],
         [ 0.0000,  1.0000,  0.0000,  0.0192],
         [ 0.0000,  0.0000,  1.0000,  0.2797],
         [ 0.0000,  0.0000,  0.0000,  1.0000]]], device='cuda:0')
0:04:55.252455 - vxvyvz tensor([[ 2.6540, -1.4447,  0.7792]], device='cuda:0')
0:04:55.253442 - dR tensor([[[-0.7694,  0.5118,  0.3823],
         [-0.5440, -0.8386,  0.0278],
         [ 0.3348, -0.1865,  0.9236]]], device='cuda:0')
0:04:55.254286 - fxfy tensor([[1663.2794, 1663.2798]], device='cuda:0')
0:04:55.256531 - TCO_gt tensor([[[-0.7893,  0.4511,  0.4165, -0.0100],
         [-0.5688, -0.7927, -0.2192,  0.0062],
         [ 0.2313, -0.4099,  0.8823,  0.1920],
         [ 0.0000,  0.0000,  0.0000,  1.0000]]], device='cuda:0')
0:04:55.257444 - TCO pred_orn tensor([[[-0.7694,  0.5118,  0.3823, -0.0100],
         [-0.5440, -0.8386,  0.0278,  0.0062],
         [ 0.3348, -0.1865,  0.9236,  0.1920],
         [ 0.0000,  0.0000,  0.0000,  1.0000]]], device='cuda:0')
0:04:55.258311 - TCO pred_xy tensor([[[-0.7893,  0.4511,  0.4165, -0.0084],
         [-0.5688, -0.7927, -0.2192,  0.0130],
         [ 0.2313, -0.4099,  0.8823,  0.1920],
         [ 0.0000,  0.0000,  0.0000,  1.0000]]], device='cuda:0')
0:04:55.259173 - TCO pred_z tensor([[[-0.7893,  0.4511,  0.4165, -0.0100],
         [-0.5688, -0.7927, -0.2192,  0.0062],
         [ 0.2313, -0.4099,  0.8823,  0.2179],
         [ 0.0000,  0.0000,  0.0000,  1.0000]]], device='cuda:0')
0:04:55.259789 - loss orn tensor([0.0010], device='cuda:0')
0:04:55.260403 - loss xy tensor([0.0028], device='cuda:0')
0:04:55.261031 - loss z tensor([0.0087], device='cuda:0')
100%|█████████████████████████████████████████████| 1/1 [00:00<00:00,  8.15it/s]100%|█████████████████████████████████████████████| 1/1 [00:00<00:00,  8.12it/s]
0:04:54.961967 - saving /home/ubuntu/synthetic_pose_estimation/cosypose/local_data/experiments/bracket_assembly_debug_nut_nosym_coarse_noaug--938962 560
  0%|                                                     | 0/1 [00:00<?, ?it/s]0:04:55.373923 - iteration 0
0:04:55.419073 - outputs, {'pose': tensor([[-1.0054, -0.7285,  0.3022,  0.5618, -0.6313, -0.4232,  4.0166, -1.6439,
          0.6256]], device='cuda:0', grad_fn=<AddmmBackward0>)}
0:04:55.420860 - model_outputs {'pose': tensor([[-1.0054, -0.7285,  0.3022,  0.5618, -0.6313, -0.4232,  4.0166, -1.6439,
          0.6256]], device='cuda:0', grad_fn=<AddmmBackward0>)}
0:04:55.421701 - K crop tensor([[[1.9292e+03, 0.0000e+00, 2.2565e+02],
         [0.0000e+00, 1.9292e+03, 3.4299e+01],
         [0.0000e+00, 0.0000e+00, 1.0000e+00]]], device='cuda:0')
0:04:55.422548 - TCO_input tensor([[[ 1.0000,  0.0000,  0.0000, -0.0110],
         [ 0.0000,  1.0000,  0.0000,  0.0142],
         [ 0.0000,  0.0000,  1.0000,  0.3204],
         [ 0.0000,  0.0000,  0.0000,  1.0000]]], device='cuda:0')
0:04:55.423554 - model tco output tensor([[[-0.7868,  0.4512,  0.4211, -0.0065],
         [-0.5701, -0.7927, -0.2158,  0.0087],
         [ 0.2365, -0.4099,  0.8810,  0.2004],
         [ 0.0000,  0.0000,  0.0000,  1.0000]]], device='cuda:0',
       grad_fn=<CopySlices>)
0:04:55.467808 - Wrote debug data: /home/ubuntu/synthetic_pose_estimation/cosypose/local_data/debug_data/debug_iter=1.pth.tar
0:04:55.683708 - TCO_input tensor([[[ 1.0000,  0.0000,  0.0000, -0.0110],
         [ 0.0000,  1.0000,  0.0000,  0.0142],
         [ 0.0000,  0.0000,  1.0000,  0.3204],
         [ 0.0000,  0.0000,  0.0000,  1.0000]]], device='cuda:0')
0:04:55.685103 - vxvyvz tensor([[ 4.0166, -1.6439,  0.6256]], device='cuda:0',
       grad_fn=<SliceBackward0>)
0:04:55.686488 - dR tensor([[[-0.7868,  0.4512,  0.4211],
         [-0.5701, -0.7927, -0.2158],
         [ 0.2365, -0.4099,  0.8810]]], device='cuda:0',
       grad_fn=<StackBackward0>)
0:04:55.687668 - fxfy tensor([[1929.1998, 1929.2000]], device='cuda:0')
0:04:55.690691 - TCO_gt tensor([[[-0.7893,  0.4511,  0.4165, -0.0100],
         [-0.5688, -0.7927, -0.2192,  0.0062],
         [ 0.2313, -0.4099,  0.8823,  0.1920],
         [ 0.0000,  0.0000,  0.0000,  1.0000]]], device='cuda:0')
0:04:55.691600 - TCO pred_orn tensor([[[-0.7868,  0.4512,  0.4211, -0.0100],
         [-0.5701, -0.7927, -0.2158,  0.0062],
         [ 0.2365, -0.4099,  0.8810,  0.1920],
         [ 0.0000,  0.0000,  0.0000,  1.0000]]], device='cuda:0',
       grad_fn=<CopySlices>)
0:04:55.692507 - TCO pred_xy tensor([[[-0.7893,  0.4511,  0.4165, -0.0062],
         [-0.5688, -0.7927, -0.2192,  0.0083],
         [ 0.2313, -0.4099,  0.8823,  0.1920],
         [ 0.0000,  0.0000,  0.0000,  1.0000]]], device='cuda:0',
       grad_fn=<CopySlices>)
0:04:55.693429 - TCO pred_z tensor([[[-0.7893,  0.4511,  0.4165, -0.0100],
         [-0.5688, -0.7927, -0.2192,  0.0062],
         [ 0.2313, -0.4099,  0.8823,  0.2004],
         [ 0.0000,  0.0000,  0.0000,  1.0000]]], device='cuda:0',
       grad_fn=<CopySlices>)
0:04:55.694067 - loss orn tensor([2.2444e-05], device='cuda:0', grad_fn=<MinBackward0>)
0:04:55.694686 - loss xy tensor([0.0020], device='cuda:0', grad_fn=<MinBackward0>)
0:04:55.695291 - loss z tensor([0.0028], device='cuda:0', grad_fn=<MinBackward0>)
  0%|                                       | 0/1 [00:00<?, ?it/s, loss=0.00483]100%|███████████████████████████████| 1/1 [00:00<00:00,  4.23it/s, loss=0.00483]100%|███████████████████████████████| 1/1 [00:00<00:00,  4.23it/s, loss=0.00483]
0:04:55.476792 - saving /home/ubuntu/synthetic_pose_estimation/cosypose/local_data/experiments/bracket_assembly_debug_nut_nosym_coarse_noaug--938962 561
  0%|                                                     | 0/1 [00:00<?, ?it/s]0:04:55.892107 - iteration 0
0:04:55.935469 - outputs, {'pose': tensor([[-1.0162, -0.7378,  0.2976,  0.5658, -0.6366, -0.4205,  4.0515, -1.6599,
          0.6466]], device='cuda:0', grad_fn=<AddmmBackward0>)}
0:04:55.937051 - model_outputs {'pose': tensor([[-1.0162, -0.7378,  0.2976,  0.5658, -0.6366, -0.4205,  4.0515, -1.6599,
          0.6466]], device='cuda:0', grad_fn=<AddmmBackward0>)}
0:04:55.937847 - K crop tensor([[[1.4133e+03, 0.0000e+00, 2.3727e+02],
         [0.0000e+00, 1.4133e+03, 4.4609e+01],
         [0.0000e+00, 0.0000e+00, 1.0000e+00]]], device='cuda:0')
0:04:55.938685 - TCO_input tensor([[[ 1.0000,  0.0000,  0.0000, -0.0130],
         [ 0.0000,  1.0000,  0.0000,  0.0126],
         [ 0.0000,  0.0000,  1.0000,  0.2371],
         [ 0.0000,  0.0000,  0.0000,  1.0000]]], device='cuda:0')
0:04:55.939578 - model tco output tensor([[[-0.7874,  0.4558,  0.4151, -0.0080],
         [-0.5717, -0.7918, -0.2151,  0.0079],
         [ 0.2306, -0.4066,  0.8840,  0.1533],
         [ 0.0000,  0.0000,  0.0000,  1.0000]]], device='cuda:0',
       grad_fn=<CopySlices>)
0:04:55.980747 - Wrote debug data: /home/ubuntu/synthetic_pose_estimation/cosypose/local_data/debug_data/debug_iter=1.pth.tar
0:04:56.191994 - TCO_input tensor([[[ 1.0000,  0.0000,  0.0000, -0.0130],
         [ 0.0000,  1.0000,  0.0000,  0.0126],
         [ 0.0000,  0.0000,  1.0000,  0.2371],
         [ 0.0000,  0.0000,  0.0000,  1.0000]]], device='cuda:0')
0:04:56.192936 - vxvyvz tensor([[ 4.0515, -1.6599,  0.6466]], device='cuda:0',
       grad_fn=<SliceBackward0>)
0:04:56.193936 - dR tensor([[[-0.7874,  0.4558,  0.4151],
         [-0.5717, -0.7918, -0.2151],
         [ 0.2306, -0.4066,  0.8840]]], device='cuda:0',
       grad_fn=<StackBackward0>)
0:04:56.194800 - fxfy tensor([[1413.3087, 1413.3086]], device='cuda:0')
0:04:56.197290 - TCO_gt tensor([[[-0.7893,  0.4511,  0.4165, -0.0100],
         [-0.5688, -0.7927, -0.2192,  0.0062],
         [ 0.2313, -0.4099,  0.8823,  0.1920],
         [ 0.0000,  0.0000,  0.0000,  1.0000]]], device='cuda:0')
0:04:56.198196 - TCO pred_orn tensor([[[-0.7874,  0.4558,  0.4151, -0.0100],
         [-0.5717, -0.7918, -0.2151,  0.0062],
         [ 0.2306, -0.4066,  0.8840,  0.1920],
         [ 0.0000,  0.0000,  0.0000,  1.0000]]], device='cuda:0',
       grad_fn=<CopySlices>)
0:04:56.199091 - TCO pred_xy tensor([[[-0.7893,  0.4511,  0.4165, -0.0100],
         [-0.5688, -0.7927, -0.2192,  0.0099],
         [ 0.2313, -0.4099,  0.8823,  0.1920],
         [ 0.0000,  0.0000,  0.0000,  1.0000]]], device='cuda:0',
       grad_fn=<CopySlices>)
0:04:56.199969 - TCO pred_z tensor([[[-0.7893,  0.4511,  0.4165, -0.0100],
         [-0.5688, -0.7927, -0.2192,  0.0062],
         [ 0.2313, -0.4099,  0.8823,  0.1533],
         [ 0.0000,  0.0000,  0.0000,  1.0000]]], device='cuda:0',
       grad_fn=<CopySlices>)
0:04:56.200618 - loss orn tensor([2.4402e-05], device='cuda:0', grad_fn=<MinBackward0>)
0:04:56.201257 - loss xy tensor([0.0013], device='cuda:0', grad_fn=<MinBackward0>)
0:04:56.201899 - loss z tensor([0.0129], device='cuda:0', grad_fn=<MinBackward0>)
  0%|                                        | 0/1 [00:00<?, ?it/s, loss=0.0142]100%|████████████████████████████████| 1/1 [00:00<00:00,  4.62it/s, loss=0.0142]100%|████████████████████████████████| 1/1 [00:00<00:00,  4.61it/s, loss=0.0142]
0:04:55.992491 - saving /home/ubuntu/synthetic_pose_estimation/cosypose/local_data/experiments/bracket_assembly_debug_nut_nosym_coarse_noaug--938962 562
  0%|                                                     | 0/1 [00:00<?, ?it/s]0:04:56.407706 - iteration 0
0:04:56.452765 - outputs, {'pose': tensor([[-1.0193, -0.7332,  0.3031,  0.5675, -0.6318, -0.4214,  4.0349, -1.6486,
          0.6373]], device='cuda:0', grad_fn=<AddmmBackward0>)}
0:04:56.454382 - model_outputs {'pose': tensor([[-1.0193, -0.7332,  0.3031,  0.5675, -0.6318, -0.4214,  4.0349, -1.6486,
          0.6373]], device='cuda:0', grad_fn=<AddmmBackward0>)}
0:04:56.455459 - K crop tensor([[[2.1362e+03, 0.0000e+00, 2.9723e+02],
         [0.0000e+00, 2.1362e+03, 5.5187e+01],
         [0.0000e+00, 0.0000e+00, 1.0000e+00]]], device='cuda:0')
0:04:56.456659 - TCO_input tensor([[[ 1.0000,  0.0000,  0.0000, -0.0227],
         [ 0.0000,  1.0000,  0.0000,  0.0106],
         [ 0.0000,  0.0000,  1.0000,  0.3522],
         [ 0.0000,  0.0000,  0.0000,  1.0000]]], device='cuda:0')
0:04:56.457589 - model tco output tensor([[[-0.7891,  0.4510,  0.4170, -0.0140],
         [-0.5677, -0.7948, -0.2145,  0.0066],
         [ 0.2347, -0.4060,  0.8832,  0.2245],
         [ 0.0000,  0.0000,  0.0000,  1.0000]]], device='cuda:0',
       grad_fn=<CopySlices>)
0:04:56.495390 - Wrote debug data: /home/ubuntu/synthetic_pose_estimation/cosypose/local_data/debug_data/debug_iter=1.pth.tar
0:04:56.708761 - TCO_input tensor([[[ 1.0000,  0.0000,  0.0000, -0.0227],
         [ 0.0000,  1.0000,  0.0000,  0.0106],
         [ 0.0000,  0.0000,  1.0000,  0.3522],
         [ 0.0000,  0.0000,  0.0000,  1.0000]]], device='cuda:0')
0:04:56.709767 - vxvyvz tensor([[ 4.0349, -1.6486,  0.6373]], device='cuda:0',
       grad_fn=<SliceBackward0>)
0:04:56.710744 - dR tensor([[[-0.7891,  0.4510,  0.4170],
         [-0.5677, -0.7948, -0.2145],
         [ 0.2347, -0.4060,  0.8832]]], device='cuda:0',
       grad_fn=<StackBackward0>)
0:04:56.711589 - fxfy tensor([[2136.1907, 2136.1914]], device='cuda:0')
0:04:56.714075 - TCO_gt tensor([[[-0.7893,  0.4511,  0.4165, -0.0100],
         [-0.5688, -0.7927, -0.2192,  0.0062],
         [ 0.2313, -0.4099,  0.8823,  0.1920],
         [ 0.0000,  0.0000,  0.0000,  1.0000]]], device='cuda:0')
0:04:56.714984 - TCO pred_orn tensor([[[-0.7891,  0.4510,  0.4170, -0.0100],
         [-0.5677, -0.7948, -0.2145,  0.0062],
         [ 0.2347, -0.4060,  0.8832,  0.1920],
         [ 0.0000,  0.0000,  0.0000,  1.0000]]], device='cuda:0',
       grad_fn=<CopySlices>)
0:04:56.715881 - TCO pred_xy tensor([[[-0.7893,  0.4511,  0.4165, -0.0120],
         [-0.5688, -0.7927, -0.2192,  0.0056],
         [ 0.2313, -0.4099,  0.8823,  0.1920],
         [ 0.0000,  0.0000,  0.0000,  1.0000]]], device='cuda:0',
       grad_fn=<CopySlices>)
0:04:56.716782 - TCO pred_z tensor([[[-0.7893,  0.4511,  0.4165, -0.0100],
         [-0.5688, -0.7927, -0.2192,  0.0062],
         [ 0.2313, -0.4099,  0.8823,  0.2245],
         [ 0.0000,  0.0000,  0.0000,  1.0000]]], device='cuda:0',
       grad_fn=<CopySlices>)
0:04:56.717434 - loss orn tensor([1.8255e-05], device='cuda:0', grad_fn=<MinBackward0>)
0:04:56.718045 - loss xy tensor([0.0009], device='cuda:0', grad_fn=<MinBackward0>)
0:04:56.718666 - loss z tensor([0.0108], device='cuda:0', grad_fn=<MinBackward0>)
  0%|                                        | 0/1 [00:00<?, ?it/s, loss=0.0117]100%|████████████████████████████████| 1/1 [00:00<00:00,  4.57it/s, loss=0.0117]100%|████████████████████████████████| 1/1 [00:00<00:00,  4.56it/s, loss=0.0117]
0:04:56.495407 - saving /home/ubuntu/synthetic_pose_estimation/cosypose/local_data/experiments/bracket_assembly_debug_nut_nosym_coarse_noaug--938962 563
  0%|                                                     | 0/1 [00:00<?, ?it/s]0:04:56.910634 - iteration 0
0:04:56.954459 - outputs, {'pose': tensor([[-0.9956, -0.7315,  0.2945,  0.5563, -0.6277, -0.4108,  3.9890, -1.6374,
          0.6386]], device='cuda:0', grad_fn=<AddmmBackward0>)}
0:04:56.956073 - model_outputs {'pose': tensor([[-0.9956, -0.7315,  0.2945,  0.5563, -0.6277, -0.4108,  3.9890, -1.6374,
          0.6386]], device='cuda:0', grad_fn=<AddmmBackward0>)}
0:04:56.956848 - K crop tensor([[[1.7448e+03, 0.0000e+00, 3.2411e+02],
         [0.0000e+00, 1.7448e+03, 7.5036e+01],
         [0.0000e+00, 0.0000e+00, 1.0000e+00]]], device='cuda:0')
0:04:56.957718 - TCO_input tensor([[[ 1.0000,  0.0000,  0.0000, -0.0272],
         [ 0.0000,  1.0000,  0.0000,  0.0073],
         [ 0.0000,  0.0000,  1.0000,  0.2882],
         [ 0.0000,  0.0000,  0.0000,  1.0000]]], device='cuda:0')
0:04:56.959179 - model tco output tensor([[[-0.7839,  0.4608,  0.4161, -0.0169],
         [-0.5759, -0.7900, -0.2102,  0.0045],
         [ 0.2319, -0.4044,  0.8847,  0.1840],
         [ 0.0000,  0.0000,  0.0000,  1.0000]]], device='cuda:0',
       grad_fn=<CopySlices>)
0:04:56.997856 - Wrote debug data: /home/ubuntu/synthetic_pose_estimation/cosypose/local_data/debug_data/debug_iter=1.pth.tar
0:04:57.213073 - TCO_input tensor([[[ 1.0000,  0.0000,  0.0000, -0.0272],
         [ 0.0000,  1.0000,  0.0000,  0.0073],
         [ 0.0000,  0.0000,  1.0000,  0.2882],
         [ 0.0000,  0.0000,  0.0000,  1.0000]]], device='cuda:0')
0:04:57.214231 - vxvyvz tensor([[ 3.9890, -1.6374,  0.6386]], device='cuda:0',
       grad_fn=<SliceBackward0>)
0:04:57.215281 - dR tensor([[[-0.7839,  0.4608,  0.4161],
         [-0.5759, -0.7900, -0.2102],
         [ 0.2319, -0.4044,  0.8847]]], device='cuda:0',
       grad_fn=<StackBackward0>)
0:04:57.216127 - fxfy tensor([[1744.7593, 1744.7592]], device='cuda:0')
0:04:57.218734 - TCO_gt tensor([[[-0.7893,  0.4511,  0.4165, -0.0100],
         [-0.5688, -0.7927, -0.2192,  0.0062],
         [ 0.2313, -0.4099,  0.8823,  0.1920],
         [ 0.0000,  0.0000,  0.0000,  1.0000]]], device='cuda:0')
0:04:57.219631 - TCO pred_orn tensor([[[-0.7839,  0.4608,  0.4161, -0.0100],
         [-0.5759, -0.7900, -0.2102,  0.0062],
         [ 0.2319, -0.4044,  0.8847,  0.1920],
         [ 0.0000,  0.0000,  0.0000,  1.0000]]], device='cuda:0',
       grad_fn=<CopySlices>)
0:04:57.220547 - TCO pred_xy tensor([[[-0.7893,  0.4511,  0.4165, -0.0177],
         [-0.5688, -0.7927, -0.2192,  0.0047],
         [ 0.2313, -0.4099,  0.8823,  0.1920],
         [ 0.0000,  0.0000,  0.0000,  1.0000]]], device='cuda:0',
       grad_fn=<CopySlices>)
0:04:57.221474 - TCO pred_z tensor([[[-0.7893,  0.4511,  0.4165, -0.0100],
         [-0.5688, -0.7927, -0.2192,  0.0062],
         [ 0.2313, -0.4099,  0.8823,  0.1840],
         [ 0.0000,  0.0000,  0.0000,  1.0000]]], device='cuda:0',
       grad_fn=<CopySlices>)
0:04:57.222097 - loss orn tensor([5.0786e-05], device='cuda:0', grad_fn=<MinBackward0>)
0:04:57.222708 - loss xy tensor([0.0030], device='cuda:0', grad_fn=<MinBackward0>)
0:04:57.223312 - loss z tensor([0.0026], device='cuda:0', grad_fn=<MinBackward0>)
  0%|                                       | 0/1 [00:00<?, ?it/s, loss=0.00574]100%|███████████████████████████████| 1/1 [00:00<00:00,  4.54it/s, loss=0.00574]100%|███████████████████████████████| 1/1 [00:00<00:00,  4.53it/s, loss=0.00574]
0:04:56.991095 - saving /home/ubuntu/synthetic_pose_estimation/cosypose/local_data/experiments/bracket_assembly_debug_nut_nosym_coarse_noaug--938962 564
  0%|                                                     | 0/1 [00:00<?, ?it/s]0:04:57.406631 - iteration 0
0:04:57.450832 - outputs, {'pose': tensor([[-1.0102, -0.7340,  0.2917,  0.5667, -0.6328, -0.4258,  4.0301, -1.6491,
          0.6414]], device='cuda:0', grad_fn=<AddmmBackward0>)}
0:04:57.452493 - model_outputs {'pose': tensor([[-1.0102, -0.7340,  0.2917,  0.5667, -0.6328, -0.4258,  4.0301, -1.6491,
          0.6414]], device='cuda:0', grad_fn=<AddmmBackward0>)}
0:04:57.453576 - K crop tensor([[[1.6824e+03, 0.0000e+00, 3.0005e+02],
         [0.0000e+00, 1.6824e+03, 3.3518e+01],
         [0.0000e+00, 0.0000e+00, 1.0000e+00]]], device='cuda:0')
0:04:57.454824 - TCO_input tensor([[[ 1.0000,  0.0000,  0.0000, -0.0235],
         [ 0.0000,  1.0000,  0.0000,  0.0144],
         [ 0.0000,  0.0000,  1.0000,  0.2809],
         [ 0.0000,  0.0000,  0.0000,  1.0000]]], device='cuda:0')
0:04:57.456380 - model tco output tensor([[[-0.7878,  0.4546,  0.4156, -0.0146],
         [-0.5724, -0.7895, -0.2214,  0.0090],
         [ 0.2275, -0.4123,  0.8822,  0.1802],
         [ 0.0000,  0.0000,  0.0000,  1.0000]]], device='cuda:0',
       grad_fn=<CopySlices>)
0:04:57.496219 - Wrote debug data: /home/ubuntu/synthetic_pose_estimation/cosypose/local_data/debug_data/debug_iter=1.pth.tar
0:04:57.706593 - TCO_input tensor([[[ 1.0000,  0.0000,  0.0000, -0.0235],
         [ 0.0000,  1.0000,  0.0000,  0.0144],
         [ 0.0000,  0.0000,  1.0000,  0.2809],
         [ 0.0000,  0.0000,  0.0000,  1.0000]]], device='cuda:0')
0:04:57.707541 - vxvyvz tensor([[ 4.0301, -1.6491,  0.6414]], device='cuda:0',
       grad_fn=<SliceBackward0>)
0:04:57.708515 - dR tensor([[[-0.7878,  0.4546,  0.4156],
         [-0.5724, -0.7895, -0.2214],
         [ 0.2275, -0.4123,  0.8822]]], device='cuda:0',
       grad_fn=<StackBackward0>)
0:04:57.709436 - fxfy tensor([[1682.4088, 1682.4087]], device='cuda:0')
0:04:57.711911 - TCO_gt tensor([[[-0.7893,  0.4511,  0.4165, -0.0100],
         [-0.5688, -0.7927, -0.2192,  0.0062],
         [ 0.2313, -0.4099,  0.8823,  0.1920],
         [ 0.0000,  0.0000,  0.0000,  1.0000]]], device='cuda:0')
0:04:57.712830 - TCO pred_orn tensor([[[-0.7878,  0.4546,  0.4156, -0.0100],
         [-0.5724, -0.7895, -0.2214,  0.0062],
         [ 0.2275, -0.4123,  0.8822,  0.1920],
         [ 0.0000,  0.0000,  0.0000,  1.0000]]], device='cuda:0',
       grad_fn=<CopySlices>)
0:04:57.713761 - TCO pred_xy tensor([[[-0.7893,  0.4511,  0.4165, -0.0156],
         [-0.5688, -0.7927, -0.2192,  0.0096],
         [ 0.2313, -0.4099,  0.8823,  0.1920],
         [ 0.0000,  0.0000,  0.0000,  1.0000]]], device='cuda:0',
       grad_fn=<CopySlices>)
0:04:57.714660 - TCO pred_z tensor([[[-0.7893,  0.4511,  0.4165, -0.0100],
         [-0.5688, -0.7927, -0.2192,  0.0062],
         [ 0.2313, -0.4099,  0.8823,  0.1802],
         [ 0.0000,  0.0000,  0.0000,  1.0000]]], device='cuda:0',
       grad_fn=<CopySlices>)
0:04:57.715285 - loss orn tensor([2.6411e-05], device='cuda:0', grad_fn=<MinBackward0>)
0:04:57.715926 - loss xy tensor([0.0030], device='cuda:0', grad_fn=<MinBackward0>)
0:04:57.716542 - loss z tensor([0.0039], device='cuda:0', grad_fn=<MinBackward0>)
  0%|                                       | 0/1 [00:00<?, ?it/s, loss=0.00696]100%|███████████████████████████████| 1/1 [00:00<00:00,  4.61it/s, loss=0.00696]100%|███████████████████████████████| 1/1 [00:00<00:00,  4.60it/s, loss=0.00696]
0:04:57.468383 - saving /home/ubuntu/synthetic_pose_estimation/cosypose/local_data/experiments/bracket_assembly_debug_nut_nosym_coarse_noaug--938962 565
  0%|                                                     | 0/1 [00:00<?, ?it/s]0:04:57.885090 - iteration 0
0:04:57.930034 - outputs, {'pose': tensor([[-1.0072, -0.7256,  0.2926,  0.5625, -0.6296, -0.4190,  4.0131, -1.6459,
          0.6249]], device='cuda:0', grad_fn=<AddmmBackward0>)}
0:04:57.932504 - model_outputs {'pose': tensor([[-1.0072, -0.7256,  0.2926,  0.5625, -0.6296, -0.4190,  4.0131, -1.6459,
          0.6249]], device='cuda:0', grad_fn=<AddmmBackward0>)}
0:04:57.933293 - K crop tensor([[[2.0158e+03, 0.0000e+00, 2.8894e+02],
         [0.0000e+00, 2.0158e+03, 5.1278e+01],
         [0.0000e+00, 0.0000e+00, 1.0000e+00]]], device='cuda:0')
0:04:57.934144 - TCO_input tensor([[[ 1.0000,  0.0000,  0.0000, -0.0214],
         [ 0.0000,  1.0000,  0.0000,  0.0113],
         [ 0.0000,  0.0000,  1.0000,  0.3332],
         [ 0.0000,  0.0000,  0.0000,  1.0000]]], device='cuda:0')
0:04:57.935036 - model tco output tensor([[[-0.7897,  0.4527,  0.4140, -0.0130],
         [-0.5690, -0.7929, -0.2183,  0.0069],
         [ 0.2294, -0.4079,  0.8837,  0.2082],
         [ 0.0000,  0.0000,  0.0000,  1.0000]]], device='cuda:0',
       grad_fn=<CopySlices>)
0:04:57.972852 - Wrote debug data: /home/ubuntu/synthetic_pose_estimation/cosypose/local_data/debug_data/debug_iter=1.pth.tar
0:04:58.186903 - TCO_input tensor([[[ 1.0000,  0.0000,  0.0000, -0.0214],
         [ 0.0000,  1.0000,  0.0000,  0.0113],
         [ 0.0000,  0.0000,  1.0000,  0.3332],
         [ 0.0000,  0.0000,  0.0000,  1.0000]]], device='cuda:0')
0:04:58.187990 - vxvyvz tensor([[ 4.0131, -1.6459,  0.6249]], device='cuda:0',
       grad_fn=<SliceBackward0>)
0:04:58.188998 - dR tensor([[[-0.7897,  0.4527,  0.4140],
         [-0.5690, -0.7929, -0.2183],
         [ 0.2294, -0.4079,  0.8837]]], device='cuda:0',
       grad_fn=<StackBackward0>)
0:04:58.189920 - fxfy tensor([[2015.7915, 2015.7916]], device='cuda:0')
0:04:58.192446 - TCO_gt tensor([[[-0.7893,  0.4511,  0.4165, -0.0100],
         [-0.5688, -0.7927, -0.2192,  0.0062],
         [ 0.2313, -0.4099,  0.8823,  0.1920],
         [ 0.0000,  0.0000,  0.0000,  1.0000]]], device='cuda:0')
0:04:58.193406 - TCO pred_orn tensor([[[-0.7897,  0.4527,  0.4140, -0.0100],
         [-0.5690, -0.7929, -0.2183,  0.0062],
         [ 0.2294, -0.4079,  0.8837,  0.1920],
         [ 0.0000,  0.0000,  0.0000,  1.0000]]], device='cuda:0',
       grad_fn=<CopySlices>)
0:04:58.194330 - TCO pred_xy tensor([[[-0.7893,  0.4511,  0.4165, -0.0119],
         [-0.5688, -0.7927, -0.2192,  0.0063],
         [ 0.2313, -0.4099,  0.8823,  0.1920],
         [ 0.0000,  0.0000,  0.0000,  1.0000]]], device='cuda:0',
       grad_fn=<CopySlices>)
0:04:58.195234 - TCO pred_z tensor([[[-0.7893,  0.4511,  0.4165, -0.0100],
         [-0.5688, -0.7927, -0.2192,  0.0062],
         [ 0.2313, -0.4099,  0.8823,  0.2082],
         [ 0.0000,  0.0000,  0.0000,  1.0000]]], device='cuda:0',
       grad_fn=<CopySlices>)
0:04:58.195876 - loss orn tensor([1.1355e-05], device='cuda:0', grad_fn=<MinBackward0>)
0:04:58.196510 - loss xy tensor([0.0007], device='cuda:0', grad_fn=<MinBackward0>)
0:04:58.197139 - loss z tensor([0.0054], device='cuda:0', grad_fn=<MinBackward0>)
  0%|                                       | 0/1 [00:00<?, ?it/s, loss=0.00612]100%|███████████████████████████████| 1/1 [00:00<00:00,  4.51it/s, loss=0.00612]100%|███████████████████████████████| 1/1 [00:00<00:00,  4.50it/s, loss=0.00612]
0:04:57.952595 - saving /home/ubuntu/synthetic_pose_estimation/cosypose/local_data/experiments/bracket_assembly_debug_nut_nosym_coarse_noaug--938962 566
  0%|                                                     | 0/1 [00:00<?, ?it/s]0:04:58.367839 - iteration 0
0:04:58.411628 - outputs, {'pose': tensor([[-1.0156, -0.7306,  0.2937,  0.5601, -0.6320, -0.4204,  4.0253, -1.6529,
          0.6107]], device='cuda:0', grad_fn=<AddmmBackward0>)}
0:04:58.413261 - model_outputs {'pose': tensor([[-1.0156, -0.7306,  0.2937,  0.5601, -0.6320, -0.4204,  4.0253, -1.6529,
          0.6107]], device='cuda:0', grad_fn=<AddmmBackward0>)}
0:04:58.414053 - K crop tensor([[[1.8335e+03, 0.0000e+00, 2.5934e+02],
         [0.0000e+00, 1.8335e+03, 5.4250e+01],
         [0.0000e+00, 0.0000e+00, 1.0000e+00]]], device='cuda:0')
0:04:58.414901 - TCO_input tensor([[[ 1.0000,  0.0000,  0.0000, -0.0165],
         [ 0.0000,  1.0000,  0.0000,  0.0108],
         [ 0.0000,  0.0000,  1.0000,  0.3038],
         [ 0.0000,  0.0000,  0.0000,  1.0000]]], device='cuda:0')
0:04:58.415791 - model tco output tensor([[[-0.7903,  0.4517,  0.4141, -0.0097],
         [-0.5685, -0.7926, -0.2206,  0.0064],
         [ 0.2286, -0.4097,  0.8831,  0.1855],
         [ 0.0000,  0.0000,  0.0000,  1.0000]]], device='cuda:0',
       grad_fn=<CopySlices>)
0:04:58.453820 - Wrote debug data: /home/ubuntu/synthetic_pose_estimation/cosypose/local_data/debug_data/debug_iter=1.pth.tar
0:04:58.667631 - TCO_input tensor([[[ 1.0000,  0.0000,  0.0000, -0.0165],
         [ 0.0000,  1.0000,  0.0000,  0.0108],
         [ 0.0000,  0.0000,  1.0000,  0.3038],
         [ 0.0000,  0.0000,  0.0000,  1.0000]]], device='cuda:0')
0:04:58.668587 - vxvyvz tensor([[ 4.0253, -1.6529,  0.6107]], device='cuda:0',
       grad_fn=<SliceBackward0>)
0:04:58.669632 - dR tensor([[[-0.7903,  0.4517,  0.4141],
         [-0.5685, -0.7926, -0.2206],
         [ 0.2286, -0.4097,  0.8831]]], device='cuda:0',
       grad_fn=<StackBackward0>)
0:04:58.670476 - fxfy tensor([[1833.4761, 1833.4762]], device='cuda:0')
0:04:58.672982 - TCO_gt tensor([[[-0.7893,  0.4511,  0.4165, -0.0100],
         [-0.5688, -0.7927, -0.2192,  0.0062],
         [ 0.2313, -0.4099,  0.8823,  0.1920],
         [ 0.0000,  0.0000,  0.0000,  1.0000]]], device='cuda:0')
0:04:58.673934 - TCO pred_orn tensor([[[-0.7903,  0.4517,  0.4141, -0.0100],
         [-0.5685, -0.7926, -0.2206,  0.0062],
         [ 0.2286, -0.4097,  0.8831,  0.1920],
         [ 0.0000,  0.0000,  0.0000,  1.0000]]], device='cuda:0',
       grad_fn=<CopySlices>)
0:04:58.674827 - TCO pred_xy tensor([[[-0.7893,  0.4511,  0.4165, -0.0100],
         [-0.5688, -0.7927, -0.2192,  0.0067],
         [ 0.2313, -0.4099,  0.8823,  0.1920],
         [ 0.0000,  0.0000,  0.0000,  1.0000]]], device='cuda:0',
       grad_fn=<CopySlices>)
0:04:58.675714 - TCO pred_z tensor([[[-0.7893,  0.4511,  0.4165, -0.0100],
         [-0.5688, -0.7927, -0.2192,  0.0062],
         [ 0.2313, -0.4099,  0.8823,  0.1855],
         [ 0.0000,  0.0000,  0.0000,  1.0000]]], device='cuda:0',
       grad_fn=<CopySlices>)
0:04:58.676345 - loss orn tensor([1.1038e-05], device='cuda:0', grad_fn=<MinBackward0>)
0:04:58.677003 - loss xy tensor([0.0002], device='cuda:0', grad_fn=<MinBackward0>)
0:04:58.677661 - loss z tensor([0.0022], device='cuda:0', grad_fn=<MinBackward0>)
  0%|                                       | 0/1 [00:00<?, ?it/s, loss=0.00233]100%|███████████████████████████████| 1/1 [00:00<00:00,  4.61it/s, loss=0.00233]100%|███████████████████████████████| 1/1 [00:00<00:00,  4.60it/s, loss=0.00233]
0:04:58.435834 - saving /home/ubuntu/synthetic_pose_estimation/cosypose/local_data/experiments/bracket_assembly_debug_nut_nosym_coarse_noaug--938962 567
  0%|                                                     | 0/1 [00:00<?, ?it/s]0:04:58.851002 - iteration 0
0:04:58.894321 - outputs, {'pose': tensor([[-1.0160, -0.7378,  0.2958,  0.5614, -0.6295, -0.4255,  4.0333, -1.6550,
          0.6394]], device='cuda:0', grad_fn=<AddmmBackward0>)}
0:04:58.895869 - model_outputs {'pose': tensor([[-1.0160, -0.7378,  0.2958,  0.5614, -0.6295, -0.4255,  4.0333, -1.6550,
          0.6394]], device='cuda:0', grad_fn=<AddmmBackward0>)}
0:04:58.896640 - K crop tensor([[[1.8142e+03, 0.0000e+00, 2.8997e+02],
         [0.0000e+00, 1.8142e+03, 1.7762e+01],
         [0.0000e+00, 0.0000e+00, 1.0000e+00]]], device='cuda:0')
0:04:58.897516 - TCO_input tensor([[[ 1.0000,  0.0000,  0.0000, -0.0218],
         [ 0.0000,  1.0000,  0.0000,  0.0170],
         [ 0.0000,  0.0000,  1.0000,  0.3031],
         [ 0.0000,  0.0000,  0.0000,  1.0000]]], device='cuda:0')
0:04:58.898988 - model tco output tensor([[[-0.7876,  0.4527,  0.4180, -0.0135],
         [-0.5719, -0.7895, -0.2225,  0.0107],
         [ 0.2293, -0.4143,  0.8808,  0.1938],
         [ 0.0000,  0.0000,  0.0000,  1.0000]]], device='cuda:0',
       grad_fn=<CopySlices>)
0:04:58.940754 - Wrote debug data: /home/ubuntu/synthetic_pose_estimation/cosypose/local_data/debug_data/debug_iter=1.pth.tar
0:04:59.152759 - TCO_input tensor([[[ 1.0000,  0.0000,  0.0000, -0.0218],
         [ 0.0000,  1.0000,  0.0000,  0.0170],
         [ 0.0000,  0.0000,  1.0000,  0.3031],
         [ 0.0000,  0.0000,  0.0000,  1.0000]]], device='cuda:0')
0:04:59.153775 - vxvyvz tensor([[ 4.0333, -1.6550,  0.6394]], device='cuda:0',
       grad_fn=<SliceBackward0>)
0:04:59.154750 - dR tensor([[[-0.7876,  0.4527,  0.4180],
         [-0.5719, -0.7895, -0.2225],
         [ 0.2293, -0.4143,  0.8808]]], device='cuda:0',
       grad_fn=<StackBackward0>)
0:04:59.155644 - fxfy tensor([[1814.2145, 1814.2145]], device='cuda:0')
0:04:59.158172 - TCO_gt tensor([[[-0.7893,  0.4511,  0.4165, -0.0100],
         [-0.5688, -0.7927, -0.2192,  0.0062],
         [ 0.2313, -0.4099,  0.8823,  0.1920],
         [ 0.0000,  0.0000,  0.0000,  1.0000]]], device='cuda:0')
0:04:59.159087 - TCO pred_orn tensor([[[-0.7876,  0.4527,  0.4180, -0.0100],
         [-0.5719, -0.7895, -0.2225,  0.0062],
         [ 0.2293, -0.4143,  0.8808,  0.1920],
         [ 0.0000,  0.0000,  0.0000,  1.0000]]], device='cuda:0',
       grad_fn=<CopySlices>)
0:04:59.160003 - TCO pred_xy tensor([[[-0.7893,  0.4511,  0.4165, -0.0134],
         [-0.5688, -0.7927, -0.2192,  0.0106],
         [ 0.2313, -0.4099,  0.8823,  0.1920],
         [ 0.0000,  0.0000,  0.0000,  1.0000]]], device='cuda:0',
       grad_fn=<CopySlices>)
0:04:59.160933 - TCO pred_z tensor([[[-0.7893,  0.4511,  0.4165, -0.0100],
         [-0.5688, -0.7927, -0.2192,  0.0062],
         [ 0.2313, -0.4099,  0.8823,  0.1938],
         [ 0.0000,  0.0000,  0.0000,  1.0000]]], device='cuda:0',
       grad_fn=<CopySlices>)
0:04:59.161589 - loss orn tensor([2.3736e-05], device='cuda:0', grad_fn=<MinBackward0>)
0:04:59.162206 - loss xy tensor([0.0026], device='cuda:0', grad_fn=<MinBackward0>)
0:04:59.162821 - loss z tensor([0.0006], device='cuda:0', grad_fn=<MinBackward0>)
  0%|                                       | 0/1 [00:00<?, ?it/s, loss=0.00323]100%|███████████████████████████████| 1/1 [00:00<00:00,  4.56it/s, loss=0.00323]100%|███████████████████████████████| 1/1 [00:00<00:00,  4.55it/s, loss=0.00323]
0:04:58.918017 - saving /home/ubuntu/synthetic_pose_estimation/cosypose/local_data/experiments/bracket_assembly_debug_nut_nosym_coarse_noaug--938962 568
  0%|                                                     | 0/1 [00:00<?, ?it/s]0:04:59.333256 - iteration 0
0:04:59.376841 - outputs, {'pose': tensor([[-1.0181, -0.7386,  0.2970,  0.5608, -0.6325, -0.4297,  4.0410, -1.6609,
          0.6432]], device='cuda:0', grad_fn=<AddmmBackward0>)}
0:04:59.378508 - model_outputs {'pose': tensor([[-1.0181, -0.7386,  0.2970,  0.5608, -0.6325, -0.4297,  4.0410, -1.6609,
          0.6432]], device='cuda:0', grad_fn=<AddmmBackward0>)}
0:04:59.379286 - K crop tensor([[[1.5521e+03, 0.0000e+00, 2.4137e+02],
         [0.0000e+00, 1.5521e+03, 4.9115e+01],
         [0.0000e+00, 0.0000e+00, 1.0000e+00]]], device='cuda:0')
0:04:59.380149 - TCO_input tensor([[[ 1.0000,  0.0000,  0.0000, -0.0137],
         [ 0.0000,  1.0000,  0.0000,  0.0117],
         [ 0.0000,  0.0000,  1.0000,  0.2590],
         [ 0.0000,  0.0000,  0.0000,  1.0000]]], device='cuda:0')
0:04:59.381047 - model tco output tensor([[[-0.7878,  0.4508,  0.4198, -0.0084],
         [-0.5715, -0.7891, -0.2251,  0.0074],
         [ 0.2298, -0.4173,  0.8793,  0.1666],
         [ 0.0000,  0.0000,  0.0000,  1.0000]]], device='cuda:0',
       grad_fn=<CopySlices>)
0:04:59.421165 - Wrote debug data: /home/ubuntu/synthetic_pose_estimation/cosypose/local_data/debug_data/debug_iter=1.pth.tar
0:04:59.634669 - TCO_input tensor([[[ 1.0000,  0.0000,  0.0000, -0.0137],
         [ 0.0000,  1.0000,  0.0000,  0.0117],
         [ 0.0000,  0.0000,  1.0000,  0.2590],
         [ 0.0000,  0.0000,  0.0000,  1.0000]]], device='cuda:0')
0:04:59.635688 - vxvyvz tensor([[ 4.0410, -1.6609,  0.6432]], device='cuda:0',
       grad_fn=<SliceBackward0>)
0:04:59.636698 - dR tensor([[[-0.7878,  0.4508,  0.4198],
         [-0.5715, -0.7891, -0.2251],
         [ 0.2298, -0.4173,  0.8793]]], device='cuda:0',
       grad_fn=<StackBackward0>)
0:04:59.637602 - fxfy tensor([[1552.0911, 1552.0912]], device='cuda:0')
0:04:59.640105 - TCO_gt tensor([[[-0.7893,  0.4511,  0.4165, -0.0100],
         [-0.5688, -0.7927, -0.2192,  0.0062],
         [ 0.2313, -0.4099,  0.8823,  0.1920],
         [ 0.0000,  0.0000,  0.0000,  1.0000]]], device='cuda:0')
0:04:59.641059 - TCO pred_orn tensor([[[-0.7878,  0.4508,  0.4198, -0.0100],
         [-0.5715, -0.7891, -0.2251,  0.0062],
         [ 0.2298, -0.4173,  0.8793,  0.1920],
         [ 0.0000,  0.0000,  0.0000,  1.0000]]], device='cuda:0',
       grad_fn=<CopySlices>)
0:04:59.641957 - TCO pred_xy tensor([[[-0.7893,  0.4511,  0.4165, -0.0096],
         [-0.5688, -0.7927, -0.2192,  0.0085],
         [ 0.2313, -0.4099,  0.8823,  0.1920],
         [ 0.0000,  0.0000,  0.0000,  1.0000]]], device='cuda:0',
       grad_fn=<CopySlices>)
0:04:59.642836 - TCO pred_z tensor([[[-0.7893,  0.4511,  0.4165, -0.0100],
         [-0.5688, -0.7927, -0.2192,  0.0062],
         [ 0.2313, -0.4099,  0.8823,  0.1666],
         [ 0.0000,  0.0000,  0.0000,  1.0000]]], device='cuda:0',
       grad_fn=<CopySlices>)
0:04:59.643459 - loss orn tensor([3.1009e-05], device='cuda:0', grad_fn=<MinBackward0>)
0:04:59.644070 - loss xy tensor([0.0009], device='cuda:0', grad_fn=<MinBackward0>)
0:04:59.644675 - loss z tensor([0.0085], device='cuda:0', grad_fn=<MinBackward0>)
  0%|                                       | 0/1 [00:00<?, ?it/s, loss=0.00939]100%|███████████████████████████████| 1/1 [00:00<00:00,  4.55it/s, loss=0.00939]100%|███████████████████████████████| 1/1 [00:00<00:00,  4.54it/s, loss=0.00939]
0:04:59.397677 - saving /home/ubuntu/synthetic_pose_estimation/cosypose/local_data/experiments/bracket_assembly_debug_nut_nosym_coarse_noaug--938962 569
  0%|                                                     | 0/1 [00:00<?, ?it/s]0:04:59.815177 - iteration 0
0:04:59.860854 - outputs, {'pose': tensor([[-1.0205, -0.7324,  0.2949,  0.5575, -0.6328, -0.4279,  4.0490, -1.6680,
          0.6330]], device='cuda:0', grad_fn=<AddmmBackward0>)}
0:04:59.863132 - model_outputs {'pose': tensor([[-1.0205, -0.7324,  0.2949,  0.5575, -0.6328, -0.4279,  4.0490, -1.6680,
          0.6330]], device='cuda:0', grad_fn=<AddmmBackward0>)}
0:04:59.863917 - K crop tensor([[[1.6625e+03, 0.0000e+00, 2.4711e+02],
         [0.0000e+00, 1.6625e+03, 2.0367e+01],
         [0.0000e+00, 0.0000e+00, 1.0000e+00]]], device='cuda:0')
0:04:59.864751 - TCO_input tensor([[[ 1.0000,  0.0000,  0.0000, -0.0147],
         [ 0.0000,  1.0000,  0.0000,  0.0166],
         [ 0.0000,  0.0000,  1.0000,  0.2786],
         [ 0.0000,  0.0000,  0.0000,  1.0000]]], device='cuda:0')
0:04:59.865669 - model tco output tensor([[[-0.7909,  0.4475,  0.4174, -0.0089],
         [-0.5676, -0.7913, -0.2272,  0.0103],
         [ 0.2286, -0.4166,  0.8799,  0.1764],
         [ 0.0000,  0.0000,  0.0000,  1.0000]]], device='cuda:0',
       grad_fn=<CopySlices>)
0:04:59.905598 - Wrote debug data: /home/ubuntu/synthetic_pose_estimation/cosypose/local_data/debug_data/debug_iter=1.pth.tar
0:05:00.118940 - TCO_input tensor([[[ 1.0000,  0.0000,  0.0000, -0.0147],
         [ 0.0000,  1.0000,  0.0000,  0.0166],
         [ 0.0000,  0.0000,  1.0000,  0.2786],
         [ 0.0000,  0.0000,  0.0000,  1.0000]]], device='cuda:0')
0:05:00.119924 - vxvyvz tensor([[ 4.0490, -1.6680,  0.6330]], device='cuda:0',
       grad_fn=<SliceBackward0>)
0:05:00.120908 - dR tensor([[[-0.7909,  0.4475,  0.4174],
         [-0.5676, -0.7913, -0.2272],
         [ 0.2286, -0.4166,  0.8799]]], device='cuda:0',
       grad_fn=<StackBackward0>)
0:05:00.121786 - fxfy tensor([[1662.5099, 1662.5100]], device='cuda:0')
0:05:00.124262 - TCO_gt tensor([[[-0.7893,  0.4511,  0.4165, -0.0100],
         [-0.5688, -0.7927, -0.2192,  0.0062],
         [ 0.2313, -0.4099,  0.8823,  0.1920],
         [ 0.0000,  0.0000,  0.0000,  1.0000]]], device='cuda:0')
0:05:00.125183 - TCO pred_orn tensor([[[-0.7909,  0.4475,  0.4174, -0.0100],
         [-0.5676, -0.7913, -0.2272,  0.0062],
         [ 0.2286, -0.4166,  0.8799,  0.1920],
         [ 0.0000,  0.0000,  0.0000,  1.0000]]], device='cuda:0',
       grad_fn=<CopySlices>)
0:05:00.126101 - TCO pred_xy tensor([[[-0.7893,  0.4511,  0.4165, -0.0096],
         [-0.5688, -0.7927, -0.2192,  0.0113],
         [ 0.2313, -0.4099,  0.8823,  0.1920],
         [ 0.0000,  0.0000,  0.0000,  1.0000]]], device='cuda:0',
       grad_fn=<CopySlices>)
0:05:00.126985 - TCO pred_z tensor([[[-0.7893,  0.4511,  0.4165, -0.0100],
         [-0.5688, -0.7927, -0.2192,  0.0062],
         [ 0.2313, -0.4099,  0.8823,  0.1764],
         [ 0.0000,  0.0000,  0.0000,  1.0000]]], device='cuda:0',
       grad_fn=<CopySlices>)
0:05:00.127632 - loss orn tensor([3.3611e-05], device='cuda:0', grad_fn=<MinBackward0>)
0:05:00.128223 - loss xy tensor([0.0018], device='cuda:0', grad_fn=<MinBackward0>)
0:05:00.128844 - loss z tensor([0.0052], device='cuda:0', grad_fn=<MinBackward0>)
  0%|                                       | 0/1 [00:00<?, ?it/s, loss=0.00705]100%|███████████████████████████████| 1/1 [00:00<00:00,  4.48it/s, loss=0.00705]100%|███████████████████████████████| 1/1 [00:00<00:00,  4.47it/s, loss=0.00705]
  0%|                                                     | 0/1 [00:00<?, ?it/s]0:05:00.036632 - iteration 0
0:05:00.072351 - outputs, {'pose': tensor([[-0.7847, -0.5673,  0.3528,  0.6557, -0.4066, -0.2717,  2.7242, -1.4870,
          0.7745]], device='cuda:0')}
0:05:00.073742 - model_outputs {'pose': tensor([[-0.7847, -0.5673,  0.3528,  0.6557, -0.4066, -0.2717,  2.7242, -1.4870,
          0.7745]], device='cuda:0')}
0:05:00.074480 - K crop tensor([[[1.9262e+03, 0.0000e+00, 2.6601e+02],
         [0.0000e+00, 1.9262e+03, 7.3501e+01],
         [0.0000e+00, 0.0000e+00, 1.0000e+00]]], device='cuda:0')
0:05:00.075298 - TCO_input tensor([[[ 1.0000,  0.0000,  0.0000, -0.0175],
         [ 0.0000,  1.0000,  0.0000,  0.0076],
         [ 0.0000,  0.0000,  1.0000,  0.3174],
         [ 0.0000,  0.0000,  0.0000,  1.0000]]], device='cuda:0')
0:05:00.076169 - model tco output tensor([[[-0.7614,  0.5137,  0.3954, -0.0132],
         [-0.5505, -0.8345,  0.0241,  0.0057],
         [ 0.3424, -0.1993,  0.9182,  0.2458],
         [ 0.0000,  0.0000,  0.0000,  1.0000]]], device='cuda:0')
0:05:00.114005 - Wrote debug data: /home/ubuntu/synthetic_pose_estimation/cosypose/local_data/debug_data/debug_iter=1.pth.tar
0:05:00.328667 - TCO_input tensor([[[ 1.0000,  0.0000,  0.0000, -0.0175],
         [ 0.0000,  1.0000,  0.0000,  0.0076],
         [ 0.0000,  0.0000,  1.0000,  0.3174],
         [ 0.0000,  0.0000,  0.0000,  1.0000]]], device='cuda:0')
0:05:00.329857 - vxvyvz tensor([[ 2.7242, -1.4870,  0.7745]], device='cuda:0')
0:05:00.331062 - dR tensor([[[-0.7614,  0.5137,  0.3954],
         [-0.5505, -0.8345,  0.0241],
         [ 0.3424, -0.1993,  0.9182]]], device='cuda:0')
0:05:00.332134 - fxfy tensor([[1926.2354, 1926.2355]], device='cuda:0')
0:05:00.334661 - TCO_gt tensor([[[-0.7893,  0.4511,  0.4165, -0.0100],
         [-0.5688, -0.7927, -0.2192,  0.0062],
         [ 0.2313, -0.4099,  0.8823,  0.1920],
         [ 0.0000,  0.0000,  0.0000,  1.0000]]], device='cuda:0')
0:05:00.335571 - TCO pred_orn tensor([[[-0.7614,  0.5137,  0.3954, -0.0100],
         [-0.5505, -0.8345,  0.0241,  0.0062],
         [ 0.3424, -0.1993,  0.9182,  0.1920],
         [ 0.0000,  0.0000,  0.0000,  1.0000]]], device='cuda:0')
0:05:00.336438 - TCO pred_xy tensor([[[-0.7893,  0.4511,  0.4165, -0.0103],
         [-0.5688, -0.7927, -0.2192,  0.0044],
         [ 0.2313, -0.4099,  0.8823,  0.1920],
         [ 0.0000,  0.0000,  0.0000,  1.0000]]], device='cuda:0')
0:05:00.337384 - TCO pred_z tensor([[[-0.7893,  0.4511,  0.4165, -0.0100],
         [-0.5688, -0.7927, -0.2192,  0.0062],
         [ 0.2313, -0.4099,  0.8823,  0.2458],
         [ 0.0000,  0.0000,  0.0000,  1.0000]]], device='cuda:0')
0:05:00.338032 - loss orn tensor([0.0009], device='cuda:0')
0:05:00.338639 - loss xy tensor([0.0007], device='cuda:0')
0:05:00.339244 - loss z tensor([0.0179], device='cuda:0')
100%|█████████████████████████████████████████████| 1/1 [00:00<00:00,  8.26it/s]100%|█████████████████████████████████████████████| 1/1 [00:00<00:00,  8.24it/s]
0:05:00.006372 - saving /home/ubuntu/synthetic_pose_estimation/cosypose/local_data/experiments/bracket_assembly_debug_nut_nosym_coarse_noaug--938962 570
  0%|                                                     | 0/1 [00:00<?, ?it/s]0:05:00.418170 - iteration 0
0:05:00.461408 - outputs, {'pose': tensor([[-1.0168, -0.7366,  0.3018,  0.5638, -0.6301, -0.4261,  4.0524, -1.6691,
          0.6554]], device='cuda:0', grad_fn=<AddmmBackward0>)}
0:05:00.463000 - model_outputs {'pose': tensor([[-1.0168, -0.7366,  0.3018,  0.5638, -0.6301, -0.4261,  4.0524, -1.6691,
          0.6554]], device='cuda:0', grad_fn=<AddmmBackward0>)}
0:05:00.463767 - K crop tensor([[[1.4707e+03, 0.0000e+00, 2.7554e+02],
         [0.0000e+00, 1.4707e+03, 2.6570e+01],
         [0.0000e+00, 0.0000e+00, 1.0000e+00]]], device='cuda:0')
0:05:00.464596 - TCO_input tensor([[[ 1.0000,  0.0000,  0.0000, -0.0195],
         [ 0.0000,  1.0000,  0.0000,  0.0156],
         [ 0.0000,  0.0000,  1.0000,  0.2475],
         [ 0.0000,  0.0000,  0.0000,  1.0000]]], device='cuda:0')
0:05:00.465503 - model tco output tensor([[[-0.7874,  0.4510,  0.4203, -0.0123],
         [-0.5704, -0.7915, -0.2193,  0.0101],
         [ 0.2337, -0.4124,  0.8805,  0.1622],
         [ 0.0000,  0.0000,  0.0000,  1.0000]]], device='cuda:0',
       grad_fn=<CopySlices>)
0:05:00.506963 - Wrote debug data: /home/ubuntu/synthetic_pose_estimation/cosypose/local_data/debug_data/debug_iter=1.pth.tar
0:05:00.717394 - TCO_input tensor([[[ 1.0000,  0.0000,  0.0000, -0.0195],
         [ 0.0000,  1.0000,  0.0000,  0.0156],
         [ 0.0000,  0.0000,  1.0000,  0.2475],
         [ 0.0000,  0.0000,  0.0000,  1.0000]]], device='cuda:0')
0:05:00.718438 - vxvyvz tensor([[ 4.0524, -1.6691,  0.6554]], device='cuda:0',
       grad_fn=<SliceBackward0>)
0:05:00.719429 - dR tensor([[[-0.7874,  0.4510,  0.4203],
         [-0.5704, -0.7915, -0.2193],
         [ 0.2337, -0.4124,  0.8805]]], device='cuda:0',
       grad_fn=<StackBackward0>)
0:05:00.720284 - fxfy tensor([[1470.7352, 1470.7352]], device='cuda:0')
0:05:00.722773 - TCO_gt tensor([[[-0.7893,  0.4511,  0.4165, -0.0100],
         [-0.5688, -0.7927, -0.2192,  0.0062],
         [ 0.2313, -0.4099,  0.8823,  0.1920],
         [ 0.0000,  0.0000,  0.0000,  1.0000]]], device='cuda:0')
0:05:00.723675 - TCO pred_orn tensor([[[-0.7874,  0.4510,  0.4203, -0.0100],
         [-0.5704, -0.7915, -0.2193,  0.0062],
         [ 0.2337, -0.4124,  0.8805,  0.1920],
         [ 0.0000,  0.0000,  0.0000,  1.0000]]], device='cuda:0',
       grad_fn=<CopySlices>)
0:05:00.724581 - TCO pred_xy tensor([[[-0.7893,  0.4511,  0.4165, -0.0146],
         [-0.5688, -0.7927, -0.2192,  0.0119],
         [ 0.2313, -0.4099,  0.8823,  0.1920],
         [ 0.0000,  0.0000,  0.0000,  1.0000]]], device='cuda:0',
       grad_fn=<CopySlices>)
0:05:00.725516 - TCO pred_z tensor([[[-0.7893,  0.4511,  0.4165, -0.0100],
         [-0.5688, -0.7927, -0.2192,  0.0062],
         [ 0.2313, -0.4099,  0.8823,  0.1622],
         [ 0.0000,  0.0000,  0.0000,  1.0000]]], device='cuda:0',
       grad_fn=<CopySlices>)
0:05:00.726138 - loss orn tensor([1.7115e-05], device='cuda:0', grad_fn=<MinBackward0>)
0:05:00.726744 - loss xy tensor([0.0034], device='cuda:0', grad_fn=<MinBackward0>)
0:05:00.727350 - loss z tensor([0.0099], device='cuda:0', grad_fn=<MinBackward0>)
  0%|                                        | 0/1 [00:00<?, ?it/s, loss=0.0134]100%|████████████████████████████████| 1/1 [00:00<00:00,  4.70it/s, loss=0.0134]100%|████████████████████████████████| 1/1 [00:00<00:00,  4.69it/s, loss=0.0134]
0:05:00.479716 - saving /home/ubuntu/synthetic_pose_estimation/cosypose/local_data/experiments/bracket_assembly_debug_nut_nosym_coarse_noaug--938962 571
  0%|                                                     | 0/1 [00:00<?, ?it/s]0:05:00.895024 - iteration 0
0:05:00.938568 - outputs, {'pose': tensor([[-1.0169, -0.7220,  0.2990,  0.5644, -0.6327, -0.4279,  4.0504, -1.6684,
          0.6497]], device='cuda:0', grad_fn=<AddmmBackward0>)}
0:05:00.940210 - model_outputs {'pose': tensor([[-1.0169, -0.7220,  0.2990,  0.5644, -0.6327, -0.4279,  4.0504, -1.6684,
          0.6497]], device='cuda:0', grad_fn=<AddmmBackward0>)}
0:05:00.941010 - K crop tensor([[[1.8352e+03, 0.0000e+00, 2.5355e+02],
         [0.0000e+00, 1.8352e+03, 3.6311e+00],
         [0.0000e+00, 0.0000e+00, 1.0000e+00]]], device='cuda:0')
0:05:00.941882 - TCO_input tensor([[[ 1.0000,  0.0000,  0.0000, -0.0158],
         [ 0.0000,  1.0000,  0.0000,  0.0194],
         [ 0.0000,  0.0000,  1.0000,  0.3074],
         [ 0.0000,  0.0000,  0.0000,  1.0000]]], device='cuda:0')
0:05:00.943002 - model tco output tensor([[[-0.7929,  0.4439,  0.4175, -0.0098],
         [-0.5630, -0.7957, -0.2232,  0.0124],
         [ 0.2332, -0.4121,  0.8808,  0.1997],
         [ 0.0000,  0.0000,  0.0000,  1.0000]]], device='cuda:0',
       grad_fn=<CopySlices>)
0:05:00.984035 - Wrote debug data: /home/ubuntu/synthetic_pose_estimation/cosypose/local_data/debug_data/debug_iter=1.pth.tar
0:05:01.194597 - TCO_input tensor([[[ 1.0000,  0.0000,  0.0000, -0.0158],
         [ 0.0000,  1.0000,  0.0000,  0.0194],
         [ 0.0000,  0.0000,  1.0000,  0.3074],
         [ 0.0000,  0.0000,  0.0000,  1.0000]]], device='cuda:0')
0:05:01.195609 - vxvyvz tensor([[ 4.0504, -1.6684,  0.6497]], device='cuda:0',
       grad_fn=<SliceBackward0>)
0:05:01.196601 - dR tensor([[[-0.7929,  0.4439,  0.4175],
         [-0.5630, -0.7957, -0.2232],
         [ 0.2332, -0.4121,  0.8808]]], device='cuda:0',
       grad_fn=<StackBackward0>)
0:05:01.197515 - fxfy tensor([[1835.2411, 1835.2412]], device='cuda:0')
0:05:01.199983 - TCO_gt tensor([[[-0.7893,  0.4511,  0.4165, -0.0100],
         [-0.5688, -0.7927, -0.2192,  0.0062],
         [ 0.2313, -0.4099,  0.8823,  0.1920],
         [ 0.0000,  0.0000,  0.0000,  1.0000]]], device='cuda:0')
0:05:01.200908 - TCO pred_orn tensor([[[-0.7929,  0.4439,  0.4175, -0.0100],
         [-0.5630, -0.7957, -0.2232,  0.0062],
         [ 0.2332, -0.4121,  0.8808,  0.1920],
         [ 0.0000,  0.0000,  0.0000,  1.0000]]], device='cuda:0',
       grad_fn=<CopySlices>)
0:05:01.201831 - TCO pred_xy tensor([[[-0.7893,  0.4511,  0.4165, -0.0094],
         [-0.5688, -0.7927, -0.2192,  0.0119],
         [ 0.2313, -0.4099,  0.8823,  0.1920],
         [ 0.0000,  0.0000,  0.0000,  1.0000]]], device='cuda:0',
       grad_fn=<CopySlices>)
0:05:01.202738 - TCO pred_z tensor([[[-0.7893,  0.4511,  0.4165, -0.0100],
         [-0.5688, -0.7927, -0.2192,  0.0062],
         [ 0.2313, -0.4099,  0.8823,  0.1997],
         [ 0.0000,  0.0000,  0.0000,  1.0000]]], device='cuda:0',
       grad_fn=<CopySlices>)
0:05:01.203372 - loss orn tensor([3.5308e-05], device='cuda:0', grad_fn=<MinBackward0>)
0:05:01.203996 - loss xy tensor([0.0021], device='cuda:0', grad_fn=<MinBackward0>)
0:05:01.204636 - loss z tensor([0.0026], device='cuda:0', grad_fn=<MinBackward0>)
  0%|                                       | 0/1 [00:00<?, ?it/s, loss=0.00474]100%|███████████████████████████████| 1/1 [00:00<00:00,  4.53it/s, loss=0.00474]100%|███████████████████████████████| 1/1 [00:00<00:00,  4.52it/s, loss=0.00474]
0:05:00.982244 - saving /home/ubuntu/synthetic_pose_estimation/cosypose/local_data/experiments/bracket_assembly_debug_nut_nosym_coarse_noaug--938962 572
  0%|                                                     | 0/1 [00:00<?, ?it/s]0:05:01.397334 - iteration 0
0:05:01.441213 - outputs, {'pose': tensor([[-1.0106, -0.7158,  0.2995,  0.5660, -0.6300, -0.4201,  4.0157, -1.6556,
          0.6144]], device='cuda:0', grad_fn=<AddmmBackward0>)}
0:05:01.442907 - model_outputs {'pose': tensor([[-1.0106, -0.7158,  0.2995,  0.5660, -0.6300, -0.4201,  4.0157, -1.6556,
          0.6144]], device='cuda:0', grad_fn=<AddmmBackward0>)}
0:05:01.443704 - K crop tensor([[[1.9660e+03, 0.0000e+00, 2.4884e+02],
         [0.0000e+00, 1.9660e+03, 5.9618e+01],
         [0.0000e+00, 0.0000e+00, 1.0000e+00]]], device='cuda:0')
0:05:01.444575 - TCO_input tensor([[[ 1.0000,  0.0000,  0.0000, -0.0148],
         [ 0.0000,  1.0000,  0.0000,  0.0099],
         [ 0.0000,  0.0000,  1.0000,  0.3246],
         [ 0.0000,  0.0000,  0.0000,  1.0000]]], device='cuda:0')
0:05:01.446102 - model tco output tensor([[[-0.7932,  0.4456,  0.4151, -0.0087],
         [-0.5618, -0.7985, -0.2163,  0.0059],
         [ 0.2351, -0.4048,  0.8837,  0.1995],
         [ 0.0000,  0.0000,  0.0000,  1.0000]]], device='cuda:0',
       grad_fn=<CopySlices>)
0:05:01.484070 - Wrote debug data: /home/ubuntu/synthetic_pose_estimation/cosypose/local_data/debug_data/debug_iter=1.pth.tar
0:05:01.698768 - TCO_input tensor([[[ 1.0000,  0.0000,  0.0000, -0.0148],
         [ 0.0000,  1.0000,  0.0000,  0.0099],
         [ 0.0000,  0.0000,  1.0000,  0.3246],
         [ 0.0000,  0.0000,  0.0000,  1.0000]]], device='cuda:0')
0:05:01.699795 - vxvyvz tensor([[ 4.0157, -1.6556,  0.6144]], device='cuda:0',
       grad_fn=<SliceBackward0>)
0:05:01.700826 - dR tensor([[[-0.7932,  0.4456,  0.4151],
         [-0.5618, -0.7985, -0.2163],
         [ 0.2351, -0.4048,  0.8837]]], device='cuda:0',
       grad_fn=<StackBackward0>)
0:05:01.701758 - fxfy tensor([[1965.9906, 1965.9906]], device='cuda:0')
0:05:01.704238 - TCO_gt tensor([[[-0.7893,  0.4511,  0.4165, -0.0100],
         [-0.5688, -0.7927, -0.2192,  0.0062],
         [ 0.2313, -0.4099,  0.8823,  0.1920],
         [ 0.0000,  0.0000,  0.0000,  1.0000]]], device='cuda:0')
0:05:01.705175 - TCO pred_orn tensor([[[-0.7932,  0.4456,  0.4151, -0.0100],
         [-0.5618, -0.7985, -0.2163,  0.0062],
         [ 0.2351, -0.4048,  0.8837,  0.1920],
         [ 0.0000,  0.0000,  0.0000,  1.0000]]], device='cuda:0',
       grad_fn=<CopySlices>)
0:05:01.706109 - TCO pred_xy tensor([[[-0.7893,  0.4511,  0.4165, -0.0083],
         [-0.5688, -0.7927, -0.2192,  0.0057],
         [ 0.2313, -0.4099,  0.8823,  0.1920],
         [ 0.0000,  0.0000,  0.0000,  1.0000]]], device='cuda:0',
       grad_fn=<CopySlices>)
0:05:01.707033 - TCO pred_z tensor([[[-0.7893,  0.4511,  0.4165, -0.0100],
         [-0.5688, -0.7927, -0.2192,  0.0062],
         [ 0.2313, -0.4099,  0.8823,  0.1995],
         [ 0.0000,  0.0000,  0.0000,  1.0000]]], device='cuda:0',
       grad_fn=<CopySlices>)
0:05:01.707671 - loss orn tensor([4.3873e-05], device='cuda:0', grad_fn=<MinBackward0>)
0:05:01.708305 - loss xy tensor([0.0007], device='cuda:0', grad_fn=<MinBackward0>)
0:05:01.708967 - loss z tensor([0.0025], device='cuda:0', grad_fn=<MinBackward0>)
  0%|                                       | 0/1 [00:00<?, ?it/s, loss=0.00327]100%|███████████████████████████████| 1/1 [00:00<00:00,  4.58it/s, loss=0.00327]100%|███████████████████████████████| 1/1 [00:00<00:00,  4.58it/s, loss=0.00327]
0:05:01.485947 - saving /home/ubuntu/synthetic_pose_estimation/cosypose/local_data/experiments/bracket_assembly_debug_nut_nosym_coarse_noaug--938962 573
  0%|                                                     | 0/1 [00:00<?, ?it/s]0:05:01.901208 - iteration 0
0:05:01.944481 - outputs, {'pose': tensor([[-1.0130, -0.7280,  0.2968,  0.5673, -0.6310, -0.4240,  4.0420, -1.6652,
          0.6388]], device='cuda:0', grad_fn=<AddmmBackward0>)}
0:05:01.946031 - model_outputs {'pose': tensor([[-1.0130, -0.7280,  0.2968,  0.5673, -0.6310, -0.4240,  4.0420, -1.6652,
          0.6388]], device='cuda:0', grad_fn=<AddmmBackward0>)}
0:05:01.946792 - K crop tensor([[[1.6158e+03, 0.0000e+00, 2.8213e+02],
         [0.0000e+00, 1.6158e+03, 5.4931e+01],
         [0.0000e+00, 0.0000e+00, 1.0000e+00]]], device='cuda:0')
0:05:01.947640 - TCO_input tensor([[[ 1.0000,  0.0000,  0.0000, -0.0204],
         [ 0.0000,  1.0000,  0.0000,  0.0107],
         [ 0.0000,  0.0000,  1.0000,  0.2688],
         [ 0.0000,  0.0000,  0.0000,  1.0000]]], device='cuda:0')
0:05:01.948846 - model tco output tensor([[[-0.7900,  0.4504,  0.4160, -0.0126],
         [-0.5677, -0.7935, -0.2191,  0.0067],
         [ 0.2315, -0.4092,  0.8826,  0.1717],
         [ 0.0000,  0.0000,  0.0000,  1.0000]]], device='cuda:0',
       grad_fn=<CopySlices>)
0:05:01.987964 - Wrote debug data: /home/ubuntu/synthetic_pose_estimation/cosypose/local_data/debug_data/debug_iter=1.pth.tar
0:05:02.199570 - TCO_input tensor([[[ 1.0000,  0.0000,  0.0000, -0.0204],
         [ 0.0000,  1.0000,  0.0000,  0.0107],
         [ 0.0000,  0.0000,  1.0000,  0.2688],
         [ 0.0000,  0.0000,  0.0000,  1.0000]]], device='cuda:0')
0:05:02.200556 - vxvyvz tensor([[ 4.0420, -1.6652,  0.6388]], device='cuda:0',
       grad_fn=<SliceBackward0>)
0:05:02.201613 - dR tensor([[[-0.7900,  0.4504,  0.4160],
         [-0.5677, -0.7935, -0.2191],
         [ 0.2315, -0.4092,  0.8826]]], device='cuda:0',
       grad_fn=<StackBackward0>)
0:05:02.202533 - fxfy tensor([[1615.7554, 1615.7551]], device='cuda:0')
0:05:02.205019 - TCO_gt tensor([[[-0.7893,  0.4511,  0.4165, -0.0100],
         [-0.5688, -0.7927, -0.2192,  0.0062],
         [ 0.2313, -0.4099,  0.8823,  0.1920],
         [ 0.0000,  0.0000,  0.0000,  1.0000]]], device='cuda:0')
0:05:02.205965 - TCO pred_orn tensor([[[-0.7900,  0.4504,  0.4160, -0.0100],
         [-0.5677, -0.7935, -0.2191,  0.0062],
         [ 0.2315, -0.4092,  0.8826,  0.1920],
         [ 0.0000,  0.0000,  0.0000,  1.0000]]], device='cuda:0',
       grad_fn=<CopySlices>)
0:05:02.206882 - TCO pred_xy tensor([[[-0.7893,  0.4511,  0.4165, -0.0141],
         [-0.5688, -0.7927, -0.2192,  0.0075],
         [ 0.2313, -0.4099,  0.8823,  0.1920],
         [ 0.0000,  0.0000,  0.0000,  1.0000]]], device='cuda:0',
       grad_fn=<CopySlices>)
0:05:02.207794 - TCO pred_z tensor([[[-0.7893,  0.4511,  0.4165, -0.0100],
         [-0.5688, -0.7927, -0.2192,  0.0062],
         [ 0.2313, -0.4099,  0.8823,  0.1717],
         [ 0.0000,  0.0000,  0.0000,  1.0000]]], device='cuda:0',
       grad_fn=<CopySlices>)
0:05:02.208456 - loss orn tensor([6.1264e-06], device='cuda:0', grad_fn=<MinBackward0>)
0:05:02.209092 - loss xy tensor([0.0018], device='cuda:0', grad_fn=<MinBackward0>)
0:05:02.209740 - loss z tensor([0.0067], device='cuda:0', grad_fn=<MinBackward0>)
  0%|                                       | 0/1 [00:00<?, ?it/s, loss=0.00854]100%|███████████████████████████████| 1/1 [00:00<00:00,  4.66it/s, loss=0.00854]100%|███████████████████████████████| 1/1 [00:00<00:00,  4.65it/s, loss=0.00854]
0:05:01.975237 - saving /home/ubuntu/synthetic_pose_estimation/cosypose/local_data/experiments/bracket_assembly_debug_nut_nosym_coarse_noaug--938962 574
  0%|                                                     | 0/1 [00:00<?, ?it/s]0:05:02.390395 - iteration 0
0:05:02.433644 - outputs, {'pose': tensor([[-1.0118, -0.7249,  0.3009,  0.5691, -0.6338, -0.4200,  4.0391, -1.6673,
          0.6285]], device='cuda:0', grad_fn=<AddmmBackward0>)}
0:05:02.435213 - model_outputs {'pose': tensor([[-1.0118, -0.7249,  0.3009,  0.5691, -0.6338, -0.4200,  4.0391, -1.6673,
          0.6285]], device='cuda:0', grad_fn=<AddmmBackward0>)}
0:05:02.435987 - K crop tensor([[[1.6569e+03, 0.0000e+00, 2.5060e+02],
         [0.0000e+00, 1.6569e+03, 5.3402e+01],
         [0.0000e+00, 0.0000e+00, 1.0000e+00]]], device='cuda:0')
0:05:02.436831 - TCO_input tensor([[[ 1.0000,  0.0000,  0.0000, -0.0152],
         [ 0.0000,  1.0000,  0.0000,  0.0110],
         [ 0.0000,  0.0000,  1.0000,  0.2755],
         [ 0.0000,  0.0000,  0.0000,  1.0000]]], device='cuda:0')
0:05:02.437744 - model tco output tensor([[[-0.7901,  0.4506,  0.4155, -0.0091],
         [-0.5661, -0.7964, -0.2129,  0.0067],
         [ 0.2350, -0.4034,  0.8843,  0.1732],
         [ 0.0000,  0.0000,  0.0000,  1.0000]]], device='cuda:0',
       grad_fn=<CopySlices>)
0:05:02.477547 - Wrote debug data: /home/ubuntu/synthetic_pose_estimation/cosypose/local_data/debug_data/debug_iter=1.pth.tar
0:05:02.689015 - TCO_input tensor([[[ 1.0000,  0.0000,  0.0000, -0.0152],
         [ 0.0000,  1.0000,  0.0000,  0.0110],
         [ 0.0000,  0.0000,  1.0000,  0.2755],
         [ 0.0000,  0.0000,  0.0000,  1.0000]]], device='cuda:0')
0:05:02.690047 - vxvyvz tensor([[ 4.0391, -1.6673,  0.6285]], device='cuda:0',
       grad_fn=<SliceBackward0>)
0:05:02.691038 - dR tensor([[[-0.7901,  0.4506,  0.4155],
         [-0.5661, -0.7964, -0.2129],
         [ 0.2350, -0.4034,  0.8843]]], device='cuda:0',
       grad_fn=<StackBackward0>)
0:05:02.691882 - fxfy tensor([[1656.8862, 1656.8865]], device='cuda:0')
0:05:02.694413 - TCO_gt tensor([[[-0.7893,  0.4511,  0.4165, -0.0100],
         [-0.5688, -0.7927, -0.2192,  0.0062],
         [ 0.2313, -0.4099,  0.8823,  0.1920],
         [ 0.0000,  0.0000,  0.0000,  1.0000]]], device='cuda:0')
0:05:02.695322 - TCO pred_orn tensor([[[-0.7901,  0.4506,  0.4155, -0.0100],
         [-0.5661, -0.7964, -0.2129,  0.0062],
         [ 0.2350, -0.4034,  0.8843,  0.1920],
         [ 0.0000,  0.0000,  0.0000,  1.0000]]], device='cuda:0',
       grad_fn=<CopySlices>)
0:05:02.696203 - TCO pred_xy tensor([[[-0.7893,  0.4511,  0.4165, -0.0101],
         [-0.5688, -0.7927, -0.2192,  0.0075],
         [ 0.2313, -0.4099,  0.8823,  0.1920],
         [ 0.0000,  0.0000,  0.0000,  1.0000]]], device='cuda:0',
       grad_fn=<CopySlices>)
0:05:02.697098 - TCO pred_z tensor([[[-0.7893,  0.4511,  0.4165, -0.0100],
         [-0.5688, -0.7927, -0.2192,  0.0062],
         [ 0.2313, -0.4099,  0.8823,  0.1732],
         [ 0.0000,  0.0000,  0.0000,  1.0000]]], device='cuda:0',
       grad_fn=<CopySlices>)
0:05:02.697735 - loss orn tensor([2.8345e-05], device='cuda:0', grad_fn=<MinBackward0>)
0:05:02.698343 - loss xy tensor([0.0005], device='cuda:0', grad_fn=<MinBackward0>)
0:05:02.698946 - loss z tensor([0.0063], device='cuda:0', grad_fn=<MinBackward0>)
  0%|                                       | 0/1 [00:00<?, ?it/s, loss=0.00675]100%|███████████████████████████████| 1/1 [00:00<00:00,  4.62it/s, loss=0.00675]100%|███████████████████████████████| 1/1 [00:00<00:00,  4.61it/s, loss=0.00675]
0:05:02.460450 - saving /home/ubuntu/synthetic_pose_estimation/cosypose/local_data/experiments/bracket_assembly_debug_nut_nosym_coarse_noaug--938962 575
  0%|                                                     | 0/1 [00:00<?, ?it/s]0:05:02.879291 - iteration 0
0:05:02.925751 - outputs, {'pose': tensor([[-1.0151, -0.7252,  0.2962,  0.5658, -0.6293, -0.4175,  4.0359, -1.6640,
          0.6255]], device='cuda:0', grad_fn=<AddmmBackward0>)}
0:05:02.927289 - model_outputs {'pose': tensor([[-1.0151, -0.7252,  0.2962,  0.5658, -0.6293, -0.4175,  4.0359, -1.6640,
          0.6255]], device='cuda:0', grad_fn=<AddmmBackward0>)}
0:05:02.928050 - K crop tensor([[[1.7074e+03, 0.0000e+00, 2.4010e+02],
         [0.0000e+00, 1.7074e+03, 7.4774e+01],
         [0.0000e+00, 0.0000e+00, 1.0000e+00]]], device='cuda:0')
0:05:02.928894 - TCO_input tensor([[[ 1.0000,  0.0000,  0.0000, -0.0133],
         [ 0.0000,  1.0000,  0.0000,  0.0074],
         [ 0.0000,  0.0000,  1.0000,  0.2822],
         [ 0.0000,  0.0000,  0.0000,  1.0000]]], device='cuda:0')
0:05:02.929817 - model tco output tensor([[[-0.7917,  0.4506,  0.4126, -0.0079],
         [-0.5656, -0.7959, -0.2161,  0.0045],
         [ 0.2310, -0.4044,  0.8849,  0.1765],
         [ 0.0000,  0.0000,  0.0000,  1.0000]]], device='cuda:0',
       grad_fn=<CopySlices>)
0:05:02.968086 - Wrote debug data: /home/ubuntu/synthetic_pose_estimation/cosypose/local_data/debug_data/debug_iter=1.pth.tar
0:05:03.182416 - TCO_input tensor([[[ 1.0000,  0.0000,  0.0000, -0.0133],
         [ 0.0000,  1.0000,  0.0000,  0.0074],
         [ 0.0000,  0.0000,  1.0000,  0.2822],
         [ 0.0000,  0.0000,  0.0000,  1.0000]]], device='cuda:0')
0:05:03.183432 - vxvyvz tensor([[ 4.0359, -1.6640,  0.6255]], device='cuda:0',
       grad_fn=<SliceBackward0>)
0:05:03.184436 - dR tensor([[[-0.7917,  0.4506,  0.4126],
         [-0.5656, -0.7959, -0.2161],
         [ 0.2310, -0.4044,  0.8849]]], device='cuda:0',
       grad_fn=<StackBackward0>)
0:05:03.185330 - fxfy tensor([[1707.4163, 1707.4165]], device='cuda:0')
0:05:03.187825 - TCO_gt tensor([[[-0.7893,  0.4511,  0.4165, -0.0100],
         [-0.5688, -0.7927, -0.2192,  0.0062],
         [ 0.2313, -0.4099,  0.8823,  0.1920],
         [ 0.0000,  0.0000,  0.0000,  1.0000]]], device='cuda:0')
0:05:03.188743 - TCO pred_orn tensor([[[-0.7917,  0.4506,  0.4126, -0.0100],
         [-0.5656, -0.7959, -0.2161,  0.0062],
         [ 0.2310, -0.4044,  0.8849,  0.1920],
         [ 0.0000,  0.0000,  0.0000,  1.0000]]], device='cuda:0',
       grad_fn=<CopySlices>)
0:05:03.189675 - TCO pred_xy tensor([[[-0.7893,  0.4511,  0.4165, -0.0086],
         [-0.5688, -0.7927, -0.2192,  0.0048],
         [ 0.2313, -0.4099,  0.8823,  0.1920],
         [ 0.0000,  0.0000,  0.0000,  1.0000]]], device='cuda:0',
       grad_fn=<CopySlices>)
0:05:03.190567 - TCO pred_z tensor([[[-0.7893,  0.4511,  0.4165, -0.0100],
         [-0.5688, -0.7927, -0.2192,  0.0062],
         [ 0.2313, -0.4099,  0.8823,  0.1765],
         [ 0.0000,  0.0000,  0.0000,  1.0000]]], device='cuda:0',
       grad_fn=<CopySlices>)
0:05:03.191192 - loss orn tensor([2.7057e-05], device='cuda:0', grad_fn=<MinBackward0>)
0:05:03.191820 - loss xy tensor([0.0009], device='cuda:0', grad_fn=<MinBackward0>)
0:05:03.192432 - loss z tensor([0.0051], device='cuda:0', grad_fn=<MinBackward0>)
  0%|                                       | 0/1 [00:00<?, ?it/s, loss=0.00608]100%|███████████████████████████████| 1/1 [00:00<00:00,  4.48it/s, loss=0.00608]100%|███████████████████████████████| 1/1 [00:00<00:00,  4.48it/s, loss=0.00608]
0:05:02.967648 - saving /home/ubuntu/synthetic_pose_estimation/cosypose/local_data/experiments/bracket_assembly_debug_nut_nosym_coarse_noaug--938962 576
  0%|                                                     | 0/1 [00:00<?, ?it/s]0:05:03.382948 - iteration 0
0:05:03.426404 - outputs, {'pose': tensor([[-1.0173, -0.7211,  0.3058,  0.5620, -0.6285, -0.4177,  4.0315, -1.6688,
          0.6248]], device='cuda:0', grad_fn=<AddmmBackward0>)}
0:05:03.428064 - model_outputs {'pose': tensor([[-1.0173, -0.7211,  0.3058,  0.5620, -0.6285, -0.4177,  4.0315, -1.6688,
          0.6248]], device='cuda:0', grad_fn=<AddmmBackward0>)}
0:05:03.428858 - K crop tensor([[[2.0312e+03, 0.0000e+00, 3.0364e+02],
         [0.0000e+00, 2.0312e+03, 3.7553e+01],
         [0.0000e+00, 0.0000e+00, 1.0000e+00]]], device='cuda:0')
0:05:03.429761 - TCO_input tensor([[[ 1.0000,  0.0000,  0.0000, -0.0239],
         [ 0.0000,  1.0000,  0.0000,  0.0136],
         [ 0.0000,  0.0000,  1.0000,  0.3366],
         [ 0.0000,  0.0000,  0.0000,  1.0000]]], device='cuda:0')
0:05:03.430655 - model tco output tensor([[[-0.7924,  0.4451,  0.4172, -0.0145],
         [-0.5616, -0.7992, -0.2140,  0.0083],
         [ 0.2382, -0.4039,  0.8833,  0.2103],
         [ 0.0000,  0.0000,  0.0000,  1.0000]]], device='cuda:0',
       grad_fn=<CopySlices>)
0:05:03.470420 - Wrote debug data: /home/ubuntu/synthetic_pose_estimation/cosypose/local_data/debug_data/debug_iter=1.pth.tar
0:05:03.685611 - TCO_input tensor([[[ 1.0000,  0.0000,  0.0000, -0.0239],
         [ 0.0000,  1.0000,  0.0000,  0.0136],
         [ 0.0000,  0.0000,  1.0000,  0.3366],
         [ 0.0000,  0.0000,  0.0000,  1.0000]]], device='cuda:0')
0:05:03.686697 - vxvyvz tensor([[ 4.0315, -1.6688,  0.6248]], device='cuda:0',
       grad_fn=<SliceBackward0>)
0:05:03.687727 - dR tensor([[[-0.7924,  0.4451,  0.4172],
         [-0.5616, -0.7992, -0.2140],
         [ 0.2382, -0.4039,  0.8833]]], device='cuda:0',
       grad_fn=<StackBackward0>)
0:05:03.688605 - fxfy tensor([[2031.1854, 2031.1858]], device='cuda:0')
0:05:03.691134 - TCO_gt tensor([[[-0.7893,  0.4511,  0.4165, -0.0100],
         [-0.5688, -0.7927, -0.2192,  0.0062],
         [ 0.2313, -0.4099,  0.8823,  0.1920],
         [ 0.0000,  0.0000,  0.0000,  1.0000]]], device='cuda:0')
0:05:03.692080 - TCO pred_orn tensor([[[-0.7924,  0.4451,  0.4172, -0.0100],
         [-0.5616, -0.7992, -0.2140,  0.0062],
         [ 0.2382, -0.4039,  0.8833,  0.1920],
         [ 0.0000,  0.0000,  0.0000,  1.0000]]], device='cuda:0',
       grad_fn=<CopySlices>)
0:05:03.693010 - TCO pred_xy tensor([[[-0.7893,  0.4511,  0.4165, -0.0132],
         [-0.5688, -0.7927, -0.2192,  0.0076],
         [ 0.2313, -0.4099,  0.8823,  0.1920],
         [ 0.0000,  0.0000,  0.0000,  1.0000]]], device='cuda:0',
       grad_fn=<CopySlices>)
0:05:03.693950 - TCO pred_z tensor([[[-0.7893,  0.4511,  0.4165, -0.0100],
         [-0.5688, -0.7927, -0.2192,  0.0062],
         [ 0.2313, -0.4099,  0.8823,  0.2103],
         [ 0.0000,  0.0000,  0.0000,  1.0000]]], device='cuda:0',
       grad_fn=<CopySlices>)
0:05:03.694617 - loss orn tensor([5.1205e-05], device='cuda:0', grad_fn=<MinBackward0>)
0:05:03.695273 - loss xy tensor([0.0015], device='cuda:0', grad_fn=<MinBackward0>)
0:05:03.695930 - loss z tensor([0.0061], device='cuda:0', grad_fn=<MinBackward0>)
  0%|                                       | 0/1 [00:00<?, ?it/s, loss=0.00771]100%|███████████████████████████████| 1/1 [00:00<00:00,  4.51it/s, loss=0.00771]100%|███████████████████████████████| 1/1 [00:00<00:00,  4.50it/s, loss=0.00771]
0:05:03.479142 - saving /home/ubuntu/synthetic_pose_estimation/cosypose/local_data/experiments/bracket_assembly_debug_nut_nosym_coarse_noaug--938962 577
  0%|                                                     | 0/1 [00:00<?, ?it/s]0:05:03.894324 - iteration 0
0:05:03.938083 - outputs, {'pose': tensor([[-1.0129, -0.7351,  0.2993,  0.5663, -0.6327, -0.4161,  4.0426, -1.6693,
          0.6350]], device='cuda:0', grad_fn=<AddmmBackward0>)}
0:05:03.939750 - model_outputs {'pose': tensor([[-1.0129, -0.7351,  0.2993,  0.5663, -0.6327, -0.4161,  4.0426, -1.6693,
          0.6350]], device='cuda:0', grad_fn=<AddmmBackward0>)}
0:05:03.940562 - K crop tensor([[[1.7349e+03, 0.0000e+00, 2.8384e+02],
         [0.0000e+00, 1.7349e+03, 6.6865e+01],
         [0.0000e+00, 0.0000e+00, 1.0000e+00]]], device='cuda:0')
0:05:03.941475 - TCO_input tensor([[[ 1.0000,  0.0000,  0.0000, -0.0206],
         [ 0.0000,  1.0000,  0.0000,  0.0087],
         [ 0.0000,  0.0000,  1.0000,  0.2871],
         [ 0.0000,  0.0000,  0.0000,  1.0000]]], device='cuda:0')
0:05:03.942395 - model tco output tensor([[[-0.7871,  0.4566,  0.4147, -0.0126],
         [-0.5713, -0.7932, -0.2109,  0.0054],
         [ 0.2326, -0.4029,  0.8852,  0.1823],
         [ 0.0000,  0.0000,  0.0000,  1.0000]]], device='cuda:0',
       grad_fn=<CopySlices>)
0:05:03.981910 - Wrote debug data: /home/ubuntu/synthetic_pose_estimation/cosypose/local_data/debug_data/debug_iter=1.pth.tar
0:05:04.193781 - TCO_input tensor([[[ 1.0000,  0.0000,  0.0000, -0.0206],
         [ 0.0000,  1.0000,  0.0000,  0.0087],
         [ 0.0000,  0.0000,  1.0000,  0.2871],
         [ 0.0000,  0.0000,  0.0000,  1.0000]]], device='cuda:0')
0:05:04.194849 - vxvyvz tensor([[ 4.0426, -1.6693,  0.6350]], device='cuda:0',
       grad_fn=<SliceBackward0>)
0:05:04.195874 - dR tensor([[[-0.7871,  0.4566,  0.4147],
         [-0.5713, -0.7932, -0.2109],
         [ 0.2326, -0.4029,  0.8852]]], device='cuda:0',
       grad_fn=<StackBackward0>)
0:05:04.196804 - fxfy tensor([[1734.9365, 1734.9362]], device='cuda:0')
0:05:04.199394 - TCO_gt tensor([[[-0.7893,  0.4511,  0.4165, -0.0100],
         [-0.5688, -0.7927, -0.2192,  0.0062],
         [ 0.2313, -0.4099,  0.8823,  0.1920],
         [ 0.0000,  0.0000,  0.0000,  1.0000]]], device='cuda:0')
0:05:04.200336 - TCO pred_orn tensor([[[-0.7871,  0.4566,  0.4147, -0.0100],
         [-0.5713, -0.7932, -0.2109,  0.0062],
         [ 0.2326, -0.4029,  0.8852,  0.1920],
         [ 0.0000,  0.0000,  0.0000,  1.0000]]], device='cuda:0',
       grad_fn=<CopySlices>)
0:05:04.201309 - TCO pred_xy tensor([[[-0.7893,  0.4511,  0.4165, -0.0133],
         [-0.5688, -0.7927, -0.2192,  0.0056],
         [ 0.2313, -0.4099,  0.8823,  0.1920],
         [ 0.0000,  0.0000,  0.0000,  1.0000]]], device='cuda:0',
       grad_fn=<CopySlices>)
0:05:04.202243 - TCO pred_z tensor([[[-0.7893,  0.4511,  0.4165, -0.0100],
         [-0.5688, -0.7927, -0.2192,  0.0062],
         [ 0.2313, -0.4099,  0.8823,  0.1823],
         [ 0.0000,  0.0000,  0.0000,  1.0000]]], device='cuda:0',
       grad_fn=<CopySlices>)
0:05:04.202899 - loss orn tensor([3.9094e-05], device='cuda:0', grad_fn=<MinBackward0>)
0:05:04.203573 - loss xy tensor([0.0013], device='cuda:0', grad_fn=<MinBackward0>)
0:05:04.204210 - loss z tensor([0.0032], device='cuda:0', grad_fn=<MinBackward0>)
  0%|                                       | 0/1 [00:00<?, ?it/s, loss=0.00453]100%|███████████████████████████████| 1/1 [00:00<00:00,  4.59it/s, loss=0.00453]100%|███████████████████████████████| 1/1 [00:00<00:00,  4.58it/s, loss=0.00453]
0:05:03.980496 - saving /home/ubuntu/synthetic_pose_estimation/cosypose/local_data/experiments/bracket_assembly_debug_nut_nosym_coarse_noaug--938962 578
  0%|                                                     | 0/1 [00:00<?, ?it/s]0:05:04.395658 - iteration 0
0:05:04.439223 - outputs, {'pose': tensor([[-1.0144, -0.7337,  0.2980,  0.5625, -0.6303, -0.4261,  4.0554, -1.6772,
          0.6455]], device='cuda:0', grad_fn=<AddmmBackward0>)}
0:05:04.440798 - model_outputs {'pose': tensor([[-1.0144, -0.7337,  0.2980,  0.5625, -0.6303, -0.4261,  4.0554, -1.6772,
          0.6455]], device='cuda:0', grad_fn=<AddmmBackward0>)}
0:05:04.441648 - K crop tensor([[[1.5517e+03, 0.0000e+00, 2.3303e+02],
         [0.0000e+00, 1.5517e+03, 2.4136e+01],
         [0.0000e+00, 0.0000e+00, 1.0000e+00]]], device='cuda:0')
0:05:04.442522 - TCO_input tensor([[[ 1.0000,  0.0000,  0.0000, -0.0123],
         [ 0.0000,  1.0000,  0.0000,  0.0160],
         [ 0.0000,  0.0000,  1.0000,  0.2606],
         [ 0.0000,  0.0000,  0.0000,  1.0000]]], device='cuda:0')
0:05:04.444015 - model tco output tensor([[[-0.7882,  0.4508,  0.4189, -0.0075],
         [-0.5701, -0.7911, -0.2215,  0.0102],
         [ 0.2316, -0.4134,  0.8806,  0.1682],
         [ 0.0000,  0.0000,  0.0000,  1.0000]]], device='cuda:0',
       grad_fn=<CopySlices>)
0:05:04.484364 - Wrote debug data: /home/ubuntu/synthetic_pose_estimation/cosypose/local_data/debug_data/debug_iter=1.pth.tar
0:05:04.695866 - TCO_input tensor([[[ 1.0000,  0.0000,  0.0000, -0.0123],
         [ 0.0000,  1.0000,  0.0000,  0.0160],
         [ 0.0000,  0.0000,  1.0000,  0.2606],
         [ 0.0000,  0.0000,  0.0000,  1.0000]]], device='cuda:0')
0:05:04.696851 - vxvyvz tensor([[ 4.0554, -1.6772,  0.6455]], device='cuda:0',
       grad_fn=<SliceBackward0>)
0:05:04.697879 - dR tensor([[[-0.7882,  0.4508,  0.4189],
         [-0.5701, -0.7911, -0.2215],
         [ 0.2316, -0.4134,  0.8806]]], device='cuda:0',
       grad_fn=<StackBackward0>)
0:05:04.698786 - fxfy tensor([[1551.7098, 1551.7098]], device='cuda:0')
0:05:04.701343 - TCO_gt tensor([[[-0.7893,  0.4511,  0.4165, -0.0100],
         [-0.5688, -0.7927, -0.2192,  0.0062],
         [ 0.2313, -0.4099,  0.8823,  0.1920],
         [ 0.0000,  0.0000,  0.0000,  1.0000]]], device='cuda:0')
0:05:04.702277 - TCO pred_orn tensor([[[-0.7882,  0.4508,  0.4189, -0.0100],
         [-0.5701, -0.7911, -0.2215,  0.0062],
         [ 0.2316, -0.4134,  0.8806,  0.1920],
         [ 0.0000,  0.0000,  0.0000,  1.0000]]], device='cuda:0',
       grad_fn=<CopySlices>)
0:05:04.703245 - TCO pred_xy tensor([[[-0.7893,  0.4511,  0.4165, -0.0086],
         [-0.5688, -0.7927, -0.2192,  0.0116],
         [ 0.2313, -0.4099,  0.8823,  0.1920],
         [ 0.0000,  0.0000,  0.0000,  1.0000]]], device='cuda:0',
       grad_fn=<CopySlices>)
0:05:04.704154 - TCO pred_z tensor([[[-0.7893,  0.4511,  0.4165, -0.0100],
         [-0.5688, -0.7927, -0.2192,  0.0062],
         [ 0.2313, -0.4099,  0.8823,  0.1682],
         [ 0.0000,  0.0000,  0.0000,  1.0000]]], device='cuda:0',
       grad_fn=<CopySlices>)
0:05:04.704836 - loss orn tensor([1.5585e-05], device='cuda:0', grad_fn=<MinBackward0>)
0:05:04.705505 - loss xy tensor([0.0023], device='cuda:0', grad_fn=<MinBackward0>)
0:05:04.706190 - loss z tensor([0.0079], device='cuda:0', grad_fn=<MinBackward0>)
  0%|                                        | 0/1 [00:00<?, ?it/s, loss=0.0102]100%|████████████████████████████████| 1/1 [00:00<00:00,  4.55it/s, loss=0.0102]100%|████████████████████████████████| 1/1 [00:00<00:00,  4.54it/s, loss=0.0102]
0:05:04.485503 - saving /home/ubuntu/synthetic_pose_estimation/cosypose/local_data/experiments/bracket_assembly_debug_nut_nosym_coarse_noaug--938962 579
  0%|                                                     | 0/1 [00:00<?, ?it/s]0:05:04.900703 - iteration 0
0:05:04.944667 - outputs, {'pose': tensor([[-1.0127, -0.7289,  0.2961,  0.5626, -0.6274, -0.4181,  4.0469, -1.6758,
          0.6347]], device='cuda:0', grad_fn=<AddmmBackward0>)}
0:05:04.946349 - model_outputs {'pose': tensor([[-1.0127, -0.7289,  0.2961,  0.5626, -0.6274, -0.4181,  4.0469, -1.6758,
          0.6347]], device='cuda:0', grad_fn=<AddmmBackward0>)}
0:05:04.947171 - K crop tensor([[[2.0635e+03, 0.0000e+00, 2.6698e+02],
         [0.0000e+00, 2.0635e+03, 7.0010e+00],
         [0.0000e+00, 0.0000e+00, 1.0000e+00]]], device='cuda:0')
0:05:04.948046 - TCO_input tensor([[[ 1.0000,  0.0000,  0.0000, -0.0179],
         [ 0.0000,  1.0000,  0.0000,  0.0187],
         [ 0.0000,  0.0000,  1.0000,  0.3437],
         [ 0.0000,  0.0000,  0.0000,  1.0000]]], device='cuda:0')
0:05:04.949542 - model tco output tensor([[[-0.7897,  0.4522,  0.4146, -0.0109],
         [-0.5684, -0.7936, -0.2171,  0.0117],
         [ 0.2309, -0.4071,  0.8837,  0.2182],
         [ 0.0000,  0.0000,  0.0000,  1.0000]]], device='cuda:0',
       grad_fn=<CopySlices>)
0:05:04.988443 - Wrote debug data: /home/ubuntu/synthetic_pose_estimation/cosypose/local_data/debug_data/debug_iter=1.pth.tar
0:05:05.201928 - TCO_input tensor([[[ 1.0000,  0.0000,  0.0000, -0.0179],
         [ 0.0000,  1.0000,  0.0000,  0.0187],
         [ 0.0000,  0.0000,  1.0000,  0.3437],
         [ 0.0000,  0.0000,  0.0000,  1.0000]]], device='cuda:0')
0:05:05.202981 - vxvyvz tensor([[ 4.0469, -1.6758,  0.6347]], device='cuda:0',
       grad_fn=<SliceBackward0>)
0:05:05.204068 - dR tensor([[[-0.7897,  0.4522,  0.4146],
         [-0.5684, -0.7936, -0.2171],
         [ 0.2309, -0.4071,  0.8837]]], device='cuda:0',
       grad_fn=<StackBackward0>)
0:05:05.204997 - fxfy tensor([[2063.4531, 2063.4539]], device='cuda:0')
0:05:05.207563 - TCO_gt tensor([[[-0.7893,  0.4511,  0.4165, -0.0100],
         [-0.5688, -0.7927, -0.2192,  0.0062],
         [ 0.2313, -0.4099,  0.8823,  0.1920],
         [ 0.0000,  0.0000,  0.0000,  1.0000]]], device='cuda:0')
0:05:05.208516 - TCO pred_orn tensor([[[-0.7897,  0.4522,  0.4146, -0.0100],
         [-0.5684, -0.7936, -0.2171,  0.0062],
         [ 0.2309, -0.4071,  0.8837,  0.1920],
         [ 0.0000,  0.0000,  0.0000,  1.0000]]], device='cuda:0',
       grad_fn=<CopySlices>)
0:05:05.209508 - TCO pred_xy tensor([[[-0.7893,  0.4511,  0.4165, -0.0096],
         [-0.5688, -0.7927, -0.2192,  0.0103],
         [ 0.2313, -0.4099,  0.8823,  0.1920],
         [ 0.0000,  0.0000,  0.0000,  1.0000]]], device='cuda:0',
       grad_fn=<CopySlices>)
0:05:05.210445 - TCO pred_z tensor([[[-0.7893,  0.4511,  0.4165, -0.0100],
         [-0.5688, -0.7927, -0.2192,  0.0062],
         [ 0.2313, -0.4099,  0.8823,  0.2182],
         [ 0.0000,  0.0000,  0.0000,  1.0000]]], device='cuda:0',
       grad_fn=<CopySlices>)
0:05:05.211135 - loss orn tensor([1.2239e-05], device='cuda:0', grad_fn=<MinBackward0>)
0:05:05.211779 - loss xy tensor([0.0015], device='cuda:0', grad_fn=<MinBackward0>)
0:05:05.212422 - loss z tensor([0.0087], device='cuda:0', grad_fn=<MinBackward0>)
  0%|                                        | 0/1 [00:00<?, ?it/s, loss=0.0102]100%|████████████████████████████████| 1/1 [00:00<00:00,  4.57it/s, loss=0.0102]100%|████████████████████████████████| 1/1 [00:00<00:00,  4.56it/s, loss=0.0102]
  0%|                                                     | 0/1 [00:00<?, ?it/s]0:05:05.118972 - iteration 0
0:05:05.155017 - outputs, {'pose': tensor([[-0.7945, -0.5551,  0.3446,  0.6444, -0.4153, -0.2659,  2.7415, -1.4971,
          0.7912]], device='cuda:0')}
0:05:05.156483 - model_outputs {'pose': tensor([[-0.7945, -0.5551,  0.3446,  0.6444, -0.4153, -0.2659,  2.7415, -1.4971,
          0.7912]], device='cuda:0')}
0:05:05.157265 - K crop tensor([[[1.5408e+03, 0.0000e+00, 2.1272e+02],
         [0.0000e+00, 1.5408e+03, 2.4664e+01],
         [0.0000e+00, 0.0000e+00, 1.0000e+00]]], device='cuda:0')
0:05:05.158134 - TCO_input tensor([[[ 1.0000,  0.0000,  0.0000, -0.0089],
         [ 0.0000,  1.0000,  0.0000,  0.0159],
         [ 0.0000,  0.0000,  1.0000,  0.2588],
         [ 0.0000,  0.0000,  0.0000,  1.0000]]], device='cuda:0')
0:05:05.159043 - model tco output tensor([[[-0.7724,  0.5018,  0.3894, -0.0067],
         [-0.5396, -0.8418,  0.0144,  0.0124],
         [ 0.3350, -0.1990,  0.9210,  0.2048],
         [ 0.0000,  0.0000,  0.0000,  1.0000]]], device='cuda:0')
0:05:05.200141 - Wrote debug data: /home/ubuntu/synthetic_pose_estimation/cosypose/local_data/debug_data/debug_iter=1.pth.tar
0:05:05.416023 - TCO_input tensor([[[ 1.0000,  0.0000,  0.0000, -0.0089],
         [ 0.0000,  1.0000,  0.0000,  0.0159],
         [ 0.0000,  0.0000,  1.0000,  0.2588],
         [ 0.0000,  0.0000,  0.0000,  1.0000]]], device='cuda:0')
0:05:05.417115 - vxvyvz tensor([[ 2.7415, -1.4971,  0.7912]], device='cuda:0')
0:05:05.418172 - dR tensor([[[-0.7724,  0.5018,  0.3894],
         [-0.5396, -0.8418,  0.0144],
         [ 0.3350, -0.1990,  0.9210]]], device='cuda:0')
0:05:05.419079 - fxfy tensor([[1540.8358, 1540.8358]], device='cuda:0')
0:05:05.421504 - TCO_gt tensor([[[-0.7893,  0.4511,  0.4165, -0.0100],
         [-0.5688, -0.7927, -0.2192,  0.0062],
         [ 0.2313, -0.4099,  0.8823,  0.1920],
         [ 0.0000,  0.0000,  0.0000,  1.0000]]], device='cuda:0')
0:05:05.422416 - TCO pred_orn tensor([[[-0.7724,  0.5018,  0.3894, -0.0100],
         [-0.5396, -0.8418,  0.0144,  0.0062],
         [ 0.3350, -0.1990,  0.9210,  0.1920],
         [ 0.0000,  0.0000,  0.0000,  1.0000]]], device='cuda:0')
0:05:05.423327 - TCO pred_xy tensor([[[-0.7893,  0.4511,  0.4165, -0.0063],
         [-0.5688, -0.7927, -0.2192,  0.0116],
         [ 0.2313, -0.4099,  0.8823,  0.1920],
         [ 0.0000,  0.0000,  0.0000,  1.0000]]], device='cuda:0')
0:05:05.424294 - TCO pred_z tensor([[[-0.7893,  0.4511,  0.4165, -0.0100],
         [-0.5688, -0.7927, -0.2192,  0.0062],
         [ 0.2313, -0.4099,  0.8823,  0.2048],
         [ 0.0000,  0.0000,  0.0000,  1.0000]]], device='cuda:0')
0:05:05.424958 - loss orn tensor([0.0009], device='cuda:0')
0:05:05.425619 - loss xy tensor([0.0031], device='cuda:0')
0:05:05.426259 - loss z tensor([0.0043], device='cuda:0')
100%|█████████████████████████████████████████████| 1/1 [00:00<00:00,  7.95it/s]100%|█████████████████████████████████████████████| 1/1 [00:00<00:00,  7.92it/s]
0:05:05.121042 - saving /home/ubuntu/synthetic_pose_estimation/cosypose/local_data/experiments/bracket_assembly_debug_nut_nosym_coarse_noaug--938962 580
  0%|                                                     | 0/1 [00:00<?, ?it/s]0:05:05.533130 - iteration 0
0:05:05.576840 - outputs, {'pose': tensor([[-1.0084, -0.7334,  0.2997,  0.5616, -0.6262, -0.4214,  4.0293, -1.6734,
          0.6331]], device='cuda:0', grad_fn=<AddmmBackward0>)}
0:05:05.578586 - model_outputs {'pose': tensor([[-1.0084, -0.7334,  0.2997,  0.5616, -0.6262, -0.4214,  4.0293, -1.6734,
          0.6331]], device='cuda:0', grad_fn=<AddmmBackward0>)}
0:05:05.579415 - K crop tensor([[[1.8636e+03, 0.0000e+00, 2.6696e+02],
         [0.0000e+00, 1.8636e+03, 6.3957e+01],
         [0.0000e+00, 0.0000e+00, 1.0000e+00]]], device='cuda:0')
0:05:05.580283 - TCO_input tensor([[[ 1.0000,  0.0000,  0.0000, -0.0178],
         [ 0.0000,  1.0000,  0.0000,  0.0092],
         [ 0.0000,  0.0000,  1.0000,  0.3080],
         [ 0.0000,  0.0000,  0.0000,  1.0000]]], device='cuda:0')
0:05:05.581210 - model tco output tensor([[[-0.7864,  0.4534,  0.4196, -0.0108],
         [-0.5719, -0.7912, -0.2168,  0.0056],
         [ 0.2337, -0.4105,  0.8814,  0.1950],
         [ 0.0000,  0.0000,  0.0000,  1.0000]]], device='cuda:0',
       grad_fn=<CopySlices>)
0:05:05.619350 - Wrote debug data: /home/ubuntu/synthetic_pose_estimation/cosypose/local_data/debug_data/debug_iter=1.pth.tar
0:05:05.831549 - TCO_input tensor([[[ 1.0000,  0.0000,  0.0000, -0.0178],
         [ 0.0000,  1.0000,  0.0000,  0.0092],
         [ 0.0000,  0.0000,  1.0000,  0.3080],
         [ 0.0000,  0.0000,  0.0000,  1.0000]]], device='cuda:0')
0:05:05.832662 - vxvyvz tensor([[ 4.0293, -1.6734,  0.6331]], device='cuda:0',
       grad_fn=<SliceBackward0>)
0:05:05.833748 - dR tensor([[[-0.7864,  0.4534,  0.4196],
         [-0.5719, -0.7912, -0.2168],
         [ 0.2337, -0.4105,  0.8814]]], device='cuda:0',
       grad_fn=<StackBackward0>)
0:05:05.834656 - fxfy tensor([[1863.5928, 1863.5928]], device='cuda:0')
0:05:05.837166 - TCO_gt tensor([[[-0.7893,  0.4511,  0.4165, -0.0100],
         [-0.5688, -0.7927, -0.2192,  0.0062],
         [ 0.2313, -0.4099,  0.8823,  0.1920],
         [ 0.0000,  0.0000,  0.0000,  1.0000]]], device='cuda:0')
0:05:05.838118 - TCO pred_orn tensor([[[-0.7864,  0.4534,  0.4196, -0.0100],
         [-0.5719, -0.7912, -0.2168,  0.0062],
         [ 0.2337, -0.4105,  0.8814,  0.1920],
         [ 0.0000,  0.0000,  0.0000,  1.0000]]], device='cuda:0',
       grad_fn=<CopySlices>)
0:05:05.839043 - TCO pred_xy tensor([[[-0.7893,  0.4511,  0.4165, -0.0107],
         [-0.5688, -0.7927, -0.2192,  0.0055],
         [ 0.2313, -0.4099,  0.8823,  0.1920],
         [ 0.0000,  0.0000,  0.0000,  1.0000]]], device='cuda:0',
       grad_fn=<CopySlices>)
0:05:05.839964 - TCO pred_z tensor([[[-0.7893,  0.4511,  0.4165, -0.0100],
         [-0.5688, -0.7927, -0.2192,  0.0062],
         [ 0.2313, -0.4099,  0.8823,  0.1950],
         [ 0.0000,  0.0000,  0.0000,  1.0000]]], device='cuda:0',
       grad_fn=<CopySlices>)
0:05:05.840629 - loss orn tensor([2.0112e-05], device='cuda:0', grad_fn=<MinBackward0>)
0:05:05.841302 - loss xy tensor([0.0004], device='cuda:0', grad_fn=<MinBackward0>)
0:05:05.841951 - loss z tensor([0.0010], device='cuda:0', grad_fn=<MinBackward0>)
  0%|                                       | 0/1 [00:00<?, ?it/s, loss=0.00145]100%|███████████████████████████████| 1/1 [00:00<00:00,  4.65it/s, loss=0.00145]100%|███████████████████████████████| 1/1 [00:00<00:00,  4.64it/s, loss=0.00145]
0:05:05.618569 - saving /home/ubuntu/synthetic_pose_estimation/cosypose/local_data/experiments/bracket_assembly_debug_nut_nosym_coarse_noaug--938962 581
  0%|                                                     | 0/1 [00:00<?, ?it/s]0:05:06.034179 - iteration 0
0:05:06.077951 - outputs, {'pose': tensor([[-1.0116, -0.7302,  0.2907,  0.5621, -0.6379, -0.4258,  4.0394, -1.6810,
          0.6320]], device='cuda:0', grad_fn=<AddmmBackward0>)}
0:05:06.079613 - model_outputs {'pose': tensor([[-1.0116, -0.7302,  0.2907,  0.5621, -0.6379, -0.4258,  4.0394, -1.6810,
          0.6320]], device='cuda:0', grad_fn=<AddmmBackward0>)}
0:05:06.080466 - K crop tensor([[[1.8485e+03, 0.0000e+00, 2.2764e+02],
         [0.0000e+00, 1.8485e+03, 9.3231e+01],
         [0.0000e+00, 0.0000e+00, 1.0000e+00]]], device='cuda:0')
0:05:06.081381 - TCO_input tensor([[[ 1.0000,  0.0000,  0.0000, -0.0112],
         [ 0.0000,  1.0000,  0.0000,  0.0043],
         [ 0.0000,  0.0000,  1.0000,  0.3036],
         [ 0.0000,  0.0000,  0.0000,  1.0000]]], device='cuda:0')
0:05:06.083053 - model tco output tensor([[[-0.7897,  0.4521,  0.4147, -0.0067],
         [-0.5700, -0.7907, -0.2233,  0.0026],
         [ 0.2270, -0.4127,  0.8821,  0.1919],
         [ 0.0000,  0.0000,  0.0000,  1.0000]]], device='cuda:0',
       grad_fn=<CopySlices>)
0:05:06.123440 - Wrote debug data: /home/ubuntu/synthetic_pose_estimation/cosypose/local_data/debug_data/debug_iter=1.pth.tar
0:05:06.338507 - TCO_input tensor([[[ 1.0000,  0.0000,  0.0000, -0.0112],
         [ 0.0000,  1.0000,  0.0000,  0.0043],
         [ 0.0000,  0.0000,  1.0000,  0.3036],
         [ 0.0000,  0.0000,  0.0000,  1.0000]]], device='cuda:0')
0:05:06.339540 - vxvyvz tensor([[ 4.0394, -1.6810,  0.6320]], device='cuda:0',
       grad_fn=<SliceBackward0>)
0:05:06.340575 - dR tensor([[[-0.7897,  0.4521,  0.4147],
         [-0.5700, -0.7907, -0.2233],
         [ 0.2270, -0.4127,  0.8821]]], device='cuda:0',
       grad_fn=<StackBackward0>)
0:05:06.341511 - fxfy tensor([[1848.5441, 1848.5447]], device='cuda:0')
0:05:06.344042 - TCO_gt tensor([[[-0.7893,  0.4511,  0.4165, -0.0100],
         [-0.5688, -0.7927, -0.2192,  0.0062],
         [ 0.2313, -0.4099,  0.8823,  0.1920],
         [ 0.0000,  0.0000,  0.0000,  1.0000]]], device='cuda:0')
0:05:06.345001 - TCO pred_orn tensor([[[-0.7897,  0.4521,  0.4147, -0.0100],
         [-0.5700, -0.7907, -0.2233,  0.0062],
         [ 0.2270, -0.4127,  0.8821,  0.1920],
         [ 0.0000,  0.0000,  0.0000,  1.0000]]], device='cuda:0',
       grad_fn=<CopySlices>)
0:05:06.345933 - TCO pred_xy tensor([[[-0.7893,  0.4511,  0.4165, -0.0067],
         [-0.5688, -0.7927, -0.2192,  0.0026],
         [ 0.2313, -0.4099,  0.8823,  0.1920],
         [ 0.0000,  0.0000,  0.0000,  1.0000]]], device='cuda:0',
       grad_fn=<CopySlices>)
0:05:06.346840 - TCO pred_z tensor([[[-0.7893,  0.4511,  0.4165, -0.0100],
         [-0.5688, -0.7927, -0.2192,  0.0062],
         [ 0.2313, -0.4099,  0.8823,  0.1919],
         [ 0.0000,  0.0000,  0.0000,  1.0000]]], device='cuda:0',
       grad_fn=<CopySlices>)
0:05:06.347527 - loss orn tensor([2.0083e-05], device='cuda:0', grad_fn=<MinBackward0>)
0:05:06.348164 - loss xy tensor([0.0023], device='cuda:0', grad_fn=<MinBackward0>)
0:05:06.348819 - loss z tensor([2.5754e-05], device='cuda:0', grad_fn=<MinBackward0>)
  0%|                                       | 0/1 [00:00<?, ?it/s, loss=0.00237]100%|███████████████████████████████| 1/1 [00:00<00:00,  4.51it/s, loss=0.00237]100%|███████████████████████████████| 1/1 [00:00<00:00,  4.50it/s, loss=0.00237]
0:05:06.129959 - saving /home/ubuntu/synthetic_pose_estimation/cosypose/local_data/experiments/bracket_assembly_debug_nut_nosym_coarse_noaug--938962 582
  0%|                                                     | 0/1 [00:00<?, ?it/s]0:05:06.545282 - iteration 0
0:05:06.588672 - outputs, {'pose': tensor([[-1.0098, -0.7300,  0.2975,  0.5593, -0.6280, -0.4231,  4.0323, -1.6717,
          0.6279]], device='cuda:0', grad_fn=<AddmmBackward0>)}
0:05:06.590317 - model_outputs {'pose': tensor([[-1.0098, -0.7300,  0.2975,  0.5593, -0.6280, -0.4231,  4.0323, -1.6717,
          0.6279]], device='cuda:0', grad_fn=<AddmmBackward0>)}
0:05:06.591095 - K crop tensor([[[2.1543e+03, 0.0000e+00, 2.5721e+02],
         [0.0000e+00, 2.1543e+03, 5.9862e+01],
         [0.0000e+00, 0.0000e+00, 1.0000e+00]]], device='cuda:0')
0:05:06.591942 - TCO_input tensor([[[ 1.0000,  0.0000,  0.0000, -0.0161],
         [ 0.0000,  1.0000,  0.0000,  0.0098],
         [ 0.0000,  0.0000,  1.0000,  0.3548],
         [ 0.0000,  0.0000,  0.0000,  1.0000]]], device='cuda:0')
0:05:06.592835 - model tco output tensor([[[-0.7883,  0.4508,  0.4188, -0.0097],
         [-0.5699, -0.7916, -0.2204,  0.0060],
         [ 0.2322, -0.4124,  0.8809,  0.2228],
         [ 0.0000,  0.0000,  0.0000,  1.0000]]], device='cuda:0',
       grad_fn=<CopySlices>)
0:05:06.630250 - Wrote debug data: /home/ubuntu/synthetic_pose_estimation/cosypose/local_data/debug_data/debug_iter=1.pth.tar
0:05:06.841697 - TCO_input tensor([[[ 1.0000,  0.0000,  0.0000, -0.0161],
         [ 0.0000,  1.0000,  0.0000,  0.0098],
         [ 0.0000,  0.0000,  1.0000,  0.3548],
         [ 0.0000,  0.0000,  0.0000,  1.0000]]], device='cuda:0')
0:05:06.842749 - vxvyvz tensor([[ 4.0323, -1.6717,  0.6279]], device='cuda:0',
       grad_fn=<SliceBackward0>)
0:05:06.843739 - dR tensor([[[-0.7883,  0.4508,  0.4188],
         [-0.5699, -0.7916, -0.2204],
         [ 0.2322, -0.4124,  0.8809]]], device='cuda:0',
       grad_fn=<StackBackward0>)
0:05:06.844586 - fxfy tensor([[2154.2607, 2154.2610]], device='cuda:0')
0:05:06.847171 - TCO_gt tensor([[[-0.7893,  0.4511,  0.4165, -0.0100],
         [-0.5688, -0.7927, -0.2192,  0.0062],
         [ 0.2313, -0.4099,  0.8823,  0.1920],
         [ 0.0000,  0.0000,  0.0000,  1.0000]]], device='cuda:0')
0:05:06.848089 - TCO pred_orn tensor([[[-0.7883,  0.4508,  0.4188, -0.0100],
         [-0.5699, -0.7916, -0.2204,  0.0062],
         [ 0.2322, -0.4124,  0.8809,  0.1920],
         [ 0.0000,  0.0000,  0.0000,  1.0000]]], device='cuda:0',
       grad_fn=<CopySlices>)
0:05:06.849010 - TCO pred_xy tensor([[[-0.7893,  0.4511,  0.4165, -0.0083],
         [-0.5688, -0.7927, -0.2192,  0.0052],
         [ 0.2313, -0.4099,  0.8823,  0.1920],
         [ 0.0000,  0.0000,  0.0000,  1.0000]]], device='cuda:0',
       grad_fn=<CopySlices>)
0:05:06.849949 - TCO pred_z tensor([[[-0.7893,  0.4511,  0.4165, -0.0100],
         [-0.5688, -0.7927, -0.2192,  0.0062],
         [ 0.2313, -0.4099,  0.8823,  0.2228],
         [ 0.0000,  0.0000,  0.0000,  1.0000]]], device='cuda:0',
       grad_fn=<CopySlices>)
0:05:06.850582 - loss orn tensor([1.2215e-05], device='cuda:0', grad_fn=<MinBackward0>)
0:05:06.851199 - loss xy tensor([0.0009], device='cuda:0', grad_fn=<MinBackward0>)
0:05:06.851815 - loss z tensor([0.0103], device='cuda:0', grad_fn=<MinBackward0>)
  0%|                                        | 0/1 [00:00<?, ?it/s, loss=0.0112]100%|████████████████████████████████| 1/1 [00:00<00:00,  4.60it/s, loss=0.0112]100%|████████████████████████████████| 1/1 [00:00<00:00,  4.59it/s, loss=0.0112]
0:05:06.640656 - saving /home/ubuntu/synthetic_pose_estimation/cosypose/local_data/experiments/bracket_assembly_debug_nut_nosym_coarse_noaug--938962 583
  0%|                                                     | 0/1 [00:00<?, ?it/s]0:05:07.056124 - iteration 0
0:05:07.099846 - outputs, {'pose': tensor([[-1.0147, -0.7279,  0.2932,  0.5626, -0.6279, -0.4247,  4.0384, -1.6761,
          0.6412]], device='cuda:0', grad_fn=<AddmmBackward0>)}
0:05:07.101533 - model_outputs {'pose': tensor([[-1.0147, -0.7279,  0.2932,  0.5626, -0.6279, -0.4247,  4.0384, -1.6761,
          0.6412]], device='cuda:0', grad_fn=<AddmmBackward0>)}
0:05:07.102327 - K crop tensor([[[1.6885e+03, 0.0000e+00, 1.9561e+02],
         [0.0000e+00, 1.6885e+03, 7.2233e+01],
         [0.0000e+00, 0.0000e+00, 1.0000e+00]]], device='cuda:0')
0:05:07.103177 - TCO_input tensor([[[ 1.0000,  0.0000,  0.0000, -0.0060],
         [ 0.0000,  1.0000,  0.0000,  0.0078],
         [ 0.0000,  0.0000,  1.0000,  0.2793],
         [ 0.0000,  0.0000,  0.0000,  1.0000]]], device='cuda:0')
0:05:07.104067 - model tco output tensor([[[-0.7910,  0.4491,  0.4155, -0.0034],
         [-0.5675, -0.7923, -0.2240,  0.0048],
         [ 0.2286, -0.4130,  0.8816,  0.1791],
         [ 0.0000,  0.0000,  0.0000,  1.0000]]], device='cuda:0',
       grad_fn=<CopySlices>)
0:05:07.143646 - Wrote debug data: /home/ubuntu/synthetic_pose_estimation/cosypose/local_data/debug_data/debug_iter=1.pth.tar
0:05:07.359724 - TCO_input tensor([[[ 1.0000,  0.0000,  0.0000, -0.0060],
         [ 0.0000,  1.0000,  0.0000,  0.0078],
         [ 0.0000,  0.0000,  1.0000,  0.2793],
         [ 0.0000,  0.0000,  0.0000,  1.0000]]], device='cuda:0')
0:05:07.360860 - vxvyvz tensor([[ 4.0384, -1.6761,  0.6412]], device='cuda:0',
       grad_fn=<SliceBackward0>)
0:05:07.361929 - dR tensor([[[-0.7910,  0.4491,  0.4155],
         [-0.5675, -0.7923, -0.2240],
         [ 0.2286, -0.4130,  0.8816]]], device='cuda:0',
       grad_fn=<StackBackward0>)
0:05:07.362797 - fxfy tensor([[1688.4622, 1688.4623]], device='cuda:0')
0:05:07.365342 - TCO_gt tensor([[[-0.7893,  0.4511,  0.4165, -0.0100],
         [-0.5688, -0.7927, -0.2192,  0.0062],
         [ 0.2313, -0.4099,  0.8823,  0.1920],
         [ 0.0000,  0.0000,  0.0000,  1.0000]]], device='cuda:0')
0:05:07.366280 - TCO pred_orn tensor([[[-0.7910,  0.4491,  0.4155, -0.0100],
         [-0.5675, -0.7923, -0.2240,  0.0062],
         [ 0.2286, -0.4130,  0.8816,  0.1920],
         [ 0.0000,  0.0000,  0.0000,  1.0000]]], device='cuda:0',
       grad_fn=<CopySlices>)
0:05:07.367173 - TCO pred_xy tensor([[[-0.7893,  0.4511,  0.4165, -0.0036],
         [-0.5688, -0.7927, -0.2192,  0.0052],
         [ 0.2313, -0.4099,  0.8823,  0.1920],
         [ 0.0000,  0.0000,  0.0000,  1.0000]]], device='cuda:0',
       grad_fn=<CopySlices>)
0:05:07.368065 - TCO pred_z tensor([[[-0.7893,  0.4511,  0.4165, -0.0100],
         [-0.5688, -0.7927, -0.2192,  0.0062],
         [ 0.2313, -0.4099,  0.8823,  0.1791],
         [ 0.0000,  0.0000,  0.0000,  1.0000]]], device='cuda:0',
       grad_fn=<CopySlices>)
0:05:07.368694 - loss orn tensor([2.0698e-05], device='cuda:0', grad_fn=<MinBackward0>)
0:05:07.369335 - loss xy tensor([0.0025], device='cuda:0', grad_fn=<MinBackward0>)
0:05:07.369939 - loss z tensor([0.0043], device='cuda:0', grad_fn=<MinBackward0>)
  0%|                                       | 0/1 [00:00<?, ?it/s, loss=0.00676]100%|███████████████████████████████| 1/1 [00:00<00:00,  4.47it/s, loss=0.00676]100%|███████████████████████████████| 1/1 [00:00<00:00,  4.46it/s, loss=0.00676]
0:05:07.133704 - saving /home/ubuntu/synthetic_pose_estimation/cosypose/local_data/experiments/bracket_assembly_debug_nut_nosym_coarse_noaug--938962 584
  0%|                                                     | 0/1 [00:00<?, ?it/s]0:05:07.548772 - iteration 0
0:05:07.592071 - outputs, {'pose': tensor([[-1.0089, -0.7269,  0.2928,  0.5588, -0.6303, -0.4237,  4.0383, -1.6785,
          0.6325]], device='cuda:0', grad_fn=<AddmmBackward0>)}
0:05:07.593668 - model_outputs {'pose': tensor([[-1.0089, -0.7269,  0.2928,  0.5588, -0.6303, -0.4237,  4.0383, -1.6785,
          0.6325]], device='cuda:0', grad_fn=<AddmmBackward0>)}
0:05:07.594418 - K crop tensor([[[1.9492e+03, 0.0000e+00, 2.7125e+02],
         [0.0000e+00, 1.9492e+03, 7.1429e+01],
         [0.0000e+00, 0.0000e+00, 1.0000e+00]]], device='cuda:0')
0:05:07.595254 - TCO_input tensor([[[ 1.0000,  0.0000,  0.0000, -0.0184],
         [ 0.0000,  1.0000,  0.0000,  0.0079],
         [ 0.0000,  0.0000,  1.0000,  0.3212],
         [ 0.0000,  0.0000,  0.0000,  1.0000]]], device='cuda:0')
0:05:07.596131 - model tco output tensor([[[-0.7898,  0.4503,  0.4165, -0.0112],
         [-0.5690, -0.7915, -0.2232,  0.0048],
         [ 0.2292, -0.4133,  0.8813,  0.2031],
         [ 0.0000,  0.0000,  0.0000,  1.0000]]], device='cuda:0',
       grad_fn=<CopySlices>)
0:05:07.634756 - Wrote debug data: /home/ubuntu/synthetic_pose_estimation/cosypose/local_data/debug_data/debug_iter=1.pth.tar
0:05:07.847094 - TCO_input tensor([[[ 1.0000,  0.0000,  0.0000, -0.0184],
         [ 0.0000,  1.0000,  0.0000,  0.0079],
         [ 0.0000,  0.0000,  1.0000,  0.3212],
         [ 0.0000,  0.0000,  0.0000,  1.0000]]], device='cuda:0')
0:05:07.848080 - vxvyvz tensor([[ 4.0383, -1.6785,  0.6325]], device='cuda:0',
       grad_fn=<SliceBackward0>)
0:05:07.849069 - dR tensor([[[-0.7898,  0.4503,  0.4165],
         [-0.5690, -0.7915, -0.2232],
         [ 0.2292, -0.4133,  0.8813]]], device='cuda:0',
       grad_fn=<StackBackward0>)
0:05:07.849931 - fxfy tensor([[1949.2037, 1949.2039]], device='cuda:0')
0:05:07.852393 - TCO_gt tensor([[[-0.7893,  0.4511,  0.4165, -0.0100],
         [-0.5688, -0.7927, -0.2192,  0.0062],
         [ 0.2313, -0.4099,  0.8823,  0.1920],
         [ 0.0000,  0.0000,  0.0000,  1.0000]]], device='cuda:0')
0:05:07.853349 - TCO pred_orn tensor([[[-0.7898,  0.4503,  0.4165, -0.0100],
         [-0.5690, -0.7915, -0.2232,  0.0062],
         [ 0.2292, -0.4133,  0.8813,  0.1920],
         [ 0.0000,  0.0000,  0.0000,  1.0000]]], device='cuda:0',
       grad_fn=<CopySlices>)
0:05:07.854234 - TCO pred_xy tensor([[[-0.7893,  0.4511,  0.4165, -0.0106],
         [-0.5688, -0.7927, -0.2192,  0.0046],
         [ 0.2313, -0.4099,  0.8823,  0.1920],
         [ 0.0000,  0.0000,  0.0000,  1.0000]]], device='cuda:0',
       grad_fn=<CopySlices>)
0:05:07.855112 - TCO pred_z tensor([[[-0.7893,  0.4511,  0.4165, -0.0100],
         [-0.5688, -0.7927, -0.2192,  0.0062],
         [ 0.2313, -0.4099,  0.8823,  0.2031],
         [ 0.0000,  0.0000,  0.0000,  1.0000]]], device='cuda:0',
       grad_fn=<CopySlices>)
0:05:07.855738 - loss orn tensor([1.5380e-05], device='cuda:0', grad_fn=<MinBackward0>)
0:05:07.856344 - loss xy tensor([0.0007], device='cuda:0', grad_fn=<MinBackward0>)
0:05:07.856959 - loss z tensor([0.0037], device='cuda:0', grad_fn=<MinBackward0>)
  0%|                                       | 0/1 [00:00<?, ?it/s, loss=0.00448]100%|███████████████████████████████| 1/1 [00:00<00:00,  4.64it/s, loss=0.00448]100%|███████████████████████████████| 1/1 [00:00<00:00,  4.63it/s, loss=0.00448]
0:05:07.609981 - saving /home/ubuntu/synthetic_pose_estimation/cosypose/local_data/experiments/bracket_assembly_debug_nut_nosym_coarse_noaug--938962 585
  0%|                                                     | 0/1 [00:00<?, ?it/s]0:05:08.025436 - iteration 0
0:05:08.068832 - outputs, {'pose': tensor([[-1.0050, -0.7295,  0.2981,  0.5592, -0.6323, -0.4286,  4.0277, -1.6782,
          0.6253]], device='cuda:0', grad_fn=<AddmmBackward0>)}
0:05:08.070483 - model_outputs {'pose': tensor([[-1.0050, -0.7295,  0.2981,  0.5592, -0.6323, -0.4286,  4.0277, -1.6782,
          0.6253]], device='cuda:0', grad_fn=<AddmmBackward0>)}
0:05:08.071309 - K crop tensor([[[1.9107e+03, 0.0000e+00, 2.1376e+02],
         [0.0000e+00, 1.9107e+03, 8.3798e+01],
         [0.0000e+00, 0.0000e+00, 1.0000e+00]]], device='cuda:0')
0:05:08.072192 - TCO_input tensor([[[ 1.0000,  0.0000,  0.0000, -0.0089],
         [ 0.0000,  1.0000,  0.0000,  0.0059],
         [ 0.0000,  0.0000,  1.0000,  0.3142],
         [ 0.0000,  0.0000,  0.0000,  1.0000]]], device='cuda:0')
0:05:08.073802 - model tco output tensor([[[-0.7869,  0.4501,  0.4221, -0.0052],
         [-0.5712, -0.7901, -0.2224,  0.0035],
         [ 0.2334, -0.4161,  0.8789,  0.1965],
         [ 0.0000,  0.0000,  0.0000,  1.0000]]], device='cuda:0',
       grad_fn=<CopySlices>)
0:05:08.111800 - Wrote debug data: /home/ubuntu/synthetic_pose_estimation/cosypose/local_data/debug_data/debug_iter=1.pth.tar
0:05:08.323460 - TCO_input tensor([[[ 1.0000,  0.0000,  0.0000, -0.0089],
         [ 0.0000,  1.0000,  0.0000,  0.0059],
         [ 0.0000,  0.0000,  1.0000,  0.3142],
         [ 0.0000,  0.0000,  0.0000,  1.0000]]], device='cuda:0')
0:05:08.324463 - vxvyvz tensor([[ 4.0277, -1.6782,  0.6253]], device='cuda:0',
       grad_fn=<SliceBackward0>)
0:05:08.325521 - dR tensor([[[-0.7869,  0.4501,  0.4221],
         [-0.5712, -0.7901, -0.2224],
         [ 0.2334, -0.4161,  0.8789]]], device='cuda:0',
       grad_fn=<StackBackward0>)
0:05:08.326380 - fxfy tensor([[1910.7045, 1910.7046]], device='cuda:0')
0:05:08.329006 - TCO_gt tensor([[[-0.7893,  0.4511,  0.4165, -0.0100],
         [-0.5688, -0.7927, -0.2192,  0.0062],
         [ 0.2313, -0.4099,  0.8823,  0.1920],
         [ 0.0000,  0.0000,  0.0000,  1.0000]]], device='cuda:0')
0:05:08.329973 - TCO pred_orn tensor([[[-0.7869,  0.4501,  0.4221, -0.0100],
         [-0.5712, -0.7901, -0.2224,  0.0062],
         [ 0.2334, -0.4161,  0.8789,  0.1920],
         [ 0.0000,  0.0000,  0.0000,  1.0000]]], device='cuda:0',
       grad_fn=<CopySlices>)
0:05:08.330885 - TCO pred_xy tensor([[[-0.7893,  0.4511,  0.4165, -0.0050],
         [-0.5688, -0.7927, -0.2192,  0.0034],
         [ 0.2313, -0.4099,  0.8823,  0.1920],
         [ 0.0000,  0.0000,  0.0000,  1.0000]]], device='cuda:0',
       grad_fn=<CopySlices>)
0:05:08.331792 - TCO pred_z tensor([[[-0.7893,  0.4511,  0.4165, -0.0100],
         [-0.5688, -0.7927, -0.2192,  0.0062],
         [ 0.2313, -0.4099,  0.8823,  0.1965],
         [ 0.0000,  0.0000,  0.0000,  1.0000]]], device='cuda:0',
       grad_fn=<CopySlices>)
0:05:08.332427 - loss orn tensor([2.9583e-05], device='cuda:0', grad_fn=<MinBackward0>)
0:05:08.333122 - loss xy tensor([0.0026], device='cuda:0', grad_fn=<MinBackward0>)
0:05:08.333757 - loss z tensor([0.0015], device='cuda:0', grad_fn=<MinBackward0>)
  0%|                                        | 0/1 [00:00<?, ?it/s, loss=0.0041]100%|████████████████████████████████| 1/1 [00:00<00:00,  4.49it/s, loss=0.0041]100%|████████████████████████████████| 1/1 [00:00<00:00,  4.48it/s, loss=0.0041]
0:05:08.100099 - saving /home/ubuntu/synthetic_pose_estimation/cosypose/local_data/experiments/bracket_assembly_debug_nut_nosym_coarse_noaug--938962 586
  0%|                                                     | 0/1 [00:00<?, ?it/s]0:05:08.515153 - iteration 0
0:05:08.558806 - outputs, {'pose': tensor([[-1.0094, -0.7316,  0.3012,  0.5538, -0.6316, -0.4144,  4.0251, -1.6764,
          0.6412]], device='cuda:0', grad_fn=<AddmmBackward0>)}
0:05:08.560414 - model_outputs {'pose': tensor([[-1.0094, -0.7316,  0.3012,  0.5538, -0.6316, -0.4144,  4.0251, -1.6764,
          0.6412]], device='cuda:0', grad_fn=<AddmmBackward0>)}
0:05:08.561195 - K crop tensor([[[1.6958e+03, 0.0000e+00, 2.3682e+02],
         [0.0000e+00, 1.6958e+03, 9.5495e+01],
         [0.0000e+00, 0.0000e+00, 1.0000e+00]]], device='cuda:0')
0:05:08.562055 - TCO_input tensor([[[ 1.0000,  0.0000,  0.0000, -0.0127],
         [ 0.0000,  1.0000,  0.0000,  0.0039],
         [ 0.0000,  0.0000,  1.0000,  0.2790],
         [ 0.0000,  0.0000,  0.0000,  1.0000]]], device='cuda:0')
0:05:08.562947 - model tco output tensor([[[-0.7871,  0.4538,  0.4179, -0.0077],
         [-0.5704, -0.7932, -0.2130,  0.0024],
         [ 0.2349, -0.4060,  0.8832,  0.1789],
         [ 0.0000,  0.0000,  0.0000,  1.0000]]], device='cuda:0',
       grad_fn=<CopySlices>)
0:05:08.601803 - Wrote debug data: /home/ubuntu/synthetic_pose_estimation/cosypose/local_data/debug_data/debug_iter=1.pth.tar
0:05:08.813725 - TCO_input tensor([[[ 1.0000,  0.0000,  0.0000, -0.0127],
         [ 0.0000,  1.0000,  0.0000,  0.0039],
         [ 0.0000,  0.0000,  1.0000,  0.2790],
         [ 0.0000,  0.0000,  0.0000,  1.0000]]], device='cuda:0')
0:05:08.814705 - vxvyvz tensor([[ 4.0251, -1.6764,  0.6412]], device='cuda:0',
       grad_fn=<SliceBackward0>)
0:05:08.815682 - dR tensor([[[-0.7871,  0.4538,  0.4179],
         [-0.5704, -0.7932, -0.2130],
         [ 0.2349, -0.4060,  0.8832]]], device='cuda:0',
       grad_fn=<StackBackward0>)
0:05:08.816530 - fxfy tensor([[1695.8239, 1695.8240]], device='cuda:0')
0:05:08.819107 - TCO_gt tensor([[[-0.7893,  0.4511,  0.4165, -0.0100],
         [-0.5688, -0.7927, -0.2192,  0.0062],
         [ 0.2313, -0.4099,  0.8823,  0.1920],
         [ 0.0000,  0.0000,  0.0000,  1.0000]]], device='cuda:0')
0:05:08.820009 - TCO pred_orn tensor([[[-0.7871,  0.4538,  0.4179, -0.0100],
         [-0.5704, -0.7932, -0.2130,  0.0062],
         [ 0.2349, -0.4060,  0.8832,  0.1920],
         [ 0.0000,  0.0000,  0.0000,  1.0000]]], device='cuda:0',
       grad_fn=<CopySlices>)
0:05:08.820903 - TCO pred_xy tensor([[[-0.7893,  0.4511,  0.4165, -0.0083],
         [-0.5688, -0.7927, -0.2192,  0.0025],
         [ 0.2313, -0.4099,  0.8823,  0.1920],
         [ 0.0000,  0.0000,  0.0000,  1.0000]]], device='cuda:0',
       grad_fn=<CopySlices>)
0:05:08.821813 - TCO pred_z tensor([[[-0.7893,  0.4511,  0.4165, -0.0100],
         [-0.5688, -0.7927, -0.2192,  0.0062],
         [ 0.2313, -0.4099,  0.8823,  0.1789],
         [ 0.0000,  0.0000,  0.0000,  1.0000]]], device='cuda:0',
       grad_fn=<CopySlices>)
0:05:08.822482 - loss orn tensor([2.6224e-05], device='cuda:0', grad_fn=<MinBackward0>)
0:05:08.823095 - loss xy tensor([0.0018], device='cuda:0', grad_fn=<MinBackward0>)
0:05:08.823706 - loss z tensor([0.0044], device='cuda:0', grad_fn=<MinBackward0>)
  0%|                                       | 0/1 [00:00<?, ?it/s, loss=0.00618]100%|███████████████████████████████| 1/1 [00:00<00:00,  4.65it/s, loss=0.00618]100%|███████████████████████████████| 1/1 [00:00<00:00,  4.64it/s, loss=0.00618]
0:05:08.584809 - saving /home/ubuntu/synthetic_pose_estimation/cosypose/local_data/experiments/bracket_assembly_debug_nut_nosym_coarse_noaug--938962 587
  0%|                                                     | 0/1 [00:00<?, ?it/s]0:05:09.000168 - iteration 0
0:05:09.043668 - outputs, {'pose': tensor([[-1.0111, -0.7337,  0.2984,  0.5674, -0.6353, -0.4205,  4.0454, -1.6849,
          0.6420]], device='cuda:0', grad_fn=<AddmmBackward0>)}
0:05:09.045300 - model_outputs {'pose': tensor([[-1.0111, -0.7337,  0.2984,  0.5674, -0.6353, -0.4205,  4.0454, -1.6849,
          0.6420]], device='cuda:0', grad_fn=<AddmmBackward0>)}
0:05:09.046076 - K crop tensor([[[1.7675e+03, 0.0000e+00, 2.8533e+02],
         [0.0000e+00, 1.7675e+03, 3.0903e+01],
         [0.0000e+00, 0.0000e+00, 1.0000e+00]]], device='cuda:0')
0:05:09.046918 - TCO_input tensor([[[ 1.0000,  0.0000,  0.0000, -0.0210],
         [ 0.0000,  1.0000,  0.0000,  0.0148],
         [ 0.0000,  0.0000,  1.0000,  0.2947],
         [ 0.0000,  0.0000,  0.0000,  1.0000]]], device='cuda:0')
0:05:09.047802 - model tco output tensor([[[-0.7872,  0.4553,  0.4159, -0.0130],
         [-0.5712, -0.7925, -0.2136,  0.0093],
         [ 0.2324, -0.4057,  0.8840,  0.1892],
         [ 0.0000,  0.0000,  0.0000,  1.0000]]], device='cuda:0',
       grad_fn=<CopySlices>)
0:05:09.088542 - Wrote debug data: /home/ubuntu/synthetic_pose_estimation/cosypose/local_data/debug_data/debug_iter=1.pth.tar
0:05:09.298741 - TCO_input tensor([[[ 1.0000,  0.0000,  0.0000, -0.0210],
         [ 0.0000,  1.0000,  0.0000,  0.0148],
         [ 0.0000,  0.0000,  1.0000,  0.2947],
         [ 0.0000,  0.0000,  0.0000,  1.0000]]], device='cuda:0')
0:05:09.299755 - vxvyvz tensor([[ 4.0454, -1.6849,  0.6420]], device='cuda:0',
       grad_fn=<SliceBackward0>)
0:05:09.300759 - dR tensor([[[-0.7872,  0.4553,  0.4159],
         [-0.5712, -0.7925, -0.2136],
         [ 0.2324, -0.4057,  0.8840]]], device='cuda:0',
       grad_fn=<StackBackward0>)
0:05:09.301693 - fxfy tensor([[1767.4702, 1767.4707]], device='cuda:0')
0:05:09.304222 - TCO_gt tensor([[[-0.7893,  0.4511,  0.4165, -0.0100],
         [-0.5688, -0.7927, -0.2192,  0.0062],
         [ 0.2313, -0.4099,  0.8823,  0.1920],
         [ 0.0000,  0.0000,  0.0000,  1.0000]]], device='cuda:0')
0:05:09.305142 - TCO pred_orn tensor([[[-0.7872,  0.4553,  0.4159, -0.0100],
         [-0.5712, -0.7925, -0.2136,  0.0062],
         [ 0.2324, -0.4057,  0.8840,  0.1920],
         [ 0.0000,  0.0000,  0.0000,  1.0000]]], device='cuda:0',
       grad_fn=<CopySlices>)
0:05:09.306063 - TCO pred_xy tensor([[[-0.7893,  0.4511,  0.4165, -0.0132],
         [-0.5688, -0.7927, -0.2192,  0.0094],
         [ 0.2313, -0.4099,  0.8823,  0.1920],
         [ 0.0000,  0.0000,  0.0000,  1.0000]]], device='cuda:0',
       grad_fn=<CopySlices>)
0:05:09.306957 - TCO pred_z tensor([[[-0.7893,  0.4511,  0.4165, -0.0100],
         [-0.5688, -0.7927, -0.2192,  0.0062],
         [ 0.2313, -0.4099,  0.8823,  0.1892],
         [ 0.0000,  0.0000,  0.0000,  1.0000]]], device='cuda:0',
       grad_fn=<CopySlices>)
0:05:09.307595 - loss orn tensor([2.6631e-05], device='cuda:0', grad_fn=<MinBackward0>)
0:05:09.308207 - loss xy tensor([0.0022], device='cuda:0', grad_fn=<MinBackward0>)
0:05:09.308879 - loss z tensor([0.0009], device='cuda:0', grad_fn=<MinBackward0>)
  0%|                                        | 0/1 [00:00<?, ?it/s, loss=0.0031]100%|████████████████████████████████| 1/1 [00:00<00:00,  4.64it/s, loss=0.0031]100%|████████████████████████████████| 1/1 [00:00<00:00,  4.63it/s, loss=0.0031]
0:05:09.078432 - saving /home/ubuntu/synthetic_pose_estimation/cosypose/local_data/experiments/bracket_assembly_debug_nut_nosym_coarse_noaug--938962 588
  0%|                                                     | 0/1 [00:00<?, ?it/s]0:05:09.493906 - iteration 0
0:05:09.543846 - outputs, {'pose': tensor([[-1.0132, -0.7319,  0.2973,  0.5627, -0.6295, -0.4196,  4.0348, -1.6803,
          0.6388]], device='cuda:0', grad_fn=<AddmmBackward0>)}
0:05:09.545986 - model_outputs {'pose': tensor([[-1.0132, -0.7319,  0.2973,  0.5627, -0.6295, -0.4196,  4.0348, -1.6803,
          0.6388]], device='cuda:0', grad_fn=<AddmmBackward0>)}
0:05:09.546994 - K crop tensor([[[1.6326e+03, 0.0000e+00, 2.9225e+02],
         [0.0000e+00, 1.6326e+03, 5.0776e+01],
         [0.0000e+00, 0.0000e+00, 1.0000e+00]]], device='cuda:0')
0:05:09.548126 - TCO_input tensor([[[ 1.0000,  0.0000,  0.0000, -0.0221],
         [ 0.0000,  1.0000,  0.0000,  0.0114],
         [ 0.0000,  0.0000,  1.0000,  0.2718],
         [ 0.0000,  0.0000,  0.0000,  1.0000]]], device='cuda:0')
0:05:09.549310 - model tco output tensor([[[-0.7886,  0.4529,  0.4159, -0.0137],
         [-0.5697, -0.7927, -0.2169,  0.0071],
         [ 0.2314, -0.4080,  0.8832,  0.1736],
         [ 0.0000,  0.0000,  0.0000,  1.0000]]], device='cuda:0',
       grad_fn=<CopySlices>)
0:05:09.593765 - Wrote debug data: /home/ubuntu/synthetic_pose_estimation/cosypose/local_data/debug_data/debug_iter=1.pth.tar
0:05:09.804287 - TCO_input tensor([[[ 1.0000,  0.0000,  0.0000, -0.0221],
         [ 0.0000,  1.0000,  0.0000,  0.0114],
         [ 0.0000,  0.0000,  1.0000,  0.2718],
         [ 0.0000,  0.0000,  0.0000,  1.0000]]], device='cuda:0')
0:05:09.805249 - vxvyvz tensor([[ 4.0348, -1.6803,  0.6388]], device='cuda:0',
       grad_fn=<SliceBackward0>)
0:05:09.806228 - dR tensor([[[-0.7886,  0.4529,  0.4159],
         [-0.5697, -0.7927, -0.2169],
         [ 0.2314, -0.4080,  0.8832]]], device='cuda:0',
       grad_fn=<StackBackward0>)
0:05:09.807066 - fxfy tensor([[1632.5787, 1632.5789]], device='cuda:0')
0:05:09.809633 - TCO_gt tensor([[[-0.7893,  0.4511,  0.4165, -0.0100],
         [-0.5688, -0.7927, -0.2192,  0.0062],
         [ 0.2313, -0.4099,  0.8823,  0.1920],
         [ 0.0000,  0.0000,  0.0000,  1.0000]]], device='cuda:0')
0:05:09.810536 - TCO pred_orn tensor([[[-0.7886,  0.4529,  0.4159, -0.0100],
         [-0.5697, -0.7927, -0.2169,  0.0062],
         [ 0.2314, -0.4080,  0.8832,  0.1920],
         [ 0.0000,  0.0000,  0.0000,  1.0000]]], device='cuda:0',
       grad_fn=<CopySlices>)
0:05:09.811435 - TCO pred_xy tensor([[[-0.7893,  0.4511,  0.4165, -0.0151],
         [-0.5688, -0.7927, -0.2192,  0.0079],
         [ 0.2313, -0.4099,  0.8823,  0.1920],
         [ 0.0000,  0.0000,  0.0000,  1.0000]]], device='cuda:0',
       grad_fn=<CopySlices>)
0:05:09.812323 - TCO pred_z tensor([[[-0.7893,  0.4511,  0.4165, -0.0100],
         [-0.5688, -0.7927, -0.2192,  0.0062],
         [ 0.2313, -0.4099,  0.8823,  0.1736],
         [ 0.0000,  0.0000,  0.0000,  1.0000]]], device='cuda:0',
       grad_fn=<CopySlices>)
0:05:09.812970 - loss orn tensor([1.1263e-05], device='cuda:0', grad_fn=<MinBackward0>)
0:05:09.813600 - loss xy tensor([0.0023], device='cuda:0', grad_fn=<MinBackward0>)
0:05:09.814210 - loss z tensor([0.0061], device='cuda:0', grad_fn=<MinBackward0>)
  0%|                                        | 0/1 [00:00<?, ?it/s, loss=0.0084]100%|████████████████████████████████| 1/1 [00:00<00:00,  4.41it/s, loss=0.0084]100%|████████████████████████████████| 1/1 [00:00<00:00,  4.40it/s, loss=0.0084]
0:05:09.578108 - saving /home/ubuntu/synthetic_pose_estimation/cosypose/local_data/experiments/bracket_assembly_debug_nut_nosym_coarse_noaug--938962 589
  0%|                                                     | 0/1 [00:00<?, ?it/s]0:05:09.993621 - iteration 0
0:05:10.036949 - outputs, {'pose': tensor([[-1.0160, -0.7319,  0.2924,  0.5672, -0.6331, -0.4242,  4.0542, -1.6863,
          0.6444]], device='cuda:0', grad_fn=<AddmmBackward0>)}
0:05:10.038518 - model_outputs {'pose': tensor([[-1.0160, -0.7319,  0.2924,  0.5672, -0.6331, -0.4242,  4.0542, -1.6863,
          0.6444]], device='cuda:0', grad_fn=<AddmmBackward0>)}
0:05:10.039285 - K crop tensor([[[1.7122e+03, 0.0000e+00, 2.5591e+02],
         [0.0000e+00, 1.7122e+03, 2.4966e+01],
         [0.0000e+00, 0.0000e+00, 1.0000e+00]]], device='cuda:0')
0:05:10.040118 - TCO_input tensor([[[ 1.0000,  0.0000,  0.0000, -0.0161],
         [ 0.0000,  1.0000,  0.0000,  0.0158],
         [ 0.0000,  0.0000,  1.0000,  0.2863],
         [ 0.0000,  0.0000,  0.0000,  1.0000]]], device='cuda:0')
0:05:10.041009 - model tco output tensor([[[-0.7901,  0.4524,  0.4135, -0.0100],
         [-0.5692, -0.7919, -0.2212,  0.0100],
         [ 0.2274, -0.4102,  0.8832,  0.1845],
         [ 0.0000,  0.0000,  0.0000,  1.0000]]], device='cuda:0',
       grad_fn=<CopySlices>)
0:05:10.080873 - Wrote debug data: /home/ubuntu/synthetic_pose_estimation/cosypose/local_data/debug_data/debug_iter=1.pth.tar
0:05:10.294419 - TCO_input tensor([[[ 1.0000,  0.0000,  0.0000, -0.0161],
         [ 0.0000,  1.0000,  0.0000,  0.0158],
         [ 0.0000,  0.0000,  1.0000,  0.2863],
         [ 0.0000,  0.0000,  0.0000,  1.0000]]], device='cuda:0')
0:05:10.295549 - vxvyvz tensor([[ 4.0542, -1.6863,  0.6444]], device='cuda:0',
       grad_fn=<SliceBackward0>)
0:05:10.296562 - dR tensor([[[-0.7901,  0.4524,  0.4135],
         [-0.5692, -0.7919, -0.2212],
         [ 0.2274, -0.4102,  0.8832]]], device='cuda:0',
       grad_fn=<StackBackward0>)
0:05:10.297497 - fxfy tensor([[1712.2351, 1712.2351]], device='cuda:0')
0:05:10.300008 - TCO_gt tensor([[[-0.7893,  0.4511,  0.4165, -0.0100],
         [-0.5688, -0.7927, -0.2192,  0.0062],
         [ 0.2313, -0.4099,  0.8823,  0.1920],
         [ 0.0000,  0.0000,  0.0000,  1.0000]]], device='cuda:0')
0:05:10.300937 - TCO pred_orn tensor([[[-0.7901,  0.4524,  0.4135, -0.0100],
         [-0.5692, -0.7919, -0.2212,  0.0062],
         [ 0.2274, -0.4102,  0.8832,  0.1920],
         [ 0.0000,  0.0000,  0.0000,  1.0000]]], device='cuda:0',
       grad_fn=<CopySlices>)
0:05:10.301855 - TCO pred_xy tensor([[[-0.7893,  0.4511,  0.4165, -0.0104],
         [-0.5688, -0.7927, -0.2192,  0.0104],
         [ 0.2313, -0.4099,  0.8823,  0.1920],
         [ 0.0000,  0.0000,  0.0000,  1.0000]]], device='cuda:0',
       grad_fn=<CopySlices>)
0:05:10.302769 - TCO pred_z tensor([[[-0.7893,  0.4511,  0.4165, -0.0100],
         [-0.5688, -0.7927, -0.2192,  0.0062],
         [ 0.2313, -0.4099,  0.8823,  0.1845],
         [ 0.0000,  0.0000,  0.0000,  1.0000]]], device='cuda:0',
       grad_fn=<CopySlices>)
0:05:10.303410 - loss orn tensor([1.5523e-05], device='cuda:0', grad_fn=<MinBackward0>)
0:05:10.304025 - loss xy tensor([0.0015], device='cuda:0', grad_fn=<MinBackward0>)
0:05:10.304634 - loss z tensor([0.0025], device='cuda:0', grad_fn=<MinBackward0>)
  0%|                                       | 0/1 [00:00<?, ?it/s, loss=0.00404]100%|███████████████████████████████| 1/1 [00:00<00:00,  4.58it/s, loss=0.00404]100%|███████████████████████████████| 1/1 [00:00<00:00,  4.57it/s, loss=0.00404]
  0%|                                                     | 0/1 [00:00<?, ?it/s]0:05:10.211717 - iteration 0
0:05:10.248341 - outputs, {'pose': tensor([[-0.8098, -0.5823,  0.3471,  0.6794, -0.4479, -0.2863,  2.8464, -1.5304,
          0.8344]], device='cuda:0')}
0:05:10.249886 - model_outputs {'pose': tensor([[-0.8098, -0.5823,  0.3471,  0.6794, -0.4479, -0.2863,  2.8464, -1.5304,
          0.8344]], device='cuda:0')}
0:05:10.250636 - K crop tensor([[[1.8562e+03, 0.0000e+00, 2.4703e+02],
         [0.0000e+00, 1.8562e+03, 3.1864e+01],
         [0.0000e+00, 0.0000e+00, 1.0000e+00]]], device='cuda:0')
0:05:10.251466 - TCO_input tensor([[[ 1.0000,  0.0000,  0.0000, -0.0146],
         [ 0.0000,  1.0000,  0.0000,  0.0146],
         [ 0.0000,  0.0000,  1.0000,  0.3089],
         [ 0.0000,  0.0000,  0.0000,  1.0000]]], device='cuda:0')
0:05:10.252353 - model tco output tensor([[[-0.7668,  0.5090,  0.3910, -0.0118],
         [-0.5514, -0.8343,  0.0048,  0.0120],
         [ 0.3286, -0.2119,  0.9204,  0.2577],
         [ 0.0000,  0.0000,  0.0000,  1.0000]]], device='cuda:0')
0:05:10.291617 - Wrote debug data: /home/ubuntu/synthetic_pose_estimation/cosypose/local_data/debug_data/debug_iter=1.pth.tar
0:05:10.503662 - TCO_input tensor([[[ 1.0000,  0.0000,  0.0000, -0.0146],
         [ 0.0000,  1.0000,  0.0000,  0.0146],
         [ 0.0000,  0.0000,  1.0000,  0.3089],
         [ 0.0000,  0.0000,  0.0000,  1.0000]]], device='cuda:0')
0:05:10.504736 - vxvyvz tensor([[ 2.8464, -1.5304,  0.8344]], device='cuda:0')
0:05:10.505758 - dR tensor([[[-0.7668,  0.5090,  0.3910],
         [-0.5514, -0.8343,  0.0048],
         [ 0.3286, -0.2119,  0.9204]]], device='cuda:0')
0:05:10.506624 - fxfy tensor([[1856.2307, 1856.2308]], device='cuda:0')
0:05:10.508941 - TCO_gt tensor([[[-0.7893,  0.4511,  0.4165, -0.0100],
         [-0.5688, -0.7927, -0.2192,  0.0062],
         [ 0.2313, -0.4099,  0.8823,  0.1920],
         [ 0.0000,  0.0000,  0.0000,  1.0000]]], device='cuda:0')
0:05:10.509868 - TCO pred_orn tensor([[[-0.7668,  0.5090,  0.3910, -0.0100],
         [-0.5514, -0.8343,  0.0048,  0.0062],
         [ 0.3286, -0.2119,  0.9204,  0.1920],
         [ 0.0000,  0.0000,  0.0000,  1.0000]]], device='cuda:0')
0:05:10.510765 - TCO pred_xy tensor([[[-0.7893,  0.4511,  0.4165, -0.0088],
         [-0.5688, -0.7927, -0.2192,  0.0089],
         [ 0.2313, -0.4099,  0.8823,  0.1920],
         [ 0.0000,  0.0000,  0.0000,  1.0000]]], device='cuda:0')
0:05:10.511657 - TCO pred_z tensor([[[-0.7893,  0.4511,  0.4165, -0.0100],
         [-0.5688, -0.7927, -0.2192,  0.0062],
         [ 0.2313, -0.4099,  0.8823,  0.2577],
         [ 0.0000,  0.0000,  0.0000,  1.0000]]], device='cuda:0')
0:05:10.512308 - loss orn tensor([0.0009], device='cuda:0')
0:05:10.512938 - loss xy tensor([0.0013], device='cuda:0')
0:05:10.513584 - loss z tensor([0.0219], device='cuda:0')
100%|█████████████████████████████████████████████| 1/1 [00:00<00:00,  8.29it/s]100%|█████████████████████████████████████████████| 1/1 [00:00<00:00,  8.27it/s]
0:05:10.206213 - saving /home/ubuntu/synthetic_pose_estimation/cosypose/local_data/experiments/bracket_assembly_debug_nut_nosym_coarse_noaug--938962 590
  0%|                                                     | 0/1 [00:00<?, ?it/s]0:05:10.617947 - iteration 0
0:05:10.661412 - outputs, {'pose': tensor([[-1.0112, -0.7278,  0.2977,  0.5678, -0.6335, -0.4265,  4.0455, -1.6769,
          0.6503]], device='cuda:0', grad_fn=<AddmmBackward0>)}
0:05:10.663198 - model_outputs {'pose': tensor([[-1.0112, -0.7278,  0.2977,  0.5678, -0.6335, -0.4265,  4.0455, -1.6769,
          0.6503]], device='cuda:0', grad_fn=<AddmmBackward0>)}
0:05:10.663958 - K crop tensor([[[ 1.7600e+03,  0.0000e+00,  2.2432e+02],
         [ 0.0000e+00,  1.7600e+03, -2.1754e+01],
         [ 0.0000e+00,  0.0000e+00,  1.0000e+00]]], device='cuda:0')
0:05:10.664771 - TCO_input tensor([[[ 1.0000,  0.0000,  0.0000, -0.0109],
         [ 0.0000,  1.0000,  0.0000,  0.0238],
         [ 0.0000,  0.0000,  1.0000,  0.2970],
         [ 0.0000,  0.0000,  0.0000,  1.0000]]], device='cuda:0')
0:05:10.665668 - model tco output tensor([[[-0.7894,  0.4500,  0.4175, -0.0067],
         [-0.5682, -0.7931, -0.2194,  0.0153],
         [ 0.2324, -0.4105,  0.8818,  0.1931],
         [ 0.0000,  0.0000,  0.0000,  1.0000]]], device='cuda:0',
       grad_fn=<CopySlices>)
0:05:10.707271 - Wrote debug data: /home/ubuntu/synthetic_pose_estimation/cosypose/local_data/debug_data/debug_iter=1.pth.tar
0:05:10.918085 - TCO_input tensor([[[ 1.0000,  0.0000,  0.0000, -0.0109],
         [ 0.0000,  1.0000,  0.0000,  0.0238],
         [ 0.0000,  0.0000,  1.0000,  0.2970],
         [ 0.0000,  0.0000,  0.0000,  1.0000]]], device='cuda:0')
0:05:10.919179 - vxvyvz tensor([[ 4.0455, -1.6769,  0.6503]], device='cuda:0',
       grad_fn=<SliceBackward0>)
0:05:10.920196 - dR tensor([[[-0.7894,  0.4500,  0.4175],
         [-0.5682, -0.7931, -0.2194],
         [ 0.2324, -0.4105,  0.8818]]], device='cuda:0',
       grad_fn=<StackBackward0>)
0:05:10.921062 - fxfy tensor([[1759.9843, 1759.9843]], device='cuda:0')
0:05:10.923530 - TCO_gt tensor([[[-0.7893,  0.4511,  0.4165, -0.0100],
         [-0.5688, -0.7927, -0.2192,  0.0062],
         [ 0.2313, -0.4099,  0.8823,  0.1920],
         [ 0.0000,  0.0000,  0.0000,  1.0000]]], device='cuda:0')
0:05:10.924420 - TCO pred_orn tensor([[[-0.7894,  0.4500,  0.4175, -0.0100],
         [-0.5682, -0.7931, -0.2194,  0.0062],
         [ 0.2324, -0.4105,  0.8818,  0.1920],
         [ 0.0000,  0.0000,  0.0000,  1.0000]]], device='cuda:0',
       grad_fn=<CopySlices>)
0:05:10.925346 - TCO pred_xy tensor([[[-0.7893,  0.4511,  0.4165, -0.0066],
         [-0.5688, -0.7927, -0.2192,  0.0152],
         [ 0.2313, -0.4099,  0.8823,  0.1920],
         [ 0.0000,  0.0000,  0.0000,  1.0000]]], device='cuda:0',
       grad_fn=<CopySlices>)
0:05:10.926222 - TCO pred_z tensor([[[-0.7893,  0.4511,  0.4165, -0.0100],
         [-0.5688, -0.7927, -0.2192,  0.0062],
         [ 0.2313, -0.4099,  0.8823,  0.1931],
         [ 0.0000,  0.0000,  0.0000,  1.0000]]], device='cuda:0',
       grad_fn=<CopySlices>)
0:05:10.926855 - loss orn tensor([6.4768e-06], device='cuda:0', grad_fn=<MinBackward0>)
0:05:10.927450 - loss xy tensor([0.0041], device='cuda:0', grad_fn=<MinBackward0>)
0:05:10.928056 - loss z tensor([0.0004], device='cuda:0', grad_fn=<MinBackward0>)
  0%|                                       | 0/1 [00:00<?, ?it/s, loss=0.00454]100%|███████████████████████████████| 1/1 [00:00<00:00,  4.68it/s, loss=0.00454]100%|███████████████████████████████| 1/1 [00:00<00:00,  4.67it/s, loss=0.00454]
0:05:10.691416 - saving /home/ubuntu/synthetic_pose_estimation/cosypose/local_data/experiments/bracket_assembly_debug_nut_nosym_coarse_noaug--938962 591
  0%|                                                     | 0/1 [00:00<?, ?it/s]0:05:11.106695 - iteration 0
0:05:11.149797 - outputs, {'pose': tensor([[-1.0136, -0.7270,  0.2936,  0.5638, -0.6273, -0.4230,  4.0322, -1.6707,
          0.6291]], device='cuda:0', grad_fn=<AddmmBackward0>)}
0:05:11.151374 - model_outputs {'pose': tensor([[-1.0136, -0.7270,  0.2936,  0.5638, -0.6273, -0.4230,  4.0322, -1.6707,
          0.6291]], device='cuda:0', grad_fn=<AddmmBackward0>)}
0:05:11.152130 - K crop tensor([[[1.8818e+03, 0.0000e+00, 3.0844e+02],
         [0.0000e+00, 1.8818e+03, 5.9374e+01],
         [0.0000e+00, 0.0000e+00, 1.0000e+00]]], device='cuda:0')
0:05:11.152977 - TCO_input tensor([[[ 1.0000,  0.0000,  0.0000, -0.0246],
         [ 0.0000,  1.0000,  0.0000,  0.0099],
         [ 0.0000,  0.0000,  1.0000,  0.3112],
         [ 0.0000,  0.0000,  0.0000,  1.0000]]], device='cuda:0')
0:05:11.153883 - model tco output tensor([[[-0.7910,  0.4497,  0.4149, -0.0151],
         [-0.5673, -0.7930, -0.2221,  0.0061],
         [ 0.2291, -0.4110,  0.8823,  0.1958],
         [ 0.0000,  0.0000,  0.0000,  1.0000]]], device='cuda:0',
       grad_fn=<CopySlices>)
0:05:11.191832 - Wrote debug data: /home/ubuntu/synthetic_pose_estimation/cosypose/local_data/debug_data/debug_iter=1.pth.tar
0:05:11.404514 - TCO_input tensor([[[ 1.0000,  0.0000,  0.0000, -0.0246],
         [ 0.0000,  1.0000,  0.0000,  0.0099],
         [ 0.0000,  0.0000,  1.0000,  0.3112],
         [ 0.0000,  0.0000,  0.0000,  1.0000]]], device='cuda:0')
0:05:11.405492 - vxvyvz tensor([[ 4.0322, -1.6707,  0.6291]], device='cuda:0',
       grad_fn=<SliceBackward0>)
0:05:11.406498 - dR tensor([[[-0.7910,  0.4497,  0.4149],
         [-0.5673, -0.7930, -0.2221],
         [ 0.2291, -0.4110,  0.8823]]], device='cuda:0',
       grad_fn=<StackBackward0>)
0:05:11.407354 - fxfy tensor([[1881.8362, 1881.8361]], device='cuda:0')
0:05:11.409830 - TCO_gt tensor([[[-0.7893,  0.4511,  0.4165, -0.0100],
         [-0.5688, -0.7927, -0.2192,  0.0062],
         [ 0.2313, -0.4099,  0.8823,  0.1920],
         [ 0.0000,  0.0000,  0.0000,  1.0000]]], device='cuda:0')
0:05:11.410742 - TCO pred_orn tensor([[[-0.7910,  0.4497,  0.4149, -0.0100],
         [-0.5673, -0.7930, -0.2221,  0.0062],
         [ 0.2291, -0.4110,  0.8823,  0.1920],
         [ 0.0000,  0.0000,  0.0000,  1.0000]]], device='cuda:0',
       grad_fn=<CopySlices>)
0:05:11.411659 - TCO pred_xy tensor([[[-0.7893,  0.4511,  0.4165, -0.0148],
         [-0.5688, -0.7927, -0.2192,  0.0060],
         [ 0.2313, -0.4099,  0.8823,  0.1920],
         [ 0.0000,  0.0000,  0.0000,  1.0000]]], device='cuda:0',
       grad_fn=<CopySlices>)
0:05:11.412537 - TCO pred_z tensor([[[-0.7893,  0.4511,  0.4165, -0.0100],
         [-0.5688, -0.7927, -0.2192,  0.0062],
         [ 0.2313, -0.4099,  0.8823,  0.1958],
         [ 0.0000,  0.0000,  0.0000,  1.0000]]], device='cuda:0',
       grad_fn=<CopySlices>)
0:05:11.413170 - loss orn tensor([1.4022e-05], device='cuda:0', grad_fn=<MinBackward0>)
0:05:11.413799 - loss xy tensor([0.0017], device='cuda:0', grad_fn=<MinBackward0>)
0:05:11.414409 - loss z tensor([0.0013], device='cuda:0', grad_fn=<MinBackward0>)
  0%|                                       | 0/1 [00:00<?, ?it/s, loss=0.00295]100%|███████████████████████████████| 1/1 [00:00<00:00,  4.66it/s, loss=0.00295]100%|███████████████████████████████| 1/1 [00:00<00:00,  4.65it/s, loss=0.00295]
0:05:11.190400 - saving /home/ubuntu/synthetic_pose_estimation/cosypose/local_data/experiments/bracket_assembly_debug_nut_nosym_coarse_noaug--938962 592
  0%|                                                     | 0/1 [00:00<?, ?it/s]0:05:11.605505 - iteration 0
0:05:11.649240 - outputs, {'pose': tensor([[-1.0114, -0.7253,  0.2954,  0.5531, -0.6307, -0.4168,  4.0284, -1.6733,
          0.6451]], device='cuda:0', grad_fn=<AddmmBackward0>)}
0:05:11.650919 - model_outputs {'pose': tensor([[-1.0114, -0.7253,  0.2954,  0.5531, -0.6307, -0.4168,  4.0284, -1.6733,
          0.6451]], device='cuda:0', grad_fn=<AddmmBackward0>)}
0:05:11.651700 - K crop tensor([[[1.6648e+03, 0.0000e+00, 2.8143e+02],
         [0.0000e+00, 1.6648e+03, 8.9176e+01],
         [0.0000e+00, 0.0000e+00, 1.0000e+00]]], device='cuda:0')
0:05:11.652555 - TCO_input tensor([[[ 1.0000,  0.0000,  0.0000, -0.0201],
         [ 0.0000,  1.0000,  0.0000,  0.0050],
         [ 0.0000,  0.0000,  1.0000,  0.2744],
         [ 0.0000,  0.0000,  0.0000,  1.0000]]], device='cuda:0')
0:05:11.654118 - model tco output tensor([[[-0.7907,  0.4499,  0.4152, -0.0125],
         [-0.5670, -0.7940, -0.2194,  0.0030],
         [ 0.2309, -0.4089,  0.8829,  0.1770],
         [ 0.0000,  0.0000,  0.0000,  1.0000]]], device='cuda:0',
       grad_fn=<CopySlices>)
0:05:11.692567 - Wrote debug data: /home/ubuntu/synthetic_pose_estimation/cosypose/local_data/debug_data/debug_iter=1.pth.tar
0:05:11.909123 - TCO_input tensor([[[ 1.0000,  0.0000,  0.0000, -0.0201],
         [ 0.0000,  1.0000,  0.0000,  0.0050],
         [ 0.0000,  0.0000,  1.0000,  0.2744],
         [ 0.0000,  0.0000,  0.0000,  1.0000]]], device='cuda:0')
0:05:11.910352 - vxvyvz tensor([[ 4.0284, -1.6733,  0.6451]], device='cuda:0',
       grad_fn=<SliceBackward0>)
0:05:11.911411 - dR tensor([[[-0.7907,  0.4499,  0.4152],
         [-0.5670, -0.7940, -0.2194],
         [ 0.2309, -0.4089,  0.8829]]], device='cuda:0',
       grad_fn=<StackBackward0>)
0:05:11.912280 - fxfy tensor([[1664.8188, 1664.8190]], device='cuda:0')
0:05:11.914835 - TCO_gt tensor([[[-0.7893,  0.4511,  0.4165, -0.0100],
         [-0.5688, -0.7927, -0.2192,  0.0062],
         [ 0.2313, -0.4099,  0.8823,  0.1920],
         [ 0.0000,  0.0000,  0.0000,  1.0000]]], device='cuda:0')
0:05:11.915761 - TCO pred_orn tensor([[[-0.7907,  0.4499,  0.4152, -0.0100],
         [-0.5670, -0.7940, -0.2194,  0.0062],
         [ 0.2309, -0.4089,  0.8829,  0.1920],
         [ 0.0000,  0.0000,  0.0000,  1.0000]]], device='cuda:0',
       grad_fn=<CopySlices>)
0:05:11.916646 - TCO pred_xy tensor([[[-0.7893,  0.4511,  0.4165, -0.0136],
         [-0.5688, -0.7927, -0.2192,  0.0033],
         [ 0.2313, -0.4099,  0.8823,  0.1920],
         [ 0.0000,  0.0000,  0.0000,  1.0000]]], device='cuda:0',
       grad_fn=<CopySlices>)
0:05:11.917597 - TCO pred_z tensor([[[-0.7893,  0.4511,  0.4165, -0.0100],
         [-0.5688, -0.7927, -0.2192,  0.0062],
         [ 0.2313, -0.4099,  0.8823,  0.1770],
         [ 0.0000,  0.0000,  0.0000,  1.0000]]], device='cuda:0',
       grad_fn=<CopySlices>)
0:05:11.918233 - loss orn tensor([1.0198e-05], device='cuda:0', grad_fn=<MinBackward0>)
0:05:11.918850 - loss xy tensor([0.0022], device='cuda:0', grad_fn=<MinBackward0>)
0:05:11.919464 - loss z tensor([0.0050], device='cuda:0', grad_fn=<MinBackward0>)
  0%|                                       | 0/1 [00:00<?, ?it/s, loss=0.00714]100%|███████████████████████████████| 1/1 [00:00<00:00,  4.51it/s, loss=0.00714]100%|███████████████████████████████| 1/1 [00:00<00:00,  4.50it/s, loss=0.00714]
0:05:11.697551 - saving /home/ubuntu/synthetic_pose_estimation/cosypose/local_data/experiments/bracket_assembly_debug_nut_nosym_coarse_noaug--938962 593
  0%|                                                     | 0/1 [00:00<?, ?it/s]0:05:12.112717 - iteration 0
0:05:12.156081 - outputs, {'pose': tensor([[-1.0111, -0.7220,  0.2945,  0.5630, -0.6247, -0.4137,  4.0191, -1.6690,
          0.6339]], device='cuda:0', grad_fn=<AddmmBackward0>)}
0:05:12.157707 - model_outputs {'pose': tensor([[-1.0111, -0.7220,  0.2945,  0.5630, -0.6247, -0.4137,  4.0191, -1.6690,
          0.6339]], device='cuda:0', grad_fn=<AddmmBackward0>)}
0:05:12.158480 - K crop tensor([[[1.9603e+03, 0.0000e+00, 2.6351e+02],
         [0.0000e+00, 1.9603e+03, 9.4796e+01],
         [0.0000e+00, 0.0000e+00, 1.0000e+00]]], device='cuda:0')
0:05:12.159320 - TCO_input tensor([[[ 1.0000,  0.0000,  0.0000, -0.0171],
         [ 0.0000,  1.0000,  0.0000,  0.0041],
         [ 0.0000,  0.0000,  1.0000,  0.3214],
         [ 0.0000,  0.0000,  0.0000,  1.0000]]], device='cuda:0')
0:05:12.160766 - model tco output tensor([[[-0.7919,  0.4510,  0.4117, -0.0104],
         [-0.5654, -0.7962, -0.2154,  0.0024],
         [ 0.2306, -0.4033,  0.8855,  0.2038],
         [ 0.0000,  0.0000,  0.0000,  1.0000]]], device='cuda:0',
       grad_fn=<CopySlices>)
0:05:12.198191 - Wrote debug data: /home/ubuntu/synthetic_pose_estimation/cosypose/local_data/debug_data/debug_iter=1.pth.tar
0:05:12.410455 - TCO_input tensor([[[ 1.0000,  0.0000,  0.0000, -0.0171],
         [ 0.0000,  1.0000,  0.0000,  0.0041],
         [ 0.0000,  0.0000,  1.0000,  0.3214],
         [ 0.0000,  0.0000,  0.0000,  1.0000]]], device='cuda:0')
0:05:12.411421 - vxvyvz tensor([[ 4.0191, -1.6690,  0.6339]], device='cuda:0',
       grad_fn=<SliceBackward0>)
0:05:12.412410 - dR tensor([[[-0.7919,  0.4510,  0.4117],
         [-0.5654, -0.7962, -0.2154],
         [ 0.2306, -0.4033,  0.8855]]], device='cuda:0',
       grad_fn=<StackBackward0>)
0:05:12.413299 - fxfy tensor([[1960.2731, 1960.2731]], device='cuda:0')
0:05:12.415773 - TCO_gt tensor([[[-0.7893,  0.4511,  0.4165, -0.0100],
         [-0.5688, -0.7927, -0.2192,  0.0062],
         [ 0.2313, -0.4099,  0.8823,  0.1920],
         [ 0.0000,  0.0000,  0.0000,  1.0000]]], device='cuda:0')
0:05:12.416705 - TCO pred_orn tensor([[[-0.7919,  0.4510,  0.4117, -0.0100],
         [-0.5654, -0.7962, -0.2154,  0.0062],
         [ 0.2306, -0.4033,  0.8855,  0.1920],
         [ 0.0000,  0.0000,  0.0000,  1.0000]]], device='cuda:0',
       grad_fn=<CopySlices>)
0:05:12.417620 - TCO pred_xy tensor([[[-0.7893,  0.4511,  0.4165, -0.0098],
         [-0.5688, -0.7927, -0.2192,  0.0023],
         [ 0.2313, -0.4099,  0.8823,  0.1920],
         [ 0.0000,  0.0000,  0.0000,  1.0000]]], device='cuda:0',
       grad_fn=<CopySlices>)
0:05:12.418504 - TCO pred_z tensor([[[-0.7893,  0.4511,  0.4165, -0.0100],
         [-0.5688, -0.7927, -0.2192,  0.0062],
         [ 0.2313, -0.4099,  0.8823,  0.2038],
         [ 0.0000,  0.0000,  0.0000,  1.0000]]], device='cuda:0',
       grad_fn=<CopySlices>)
0:05:12.419132 - loss orn tensor([3.0998e-05], device='cuda:0', grad_fn=<MinBackward0>)
0:05:12.419743 - loss xy tensor([0.0014], device='cuda:0', grad_fn=<MinBackward0>)
0:05:12.420356 - loss z tensor([0.0039], device='cuda:0', grad_fn=<MinBackward0>)
  0%|                                       | 0/1 [00:00<?, ?it/s, loss=0.00534]100%|███████████████████████████████| 1/1 [00:00<00:00,  4.67it/s, loss=0.00534]100%|███████████████████████████████| 1/1 [00:00<00:00,  4.66it/s, loss=0.00534]
0:05:12.172979 - saving /home/ubuntu/synthetic_pose_estimation/cosypose/local_data/experiments/bracket_assembly_debug_nut_nosym_coarse_noaug--938962 594
  0%|                                                     | 0/1 [00:00<?, ?it/s]0:05:12.588094 - iteration 0
0:05:12.632091 - outputs, {'pose': tensor([[-1.0131, -0.7269,  0.2948,  0.5553, -0.6285, -0.4170,  4.0313, -1.6780,
          0.6392]], device='cuda:0', grad_fn=<AddmmBackward0>)}
0:05:12.633797 - model_outputs {'pose': tensor([[-1.0131, -0.7269,  0.2948,  0.5553, -0.6285, -0.4170,  4.0313, -1.6780,
          0.6392]], device='cuda:0', grad_fn=<AddmmBackward0>)}
0:05:12.634616 - K crop tensor([[[1.7071e+03, 0.0000e+00, 3.0953e+02],
         [0.0000e+00, 1.7071e+03, 4.6746e+01],
         [0.0000e+00, 0.0000e+00, 1.0000e+00]]], device='cuda:0')
0:05:12.635510 - TCO_input tensor([[[ 1.0000,  0.0000,  0.0000, -0.0250],
         [ 0.0000,  1.0000,  0.0000,  0.0121],
         [ 0.0000,  0.0000,  1.0000,  0.2840],
         [ 0.0000,  0.0000,  0.0000,  1.0000]]], device='cuda:0')
0:05:12.637093 - model tco output tensor([[[-0.7907,  0.4505,  0.4146, -0.0155],
         [-0.5673, -0.7937, -0.2196,  0.0076],
         [ 0.2301, -0.4088,  0.8831,  0.1816],
         [ 0.0000,  0.0000,  0.0000,  1.0000]]], device='cuda:0',
       grad_fn=<CopySlices>)
0:05:12.677786 - Wrote debug data: /home/ubuntu/synthetic_pose_estimation/cosypose/local_data/debug_data/debug_iter=1.pth.tar
0:05:12.890345 - TCO_input tensor([[[ 1.0000,  0.0000,  0.0000, -0.0250],
         [ 0.0000,  1.0000,  0.0000,  0.0121],
         [ 0.0000,  0.0000,  1.0000,  0.2840],
         [ 0.0000,  0.0000,  0.0000,  1.0000]]], device='cuda:0')
0:05:12.891410 - vxvyvz tensor([[ 4.0313, -1.6780,  0.6392]], device='cuda:0',
       grad_fn=<SliceBackward0>)
0:05:12.892445 - dR tensor([[[-0.7907,  0.4505,  0.4146],
         [-0.5673, -0.7937, -0.2196],
         [ 0.2301, -0.4088,  0.8831]]], device='cuda:0',
       grad_fn=<StackBackward0>)
0:05:12.893377 - fxfy tensor([[1707.0935, 1707.0938]], device='cuda:0')
0:05:12.895835 - TCO_gt tensor([[[-0.7893,  0.4511,  0.4165, -0.0100],
         [-0.5688, -0.7927, -0.2192,  0.0062],
         [ 0.2313, -0.4099,  0.8823,  0.1920],
         [ 0.0000,  0.0000,  0.0000,  1.0000]]], device='cuda:0')
0:05:12.896767 - TCO pred_orn tensor([[[-0.7907,  0.4505,  0.4146, -0.0100],
         [-0.5673, -0.7937, -0.2196,  0.0062],
         [ 0.2301, -0.4088,  0.8831,  0.1920],
         [ 0.0000,  0.0000,  0.0000,  1.0000]]], device='cuda:0',
       grad_fn=<CopySlices>)
0:05:12.897691 - TCO pred_xy tensor([[[-0.7893,  0.4511,  0.4165, -0.0164],
         [-0.5688, -0.7927, -0.2192,  0.0080],
         [ 0.2313, -0.4099,  0.8823,  0.1920],
         [ 0.0000,  0.0000,  0.0000,  1.0000]]], device='cuda:0',
       grad_fn=<CopySlices>)
0:05:12.901391 - TCO pred_z tensor([[[-0.7893,  0.4511,  0.4165, -0.0100],
         [-0.5688, -0.7927, -0.2192,  0.0062],
         [ 0.2313, -0.4099,  0.8823,  0.1816],
         [ 0.0000,  0.0000,  0.0000,  1.0000]]], device='cuda:0',
       grad_fn=<CopySlices>)
0:05:12.902130 - loss orn tensor([1.0283e-05], device='cuda:0', grad_fn=<MinBackward0>)
0:05:12.902786 - loss xy tensor([0.0027], device='cuda:0', grad_fn=<MinBackward0>)
0:05:12.903441 - loss z tensor([0.0035], device='cuda:0', grad_fn=<MinBackward0>)
  0%|                                       | 0/1 [00:00<?, ?it/s, loss=0.00622]100%|███████████████████████████████| 1/1 [00:00<00:00,  4.38it/s, loss=0.00622]100%|███████████████████████████████| 1/1 [00:00<00:00,  4.38it/s, loss=0.00622]
0:05:12.681525 - saving /home/ubuntu/synthetic_pose_estimation/cosypose/local_data/experiments/bracket_assembly_debug_nut_nosym_coarse_noaug--938962 595
  0%|                                                     | 0/1 [00:00<?, ?it/s]0:05:13.096624 - iteration 0
0:05:13.140311 - outputs, {'pose': tensor([[-0.9996, -0.7261,  0.2886,  0.5597, -0.6230, -0.4221,  4.0173, -1.6613,
          0.6211]], device='cuda:0', grad_fn=<AddmmBackward0>)}
0:05:13.141988 - model_outputs {'pose': tensor([[-0.9996, -0.7261,  0.2886,  0.5597, -0.6230, -0.4221,  4.0173, -1.6613,
          0.6211]], device='cuda:0', grad_fn=<AddmmBackward0>)}
0:05:13.142814 - K crop tensor([[[1.6644e+03, 0.0000e+00, 2.1605e+02],
         [0.0000e+00, 1.6644e+03, 7.8989e+01],
         [0.0000e+00, 0.0000e+00, 1.0000e+00]]], device='cuda:0')
0:05:13.143712 - TCO_input tensor([[[ 1.0000,  0.0000,  0.0000, -0.0093],
         [ 0.0000,  1.0000,  0.0000,  0.0067],
         [ 0.0000,  0.0000,  1.0000,  0.2750],
         [ 0.0000,  0.0000,  0.0000,  1.0000]]], device='cuda:0')
0:05:13.145263 - model tco output tensor([[[-0.7879,  0.4537,  0.4165, -0.0054],
         [-0.5723, -0.7891, -0.2230,  0.0040],
         [ 0.2275, -0.4141,  0.8814,  0.1708],
         [ 0.0000,  0.0000,  0.0000,  1.0000]]], device='cuda:0',
       grad_fn=<CopySlices>)
0:05:13.185274 - Wrote debug data: /home/ubuntu/synthetic_pose_estimation/cosypose/local_data/debug_data/debug_iter=1.pth.tar
0:05:13.398994 - TCO_input tensor([[[ 1.0000,  0.0000,  0.0000, -0.0093],
         [ 0.0000,  1.0000,  0.0000,  0.0067],
         [ 0.0000,  0.0000,  1.0000,  0.2750],
         [ 0.0000,  0.0000,  0.0000,  1.0000]]], device='cuda:0')
0:05:13.399996 - vxvyvz tensor([[ 4.0173, -1.6613,  0.6211]], device='cuda:0',
       grad_fn=<SliceBackward0>)
0:05:13.401032 - dR tensor([[[-0.7879,  0.4537,  0.4165],
         [-0.5723, -0.7891, -0.2230],
         [ 0.2275, -0.4141,  0.8814]]], device='cuda:0',
       grad_fn=<StackBackward0>)
0:05:13.401966 - fxfy tensor([[1664.3954, 1664.3958]], device='cuda:0')
0:05:13.404548 - TCO_gt tensor([[[-0.7893,  0.4511,  0.4165, -0.0100],
         [-0.5688, -0.7927, -0.2192,  0.0062],
         [ 0.2313, -0.4099,  0.8823,  0.1920],
         [ 0.0000,  0.0000,  0.0000,  1.0000]]], device='cuda:0')
0:05:13.405543 - TCO pred_orn tensor([[[-0.7879,  0.4537,  0.4165, -0.0100],
         [-0.5723, -0.7891, -0.2230,  0.0062],
         [ 0.2275, -0.4141,  0.8814,  0.1920],
         [ 0.0000,  0.0000,  0.0000,  1.0000]]], device='cuda:0',
       grad_fn=<CopySlices>)
0:05:13.406486 - TCO pred_xy tensor([[[-0.7893,  0.4511,  0.4165, -0.0061],
         [-0.5688, -0.7927, -0.2192,  0.0045],
         [ 0.2313, -0.4099,  0.8823,  0.1920],
         [ 0.0000,  0.0000,  0.0000,  1.0000]]], device='cuda:0',
       grad_fn=<CopySlices>)
0:05:13.407462 - TCO pred_z tensor([[[-0.7893,  0.4511,  0.4165, -0.0100],
         [-0.5688, -0.7927, -0.2192,  0.0062],
         [ 0.2313, -0.4099,  0.8823,  0.1708],
         [ 0.0000,  0.0000,  0.0000,  1.0000]]], device='cuda:0',
       grad_fn=<CopySlices>)
0:05:13.408165 - loss orn tensor([2.7633e-05], device='cuda:0', grad_fn=<MinBackward0>)
0:05:13.408835 - loss xy tensor([0.0019], device='cuda:0', grad_fn=<MinBackward0>)
0:05:13.409532 - loss z tensor([0.0070], device='cuda:0', grad_fn=<MinBackward0>)
  0%|                                       | 0/1 [00:00<?, ?it/s, loss=0.00895]100%|███████████████████████████████| 1/1 [00:00<00:00,  4.38it/s, loss=0.00895]100%|███████████████████████████████| 1/1 [00:00<00:00,  4.37it/s, loss=0.00895]
0:05:13.181421 - saving /home/ubuntu/synthetic_pose_estimation/cosypose/local_data/experiments/bracket_assembly_debug_nut_nosym_coarse_noaug--938962 596
  0%|                                                     | 0/1 [00:00<?, ?it/s]0:05:13.596501 - iteration 0
0:05:13.640033 - outputs, {'pose': tensor([[-1.0126, -0.7315,  0.2947,  0.5626, -0.6330, -0.4247,  4.0410, -1.6741,
          0.6389]], device='cuda:0', grad_fn=<AddmmBackward0>)}
0:05:13.641709 - model_outputs {'pose': tensor([[-1.0126, -0.7315,  0.2947,  0.5626, -0.6330, -0.4247,  4.0410, -1.6741,
          0.6389]], device='cuda:0', grad_fn=<AddmmBackward0>)}
0:05:13.642540 - K crop tensor([[[1.7331e+03, 0.0000e+00, 2.5289e+02],
         [0.0000e+00, 1.7331e+03, 8.8045e+01],
         [0.0000e+00, 0.0000e+00, 1.0000e+00]]], device='cuda:0')
0:05:13.643445 - TCO_input tensor([[[ 1.0000,  0.0000,  0.0000, -0.0154],
         [ 0.0000,  1.0000,  0.0000,  0.0052],
         [ 0.0000,  0.0000,  1.0000,  0.2854],
         [ 0.0000,  0.0000,  0.0000,  1.0000]]], device='cuda:0')
0:05:13.644965 - model tco output tensor([[[-0.7890,  0.4516,  0.4166, -0.0094],
         [-0.5699, -0.7913, -0.2214,  0.0031],
         [ 0.2296, -0.4121,  0.8817,  0.1824],
         [ 0.0000,  0.0000,  0.0000,  1.0000]]], device='cuda:0',
       grad_fn=<CopySlices>)
0:05:13.683730 - Wrote debug data: /home/ubuntu/synthetic_pose_estimation/cosypose/local_data/debug_data/debug_iter=1.pth.tar
0:05:13.899399 - TCO_input tensor([[[ 1.0000,  0.0000,  0.0000, -0.0154],
         [ 0.0000,  1.0000,  0.0000,  0.0052],
         [ 0.0000,  0.0000,  1.0000,  0.2854],
         [ 0.0000,  0.0000,  0.0000,  1.0000]]], device='cuda:0')
0:05:13.900527 - vxvyvz tensor([[ 4.0410, -1.6741,  0.6389]], device='cuda:0',
       grad_fn=<SliceBackward0>)
0:05:13.901616 - dR tensor([[[-0.7890,  0.4516,  0.4166],
         [-0.5699, -0.7913, -0.2214],
         [ 0.2296, -0.4121,  0.8817]]], device='cuda:0',
       grad_fn=<StackBackward0>)
0:05:13.902527 - fxfy tensor([[1733.0737, 1733.0734]], device='cuda:0')
0:05:13.905078 - TCO_gt tensor([[[-0.7893,  0.4511,  0.4165, -0.0100],
         [-0.5688, -0.7927, -0.2192,  0.0062],
         [ 0.2313, -0.4099,  0.8823,  0.1920],
         [ 0.0000,  0.0000,  0.0000,  1.0000]]], device='cuda:0')
0:05:13.906063 - TCO pred_orn tensor([[[-0.7890,  0.4516,  0.4166, -0.0100],
         [-0.5699, -0.7913, -0.2214,  0.0062],
         [ 0.2296, -0.4121,  0.8817,  0.1920],
         [ 0.0000,  0.0000,  0.0000,  1.0000]]], device='cuda:0',
       grad_fn=<CopySlices>)
0:05:13.907010 - TCO pred_xy tensor([[[-0.7893,  0.4511,  0.4165, -0.0099],
         [-0.5688, -0.7927, -0.2192,  0.0033],
         [ 0.2313, -0.4099,  0.8823,  0.1920],
         [ 0.0000,  0.0000,  0.0000,  1.0000]]], device='cuda:0',
       grad_fn=<CopySlices>)
0:05:13.907941 - TCO pred_z tensor([[[-0.7893,  0.4511,  0.4165, -0.0100],
         [-0.5688, -0.7927, -0.2192,  0.0062],
         [ 0.2313, -0.4099,  0.8823,  0.1824],
         [ 0.0000,  0.0000,  0.0000,  1.0000]]], device='cuda:0',
       grad_fn=<CopySlices>)
0:05:13.908618 - loss orn tensor([1.0788e-05], device='cuda:0', grad_fn=<MinBackward0>)
0:05:13.909317 - loss xy tensor([0.0010], device='cuda:0', grad_fn=<MinBackward0>)
0:05:13.909980 - loss z tensor([0.0032], device='cuda:0', grad_fn=<MinBackward0>)
  0%|                                        | 0/1 [00:00<?, ?it/s, loss=0.0042]100%|████████████████████████████████| 1/1 [00:00<00:00,  4.50it/s, loss=0.0042]100%|████████████████████████████████| 1/1 [00:00<00:00,  4.49it/s, loss=0.0042]
0:05:13.681345 - saving /home/ubuntu/synthetic_pose_estimation/cosypose/local_data/experiments/bracket_assembly_debug_nut_nosym_coarse_noaug--938962 597
  0%|                                                     | 0/1 [00:00<?, ?it/s]0:05:14.096487 - iteration 0
0:05:14.141120 - outputs, {'pose': tensor([[-1.0122, -0.7379,  0.2975,  0.5589, -0.6312, -0.4179,  4.0476, -1.6793,
          0.6394]], device='cuda:0', grad_fn=<AddmmBackward0>)}
0:05:14.142771 - model_outputs {'pose': tensor([[-1.0122, -0.7379,  0.2975,  0.5589, -0.6312, -0.4179,  4.0476, -1.6793,
          0.6394]], device='cuda:0', grad_fn=<AddmmBackward0>)}
0:05:14.143588 - K crop tensor([[[1.5602e+03, 0.0000e+00, 1.9673e+02],
         [0.0000e+00, 1.5602e+03, 3.0926e+01],
         [0.0000e+00, 0.0000e+00, 1.0000e+00]]], device='cuda:0')
0:05:14.144512 - TCO_input tensor([[[ 1.0000,  0.0000,  0.0000, -0.0062],
         [ 0.0000,  1.0000,  0.0000,  0.0148],
         [ 0.0000,  0.0000,  1.0000,  0.2615],
         [ 0.0000,  0.0000,  0.0000,  1.0000]]], device='cuda:0')
0:05:14.145471 - model tco output tensor([[[-0.7862,  0.4563,  0.4168, -0.0036],
         [-0.5732, -0.7906, -0.2156,  0.0093],
         [ 0.2311, -0.4084,  0.8831,  0.1672],
         [ 0.0000,  0.0000,  0.0000,  1.0000]]], device='cuda:0',
       grad_fn=<CopySlices>)
0:05:14.186652 - Wrote debug data: /home/ubuntu/synthetic_pose_estimation/cosypose/local_data/debug_data/debug_iter=1.pth.tar
0:05:14.401912 - TCO_input tensor([[[ 1.0000,  0.0000,  0.0000, -0.0062],
         [ 0.0000,  1.0000,  0.0000,  0.0148],
         [ 0.0000,  0.0000,  1.0000,  0.2615],
         [ 0.0000,  0.0000,  0.0000,  1.0000]]], device='cuda:0')
0:05:14.403039 - vxvyvz tensor([[ 4.0476, -1.6793,  0.6394]], device='cuda:0',
       grad_fn=<SliceBackward0>)
0:05:14.404062 - dR tensor([[[-0.7862,  0.4563,  0.4168],
         [-0.5732, -0.7906, -0.2156],
         [ 0.2311, -0.4084,  0.8831]]], device='cuda:0',
       grad_fn=<StackBackward0>)
0:05:14.404955 - fxfy tensor([[1560.2343, 1560.2344]], device='cuda:0')
0:05:14.407500 - TCO_gt tensor([[[-0.7893,  0.4511,  0.4165, -0.0100],
         [-0.5688, -0.7927, -0.2192,  0.0062],
         [ 0.2313, -0.4099,  0.8823,  0.1920],
         [ 0.0000,  0.0000,  0.0000,  1.0000]]], device='cuda:0')
0:05:14.408423 - TCO pred_orn tensor([[[-0.7862,  0.4563,  0.4168, -0.0100],
         [-0.5732, -0.7906, -0.2156,  0.0062],
         [ 0.2311, -0.4084,  0.8831,  0.1920],
         [ 0.0000,  0.0000,  0.0000,  1.0000]]], device='cuda:0',
       grad_fn=<CopySlices>)
0:05:14.409374 - TCO pred_xy tensor([[[-0.7893,  0.4511,  0.4165, -0.0041],
         [-0.5688, -0.7927, -0.2192,  0.0107],
         [ 0.2313, -0.4099,  0.8823,  0.1920],
         [ 0.0000,  0.0000,  0.0000,  1.0000]]], device='cuda:0',
       grad_fn=<CopySlices>)
0:05:14.410287 - TCO pred_z tensor([[[-0.7893,  0.4511,  0.4165, -0.0100],
         [-0.5688, -0.7927, -0.2192,  0.0062],
         [ 0.2313, -0.4099,  0.8823,  0.1672],
         [ 0.0000,  0.0000,  0.0000,  1.0000]]], device='cuda:0',
       grad_fn=<CopySlices>)
0:05:14.410935 - loss orn tensor([2.5163e-05], device='cuda:0', grad_fn=<MinBackward0>)
0:05:14.411566 - loss xy tensor([0.0035], device='cuda:0', grad_fn=<MinBackward0>)
0:05:14.412196 - loss z tensor([0.0083], device='cuda:0', grad_fn=<MinBackward0>)
  0%|                                        | 0/1 [00:00<?, ?it/s, loss=0.0118]100%|████████████████████████████████| 1/1 [00:00<00:00,  4.49it/s, loss=0.0118]100%|████████████████████████████████| 1/1 [00:00<00:00,  4.48it/s, loss=0.0118]
0:05:14.176434 - saving /home/ubuntu/synthetic_pose_estimation/cosypose/local_data/experiments/bracket_assembly_debug_nut_nosym_coarse_noaug--938962 598
  0%|                                                     | 0/1 [00:00<?, ?it/s]0:05:14.591831 - iteration 0
0:05:14.636654 - outputs, {'pose': tensor([[-1.0067, -0.7278,  0.2996,  0.5582, -0.6274, -0.4175,  4.0388, -1.6768,
          0.6407]], device='cuda:0', grad_fn=<AddmmBackward0>)}
0:05:14.638415 - model_outputs {'pose': tensor([[-1.0067, -0.7278,  0.2996,  0.5582, -0.6274, -0.4175,  4.0388, -1.6768,
          0.6407]], device='cuda:0', grad_fn=<AddmmBackward0>)}
0:05:14.639233 - K crop tensor([[[1.7979e+03, 0.0000e+00, 2.3848e+02],
         [0.0000e+00, 1.7979e+03, 1.8878e+01],
         [0.0000e+00, 0.0000e+00, 1.0000e+00]]], device='cuda:0')
0:05:14.640687 - TCO_input tensor([[[ 1.0000,  0.0000,  0.0000, -0.0132],
         [ 0.0000,  1.0000,  0.0000,  0.0168],
         [ 0.0000,  0.0000,  1.0000,  0.3004],
         [ 0.0000,  0.0000,  0.0000,  1.0000]]], device='cuda:0')
0:05:14.641767 - model tco output tensor([[[-0.7878,  0.4522,  0.4182, -0.0080],
         [-0.5696, -0.7933, -0.2152,  0.0106],
         [ 0.2345, -0.4077,  0.8825,  0.1925],
         [ 0.0000,  0.0000,  0.0000,  1.0000]]], device='cuda:0',
       grad_fn=<CopySlices>)
0:05:14.681951 - Wrote debug data: /home/ubuntu/synthetic_pose_estimation/cosypose/local_data/debug_data/debug_iter=1.pth.tar
0:05:14.897523 - TCO_input tensor([[[ 1.0000,  0.0000,  0.0000, -0.0132],
         [ 0.0000,  1.0000,  0.0000,  0.0168],
         [ 0.0000,  0.0000,  1.0000,  0.3004],
         [ 0.0000,  0.0000,  0.0000,  1.0000]]], device='cuda:0')
0:05:14.898606 - vxvyvz tensor([[ 4.0388, -1.6768,  0.6407]], device='cuda:0',
       grad_fn=<SliceBackward0>)
0:05:14.899797 - dR tensor([[[-0.7878,  0.4522,  0.4182],
         [-0.5696, -0.7933, -0.2152],
         [ 0.2345, -0.4077,  0.8825]]], device='cuda:0',
       grad_fn=<StackBackward0>)
0:05:14.900674 - fxfy tensor([[1797.9137, 1797.9137]], device='cuda:0')
0:05:14.903209 - TCO_gt tensor([[[-0.7893,  0.4511,  0.4165, -0.0100],
         [-0.5688, -0.7927, -0.2192,  0.0062],
         [ 0.2313, -0.4099,  0.8823,  0.1920],
         [ 0.0000,  0.0000,  0.0000,  1.0000]]], device='cuda:0')
0:05:14.904176 - TCO pred_orn tensor([[[-0.7878,  0.4522,  0.4182, -0.0100],
         [-0.5696, -0.7933, -0.2152,  0.0062],
         [ 0.2345, -0.4077,  0.8825,  0.1920],
         [ 0.0000,  0.0000,  0.0000,  1.0000]]], device='cuda:0',
       grad_fn=<CopySlices>)
0:05:14.905166 - TCO pred_xy tensor([[[-0.7893,  0.4511,  0.4165, -0.0080],
         [-0.5688, -0.7927, -0.2192,  0.0106],
         [ 0.2313, -0.4099,  0.8823,  0.1920],
         [ 0.0000,  0.0000,  0.0000,  1.0000]]], device='cuda:0',
       grad_fn=<CopySlices>)
0:05:14.906097 - TCO pred_z tensor([[[-0.7893,  0.4511,  0.4165, -0.0100],
         [-0.5688, -0.7927, -0.2192,  0.0062],
         [ 0.2313, -0.4099,  0.8823,  0.1925],
         [ 0.0000,  0.0000,  0.0000,  1.0000]]], device='cuda:0',
       grad_fn=<CopySlices>)
0:05:14.906745 - loss orn tensor([1.7626e-05], device='cuda:0', grad_fn=<MinBackward0>)
0:05:14.907384 - loss xy tensor([0.0021], device='cuda:0', grad_fn=<MinBackward0>)
0:05:14.908014 - loss z tensor([0.0002], device='cuda:0', grad_fn=<MinBackward0>)
  0%|                                       | 0/1 [00:00<?, ?it/s, loss=0.00231]100%|███████████████████████████████| 1/1 [00:00<00:00,  4.45it/s, loss=0.00231]100%|███████████████████████████████| 1/1 [00:00<00:00,  4.44it/s, loss=0.00231]
0:05:14.682321 - saving /home/ubuntu/synthetic_pose_estimation/cosypose/local_data/experiments/bracket_assembly_debug_nut_nosym_coarse_noaug--938962 599
  0%|                                                     | 0/1 [00:00<?, ?it/s]0:05:15.097775 - iteration 0
0:05:15.141589 - outputs, {'pose': tensor([[-1.0102, -0.7247,  0.3019,  0.5614, -0.6295, -0.4157,  4.0268, -1.6691,
          0.6434]], device='cuda:0', grad_fn=<AddmmBackward0>)}
0:05:15.143212 - model_outputs {'pose': tensor([[-1.0102, -0.7247,  0.3019,  0.5614, -0.6295, -0.4157,  4.0268, -1.6691,
          0.6434]], device='cuda:0', grad_fn=<AddmmBackward0>)}
0:05:15.144017 - K crop tensor([[[1.8847e+03, 0.0000e+00, 2.7456e+02],
         [0.0000e+00, 1.8847e+03, 8.0476e+01],
         [0.0000e+00, 0.0000e+00, 1.0000e+00]]], device='cuda:0')
0:05:15.144942 - TCO_input tensor([[[ 1.0000,  0.0000,  0.0000, -0.0189],
         [ 0.0000,  1.0000,  0.0000,  0.0064],
         [ 0.0000,  0.0000,  1.0000,  0.3103],
         [ 0.0000,  0.0000,  0.0000,  1.0000]]], device='cuda:0')
0:05:15.146613 - model tco output tensor([[[-0.7896,  0.4506,  0.4165, -0.0118],
         [-0.5664, -0.7963, -0.2123,  0.0040],
         [ 0.2360, -0.4036,  0.8840,  0.1996],
         [ 0.0000,  0.0000,  0.0000,  1.0000]]], device='cuda:0',
       grad_fn=<CopySlices>)
0:05:15.184440 - Wrote debug data: /home/ubuntu/synthetic_pose_estimation/cosypose/local_data/debug_data/debug_iter=1.pth.tar
0:05:15.400900 - TCO_input tensor([[[ 1.0000,  0.0000,  0.0000, -0.0189],
         [ 0.0000,  1.0000,  0.0000,  0.0064],
         [ 0.0000,  0.0000,  1.0000,  0.3103],
         [ 0.0000,  0.0000,  0.0000,  1.0000]]], device='cuda:0')
0:05:15.401999 - vxvyvz tensor([[ 4.0268, -1.6691,  0.6434]], device='cuda:0',
       grad_fn=<SliceBackward0>)
0:05:15.403068 - dR tensor([[[-0.7896,  0.4506,  0.4165],
         [-0.5664, -0.7963, -0.2123],
         [ 0.2360, -0.4036,  0.8840]]], device='cuda:0',
       grad_fn=<StackBackward0>)
0:05:15.404032 - fxfy tensor([[1884.7334, 1884.7339]], device='cuda:0')
0:05:15.406623 - TCO_gt tensor([[[-0.7893,  0.4511,  0.4165, -0.0100],
         [-0.5688, -0.7927, -0.2192,  0.0062],
         [ 0.2313, -0.4099,  0.8823,  0.1920],
         [ 0.0000,  0.0000,  0.0000,  1.0000]]], device='cuda:0')
0:05:15.407583 - TCO pred_orn tensor([[[-0.7896,  0.4506,  0.4165, -0.0100],
         [-0.5664, -0.7963, -0.2123,  0.0062],
         [ 0.2360, -0.4036,  0.8840,  0.1920],
         [ 0.0000,  0.0000,  0.0000,  1.0000]]], device='cuda:0',
       grad_fn=<CopySlices>)
0:05:15.408531 - TCO pred_xy tensor([[[-0.7893,  0.4511,  0.4165, -0.0113],
         [-0.5688, -0.7927, -0.2192,  0.0038],
         [ 0.2313, -0.4099,  0.8823,  0.1920],
         [ 0.0000,  0.0000,  0.0000,  1.0000]]], device='cuda:0',
       grad_fn=<CopySlices>)
0:05:15.409546 - TCO pred_z tensor([[[-0.7893,  0.4511,  0.4165, -0.0100],
         [-0.5688, -0.7927, -0.2192,  0.0062],
         [ 0.2313, -0.4099,  0.8823,  0.1996],
         [ 0.0000,  0.0000,  0.0000,  1.0000]]], device='cuda:0',
       grad_fn=<CopySlices>)
0:05:15.410235 - loss orn tensor([2.8318e-05], device='cuda:0', grad_fn=<MinBackward0>)
0:05:15.410910 - loss xy tensor([0.0012], device='cuda:0', grad_fn=<MinBackward0>)
0:05:15.411586 - loss z tensor([0.0025], device='cuda:0', grad_fn=<MinBackward0>)
  0%|                                        | 0/1 [00:00<?, ?it/s, loss=0.0038]100%|████████████████████████████████| 1/1 [00:00<00:00,  4.51it/s, loss=0.0038]100%|████████████████████████████████| 1/1 [00:00<00:00,  4.50it/s, loss=0.0038]
  0%|                                                     | 0/1 [00:00<?, ?it/s]0:05:15.319392 - iteration 0
0:05:15.356668 - outputs, {'pose': tensor([[-0.8232, -0.5876,  0.3586,  0.6832, -0.4470, -0.3061,  2.8891, -1.5630,
          0.8712]], device='cuda:0')}
0:05:15.358256 - model_outputs {'pose': tensor([[-0.8232, -0.5876,  0.3586,  0.6832, -0.4470, -0.3061,  2.8891, -1.5630,
          0.8712]], device='cuda:0')}
0:05:15.359083 - K crop tensor([[[1.8332e+03, 0.0000e+00, 2.2411e+02],
         [0.0000e+00, 1.8332e+03, 7.6905e+01],
         [0.0000e+00, 0.0000e+00, 1.0000e+00]]], device='cuda:0')
0:05:15.359990 - TCO_input tensor([[[ 1.0000,  0.0000,  0.0000, -0.0107],
         [ 0.0000,  1.0000,  0.0000,  0.0070],
         [ 0.0000,  0.0000,  1.0000,  0.3022],
         [ 0.0000,  0.0000,  0.0000,  1.0000]]], device='cuda:0')
0:05:15.360936 - model tco output tensor([[[-0.7671,  0.4980,  0.4043, -0.0089],
         [-0.5476, -0.8367, -0.0083,  0.0059],
         [ 0.3342, -0.2277,  0.9146,  0.2633],
         [ 0.0000,  0.0000,  0.0000,  1.0000]]], device='cuda:0')
0:05:15.400195 - Wrote debug data: /home/ubuntu/synthetic_pose_estimation/cosypose/local_data/debug_data/debug_iter=1.pth.tar
0:05:15.620667 - TCO_input tensor([[[ 1.0000,  0.0000,  0.0000, -0.0107],
         [ 0.0000,  1.0000,  0.0000,  0.0070],
         [ 0.0000,  0.0000,  1.0000,  0.3022],
         [ 0.0000,  0.0000,  0.0000,  1.0000]]], device='cuda:0')
0:05:15.621737 - vxvyvz tensor([[ 2.8891, -1.5630,  0.8712]], device='cuda:0')
0:05:15.622771 - dR tensor([[[-0.7671,  0.4980,  0.4043],
         [-0.5476, -0.8367, -0.0083],
         [ 0.3342, -0.2277,  0.9146]]], device='cuda:0')
0:05:15.623688 - fxfy tensor([[1833.1910, 1833.1912]], device='cuda:0')
0:05:15.626101 - TCO_gt tensor([[[-0.7893,  0.4511,  0.4165, -0.0100],
         [-0.5688, -0.7927, -0.2192,  0.0062],
         [ 0.2313, -0.4099,  0.8823,  0.1920],
         [ 0.0000,  0.0000,  0.0000,  1.0000]]], device='cuda:0')
0:05:15.627085 - TCO pred_orn tensor([[[-0.7671,  0.4980,  0.4043, -0.0100],
         [-0.5476, -0.8367, -0.0083,  0.0062],
         [ 0.3342, -0.2277,  0.9146,  0.1920],
         [ 0.0000,  0.0000,  0.0000,  1.0000]]], device='cuda:0')
0:05:15.628030 - TCO pred_xy tensor([[[-0.7893,  0.4511,  0.4165, -0.0065],
         [-0.5688, -0.7927, -0.2192,  0.0043],
         [ 0.2313, -0.4099,  0.8823,  0.1920],
         [ 0.0000,  0.0000,  0.0000,  1.0000]]], device='cuda:0')
0:05:15.628982 - TCO pred_z tensor([[[-0.7893,  0.4511,  0.4165, -0.0100],
         [-0.5688, -0.7927, -0.2192,  0.0062],
         [ 0.2313, -0.4099,  0.8823,  0.2633],
         [ 0.0000,  0.0000,  0.0000,  1.0000]]], device='cuda:0')
0:05:15.629681 - loss orn tensor([0.0008], device='cuda:0')
0:05:15.630355 - loss xy tensor([0.0018], device='cuda:0')
0:05:15.631023 - loss z tensor([0.0238], device='cuda:0')
100%|█████████████████████████████████████████████| 1/1 [00:00<00:00,  7.66it/s]100%|█████████████████████████████████████████████| 1/1 [00:00<00:00,  7.63it/s]
0:05:15.342682 - saving /home/ubuntu/synthetic_pose_estimation/cosypose/local_data/experiments/bracket_assembly_debug_nut_nosym_coarse_noaug--938962 600
  0%|                                                     | 0/1 [00:00<?, ?it/s]0:05:15.754580 - iteration 0
0:05:15.798556 - outputs, {'pose': tensor([[-1.0149, -0.7355,  0.2992,  0.5674, -0.6308, -0.4293,  4.0501, -1.6751,
          0.6499]], device='cuda:0', grad_fn=<AddmmBackward0>)}
0:05:15.800241 - model_outputs {'pose': tensor([[-1.0149, -0.7355,  0.2992,  0.5674, -0.6308, -0.4293,  4.0501, -1.6751,
          0.6499]], device='cuda:0', grad_fn=<AddmmBackward0>)}
0:05:15.801075 - K crop tensor([[[1.9507e+03, 0.0000e+00, 2.4588e+02],
         [0.0000e+00, 1.9507e+03, 6.7485e+01],
         [0.0000e+00, 0.0000e+00, 1.0000e+00]]], device='cuda:0')
0:05:15.802006 - TCO_input tensor([[[ 1.0000,  0.0000,  0.0000, -0.0142],
         [ 0.0000,  1.0000,  0.0000,  0.0086],
         [ 0.0000,  0.0000,  1.0000,  0.3217],
         [ 0.0000,  0.0000,  0.0000,  1.0000]]], device='cuda:0')
0:05:15.802954 - model tco output tensor([[[-0.7876,  0.4510,  0.4199, -0.0088],
         [-0.5708, -0.7907, -0.2213,  0.0054],
         [ 0.2322, -0.4139,  0.8802,  0.2090],
         [ 0.0000,  0.0000,  0.0000,  1.0000]]], device='cuda:0',
       grad_fn=<CopySlices>)
0:05:15.843717 - Wrote debug data: /home/ubuntu/synthetic_pose_estimation/cosypose/local_data/debug_data/debug_iter=1.pth.tar
0:05:16.059186 - TCO_input tensor([[[ 1.0000,  0.0000,  0.0000, -0.0142],
         [ 0.0000,  1.0000,  0.0000,  0.0086],
         [ 0.0000,  0.0000,  1.0000,  0.3217],
         [ 0.0000,  0.0000,  0.0000,  1.0000]]], device='cuda:0')
0:05:16.060251 - vxvyvz tensor([[ 4.0501, -1.6751,  0.6499]], device='cuda:0',
       grad_fn=<SliceBackward0>)
0:05:16.061356 - dR tensor([[[-0.7876,  0.4510,  0.4199],
         [-0.5708, -0.7907, -0.2213],
         [ 0.2322, -0.4139,  0.8802]]], device='cuda:0',
       grad_fn=<StackBackward0>)
0:05:16.062238 - fxfy tensor([[1950.6523, 1950.6526]], device='cuda:0')
0:05:16.064713 - TCO_gt tensor([[[-0.7893,  0.4511,  0.4165, -0.0100],
         [-0.5688, -0.7927, -0.2192,  0.0062],
         [ 0.2313, -0.4099,  0.8823,  0.1920],
         [ 0.0000,  0.0000,  0.0000,  1.0000]]], device='cuda:0')
0:05:16.065665 - TCO pred_orn tensor([[[-0.7876,  0.4510,  0.4199, -0.0100],
         [-0.5708, -0.7907, -0.2213,  0.0062],
         [ 0.2322, -0.4139,  0.8802,  0.1920],
         [ 0.0000,  0.0000,  0.0000,  1.0000]]], device='cuda:0',
       grad_fn=<CopySlices>)
0:05:16.066571 - TCO pred_xy tensor([[[-0.7893,  0.4511,  0.4165, -0.0081],
         [-0.5688, -0.7927, -0.2192,  0.0050],
         [ 0.2313, -0.4099,  0.8823,  0.1920],
         [ 0.0000,  0.0000,  0.0000,  1.0000]]], device='cuda:0',
       grad_fn=<CopySlices>)
0:05:16.067470 - TCO pred_z tensor([[[-0.7893,  0.4511,  0.4165, -0.0100],
         [-0.5688, -0.7927, -0.2192,  0.0062],
         [ 0.2313, -0.4099,  0.8823,  0.2090],
         [ 0.0000,  0.0000,  0.0000,  1.0000]]], device='cuda:0',
       grad_fn=<CopySlices>)
0:05:16.068116 - loss orn tensor([1.9383e-05], device='cuda:0', grad_fn=<MinBackward0>)
0:05:16.068753 - loss xy tensor([0.0010], device='cuda:0', grad_fn=<MinBackward0>)
0:05:16.069386 - loss z tensor([0.0057], device='cuda:0', grad_fn=<MinBackward0>)
  0%|                                       | 0/1 [00:00<?, ?it/s, loss=0.00675]100%|███████████████████████████████| 1/1 [00:00<00:00,  4.44it/s, loss=0.00675]100%|███████████████████████████████| 1/1 [00:00<00:00,  4.43it/s, loss=0.00675]
0:05:15.847971 - saving /home/ubuntu/synthetic_pose_estimation/cosypose/local_data/experiments/bracket_assembly_debug_nut_nosym_coarse_noaug--938962 601
  0%|                                                     | 0/1 [00:00<?, ?it/s]0:05:16.263172 - iteration 0
0:05:16.307314 - outputs, {'pose': tensor([[-1.0113, -0.7297,  0.2944,  0.5548, -0.6229, -0.4231,  4.0272, -1.6699,
          0.6479]], device='cuda:0', grad_fn=<AddmmBackward0>)}
0:05:16.309021 - model_outputs {'pose': tensor([[-1.0113, -0.7297,  0.2944,  0.5548, -0.6229, -0.4231,  4.0272, -1.6699,
          0.6479]], device='cuda:0', grad_fn=<AddmmBackward0>)}
0:05:16.309889 - K crop tensor([[[1.7483e+03, 0.0000e+00, 2.6269e+02],
         [0.0000e+00, 1.7483e+03, 6.6150e+01],
         [0.0000e+00, 0.0000e+00, 1.0000e+00]]], device='cuda:0')
0:05:16.310790 - TCO_input tensor([[[ 1.0000,  0.0000,  0.0000, -0.0171],
         [ 0.0000,  1.0000,  0.0000,  0.0088],
         [ 0.0000,  0.0000,  1.0000,  0.2893],
         [ 0.0000,  0.0000,  0.0000,  1.0000]]], device='cuda:0')
0:05:16.312359 - model tco output tensor([[[-0.7892,  0.4494,  0.4185, -0.0106],
         [-0.5695, -0.7906, -0.2250,  0.0055],
         [ 0.2298, -0.4159,  0.8799,  0.1875],
         [ 0.0000,  0.0000,  0.0000,  1.0000]]], device='cuda:0',
       grad_fn=<CopySlices>)
0:05:16.350636 - Wrote debug data: /home/ubuntu/synthetic_pose_estimation/cosypose/local_data/debug_data/debug_iter=1.pth.tar
0:05:16.568500 - TCO_input tensor([[[ 1.0000,  0.0000,  0.0000, -0.0171],
         [ 0.0000,  1.0000,  0.0000,  0.0088],
         [ 0.0000,  0.0000,  1.0000,  0.2893],
         [ 0.0000,  0.0000,  0.0000,  1.0000]]], device='cuda:0')
0:05:16.569534 - vxvyvz tensor([[ 4.0272, -1.6699,  0.6479]], device='cuda:0',
       grad_fn=<SliceBackward0>)
0:05:16.570531 - dR tensor([[[-0.7892,  0.4494,  0.4185],
         [-0.5695, -0.7906, -0.2250],
         [ 0.2298, -0.4159,  0.8799]]], device='cuda:0',
       grad_fn=<StackBackward0>)
0:05:16.571402 - fxfy tensor([[1748.2843, 1748.2843]], device='cuda:0')
0:05:16.574027 - TCO_gt tensor([[[-0.7893,  0.4511,  0.4165, -0.0100],
         [-0.5688, -0.7927, -0.2192,  0.0062],
         [ 0.2313, -0.4099,  0.8823,  0.1920],
         [ 0.0000,  0.0000,  0.0000,  1.0000]]], device='cuda:0')
0:05:16.574950 - TCO pred_orn tensor([[[-0.7892,  0.4494,  0.4185, -0.0100],
         [-0.5695, -0.7906, -0.2250,  0.0062],
         [ 0.2298, -0.4159,  0.8799,  0.1920],
         [ 0.0000,  0.0000,  0.0000,  1.0000]]], device='cuda:0',
       grad_fn=<CopySlices>)
0:05:16.575854 - TCO pred_xy tensor([[[-0.7893,  0.4511,  0.4165, -0.0109],
         [-0.5688, -0.7927, -0.2192,  0.0057],
         [ 0.2313, -0.4099,  0.8823,  0.1920],
         [ 0.0000,  0.0000,  0.0000,  1.0000]]], device='cuda:0',
       grad_fn=<CopySlices>)
0:05:16.576773 - TCO pred_z tensor([[[-0.7893,  0.4511,  0.4165, -0.0100],
         [-0.5688, -0.7927, -0.2192,  0.0062],
         [ 0.2313, -0.4099,  0.8823,  0.1875],
         [ 0.0000,  0.0000,  0.0000,  1.0000]]], device='cuda:0',
       grad_fn=<CopySlices>)
0:05:16.577447 - loss orn tensor([2.5302e-05], device='cuda:0', grad_fn=<MinBackward0>)
0:05:16.578207 - loss xy tensor([0.0005], device='cuda:0', grad_fn=<MinBackward0>)
0:05:16.578843 - loss z tensor([0.0015], device='cuda:0', grad_fn=<MinBackward0>)
  0%|                                       | 0/1 [00:00<?, ?it/s, loss=0.00199]100%|███████████████████████████████| 1/1 [00:00<00:00,  4.38it/s, loss=0.00199]100%|███████████████████████████████| 1/1 [00:00<00:00,  4.37it/s, loss=0.00199]
0:05:16.487535 - saving /home/ubuntu/synthetic_pose_estimation/cosypose/local_data/experiments/bracket_assembly_debug_nut_nosym_coarse_noaug--938962 602
  0%|                                                     | 0/1 [00:00<?, ?it/s]0:05:16.902749 - iteration 0
0:05:16.947098 - outputs, {'pose': tensor([[-1.0135, -0.7303,  0.2953,  0.5648, -0.6259, -0.4267,  4.0437, -1.6703,
          0.6368]], device='cuda:0', grad_fn=<AddmmBackward0>)}
0:05:16.948769 - model_outputs {'pose': tensor([[-1.0135, -0.7303,  0.2953,  0.5648, -0.6259, -0.4267,  4.0437, -1.6703,
          0.6368]], device='cuda:0', grad_fn=<AddmmBackward0>)}
0:05:16.949652 - K crop tensor([[[ 2.0132e+03,  0.0000e+00,  2.0944e+02],
         [ 0.0000e+00,  2.0132e+03, -1.4667e+01],
         [ 0.0000e+00,  0.0000e+00,  1.0000e+00]]], device='cuda:0')
0:05:16.950556 - TCO_input tensor([[[ 1.0000,  0.0000,  0.0000, -0.0084],
         [ 0.0000,  1.0000,  0.0000,  0.0225],
         [ 0.0000,  0.0000,  1.0000,  0.3371],
         [ 0.0000,  0.0000,  0.0000,  1.0000]]], device='cuda:0')
0:05:16.952057 - model tco output tensor([[[-0.7896,  0.4496,  0.4176, -0.0049],
         [-0.5689, -0.7914, -0.2235,  0.0141],
         [ 0.2300, -0.4141,  0.8807,  0.2147],
         [ 0.0000,  0.0000,  0.0000,  1.0000]]], device='cuda:0',
       grad_fn=<CopySlices>)
0:05:16.991087 - Wrote debug data: /home/ubuntu/synthetic_pose_estimation/cosypose/local_data/debug_data/debug_iter=1.pth.tar
0:05:17.207377 - TCO_input tensor([[[ 1.0000,  0.0000,  0.0000, -0.0084],
         [ 0.0000,  1.0000,  0.0000,  0.0225],
         [ 0.0000,  0.0000,  1.0000,  0.3371],
         [ 0.0000,  0.0000,  0.0000,  1.0000]]], device='cuda:0')
0:05:17.208459 - vxvyvz tensor([[ 4.0437, -1.6703,  0.6368]], device='cuda:0',
       grad_fn=<SliceBackward0>)
0:05:17.209527 - dR tensor([[[-0.7896,  0.4496,  0.4176],
         [-0.5689, -0.7914, -0.2235],
         [ 0.2300, -0.4141,  0.8807]]], device='cuda:0',
       grad_fn=<StackBackward0>)
0:05:17.210422 - fxfy tensor([[2013.2235, 2013.2239]], device='cuda:0')
0:05:17.212919 - TCO_gt tensor([[[-0.7893,  0.4511,  0.4165, -0.0100],
         [-0.5688, -0.7927, -0.2192,  0.0062],
         [ 0.2313, -0.4099,  0.8823,  0.1920],
         [ 0.0000,  0.0000,  0.0000,  1.0000]]], device='cuda:0')
0:05:17.213881 - TCO pred_orn tensor([[[-0.7896,  0.4496,  0.4176, -0.0100],
         [-0.5689, -0.7914, -0.2235,  0.0062],
         [ 0.2300, -0.4141,  0.8807,  0.1920],
         [ 0.0000,  0.0000,  0.0000,  1.0000]]], device='cuda:0',
       grad_fn=<CopySlices>)
0:05:17.214805 - TCO pred_xy tensor([[[-0.7893,  0.4511,  0.4165, -0.0044],
         [-0.5688, -0.7927, -0.2192,  0.0126],
         [ 0.2313, -0.4099,  0.8823,  0.1920],
         [ 0.0000,  0.0000,  0.0000,  1.0000]]], device='cuda:0',
       grad_fn=<CopySlices>)
0:05:17.215726 - TCO pred_z tensor([[[-0.7893,  0.4511,  0.4165, -0.0100],
         [-0.5688, -0.7927, -0.2192,  0.0062],
         [ 0.2313, -0.4099,  0.8823,  0.2147],
         [ 0.0000,  0.0000,  0.0000,  1.0000]]], device='cuda:0',
       grad_fn=<CopySlices>)
0:05:17.216390 - loss orn tensor([1.8388e-05], device='cuda:0', grad_fn=<MinBackward0>)
0:05:17.217053 - loss xy tensor([0.0040], device='cuda:0', grad_fn=<MinBackward0>)
0:05:17.217719 - loss z tensor([0.0076], device='cuda:0', grad_fn=<MinBackward0>)
  0%|                                        | 0/1 [00:00<?, ?it/s, loss=0.0116]100%|████████████████████████████████| 1/1 [00:00<00:00,  4.51it/s, loss=0.0116]100%|████████████████████████████████| 1/1 [00:00<00:00,  4.50it/s, loss=0.0116]
train loss_TCO 0.0013315039686858654
train loss_total 0.0013315039686858654
train grad_norm 0.9742699861526489
train loss_TCO-iter=1 0.003812580369412899
train loss_TCO 0.003812580369412899
train loss_total 0.003812580369412899
train grad_norm 0.9359277486801147
train loss_TCO-iter=1 0.004661761224269867
train loss_TCO 0.004661761224269867
train loss_total 0.004661761224269867
train grad_norm 1.0250234603881836
train loss_TCO-iter=1 0.001657052431255579
train loss_TCO 0.001657052431255579
train loss_total 0.001657052431255579
train grad_norm 0.9860028028488159
train loss_TCO-iter=1 0.003979014232754707
train loss_TCO 0.003979014232754707
train loss_total 0.003979014232754707
train grad_norm 0.9098584651947021
train loss_TCO-iter=1 0.009697752073407173
train loss_TCO 0.009697752073407173
train loss_total 0.009697752073407173
train grad_norm 1.0804020166397095
train loss_TCO-iter=1 0.0054532987996935844
train loss_TCO 0.0054532987996935844
train loss_total 0.0054532987996935844
train grad_norm 1.0759772062301636
train loss_TCO-iter=1 0.003322394099086523
train loss_TCO 0.003322394099086523
train loss_total 0.003322394099086523
train grad_norm 0.9067402482032776
val loss_TCO-iter=1 0.012441243976354599
val loss_TCO 0.012441243976354599
val loss_total 0.012441243976354599
train loss_TCO-iter=1 0.004834292456507683
train loss_TCO 0.004834292456507683
train loss_total 0.004834292456507683
train grad_norm 1.0140411853790283
train loss_TCO-iter=1 0.014177443459630013
train loss_TCO 0.014177443459630013
train loss_total 0.014177443459630013
train grad_norm 0.7234687805175781
train loss_TCO-iter=1 0.011707167141139507
train loss_TCO 0.011707167141139507
train loss_total 0.011707167141139507
train grad_norm 1.1382932662963867
train loss_TCO-iter=1 0.005741242319345474
train loss_TCO 0.005741242319345474
train loss_total 0.005741242319345474
train grad_norm 0.9095757603645325
train loss_TCO-iter=1 0.006962072104215622
train loss_TCO 0.006962072104215622
train loss_total 0.006962072104215622
train grad_norm 0.8956544995307922
train loss_TCO-iter=1 0.00612343056127429
train loss_TCO 0.00612343056127429
train loss_total 0.00612343056127429
train grad_norm 1.0425066947937012
train loss_TCO-iter=1 0.002333603100851178
train loss_TCO 0.002333603100851178
train loss_total 0.002333603100851178
train grad_norm 0.9369510412216187
train loss_TCO-iter=1 0.0032329007517546415
train loss_TCO 0.0032329007517546415
train loss_total 0.0032329007517546415
train grad_norm 0.9540650248527527
train loss_TCO-iter=1 0.00938586425036192
train loss_TCO 0.00938586425036192
train loss_total 0.00938586425036192
train grad_norm 0.7980116605758667
train loss_TCO-iter=1 0.007046484388411045
train loss_TCO 0.007046484388411045
train loss_total 0.007046484388411045
train grad_norm 0.871529757976532
val loss_TCO-iter=1 0.019578443840146065
val loss_TCO 0.019578443840146065
val loss_total 0.019578443840146065
train loss_TCO-iter=1 0.01339073944836855
train loss_TCO 0.01339073944836855
train loss_total 0.01339073944836855
train grad_norm 0.7518623471260071
train loss_TCO-iter=1 0.0047400230541825294
train loss_TCO 0.0047400230541825294
train loss_total 0.0047400230541825294
train grad_norm 0.9506679773330688
train loss_TCO-iter=1 0.003266948042437434
train loss_TCO 0.003266948042437434
train loss_total 0.003266948042437434
train grad_norm 1.0055210590362549
train loss_TCO-iter=1 0.00854136049747467
train loss_TCO 0.00854136049747467
train loss_total 0.00854136049747467
train grad_norm 0.8342190384864807
train loss_TCO-iter=1 0.00675175478681922
train loss_TCO 0.00675175478681922
train loss_total 0.00675175478681922
train grad_norm 0.8621959090232849
train loss_TCO-iter=1 0.006084388587623835
train loss_TCO 0.006084388587623835
train loss_total 0.006084388587623835
train grad_norm 0.8703143000602722
train loss_TCO-iter=1 0.007707738783210516
train loss_TCO 0.007707738783210516
train loss_total 0.007707738783210516
train grad_norm 1.0130834579467773
train loss_TCO-iter=1 0.004530669189989567
train loss_TCO 0.004530669189989567
train loss_total 0.004530669189989567
train grad_norm 0.9015136957168579
train loss_TCO-iter=1 0.010205637663602829
train loss_TCO 0.010205637663602829
train loss_total 0.010205637663602829
train grad_norm 0.7859014272689819
train loss_TCO-iter=1 0.010248285718262196
train loss_TCO 0.010248285718262196
train loss_total 0.010248285718262196
train grad_norm 1.0620415210723877
val loss_TCO-iter=1 0.008247718214988708
val loss_TCO 0.008247718214988708
val loss_total 0.008247718214988708
train loss_TCO-iter=1 0.0014515526127070189
train loss_TCO 0.0014515526127070189
train loss_total 0.0014515526127070189
train grad_norm 0.9100328087806702
train loss_TCO-iter=1 0.0023699565790593624
train loss_TCO 0.0023699565790593624
train loss_total 0.0023699565790593624
train grad_norm 0.9801592230796814
train loss_TCO-iter=1 0.011171379126608372
train loss_TCO 0.011171379126608372
train loss_total 0.011171379126608372
train grad_norm 1.1156535148620605
train loss_TCO-iter=1 0.006758694536983967
train loss_TCO 0.006758694536983967
train loss_total 0.006758694536983967
train grad_norm 0.8495945930480957
train loss_TCO-iter=1 0.004476762376725674
train loss_TCO 0.004476762376725674
train loss_total 0.004476762376725674
train grad_norm 1.004248857498169
train loss_TCO-iter=1 0.004096308723092079
train loss_TCO 0.004096308723092079
train loss_total 0.004096308723092079
train grad_norm 0.9882493019104004
train loss_TCO-iter=1 0.006175941787660122
train loss_TCO 0.006175941787660122
train loss_total 0.006175941787660122
train grad_norm 0.8068299293518066
train loss_TCO-iter=1 0.00310054374858737
train loss_TCO 0.00310054374858737
train loss_total 0.00310054374858737
train grad_norm 0.8830799460411072
train loss_TCO-iter=1 0.00840080063790083
train loss_TCO 0.00840080063790083
train loss_total 0.00840080063790083
train grad_norm 0.8183532357215881
train loss_TCO-iter=1 0.004038466606289148
train loss_TCO 0.004038466606289148
train loss_total 0.004038466606289148
train grad_norm 0.8952546119689941
val loss_TCO-iter=1 0.024134881794452667
val loss_TCO 0.024134881794452667
val loss_total 0.024134881794452667
train loss_TCO-iter=1 0.004540428519248962
train loss_TCO 0.004540428519248962
train loss_total 0.004540428519248962
train grad_norm 0.9049544930458069
train loss_TCO-iter=1 0.0029482990503311157
train loss_TCO 0.0029482990503311157
train loss_total 0.0029482990503311157
train grad_norm 0.9919076561927795
train loss_TCO-iter=1 0.007144972216337919
train loss_TCO 0.007144972216337919
train loss_total 0.007144972216337919
train grad_norm 0.8516132235527039
train loss_TCO-iter=1 0.0053382012993097305
train loss_TCO 0.0053382012993097305
train loss_total 0.0053382012993097305
train grad_norm 0.9784297347068787
train loss_TCO-iter=1 0.006224227603524923
train loss_TCO 0.006224227603524923
train loss_total 0.006224227603524923
train grad_norm 0.8651073575019836
train loss_TCO-iter=1 0.008952242322266102
train loss_TCO 0.008952242322266102
train loss_total 0.008952242322266102
train grad_norm 0.8692108392715454
train loss_TCO-iter=1 0.004201220348477364
train loss_TCO 0.004201220348477364
train loss_total 0.004201220348477364
train grad_norm 0.9153948426246643
train loss_TCO-iter=1 0.011753289960324764
train loss_TCO 0.011753289960324764
train loss_total 0.011753289960324764
train grad_norm 0.834940493106842
train loss_TCO-iter=1 0.002311399206519127
train loss_TCO 0.002311399206519127
train loss_total 0.002311399206519127
train grad_norm 0.90362948179245
train loss_TCO-iter=1 0.003802843391895294
train loss_TCO 0.003802843391895294
train loss_total 0.003802843391895294
train grad_norm 0.9316975474357605
val loss_TCO-iter=1 0.02640562318265438
val loss_TCO 0.02640562318265438
val loss_total 0.02640562318265438
train loss_TCO-iter=1 0.006752267945557833
train loss_TCO 0.006752267945557833
train loss_total 0.006752267945557833
train grad_norm 0.9945428371429443
train loss_TCO-iter=1 0.001993193756788969
train loss_TCO 0.001993193756788969
train loss_total 0.001993193756788969
train grad_norm 0.8784323930740356
train loss_TCO-iter=1 0.01162345614284277
train loss_TCO 0.01162345614284277
train loss_total
0:05:17.011195 - saving /home/ubuntu/synthetic_pose_estimation/cosypose/local_data/experiments/bracket_assembly_debug_nut_nosym_coarse_noaug--938962 603
  0%|                                                     | 0/1 [00:00<?, ?it/s]0:05:17.426402 - iteration 0
0:05:17.470012 - outputs, {'pose': tensor([[-1.0089, -0.7305,  0.3022,  0.5574, -0.6328, -0.4249,  4.0497, -1.6754,
          0.6463]], device='cuda:0', grad_fn=<AddmmBackward0>)}
0:05:17.471615 - model_outputs {'pose': tensor([[-1.0089, -0.7305,  0.3022,  0.5574, -0.6328, -0.4249,  4.0497, -1.6754,
          0.6463]], device='cuda:0', grad_fn=<AddmmBackward0>)}
0:05:17.472426 - K crop tensor([[[2.1698e+03, 0.0000e+00, 3.2138e+02],
         [0.0000e+00, 2.1698e+03, 5.0025e+01],
         [0.0000e+00, 0.0000e+00, 1.0000e+00]]], device='cuda:0')
0:05:17.473331 - TCO_input tensor([[[ 1.0000,  0.0000,  0.0000, -0.0267],
         [ 0.0000,  1.0000,  0.0000,  0.0115],
         [ 0.0000,  0.0000,  1.0000,  0.3579],
         [ 0.0000,  0.0000,  0.0000,  1.0000]]], device='cuda:0')
0:05:17.474869 - model tco output tensor([[[-0.7872,  0.4497,  0.4221, -0.0168],
         [-0.5699, -0.7920, -0.2189,  0.0072],
         [ 0.2358, -0.4129,  0.8797,  0.2314],
         [ 0.0000,  0.0000,  0.0000,  1.0000]]], device='cuda:0',
       grad_fn=<CopySlices>)
0:05:17.514885 - Wrote debug data: /home/ubuntu/synthetic_pose_estimation/cosypose/local_data/debug_data/debug_iter=1.pth.tar
0:05:17.732181 - TCO_input tensor([[[ 1.0000,  0.0000,  0.0000, -0.0267],
         [ 0.0000,  1.0000,  0.0000,  0.0115],
         [ 0.0000,  0.0000,  1.0000,  0.3579],
         [ 0.0000,  0.0000,  0.0000,  1.0000]]], device='cuda:0')
0:05:17.733382 - vxvyvz tensor([[ 4.0497, -1.6754,  0.6463]], device='cuda:0',
       grad_fn=<SliceBackward0>)
0:05:17.734455 - dR tensor([[[-0.7872,  0.4497,  0.4221],
         [-0.5699, -0.7920, -0.2189],
         [ 0.2358, -0.4129,  0.8797]]], device='cuda:0',
       grad_fn=<StackBackward0>)
0:05:17.735399 - fxfy tensor([[2169.7710, 2169.7712]], device='cuda:0')
0:05:17.737999 - TCO_gt tensor([[[-0.7893,  0.4511,  0.4165, -0.0100],
         [-0.5688, -0.7927, -0.2192,  0.0062],
         [ 0.2313, -0.4099,  0.8823,  0.1920],
         [ 0.0000,  0.0000,  0.0000,  1.0000]]], device='cuda:0')
0:05:17.738964 - TCO pred_orn tensor([[[-0.7872,  0.4497,  0.4221, -0.0100],
         [-0.5699, -0.7920, -0.2189,  0.0062],
         [ 0.2358, -0.4129,  0.8797,  0.1920],
         [ 0.0000,  0.0000,  0.0000,  1.0000]]], device='cuda:0',
       grad_fn=<CopySlices>)
0:05:17.739923 - TCO pred_xy tensor([[[-0.7893,  0.4511,  0.4165, -0.0140],
         [-0.5688, -0.7927, -0.2192,  0.0060],
         [ 0.2313, -0.4099,  0.8823,  0.1920],
         [ 0.0000,  0.0000,  0.0000,  1.0000]]], device='cuda:0',
       grad_fn=<CopySlices>)
0:05:17.740895 - TCO pred_z tensor([[[-0.7893,  0.4511,  0.4165, -0.0100],
         [-0.5688, -0.7927, -0.2192,  0.0062],
         [ 0.2313, -0.4099,  0.8823,  0.2314],
         [ 0.0000,  0.0000,  0.0000,  1.0000]]], device='cuda:0',
       grad_fn=<CopySlices>)
0:05:17.741611 - loss orn tensor([2.2506e-05], device='cuda:0', grad_fn=<MinBackward0>)
0:05:17.742288 - loss xy tensor([0.0014], device='cuda:0', grad_fn=<MinBackward0>)
0:05:17.742962 - loss z tensor([0.0131], device='cuda:0', grad_fn=<MinBackward0>)
  0%|                                        | 0/1 [00:00<?, ?it/s, loss=0.0145]100%|████████████████████████████████| 1/1 [00:00<00:00,  4.40it/s, loss=0.0145]100%|████████████████████████████████| 1/1 [00:00<00:00,  4.39it/s, loss=0.0145]
0:05:17.509880 - saving /home/ubuntu/synthetic_pose_estimation/cosypose/local_data/experiments/bracket_assembly_debug_nut_nosym_coarse_noaug--938962 604
  0%|                                                     | 0/1 [00:00<?, ?it/s]0:05:17.928391 - iteration 0
0:05:17.980057 - outputs, {'pose': tensor([[-1.0119, -0.7293,  0.3015,  0.5597, -0.6320, -0.4253,  4.0308, -1.6674,
          0.6342]], device='cuda:0', grad_fn=<AddmmBackward0>)}
0:05:17.981814 - model_outputs {'pose': tensor([[-1.0119, -0.7293,  0.3015,  0.5597, -0.6320, -0.4253,  4.0308, -1.6674,
          0.6342]], device='cuda:0', grad_fn=<AddmmBackward0>)}
0:05:17.982657 - K crop tensor([[[1.5672e+03, 0.0000e+00, 1.9536e+02],
         [0.0000e+00, 1.5672e+03, 1.0302e+02],
         [0.0000e+00, 0.0000e+00, 1.0000e+00]]], device='cuda:0')
0:05:17.983540 - TCO_input tensor([[[ 1.0000,  0.0000,  0.0000, -0.0059],
         [ 0.0000,  1.0000,  0.0000,  0.0027],
         [ 0.0000,  0.0000,  1.0000,  0.2579],
         [ 0.0000,  0.0000,  0.0000,  1.0000]]], device='cuda:0')
0:05:17.984457 - model tco output tensor([[[-0.7885,  0.4486,  0.4206, -0.0033],
         [-0.5684, -0.7929, -0.2198,  0.0015],
         [ 0.2349, -0.4124,  0.8802,  0.1635],
         [ 0.0000,  0.0000,  0.0000,  1.0000]]], device='cuda:0',
       grad_fn=<CopySlices>)
0:05:18.024979 - Wrote debug data: /home/ubuntu/synthetic_pose_estimation/cosypose/local_data/debug_data/debug_iter=1.pth.tar
0:05:18.238178 - TCO_input tensor([[[ 1.0000,  0.0000,  0.0000, -0.0059],
         [ 0.0000,  1.0000,  0.0000,  0.0027],
         [ 0.0000,  0.0000,  1.0000,  0.2579],
         [ 0.0000,  0.0000,  0.0000,  1.0000]]], device='cuda:0')
0:05:18.239276 - vxvyvz tensor([[ 4.0308, -1.6674,  0.6342]], device='cuda:0',
       grad_fn=<SliceBackward0>)
0:05:18.240309 - dR tensor([[[-0.7885,  0.4486,  0.4206],
         [-0.5684, -0.7929, -0.2198],
         [ 0.2349, -0.4124,  0.8802]]], device='cuda:0',
       grad_fn=<StackBackward0>)
0:05:18.241212 - fxfy tensor([[1567.1938, 1567.1940]], device='cuda:0')
0:05:18.243774 - TCO_gt tensor([[[-0.7893,  0.4511,  0.4165, -0.0100],
         [-0.5688, -0.7927, -0.2192,  0.0062],
         [ 0.2313, -0.4099,  0.8823,  0.1920],
         [ 0.0000,  0.0000,  0.0000,  1.0000]]], device='cuda:0')
0:05:18.244708 - TCO pred_orn tensor([[[-0.7885,  0.4486,  0.4206, -0.0100],
         [-0.5684, -0.7929, -0.2198,  0.0062],
         [ 0.2349, -0.4124,  0.8802,  0.1920],
         [ 0.0000,  0.0000,  0.0000,  1.0000]]], device='cuda:0',
       grad_fn=<CopySlices>)
0:05:18.245674 - TCO pred_xy tensor([[[-0.7893,  0.4511,  0.4165, -0.0039],
         [-0.5688, -0.7927, -0.2192,  0.0018],
         [ 0.2313, -0.4099,  0.8823,  0.1920],
         [ 0.0000,  0.0000,  0.0000,  1.0000]]], device='cuda:0',
       grad_fn=<CopySlices>)
0:05:18.246586 - TCO pred_z tensor([[[-0.7893,  0.4511,  0.4165, -0.0100],
         [-0.5688, -0.7927, -0.2192,  0.0062],
         [ 0.2313, -0.4099,  0.8823,  0.1635],
         [ 0.0000,  0.0000,  0.0000,  1.0000]]], device='cuda:0',
       grad_fn=<CopySlices>)
0:05:18.247239 - loss orn tensor([1.7249e-05], device='cuda:0', grad_fn=<MinBackward0>)
0:05:18.247883 - loss xy tensor([0.0035], device='cuda:0', grad_fn=<MinBackward0>)
0:05:18.248564 - loss z tensor([0.0095], device='cuda:0', grad_fn=<MinBackward0>)
  0%|                                         | 0/1 [00:00<?, ?it/s, loss=0.013]100%|█████████████████████████████████| 1/1 [00:00<00:00,  4.32it/s, loss=0.013]100%|█████████████████████████████████| 1/1 [00:00<00:00,  4.31it/s, loss=0.013]
0:05:18.021704 - saving /home/ubuntu/synthetic_pose_estimation/cosypose/local_data/experiments/bracket_assembly_debug_nut_nosym_coarse_noaug--938962 605
  0%|                                                     | 0/1 [00:00<?, ?it/s]0:05:18.437124 - iteration 0
0:05:18.480773 - outputs, {'pose': tensor([[-1.0084, -0.7352,  0.2952,  0.5655, -0.6322, -0.4269,  4.0380, -1.6726,
          0.6407]], device='cuda:0', grad_fn=<AddmmBackward0>)}
0:05:18.482421 - model_outputs {'pose': tensor([[-1.0084, -0.7352,  0.2952,  0.5655, -0.6322, -0.4269,  4.0380, -1.6726,
          0.6407]], device='cuda:0', grad_fn=<AddmmBackward0>)}
0:05:18.483241 - K crop tensor([[[2.0062e+03, 0.0000e+00, 2.8229e+02],
         [0.0000e+00, 2.0062e+03, 3.4501e+01],
         [0.0000e+00, 0.0000e+00, 1.0000e+00]]], device='cuda:0')
0:05:18.484112 - TCO_input tensor([[[ 1.0000,  0.0000,  0.0000, -0.0204],
         [ 0.0000,  1.0000,  0.0000,  0.0141],
         [ 0.0000,  0.0000,  1.0000,  0.3327],
         [ 0.0000,  0.0000,  0.0000,  1.0000]]], device='cuda:0')
0:05:18.485342 - model tco output tensor([[[-0.7864,  0.4543,  0.4186, -0.0126],
         [-0.5733, -0.7891, -0.2204,  0.0089],
         [ 0.2302, -0.4133,  0.8810,  0.2132],
         [ 0.0000,  0.0000,  0.0000,  1.0000]]], device='cuda:0',
       grad_fn=<CopySlices>)
0:05:18.524342 - Wrote debug data: /home/ubuntu/synthetic_pose_estimation/cosypose/local_data/debug_data/debug_iter=1.pth.tar
0:05:18.739319 - TCO_input tensor([[[ 1.0000,  0.0000,  0.0000, -0.0204],
         [ 0.0000,  1.0000,  0.0000,  0.0141],
         [ 0.0000,  0.0000,  1.0000,  0.3327],
         [ 0.0000,  0.0000,  0.0000,  1.0000]]], device='cuda:0')
0:05:18.740304 - vxvyvz tensor([[ 4.0380, -1.6726,  0.6407]], device='cuda:0',
       grad_fn=<SliceBackward0>)
0:05:18.741335 - dR tensor([[[-0.7864,  0.4543,  0.4186],
         [-0.5733, -0.7891, -0.2204],
         [ 0.2302, -0.4133,  0.8810]]], device='cuda:0',
       grad_fn=<StackBackward0>)
0:05:18.742269 - fxfy tensor([[2006.1508, 2006.1509]], device='cuda:0')
0:05:18.744738 - TCO_gt tensor([[[-0.7893,  0.4511,  0.4165, -0.0100],
         [-0.5688, -0.7927, -0.2192,  0.0062],
         [ 0.2313, -0.4099,  0.8823,  0.1920],
         [ 0.0000,  0.0000,  0.0000,  1.0000]]], device='cuda:0')
0:05:18.745671 - TCO pred_orn tensor([[[-0.7864,  0.4543,  0.4186, -0.0100],
         [-0.5733, -0.7891, -0.2204,  0.0062],
         [ 0.2302, -0.4133,  0.8810,  0.1920],
         [ 0.0000,  0.0000,  0.0000,  1.0000]]], device='cuda:0',
       grad_fn=<CopySlices>)
0:05:18.746578 - TCO pred_xy tensor([[[-0.7893,  0.4511,  0.4165, -0.0114],
         [-0.5688, -0.7927, -0.2192,  0.0080],
         [ 0.2313, -0.4099,  0.8823,  0.1920],
         [ 0.0000,  0.0000,  0.0000,  1.0000]]], device='cuda:0',
       grad_fn=<CopySlices>)
0:05:18.747510 - TCO pred_z tensor([[[-0.7893,  0.4511,  0.4165, -0.0100],
         [-0.5688, -0.7927, -0.2192,  0.0062],
         [ 0.2313, -0.4099,  0.8823,  0.2132],
         [ 0.0000,  0.0000,  0.0000,  1.0000]]], device='cuda:0',
       grad_fn=<CopySlices>)
0:05:18.748136 - loss orn tensor([2.7257e-05], device='cuda:0', grad_fn=<MinBackward0>)
0:05:18.748800 - loss xy tensor([0.0011], device='cuda:0', grad_fn=<MinBackward0>)
0:05:18.749441 - loss z tensor([0.0071], device='cuda:0', grad_fn=<MinBackward0>)
  0%|                                       | 0/1 [00:00<?, ?it/s, loss=0.00815]100%|███████████████████████████████| 1/1 [00:00<00:00,  4.57it/s, loss=0.00815]100%|███████████████████████████████| 1/1 [00:00<00:00,  4.56it/s, loss=0.00815]
0:05:18.523503 - saving /home/ubuntu/synthetic_pose_estimation/cosypose/local_data/experiments/bracket_assembly_debug_nut_nosym_coarse_noaug--938962 606
  0%|                                                     | 0/1 [00:00<?, ?it/s]0:05:18.938845 - iteration 0
0:05:18.985677 - outputs, {'pose': tensor([[-1.0065, -0.7291,  0.2974,  0.5613, -0.6286, -0.4186,  4.0143, -1.6664,
          0.6469]], device='cuda:0', grad_fn=<AddmmBackward0>)}
0:05:18.987221 - model_outputs {'pose': tensor([[-1.0065, -0.7291,  0.2974,  0.5613, -0.6286, -0.4186,  4.0143, -1.6664,
          0.6469]], device='cuda:0', grad_fn=<AddmmBackward0>)}
0:05:18.987987 - K crop tensor([[[ 1.8934e+03,  0.0000e+00,  2.8903e+02],
         [ 0.0000e+00,  1.8934e+03, -2.2464e+01],
         [ 0.0000e+00,  0.0000e+00,  1.0000e+00]]], device='cuda:0')
0:05:18.988823 - TCO_input tensor([[[ 1.0000,  0.0000,  0.0000, -0.0218],
         [ 0.0000,  1.0000,  0.0000,  0.0239],
         [ 0.0000,  0.0000,  1.0000,  0.3184],
         [ 0.0000,  0.0000,  0.0000,  1.0000]]], device='cuda:0')
0:05:18.989755 - model tco output tensor([[[-0.7876,  0.4536,  0.4170, -0.0137],
         [-0.5705, -0.7925, -0.2156,  0.0153],
         [ 0.2327, -0.4078,  0.8829,  0.2060],
         [ 0.0000,  0.0000,  0.0000,  1.0000]]], device='cuda:0',
       grad_fn=<CopySlices>)
0:05:19.032170 - Wrote debug data: /home/ubuntu/synthetic_pose_estimation/cosypose/local_data/debug_data/debug_iter=1.pth.tar
0:05:19.245512 - TCO_input tensor([[[ 1.0000,  0.0000,  0.0000, -0.0218],
         [ 0.0000,  1.0000,  0.0000,  0.0239],
         [ 0.0000,  0.0000,  1.0000,  0.3184],
         [ 0.0000,  0.0000,  0.0000,  1.0000]]], device='cuda:0')
0:05:19.246580 - vxvyvz tensor([[ 4.0143, -1.6664,  0.6469]], device='cuda:0',
       grad_fn=<SliceBackward0>)
0:05:19.247593 - dR tensor([[[-0.7876,  0.4536,  0.4170],
         [-0.5705, -0.7925, -0.2156],
         [ 0.2327, -0.4078,  0.8829]]], device='cuda:0',
       grad_fn=<StackBackward0>)
0:05:19.248462 - fxfy tensor([[1893.4427, 1893.4430]], device='cuda:0')
0:05:19.251071 - TCO_gt tensor([[[-0.7893,  0.4511,  0.4165, -0.0100],
         [-0.5688, -0.7927, -0.2192,  0.0062],
         [ 0.2313, -0.4099,  0.8823,  0.1920],
         [ 0.0000,  0.0000,  0.0000,  1.0000]]], device='cuda:0')
0:05:19.251989 - TCO pred_orn tensor([[[-0.7876,  0.4536,  0.4170, -0.0100],
         [-0.5705, -0.7925, -0.2156,  0.0062],
         [ 0.2327, -0.4078,  0.8829,  0.1920],
         [ 0.0000,  0.0000,  0.0000,  1.0000]]], device='cuda:0',
       grad_fn=<CopySlices>)
0:05:19.252902 - TCO pred_xy tensor([[[-0.7893,  0.4511,  0.4165, -0.0127],
         [-0.5688, -0.7927, -0.2192,  0.0142],
         [ 0.2313, -0.4099,  0.8823,  0.1920],
         [ 0.0000,  0.0000,  0.0000,  1.0000]]], device='cuda:0',
       grad_fn=<CopySlices>)
0:05:19.253820 - TCO pred_z tensor([[[-0.7893,  0.4511,  0.4165, -0.0100],
         [-0.5688, -0.7927, -0.2192,  0.0062],
         [ 0.2313, -0.4099,  0.8823,  0.2060],
         [ 0.0000,  0.0000,  0.0000,  1.0000]]], device='cuda:0',
       grad_fn=<CopySlices>)
0:05:19.254467 - loss orn tensor([1.6487e-05], device='cuda:0', grad_fn=<MinBackward0>)
0:05:19.255130 - loss xy tensor([0.0036], device='cuda:0', grad_fn=<MinBackward0>)
0:05:19.255752 - loss z tensor([0.0047], device='cuda:0', grad_fn=<MinBackward0>)
  0%|                                       | 0/1 [00:00<?, ?it/s, loss=0.00828]100%|███████████████████████████████| 1/1 [00:00<00:00,  4.46it/s, loss=0.00828]100%|███████████████████████████████| 1/1 [00:00<00:00,  4.45it/s, loss=0.00828]
0:05:19.026774 - saving /home/ubuntu/synthetic_pose_estimation/cosypose/local_data/experiments/bracket_assembly_debug_nut_nosym_coarse_noaug--938962 607
  0%|                                                     | 0/1 [00:00<?, ?it/s]0:05:19.442273 - iteration 0
0:05:19.485373 - outputs, {'pose': tensor([[-1.0143, -0.7232,  0.2977,  0.5691, -0.6300, -0.4222,  4.0370, -1.6730,
          0.6527]], device='cuda:0', grad_fn=<AddmmBackward0>)}
0:05:19.487021 - model_outputs {'pose': tensor([[-1.0143, -0.7232,  0.2977,  0.5691, -0.6300, -0.4222,  4.0370, -1.6730,
          0.6527]], device='cuda:0', grad_fn=<AddmmBackward0>)}
0:05:19.487827 - K crop tensor([[[1.8967e+03, 0.0000e+00, 3.0876e+02],
         [0.0000e+00, 1.8967e+03, 7.6115e+01],
         [0.0000e+00, 0.0000e+00, 1.0000e+00]]], device='cuda:0')
0:05:19.489036 - TCO_input tensor([[[ 1.0000,  0.0000,  0.0000, -0.0246],
         [ 0.0000,  1.0000,  0.0000,  0.0071],
         [ 0.0000,  0.0000,  1.0000,  0.3125],
         [ 0.0000,  0.0000,  0.0000,  1.0000]]], device='cuda:0')
0:05:19.490857 - model tco output tensor([[[-0.7919,  0.4483,  0.4145, -0.0156],
         [-0.5646, -0.7961, -0.2177,  0.0045],
         [ 0.2324, -0.4064,  0.8836,  0.2039],
         [ 0.0000,  0.0000,  0.0000,  1.0000]]], device='cuda:0',
       grad_fn=<CopySlices>)
0:05:19.528486 - Wrote debug data: /home/ubuntu/synthetic_pose_estimation/cosypose/local_data/debug_data/debug_iter=1.pth.tar
0:05:19.742059 - TCO_input tensor([[[ 1.0000,  0.0000,  0.0000, -0.0246],
         [ 0.0000,  1.0000,  0.0000,  0.0071],
         [ 0.0000,  0.0000,  1.0000,  0.3125],
         [ 0.0000,  0.0000,  0.0000,  1.0000]]], device='cuda:0')
0:05:19.743046 - vxvyvz tensor([[ 4.0370, -1.6730,  0.6527]], device='cuda:0',
       grad_fn=<SliceBackward0>)
0:05:19.744036 - dR tensor([[[-0.7919,  0.4483,  0.4145],
         [-0.5646, -0.7961, -0.2177],
         [ 0.2324, -0.4064,  0.8836]]], device='cuda:0',
       grad_fn=<StackBackward0>)
0:05:19.744907 - fxfy tensor([[1896.6938, 1896.6942]], device='cuda:0')
0:05:19.747765 - TCO_gt tensor([[[-0.7893,  0.4511,  0.4165, -0.0100],
         [-0.5688, -0.7927, -0.2192,  0.0062],
         [ 0.2313, -0.4099,  0.8823,  0.1920],
         [ 0.0000,  0.0000,  0.0000,  1.0000]]], device='cuda:0')
0:05:19.748676 - TCO pred_orn tensor([[[-0.7919,  0.4483,  0.4145, -0.0100],
         [-0.5646, -0.7961, -0.2177,  0.0062],
         [ 0.2324, -0.4064,  0.8836,  0.1920],
         [ 0.0000,  0.0000,  0.0000,  1.0000]]], device='cuda:0',
       grad_fn=<CopySlices>)
0:05:19.749623 - TCO pred_xy tensor([[[-0.7893,  0.4511,  0.4165, -0.0147],
         [-0.5688, -0.7927, -0.2192,  0.0042],
         [ 0.2313, -0.4099,  0.8823,  0.1920],
         [ 0.0000,  0.0000,  0.0000,  1.0000]]], device='cuda:0',
       grad_fn=<CopySlices>)
0:05:19.750510 - TCO pred_z tensor([[[-0.7893,  0.4511,  0.4165, -0.0100],
         [-0.5688, -0.7927, -0.2192,  0.0062],
         [ 0.2313, -0.4099,  0.8823,  0.2039],
         [ 0.0000,  0.0000,  0.0000,  1.0000]]], device='cuda:0',
       grad_fn=<CopySlices>)
0:05:19.751135 - loss orn tensor([2.5733e-05], device='cuda:0', grad_fn=<MinBackward0>)
0:05:19.751743 - loss xy tensor([0.0022], device='cuda:0', grad_fn=<MinBackward0>)
0:05:19.752351 - loss z tensor([0.0040], device='cuda:0', grad_fn=<MinBackward0>)
  0%|                                       | 0/1 [00:00<?, ?it/s, loss=0.00624]100%|███████████████████████████████| 1/1 [00:00<00:00,  4.57it/s, loss=0.00624]100%|███████████████████████████████| 1/1 [00:00<00:00,  4.56it/s, loss=0.00624]
0:05:19.521394 - saving /home/ubuntu/synthetic_pose_estimation/cosypose/local_data/experiments/bracket_assembly_debug_nut_nosym_coarse_noaug--938962 608
  0%|                                                     | 0/1 [00:00<?, ?it/s]0:05:19.937614 - iteration 0
0:05:19.981792 - outputs, {'pose': tensor([[-1.0154, -0.7292,  0.2954,  0.5617, -0.6378, -0.4243,  4.0425, -1.6731,
          0.6404]], device='cuda:0', grad_fn=<AddmmBackward0>)}
0:05:19.983343 - model_outputs {'pose': tensor([[-1.0154, -0.7292,  0.2954,  0.5617, -0.6378, -0.4243,  4.0425, -1.6731,
          0.6404]], device='cuda:0', grad_fn=<AddmmBackward0>)}
0:05:19.984119 - K crop tensor([[[1.8829e+03, 0.0000e+00, 2.4519e+02],
         [0.0000e+00, 1.8829e+03, 5.6622e+01],
         [0.0000e+00, 0.0000e+00, 1.0000e+00]]], device='cuda:0')
0:05:19.985726 - TCO_input tensor([[[ 1.0000,  0.0000,  0.0000, -0.0142],
         [ 0.0000,  1.0000,  0.0000,  0.0104],
         [ 0.0000,  0.0000,  1.0000,  0.3115],
         [ 0.0000,  0.0000,  0.0000,  1.0000]]], device='cuda:0')
0:05:19.986631 - model tco output tensor([[[-0.7905,  0.4501,  0.4154, -0.0087],
         [-0.5677, -0.7930, -0.2211,  0.0065],
         [ 0.2299, -0.4106,  0.8824,  0.1995],
         [ 0.0000,  0.0000,  0.0000,  1.0000]]], device='cuda:0',
       grad_fn=<CopySlices>)
0:05:20.024977 - Wrote debug data: /home/ubuntu/synthetic_pose_estimation/cosypose/local_data/debug_data/debug_iter=1.pth.tar
0:05:20.236264 - TCO_input tensor([[[ 1.0000,  0.0000,  0.0000, -0.0142],
         [ 0.0000,  1.0000,  0.0000,  0.0104],
         [ 0.0000,  0.0000,  1.0000,  0.3115],
         [ 0.0000,  0.0000,  0.0000,  1.0000]]], device='cuda:0')
0:05:20.237295 - vxvyvz tensor([[ 4.0425, -1.6731,  0.6404]], device='cuda:0',
       grad_fn=<SliceBackward0>)
0:05:20.238277 - dR tensor([[[-0.7905,  0.4501,  0.4154],
         [-0.5677, -0.7930, -0.2211],
         [ 0.2299, -0.4106,  0.8824]]], device='cuda:0',
       grad_fn=<StackBackward0>)
0:05:20.239131 - fxfy tensor([[1882.8995, 1882.8997]], device='cuda:0')
0:05:20.241644 - TCO_gt tensor([[[-0.7893,  0.4511,  0.4165, -0.0100],
         [-0.5688, -0.7927, -0.2192,  0.0062],
         [ 0.2313, -0.4099,  0.8823,  0.1920],
         [ 0.0000,  0.0000,  0.0000,  1.0000]]], device='cuda:0')
0:05:20.242553 - TCO pred_orn tensor([[[-0.7905,  0.4501,  0.4154, -0.0100],
         [-0.5677, -0.7930, -0.2211,  0.0062],
         [ 0.2299, -0.4106,  0.8824,  0.1920],
         [ 0.0000,  0.0000,  0.0000,  1.0000]]], device='cuda:0',
       grad_fn=<CopySlices>)
0:05:20.243454 - TCO pred_xy tensor([[[-0.7893,  0.4511,  0.4165, -0.0083],
         [-0.5688, -0.7927, -0.2192,  0.0062],
         [ 0.2313, -0.4099,  0.8823,  0.1920],
         [ 0.0000,  0.0000,  0.0000,  1.0000]]], device='cuda:0',
       grad_fn=<CopySlices>)
0:05:20.244352 - TCO pred_z tensor([[[-0.7893,  0.4511,  0.4165, -0.0100],
         [-0.5688, -0.7927, -0.2192,  0.0062],
         [ 0.2313, -0.4099,  0.8823,  0.1995],
         [ 0.0000,  0.0000,  0.0000,  1.0000]]], device='cuda:0',
       grad_fn=<CopySlices>)
0:05:20.245004 - loss orn tensor([9.5002e-06], device='cuda:0', grad_fn=<MinBackward0>)
0:05:20.245651 - loss xy tensor([0.0006], device='cuda:0', grad_fn=<MinBackward0>)
0:05:20.246273 - loss z tensor([0.0025], device='cuda:0', grad_fn=<MinBackward0>)
  0%|                                       | 0/1 [00:00<?, ?it/s, loss=0.00311]100%|███████████████████████████████| 1/1 [00:00<00:00,  4.62it/s, loss=0.00311]100%|███████████████████████████████| 1/1 [00:00<00:00,  4.61it/s, loss=0.00311]
0:05:20.024923 - saving /home/ubuntu/synthetic_pose_estimation/cosypose/local_data/experiments/bracket_assembly_debug_nut_nosym_coarse_noaug--938962 609
  0%|                                                     | 0/1 [00:00<?, ?it/s]0:05:20.440538 - iteration 0
0:05:20.487786 - outputs, {'pose': tensor([[-1.0216, -0.7287,  0.2981,  0.5636, -0.6293, -0.4275,  4.0427, -1.6714,
          0.6352]], device='cuda:0', grad_fn=<AddmmBackward0>)}
0:05:20.489477 - model_outputs {'pose': tensor([[-1.0216, -0.7287,  0.2981,  0.5636, -0.6293, -0.4275,  4.0427, -1.6714,
          0.6352]], device='cuda:0', grad_fn=<AddmmBackward0>)}
0:05:20.490350 - K crop tensor([[[1.7751e+03, 0.0000e+00, 3.0666e+02],
         [0.0000e+00, 1.7751e+03, 5.1516e+01],
         [0.0000e+00, 0.0000e+00, 1.0000e+00]]], device='cuda:0')
0:05:20.491216 - TCO_input tensor([[[ 1.0000,  0.0000,  0.0000, -0.0244],
         [ 0.0000,  1.0000,  0.0000,  0.0113],
         [ 0.0000,  0.0000,  1.0000,  0.2946],
         [ 0.0000,  0.0000,  0.0000,  1.0000]]], device='cuda:0')
0:05:20.492142 - model tco output tensor([[[-0.7921,  0.4456,  0.4172, -0.0151],
         [-0.5650, -0.7939, -0.2246,  0.0070],
         [ 0.2311, -0.4136,  0.8806,  0.1871],
         [ 0.0000,  0.0000,  0.0000,  1.0000]]], device='cuda:0',
       grad_fn=<CopySlices>)
0:05:20.532661 - Wrote debug data: /home/ubuntu/synthetic_pose_estimation/cosypose/local_data/debug_data/debug_iter=1.pth.tar
0:05:20.749629 - TCO_input tensor([[[ 1.0000,  0.0000,  0.0000, -0.0244],
         [ 0.0000,  1.0000,  0.0000,  0.0113],
         [ 0.0000,  0.0000,  1.0000,  0.2946],
         [ 0.0000,  0.0000,  0.0000,  1.0000]]], device='cuda:0')
0:05:20.750713 - vxvyvz tensor([[ 4.0427, -1.6714,  0.6352]], device='cuda:0',
       grad_fn=<SliceBackward0>)
0:05:20.751787 - dR tensor([[[-0.7921,  0.4456,  0.4172],
         [-0.5650, -0.7939, -0.2246],
         [ 0.2311, -0.4136,  0.8806]]], device='cuda:0',
       grad_fn=<StackBackward0>)
0:05:20.752680 - fxfy tensor([[1775.0813, 1775.0817]], device='cuda:0')
0:05:20.755337 - TCO_gt tensor([[[-0.7893,  0.4511,  0.4165, -0.0100],
         [-0.5688, -0.7927, -0.2192,  0.0062],
         [ 0.2313, -0.4099,  0.8823,  0.1920],
         [ 0.0000,  0.0000,  0.0000,  1.0000]]], device='cuda:0')
0:05:20.756459 - TCO pred_orn tensor([[[-0.7921,  0.4456,  0.4172, -0.0100],
         [-0.5650, -0.7939, -0.2246,  0.0062],
         [ 0.2311, -0.4136,  0.8806,  0.1920],
         [ 0.0000,  0.0000,  0.0000,  1.0000]]], device='cuda:0',
       grad_fn=<CopySlices>)
0:05:20.757772 - TCO pred_xy tensor([[[-0.7893,  0.4511,  0.4165, -0.0155],
         [-0.5688, -0.7927, -0.2192,  0.0072],
         [ 0.2313, -0.4099,  0.8823,  0.1920],
         [ 0.0000,  0.0000,  0.0000,  1.0000]]], device='cuda:0',
       grad_fn=<CopySlices>)
0:05:20.759049 - TCO pred_z tensor([[[-0.7893,  0.4511,  0.4165, -0.0100],
         [-0.5688, -0.7927, -0.2192,  0.0062],
         [ 0.2313, -0.4099,  0.8823,  0.1871],
         [ 0.0000,  0.0000,  0.0000,  1.0000]]], device='cuda:0',
       grad_fn=<CopySlices>)
0:05:20.759880 - loss orn tensor([2.9365e-05], device='cuda:0', grad_fn=<MinBackward0>)
0:05:20.760542 - loss xy tensor([0.0022], device='cuda:0', grad_fn=<MinBackward0>)
0:05:20.761224 - loss z tensor([0.0016], device='cuda:0', grad_fn=<MinBackward0>)
  0%|                                        | 0/1 [00:00<?, ?it/s, loss=0.0038]100%|████████████████████████████████| 1/1 [00:00<00:00,  4.26it/s, loss=0.0038]100%|████████████████████████████████| 1/1 [00:00<00:00,  4.25it/s, loss=0.0038]
  0%|                                                     | 0/1 [00:00<?, ?it/s]0:05:20.675057 - iteration 0
0:05:20.712167 - outputs, {'pose': tensor([[-0.8450, -0.5912,  0.3905,  0.6741, -0.4556, -0.3039,  2.9219, -1.5649,
          0.8187]], device='cuda:0')}
0:05:20.713722 - model_outputs {'pose': tensor([[-0.8450, -0.5912,  0.3905,  0.6741, -0.4556, -0.3039,  2.9219, -1.5649,
          0.8187]], device='cuda:0')}
0:05:20.714514 - K crop tensor([[[1.5527e+03, 0.0000e+00, 2.7238e+02],
         [0.0000e+00, 1.5527e+03, 3.1069e+01],
         [0.0000e+00, 0.0000e+00, 1.0000e+00]]], device='cuda:0')
0:05:20.715381 - TCO_input tensor([[[ 1.0000,  0.0000,  0.0000, -0.0189],
         [ 0.0000,  1.0000,  0.0000,  0.0148],
         [ 0.0000,  0.0000,  1.0000,  0.2603],
         [ 0.0000,  0.0000,  0.0000,  1.0000]]], device='cuda:0')
0:05:20.716302 - model tco output tensor([[[-0.7663,  0.4904,  0.4152, -0.0151],
         [-0.5361, -0.8441,  0.0075,  0.0119],
         [ 0.3541, -0.2169,  0.9097,  0.2131],
         [ 0.0000,  0.0000,  0.0000,  1.0000]]], device='cuda:0')
0:05:20.757679 - Wrote debug data: /home/ubuntu/synthetic_pose_estimation/cosypose/local_data/debug_data/debug_iter=1.pth.tar
0:05:20.977659 - TCO_input tensor([[[ 1.0000,  0.0000,  0.0000, -0.0189],
         [ 0.0000,  1.0000,  0.0000,  0.0148],
         [ 0.0000,  0.0000,  1.0000,  0.2603],
         [ 0.0000,  0.0000,  0.0000,  1.0000]]], device='cuda:0')
0:05:20.978724 - vxvyvz tensor([[ 2.9219, -1.5649,  0.8187]], device='cuda:0')
0:05:20.979726 - dR tensor([[[-0.7663,  0.4904,  0.4152],
         [-0.5361, -0.8441,  0.0075],
         [ 0.3541, -0.2169,  0.9097]]], device='cuda:0')
0:05:20.980608 - fxfy tensor([[1552.7302, 1552.7302]], device='cuda:0')
0:05:20.982965 - TCO_gt tensor([[[-0.7893,  0.4511,  0.4165, -0.0100],
         [-0.5688, -0.7927, -0.2192,  0.0062],
         [ 0.2313, -0.4099,  0.8823,  0.1920],
         [ 0.0000,  0.0000,  0.0000,  1.0000]]], device='cuda:0')
0:05:20.983898 - TCO pred_orn tensor([[[-0.7663,  0.4904,  0.4152, -0.0100],
         [-0.5361, -0.8441,  0.0075,  0.0062],
         [ 0.3541, -0.2169,  0.9097,  0.1920],
         [ 0.0000,  0.0000,  0.0000,  1.0000]]], device='cuda:0')
0:05:20.984798 - TCO pred_xy tensor([[[-0.7893,  0.4511,  0.4165, -0.0136],
         [-0.5688, -0.7927, -0.2192,  0.0107],
         [ 0.2313, -0.4099,  0.8823,  0.1920],
         [ 0.0000,  0.0000,  0.0000,  1.0000]]], device='cuda:0')
0:05:20.985718 - TCO pred_z tensor([[[-0.7893,  0.4511,  0.4165, -0.0100],
         [-0.5688, -0.7927, -0.2192,  0.0062],
         [ 0.2313, -0.4099,  0.8823,  0.2131],
         [ 0.0000,  0.0000,  0.0000,  1.0000]]], device='cuda:0')
0:05:20.986362 - loss orn tensor([0.0009], device='cuda:0')
0:05:20.986987 - loss xy tensor([0.0027], device='cuda:0')
0:05:20.987610 - loss z tensor([0.0071], device='cuda:0')
100%|█████████████████████████████████████████████| 1/1 [00:00<00:00,  7.61it/s]100%|█████████████████████████████████████████████| 1/1 [00:00<00:00,  7.59it/s]
0:05:20.673793 - saving /home/ubuntu/synthetic_pose_estimation/cosypose/local_data/experiments/bracket_assembly_debug_nut_nosym_coarse_noaug--938962 610
  0%|                                                     | 0/1 [00:00<?, ?it/s]0:05:21.085571 - iteration 0
0:05:21.129124 - outputs, {'pose': tensor([[-1.0241, -0.7376,  0.3027,  0.5659, -0.6363, -0.4245,  4.0599, -1.6797,
          0.6544]], device='cuda:0', grad_fn=<AddmmBackward0>)}
0:05:21.130719 - model_outputs {'pose': tensor([[-1.0241, -0.7376,  0.3027,  0.5659, -0.6363, -0.4245,  4.0599, -1.6797,
          0.6544]], device='cuda:0', grad_fn=<AddmmBackward0>)}
0:05:21.131500 - K crop tensor([[[ 1.8198e+03,  0.0000e+00,  2.2796e+02],
         [ 0.0000e+00,  1.8198e+03, -1.3611e+00],
         [ 0.0000e+00,  0.0000e+00,  1.0000e+00]]], device='cuda:0')
0:05:21.132353 - TCO_input tensor([[[ 1.0000,  0.0000,  0.0000, -0.0115],
         [ 0.0000,  1.0000,  0.0000,  0.0203],
         [ 0.0000,  0.0000,  1.0000,  0.3052],
         [ 0.0000,  0.0000,  0.0000,  1.0000]]], device='cuda:0')
0:05:21.133270 - model tco output tensor([[[-0.7891,  0.4508,  0.4174, -0.0071],
         [-0.5683, -0.7936, -0.2174,  0.0131],
         [ 0.2332, -0.4088,  0.8823,  0.1997],
         [ 0.0000,  0.0000,  0.0000,  1.0000]]], device='cuda:0',
       grad_fn=<CopySlices>)
0:05:21.175513 - Wrote debug data: /home/ubuntu/synthetic_pose_estimation/cosypose/local_data/debug_data/debug_iter=1.pth.tar
0:05:21.389179 - TCO_input tensor([[[ 1.0000,  0.0000,  0.0000, -0.0115],
         [ 0.0000,  1.0000,  0.0000,  0.0203],
         [ 0.0000,  0.0000,  1.0000,  0.3052],
         [ 0.0000,  0.0000,  0.0000,  1.0000]]], device='cuda:0')
0:05:21.390240 - vxvyvz tensor([[ 4.0599, -1.6797,  0.6544]], device='cuda:0',
       grad_fn=<SliceBackward0>)
0:05:21.391259 - dR tensor([[[-0.7891,  0.4508,  0.4174],
         [-0.5683, -0.7936, -0.2174],
         [ 0.2332, -0.4088,  0.8823]]], device='cuda:0',
       grad_fn=<StackBackward0>)
0:05:21.392147 - fxfy tensor([[1819.7587, 1819.7590]], device='cuda:0')
0:05:21.394703 - TCO_gt tensor([[[-0.7893,  0.4511,  0.4165, -0.0100],
         [-0.5688, -0.7927, -0.2192,  0.0062],
         [ 0.2313, -0.4099,  0.8823,  0.1920],
         [ 0.0000,  0.0000,  0.0000,  1.0000]]], device='cuda:0')
0:05:21.395624 - TCO pred_orn tensor([[[-0.7891,  0.4508,  0.4174, -0.0100],
         [-0.5683, -0.7936, -0.2174,  0.0062],
         [ 0.2332, -0.4088,  0.8823,  0.1920],
         [ 0.0000,  0.0000,  0.0000,  1.0000]]], device='cuda:0',
       grad_fn=<CopySlices>)
0:05:21.396522 - TCO pred_xy tensor([[[-0.7893,  0.4511,  0.4165, -0.0068],
         [-0.5688, -0.7927, -0.2192,  0.0126],
         [ 0.2313, -0.4099,  0.8823,  0.1920],
         [ 0.0000,  0.0000,  0.0000,  1.0000]]], device='cuda:0',
       grad_fn=<CopySlices>)
0:05:21.397487 - TCO pred_z tensor([[[-0.7893,  0.4511,  0.4165, -0.0100],
         [-0.5688, -0.7927, -0.2192,  0.0062],
         [ 0.2313, -0.4099,  0.8823,  0.1997],
         [ 0.0000,  0.0000,  0.0000,  1.0000]]], device='cuda:0',
       grad_fn=<CopySlices>)
0:05:21.401485 - loss orn tensor([8.7510e-06], device='cuda:0', grad_fn=<MinBackward0>)
0:05:21.402113 - loss xy tensor([0.0032], device='cuda:0', grad_fn=<MinBackward0>)
0:05:21.402738 - loss z tensor([0.0026], device='cuda:0', grad_fn=<MinBackward0>)
  0%|                                        | 0/1 [00:00<?, ?it/s, loss=0.0058]100%|████████████████████████████████| 1/1 [00:00<00:00,  4.55it/s, loss=0.0058]100%|████████████████████████████████| 1/1 [00:00<00:00,  4.54it/s, loss=0.0058]
0:05:21.178503 - saving /home/ubuntu/synthetic_pose_estimation/cosypose/local_data/experiments/bracket_assembly_debug_nut_nosym_coarse_noaug--938962 611
  0%|                                                     | 0/1 [00:00<?, ?it/s]0:05:21.593890 - iteration 0
0:05:21.636781 - outputs, {'pose': tensor([[-1.0170, -0.7343,  0.2993,  0.5680, -0.6376, -0.4265,  4.0445, -1.6706,
          0.6402]], device='cuda:0', grad_fn=<AddmmBackward0>)}
0:05:21.638338 - model_outputs {'pose': tensor([[-1.0170, -0.7343,  0.2993,  0.5680, -0.6376, -0.4265,  4.0445, -1.6706,
          0.6402]], device='cuda:0', grad_fn=<AddmmBackward0>)}
0:05:21.639090 - K crop tensor([[[1.8043e+03, 0.0000e+00, 1.5873e+02],
         [0.0000e+00, 1.8043e+03, 3.3566e+01],
         [0.0000e+00, 0.0000e+00, 1.0000e+00]]], device='cuda:0')
0:05:21.639895 - TCO_input tensor([[[1.0000e+00, 0.0000e+00, 0.0000e+00, 1.2843e-04],
         [0.0000e+00, 1.0000e+00, 0.0000e+00, 1.4310e-02],
         [0.0000e+00, 0.0000e+00, 1.0000e+00, 3.0047e-01],
         [0.0000e+00, 0.0000e+00, 0.0000e+00, 1.0000e+00]]], device='cuda:0')
0:05:21.640749 - model tco output tensor([[[-7.8863e-01,  4.5159e-01,  4.1729e-01,  5.1336e-04],
         [-5.6938e-01, -7.9253e-01, -2.1839e-01,  8.9826e-03],
         [ 2.3209e-01, -4.0983e-01,  8.8214e-01,  1.9235e-01],
         [ 0.0000e+00,  0.0000e+00,  0.0000e+00,  1.0000e+00]]],
       device='cuda:0', grad_fn=<CopySlices>)
0:05:21.678008 - Wrote debug data: /home/ubuntu/synthetic_pose_estimation/cosypose/local_data/debug_data/debug_iter=1.pth.tar
0:05:21.890492 - TCO_input tensor([[[1.0000e+00, 0.0000e+00, 0.0000e+00, 1.2843e-04],
         [0.0000e+00, 1.0000e+00, 0.0000e+00, 1.4310e-02],
         [0.0000e+00, 0.0000e+00, 1.0000e+00, 3.0047e-01],
         [0.0000e+00, 0.0000e+00, 0.0000e+00, 1.0000e+00]]], device='cuda:0')
0:05:21.891481 - vxvyvz tensor([[ 4.0445, -1.6706,  0.6402]], device='cuda:0',
       grad_fn=<SliceBackward0>)
0:05:21.892469 - dR tensor([[[-0.7886,  0.4516,  0.4173],
         [-0.5694, -0.7925, -0.2184],
         [ 0.2321, -0.4098,  0.8821]]], device='cuda:0',
       grad_fn=<StackBackward0>)
0:05:21.893352 - fxfy tensor([[1804.3347, 1804.3348]], device='cuda:0')
0:05:21.895863 - TCO_gt tensor([[[-0.7893,  0.4511,  0.4165, -0.0100],
         [-0.5688, -0.7927, -0.2192,  0.0062],
         [ 0.2313, -0.4099,  0.8823,  0.1920],
         [ 0.0000,  0.0000,  0.0000,  1.0000]]], device='cuda:0')
0:05:21.896770 - TCO pred_orn tensor([[[-0.7886,  0.4516,  0.4173, -0.0100],
         [-0.5694, -0.7925, -0.2184,  0.0062],
         [ 0.2321, -0.4098,  0.8821,  0.1920],
         [ 0.0000,  0.0000,  0.0000,  1.0000]]], device='cuda:0',
       grad_fn=<CopySlices>)
0:05:21.897668 - TCO pred_xy tensor([[[-7.8929e-01,  4.5115e-01,  4.1651e-01,  5.1235e-04],
         [-5.6879e-01, -7.9274e-01, -2.1920e-01,  8.9650e-03],
         [ 2.3129e-01, -4.0992e-01,  8.8231e-01,  1.9197e-01],
         [ 0.0000e+00,  0.0000e+00,  0.0000e+00,  1.0000e+00]]],
       device='cuda:0', grad_fn=<CopySlices>)
0:05:21.898566 - TCO pred_z tensor([[[-0.7893,  0.4511,  0.4165, -0.0100],
         [-0.5688, -0.7927, -0.2192,  0.0062],
         [ 0.2313, -0.4099,  0.8823,  0.1923],
         [ 0.0000,  0.0000,  0.0000,  1.0000]]], device='cuda:0',
       grad_fn=<CopySlices>)
0:05:21.899191 - loss orn tensor([4.9091e-06], device='cuda:0', grad_fn=<MinBackward0>)
0:05:21.899816 - loss xy tensor([0.0044], device='cuda:0', grad_fn=<MinBackward0>)
0:05:21.900435 - loss z tensor([0.0001], device='cuda:0', grad_fn=<MinBackward0>)
  0%|                                       | 0/1 [00:00<?, ?it/s, loss=0.00457]100%|███████████████████████████████| 1/1 [00:00<00:00,  4.67it/s, loss=0.00457]100%|███████████████████████████████| 1/1 [00:00<00:00,  4.66it/s, loss=0.00457]
0:05:21.692499 - saving /home/ubuntu/synthetic_pose_estimation/cosypose/local_data/experiments/bracket_assembly_debug_nut_nosym_coarse_noaug--938962 612
  0%|                                                     | 0/1 [00:00<?, ?it/s]0:05:22.107669 - iteration 0
0:05:22.151782 - outputs, {'pose': tensor([[-1.0146, -0.7350,  0.2981,  0.5661, -0.6323, -0.4276,  4.0433, -1.6778,
          0.6433]], device='cuda:0', grad_fn=<AddmmBackward0>)}
0:05:22.153425 - model_outputs {'pose': tensor([[-1.0146, -0.7350,  0.2981,  0.5661, -0.6323, -0.4276,  4.0433, -1.6778,
          0.6433]], device='cuda:0', grad_fn=<AddmmBackward0>)}
0:05:22.154287 - K crop tensor([[[1.8939e+03, 0.0000e+00, 2.9109e+02],
         [0.0000e+00, 1.8939e+03, 4.1053e+01],
         [0.0000e+00, 0.0000e+00, 1.0000e+00]]], device='cuda:0')
0:05:22.155490 - TCO_input tensor([[[ 1.0000,  0.0000,  0.0000, -0.0218],
         [ 0.0000,  1.0000,  0.0000,  0.0130],
         [ 0.0000,  0.0000,  1.0000,  0.3143],
         [ 0.0000,  0.0000,  0.0000,  1.0000]]], device='cuda:0')
0:05:22.157250 - model tco output tensor([[[-0.7878,  0.4516,  0.4187, -0.0136],
         [-0.5707, -0.7909, -0.2208,  0.0082],
         [ 0.2315, -0.4129,  0.8809,  0.2022],
         [ 0.0000,  0.0000,  0.0000,  1.0000]]], device='cuda:0',
       grad_fn=<CopySlices>)
0:05:22.196109 - Wrote debug data: /home/ubuntu/synthetic_pose_estimation/cosypose/local_data/debug_data/debug_iter=1.pth.tar
0:05:22.410884 - TCO_input tensor([[[ 1.0000,  0.0000,  0.0000, -0.0218],
         [ 0.0000,  1.0000,  0.0000,  0.0130],
         [ 0.0000,  0.0000,  1.0000,  0.3143],
         [ 0.0000,  0.0000,  0.0000,  1.0000]]], device='cuda:0')
0:05:22.411916 - vxvyvz tensor([[ 4.0433, -1.6778,  0.6433]], device='cuda:0',
       grad_fn=<SliceBackward0>)
0:05:22.412953 - dR tensor([[[-0.7878,  0.4516,  0.4187],
         [-0.5707, -0.7909, -0.2208],
         [ 0.2315, -0.4129,  0.8809]]], device='cuda:0',
       grad_fn=<StackBackward0>)
0:05:22.413874 - fxfy tensor([[1893.9207, 1893.9207]], device='cuda:0')
0:05:22.416373 - TCO_gt tensor([[[-0.7893,  0.4511,  0.4165, -0.0100],
         [-0.5688, -0.7927, -0.2192,  0.0062],
         [ 0.2313, -0.4099,  0.8823,  0.1920],
         [ 0.0000,  0.0000,  0.0000,  1.0000]]], device='cuda:0')
0:05:22.417346 - TCO pred_orn tensor([[[-0.7878,  0.4516,  0.4187, -0.0100],
         [-0.5707, -0.7909, -0.2208,  0.0062],
         [ 0.2315, -0.4129,  0.8809,  0.1920],
         [ 0.0000,  0.0000,  0.0000,  1.0000]]], device='cuda:0',
       grad_fn=<CopySlices>)
0:05:22.418238 - TCO pred_xy tensor([[[-0.7893,  0.4511,  0.4165, -0.0129],
         [-0.5688, -0.7927, -0.2192,  0.0078],
         [ 0.2313, -0.4099,  0.8823,  0.1920],
         [ 0.0000,  0.0000,  0.0000,  1.0000]]], device='cuda:0',
       grad_fn=<CopySlices>)
0:05:22.419147 - TCO pred_z tensor([[[-0.7893,  0.4511,  0.4165, -0.0100],
         [-0.5688, -0.7927, -0.2192,  0.0062],
         [ 0.2313, -0.4099,  0.8823,  0.2022],
         [ 0.0000,  0.0000,  0.0000,  1.0000]]], device='cuda:0',
       grad_fn=<CopySlices>)
0:05:22.419772 - loss orn tensor([1.5478e-05], device='cuda:0', grad_fn=<MinBackward0>)
0:05:22.420383 - loss xy tensor([0.0015], device='cuda:0', grad_fn=<MinBackward0>)
0:05:22.421005 - loss z tensor([0.0034], device='cuda:0', grad_fn=<MinBackward0>)
  0%|                                       | 0/1 [00:00<?, ?it/s, loss=0.00494]100%|███████████████████████████████| 1/1 [00:00<00:00,  4.50it/s, loss=0.00494]100%|███████████████████████████████| 1/1 [00:00<00:00,  4.49it/s, loss=0.00494]
0:05:22.195640 - saving /home/ubuntu/synthetic_pose_estimation/cosypose/local_data/experiments/bracket_assembly_debug_nut_nosym_coarse_noaug--938962 613
  0%|                                                     | 0/1 [00:00<?, ?it/s]0:05:22.610914 - iteration 0
0:05:22.654228 - outputs, {'pose': tensor([[-1.0202, -0.7305,  0.2945,  0.5662, -0.6379, -0.4199,  4.0356, -1.6723,
          0.6153]], device='cuda:0', grad_fn=<AddmmBackward0>)}
0:05:22.655796 - model_outputs {'pose': tensor([[-1.0202, -0.7305,  0.2945,  0.5662, -0.6379, -0.4199,  4.0356, -1.6723,
          0.6153]], device='cuda:0', grad_fn=<AddmmBackward0>)}
0:05:22.656561 - K crop tensor([[[1.7179e+03, 0.0000e+00, 2.3863e+02],
         [0.0000e+00, 1.7179e+03, 7.1860e+01],
         [0.0000e+00, 0.0000e+00, 1.0000e+00]]], device='cuda:0')
0:05:22.657407 - TCO_input tensor([[[ 1.0000,  0.0000,  0.0000, -0.0131],
         [ 0.0000,  1.0000,  0.0000,  0.0079],
         [ 0.0000,  0.0000,  1.0000,  0.2841],
         [ 0.0000,  0.0000,  0.0000,  1.0000]]], device='cuda:0')
0:05:22.658309 - model tco output tensor([[[-0.7916,  0.4520,  0.4113, -0.0076],
         [-0.5668, -0.7946, -0.2176,  0.0047],
         [ 0.2285, -0.4053,  0.8852,  0.1748],
         [ 0.0000,  0.0000,  0.0000,  1.0000]]], device='cuda:0',
       grad_fn=<CopySlices>)
0:05:22.698248 - Wrote debug data: /home/ubuntu/synthetic_pose_estimation/cosypose/local_data/debug_data/debug_iter=1.pth.tar
0:05:22.911196 - TCO_input tensor([[[ 1.0000,  0.0000,  0.0000, -0.0131],
         [ 0.0000,  1.0000,  0.0000,  0.0079],
         [ 0.0000,  0.0000,  1.0000,  0.2841],
         [ 0.0000,  0.0000,  0.0000,  1.0000]]], device='cuda:0')
0:05:22.912122 - vxvyvz tensor([[ 4.0356, -1.6723,  0.6153]], device='cuda:0',
       grad_fn=<SliceBackward0>)
0:05:22.913116 - dR tensor([[[-0.7916,  0.4520,  0.4113],
         [-0.5668, -0.7946, -0.2176],
         [ 0.2285, -0.4053,  0.8852]]], device='cuda:0',
       grad_fn=<StackBackward0>)
0:05:22.913996 - fxfy tensor([[1717.8657, 1717.8658]], device='cuda:0')
0:05:22.916451 - TCO_gt tensor([[[-0.7893,  0.4511,  0.4165, -0.0100],
         [-0.5688, -0.7927, -0.2192,  0.0062],
         [ 0.2313, -0.4099,  0.8823,  0.1920],
         [ 0.0000,  0.0000,  0.0000,  1.0000]]], device='cuda:0')
0:05:22.917387 - TCO pred_orn tensor([[[-0.7916,  0.4520,  0.4113, -0.0100],
         [-0.5668, -0.7946, -0.2176,  0.0062],
         [ 0.2285, -0.4053,  0.8852,  0.1920],
         [ 0.0000,  0.0000,  0.0000,  1.0000]]], device='cuda:0',
       grad_fn=<CopySlices>)
0:05:22.918281 - TCO pred_xy tensor([[[-0.7893,  0.4511,  0.4165, -0.0084],
         [-0.5688, -0.7927, -0.2192,  0.0051],
         [ 0.2313, -0.4099,  0.8823,  0.1920],
         [ 0.0000,  0.0000,  0.0000,  1.0000]]], device='cuda:0',
       grad_fn=<CopySlices>)
0:05:22.919188 - TCO pred_z tensor([[[-0.7893,  0.4511,  0.4165, -0.0100],
         [-0.5688, -0.7927, -0.2192,  0.0062],
         [ 0.2313, -0.4099,  0.8823,  0.1748],
         [ 0.0000,  0.0000,  0.0000,  1.0000]]], device='cuda:0',
       grad_fn=<CopySlices>)
0:05:22.919810 - loss orn tensor([2.4645e-05], device='cuda:0', grad_fn=<MinBackward0>)
0:05:22.920434 - loss xy tensor([0.0009], device='cuda:0', grad_fn=<MinBackward0>)
0:05:22.921058 - loss z tensor([0.0057], device='cuda:0', grad_fn=<MinBackward0>)
  0%|                                       | 0/1 [00:00<?, ?it/s, loss=0.00663]100%|███████████████████████████████| 1/1 [00:00<00:00,  4.62it/s, loss=0.00663]100%|███████████████████████████████| 1/1 [00:00<00:00,  4.62it/s, loss=0.00663]
0:05:22.690981 - saving /home/ubuntu/synthetic_pose_estimation/cosypose/local_data/experiments/bracket_assembly_debug_nut_nosym_coarse_noaug--938962 614
  0%|                                                     | 0/1 [00:00<?, ?it/s]0:05:23.106352 - iteration 0
0:05:23.149821 - outputs, {'pose': tensor([[-1.0105, -0.7233,  0.2952,  0.5644, -0.6287, -0.4192,  4.0306, -1.6695,
          0.6309]], device='cuda:0', grad_fn=<AddmmBackward0>)}
0:05:23.151463 - model_outputs {'pose': tensor([[-1.0105, -0.7233,  0.2952,  0.5644, -0.6287, -0.4192,  4.0306, -1.6695,
          0.6309]], device='cuda:0', grad_fn=<AddmmBackward0>)}
0:05:23.152246 - K crop tensor([[[1.6796e+03, 0.0000e+00, 2.5550e+02],
         [0.0000e+00, 1.6796e+03, 6.3599e+01],
         [0.0000e+00, 0.0000e+00, 1.0000e+00]]], device='cuda:0')
0:05:23.153110 - TCO_input tensor([[[ 1.0000,  0.0000,  0.0000, -0.0159],
         [ 0.0000,  1.0000,  0.0000,  0.0093],
         [ 0.0000,  0.0000,  1.0000,  0.2785],
         [ 0.0000,  0.0000,  0.0000,  1.0000]]], device='cuda:0')
0:05:23.154030 - model tco output tensor([[[-0.7911,  0.4502,  0.4140, -0.0096],
         [-0.5663, -0.7949, -0.2177,  0.0057],
         [ 0.2311, -0.4067,  0.8838,  0.1757],
         [ 0.0000,  0.0000,  0.0000,  1.0000]]], device='cuda:0',
       grad_fn=<CopySlices>)
0:05:23.192591 - Wrote debug data: /home/ubuntu/synthetic_pose_estimation/cosypose/local_data/debug_data/debug_iter=1.pth.tar
0:05:23.405857 - TCO_input tensor([[[ 1.0000,  0.0000,  0.0000, -0.0159],
         [ 0.0000,  1.0000,  0.0000,  0.0093],
         [ 0.0000,  0.0000,  1.0000,  0.2785],
         [ 0.0000,  0.0000,  0.0000,  1.0000]]], device='cuda:0')
0:05:23.406800 - vxvyvz tensor([[ 4.0306, -1.6695,  0.6309]], device='cuda:0',
       grad_fn=<SliceBackward0>)
0:05:23.407811 - dR tensor([[[-0.7911,  0.4502,  0.4140],
         [-0.5663, -0.7949, -0.2177],
         [ 0.2311, -0.4067,  0.8838]]], device='cuda:0',
       grad_fn=<StackBackward0>)
0:05:23.408650 - fxfy tensor([[1679.5587, 1679.5587]], device='cuda:0')
0:05:23.411140 - TCO_gt tensor([[[-0.7893,  0.4511,  0.4165, -0.0100],
         [-0.5688, -0.7927, -0.2192,  0.0062],
         [ 0.2313, -0.4099,  0.8823,  0.1920],
         [ 0.0000,  0.0000,  0.0000,  1.0000]]], device='cuda:0')
0:05:23.412037 - TCO pred_orn tensor([[[-0.7911,  0.4502,  0.4140, -0.0100],
         [-0.5663, -0.7949, -0.2177,  0.0062],
         [ 0.2311, -0.4067,  0.8838,  0.1920],
         [ 0.0000,  0.0000,  0.0000,  1.0000]]], device='cuda:0',
       grad_fn=<CopySlices>)
0:05:23.412961 - TCO pred_xy tensor([[[-0.7893,  0.4511,  0.4165, -0.0105],
         [-0.5688, -0.7927, -0.2192,  0.0062],
         [ 0.2313, -0.4099,  0.8823,  0.1920],
         [ 0.0000,  0.0000,  0.0000,  1.0000]]], device='cuda:0',
       grad_fn=<CopySlices>)
0:05:23.413890 - TCO pred_z tensor([[[-0.7893,  0.4511,  0.4165, -0.0100],
         [-0.5688, -0.7927, -0.2192,  0.0062],
         [ 0.2313, -0.4099,  0.8823,  0.1757],
         [ 0.0000,  0.0000,  0.0000,  1.0000]]], device='cuda:0',
       grad_fn=<CopySlices>)
0:05:23.414525 - loss orn tensor([1.8476e-05], device='cuda:0', grad_fn=<MinBackward0>)
0:05:23.415134 - loss xy tensor([0.0002], device='cuda:0', grad_fn=<MinBackward0>)
0:05:23.415742 - loss z tensor([0.0054], device='cuda:0', grad_fn=<MinBackward0>)
  0%|                                       | 0/1 [00:00<?, ?it/s, loss=0.00562]100%|███████████████████████████████| 1/1 [00:00<00:00,  4.63it/s, loss=0.00562]100%|███████████████████████████████| 1/1 [00:00<00:00,  4.62it/s, loss=0.00562]
0:05:23.190906 - saving /home/ubuntu/synthetic_pose_estimation/cosypose/local_data/experiments/bracket_assembly_debug_nut_nosym_coarse_noaug--938962 615
  0%|                                                     | 0/1 [00:00<?, ?it/s]0:05:23.606185 - iteration 0
0:05:23.649226 - outputs, {'pose': tensor([[-1.0090, -0.7299,  0.2890,  0.5616, -0.6368, -0.4232,  4.0343, -1.6732,
          0.6219]], device='cuda:0', grad_fn=<AddmmBackward0>)}
0:05:23.650760 - model_outputs {'pose': tensor([[-1.0090, -0.7299,  0.2890,  0.5616, -0.6368, -0.4232,  4.0343, -1.6732,
          0.6219]], device='cuda:0', grad_fn=<AddmmBackward0>)}
0:05:23.651509 - K crop tensor([[[2.0107e+03, 0.0000e+00, 2.6677e+02],
         [0.0000e+00, 2.0107e+03, 1.0395e+02],
         [0.0000e+00, 0.0000e+00, 1.0000e+00]]], device='cuda:0')
0:05:23.652338 - TCO_input tensor([[[ 1.0000,  0.0000,  0.0000, -0.0175],
         [ 0.0000,  1.0000,  0.0000,  0.0025],
         [ 0.0000,  0.0000,  1.0000,  0.3289],
         [ 0.0000,  0.0000,  0.0000,  1.0000]]], device='cuda:0')
0:05:23.653233 - model tco output tensor([[[-0.7893,  0.4539,  0.4135, -0.0105],
         [-0.5709, -0.7904, -0.2221,  0.0014],
         [ 0.2260, -0.4114,  0.8830,  0.2045],
         [ 0.0000,  0.0000,  0.0000,  1.0000]]], device='cuda:0',
       grad_fn=<CopySlices>)
0:05:23.690865 - Wrote debug data: /home/ubuntu/synthetic_pose_estimation/cosypose/local_data/debug_data/debug_iter=1.pth.tar
0:05:23.904209 - TCO_input tensor([[[ 1.0000,  0.0000,  0.0000, -0.0175],
         [ 0.0000,  1.0000,  0.0000,  0.0025],
         [ 0.0000,  0.0000,  1.0000,  0.3289],
         [ 0.0000,  0.0000,  0.0000,  1.0000]]], device='cuda:0')
0:05:23.905186 - vxvyvz tensor([[ 4.0343, -1.6732,  0.6219]], device='cuda:0',
       grad_fn=<SliceBackward0>)
0:05:23.906199 - dR tensor([[[-0.7893,  0.4539,  0.4135],
         [-0.5709, -0.7904, -0.2221],
         [ 0.2260, -0.4114,  0.8830]]], device='cuda:0',
       grad_fn=<StackBackward0>)
0:05:23.907079 - fxfy tensor([[2010.7219, 2010.7220]], device='cuda:0')
0:05:23.909583 - TCO_gt tensor([[[-0.7893,  0.4511,  0.4165, -0.0100],
         [-0.5688, -0.7927, -0.2192,  0.0062],
         [ 0.2313, -0.4099,  0.8823,  0.1920],
         [ 0.0000,  0.0000,  0.0000,  1.0000]]], device='cuda:0')
0:05:23.910517 - TCO pred_orn tensor([[[-0.7893,  0.4539,  0.4135, -0.0100],
         [-0.5709, -0.7904, -0.2221,  0.0062],
         [ 0.2260, -0.4114,  0.8830,  0.1920],
         [ 0.0000,  0.0000,  0.0000,  1.0000]]], device='cuda:0',
       grad_fn=<CopySlices>)
0:05:23.911449 - TCO pred_xy tensor([[[-0.7893,  0.4511,  0.4165, -0.0099],
         [-0.5688, -0.7927, -0.2192,  0.0013],
         [ 0.2313, -0.4099,  0.8823,  0.1920],
         [ 0.0000,  0.0000,  0.0000,  1.0000]]], device='cuda:0',
       grad_fn=<CopySlices>)
0:05:23.912330 - TCO pred_z tensor([[[-0.7893,  0.4511,  0.4165, -0.0100],
         [-0.5688, -0.7927, -0.2192,  0.0062],
         [ 0.2313, -0.4099,  0.8823,  0.2045],
         [ 0.0000,  0.0000,  0.0000,  1.0000]]], device='cuda:0',
       grad_fn=<CopySlices>)
0:05:23.912992 - loss orn tensor([2.4435e-05], device='cuda:0', grad_fn=<MinBackward0>)
0:05:23.913627 - loss xy tensor([0.0017], device='cuda:0', grad_fn=<MinBackward0>)
0:05:23.914241 - loss z tensor([0.0042], device='cuda:0', grad_fn=<MinBackward0>)
  0%|                                       | 0/1 [00:00<?, ?it/s, loss=0.00589]100%|███████████████████████████████| 1/1 [00:00<00:00,  4.64it/s, loss=0.00589]100%|███████████████████████████████| 1/1 [00:00<00:00,  4.63it/s, loss=0.00589]
0:05:23.686305 - saving /home/ubuntu/synthetic_pose_estimation/cosypose/local_data/experiments/bracket_assembly_debug_nut_nosym_coarse_noaug--938962 616
  0%|                                                     | 0/1 [00:00<?, ?it/s]0:05:24.101407 - iteration 0
0:05:24.148219 - outputs, {'pose': tensor([[-1.0202, -0.7401,  0.3013,  0.5706, -0.6408, -0.4224,  4.0570, -1.6867,
          0.6463]], device='cuda:0', grad_fn=<AddmmBackward0>)}
0:05:24.150514 - model_outputs {'pose': tensor([[-1.0202, -0.7401,  0.3013,  0.5706, -0.6408, -0.4224,  4.0570, -1.6867,
          0.6463]], device='cuda:0', grad_fn=<AddmmBackward0>)}
0:05:24.151412 - K crop tensor([[[1.9256e+03, 0.0000e+00, 2.7011e+02],
         [0.0000e+00, 1.9256e+03, 3.3789e+01],
         [0.0000e+00, 0.0000e+00, 1.0000e+00]]], device='cuda:0')
0:05:24.152255 - TCO_input tensor([[[ 1.0000,  0.0000,  0.0000, -0.0184],
         [ 0.0000,  1.0000,  0.0000,  0.0142],
         [ 0.0000,  0.0000,  1.0000,  0.3199],
         [ 0.0000,  0.0000,  0.0000,  1.0000]]], device='cuda:0')
0:05:24.153156 - model tco output tensor([[[-0.7873,  0.4555,  0.4156, -0.0114],
         [-0.5711, -0.7928, -0.2129,  0.0090],
         [ 0.2325, -0.4049,  0.8843,  0.2067],
         [ 0.0000,  0.0000,  0.0000,  1.0000]]], device='cuda:0',
       grad_fn=<CopySlices>)
0:05:24.191604 - Wrote debug data: /home/ubuntu/synthetic_pose_estimation/cosypose/local_data/debug_data/debug_iter=1.pth.tar
0:05:24.405364 - TCO_input tensor([[[ 1.0000,  0.0000,  0.0000, -0.0184],
         [ 0.0000,  1.0000,  0.0000,  0.0142],
         [ 0.0000,  0.0000,  1.0000,  0.3199],
         [ 0.0000,  0.0000,  0.0000,  1.0000]]], device='cuda:0')
0:05:24.406356 - vxvyvz tensor([[ 4.0570, -1.6867,  0.6463]], device='cuda:0',
       grad_fn=<SliceBackward0>)
0:05:24.407364 - dR tensor([[[-0.7873,  0.4555,  0.4156],
         [-0.5711, -0.7928, -0.2129],
         [ 0.2325, -0.4049,  0.8843]]], device='cuda:0',
       grad_fn=<StackBackward0>)
0:05:24.408256 - fxfy tensor([[1925.5563, 1925.5564]], device='cuda:0')
0:05:24.410807 - TCO_gt tensor([[[-0.7893,  0.4511,  0.4165, -0.0100],
         [-0.5688, -0.7927, -0.2192,  0.0062],
         [ 0.2313, -0.4099,  0.8823,  0.1920],
         [ 0.0000,  0.0000,  0.0000,  1.0000]]], device='cuda:0')
0:05:24.411732 - TCO pred_orn tensor([[[-0.7873,  0.4555,  0.4156, -0.0100],
         [-0.5711, -0.7928, -0.2129,  0.0062],
         [ 0.2325, -0.4049,  0.8843,  0.1920],
         [ 0.0000,  0.0000,  0.0000,  1.0000]]], device='cuda:0',
       grad_fn=<CopySlices>)
0:05:24.412649 - TCO pred_xy tensor([[[-0.7893,  0.4511,  0.4165, -0.0106],
         [-0.5688, -0.7927, -0.2192,  0.0084],
         [ 0.2313, -0.4099,  0.8823,  0.1920],
         [ 0.0000,  0.0000,  0.0000,  1.0000]]], device='cuda:0',
       grad_fn=<CopySlices>)
0:05:24.413607 - TCO pred_z tensor([[[-0.7893,  0.4511,  0.4165, -0.0100],
         [-0.5688, -0.7927, -0.2192,  0.0062],
         [ 0.2313, -0.4099,  0.8823,  0.2067],
         [ 0.0000,  0.0000,  0.0000,  1.0000]]], device='cuda:0',
       grad_fn=<CopySlices>)
0:05:24.414248 - loss orn tensor([2.9253e-05], device='cuda:0', grad_fn=<MinBackward0>)
0:05:24.414873 - loss xy tensor([0.0009], device='cuda:0', grad_fn=<MinBackward0>)
0:05:24.415499 - loss z tensor([0.0049], device='cuda:0', grad_fn=<MinBackward0>)
  0%|                                       | 0/1 [00:00<?, ?it/s, loss=0.00589]100%|███████████████████████████████| 1/1 [00:00<00:00,  4.52it/s, loss=0.00589]100%|███████████████████████████████| 1/1 [00:00<00:00,  4.51it/s, loss=0.00589]
0:05:24.188041 - saving /home/ubuntu/synthetic_pose_estimation/cosypose/local_data/experiments/bracket_assembly_debug_nut_nosym_coarse_noaug--938962 617
  0%|                                                     | 0/1 [00:00<?, ?it/s]0:05:24.603434 - iteration 0
0:05:24.650956 - outputs, {'pose': tensor([[-1.0105, -0.7279,  0.2947,  0.5579, -0.6363, -0.4158,  4.0274, -1.6741,
          0.6233]], device='cuda:0', grad_fn=<AddmmBackward0>)}
0:05:24.652606 - model_outputs {'pose': tensor([[-1.0105, -0.7279,  0.2947,  0.5579, -0.6363, -0.4158,  4.0274, -1.6741,
          0.6233]], device='cuda:0', grad_fn=<AddmmBackward0>)}
0:05:24.653405 - K crop tensor([[[1.8953e+03, 0.0000e+00, 2.2888e+02],
         [0.0000e+00, 1.8953e+03, 7.1117e+01],
         [0.0000e+00, 0.0000e+00, 1.0000e+00]]], device='cuda:0')
0:05:24.654277 - TCO_input tensor([[[ 1.0000,  0.0000,  0.0000, -0.0114],
         [ 0.0000,  1.0000,  0.0000,  0.0080],
         [ 0.0000,  0.0000,  1.0000,  0.3126],
         [ 0.0000,  0.0000,  0.0000,  1.0000]]], device='cuda:0')
0:05:24.655179 - model tco output tensor([[[-0.7896,  0.4535,  0.4134, -0.0067],
         [-0.5687, -0.7937, -0.2157,  0.0048],
         [ 0.2303, -0.4054,  0.8847,  0.1948],
         [ 0.0000,  0.0000,  0.0000,  1.0000]]], device='cuda:0',
       grad_fn=<CopySlices>)
0:05:24.695604 - Wrote debug data: /home/ubuntu/synthetic_pose_estimation/cosypose/local_data/debug_data/debug_iter=1.pth.tar
0:05:24.910323 - TCO_input tensor([[[ 1.0000,  0.0000,  0.0000, -0.0114],
         [ 0.0000,  1.0000,  0.0000,  0.0080],
         [ 0.0000,  0.0000,  1.0000,  0.3126],
         [ 0.0000,  0.0000,  0.0000,  1.0000]]], device='cuda:0')
0:05:24.911429 - vxvyvz tensor([[ 4.0274, -1.6741,  0.6233]], device='cuda:0',
       grad_fn=<SliceBackward0>)
0:05:24.912491 - dR tensor([[[-0.7896,  0.4535,  0.4134],
         [-0.5687, -0.7937, -0.2157],
         [ 0.2303, -0.4054,  0.8847]]], device='cuda:0',
       grad_fn=<StackBackward0>)
0:05:24.913399 - fxfy tensor([[1895.2679, 1895.2681]], device='cuda:0')
0:05:24.915941 - TCO_gt tensor([[[-0.7893,  0.4511,  0.4165, -0.0100],
         [-0.5688, -0.7927, -0.2192,  0.0062],
         [ 0.2313, -0.4099,  0.8823,  0.1920],
         [ 0.0000,  0.0000,  0.0000,  1.0000]]], device='cuda:0')
0:05:24.916880 - TCO pred_orn tensor([[[-0.7896,  0.4535,  0.4134, -0.0100],
         [-0.5687, -0.7937, -0.2157,  0.0062],
         [ 0.2303, -0.4054,  0.8847,  0.1920],
         [ 0.0000,  0.0000,  0.0000,  1.0000]]], device='cuda:0',
       grad_fn=<CopySlices>)
0:05:24.917818 - TCO pred_xy tensor([[[-0.7893,  0.4511,  0.4165, -0.0066],
         [-0.5688, -0.7927, -0.2192,  0.0047],
         [ 0.2313, -0.4099,  0.8823,  0.1920],
         [ 0.0000,  0.0000,  0.0000,  1.0000]]], device='cuda:0',
       grad_fn=<CopySlices>)
0:05:24.918728 - TCO pred_z tensor([[[-0.7893,  0.4511,  0.4165, -0.0100],
         [-0.5688, -0.7927, -0.2192,  0.0062],
         [ 0.2313, -0.4099,  0.8823,  0.1948],
         [ 0.0000,  0.0000,  0.0000,  1.0000]]], device='cuda:0',
       grad_fn=<CopySlices>)
0:05:24.919361 - loss orn tensor([2.0691e-05], device='cuda:0', grad_fn=<MinBackward0>)
0:05:24.919997 - loss xy tensor([0.0016], device='cuda:0', grad_fn=<MinBackward0>)
0:05:24.920617 - loss z tensor([0.0010], device='cuda:0', grad_fn=<MinBackward0>)
  0%|                                       | 0/1 [00:00<?, ?it/s, loss=0.00258]100%|███████████████████████████████| 1/1 [00:00<00:00,  4.39it/s, loss=0.00258]100%|███████████████████████████████| 1/1 [00:00<00:00,  4.38it/s, loss=0.00258]
0:05:24.688531 - saving /home/ubuntu/synthetic_pose_estimation/cosypose/local_data/experiments/bracket_assembly_debug_nut_nosym_coarse_noaug--938962 618
  0%|                                                     | 0/1 [00:00<?, ?it/s]0:05:25.103691 - iteration 0
0:05:25.146988 - outputs, {'pose': tensor([[-1.0179, -0.7332,  0.2938,  0.5699, -0.6310, -0.4214,  4.0542, -1.6815,
          0.6425]], device='cuda:0', grad_fn=<AddmmBackward0>)}
0:05:25.148593 - model_outputs {'pose': tensor([[-1.0179, -0.7332,  0.2938,  0.5699, -0.6310, -0.4214,  4.0542, -1.6815,
          0.6425]], device='cuda:0', grad_fn=<AddmmBackward0>)}
0:05:25.149395 - K crop tensor([[[1.7235e+03, 0.0000e+00, 3.0390e+02],
         [0.0000e+00, 1.7235e+03, 2.7849e+01],
         [0.0000e+00, 0.0000e+00, 1.0000e+00]]], device='cuda:0')
0:05:25.150271 - TCO_input tensor([[[ 1.0000,  0.0000,  0.0000, -0.0241],
         [ 0.0000,  1.0000,  0.0000,  0.0153],
         [ 0.0000,  0.0000,  1.0000,  0.2879],
         [ 0.0000,  0.0000,  0.0000,  1.0000]]], device='cuda:0')
0:05:25.151735 - model tco output tensor([[[-0.7900,  0.4535,  0.4125, -0.0151],
         [-0.5691, -0.7928, -0.2182,  0.0097],
         [ 0.2281, -0.4071,  0.8844,  0.1850],
         [ 0.0000,  0.0000,  0.0000,  1.0000]]], device='cuda:0',
       grad_fn=<CopySlices>)
0:05:25.192155 - Wrote debug data: /home/ubuntu/synthetic_pose_estimation/cosypose/local_data/debug_data/debug_iter=1.pth.tar
0:05:25.405537 - TCO_input tensor([[[ 1.0000,  0.0000,  0.0000, -0.0241],
         [ 0.0000,  1.0000,  0.0000,  0.0153],
         [ 0.0000,  0.0000,  1.0000,  0.2879],
         [ 0.0000,  0.0000,  0.0000,  1.0000]]], device='cuda:0')
0:05:25.406517 - vxvyvz tensor([[ 4.0542, -1.6815,  0.6425]], device='cuda:0',
       grad_fn=<SliceBackward0>)
0:05:25.407508 - dR tensor([[[-0.7900,  0.4535,  0.4125],
         [-0.5691, -0.7928, -0.2182],
         [ 0.2281, -0.4071,  0.8844]]], device='cuda:0',
       grad_fn=<StackBackward0>)
0:05:25.408415 - fxfy tensor([[1723.4597, 1723.4600]], device='cuda:0')
0:05:25.410940 - TCO_gt tensor([[[-0.7893,  0.4511,  0.4165, -0.0100],
         [-0.5688, -0.7927, -0.2192,  0.0062],
         [ 0.2313, -0.4099,  0.8823,  0.1920],
         [ 0.0000,  0.0000,  0.0000,  1.0000]]], device='cuda:0')
0:05:25.411872 - TCO pred_orn tensor([[[-0.7900,  0.4535,  0.4125, -0.0100],
         [-0.5691, -0.7928, -0.2182,  0.0062],
         [ 0.2281, -0.4071,  0.8844,  0.1920],
         [ 0.0000,  0.0000,  0.0000,  1.0000]]], device='cuda:0',
       grad_fn=<CopySlices>)
0:05:25.412796 - TCO pred_xy tensor([[[-0.7893,  0.4511,  0.4165, -0.0156],
         [-0.5688, -0.7927, -0.2192,  0.0100],
         [ 0.2313, -0.4099,  0.8823,  0.1920],
         [ 0.0000,  0.0000,  0.0000,  1.0000]]], device='cuda:0',
       grad_fn=<CopySlices>)
0:05:25.413725 - TCO pred_z tensor([[[-0.7893,  0.4511,  0.4165, -0.0100],
         [-0.5688, -0.7927, -0.2192,  0.0062],
         [ 0.2313, -0.4099,  0.8823,  0.1850],
         [ 0.0000,  0.0000,  0.0000,  1.0000]]], device='cuda:0',
       grad_fn=<CopySlices>)
0:05:25.414400 - loss orn tensor([1.6808e-05], device='cuda:0', grad_fn=<MinBackward0>)
0:05:25.415038 - loss xy tensor([0.0032], device='cuda:0', grad_fn=<MinBackward0>)
0:05:25.415663 - loss z tensor([0.0023], device='cuda:0', grad_fn=<MinBackward0>)
  0%|                                       | 0/1 [00:00<?, ?it/s, loss=0.00551]100%|███████████████████████████████| 1/1 [00:00<00:00,  4.46it/s, loss=0.00551]100%|███████████████████████████████| 1/1 [00:00<00:00,  4.45it/s, loss=0.00551]
0:05:25.191051 - saving /home/ubuntu/synthetic_pose_estimation/cosypose/local_data/experiments/bracket_assembly_debug_nut_nosym_coarse_noaug--938962 619
  0%|                                                     | 0/1 [00:00<?, ?it/s]0:05:25.606274 - iteration 0
0:05:25.650790 - outputs, {'pose': tensor([[-1.0067, -0.7270,  0.2998,  0.5585, -0.6337, -0.4231,  4.0312, -1.6752,
          0.6336]], device='cuda:0', grad_fn=<AddmmBackward0>)}
0:05:25.652376 - model_outputs {'pose': tensor([[-1.0067, -0.7270,  0.2998,  0.5585, -0.6337, -0.4231,  4.0312, -1.6752,
          0.6336]], device='cuda:0', grad_fn=<AddmmBackward0>)}
0:05:25.653162 - K crop tensor([[[1.7400e+03, 0.0000e+00, 2.8209e+02],
         [0.0000e+00, 1.7400e+03, 6.3543e+01],
         [0.0000e+00, 0.0000e+00, 1.0000e+00]]], device='cuda:0')
0:05:25.654021 - TCO_input tensor([[[ 1.0000,  0.0000,  0.0000, -0.0203],
         [ 0.0000,  1.0000,  0.0000,  0.0093],
         [ 0.0000,  0.0000,  1.0000,  0.2882],
         [ 0.0000,  0.0000,  0.0000,  1.0000]]], device='cuda:0')
0:05:25.654935 - model tco output tensor([[[-0.7881,  0.4502,  0.4199, -0.0124],
         [-0.5691, -0.7928, -0.2181,  0.0057],
         [ 0.2347, -0.4108,  0.8810,  0.1826],
         [ 0.0000,  0.0000,  0.0000,  1.0000]]], device='cuda:0',
       grad_fn=<CopySlices>)
0:05:25.694274 - Wrote debug data: /home/ubuntu/synthetic_pose_estimation/cosypose/local_data/debug_data/debug_iter=1.pth.tar
0:05:25.907852 - TCO_input tensor([[[ 1.0000,  0.0000,  0.0000, -0.0203],
         [ 0.0000,  1.0000,  0.0000,  0.0093],
         [ 0.0000,  0.0000,  1.0000,  0.2882],
         [ 0.0000,  0.0000,  0.0000,  1.0000]]], device='cuda:0')
0:05:25.908839 - vxvyvz tensor([[ 4.0312, -1.6752,  0.6336]], device='cuda:0',
       grad_fn=<SliceBackward0>)
0:05:25.909868 - dR tensor([[[-0.7881,  0.4502,  0.4199],
         [-0.5691, -0.7928, -0.2181],
         [ 0.2347, -0.4108,  0.8810]]], device='cuda:0',
       grad_fn=<StackBackward0>)
0:05:25.910701 - fxfy tensor([[1740.0475, 1740.0479]], device='cuda:0')
0:05:25.913178 - TCO_gt tensor([[[-0.7893,  0.4511,  0.4165, -0.0100],
         [-0.5688, -0.7927, -0.2192,  0.0062],
         [ 0.2313, -0.4099,  0.8823,  0.1920],
         [ 0.0000,  0.0000,  0.0000,  1.0000]]], device='cuda:0')
0:05:25.914126 - TCO pred_orn tensor([[[-0.7881,  0.4502,  0.4199, -0.0100],
         [-0.5691, -0.7928, -0.2181,  0.0062],
         [ 0.2347, -0.4108,  0.8810,  0.1920],
         [ 0.0000,  0.0000,  0.0000,  1.0000]]], device='cuda:0',
       grad_fn=<CopySlices>)
0:05:25.915075 - TCO pred_xy tensor([[[-0.7893,  0.4511,  0.4165, -0.0131],
         [-0.5688, -0.7927, -0.2192,  0.0060],
         [ 0.2313, -0.4099,  0.8823,  0.1920],
         [ 0.0000,  0.0000,  0.0000,  1.0000]]], device='cuda:0',
       grad_fn=<CopySlices>)
0:05:25.916155 - TCO pred_z tensor([[[-0.7893,  0.4511,  0.4165, -0.0100],
         [-0.5688, -0.7927, -0.2192,  0.0062],
         [ 0.2313, -0.4099,  0.8823,  0.1826],
         [ 0.0000,  0.0000,  0.0000,  1.0000]]], device='cuda:0',
       grad_fn=<CopySlices>)
0:05:25.916852 - loss orn tensor([1.3749e-05], device='cuda:0', grad_fn=<MinBackward0>)
0:05:25.917573 - loss xy tensor([0.0011], device='cuda:0', grad_fn=<MinBackward0>)
0:05:25.918187 - loss z tensor([0.0031], device='cuda:0', grad_fn=<MinBackward0>)
  0%|                                       | 0/1 [00:00<?, ?it/s, loss=0.00423]100%|███████████████████████████████| 1/1 [00:00<00:00,  4.54it/s, loss=0.00423]100%|███████████████████████████████| 1/1 [00:00<00:00,  4.53it/s, loss=0.00423]
  0%|                                                     | 0/1 [00:00<?, ?it/s]0:05:25.826495 - iteration 0
0:05:25.863205 - outputs, {'pose': tensor([[-0.8347, -0.5781,  0.3725,  0.6694, -0.4518, -0.2986,  2.8971, -1.5682,
          0.8418]], device='cuda:0')}
0:05:25.864687 - model_outputs {'pose': tensor([[-0.8347, -0.5781,  0.3725,  0.6694, -0.4518, -0.2986,  2.8971, -1.5682,
          0.8418]], device='cuda:0')}
0:05:25.865472 - K crop tensor([[[1.7779e+03, 0.0000e+00, 2.8200e+02],
         [0.0000e+00, 1.7779e+03, 7.0158e+01],
         [0.0000e+00, 0.0000e+00, 1.0000e+00]]], device='cuda:0')
0:05:25.866320 - TCO_input tensor([[[ 1.0000,  0.0000,  0.0000, -0.0202],
         [ 0.0000,  1.0000,  0.0000,  0.0082],
         [ 0.0000,  0.0000,  1.0000,  0.2938],
         [ 0.0000,  0.0000,  0.0000,  1.0000]]], device='cuda:0')
0:05:25.867182 - model tco output tensor([[[-7.7179e-01,  4.8819e-01,  4.0745e-01, -1.6639e-02],
         [-5.3450e-01, -8.4517e-01,  2.0170e-04,  6.6464e-03],
         [ 3.4446e-01, -2.1763e-01,  9.1323e-01,  2.4735e-01],
         [ 0.0000e+00,  0.0000e+00,  0.0000e+00,  1.0000e+00]]],
       device='cuda:0')
0:05:25.905483 - Wrote debug data: /home/ubuntu/synthetic_pose_estimation/cosypose/local_data/debug_data/debug_iter=1.pth.tar
0:05:26.119126 - TCO_input tensor([[[ 1.0000,  0.0000,  0.0000, -0.0202],
         [ 0.0000,  1.0000,  0.0000,  0.0082],
         [ 0.0000,  0.0000,  1.0000,  0.2938],
         [ 0.0000,  0.0000,  0.0000,  1.0000]]], device='cuda:0')
0:05:26.120106 - vxvyvz tensor([[ 2.8971, -1.5682,  0.8418]], device='cuda:0')
0:05:26.121057 - dR tensor([[[-7.7179e-01,  4.8819e-01,  4.0745e-01],
         [-5.3450e-01, -8.4517e-01,  2.0170e-04],
         [ 3.4446e-01, -2.1763e-01,  9.1323e-01]]], device='cuda:0')
0:05:26.121931 - fxfy tensor([[1777.9414, 1777.9413]], device='cuda:0')
0:05:26.124229 - TCO_gt tensor([[[-0.7893,  0.4511,  0.4165, -0.0100],
         [-0.5688, -0.7927, -0.2192,  0.0062],
         [ 0.2313, -0.4099,  0.8823,  0.1920],
         [ 0.0000,  0.0000,  0.0000,  1.0000]]], device='cuda:0')
0:05:26.125110 - TCO pred_orn tensor([[[-7.7179e-01,  4.8819e-01,  4.0745e-01, -1.0004e-02],
         [-5.3450e-01, -8.4517e-01,  2.0170e-04,  6.1788e-03],
         [ 3.4446e-01, -2.1763e-01,  9.1323e-01,  1.9197e-01],
         [ 0.0000e+00,  0.0000e+00,  0.0000e+00,  1.0000e+00]]],
       device='cuda:0')
0:05:26.126024 - TCO pred_xy tensor([[[-0.7893,  0.4511,  0.4165, -0.0129],
         [-0.5688, -0.7927, -0.2192,  0.0052],
         [ 0.2313, -0.4099,  0.8823,  0.1920],
         [ 0.0000,  0.0000,  0.0000,  1.0000]]], device='cuda:0')
0:05:26.126920 - TCO pred_z tensor([[[-0.7893,  0.4511,  0.4165, -0.0100],
         [-0.5688, -0.7927, -0.2192,  0.0062],
         [ 0.2313, -0.4099,  0.8823,  0.2473],
         [ 0.0000,  0.0000,  0.0000,  1.0000]]], device='cuda:0')
0:05:26.127538 - loss orn tensor([0.0008], device='cuda:0')
0:05:26.128154 - loss xy tensor([0.0013], device='cuda:0')
0:05:26.128769 - loss z tensor([0.0185], device='cuda:0')
100%|█████████████████████████████████████████████| 1/1 [00:00<00:00,  8.25it/s]100%|█████████████████████████████████████████████| 1/1 [00:00<00:00,  8.23it/s]
0:05:25.825114 - saving /home/ubuntu/synthetic_pose_estimation/cosypose/local_data/experiments/bracket_assembly_debug_nut_nosym_coarse_noaug--938962 620
  0%|                                                     | 0/1 [00:00<?, ?it/s]0:05:26.236904 - iteration 0
0:05:26.280316 - outputs, {'pose': tensor([[-1.0137, -0.7221,  0.2948,  0.5672, -0.6289, -0.4215,  4.0309, -1.6778,
          0.6295]], device='cuda:0', grad_fn=<AddmmBackward0>)}
0:05:26.281960 - model_outputs {'pose': tensor([[-1.0137, -0.7221,  0.2948,  0.5672, -0.6289, -0.4215,  4.0309, -1.6778,
          0.6295]], device='cuda:0', grad_fn=<AddmmBackward0>)}
0:05:26.282749 - K crop tensor([[[2.0638e+03, 0.0000e+00, 2.4635e+02],
         [0.0000e+00, 2.0638e+03, 2.9577e+01],
         [0.0000e+00, 0.0000e+00, 1.0000e+00]]], device='cuda:0')
0:05:26.283592 - TCO_input tensor([[[ 1.0000,  0.0000,  0.0000, -0.0144],
         [ 0.0000,  1.0000,  0.0000,  0.0149],
         [ 0.0000,  0.0000,  1.0000,  0.3423],
         [ 0.0000,  0.0000,  0.0000,  1.0000]]], device='cuda:0')
0:05:26.284477 - model tco output tensor([[[-0.7925,  0.4483,  0.4134, -0.0086],
         [-0.5646, -0.7957, -0.2195,  0.0092],
         [ 0.2305, -0.4073,  0.8837,  0.2155],
         [ 0.0000,  0.0000,  0.0000,  1.0000]]], device='cuda:0',
       grad_fn=<CopySlices>)
0:05:26.322738 - Wrote debug data: /home/ubuntu/synthetic_pose_estimation/cosypose/local_data/debug_data/debug_iter=1.pth.tar
0:05:26.538503 - TCO_input tensor([[[ 1.0000,  0.0000,  0.0000, -0.0144],
         [ 0.0000,  1.0000,  0.0000,  0.0149],
         [ 0.0000,  0.0000,  1.0000,  0.3423],
         [ 0.0000,  0.0000,  0.0000,  1.0000]]], device='cuda:0')
0:05:26.539598 - vxvyvz tensor([[ 4.0309, -1.6778,  0.6295]], device='cuda:0',
       grad_fn=<SliceBackward0>)
0:05:26.540651 - dR tensor([[[-0.7925,  0.4483,  0.4134],
         [-0.5646, -0.7957, -0.2195],
         [ 0.2305, -0.4073,  0.8837]]], device='cuda:0',
       grad_fn=<StackBackward0>)
0:05:26.541608 - fxfy tensor([[2063.8474, 2063.8477]], device='cuda:0')
0:05:26.544051 - TCO_gt tensor([[[-0.7893,  0.4511,  0.4165, -0.0100],
         [-0.5688, -0.7927, -0.2192,  0.0062],
         [ 0.2313, -0.4099,  0.8823,  0.1920],
         [ 0.0000,  0.0000,  0.0000,  1.0000]]], device='cuda:0')
0:05:26.544969 - TCO pred_orn tensor([[[-0.7925,  0.4483,  0.4134, -0.0100],
         [-0.5646, -0.7957, -0.2195,  0.0062],
         [ 0.2305, -0.4073,  0.8837,  0.1920],
         [ 0.0000,  0.0000,  0.0000,  1.0000]]], device='cuda:0',
       grad_fn=<CopySlices>)
0:05:26.545882 - TCO pred_xy tensor([[[-0.7893,  0.4511,  0.4165, -0.0077],
         [-0.5688, -0.7927, -0.2192,  0.0082],
         [ 0.2313, -0.4099,  0.8823,  0.1920],
         [ 0.0000,  0.0000,  0.0000,  1.0000]]], device='cuda:0',
       grad_fn=<CopySlices>)
0:05:26.546772 - TCO pred_z tensor([[[-0.7893,  0.4511,  0.4165, -0.0100],
         [-0.5688, -0.7927, -0.2192,  0.0062],
         [ 0.2313, -0.4099,  0.8823,  0.2155],
         [ 0.0000,  0.0000,  0.0000,  1.0000]]], device='cuda:0',
       grad_fn=<CopySlices>)
0:05:26.547415 - loss orn tensor([2.4570e-05], device='cuda:0', grad_fn=<MinBackward0>)
0:05:26.548051 - loss xy tensor([0.0014], device='cuda:0', grad_fn=<MinBackward0>)
0:05:26.548663 - loss z tensor([0.0078], device='cuda:0', grad_fn=<MinBackward0>)
  0%|                                       | 0/1 [00:00<?, ?it/s, loss=0.00931]100%|███████████████████████████████| 1/1 [00:00<00:00,  4.65it/s, loss=0.00931]100%|███████████████████████████████| 1/1 [00:00<00:00,  4.64it/s, loss=0.00931]
0:05:26.311954 - saving /home/ubuntu/synthetic_pose_estimation/cosypose/local_data/experiments/bracket_assembly_debug_nut_nosym_coarse_noaug--938962 621
  0%|                                                     | 0/1 [00:00<?, ?it/s]0:05:26.727134 - iteration 0
0:05:26.770358 - outputs, {'pose': tensor([[-1.0187, -0.7282,  0.2944,  0.5638, -0.6290, -0.4280,  4.0288, -1.6722,
          0.6126]], device='cuda:0', grad_fn=<AddmmBackward0>)}
0:05:26.771955 - model_outputs {'pose': tensor([[-1.0187, -0.7282,  0.2944,  0.5638, -0.6290, -0.4280,  4.0288, -1.6722,
          0.6126]], device='cuda:0', grad_fn=<AddmmBackward0>)}
0:05:26.772730 - K crop tensor([[[1.6963e+03, 0.0000e+00, 2.6007e+02],
         [0.0000e+00, 1.6963e+03, 9.4397e+01],
         [0.0000e+00, 0.0000e+00, 1.0000e+00]]], device='cuda:0')
0:05:26.773608 - TCO_input tensor([[[ 1.0000,  0.0000,  0.0000, -0.0165],
         [ 0.0000,  1.0000,  0.0000,  0.0041],
         [ 0.0000,  0.0000,  1.0000,  0.2791],
         [ 0.0000,  0.0000,  0.0000,  1.0000]]], device='cuda:0')
0:05:26.774498 - model tco output tensor([[[-0.7919,  0.4468,  0.4162, -0.0097],
         [-0.5661, -0.7927, -0.2262,  0.0024],
         [ 0.2288, -0.4148,  0.8807,  0.1710],
         [ 0.0000,  0.0000,  0.0000,  1.0000]]], device='cuda:0',
       grad_fn=<CopySlices>)
0:05:26.812678 - Wrote debug data: /home/ubuntu/synthetic_pose_estimation/cosypose/local_data/debug_data/debug_iter=1.pth.tar
0:05:27.027850 - TCO_input tensor([[[ 1.0000,  0.0000,  0.0000, -0.0165],
         [ 0.0000,  1.0000,  0.0000,  0.0041],
         [ 0.0000,  0.0000,  1.0000,  0.2791],
         [ 0.0000,  0.0000,  0.0000,  1.0000]]], device='cuda:0')
0:05:27.028816 - vxvyvz tensor([[ 4.0288, -1.6722,  0.6126]], device='cuda:0',
       grad_fn=<SliceBackward0>)
0:05:27.029814 - dR tensor([[[-0.7919,  0.4468,  0.4162],
         [-0.5661, -0.7927, -0.2262],
         [ 0.2288, -0.4148,  0.8807]]], device='cuda:0',
       grad_fn=<StackBackward0>)
0:05:27.030688 - fxfy tensor([[1696.2832, 1696.2836]], device='cuda:0')
0:05:27.033174 - TCO_gt tensor([[[-0.7893,  0.4511,  0.4165, -0.0100],
         [-0.5688, -0.7927, -0.2192,  0.0062],
         [ 0.2313, -0.4099,  0.8823,  0.1920],
         [ 0.0000,  0.0000,  0.0000,  1.0000]]], device='cuda:0')
0:05:27.034108 - TCO pred_orn tensor([[[-0.7919,  0.4468,  0.4162, -0.0100],
         [-0.5661, -0.7927, -0.2262,  0.0062],
         [ 0.2288, -0.4148,  0.8807,  0.1920],
         [ 0.0000,  0.0000,  0.0000,  1.0000]]], device='cuda:0',
       grad_fn=<CopySlices>)
0:05:27.035027 - TCO pred_xy tensor([[[-0.7893,  0.4511,  0.4165, -0.0109],
         [-0.5688, -0.7927, -0.2192,  0.0027],
         [ 0.2313, -0.4099,  0.8823,  0.1920],
         [ 0.0000,  0.0000,  0.0000,  1.0000]]], device='cuda:0',
       grad_fn=<CopySlices>)
0:05:27.035939 - TCO pred_z tensor([[[-0.7893,  0.4511,  0.4165, -0.0100],
         [-0.5688, -0.7927, -0.2192,  0.0062],
         [ 0.2313, -0.4099,  0.8823,  0.1710],
         [ 0.0000,  0.0000,  0.0000,  1.0000]]], device='cuda:0',
       grad_fn=<CopySlices>)
0:05:27.036569 - loss orn tensor([3.2042e-05], device='cuda:0', grad_fn=<MinBackward0>)
0:05:27.037195 - loss xy tensor([0.0015], device='cuda:0', grad_fn=<MinBackward0>)
0:05:27.037834 - loss z tensor([0.0070], device='cuda:0', grad_fn=<MinBackward0>)
  0%|                                       | 0/1 [00:00<?, ?it/s, loss=0.00851]100%|███████████████████████████████| 1/1 [00:00<00:00,  4.59it/s, loss=0.00851]100%|███████████████████████████████| 1/1 [00:00<00:00,  4.58it/s, loss=0.00851]
0:05:26.821403 - saving /home/ubuntu/synthetic_pose_estimation/cosypose/local_data/experiments/bracket_assembly_debug_nut_nosym_coarse_noaug--938962 622
  0%|                                                     | 0/1 [00:00<?, ?it/s]0:05:27.236534 - iteration 0
0:05:27.279701 - outputs, {'pose': tensor([[-1.0151, -0.7312,  0.2924,  0.5696, -0.6313, -0.4207,  4.0334, -1.6712,
          0.6140]], device='cuda:0', grad_fn=<AddmmBackward0>)}
0:05:27.281271 - model_outputs {'pose': tensor([[-1.0151, -0.7312,  0.2924,  0.5696, -0.6313, -0.4207,  4.0334, -1.6712,
          0.6140]], device='cuda:0', grad_fn=<AddmmBackward0>)}
0:05:27.282056 - K crop tensor([[[1.8951e+03, 0.0000e+00, 2.6036e+02],
         [0.0000e+00, 1.8951e+03, 7.1724e+01],
         [0.0000e+00, 0.0000e+00, 1.0000e+00]]], device='cuda:0')
0:05:27.282902 - TCO_input tensor([[[ 1.0000,  0.0000,  0.0000, -0.0166],
         [ 0.0000,  1.0000,  0.0000,  0.0079],
         [ 0.0000,  0.0000,  1.0000,  0.3125],
         [ 0.0000,  0.0000,  0.0000,  1.0000]]], device='cuda:0')
0:05:27.283799 - model tco output tensor([[[-0.7901,  0.4539,  0.4119, -0.0098],
         [-0.5691, -0.7928, -0.2180,  0.0047],
         [ 0.2276, -0.4067,  0.8848,  0.1919],
         [ 0.0000,  0.0000,  0.0000,  1.0000]]], device='cuda:0',
       grad_fn=<CopySlices>)
0:05:27.322136 - Wrote debug data: /home/ubuntu/synthetic_pose_estimation/cosypose/local_data/debug_data/debug_iter=1.pth.tar
0:05:27.534614 - TCO_input tensor([[[ 1.0000,  0.0000,  0.0000, -0.0166],
         [ 0.0000,  1.0000,  0.0000,  0.0079],
         [ 0.0000,  0.0000,  1.0000,  0.3125],
         [ 0.0000,  0.0000,  0.0000,  1.0000]]], device='cuda:0')
0:05:27.535572 - vxvyvz tensor([[ 4.0334, -1.6712,  0.6140]], device='cuda:0',
       grad_fn=<SliceBackward0>)
0:05:27.536583 - dR tensor([[[-0.7901,  0.4539,  0.4119],
         [-0.5691, -0.7928, -0.2180],
         [ 0.2276, -0.4067,  0.8848]]], device='cuda:0',
       grad_fn=<StackBackward0>)
0:05:27.537482 - fxfy tensor([[1895.0929, 1895.0929]], device='cuda:0')
0:05:27.539957 - TCO_gt tensor([[[-0.7893,  0.4511,  0.4165, -0.0100],
         [-0.5688, -0.7927, -0.2192,  0.0062],
         [ 0.2313, -0.4099,  0.8823,  0.1920],
         [ 0.0000,  0.0000,  0.0000,  1.0000]]], device='cuda:0')
0:05:27.540885 - TCO pred_orn tensor([[[-0.7901,  0.4539,  0.4119, -0.0100],
         [-0.5691, -0.7928, -0.2180,  0.0062],
         [ 0.2276, -0.4067,  0.8848,  0.1920],
         [ 0.0000,  0.0000,  0.0000,  1.0000]]], device='cuda:0',
       grad_fn=<CopySlices>)
0:05:27.541807 - TCO pred_xy tensor([[[-0.7893,  0.4511,  0.4165, -0.0098],
         [-0.5688, -0.7927, -0.2192,  0.0047],
         [ 0.2313, -0.4099,  0.8823,  0.1920],
         [ 0.0000,  0.0000,  0.0000,  1.0000]]], device='cuda:0',
       grad_fn=<CopySlices>)
0:05:27.542719 - TCO pred_z tensor([[[-0.7893,  0.4511,  0.4165, -0.0100],
         [-0.5688, -0.7927, -0.2192,  0.0062],
         [ 0.2313, -0.4099,  0.8823,  0.1919],
         [ 0.0000,  0.0000,  0.0000,  1.0000]]], device='cuda:0',
       grad_fn=<CopySlices>)
0:05:27.543350 - loss orn tensor([1.9758e-05], device='cuda:0', grad_fn=<MinBackward0>)
0:05:27.543966 - loss xy tensor([0.0006], device='cuda:0', grad_fn=<MinBackward0>)
0:05:27.544599 - loss z tensor([3.6711e-05], device='cuda:0', grad_fn=<MinBackward0>)
  0%|                                      | 0/1 [00:00<?, ?it/s, loss=0.000624]100%|██████████████████████████████| 1/1 [00:00<00:00,  4.65it/s, loss=0.000624]100%|██████████████████████████████| 1/1 [00:00<00:00,  4.64it/s, loss=0.000624]
0:05:27.317401 - saving /home/ubuntu/synthetic_pose_estimation/cosypose/local_data/experiments/bracket_assembly_debug_nut_nosym_coarse_noaug--938962 623
  0%|                                                     | 0/1 [00:00<?, ?it/s]0:05:27.732437 - iteration 0
0:05:27.776378 - outputs, {'pose': tensor([[-1.0119, -0.7252,  0.2962,  0.5570, -0.6338, -0.4212,  4.0292, -1.6687,
          0.6142]], device='cuda:0', grad_fn=<AddmmBackward0>)}
0:05:27.777955 - model_outputs {'pose': tensor([[-1.0119, -0.7252,  0.2962,  0.5570, -0.6338, -0.4212,  4.0292, -1.6687,
          0.6142]], device='cuda:0', grad_fn=<AddmmBackward0>)}
0:05:27.778741 - K crop tensor([[[1.8883e+03, 0.0000e+00, 2.1516e+02],
         [0.0000e+00, 1.8883e+03, 3.0297e+01],
         [0.0000e+00, 0.0000e+00, 1.0000e+00]]], device='cuda:0')
0:05:27.779584 - TCO_input tensor([[[ 1.0000,  0.0000,  0.0000, -0.0093],
         [ 0.0000,  1.0000,  0.0000,  0.0148],
         [ 0.0000,  0.0000,  1.0000,  0.3141],
         [ 0.0000,  0.0000,  0.0000,  1.0000]]], device='cuda:0')
0:05:27.781066 - model tco output tensor([[[-0.7907,  0.4489,  0.4162, -0.0053],
         [-0.5667, -0.7939, -0.2205,  0.0089],
         [ 0.2315, -0.4102,  0.8821,  0.1929],
         [ 0.0000,  0.0000,  0.0000,  1.0000]]], device='cuda:0',
       grad_fn=<CopySlices>)
0:05:27.818860 - Wrote debug data: /home/ubuntu/synthetic_pose_estimation/cosypose/local_data/debug_data/debug_iter=1.pth.tar
0:05:28.032623 - TCO_input tensor([[[ 1.0000,  0.0000,  0.0000, -0.0093],
         [ 0.0000,  1.0000,  0.0000,  0.0148],
         [ 0.0000,  0.0000,  1.0000,  0.3141],
         [ 0.0000,  0.0000,  0.0000,  1.0000]]], device='cuda:0')
0:05:28.033578 - vxvyvz tensor([[ 4.0292, -1.6687,  0.6142]], device='cuda:0',
       grad_fn=<SliceBackward0>)
0:05:28.034537 - dR tensor([[[-0.7907,  0.4489,  0.4162],
         [-0.5667, -0.7939, -0.2205],
         [ 0.2315, -0.4102,  0.8821]]], device='cuda:0',
       grad_fn=<StackBackward0>)
0:05:28.035431 - fxfy tensor([[1888.2731, 1888.2734]], device='cuda:0')
0:05:28.037911 - TCO_gt tensor([[[-0.7893,  0.4511,  0.4165, -0.0100],
         [-0.5688, -0.7927, -0.2192,  0.0062],
         [ 0.2313, -0.4099,  0.8823,  0.1920],
         [ 0.0000,  0.0000,  0.0000,  1.0000]]], device='cuda:0')
0:05:28.038825 - TCO pred_orn tensor([[[-0.7907,  0.4489,  0.4162, -0.0100],
         [-0.5667, -0.7939, -0.2205,  0.0062],
         [ 0.2315, -0.4102,  0.8821,  0.1920],
         [ 0.0000,  0.0000,  0.0000,  1.0000]]], device='cuda:0',
       grad_fn=<CopySlices>)
0:05:28.039734 - TCO pred_xy tensor([[[-0.7893,  0.4511,  0.4165, -0.0052],
         [-0.5688, -0.7927, -0.2192,  0.0089],
         [ 0.2313, -0.4099,  0.8823,  0.1920],
         [ 0.0000,  0.0000,  0.0000,  1.0000]]], device='cuda:0',
       grad_fn=<CopySlices>)
0:05:28.040618 - TCO pred_z tensor([[[-0.7893,  0.4511,  0.4165, -0.0100],
         [-0.5688, -0.7927, -0.2192,  0.0062],
         [ 0.2313, -0.4099,  0.8823,  0.1929],
         [ 0.0000,  0.0000,  0.0000,  1.0000]]], device='cuda:0',
       grad_fn=<CopySlices>)
0:05:28.041298 - loss orn tensor([1.0876e-05], device='cuda:0', grad_fn=<MinBackward0>)
0:05:28.041926 - loss xy tensor([0.0025], device='cuda:0', grad_fn=<MinBackward0>)
0:05:28.042539 - loss z tensor([0.0003], device='cuda:0', grad_fn=<MinBackward0>)
  0%|                                       | 0/1 [00:00<?, ?it/s, loss=0.00283]100%|███████████████████████████████| 1/1 [00:00<00:00,  4.55it/s, loss=0.00283]100%|███████████████████████████████| 1/1 [00:00<00:00,  4.54it/s, loss=0.00283]
0:05:27.831118 - saving /home/ubuntu/synthetic_pose_estimation/cosypose/local_data/experiments/bracket_assembly_debug_nut_nosym_coarse_noaug--938962 624
  0%|                                                     | 0/1 [00:00<?, ?it/s]0:05:28.246503 - iteration 0
0:05:28.295674 - outputs, {'pose': tensor([[-1.0166, -0.7353,  0.2946,  0.5620, -0.6322, -0.4225,  4.0351, -1.6758,
          0.6297]], device='cuda:0', grad_fn=<AddmmBackward0>)}
0:05:28.297477 - model_outputs {'pose': tensor([[-1.0166, -0.7353,  0.2946,  0.5620, -0.6322, -0.4225,  4.0351, -1.6758,
          0.6297]], device='cuda:0', grad_fn=<AddmmBackward0>)}
0:05:28.298898 - K crop tensor([[[1.5592e+03, 0.0000e+00, 2.5177e+02],
         [0.0000e+00, 1.5592e+03, 3.8444e+01],
         [0.0000e+00, 0.0000e+00, 1.0000e+00]]], device='cuda:0')
0:05:28.299860 - TCO_input tensor([[[ 1.0000,  0.0000,  0.0000, -0.0154],
         [ 0.0000,  1.0000,  0.0000,  0.0136],
         [ 0.0000,  0.0000,  1.0000,  0.2609],
         [ 0.0000,  0.0000,  0.0000,  1.0000]]], device='cuda:0')
0:05:28.300765 - model tco output tensor([[[-0.7888,  0.4531,  0.4153, -0.0093],
         [-0.5706, -0.7911, -0.2206,  0.0084],
         [ 0.2286, -0.4109,  0.8825,  0.1643],
         [ 0.0000,  0.0000,  0.0000,  1.0000]]], device='cuda:0',
       grad_fn=<CopySlices>)
0:05:28.341276 - Wrote debug data: /home/ubuntu/synthetic_pose_estimation/cosypose/local_data/debug_data/debug_iter=1.pth.tar
0:05:28.557419 - TCO_input tensor([[[ 1.0000,  0.0000,  0.0000, -0.0154],
         [ 0.0000,  1.0000,  0.0000,  0.0136],
         [ 0.0000,  0.0000,  1.0000,  0.2609],
         [ 0.0000,  0.0000,  0.0000,  1.0000]]], device='cuda:0')
0:05:28.558444 - vxvyvz tensor([[ 4.0351, -1.6758,  0.6297]], device='cuda:0',
       grad_fn=<SliceBackward0>)
0:05:28.559472 - dR tensor([[[-0.7888,  0.4531,  0.4153],
         [-0.5706, -0.7911, -0.2206],
         [ 0.2286, -0.4109,  0.8825]]], device='cuda:0',
       grad_fn=<StackBackward0>)
0:05:28.560355 - fxfy tensor([[1559.2461, 1559.2463]], device='cuda:0')
0:05:28.562907 - TCO_gt tensor([[[-0.7893,  0.4511,  0.4165, -0.0100],
         [-0.5688, -0.7927, -0.2192,  0.0062],
         [ 0.2313, -0.4099,  0.8823,  0.1920],
         [ 0.0000,  0.0000,  0.0000,  1.0000]]], device='cuda:0')
0:05:28.563836 - TCO pred_orn tensor([[[-0.7888,  0.4531,  0.4153, -0.0100],
         [-0.5706, -0.7911, -0.2206,  0.0062],
         [ 0.2286, -0.4109,  0.8825,  0.1920],
         [ 0.0000,  0.0000,  0.0000,  1.0000]]], device='cuda:0',
       grad_fn=<CopySlices>)
0:05:28.564770 - TCO pred_xy tensor([[[-0.7893,  0.4511,  0.4165, -0.0109],
         [-0.5688, -0.7927, -0.2192,  0.0098],
         [ 0.2313, -0.4099,  0.8823,  0.1920],
         [ 0.0000,  0.0000,  0.0000,  1.0000]]], device='cuda:0',
       grad_fn=<CopySlices>)
0:05:28.565712 - TCO pred_z tensor([[[-0.7893,  0.4511,  0.4165, -0.0100],
         [-0.5688, -0.7927, -0.2192,  0.0062],
         [ 0.2313, -0.4099,  0.8823,  0.1643],
         [ 0.0000,  0.0000,  0.0000,  1.0000]]], device='cuda:0',
       grad_fn=<CopySlices>)
0:05:28.566355 - loss orn tensor([1.5124e-05], device='cuda:0', grad_fn=<MinBackward0>)
0:05:28.566982 - loss xy tensor([0.0015], device='cuda:0', grad_fn=<MinBackward0>)
0:05:28.567609 - loss z tensor([0.0092], device='cuda:0', grad_fn=<MinBackward0>)
  0%|                                        | 0/1 [00:00<?, ?it/s, loss=0.0107]100%|████████████████████████████████| 1/1 [00:00<00:00,  4.38it/s, loss=0.0107]100%|████████████████████████████████| 1/1 [00:00<00:00,  4.37it/s, loss=0.0107]
0:05:28.338079 - saving /home/ubuntu/synthetic_pose_estimation/cosypose/local_data/experiments/bracket_assembly_debug_nut_nosym_coarse_noaug--938962 625
  0%|                                                     | 0/1 [00:00<?, ?it/s]0:05:28.753532 - iteration 0
0:05:28.797164 - outputs, {'pose': tensor([[-1.0098, -0.7288,  0.2970,  0.5623, -0.6292, -0.4199,  4.0249, -1.6721,
          0.6302]], device='cuda:0', grad_fn=<AddmmBackward0>)}
0:05:28.798770 - model_outputs {'pose': tensor([[-1.0098, -0.7288,  0.2970,  0.5623, -0.6292, -0.4199,  4.0249, -1.6721,
          0.6302]], device='cuda:0', grad_fn=<AddmmBackward0>)}
0:05:28.799562 - K crop tensor([[[2.0090e+03, 0.0000e+00, 2.3781e+02],
         [0.0000e+00, 2.0090e+03, 5.8685e+01],
         [0.0000e+00, 0.0000e+00, 1.0000e+00]]], device='cuda:0')
0:05:28.800406 - TCO_input tensor([[[ 1.0000,  0.0000,  0.0000, -0.0129],
         [ 0.0000,  1.0000,  0.0000,  0.0100],
         [ 0.0000,  0.0000,  1.0000,  0.3316],
         [ 0.0000,  0.0000,  0.0000,  1.0000]]], device='cuda:0')
0:05:28.801991 - model tco output tensor([[[-0.7888,  0.4522,  0.4163, -0.0077],
         [-0.5692, -0.7930, -0.2171,  0.0062],
         [ 0.2320, -0.4082,  0.8829,  0.2090],
         [ 0.0000,  0.0000,  0.0000,  1.0000]]], device='cuda:0',
       grad_fn=<CopySlices>)
0:05:28.844699 - Wrote debug data: /home/ubuntu/synthetic_pose_estimation/cosypose/local_data/debug_data/debug_iter=1.pth.tar
0:05:29.060449 - TCO_input tensor([[[ 1.0000,  0.0000,  0.0000, -0.0129],
         [ 0.0000,  1.0000,  0.0000,  0.0100],
         [ 0.0000,  0.0000,  1.0000,  0.3316],
         [ 0.0000,  0.0000,  0.0000,  1.0000]]], device='cuda:0')
0:05:29.061549 - vxvyvz tensor([[ 4.0249, -1.6721,  0.6302]], device='cuda:0',
       grad_fn=<SliceBackward0>)
0:05:29.062588 - dR tensor([[[-0.7888,  0.4522,  0.4163],
         [-0.5692, -0.7930, -0.2171],
         [ 0.2320, -0.4082,  0.8829]]], device='cuda:0',
       grad_fn=<StackBackward0>)
0:05:29.063462 - fxfy tensor([[2009.0129, 2009.0126]], device='cuda:0')
0:05:29.066126 - TCO_gt tensor([[[-0.7893,  0.4511,  0.4165, -0.0100],
         [-0.5688, -0.7927, -0.2192,  0.0062],
         [ 0.2313, -0.4099,  0.8823,  0.1920],
         [ 0.0000,  0.0000,  0.0000,  1.0000]]], device='cuda:0')
0:05:29.067050 - TCO pred_orn tensor([[[-0.7888,  0.4522,  0.4163, -0.0100],
         [-0.5692, -0.7930, -0.2171,  0.0062],
         [ 0.2320, -0.4082,  0.8829,  0.1920],
         [ 0.0000,  0.0000,  0.0000,  1.0000]]], device='cuda:0',
       grad_fn=<CopySlices>)
0:05:29.067980 - TCO pred_xy tensor([[[-0.7893,  0.4511,  0.4165, -0.0071],
         [-0.5688, -0.7927, -0.2192,  0.0057],
         [ 0.2313, -0.4099,  0.8823,  0.1920],
         [ 0.0000,  0.0000,  0.0000,  1.0000]]], device='cuda:0',
       grad_fn=<CopySlices>)
0:05:29.068882 - TCO pred_z tensor([[[-0.7893,  0.4511,  0.4165, -0.0100],
         [-0.5688, -0.7927, -0.2192,  0.0062],
         [ 0.2313, -0.4099,  0.8823,  0.2090],
         [ 0.0000,  0.0000,  0.0000,  1.0000]]], device='cuda:0',
       grad_fn=<CopySlices>)
0:05:29.069652 - loss orn tensor([8.9928e-06], device='cuda:0', grad_fn=<MinBackward0>)
0:05:29.070321 - loss xy tensor([0.0011], device='cuda:0', grad_fn=<MinBackward0>)
0:05:29.070939 - loss z tensor([0.0057], device='cuda:0', grad_fn=<MinBackward0>)
  0%|                                       | 0/1 [00:00<?, ?it/s, loss=0.00682]100%|███████████████████████████████| 1/1 [00:00<00:00,  4.46it/s, loss=0.00682]100%|███████████████████████████████| 1/1 [00:00<00:00,  4.45it/s, loss=0.00682]
0:05:28.843751 - saving /home/ubuntu/synthetic_pose_estimation/cosypose/local_data/experiments/bracket_assembly_debug_nut_nosym_coarse_noaug--938962 626
  0%|                                                     | 0/1 [00:00<?, ?it/s]0:05:29.259127 - iteration 0
0:05:29.302351 - outputs, {'pose': tensor([[-1.0081, -0.7284,  0.2957,  0.5607, -0.6321, -0.4281,  4.0368, -1.6794,
          0.6116]], device='cuda:0', grad_fn=<AddmmBackward0>)}
0:05:29.303885 - model_outputs {'pose': tensor([[-1.0081, -0.7284,  0.2957,  0.5607, -0.6321, -0.4281,  4.0368, -1.6794,
          0.6116]], device='cuda:0', grad_fn=<AddmmBackward0>)}
0:05:29.304654 - K crop tensor([[[1.6821e+03, 0.0000e+00, 2.9210e+02],
         [0.0000e+00, 1.6821e+03, 7.4638e+01],
         [0.0000e+00, 0.0000e+00, 1.0000e+00]]], device='cuda:0')
0:05:29.305525 - TCO_input tensor([[[ 1.0000,  0.0000,  0.0000, -0.0219],
         [ 0.0000,  1.0000,  0.0000,  0.0074],
         [ 0.0000,  0.0000,  1.0000,  0.2782],
         [ 0.0000,  0.0000,  0.0000,  1.0000]]], device='cuda:0')
0:05:29.306978 - model tco output tensor([[[-0.7886,  0.4495,  0.4196, -0.0130],
         [-0.5698, -0.7908, -0.2236,  0.0044],
         [ 0.2313, -0.4154,  0.8797,  0.1701],
         [ 0.0000,  0.0000,  0.0000,  1.0000]]], device='cuda:0',
       grad_fn=<CopySlices>)
0:05:29.344643 - Wrote debug data: /home/ubuntu/synthetic_pose_estimation/cosypose/local_data/debug_data/debug_iter=1.pth.tar
0:05:29.558302 - TCO_input tensor([[[ 1.0000,  0.0000,  0.0000, -0.0219],
         [ 0.0000,  1.0000,  0.0000,  0.0074],
         [ 0.0000,  0.0000,  1.0000,  0.2782],
         [ 0.0000,  0.0000,  0.0000,  1.0000]]], device='cuda:0')
0:05:29.559224 - vxvyvz tensor([[ 4.0368, -1.6794,  0.6116]], device='cuda:0',
       grad_fn=<SliceBackward0>)
0:05:29.560196 - dR tensor([[[-0.7886,  0.4495,  0.4196],
         [-0.5698, -0.7908, -0.2236],
         [ 0.2313, -0.4154,  0.8797]]], device='cuda:0',
       grad_fn=<StackBackward0>)
0:05:29.561079 - fxfy tensor([[1682.1183, 1682.1180]], device='cuda:0')
0:05:29.563524 - TCO_gt tensor([[[-0.7893,  0.4511,  0.4165, -0.0100],
         [-0.5688, -0.7927, -0.2192,  0.0062],
         [ 0.2313, -0.4099,  0.8823,  0.1920],
         [ 0.0000,  0.0000,  0.0000,  1.0000]]], device='cuda:0')
0:05:29.564427 - TCO pred_orn tensor([[[-0.7886,  0.4495,  0.4196, -0.0100],
         [-0.5698, -0.7908, -0.2236,  0.0062],
         [ 0.2313, -0.4154,  0.8797,  0.1920],
         [ 0.0000,  0.0000,  0.0000,  1.0000]]], device='cuda:0',
       grad_fn=<CopySlices>)
0:05:29.565350 - TCO pred_xy tensor([[[-0.7893,  0.4511,  0.4165, -0.0147],
         [-0.5688, -0.7927, -0.2192,  0.0049],
         [ 0.2313, -0.4099,  0.8823,  0.1920],
         [ 0.0000,  0.0000,  0.0000,  1.0000]]], device='cuda:0',
       grad_fn=<CopySlices>)
0:05:29.566224 - TCO pred_z tensor([[[-0.7893,  0.4511,  0.4165, -0.0100],
         [-0.5688, -0.7927, -0.2192,  0.0062],
         [ 0.2313, -0.4099,  0.8823,  0.1701],
         [ 0.0000,  0.0000,  0.0000,  1.0000]]], device='cuda:0',
       grad_fn=<CopySlices>)
0:05:29.566879 - loss orn tensor([2.3002e-05], device='cuda:0', grad_fn=<MinBackward0>)
0:05:29.567488 - loss xy tensor([0.0020], device='cuda:0', grad_fn=<MinBackward0>)
0:05:29.568094 - loss z tensor([0.0073], device='cuda:0', grad_fn=<MinBackward0>)
  0%|                                       | 0/1 [00:00<?, ?it/s, loss=0.00928]100%|███████████████████████████████| 1/1 [00:00<00:00,  4.63it/s, loss=0.00928]100%|███████████████████████████████| 1/1 [00:00<00:00,  4.63it/s, loss=0.00928]
0:05:29.346496 - saving /home/ubuntu/synthetic_pose_estimation/cosypose/local_data/experiments/bracket_assembly_debug_nut_nosym_coarse_noaug--938962 627
  0%|                                                     | 0/1 [00:00<?, ?it/s]0:05:29.761774 - iteration 0
0:05:29.805061 - outputs, {'pose': tensor([[-1.0104, -0.7364,  0.2913,  0.5619, -0.6315, -0.4250,  4.0472, -1.6794,
          0.6381]], device='cuda:0', grad_fn=<AddmmBackward0>)}
0:05:29.806598 - model_outputs {'pose': tensor([[-1.0104, -0.7364,  0.2913,  0.5619, -0.6315, -0.4250,  4.0472, -1.6794,
          0.6381]], device='cuda:0', grad_fn=<AddmmBackward0>)}
0:05:29.807358 - K crop tensor([[[1.5228e+03, 0.0000e+00, 2.8011e+02],
         [0.0000e+00, 1.5228e+03, 5.4501e+01],
         [0.0000e+00, 0.0000e+00, 1.0000e+00]]], device='cuda:0')
0:05:29.808207 - TCO_input tensor([[[ 1.0000,  0.0000,  0.0000, -0.0201],
         [ 0.0000,  1.0000,  0.0000,  0.0108],
         [ 0.0000,  0.0000,  1.0000,  0.2540],
         [ 0.0000,  0.0000,  0.0000,  1.0000]]], device='cuda:0')
0:05:29.809138 - model tco output tensor([[[-0.7871,  0.4551,  0.4164, -0.0124],
         [-0.5736, -0.7883, -0.2227,  0.0067],
         [ 0.2269, -0.4141,  0.8815,  0.1621],
         [ 0.0000,  0.0000,  0.0000,  1.0000]]], device='cuda:0',
       grad_fn=<CopySlices>)
0:05:29.850166 - Wrote debug data: /home/ubuntu/synthetic_pose_estimation/cosypose/local_data/debug_data/debug_iter=1.pth.tar
0:05:30.066204 - TCO_input tensor([[[ 1.0000,  0.0000,  0.0000, -0.0201],
         [ 0.0000,  1.0000,  0.0000,  0.0108],
         [ 0.0000,  0.0000,  1.0000,  0.2540],
         [ 0.0000,  0.0000,  0.0000,  1.0000]]], device='cuda:0')
0:05:30.067119 - vxvyvz tensor([[ 4.0472, -1.6794,  0.6381]], device='cuda:0',
       grad_fn=<SliceBackward0>)
0:05:30.068085 - dR tensor([[[-0.7871,  0.4551,  0.4164],
         [-0.5736, -0.7883, -0.2227],
         [ 0.2269, -0.4141,  0.8815]]], device='cuda:0',
       grad_fn=<StackBackward0>)
0:05:30.068969 - fxfy tensor([[1522.7831, 1522.7833]], device='cuda:0')
0:05:30.071432 - TCO_gt tensor([[[-0.7893,  0.4511,  0.4165, -0.0100],
         [-0.5688, -0.7927, -0.2192,  0.0062],
         [ 0.2313, -0.4099,  0.8823,  0.1920],
         [ 0.0000,  0.0000,  0.0000,  1.0000]]], device='cuda:0')
0:05:30.072345 - TCO pred_orn tensor([[[-0.7871,  0.4551,  0.4164, -0.0100],
         [-0.5736, -0.7883, -0.2227,  0.0062],
         [ 0.2269, -0.4141,  0.8815,  0.1920],
         [ 0.0000,  0.0000,  0.0000,  1.0000]]], device='cuda:0',
       grad_fn=<CopySlices>)
0:05:30.073283 - TCO pred_xy tensor([[[-0.7893,  0.4511,  0.4165, -0.0147],
         [-0.5688, -0.7927, -0.2192,  0.0080],
         [ 0.2313, -0.4099,  0.8823,  0.1920],
         [ 0.0000,  0.0000,  0.0000,  1.0000]]], device='cuda:0',
       grad_fn=<CopySlices>)
0:05:30.074163 - TCO pred_z tensor([[[-0.7893,  0.4511,  0.4165, -0.0100],
         [-0.5688, -0.7927, -0.2192,  0.0062],
         [ 0.2313, -0.4099,  0.8823,  0.1621],
         [ 0.0000,  0.0000,  0.0000,  1.0000]]], device='cuda:0',
       grad_fn=<CopySlices>)
0:05:30.074806 - loss orn tensor([3.4068e-05], device='cuda:0', grad_fn=<MinBackward0>)
0:05:30.075416 - loss xy tensor([0.0022], device='cuda:0', grad_fn=<MinBackward0>)
0:05:30.076023 - loss z tensor([0.0100], device='cuda:0', grad_fn=<MinBackward0>)
  0%|                                        | 0/1 [00:00<?, ?it/s, loss=0.0122]100%|████████████████████████████████| 1/1 [00:00<00:00,  4.54it/s, loss=0.0122]100%|████████████████████████████████| 1/1 [00:00<00:00,  4.53it/s, loss=0.0122]
0:05:29.845950 - saving /home/ubuntu/synthetic_pose_estimation/cosypose/local_data/experiments/bracket_assembly_debug_nut_nosym_coarse_noaug--938962 628
  0%|                                                     | 0/1 [00:00<?, ?it/s]0:05:30.261359 - iteration 0
0:05:30.304490 - outputs, {'pose': tensor([[-1.0166, -0.7301,  0.2903,  0.5642, -0.6317, -0.4342,  4.0471, -1.6856,
          0.6420]], device='cuda:0', grad_fn=<AddmmBackward0>)}
0:05:30.306064 - model_outputs {'pose': tensor([[-1.0166, -0.7301,  0.2903,  0.5642, -0.6317, -0.4342,  4.0471, -1.6856,
          0.6420]], device='cuda:0', grad_fn=<AddmmBackward0>)}
0:05:30.306819 - K crop tensor([[[1.7391e+03, 0.0000e+00, 3.1846e+02],
         [0.0000e+00, 1.7391e+03, 7.0901e+01],
         [0.0000e+00, 0.0000e+00, 1.0000e+00]]], device='cuda:0')
0:05:30.307960 - TCO_input tensor([[[ 1.0000,  0.0000,  0.0000, -0.0263],
         [ 0.0000,  1.0000,  0.0000,  0.0080],
         [ 0.0000,  0.0000,  1.0000,  0.2876],
         [ 0.0000,  0.0000,  0.0000,  1.0000]]], device='cuda:0')
0:05:30.309506 - model tco output tensor([[[-0.7912,  0.4471,  0.4172, -0.0164],
         [-0.5682, -0.7896, -0.2314,  0.0050],
         [ 0.2260, -0.4202,  0.8788,  0.1846],
         [ 0.0000,  0.0000,  0.0000,  1.0000]]], device='cuda:0',
       grad_fn=<CopySlices>)
0:05:30.348738 - Wrote debug data: /home/ubuntu/synthetic_pose_estimation/cosypose/local_data/debug_data/debug_iter=1.pth.tar
0:05:30.560749 - TCO_input tensor([[[ 1.0000,  0.0000,  0.0000, -0.0263],
         [ 0.0000,  1.0000,  0.0000,  0.0080],
         [ 0.0000,  0.0000,  1.0000,  0.2876],
         [ 0.0000,  0.0000,  0.0000,  1.0000]]], device='cuda:0')
0:05:30.561699 - vxvyvz tensor([[ 4.0471, -1.6856,  0.6420]], device='cuda:0',
       grad_fn=<SliceBackward0>)
0:05:30.562691 - dR tensor([[[-0.7912,  0.4471,  0.4172],
         [-0.5682, -0.7896, -0.2314],
         [ 0.2260, -0.4202,  0.8788]]], device='cuda:0',
       grad_fn=<StackBackward0>)
0:05:30.563565 - fxfy tensor([[1739.1202, 1739.1206]], device='cuda:0')
0:05:30.566062 - TCO_gt tensor([[[-0.7893,  0.4511,  0.4165, -0.0100],
         [-0.5688, -0.7927, -0.2192,  0.0062],
         [ 0.2313, -0.4099,  0.8823,  0.1920],
         [ 0.0000,  0.0000,  0.0000,  1.0000]]], device='cuda:0')
0:05:30.566973 - TCO pred_orn tensor([[[-0.7912,  0.4471,  0.4172, -0.0100],
         [-0.5682, -0.7896, -0.2314,  0.0062],
         [ 0.2260, -0.4202,  0.8788,  0.1920],
         [ 0.0000,  0.0000,  0.0000,  1.0000]]], device='cuda:0',
       grad_fn=<CopySlices>)
0:05:30.567885 - TCO pred_xy tensor([[[-0.7893,  0.4511,  0.4165, -0.0171],
         [-0.5688, -0.7927, -0.2192,  0.0052],
         [ 0.2313, -0.4099,  0.8823,  0.1920],
         [ 0.0000,  0.0000,  0.0000,  1.0000]]], device='cuda:0',
       grad_fn=<CopySlices>)
0:05:30.568898 - TCO pred_z tensor([[[-0.7893,  0.4511,  0.4165, -0.0100],
         [-0.5688, -0.7927, -0.2192,  0.0062],
         [ 0.2313, -0.4099,  0.8823,  0.1846],
         [ 0.0000,  0.0000,  0.0000,  1.0000]]], device='cuda:0',
       grad_fn=<CopySlices>)
0:05:30.569552 - loss orn tensor([4.9656e-05], device='cuda:0', grad_fn=<MinBackward0>)
0:05:30.570167 - loss xy tensor([0.0027], device='cuda:0', grad_fn=<MinBackward0>)
0:05:30.570777 - loss z tensor([0.0025], device='cuda:0', grad_fn=<MinBackward0>)
  0%|                                        | 0/1 [00:00<?, ?it/s, loss=0.0052]100%|████████████████████████████████| 1/1 [00:00<00:00,  4.63it/s, loss=0.0052]100%|████████████████████████████████| 1/1 [00:00<00:00,  4.62it/s, loss=0.0052]
0:05:30.325721 - saving /home/ubuntu/synthetic_pose_estimation/cosypose/local_data/experiments/bracket_assembly_debug_nut_nosym_coarse_noaug--938962 629
  0%|                                                     | 0/1 [00:00<?, ?it/s]0:05:30.740916 - iteration 0
0:05:30.784505 - outputs, {'pose': tensor([[-1.0114, -0.7273,  0.2960,  0.5607, -0.6294, -0.4188,  4.0286, -1.6790,
          0.6277]], device='cuda:0', grad_fn=<AddmmBackward0>)}
0:05:30.786179 - model_outputs {'pose': tensor([[-1.0114, -0.7273,  0.2960,  0.5607, -0.6294, -0.4188,  4.0286, -1.6790,
          0.6277]], device='cuda:0', grad_fn=<AddmmBackward0>)}
0:05:30.786984 - K crop tensor([[[2.1237e+03, 0.0000e+00, 2.9188e+02],
         [0.0000e+00, 2.1237e+03, 1.0962e+02],
         [0.0000e+00, 0.0000e+00, 1.0000e+00]]], device='cuda:0')
0:05:30.787839 - TCO_input tensor([[[ 1.0000,  0.0000,  0.0000, -0.0216],
         [ 0.0000,  1.0000,  0.0000,  0.0016],
         [ 0.0000,  0.0000,  1.0000,  0.3466],
         [ 0.0000,  0.0000,  0.0000,  1.0000]]], device='cuda:0')
0:05:30.789336 - model tco output tensor([[[-7.8987e-01,  4.5136e-01,  4.1519e-01, -1.3149e-02],
         [-5.6803e-01, -7.9365e-01, -2.1784e-01,  8.4044e-04],
         [ 2.3119e-01, -4.0790e-01,  8.8327e-01,  2.1756e-01],
         [ 0.0000e+00,  0.0000e+00,  0.0000e+00,  1.0000e+00]]],
       device='cuda:0', grad_fn=<CopySlices>)
0:05:30.826527 - Wrote debug data: /home/ubuntu/synthetic_pose_estimation/cosypose/local_data/debug_data/debug_iter=1.pth.tar
0:05:31.040850 - TCO_input tensor([[[ 1.0000,  0.0000,  0.0000, -0.0216],
         [ 0.0000,  1.0000,  0.0000,  0.0016],
         [ 0.0000,  0.0000,  1.0000,  0.3466],
         [ 0.0000,  0.0000,  0.0000,  1.0000]]], device='cuda:0')
0:05:31.041869 - vxvyvz tensor([[ 4.0286, -1.6790,  0.6277]], device='cuda:0',
       grad_fn=<SliceBackward0>)
0:05:31.042880 - dR tensor([[[-0.7899,  0.4514,  0.4152],
         [-0.5680, -0.7937, -0.2178],
         [ 0.2312, -0.4079,  0.8833]]], device='cuda:0',
       grad_fn=<StackBackward0>)
0:05:31.043743 - fxfy tensor([[2123.6697, 2123.6697]], device='cuda:0')
0:05:31.046278 - TCO_gt tensor([[[-0.7893,  0.4511,  0.4165, -0.0100],
         [-0.5688, -0.7927, -0.2192,  0.0062],
         [ 0.2313, -0.4099,  0.8823,  0.1920],
         [ 0.0000,  0.0000,  0.0000,  1.0000]]], device='cuda:0')
0:05:31.047199 - TCO pred_orn tensor([[[-0.7899,  0.4514,  0.4152, -0.0100],
         [-0.5680, -0.7937, -0.2178,  0.0062],
         [ 0.2312, -0.4079,  0.8833,  0.1920],
         [ 0.0000,  0.0000,  0.0000,  1.0000]]], device='cuda:0',
       grad_fn=<CopySlices>)
0:05:31.048078 - TCO pred_xy tensor([[[-7.8929e-01,  4.5115e-01,  4.1651e-01, -1.1602e-02],
         [-5.6879e-01, -7.9274e-01, -2.1920e-01,  7.4158e-04],
         [ 2.3129e-01, -4.0992e-01,  8.8231e-01,  1.9197e-01],
         [ 0.0000e+00,  0.0000e+00,  0.0000e+00,  1.0000e+00]]],
       device='cuda:0', grad_fn=<CopySlices>)
0:05:31.048983 - TCO pred_z tensor([[[-0.7893,  0.4511,  0.4165, -0.0100],
         [-0.5688, -0.7927, -0.2192,  0.0062],
         [ 0.2313, -0.4099,  0.8823,  0.2176],
         [ 0.0000,  0.0000,  0.0000,  1.0000]]], device='cuda:0',
       grad_fn=<CopySlices>)
0:05:31.049630 - loss orn tensor([8.8871e-06], device='cuda:0', grad_fn=<MinBackward0>)
0:05:31.050231 - loss xy tensor([0.0023], device='cuda:0', grad_fn=<MinBackward0>)
0:05:31.050829 - loss z tensor([0.0085], device='cuda:0', grad_fn=<MinBackward0>)
  0%|                                        | 0/1 [00:00<?, ?it/s, loss=0.0109]100%|████████████████████████████████| 1/1 [00:00<00:00,  4.60it/s, loss=0.0109]100%|████████████████████████████████| 1/1 [00:00<00:00,  4.59it/s, loss=0.0109]
  0%|                                                     | 0/1 [00:00<?, ?it/s]0:05:30.958081 - iteration 0
0:05:30.994442 - outputs, {'pose': tensor([[-0.8388, -0.5628,  0.3394,  0.6683, -0.4628, -0.2920,  2.9193, -1.5646,
          0.8664]], device='cuda:0')}
0:05:30.995882 - model_outputs {'pose': tensor([[-0.8388, -0.5628,  0.3394,  0.6683, -0.4628, -0.2920,  2.9193, -1.5646,
          0.8664]], device='cuda:0')}
0:05:30.996636 - K crop tensor([[[1.8059e+03, 0.0000e+00, 2.4726e+02],
         [0.0000e+00, 1.8059e+03, 5.2413e+01],
         [0.0000e+00, 0.0000e+00, 1.0000e+00]]], device='cuda:0')
0:05:30.997499 - TCO_input tensor([[[ 1.0000,  0.0000,  0.0000, -0.0146],
         [ 0.0000,  1.0000,  0.0000,  0.0111],
         [ 0.0000,  0.0000,  1.0000,  0.2995],
         [ 0.0000,  0.0000,  0.0000,  1.0000]]], device='cuda:0')
0:05:30.998389 - model tco output tensor([[[-0.7872,  0.4798,  0.3875, -0.0122],
         [-0.5282, -0.8489, -0.0219,  0.0094],
         [ 0.3185, -0.2219,  0.9216,  0.2595],
         [ 0.0000,  0.0000,  0.0000,  1.0000]]], device='cuda:0')
0:05:31.037619 - Wrote debug data: /home/ubuntu/synthetic_pose_estimation/cosypose/local_data/debug_data/debug_iter=1.pth.tar
0:05:31.253131 - TCO_input tensor([[[ 1.0000,  0.0000,  0.0000, -0.0146],
         [ 0.0000,  1.0000,  0.0000,  0.0111],
         [ 0.0000,  0.0000,  1.0000,  0.2995],
         [ 0.0000,  0.0000,  0.0000,  1.0000]]], device='cuda:0')
0:05:31.254228 - vxvyvz tensor([[ 2.9193, -1.5646,  0.8664]], device='cuda:0')
0:05:31.255225 - dR tensor([[[-0.7872,  0.4798,  0.3875],
         [-0.5282, -0.8489, -0.0219],
         [ 0.3185, -0.2219,  0.9216]]], device='cuda:0')
0:05:31.256096 - fxfy tensor([[1805.8972, 1805.8973]], device='cuda:0')
0:05:31.258453 - TCO_gt tensor([[[-0.7893,  0.4511,  0.4165, -0.0100],
         [-0.5688, -0.7927, -0.2192,  0.0062],
         [ 0.2313, -0.4099,  0.8823,  0.1920],
         [ 0.0000,  0.0000,  0.0000,  1.0000]]], device='cuda:0')
0:05:31.259363 - TCO pred_orn tensor([[[-0.7872,  0.4798,  0.3875, -0.0100],
         [-0.5282, -0.8489, -0.0219,  0.0062],
         [ 0.3185, -0.2219,  0.9216,  0.1920],
         [ 0.0000,  0.0000,  0.0000,  1.0000]]], device='cuda:0')
0:05:31.260244 - TCO pred_xy tensor([[[-0.7893,  0.4511,  0.4165, -0.0090],
         [-0.5688, -0.7927, -0.2192,  0.0070],
         [ 0.2313, -0.4099,  0.8823,  0.1920],
         [ 0.0000,  0.0000,  0.0000,  1.0000]]], device='cuda:0')
0:05:31.261149 - TCO pred_z tensor([[[-0.7893,  0.4511,  0.4165, -0.0100],
         [-0.5688, -0.7927, -0.2192,  0.0062],
         [ 0.2313, -0.4099,  0.8823,  0.2595],
         [ 0.0000,  0.0000,  0.0000,  1.0000]]], device='cuda:0')
0:05:31.261801 - loss orn tensor([0.0008], device='cuda:0')
0:05:31.262415 - loss xy tensor([0.0006], device='cuda:0')
0:05:31.263041 - loss z tensor([0.0225], device='cuda:0')
100%|█████████████████████████████████████████████| 1/1 [00:00<00:00,  8.08it/s]100%|█████████████████████████████████████████████| 1/1 [00:00<00:00,  8.06it/s]
0:05:30.957484 - saving /home/ubuntu/synthetic_pose_estimation/cosypose/local_data/experiments/bracket_assembly_debug_nut_nosym_coarse_noaug--938962 630
  0%|                                                     | 0/1 [00:00<?, ?it/s]0:05:31.369204 - iteration 0
0:05:31.412574 - outputs, {'pose': tensor([[-1.0115, -0.7273,  0.2957,  0.5620, -0.6295, -0.4305,  4.0457, -1.6742,
          0.6314]], device='cuda:0', grad_fn=<AddmmBackward0>)}
0:05:31.414165 - model_outputs {'pose': tensor([[-1.0115, -0.7273,  0.2957,  0.5620, -0.6295, -0.4305,  4.0457, -1.6742,
          0.6314]], device='cuda:0', grad_fn=<AddmmBackward0>)}
0:05:31.414937 - K crop tensor([[[1.5887e+03, 0.0000e+00, 2.9051e+02],
         [0.0000e+00, 1.5887e+03, 4.8147e+01],
         [0.0000e+00, 0.0000e+00, 1.0000e+00]]], device='cuda:0')
0:05:31.415779 - TCO_input tensor([[[ 1.0000,  0.0000,  0.0000, -0.0218],
         [ 0.0000,  1.0000,  0.0000,  0.0119],
         [ 0.0000,  0.0000,  1.0000,  0.2650],
         [ 0.0000,  0.0000,  0.0000,  1.0000]]], device='cuda:0')
0:05:31.416669 - model tco output tensor([[[-0.7900,  0.4470,  0.4197, -0.0134],
         [-0.5680, -0.7913, -0.2264,  0.0073],
         [ 0.2309, -0.4173,  0.8790,  0.1673],
         [ 0.0000,  0.0000,  0.0000,  1.0000]]], device='cuda:0',
       grad_fn=<CopySlices>)
0:05:31.456378 - Wrote debug data: /home/ubuntu/synthetic_pose_estimation/cosypose/local_data/debug_data/debug_iter=1.pth.tar
0:05:31.668764 - TCO_input tensor([[[ 1.0000,  0.0000,  0.0000, -0.0218],
         [ 0.0000,  1.0000,  0.0000,  0.0119],
         [ 0.0000,  0.0000,  1.0000,  0.2650],
         [ 0.0000,  0.0000,  0.0000,  1.0000]]], device='cuda:0')
0:05:31.669803 - vxvyvz tensor([[ 4.0457, -1.6742,  0.6314]], device='cuda:0',
       grad_fn=<SliceBackward0>)
0:05:31.670789 - dR tensor([[[-0.7900,  0.4470,  0.4197],
         [-0.5680, -0.7913, -0.2264],
         [ 0.2309, -0.4173,  0.8790]]], device='cuda:0',
       grad_fn=<StackBackward0>)
0:05:31.671651 - fxfy tensor([[1588.7328, 1588.7328]], device='cuda:0')
0:05:31.674143 - TCO_gt tensor([[[-0.7893,  0.4511,  0.4165, -0.0100],
         [-0.5688, -0.7927, -0.2192,  0.0062],
         [ 0.2313, -0.4099,  0.8823,  0.1920],
         [ 0.0000,  0.0000,  0.0000,  1.0000]]], device='cuda:0')
0:05:31.675059 - TCO pred_orn tensor([[[-0.7900,  0.4470,  0.4197, -0.0100],
         [-0.5680, -0.7913, -0.2264,  0.0062],
         [ 0.2309, -0.4173,  0.8790,  0.1920],
         [ 0.0000,  0.0000,  0.0000,  1.0000]]], device='cuda:0',
       grad_fn=<CopySlices>)
0:05:31.675960 - TCO pred_xy tensor([[[-0.7893,  0.4511,  0.4165, -0.0153],
         [-0.5688, -0.7927, -0.2192,  0.0084],
         [ 0.2313, -0.4099,  0.8823,  0.1920],
         [ 0.0000,  0.0000,  0.0000,  1.0000]]], device='cuda:0',
       grad_fn=<CopySlices>)
0:05:31.676879 - TCO pred_z tensor([[[-0.7893,  0.4511,  0.4165, -0.0100],
         [-0.5688, -0.7927, -0.2192,  0.0062],
         [ 0.2313, -0.4099,  0.8823,  0.1673],
         [ 0.0000,  0.0000,  0.0000,  1.0000]]], device='cuda:0',
       grad_fn=<CopySlices>)
0:05:31.677531 - loss orn tensor([3.4701e-05], device='cuda:0', grad_fn=<MinBackward0>)
0:05:31.678163 - loss xy tensor([0.0025], device='cuda:0', grad_fn=<MinBackward0>)
0:05:31.678776 - loss z tensor([0.0082], device='cuda:0', grad_fn=<MinBackward0>)
  0%|                                        | 0/1 [00:00<?, ?it/s, loss=0.0108]100%|████████████████████████████████| 1/1 [00:00<00:00,  4.68it/s, loss=0.0108]100%|████████████████████████████████| 1/1 [00:00<00:00,  4.68it/s, loss=0.0108]
0:05:31.447731 - saving /home/ubuntu/synthetic_pose_estimation/cosypose/local_data/experiments/bracket_assembly_debug_nut_nosym_coarse_noaug--938962 631
  0%|                                                     | 0/1 [00:00<?, ?it/s]0:05:31.863450 - iteration 0
0:05:31.910245 - outputs, {'pose': tensor([[-1.0088, -0.7286,  0.2932,  0.5637, -0.6365, -0.4265,  4.0424, -1.6792,
          0.6193]], device='cuda:0', grad_fn=<AddmmBackward0>)}
0:05:31.912418 - model_outputs {'pose': tensor([[-1.0088, -0.7286,  0.2932,  0.5637, -0.6365, -0.4265,  4.0424, -1.6792,
          0.6193]], device='cuda:0', grad_fn=<AddmmBackward0>)}
0:05:31.913203 - K crop tensor([[[1.8419e+03, 0.0000e+00, 2.2924e+02],
         [0.0000e+00, 1.8419e+03, 3.8814e+01],
         [0.0000e+00, 0.0000e+00, 1.0000e+00]]], device='cuda:0')
0:05:31.914065 - TCO_input tensor([[[ 1.0000,  0.0000,  0.0000, -0.0116],
         [ 0.0000,  1.0000,  0.0000,  0.0134],
         [ 0.0000,  0.0000,  1.0000,  0.3061],
         [ 0.0000,  0.0000,  0.0000,  1.0000]]], device='cuda:0')
0:05:31.914952 - model tco output tensor([[[-0.7891,  0.4515,  0.4165, -0.0068],
         [-0.5699, -0.7912, -0.2219,  0.0081],
         [ 0.2293, -0.4125,  0.8816,  0.1896],
         [ 0.0000,  0.0000,  0.0000,  1.0000]]], device='cuda:0',
       grad_fn=<CopySlices>)
0:05:31.953189 - Wrote debug data: /home/ubuntu/synthetic_pose_estimation/cosypose/local_data/debug_data/debug_iter=1.pth.tar
0:05:32.163796 - TCO_input tensor([[[ 1.0000,  0.0000,  0.0000, -0.0116],
         [ 0.0000,  1.0000,  0.0000,  0.0134],
         [ 0.0000,  0.0000,  1.0000,  0.3061],
         [ 0.0000,  0.0000,  0.0000,  1.0000]]], device='cuda:0')
0:05:32.164842 - vxvyvz tensor([[ 4.0424, -1.6792,  0.6193]], device='cuda:0',
       grad_fn=<SliceBackward0>)
0:05:32.165869 - dR tensor([[[-0.7891,  0.4515,  0.4165],
         [-0.5699, -0.7912, -0.2219],
         [ 0.2293, -0.4125,  0.8816]]], device='cuda:0',
       grad_fn=<StackBackward0>)
0:05:32.166739 - fxfy tensor([[1841.8783, 1841.8785]], device='cuda:0')
0:05:32.169222 - TCO_gt tensor([[[-0.7893,  0.4511,  0.4165, -0.0100],
         [-0.5688, -0.7927, -0.2192,  0.0062],
         [ 0.2313, -0.4099,  0.8823,  0.1920],
         [ 0.0000,  0.0000,  0.0000,  1.0000]]], device='cuda:0')
0:05:32.170162 - TCO pred_orn tensor([[[-0.7891,  0.4515,  0.4165, -0.0100],
         [-0.5699, -0.7912, -0.2219,  0.0062],
         [ 0.2293, -0.4125,  0.8816,  0.1920],
         [ 0.0000,  0.0000,  0.0000,  1.0000]]], device='cuda:0',
       grad_fn=<CopySlices>)
0:05:32.171075 - TCO pred_xy tensor([[[-0.7893,  0.4511,  0.4165, -0.0068],
         [-0.5688, -0.7927, -0.2192,  0.0082],
         [ 0.2313, -0.4099,  0.8823,  0.1920],
         [ 0.0000,  0.0000,  0.0000,  1.0000]]], device='cuda:0',
       grad_fn=<CopySlices>)
0:05:32.171982 - TCO pred_z tensor([[[-0.7893,  0.4511,  0.4165, -0.0100],
         [-0.5688, -0.7927, -0.2192,  0.0062],
         [ 0.2313, -0.4099,  0.8823,  0.1896],
         [ 0.0000,  0.0000,  0.0000,  1.0000]]], device='cuda:0',
       grad_fn=<CopySlices>)
0:05:32.172640 - loss orn tensor([1.1816e-05], device='cuda:0', grad_fn=<MinBackward0>)
0:05:32.173294 - loss xy tensor([0.0017], device='cuda:0', grad_fn=<MinBackward0>)
0:05:32.173951 - loss z tensor([0.0008], device='cuda:0', grad_fn=<MinBackward0>)
  0%|                                       | 0/1 [00:00<?, ?it/s, loss=0.00255]100%|███████████████████████████████| 1/1 [00:00<00:00,  4.59it/s, loss=0.00255]100%|███████████████████████████████| 1/1 [00:00<00:00,  4.58it/s, loss=0.00255]
0:05:32.002767 - saving /home/ubuntu/synthetic_pose_estimation/cosypose/local_data/experiments/bracket_assembly_debug_nut_nosym_coarse_noaug--938962 632
  0%|                                                     | 0/1 [00:00<?, ?it/s]0:05:32.417979 - iteration 0
0:05:32.464197 - outputs, {'pose': tensor([[-1.0077, -0.7261,  0.2950,  0.5581, -0.6282, -0.4228,  4.0398, -1.6765,
          0.6386]], device='cuda:0', grad_fn=<AddmmBackward0>)}
0:05:32.465942 - model_outputs {'pose': tensor([[-1.0077, -0.7261,  0.2950,  0.5581, -0.6282, -0.4228,  4.0398, -1.6765,
          0.6386]], device='cuda:0', grad_fn=<AddmmBackward0>)}
0:05:32.466772 - K crop tensor([[[1.5197e+03, 0.0000e+00, 2.4254e+02],
         [0.0000e+00, 1.5197e+03, 2.2090e+01],
         [0.0000e+00, 0.0000e+00, 1.0000e+00]]], device='cuda:0')
0:05:32.467699 - TCO_input tensor([[[ 1.0000,  0.0000,  0.0000, -0.0140],
         [ 0.0000,  1.0000,  0.0000,  0.0164],
         [ 0.0000,  0.0000,  1.0000,  0.2556],
         [ 0.0000,  0.0000,  0.0000,  1.0000]]], device='cuda:0')
0:05:32.468595 - model tco output tensor([[[-0.7894,  0.4499,  0.4178, -0.0085],
         [-0.5688, -0.7920, -0.2218,  0.0103],
         [ 0.2311, -0.4127,  0.8811,  0.1632],
         [ 0.0000,  0.0000,  0.0000,  1.0000]]], device='cuda:0',
       grad_fn=<CopySlices>)
0:05:32.512796 - Wrote debug data: /home/ubuntu/synthetic_pose_estimation/cosypose/local_data/debug_data/debug_iter=1.pth.tar
0:05:32.729274 - TCO_input tensor([[[ 1.0000,  0.0000,  0.0000, -0.0140],
         [ 0.0000,  1.0000,  0.0000,  0.0164],
         [ 0.0000,  0.0000,  1.0000,  0.2556],
         [ 0.0000,  0.0000,  0.0000,  1.0000]]], device='cuda:0')
0:05:32.730293 - vxvyvz tensor([[ 4.0398, -1.6765,  0.6386]], device='cuda:0',
       grad_fn=<SliceBackward0>)
0:05:32.731302 - dR tensor([[[-0.7894,  0.4499,  0.4178],
         [-0.5688, -0.7920, -0.2218],
         [ 0.2311, -0.4127,  0.8811]]], device='cuda:0',
       grad_fn=<StackBackward0>)
0:05:32.732173 - fxfy tensor([[1519.6703, 1519.6703]], device='cuda:0')
0:05:32.734697 - TCO_gt tensor([[[-0.7893,  0.4511,  0.4165, -0.0100],
         [-0.5688, -0.7927, -0.2192,  0.0062],
         [ 0.2313, -0.4099,  0.8823,  0.1920],
         [ 0.0000,  0.0000,  0.0000,  1.0000]]], device='cuda:0')
0:05:32.735614 - TCO pred_orn tensor([[[-0.7894,  0.4499,  0.4178, -0.0100],
         [-0.5688, -0.7920, -0.2218,  0.0062],
         [ 0.2311, -0.4127,  0.8811,  0.1920],
         [ 0.0000,  0.0000,  0.0000,  1.0000]]], device='cuda:0',
       grad_fn=<CopySlices>)
0:05:32.736520 - TCO pred_xy tensor([[[-0.7893,  0.4511,  0.4165, -0.0100],
         [-0.5688, -0.7927, -0.2192,  0.0121],
         [ 0.2313, -0.4099,  0.8823,  0.1920],
         [ 0.0000,  0.0000,  0.0000,  1.0000]]], device='cuda:0',
       grad_fn=<CopySlices>)
0:05:32.737437 - TCO pred_z tensor([[[-0.7893,  0.4511,  0.4165, -0.0100],
         [-0.5688, -0.7927, -0.2192,  0.0062],
         [ 0.2313, -0.4099,  0.8823,  0.1632],
         [ 0.0000,  0.0000,  0.0000,  1.0000]]], device='cuda:0',
       grad_fn=<CopySlices>)
0:05:32.738085 - loss orn tensor([1.2392e-05], device='cuda:0', grad_fn=<MinBackward0>)
0:05:32.738702 - loss xy tensor([0.0020], device='cuda:0', grad_fn=<MinBackward0>)
0:05:32.739343 - loss z tensor([0.0096], device='cuda:0', grad_fn=<MinBackward0>)
  0%|                                        | 0/1 [00:00<?, ?it/s, loss=0.0116]100%|████████████████████████████████| 1/1 [00:00<00:00,  4.38it/s, loss=0.0116]100%|████████████████████████████████| 1/1 [00:00<00:00,  4.37it/s, loss=0.0116]
0:05:32.515597 - saving /home/ubuntu/synthetic_pose_estimation/cosypose/local_data/experiments/bracket_assembly_debug_nut_nosym_coarse_noaug--938962 633
  0%|                                                     | 0/1 [00:00<?, ?it/s]0:05:32.930944 - iteration 0
0:05:32.974647 - outputs, {'pose': tensor([[-1.0164, -0.7320,  0.2984,  0.5670, -0.6329, -0.4252,  4.0500, -1.6844,
          0.6262]], device='cuda:0', grad_fn=<AddmmBackward0>)}
0:05:32.976252 - model_outputs {'pose': tensor([[-1.0164, -0.7320,  0.2984,  0.5670, -0.6329, -0.4252,  4.0500, -1.6844,
          0.6262]], device='cuda:0', grad_fn=<AddmmBackward0>)}
0:05:32.977052 - K crop tensor([[[1.9195e+03, 0.0000e+00, 2.7067e+02],
         [0.0000e+00, 1.9195e+03, 4.8854e+01],
         [0.0000e+00, 0.0000e+00, 1.0000e+00]]], device='cuda:0')
0:05:32.977924 - TCO_input tensor([[[ 1.0000,  0.0000,  0.0000, -0.0184],
         [ 0.0000,  1.0000,  0.0000,  0.0117],
         [ 0.0000,  0.0000,  1.0000,  0.3179],
         [ 0.0000,  0.0000,  0.0000,  1.0000]]], device='cuda:0')
0:05:32.979662 - model tco output tensor([[[-0.7894,  0.4507,  0.4168, -0.0111],
         [-0.5685, -0.7929, -0.2193,  0.0072],
         [ 0.2317, -0.4101,  0.8821,  0.1991],
         [ 0.0000,  0.0000,  0.0000,  1.0000]]], device='cuda:0',
       grad_fn=<CopySlices>)
0:05:33.017352 - Wrote debug data: /home/ubuntu/synthetic_pose_estimation/cosypose/local_data/debug_data/debug_iter=1.pth.tar
0:05:33.230833 - TCO_input tensor([[[ 1.0000,  0.0000,  0.0000, -0.0184],
         [ 0.0000,  1.0000,  0.0000,  0.0117],
         [ 0.0000,  0.0000,  1.0000,  0.3179],
         [ 0.0000,  0.0000,  0.0000,  1.0000]]], device='cuda:0')
0:05:33.231895 - vxvyvz tensor([[ 4.0500, -1.6844,  0.6262]], device='cuda:0',
       grad_fn=<SliceBackward0>)
0:05:33.232923 - dR tensor([[[-0.7894,  0.4507,  0.4168],
         [-0.5685, -0.7929, -0.2193],
         [ 0.2317, -0.4101,  0.8821]]], device='cuda:0',
       grad_fn=<StackBackward0>)
0:05:33.233826 - fxfy tensor([[1919.4644, 1919.4645]], device='cuda:0')
0:05:33.236292 - TCO_gt tensor([[[-0.7893,  0.4511,  0.4165, -0.0100],
         [-0.5688, -0.7927, -0.2192,  0.0062],
         [ 0.2313, -0.4099,  0.8823,  0.1920],
         [ 0.0000,  0.0000,  0.0000,  1.0000]]], device='cuda:0')
0:05:33.237258 - TCO pred_orn tensor([[[-0.7894,  0.4507,  0.4168, -0.0100],
         [-0.5685, -0.7929, -0.2193,  0.0062],
         [ 0.2317, -0.4101,  0.8821,  0.1920],
         [ 0.0000,  0.0000,  0.0000,  1.0000]]], device='cuda:0',
       grad_fn=<CopySlices>)
0:05:33.238151 - TCO pred_xy tensor([[[-0.7893,  0.4511,  0.4165, -0.0107],
         [-0.5688, -0.7927, -0.2192,  0.0069],
         [ 0.2313, -0.4099,  0.8823,  0.1920],
         [ 0.0000,  0.0000,  0.0000,  1.0000]]], device='cuda:0',
       grad_fn=<CopySlices>)
0:05:33.239068 - TCO pred_z tensor([[[-0.7893,  0.4511,  0.4165, -0.0100],
         [-0.5688, -0.7927, -0.2192,  0.0062],
         [ 0.2313, -0.4099,  0.8823,  0.1991],
         [ 0.0000,  0.0000,  0.0000,  1.0000]]], device='cuda:0',
       grad_fn=<CopySlices>)
0:05:33.239698 - loss orn tensor([2.5716e-06], device='cuda:0', grad_fn=<MinBackward0>)
0:05:33.240312 - loss xy tensor([0.0005], device='cuda:0', grad_fn=<MinBackward0>)
0:05:33.240937 - loss z tensor([0.0024], device='cuda:0', grad_fn=<MinBackward0>)
  0%|                                       | 0/1 [00:00<?, ?it/s, loss=0.00285]100%|███████████████████████████████| 1/1 [00:00<00:00,  4.59it/s, loss=0.00285]100%|███████████████████████████████| 1/1 [00:00<00:00,  4.58it/s, loss=0.00285]
0:05:33.028203 - saving /home/ubuntu/synthetic_pose_estimation/cosypose/local_data/experiments/bracket_assembly_debug_nut_nosym_coarse_noaug--938962 634
  0%|                                                     | 0/1 [00:00<?, ?it/s]0:05:33.443443 - iteration 0
0:05:33.487813 - outputs, {'pose': tensor([[-1.0071, -0.7299,  0.2963,  0.5648, -0.6275, -0.4136,  4.0361, -1.6772,
          0.6373]], device='cuda:0', grad_fn=<AddmmBackward0>)}
0:05:33.489441 - model_outputs {'pose': tensor([[-1.0071, -0.7299,  0.2963,  0.5648, -0.6275, -0.4136,  4.0361, -1.6772,
          0.6373]], device='cuda:0', grad_fn=<AddmmBackward0>)}
0:05:33.490231 - K crop tensor([[[1.7320e+03, 0.0000e+00, 3.0968e+02],
         [0.0000e+00, 1.7320e+03, 4.4913e+01],
         [0.0000e+00, 0.0000e+00, 1.0000e+00]]], device='cuda:0')
0:05:33.491097 - TCO_input tensor([[[ 1.0000,  0.0000,  0.0000, -0.0250],
         [ 0.0000,  1.0000,  0.0000,  0.0124],
         [ 0.0000,  0.0000,  1.0000,  0.2881],
         [ 0.0000,  0.0000,  0.0000,  1.0000]]], device='cuda:0')
0:05:33.491983 - model tco output tensor([[[-0.7876,  0.4566,  0.4137, -0.0155],
         [-0.5709, -0.7934, -0.2113,  0.0077],
         [ 0.2317, -0.4027,  0.8855,  0.1836],
         [ 0.0000,  0.0000,  0.0000,  1.0000]]], device='cuda:0',
       grad_fn=<CopySlices>)
0:05:33.534961 - Wrote debug data: /home/ubuntu/synthetic_pose_estimation/cosypose/local_data/debug_data/debug_iter=1.pth.tar
0:05:33.746085 - TCO_input tensor([[[ 1.0000,  0.0000,  0.0000, -0.0250],
         [ 0.0000,  1.0000,  0.0000,  0.0124],
         [ 0.0000,  0.0000,  1.0000,  0.2881],
         [ 0.0000,  0.0000,  0.0000,  1.0000]]], device='cuda:0')
0:05:33.747102 - vxvyvz tensor([[ 4.0361, -1.6772,  0.6373]], device='cuda:0',
       grad_fn=<SliceBackward0>)
0:05:33.748087 - dR tensor([[[-0.7876,  0.4566,  0.4137],
         [-0.5709, -0.7934, -0.2113],
         [ 0.2317, -0.4027,  0.8855]]], device='cuda:0',
       grad_fn=<StackBackward0>)
0:05:33.748950 - fxfy tensor([[1732.0112, 1732.0112]], device='cuda:0')
0:05:33.751415 - TCO_gt tensor([[[-0.7893,  0.4511,  0.4165, -0.0100],
         [-0.5688, -0.7927, -0.2192,  0.0062],
         [ 0.2313, -0.4099,  0.8823,  0.1920],
         [ 0.0000,  0.0000,  0.0000,  1.0000]]], device='cuda:0')
0:05:33.752315 - TCO pred_orn tensor([[[-0.7876,  0.4566,  0.4137, -0.0100],
         [-0.5709, -0.7934, -0.2113,  0.0062],
         [ 0.2317, -0.4027,  0.8855,  0.1920],
         [ 0.0000,  0.0000,  0.0000,  1.0000]]], device='cuda:0',
       grad_fn=<CopySlices>)
0:05:33.753209 - TCO pred_xy tensor([[[-0.7893,  0.4511,  0.4165, -0.0162],
         [-0.5688, -0.7927, -0.2192,  0.0081],
         [ 0.2313, -0.4099,  0.8823,  0.1920],
         [ 0.0000,  0.0000,  0.0000,  1.0000]]], device='cuda:0',
       grad_fn=<CopySlices>)
0:05:33.754106 - TCO pred_z tensor([[[-0.7893,  0.4511,  0.4165, -0.0100],
         [-0.5688, -0.7927, -0.2192,  0.0062],
         [ 0.2313, -0.4099,  0.8823,  0.1836],
         [ 0.0000,  0.0000,  0.0000,  1.0000]]], device='cuda:0',
       grad_fn=<CopySlices>)
0:05:33.754740 - loss orn tensor([3.7652e-05], device='cuda:0', grad_fn=<MinBackward0>)
0:05:33.755334 - loss xy tensor([0.0027], device='cuda:0', grad_fn=<MinBackward0>)
0:05:33.755928 - loss z tensor([0.0028], device='cuda:0', grad_fn=<MinBackward0>)
  0%|                                       | 0/1 [00:00<?, ?it/s, loss=0.00552]100%|███████████████████████████████| 1/1 [00:00<00:00,  4.46it/s, loss=0.00552]100%|███████████████████████████████| 1/1 [00:00<00:00,  4.45it/s, loss=0.00552]
0:05:33.559825 - saving /home/ubuntu/synthetic_pose_estimation/cosypose/local_data/experiments/bracket_assembly_debug_nut_nosym_coarse_noaug--938962 635
  0%|                                                     | 0/1 [00:00<?, ?it/s]0:05:33.975026 - iteration 0
0:05:34.019031 - outputs, {'pose': tensor([[-1.0166, -0.7268,  0.3002,  0.5669, -0.6279, -0.4243,  4.0541, -1.6870,
          0.6232]], device='cuda:0', grad_fn=<AddmmBackward0>)}
0:05:34.020679 - model_outputs {'pose': tensor([[-1.0166, -0.7268,  0.3002,  0.5669, -0.6279, -0.4243,  4.0541, -1.6870,
          0.6232]], device='cuda:0', grad_fn=<AddmmBackward0>)}
0:05:34.021538 - K crop tensor([[[1.9579e+03, 0.0000e+00, 2.3977e+02],
         [0.0000e+00, 1.9579e+03, 4.7954e+01],
         [0.0000e+00, 0.0000e+00, 1.0000e+00]]], device='cuda:0')
0:05:34.022410 - TCO_input tensor([[[ 1.0000,  0.0000,  0.0000, -0.0133],
         [ 0.0000,  1.0000,  0.0000,  0.0118],
         [ 0.0000,  0.0000,  1.0000,  0.3241],
         [ 0.0000,  0.0000,  0.0000,  1.0000]]], device='cuda:0')
0:05:34.023927 - model tco output tensor([[[-0.7910,  0.4476,  0.4172, -0.0079],
         [-0.5655, -0.7951, -0.2192,  0.0072],
         [ 0.2336, -0.4093,  0.8820,  0.2020],
         [ 0.0000,  0.0000,  0.0000,  1.0000]]], device='cuda:0',
       grad_fn=<CopySlices>)
0:05:34.062485 - Wrote debug data: /home/ubuntu/synthetic_pose_estimation/cosypose/local_data/debug_data/debug_iter=1.pth.tar
0:05:34.274956 - TCO_input tensor([[[ 1.0000,  0.0000,  0.0000, -0.0133],
         [ 0.0000,  1.0000,  0.0000,  0.0118],
         [ 0.0000,  0.0000,  1.0000,  0.3241],
         [ 0.0000,  0.0000,  0.0000,  1.0000]]], device='cuda:0')
0:05:34.275960 - vxvyvz tensor([[ 4.0541, -1.6870,  0.6232]], device='cuda:0',
       grad_fn=<SliceBackward0>)
0:05:34.277001 - dR tensor([[[-0.7910,  0.4476,  0.4172],
         [-0.5655, -0.7951, -0.2192],
         [ 0.2336, -0.4093,  0.8820]]], device='cuda:0',
       grad_fn=<StackBackward0>)
0:05:34.277953 - fxfy tensor([[1957.9436, 1957.9436]], device='cuda:0')
0:05:34.280445 - TCO_gt tensor([[[-0.7893,  0.4511,  0.4165, -0.0100],
         [-0.5688, -0.7927, -0.2192,  0.0062],
         [ 0.2313, -0.4099,  0.8823,  0.1920],
         [ 0.0000,  0.0000,  0.0000,  1.0000]]], device='cuda:0')
0:05:34.281439 - TCO pred_orn tensor([[[-0.7910,  0.4476,  0.4172, -0.0100],
         [-0.5655, -0.7951, -0.2192,  0.0062],
         [ 0.2336, -0.4093,  0.8820,  0.1920],
         [ 0.0000,  0.0000,  0.0000,  1.0000]]], device='cuda:0',
       grad_fn=<CopySlices>)
0:05:34.282399 - TCO pred_xy tensor([[[-0.7893,  0.4511,  0.4165, -0.0075],
         [-0.5688, -0.7927, -0.2192,  0.0068],
         [ 0.2313, -0.4099,  0.8823,  0.1920],
         [ 0.0000,  0.0000,  0.0000,  1.0000]]], device='cuda:0',
       grad_fn=<CopySlices>)
0:05:34.283362 - TCO pred_z tensor([[[-0.7893,  0.4511,  0.4165, -0.0100],
         [-0.5688, -0.7927, -0.2192,  0.0062],
         [ 0.2313, -0.4099,  0.8823,  0.2020],
         [ 0.0000,  0.0000,  0.0000,  1.0000]]], device='cuda:0',
       grad_fn=<CopySlices>)
0:05:34.284051 - loss orn tensor([2.0420e-05], device='cuda:0', grad_fn=<MinBackward0>)
0:05:34.284740 - loss xy tensor([0.0011], device='cuda:0', grad_fn=<MinBackward0>)
0:05:34.285444 - loss z tensor([0.0033], device='cuda:0', grad_fn=<MinBackward0>)
  0%|                                       | 0/1 [00:00<?, ?it/s, loss=0.00443]100%|███████████████████████████████| 1/1 [00:00<00:00,  4.61it/s, loss=0.00443]100%|███████████████████████████████| 1/1 [00:00<00:00,  4.60it/s, loss=0.00443]
0:05:34.075064 - saving /home/ubuntu/synthetic_pose_estimation/cosypose/local_data/experiments/bracket_assembly_debug_nut_nosym_coarse_noaug--938962 636
  0%|                                                     | 0/1 [00:00<?, ?it/s]0:05:34.490273 - iteration 0
0:05:34.534213 - outputs, {'pose': tensor([[-1.0152, -0.7362,  0.3033,  0.5638, -0.6343, -0.4180,  4.0473, -1.6832,
          0.6213]], device='cuda:0', grad_fn=<AddmmBackward0>)}
0:05:34.535949 - model_outputs {'pose': tensor([[-1.0152, -0.7362,  0.3033,  0.5638, -0.6343, -0.4180,  4.0473, -1.6832,
          0.6213]], device='cuda:0', grad_fn=<AddmmBackward0>)}
0:05:34.536839 - K crop tensor([[[2.0463e+03, 0.0000e+00, 2.4493e+02],
         [0.0000e+00, 2.0463e+03, 7.3350e+01],
         [0.0000e+00, 0.0000e+00, 1.0000e+00]]], device='cuda:0')
0:05:34.537825 - TCO_input tensor([[[ 1.0000,  0.0000,  0.0000, -0.0141],
         [ 0.0000,  1.0000,  0.0000,  0.0076],
         [ 0.0000,  0.0000,  1.0000,  0.3366],
         [ 0.0000,  0.0000,  0.0000,  1.0000]]], device='cuda:0')
0:05:34.539422 - model tco output tensor([[[-0.7868,  0.4546,  0.4174, -0.0083],
         [-0.5706, -0.7935, -0.2114,  0.0045],
         [ 0.2351, -0.4046,  0.8838,  0.2092],
         [ 0.0000,  0.0000,  0.0000,  1.0000]]], device='cuda:0',
       grad_fn=<CopySlices>)
0:05:34.577088 - Wrote debug data: /home/ubuntu/synthetic_pose_estimation/cosypose/local_data/debug_data/debug_iter=1.pth.tar
0:05:34.788731 - TCO_input tensor([[[ 1.0000,  0.0000,  0.0000, -0.0141],
         [ 0.0000,  1.0000,  0.0000,  0.0076],
         [ 0.0000,  0.0000,  1.0000,  0.3366],
         [ 0.0000,  0.0000,  0.0000,  1.0000]]], device='cuda:0')
0:05:34.789940 - vxvyvz tensor([[ 4.0473, -1.6832,  0.6213]], device='cuda:0',
       grad_fn=<SliceBackward0>)
0:05:34.791024 - dR tensor([[[-0.7868,  0.4546,  0.4174],
         [-0.5706, -0.7935, -0.2114],
         [ 0.2351, -0.4046,  0.8838]]], device='cuda:0',
       grad_fn=<StackBackward0>)
0:05:34.791963 - fxfy tensor([[2046.3354, 2046.3351]], device='cuda:0')
0:05:34.794573 - TCO_gt tensor([[[-0.7893,  0.4511,  0.4165, -0.0100],
         [-0.5688, -0.7927, -0.2192,  0.0062],
         [ 0.2313, -0.4099,  0.8823,  0.1920],
         [ 0.0000,  0.0000,  0.0000,  1.0000]]], device='cuda:0')
0:05:34.795547 - TCO pred_orn tensor([[[-0.7868,  0.4546,  0.4174, -0.0100],
         [-0.5706, -0.7935, -0.2114,  0.0062],
         [ 0.2351, -0.4046,  0.8838,  0.1920],
         [ 0.0000,  0.0000,  0.0000,  1.0000]]], device='cuda:0',
       grad_fn=<CopySlices>)
0:05:34.796511 - TCO pred_xy tensor([[[-0.7893,  0.4511,  0.4165, -0.0076],
         [-0.5688, -0.7927, -0.2192,  0.0042],
         [ 0.2313, -0.4099,  0.8823,  0.1920],
         [ 0.0000,  0.0000,  0.0000,  1.0000]]], device='cuda:0',
       grad_fn=<CopySlices>)
0:05:34.797514 - TCO pred_z tensor([[[-0.7893,  0.4511,  0.4165, -0.0100],
         [-0.5688, -0.7927, -0.2192,  0.0062],
         [ 0.2313, -0.4099,  0.8823,  0.2092],
         [ 0.0000,  0.0000,  0.0000,  1.0000]]], device='cuda:0',
       grad_fn=<CopySlices>)
0:05:34.798218 - loss orn tensor([3.2544e-05], device='cuda:0', grad_fn=<MinBackward0>)
0:05:34.798901 - loss xy tensor([0.0015], device='cuda:0', grad_fn=<MinBackward0>)
0:05:34.799618 - loss z tensor([0.0057], device='cuda:0', grad_fn=<MinBackward0>)
  0%|                                       | 0/1 [00:00<?, ?it/s, loss=0.00722]100%|███████████████████████████████| 1/1 [00:00<00:00,  4.59it/s, loss=0.00722]100%|███████████████████████████████| 1/1 [00:00<00:00,  4.58it/s, loss=0.00722]
0:05:34.577423 - saving /home/ubuntu/synthetic_pose_estimation/cosypose/local_data/experiments/bracket_assembly_debug_nut_nosym_coarse_noaug--938962 637
  0%|                                                     | 0/1 [00:00<?, ?it/s]0:05:34.992543 - iteration 0
0:05:35.036077 - outputs, {'pose': tensor([[-1.0159, -0.7246,  0.2974,  0.5661, -0.6303, -0.4232,  4.0424, -1.6826,
          0.6261]], device='cuda:0', grad_fn=<AddmmBackward0>)}
0:05:35.037728 - model_outputs {'pose': tensor([[-1.0159, -0.7246,  0.2974,  0.5661, -0.6303, -0.4232,  4.0424, -1.6826,
          0.6261]], device='cuda:0', grad_fn=<AddmmBackward0>)}
0:05:35.038514 - K crop tensor([[[1.7057e+03, 0.0000e+00, 2.6786e+02],
         [0.0000e+00, 1.7057e+03, 6.4306e+01],
         [0.0000e+00, 0.0000e+00, 1.0000e+00]]], device='cuda:0')
0:05:35.039358 - TCO_input tensor([[[ 1.0000,  0.0000,  0.0000, -0.0180],
         [ 0.0000,  1.0000,  0.0000,  0.0091],
         [ 0.0000,  0.0000,  1.0000,  0.2826],
         [ 0.0000,  0.0000,  0.0000,  1.0000]]], device='cuda:0')
0:05:35.040241 - model tco output tensor([[[-0.7919,  0.4476,  0.4153, -0.0108],
         [-0.5649, -0.7954, -0.2198,  0.0056],
         [ 0.2319, -0.4087,  0.8827,  0.1770],
         [ 0.0000,  0.0000,  0.0000,  1.0000]]], device='cuda:0',
       grad_fn=<CopySlices>)
0:05:35.078384 - Wrote debug data: /home/ubuntu/synthetic_pose_estimation/cosypose/local_data/debug_data/debug_iter=1.pth.tar
0:05:35.289068 - TCO_input tensor([[[ 1.0000,  0.0000,  0.0000, -0.0180],
         [ 0.0000,  1.0000,  0.0000,  0.0091],
         [ 0.0000,  0.0000,  1.0000,  0.2826],
         [ 0.0000,  0.0000,  0.0000,  1.0000]]], device='cuda:0')
0:05:35.290118 - vxvyvz tensor([[ 4.0424, -1.6826,  0.6261]], device='cuda:0',
       grad_fn=<SliceBackward0>)
0:05:35.291104 - dR tensor([[[-0.7919,  0.4476,  0.4153],
         [-0.5649, -0.7954, -0.2198],
         [ 0.2319, -0.4087,  0.8827]]], device='cuda:0',
       grad_fn=<StackBackward0>)
0:05:35.291979 - fxfy tensor([[1705.7194, 1705.7194]], device='cuda:0')
0:05:35.294514 - TCO_gt tensor([[[-0.7893,  0.4511,  0.4165, -0.0100],
         [-0.5688, -0.7927, -0.2192,  0.0062],
         [ 0.2313, -0.4099,  0.8823,  0.1920],
         [ 0.0000,  0.0000,  0.0000,  1.0000]]], device='cuda:0')
0:05:35.295425 - TCO pred_orn tensor([[[-0.7919,  0.4476,  0.4153, -0.0100],
         [-0.5649, -0.7954, -0.2198,  0.0062],
         [ 0.2319, -0.4087,  0.8827,  0.1920],
         [ 0.0000,  0.0000,  0.0000,  1.0000]]], device='cuda:0',
       grad_fn=<CopySlices>)
0:05:35.296322 - TCO pred_xy tensor([[[-0.7893,  0.4511,  0.4165, -0.0117],
         [-0.5688, -0.7927, -0.2192,  0.0060],
         [ 0.2313, -0.4099,  0.8823,  0.1920],
         [ 0.0000,  0.0000,  0.0000,  1.0000]]], device='cuda:0',
       grad_fn=<CopySlices>)
0:05:35.297254 - TCO pred_z tensor([[[-0.7893,  0.4511,  0.4165, -0.0100],
         [-0.5688, -0.7927, -0.2192,  0.0062],
         [ 0.2313, -0.4099,  0.8823,  0.1770],
         [ 0.0000,  0.0000,  0.0000,  1.0000]]], device='cuda:0',
       grad_fn=<CopySlices>)
0:05:35.297900 - loss orn tensor([2.0796e-05], device='cuda:0', grad_fn=<MinBackward0>)
0:05:35.298523 - loss xy tensor([0.0006], device='cuda:0', grad_fn=<MinBackward0>)
0:05:35.299133 - loss z tensor([0.0050], device='cuda:0', grad_fn=<MinBackward0>)
  0%|                                       | 0/1 [00:00<?, ?it/s, loss=0.00565]100%|███████████████████████████████| 1/1 [00:00<00:00,  4.67it/s, loss=0.00565]100%|███████████████████████████████| 1/1 [00:00<00:00,  4.66it/s, loss=0.00565]
0:05:35.070853 - saving /home/ubuntu/synthetic_pose_estimation/cosypose/local_data/experiments/bracket_assembly_debug_nut_nosym_coarse_noaug--938962 638
  0%|                                                     | 0/1 [00:00<?, ?it/s]0:05:35.485990 - iteration 0
0:05:35.529482 - outputs, {'pose': tensor([[-1.0126, -0.7330,  0.3026,  0.5638, -0.6334, -0.4236,  4.0500, -1.6871,
          0.6388]], device='cuda:0', grad_fn=<AddmmBackward0>)}
0:05:35.531155 - model_outputs {'pose': tensor([[-1.0126, -0.7330,  0.3026,  0.5638, -0.6334, -0.4236,  4.0500, -1.6871,
          0.6388]], device='cuda:0', grad_fn=<AddmmBackward0>)}
0:05:35.531999 - K crop tensor([[[1.9919e+03, 0.0000e+00, 2.0723e+02],
         [0.0000e+00, 1.9919e+03, 7.2971e+01],
         [0.0000e+00, 0.0000e+00, 1.0000e+00]]], device='cuda:0')
0:05:35.532911 - TCO_input tensor([[[ 1.0000,  0.0000,  0.0000, -0.0079],
         [ 0.0000,  1.0000,  0.0000,  0.0077],
         [ 0.0000,  0.0000,  1.0000,  0.3279],
         [ 0.0000,  0.0000,  0.0000,  1.0000]]], device='cuda:0')
0:05:35.534225 - model tco output tensor([[[-0.7873,  0.4516,  0.4198, -0.0046],
         [-0.5699, -0.7928, -0.2159,  0.0047],
         [ 0.2353, -0.4092,  0.8816,  0.2095],
         [ 0.0000,  0.0000,  0.0000,  1.0000]]], device='cuda:0',
       grad_fn=<CopySlices>)
0:05:35.572475 - Wrote debug data: /home/ubuntu/synthetic_pose_estimation/cosypose/local_data/debug_data/debug_iter=1.pth.tar
0:05:35.783248 - TCO_input tensor([[[ 1.0000,  0.0000,  0.0000, -0.0079],
         [ 0.0000,  1.0000,  0.0000,  0.0077],
         [ 0.0000,  0.0000,  1.0000,  0.3279],
         [ 0.0000,  0.0000,  0.0000,  1.0000]]], device='cuda:0')
0:05:35.784283 - vxvyvz tensor([[ 4.0500, -1.6871,  0.6388]], device='cuda:0',
       grad_fn=<SliceBackward0>)
0:05:35.785368 - dR tensor([[[-0.7873,  0.4516,  0.4198],
         [-0.5699, -0.7928, -0.2159],
         [ 0.2353, -0.4092,  0.8816]]], device='cuda:0',
       grad_fn=<StackBackward0>)
0:05:35.786302 - fxfy tensor([[1991.9481, 1991.9485]], device='cuda:0')
0:05:35.788812 - TCO_gt tensor([[[-0.7893,  0.4511,  0.4165, -0.0100],
         [-0.5688, -0.7927, -0.2192,  0.0062],
         [ 0.2313, -0.4099,  0.8823,  0.1920],
         [ 0.0000,  0.0000,  0.0000,  1.0000]]], device='cuda:0')
0:05:35.789798 - TCO pred_orn tensor([[[-0.7873,  0.4516,  0.4198, -0.0100],
         [-0.5699, -0.7928, -0.2159,  0.0062],
         [ 0.2353, -0.4092,  0.8816,  0.1920],
         [ 0.0000,  0.0000,  0.0000,  1.0000]]], device='cuda:0',
       grad_fn=<CopySlices>)
0:05:35.790772 - TCO pred_xy tensor([[[-0.7893,  0.4511,  0.4165, -0.0042],
         [-0.5688, -0.7927, -0.2192,  0.0043],
         [ 0.2313, -0.4099,  0.8823,  0.1920],
         [ 0.0000,  0.0000,  0.0000,  1.0000]]], device='cuda:0',
       grad_fn=<CopySlices>)
0:05:35.791721 - TCO pred_z tensor([[[-0.7893,  0.4511,  0.4165, -0.0100],
         [-0.5688, -0.7927, -0.2192,  0.0062],
         [ 0.2313, -0.4099,  0.8823,  0.2095],
         [ 0.0000,  0.0000,  0.0000,  1.0000]]], device='cuda:0',
       grad_fn=<CopySlices>)
0:05:35.792410 - loss orn tensor([1.8590e-05], device='cuda:0', grad_fn=<MinBackward0>)
0:05:35.793097 - loss xy tensor([0.0026], device='cuda:0', grad_fn=<MinBackward0>)
0:05:35.793809 - loss z tensor([0.0058], device='cuda:0', grad_fn=<MinBackward0>)
  0%|                                       | 0/1 [00:00<?, ?it/s, loss=0.00841]100%|███████████████████████████████| 1/1 [00:00<00:00,  4.64it/s, loss=0.00841]100%|███████████████████████████████| 1/1 [00:00<00:00,  4.63it/s, loss=0.00841]
0:05:35.564143 - saving /home/ubuntu/synthetic_pose_estimation/cosypose/local_data/experiments/bracket_assembly_debug_nut_nosym_coarse_noaug--938962 639
  0%|                                                     | 0/1 [00:00<?, ?it/s]0:05:35.979182 - iteration 0
0:05:36.022572 - outputs, {'pose': tensor([[-1.0186, -0.7316,  0.3021,  0.5625, -0.6352, -0.4215,  4.0402, -1.6848,
          0.6285]], device='cuda:0', grad_fn=<AddmmBackward0>)}
0:05:36.024132 - model_outputs {'pose': tensor([[-1.0186, -0.7316,  0.3021,  0.5625, -0.6352, -0.4215,  4.0402, -1.6848,
          0.6285]], device='cuda:0', grad_fn=<AddmmBackward0>)}
0:05:36.024914 - K crop tensor([[[1.6693e+03, 0.0000e+00, 2.2209e+02],
         [0.0000e+00, 1.6693e+03, 9.0787e+01],
         [0.0000e+00, 0.0000e+00, 1.0000e+00]]], device='cuda:0')
0:05:36.025812 - TCO_input tensor([[[ 1.0000,  0.0000,  0.0000, -0.0103],
         [ 0.0000,  1.0000,  0.0000,  0.0047],
         [ 0.0000,  0.0000,  1.0000,  0.2751],
         [ 0.0000,  0.0000,  0.0000,  1.0000]]], device='cuda:0')
0:05:36.026734 - model tco output tensor([[[-0.7896,  0.4500,  0.4171, -0.0061],
         [-0.5671, -0.7947, -0.2163,  0.0028],
         [ 0.2342, -0.4074,  0.8827,  0.1729],
         [ 0.0000,  0.0000,  0.0000,  1.0000]]], device='cuda:0',
       grad_fn=<CopySlices>)
0:05:36.070187 - Wrote debug data: /home/ubuntu/synthetic_pose_estimation/cosypose/local_data/debug_data/debug_iter=1.pth.tar
0:05:36.287650 - TCO_input tensor([[[ 1.0000,  0.0000,  0.0000, -0.0103],
         [ 0.0000,  1.0000,  0.0000,  0.0047],
         [ 0.0000,  0.0000,  1.0000,  0.2751],
         [ 0.0000,  0.0000,  0.0000,  1.0000]]], device='cuda:0')
0:05:36.288635 - vxvyvz tensor([[ 4.0402, -1.6848,  0.6285]], device='cuda:0',
       grad_fn=<SliceBackward0>)
0:05:36.289662 - dR tensor([[[-0.7896,  0.4500,  0.4171],
         [-0.5671, -0.7947, -0.2163],
         [ 0.2342, -0.4074,  0.8827]]], device='cuda:0',
       grad_fn=<StackBackward0>)
0:05:36.290512 - fxfy tensor([[1669.3362, 1669.3365]], device='cuda:0')
0:05:36.292966 - TCO_gt tensor([[[-0.7893,  0.4511,  0.4165, -0.0100],
         [-0.5688, -0.7927, -0.2192,  0.0062],
         [ 0.2313, -0.4099,  0.8823,  0.1920],
         [ 0.0000,  0.0000,  0.0000,  1.0000]]], device='cuda:0')
0:05:36.293899 - TCO pred_orn tensor([[[-0.7896,  0.4500,  0.4171, -0.0100],
         [-0.5671, -0.7947, -0.2163,  0.0062],
         [ 0.2342, -0.4074,  0.8827,  0.1920],
         [ 0.0000,  0.0000,  0.0000,  1.0000]]], device='cuda:0',
       grad_fn=<CopySlices>)
0:05:36.294792 - TCO pred_xy tensor([[[-0.7893,  0.4511,  0.4165, -0.0067],
         [-0.5688, -0.7927, -0.2192,  0.0031],
         [ 0.2313, -0.4099,  0.8823,  0.1920],
         [ 0.0000,  0.0000,  0.0000,  1.0000]]], device='cuda:0',
       grad_fn=<CopySlices>)
0:05:36.295676 - TCO pred_z tensor([[[-0.7893,  0.4511,  0.4165, -0.0100],
         [-0.5688, -0.7927, -0.2192,  0.0062],
         [ 0.2313, -0.4099,  0.8823,  0.1729],
         [ 0.0000,  0.0000,  0.0000,  1.0000]]], device='cuda:0',
       grad_fn=<CopySlices>)
0:05:36.296304 - loss orn tensor([1.6132e-05], device='cuda:0', grad_fn=<MinBackward0>)
0:05:36.296938 - loss xy tensor([0.0021], device='cuda:0', grad_fn=<MinBackward0>)
0:05:36.297575 - loss z tensor([0.0064], device='cuda:0', grad_fn=<MinBackward0>)
  0%|                                        | 0/1 [00:00<?, ?it/s, loss=0.0085]100%|████████████████████████████████| 1/1 [00:00<00:00,  4.43it/s, loss=0.0085]100%|████████████████████████████████| 1/1 [00:00<00:00,  4.42it/s, loss=0.0085]
  0%|                                                     | 0/1 [00:00<?, ?it/s]0:05:36.204745 - iteration 0
0:05:36.240775 - outputs, {'pose': tensor([[-0.8396, -0.5592,  0.3240,  0.6546, -0.4741, -0.2949,  2.8739, -1.5451,
          0.8562]], device='cuda:0')}
0:05:36.242207 - model_outputs {'pose': tensor([[-0.8396, -0.5592,  0.3240,  0.6546, -0.4741, -0.2949,  2.8739, -1.5451,
          0.8562]], device='cuda:0')}
0:05:36.242959 - K crop tensor([[[1.7824e+03, 0.0000e+00, 2.2805e+02],
         [0.0000e+00, 1.7824e+03, 3.3828e+01],
         [0.0000e+00, 0.0000e+00, 1.0000e+00]]], device='cuda:0')
0:05:36.243787 - TCO_input tensor([[[ 1.0000,  0.0000,  0.0000, -0.0114],
         [ 0.0000,  1.0000,  0.0000,  0.0143],
         [ 0.0000,  0.0000,  1.0000,  0.2969],
         [ 0.0000,  0.0000,  0.0000,  1.0000]]], device='cuda:0')
0:05:36.244667 - model tco output tensor([[[-0.7924,  0.4736,  0.3844, -0.0094],
         [-0.5278, -0.8483, -0.0428,  0.0120],
         [ 0.3058, -0.2369,  0.9222,  0.2542],
         [ 0.0000,  0.0000,  0.0000,  1.0000]]], device='cuda:0')
0:05:36.283572 - Wrote debug data: /home/ubuntu/synthetic_pose_estimation/cosypose/local_data/debug_data/debug_iter=1.pth.tar
0:05:36.495226 - TCO_input tensor([[[ 1.0000,  0.0000,  0.0000, -0.0114],
         [ 0.0000,  1.0000,  0.0000,  0.0143],
         [ 0.0000,  0.0000,  1.0000,  0.2969],
         [ 0.0000,  0.0000,  0.0000,  1.0000]]], device='cuda:0')
0:05:36.496131 - vxvyvz tensor([[ 2.8739, -1.5451,  0.8562]], device='cuda:0')
0:05:36.497086 - dR tensor([[[-0.7924,  0.4736,  0.3844],
         [-0.5278, -0.8483, -0.0428],
         [ 0.3058, -0.2369,  0.9222]]], device='cuda:0')
0:05:36.497964 - fxfy tensor([[1782.4236, 1782.4241]], device='cuda:0')
0:05:36.500196 - TCO_gt tensor([[[-0.7893,  0.4511,  0.4165, -0.0100],
         [-0.5688, -0.7927, -0.2192,  0.0062],
         [ 0.2313, -0.4099,  0.8823,  0.1920],
         [ 0.0000,  0.0000,  0.0000,  1.0000]]], device='cuda:0')
0:05:36.501099 - TCO pred_orn tensor([[[-0.7924,  0.4736,  0.3844, -0.0100],
         [-0.5278, -0.8483, -0.0428,  0.0062],
         [ 0.3058, -0.2369,  0.9222,  0.1920],
         [ 0.0000,  0.0000,  0.0000,  1.0000]]], device='cuda:0')
0:05:36.501998 - TCO pred_xy tensor([[[-0.7893,  0.4511,  0.4165, -0.0071],
         [-0.5688, -0.7927, -0.2192,  0.0091],
         [ 0.2313, -0.4099,  0.8823,  0.1920],
         [ 0.0000,  0.0000,  0.0000,  1.0000]]], device='cuda:0')
0:05:36.502881 - TCO pred_z tensor([[[-0.7893,  0.4511,  0.4165, -0.0100],
         [-0.5688, -0.7927, -0.2192,  0.0062],
         [ 0.2313, -0.4099,  0.8823,  0.2542],
         [ 0.0000,  0.0000,  0.0000,  1.0000]]], device='cuda:0')
0:05:36.503510 - loss orn tensor([0.0007], device='cuda:0')
0:05:36.504123 - loss xy tensor([0.0019], device='cuda:0')
0:05:36.504747 - loss z tensor([0.0208], device='cuda:0')
100%|█████████████████████████████████████████████| 1/1 [00:00<00:00,  8.43it/s]100%|█████████████████████████████████████████████| 1/1 [00:00<00:00,  8.41it/s]
0:05:36.191935 - saving /home/ubuntu/synthetic_pose_estimation/cosypose/local_data/experiments/bracket_assembly_debug_nut_nosym_coarse_noaug--938962 640
  0%|                                                     | 0/1 [00:00<?, ?it/s]0:05:36.603660 - iteration 0
0:05:36.647473 - outputs, {'pose': tensor([[-1.0098, -0.7284,  0.3015,  0.5648, -0.6342, -0.4199,  4.0380, -1.6782,
          0.6137]], device='cuda:0', grad_fn=<AddmmBackward0>)}
0:05:36.649162 - model_outputs {'pose': tensor([[-1.0098, -0.7284,  0.3015,  0.5648, -0.6342, -0.4199,  4.0380, -1.6782,
          0.6137]], device='cuda:0', grad_fn=<AddmmBackward0>)}
0:05:36.649971 - K crop tensor([[[2.0084e+03, 0.0000e+00, 2.4076e+02],
         [0.0000e+00, 2.0084e+03, 1.2051e+01],
         [0.0000e+00, 0.0000e+00, 1.0000e+00]]], device='cuda:0')
0:05:36.650817 - TCO_input tensor([[[ 1.0000,  0.0000,  0.0000, -0.0135],
         [ 0.0000,  1.0000,  0.0000,  0.0179],
         [ 0.0000,  0.0000,  1.0000,  0.3346],
         [ 0.0000,  0.0000,  0.0000,  1.0000]]], device='cuda:0')
0:05:36.651706 - model tco output tensor([[[-0.7882,  0.4521,  0.4175, -0.0079],
         [-0.5686, -0.7946, -0.2131,  0.0108],
         [ 0.2354, -0.4053,  0.8834,  0.2054],
         [ 0.0000,  0.0000,  0.0000,  1.0000]]], device='cuda:0',
       grad_fn=<CopySlices>)
0:05:36.689965 - Wrote debug data: /home/ubuntu/synthetic_pose_estimation/cosypose/local_data/debug_data/debug_iter=1.pth.tar
0:05:36.902669 - TCO_input tensor([[[ 1.0000,  0.0000,  0.0000, -0.0135],
         [ 0.0000,  1.0000,  0.0000,  0.0179],
         [ 0.0000,  0.0000,  1.0000,  0.3346],
         [ 0.0000,  0.0000,  0.0000,  1.0000]]], device='cuda:0')
0:05:36.903699 - vxvyvz tensor([[ 4.0380, -1.6782,  0.6137]], device='cuda:0',
       grad_fn=<SliceBackward0>)
0:05:36.904690 - dR tensor([[[-0.7882,  0.4521,  0.4175],
         [-0.5686, -0.7946, -0.2131],
         [ 0.2354, -0.4053,  0.8834]]], device='cuda:0',
       grad_fn=<StackBackward0>)
0:05:36.905578 - fxfy tensor([[2008.4141, 2008.4143]], device='cuda:0')
0:05:36.908045 - TCO_gt tensor([[[-0.7893,  0.4511,  0.4165, -0.0100],
         [-0.5688, -0.7927, -0.2192,  0.0062],
         [ 0.2313, -0.4099,  0.8823,  0.1920],
         [ 0.0000,  0.0000,  0.0000,  1.0000]]], device='cuda:0')
0:05:36.908959 - TCO pred_orn tensor([[[-0.7882,  0.4521,  0.4175, -0.0100],
         [-0.5686, -0.7946, -0.2131,  0.0062],
         [ 0.2354, -0.4053,  0.8834,  0.1920],
         [ 0.0000,  0.0000,  0.0000,  1.0000]]], device='cuda:0',
       grad_fn=<CopySlices>)
0:05:36.909874 - TCO pred_xy tensor([[[-0.7893,  0.4511,  0.4165, -0.0074],
         [-0.5688, -0.7927, -0.2192,  0.0101],
         [ 0.2313, -0.4099,  0.8823,  0.1920],
         [ 0.0000,  0.0000,  0.0000,  1.0000]]], device='cuda:0',
       grad_fn=<CopySlices>)
0:05:36.910758 - TCO pred_z tensor([[[-0.7893,  0.4511,  0.4165, -0.0100],
         [-0.5688, -0.7927, -0.2192,  0.0062],
         [ 0.2313, -0.4099,  0.8823,  0.2054],
         [ 0.0000,  0.0000,  0.0000,  1.0000]]], device='cuda:0',
       grad_fn=<CopySlices>)
0:05:36.911389 - loss orn tensor([2.4288e-05], device='cuda:0', grad_fn=<MinBackward0>)
0:05:36.912006 - loss xy tensor([0.0022], device='cuda:0', grad_fn=<MinBackward0>)
0:05:36.912623 - loss z tensor([0.0045], device='cuda:0', grad_fn=<MinBackward0>)
  0%|                                       | 0/1 [00:00<?, ?it/s, loss=0.00667]100%|███████████████████████████████| 1/1 [00:00<00:00,  4.67it/s, loss=0.00667]100%|███████████████████████████████| 1/1 [00:00<00:00,  4.66it/s, loss=0.00667]
0:05:36.697737 - saving /home/ubuntu/synthetic_pose_estimation/cosypose/local_data/experiments/bracket_assembly_debug_nut_nosym_coarse_noaug--938962 641
  0%|                                                     | 0/1 [00:00<?, ?it/s]0:05:37.112798 - iteration 0
0:05:37.156055 - outputs, {'pose': tensor([[-1.0083, -0.7341,  0.2995,  0.5594, -0.6338, -0.4220,  4.0517, -1.6844,
          0.6300]], device='cuda:0', grad_fn=<AddmmBackward0>)}
0:05:37.157712 - model_outputs {'pose': tensor([[-1.0083, -0.7341,  0.2995,  0.5594, -0.6338, -0.4220,  4.0517, -1.6844,
          0.6300]], device='cuda:0', grad_fn=<AddmmBackward0>)}
0:05:37.158479 - K crop tensor([[[1.9795e+03, 0.0000e+00, 2.0821e+02],
         [0.0000e+00, 1.9795e+03, 6.6035e+01],
         [0.0000e+00, 0.0000e+00, 1.0000e+00]]], device='cuda:0')
0:05:37.159313 - TCO_input tensor([[[ 1.0000,  0.0000,  0.0000, -0.0080],
         [ 0.0000,  1.0000,  0.0000,  0.0088],
         [ 0.0000,  0.0000,  1.0000,  0.3264],
         [ 0.0000,  0.0000,  0.0000,  1.0000]]], device='cuda:0')
0:05:37.160198 - model tco output tensor([[[-0.7861,  0.4539,  0.4195, -0.0046],
         [-0.5723, -0.7909, -0.2166,  0.0054],
         [ 0.2335, -0.4103,  0.8815,  0.2056],
         [ 0.0000,  0.0000,  0.0000,  1.0000]]], device='cuda:0',
       grad_fn=<CopySlices>)
0:05:37.198958 - Wrote debug data: /home/ubuntu/synthetic_pose_estimation/cosypose/local_data/debug_data/debug_iter=1.pth.tar
0:05:37.411615 - TCO_input tensor([[[ 1.0000,  0.0000,  0.0000, -0.0080],
         [ 0.0000,  1.0000,  0.0000,  0.0088],
         [ 0.0000,  0.0000,  1.0000,  0.3264],
         [ 0.0000,  0.0000,  0.0000,  1.0000]]], device='cuda:0')
0:05:37.412786 - vxvyvz tensor([[ 4.0517, -1.6844,  0.6300]], device='cuda:0',
       grad_fn=<SliceBackward0>)
0:05:37.413842 - dR tensor([[[-0.7861,  0.4539,  0.4195],
         [-0.5723, -0.7909, -0.2166],
         [ 0.2335, -0.4103,  0.8815]]], device='cuda:0',
       grad_fn=<StackBackward0>)
0:05:37.414728 - fxfy tensor([[1979.5066, 1979.5066]], device='cuda:0')
0:05:37.417300 - TCO_gt tensor([[[-0.7893,  0.4511,  0.4165, -0.0100],
         [-0.5688, -0.7927, -0.2192,  0.0062],
         [ 0.2313, -0.4099,  0.8823,  0.1920],
         [ 0.0000,  0.0000,  0.0000,  1.0000]]], device='cuda:0')
0:05:37.418220 - TCO pred_orn tensor([[[-0.7861,  0.4539,  0.4195, -0.0100],
         [-0.5723, -0.7909, -0.2166,  0.0062],
         [ 0.2335, -0.4103,  0.8815,  0.1920],
         [ 0.0000,  0.0000,  0.0000,  1.0000]]], device='cuda:0',
       grad_fn=<CopySlices>)
0:05:37.419125 - TCO pred_xy tensor([[[-0.7893,  0.4511,  0.4165, -0.0043],
         [-0.5688, -0.7927, -0.2192,  0.0050],
         [ 0.2313, -0.4099,  0.8823,  0.1920],
         [ 0.0000,  0.0000,  0.0000,  1.0000]]], device='cuda:0',
       grad_fn=<CopySlices>)
0:05:37.420027 - TCO pred_z tensor([[[-0.7893,  0.4511,  0.4165, -0.0100],
         [-0.5688, -0.7927, -0.2192,  0.0062],
         [ 0.2313, -0.4099,  0.8823,  0.2056],
         [ 0.0000,  0.0000,  0.0000,  1.0000]]], device='cuda:0',
       grad_fn=<CopySlices>)
0:05:37.420654 - loss orn tensor([2.1695e-05], device='cuda:0', grad_fn=<MinBackward0>)
0:05:37.421309 - loss xy tensor([0.0023], device='cuda:0', grad_fn=<MinBackward0>)
0:05:37.421918 - loss z tensor([0.0046], device='cuda:0', grad_fn=<MinBackward0>)
  0%|                                       | 0/1 [00:00<?, ?it/s, loss=0.00686]100%|███████████████████████████████| 1/1 [00:00<00:00,  4.58it/s, loss=0.00686]100%|███████████████████████████████| 1/1 [00:00<00:00,  4.57it/s, loss=0.00686]
0:05:37.203634 - saving /home/ubuntu/synthetic_pose_estimation/cosypose/local_data/experiments/bracket_assembly_debug_nut_nosym_coarse_noaug--938962 642
  0%|                                                     | 0/1 [00:00<?, ?it/s]0:05:37.618600 - iteration 0
0:05:37.661509 - outputs, {'pose': tensor([[-1.0112, -0.7322,  0.2962,  0.5649, -0.6279, -0.4218,  4.0383, -1.6808,
          0.6228]], device='cuda:0', grad_fn=<AddmmBackward0>)}
0:05:37.663016 - model_outputs {'pose': tensor([[-1.0112, -0.7322,  0.2962,  0.5649, -0.6279, -0.4218,  4.0383, -1.6808,
          0.6228]], device='cuda:0', grad_fn=<AddmmBackward0>)}
0:05:37.663777 - K crop tensor([[[1.7725e+03, 0.0000e+00, 2.8074e+02],
         [0.0000e+00, 1.7725e+03, 9.1903e+01],
         [0.0000e+00, 0.0000e+00, 1.0000e+00]]], device='cuda:0')
0:05:37.664606 - TCO_input tensor([[[ 1.0000,  0.0000,  0.0000, -0.0199],
         [ 0.0000,  1.0000,  0.0000,  0.0045],
         [ 0.0000,  0.0000,  1.0000,  0.2915],
         [ 0.0000,  0.0000,  0.0000,  1.0000]]], device='cuda:0')
0:05:37.665516 - model tco output tensor([[[-0.7881,  0.4533,  0.4164, -0.0120],
         [-0.5706, -0.7917, -0.2181,  0.0027],
         [ 0.2308, -0.4096,  0.8826,  0.1816],
         [ 0.0000,  0.0000,  0.0000,  1.0000]]], device='cuda:0',
       grad_fn=<CopySlices>)
0:05:37.702653 - Wrote debug data: /home/ubuntu/synthetic_pose_estimation/cosypose/local_data/debug_data/debug_iter=1.pth.tar
0:05:37.913309 - TCO_input tensor([[[ 1.0000,  0.0000,  0.0000, -0.0199],
         [ 0.0000,  1.0000,  0.0000,  0.0045],
         [ 0.0000,  0.0000,  1.0000,  0.2915],
         [ 0.0000,  0.0000,  0.0000,  1.0000]]], device='cuda:0')
0:05:37.914361 - vxvyvz tensor([[ 4.0383, -1.6808,  0.6228]], device='cuda:0',
       grad_fn=<SliceBackward0>)
0:05:37.915386 - dR tensor([[[-0.7881,  0.4533,  0.4164],
         [-0.5706, -0.7917, -0.2181],
         [ 0.2308, -0.4096,  0.8826]]], device='cuda:0',
       grad_fn=<StackBackward0>)
0:05:37.916225 - fxfy tensor([[1772.5211, 1772.5216]], device='cuda:0')
0:05:37.918787 - TCO_gt tensor([[[-0.7893,  0.4511,  0.4165, -0.0100],
         [-0.5688, -0.7927, -0.2192,  0.0062],
         [ 0.2313, -0.4099,  0.8823,  0.1920],
         [ 0.0000,  0.0000,  0.0000,  1.0000]]], device='cuda:0')
0:05:37.919794 - TCO pred_orn tensor([[[-0.7881,  0.4533,  0.4164, -0.0100],
         [-0.5706, -0.7917, -0.2181,  0.0062],
         [ 0.2308, -0.4096,  0.8826,  0.1920],
         [ 0.0000,  0.0000,  0.0000,  1.0000]]], device='cuda:0',
       grad_fn=<CopySlices>)
0:05:37.920697 - TCO pred_xy tensor([[[-0.7893,  0.4511,  0.4165, -0.0127],
         [-0.5688, -0.7927, -0.2192,  0.0028],
         [ 0.2313, -0.4099,  0.8823,  0.1920],
         [ 0.0000,  0.0000,  0.0000,  1.0000]]], device='cuda:0',
       grad_fn=<CopySlices>)
0:05:37.921635 - TCO pred_z tensor([[[-0.7893,  0.4511,  0.4165, -0.0100],
         [-0.5688, -0.7927, -0.2192,  0.0062],
         [ 0.2313, -0.4099,  0.8823,  0.1816],
         [ 0.0000,  0.0000,  0.0000,  1.0000]]], device='cuda:0',
       grad_fn=<CopySlices>)
0:05:37.922259 - loss orn tensor([1.0428e-05], device='cuda:0', grad_fn=<MinBackward0>)
0:05:37.922880 - loss xy tensor([0.0020], device='cuda:0', grad_fn=<MinBackward0>)
0:05:37.923518 - loss z tensor([0.0035], device='cuda:0', grad_fn=<MinBackward0>)
  0%|                                        | 0/1 [00:00<?, ?it/s, loss=0.0055]100%|████████████████████████████████| 1/1 [00:00<00:00,  4.71it/s, loss=0.0055]100%|████████████████████████████████| 1/1 [00:00<00:00,  4.70it/s, loss=0.0055]
0:05:37.690918 - saving /home/ubuntu/synthetic_pose_estimation/cosypose/local_data/experiments/bracket_assembly_debug_nut_nosym_coarse_noaug--938962 643
  0%|                                                     | 0/1 [00:00<?, ?it/s]0:05:38.106169 - iteration 0
0:05:38.149220 - outputs, {'pose': tensor([[-1.0073, -0.7326,  0.2906,  0.5629, -0.6312, -0.4253,  4.0405, -1.6841,
          0.6338]], device='cuda:0', grad_fn=<AddmmBackward0>)}
0:05:38.150745 - model_outputs {'pose': tensor([[-1.0073, -0.7326,  0.2906,  0.5629, -0.6312, -0.4253,  4.0405, -1.6841,
          0.6338]], device='cuda:0', grad_fn=<AddmmBackward0>)}
0:05:38.151523 - K crop tensor([[[1.9698e+03, 0.0000e+00, 2.8626e+02],
         [0.0000e+00, 1.9698e+03, 5.7925e+01],
         [0.0000e+00, 0.0000e+00, 1.0000e+00]]], device='cuda:0')
0:05:38.152369 - TCO_input tensor([[[ 1.0000,  0.0000,  0.0000, -0.0209],
         [ 0.0000,  1.0000,  0.0000,  0.0102],
         [ 0.0000,  0.0000,  1.0000,  0.3254],
         [ 0.0000,  0.0000,  0.0000,  1.0000]]], device='cuda:0')
0:05:38.153267 - model tco output tensor([[[-0.7876,  0.4543,  0.4163, -0.0128],
         [-0.5728, -0.7889, -0.2227,  0.0063],
         [ 0.2272, -0.4139,  0.8815,  0.2062],
         [ 0.0000,  0.0000,  0.0000,  1.0000]]], device='cuda:0',
       grad_fn=<CopySlices>)
0:05:38.190765 - Wrote debug data: /home/ubuntu/synthetic_pose_estimation/cosypose/local_data/debug_data/debug_iter=1.pth.tar
0:05:38.405913 - TCO_input tensor([[[ 1.0000,  0.0000,  0.0000, -0.0209],
         [ 0.0000,  1.0000,  0.0000,  0.0102],
         [ 0.0000,  0.0000,  1.0000,  0.3254],
         [ 0.0000,  0.0000,  0.0000,  1.0000]]], device='cuda:0')
0:05:38.406839 - vxvyvz tensor([[ 4.0405, -1.6841,  0.6338]], device='cuda:0',
       grad_fn=<SliceBackward0>)
0:05:38.407811 - dR tensor([[[-0.7876,  0.4543,  0.4163],
         [-0.5728, -0.7889, -0.2227],
         [ 0.2272, -0.4139,  0.8815]]], device='cuda:0',
       grad_fn=<StackBackward0>)
0:05:38.408666 - fxfy tensor([[1969.7911, 1969.7914]], device='cuda:0')
0:05:38.411148 - TCO_gt tensor([[[-0.7893,  0.4511,  0.4165, -0.0100],
         [-0.5688, -0.7927, -0.2192,  0.0062],
         [ 0.2313, -0.4099,  0.8823,  0.1920],
         [ 0.0000,  0.0000,  0.0000,  1.0000]]], device='cuda:0')
0:05:38.412069 - TCO pred_orn tensor([[[-0.7876,  0.4543,  0.4163, -0.0100],
         [-0.5728, -0.7889, -0.2227,  0.0062],
         [ 0.2272, -0.4139,  0.8815,  0.1920],
         [ 0.0000,  0.0000,  0.0000,  1.0000]]], device='cuda:0',
       grad_fn=<CopySlices>)
0:05:38.412985 - TCO pred_xy tensor([[[-0.7893,  0.4511,  0.4165, -0.0120],
         [-0.5688, -0.7927, -0.2192,  0.0058],
         [ 0.2313, -0.4099,  0.8823,  0.1920],
         [ 0.0000,  0.0000,  0.0000,  1.0000]]], device='cuda:0',
       grad_fn=<CopySlices>)
0:05:38.413917 - TCO pred_z tensor([[[-0.7893,  0.4511,  0.4165, -0.0100],
         [-0.5688, -0.7927, -0.2192,  0.0062],
         [ 0.2313, -0.4099,  0.8823,  0.2062],
         [ 0.0000,  0.0000,  0.0000,  1.0000]]], device='cuda:0',
       grad_fn=<CopySlices>)
0:05:38.414541 - loss orn tensor([2.9995e-05], device='cuda:0', grad_fn=<MinBackward0>)
0:05:38.415163 - loss xy tensor([0.0008], device='cuda:0', grad_fn=<MinBackward0>)
0:05:38.415769 - loss z tensor([0.0048], device='cuda:0', grad_fn=<MinBackward0>)
  0%|                                       | 0/1 [00:00<?, ?it/s, loss=0.00555]100%|███████████████████████████████| 1/1 [00:00<00:00,  4.54it/s, loss=0.00555]100%|███████████████████████████████| 1/1 [00:00<00:00,  4.54it/s, loss=0.00555]
0:05:38.191823 - saving /home/ubuntu/synthetic_pose_estimation/cosypose/local_data/experiments/bracket_assembly_debug_nut_nosym_coarse_noaug--938962 644
  0%|                                                     | 0/1 [00:00<?, ?it/s]0:05:38.607087 - iteration 0
0:05:38.651453 - outputs, {'pose': tensor([[-1.0189, -0.7253,  0.2941,  0.5625, -0.6259, -0.4238,  4.0375, -1.6769,
          0.6135]], device='cuda:0', grad_fn=<AddmmBackward0>)}
0:05:38.653037 - model_outputs {'pose': tensor([[-1.0189, -0.7253,  0.2941,  0.5625, -0.6259, -0.4238,  4.0375, -1.6769,
          0.6135]], device='cuda:0', grad_fn=<AddmmBackward0>)}
0:05:38.653864 - K crop tensor([[[1.9897e+03, 0.0000e+00, 2.4636e+02],
         [0.0000e+00, 1.9897e+03, 2.7898e+01],
         [0.0000e+00, 0.0000e+00, 1.0000e+00]]], device='cuda:0')
0:05:38.655332 - TCO_input tensor([[[ 1.0000,  0.0000,  0.0000, -0.0144],
         [ 0.0000,  1.0000,  0.0000,  0.0152],
         [ 0.0000,  0.0000,  1.0000,  0.3305],
         [ 0.0000,  0.0000,  0.0000,  1.0000]]], device='cuda:0')
0:05:38.656325 - model tco output tensor([[[-0.7930,  0.4464,  0.4145, -0.0084],
         [-0.5645, -0.7943, -0.2246,  0.0092],
         [ 0.2289, -0.4121,  0.8819,  0.2028],
         [ 0.0000,  0.0000,  0.0000,  1.0000]]], device='cuda:0',
       grad_fn=<CopySlices>)
0:05:38.694259 - Wrote debug data: /home/ubuntu/synthetic_pose_estimation/cosypose/local_data/debug_data/debug_iter=1.pth.tar
0:05:38.913039 - TCO_input tensor([[[ 1.0000,  0.0000,  0.0000, -0.0144],
         [ 0.0000,  1.0000,  0.0000,  0.0152],
         [ 0.0000,  0.0000,  1.0000,  0.3305],
         [ 0.0000,  0.0000,  0.0000,  1.0000]]], device='cuda:0')
0:05:38.914011 - vxvyvz tensor([[ 4.0375, -1.6769,  0.6135]], device='cuda:0',
       grad_fn=<SliceBackward0>)
0:05:38.915047 - dR tensor([[[-0.7930,  0.4464,  0.4145],
         [-0.5645, -0.7943, -0.2246],
         [ 0.2289, -0.4121,  0.8819]]], device='cuda:0',
       grad_fn=<StackBackward0>)
0:05:38.915926 - fxfy tensor([[1989.7078, 1989.7080]], device='cuda:0')
0:05:38.918420 - TCO_gt tensor([[[-0.7893,  0.4511,  0.4165, -0.0100],
         [-0.5688, -0.7927, -0.2192,  0.0062],
         [ 0.2313, -0.4099,  0.8823,  0.1920],
         [ 0.0000,  0.0000,  0.0000,  1.0000]]], device='cuda:0')
0:05:38.919358 - TCO pred_orn tensor([[[-0.7930,  0.4464,  0.4145, -0.0100],
         [-0.5645, -0.7943, -0.2246,  0.0062],
         [ 0.2289, -0.4121,  0.8819,  0.1920],
         [ 0.0000,  0.0000,  0.0000,  1.0000]]], device='cuda:0',
       grad_fn=<CopySlices>)
0:05:38.920282 - TCO pred_xy tensor([[[-0.7893,  0.4511,  0.4165, -0.0080],
         [-0.5688, -0.7927, -0.2192,  0.0087],
         [ 0.2313, -0.4099,  0.8823,  0.1920],
         [ 0.0000,  0.0000,  0.0000,  1.0000]]], device='cuda:0',
       grad_fn=<CopySlices>)
0:05:38.921223 - TCO pred_z tensor([[[-0.7893,  0.4511,  0.4165, -0.0100],
         [-0.5688, -0.7927, -0.2192,  0.0062],
         [ 0.2313, -0.4099,  0.8823,  0.2028],
         [ 0.0000,  0.0000,  0.0000,  1.0000]]], device='cuda:0',
       grad_fn=<CopySlices>)
0:05:38.921911 - loss orn tensor([2.9151e-05], device='cuda:0', grad_fn=<MinBackward0>)
0:05:38.922561 - loss xy tensor([0.0015], device='cuda:0', grad_fn=<MinBackward0>)
0:05:38.923262 - loss z tensor([0.0036], device='cuda:0', grad_fn=<MinBackward0>)
  0%|                                       | 0/1 [00:00<?, ?it/s, loss=0.00514]100%|███████████████████████████████| 1/1 [00:00<00:00,  4.48it/s, loss=0.00514]100%|███████████████████████████████| 1/1 [00:00<00:00,  4.47it/s, loss=0.00514]
0:05:38.717722 - saving /home/ubuntu/synthetic_pose_estimation/cosypose/local_data/experiments/bracket_assembly_debug_nut_nosym_coarse_noaug--938962 645
  0%|                                                     | 0/1 [00:00<?, ?it/s]0:05:39.136464 - iteration 0
0:05:39.188047 - outputs, {'pose': tensor([[-1.0171, -0.7327,  0.2910,  0.5619, -0.6388, -0.4285,  4.0402, -1.6834,
          0.6382]], device='cuda:0', grad_fn=<AddmmBackward0>)}
0:05:39.189957 - model_outputs {'pose': tensor([[-1.0171, -0.7327,  0.2910,  0.5619, -0.6388, -0.4285,  4.0402, -1.6834,
          0.6382]], device='cuda:0', grad_fn=<AddmmBackward0>)}
0:05:39.190870 - K crop tensor([[[1.8036e+03, 0.0000e+00, 2.0343e+02],
         [0.0000e+00, 1.8036e+03, 2.5885e+01],
         [0.0000e+00, 0.0000e+00, 1.0000e+00]]], device='cuda:0')
0:05:39.191789 - TCO_input tensor([[[ 1.0000,  0.0000,  0.0000, -0.0073],
         [ 0.0000,  1.0000,  0.0000,  0.0156],
         [ 0.0000,  0.0000,  1.0000,  0.3009],
         [ 0.0000,  0.0000,  0.0000,  1.0000]]], device='cuda:0')
0:05:39.192771 - model tco output tensor([[[-0.7904,  0.4506,  0.4150, -0.0042],
         [-0.5694, -0.7904, -0.2261,  0.0098],
         [ 0.2262, -0.4150,  0.8813,  0.1920],
         [ 0.0000,  0.0000,  0.0000,  1.0000]]], device='cuda:0',
       grad_fn=<CopySlices>)
0:05:39.233268 - Wrote debug data: /home/ubuntu/synthetic_pose_estimation/cosypose/local_data/debug_data/debug_iter=1.pth.tar
0:05:39.447690 - TCO_input tensor([[[ 1.0000,  0.0000,  0.0000, -0.0073],
         [ 0.0000,  1.0000,  0.0000,  0.0156],
         [ 0.0000,  0.0000,  1.0000,  0.3009],
         [ 0.0000,  0.0000,  0.0000,  1.0000]]], device='cuda:0')
0:05:39.448705 - vxvyvz tensor([[ 4.0402, -1.6834,  0.6382]], device='cuda:0',
       grad_fn=<SliceBackward0>)
0:05:39.449775 - dR tensor([[[-0.7904,  0.4506,  0.4150],
         [-0.5694, -0.7904, -0.2261],
         [ 0.2262, -0.4150,  0.8813]]], device='cuda:0',
       grad_fn=<StackBackward0>)
0:05:39.450677 - fxfy tensor([[1803.5667, 1803.5668]], device='cuda:0')
0:05:39.453188 - TCO_gt tensor([[[-0.7893,  0.4511,  0.4165, -0.0100],
         [-0.5688, -0.7927, -0.2192,  0.0062],
         [ 0.2313, -0.4099,  0.8823,  0.1920],
         [ 0.0000,  0.0000,  0.0000,  1.0000]]], device='cuda:0')
0:05:39.454152 - TCO pred_orn tensor([[[-0.7904,  0.4506,  0.4150, -0.0100],
         [-0.5694, -0.7904, -0.2261,  0.0062],
         [ 0.2262, -0.4150,  0.8813,  0.1920],
         [ 0.0000,  0.0000,  0.0000,  1.0000]]], device='cuda:0',
       grad_fn=<CopySlices>)
0:05:39.455070 - TCO pred_xy tensor([[[-0.7893,  0.4511,  0.4165, -0.0042],
         [-0.5688, -0.7927, -0.2192,  0.0098],
         [ 0.2313, -0.4099,  0.8823,  0.1920],
         [ 0.0000,  0.0000,  0.0000,  1.0000]]], device='cuda:0',
       grad_fn=<CopySlices>)
0:05:39.455994 - TCO pred_z tensor([[[-0.7893,  0.4511,  0.4165, -0.0100],
         [-0.5688, -0.7927, -0.2192,  0.0062],
         [ 0.2313, -0.4099,  0.8823,  0.1920],
         [ 0.0000,  0.0000,  0.0000,  1.0000]]], device='cuda:0',
       grad_fn=<CopySlices>)
0:05:39.456656 - loss orn tensor([2.7148e-05], device='cuda:0', grad_fn=<MinBackward0>)
0:05:39.457336 - loss xy tensor([0.0031], device='cuda:0', grad_fn=<MinBackward0>)
0:05:39.457986 - loss z tensor([1.1697e-05], device='cuda:0', grad_fn=<MinBackward0>)
  0%|                                       | 0/1 [00:00<?, ?it/s, loss=0.00316]100%|███████████████████████████████| 1/1 [00:00<00:00,  4.29it/s, loss=0.00316]100%|███████████████████████████████| 1/1 [00:00<00:00,  4.28it/s, loss=0.00316]
0:05:39.227592 - saving /home/ubuntu/synthetic_pose_estimation/cosypose/local_data/experiments/bracket_assembly_debug_nut_nosym_coarse_noaug--938962 646
  0%|                                                     | 0/1 [00:00<?, ?it/s]0:05:39.642792 - iteration 0
0:05:39.686191 - outputs, {'pose': tensor([[-1.0134, -0.7330,  0.2903,  0.5635, -0.6251, -0.4284,  4.0466, -1.6876,
          0.6390]], device='cuda:0', grad_fn=<AddmmBackward0>)}
0:05:39.687748 - model_outputs {'pose': tensor([[-1.0134, -0.7330,  0.2903,  0.5635, -0.6251, -0.4284,  4.0466, -1.6876,
          0.6390]], device='cuda:0', grad_fn=<AddmmBackward0>)}
0:05:39.688540 - K crop tensor([[[1.6741e+03, 0.0000e+00, 2.4358e+02],
         [0.0000e+00, 1.6741e+03, 6.5530e+01],
         [0.0000e+00, 0.0000e+00, 1.0000e+00]]], device='cuda:0')
0:05:39.689403 - TCO_input tensor([[[ 1.0000,  0.0000,  0.0000, -0.0139],
         [ 0.0000,  1.0000,  0.0000,  0.0089],
         [ 0.0000,  0.0000,  1.0000,  0.2775],
         [ 0.0000,  0.0000,  0.0000,  1.0000]]], device='cuda:0')
0:05:39.690315 - model tco output tensor([[[-0.7893,  0.4510,  0.4167, -0.0085],
         [-0.5709, -0.7889, -0.2276,  0.0055],
         [ 0.2261, -0.4175,  0.8801,  0.1773],
         [ 0.0000,  0.0000,  0.0000,  1.0000]]], device='cuda:0',
       grad_fn=<CopySlices>)
0:05:39.728647 - Wrote debug data: /home/ubuntu/synthetic_pose_estimation/cosypose/local_data/debug_data/debug_iter=1.pth.tar
0:05:39.942794 - TCO_input tensor([[[ 1.0000,  0.0000,  0.0000, -0.0139],
         [ 0.0000,  1.0000,  0.0000,  0.0089],
         [ 0.0000,  0.0000,  1.0000,  0.2775],
         [ 0.0000,  0.0000,  0.0000,  1.0000]]], device='cuda:0')
0:05:39.943712 - vxvyvz tensor([[ 4.0466, -1.6876,  0.6390]], device='cuda:0',
       grad_fn=<SliceBackward0>)
0:05:39.944700 - dR tensor([[[-0.7893,  0.4510,  0.4167],
         [-0.5709, -0.7889, -0.2276],
         [ 0.2261, -0.4175,  0.8801]]], device='cuda:0',
       grad_fn=<StackBackward0>)
0:05:39.945612 - fxfy tensor([[1674.1019, 1674.1021]], device='cuda:0')
0:05:39.948082 - TCO_gt tensor([[[-0.7893,  0.4511,  0.4165, -0.0100],
         [-0.5688, -0.7927, -0.2192,  0.0062],
         [ 0.2313, -0.4099,  0.8823,  0.1920],
         [ 0.0000,  0.0000,  0.0000,  1.0000]]], device='cuda:0')
0:05:39.949007 - TCO pred_orn tensor([[[-0.7893,  0.4510,  0.4167, -0.0100],
         [-0.5709, -0.7889, -0.2276,  0.0062],
         [ 0.2261, -0.4175,  0.8801,  0.1920],
         [ 0.0000,  0.0000,  0.0000,  1.0000]]], device='cuda:0',
       grad_fn=<CopySlices>)
0:05:39.949918 - TCO pred_xy tensor([[[-0.7893,  0.4511,  0.4165, -0.0092],
         [-0.5688, -0.7927, -0.2192,  0.0060],
         [ 0.2313, -0.4099,  0.8823,  0.1920],
         [ 0.0000,  0.0000,  0.0000,  1.0000]]], device='cuda:0',
       grad_fn=<CopySlices>)
0:05:39.950821 - TCO pred_z tensor([[[-0.7893,  0.4511,  0.4165, -0.0100],
         [-0.5688, -0.7927, -0.2192,  0.0062],
         [ 0.2313, -0.4099,  0.8823,  0.1773],
         [ 0.0000,  0.0000,  0.0000,  1.0000]]], device='cuda:0',
       grad_fn=<CopySlices>)
0:05:39.951465 - loss orn tensor([3.1948e-05], device='cuda:0', grad_fn=<MinBackward0>)
0:05:39.952080 - loss xy tensor([0.0003], device='cuda:0', grad_fn=<MinBackward0>)
0:05:39.952732 - loss z tensor([0.0049], device='cuda:0', grad_fn=<MinBackward0>)
  0%|                                       | 0/1 [00:00<?, ?it/s, loss=0.00525]100%|███████████████████████████████| 1/1 [00:00<00:00,  4.58it/s, loss=0.00525]100%|███████████████████████████████| 1/1 [00:00<00:00,  4.57it/s, loss=0.00525]
0:05:39.763791 - saving /home/ubuntu/synthetic_pose_estimation/cosypose/local_data/experiments/bracket_assembly_debug_nut_nosym_coarse_noaug--938962 647
  0%|                                                     | 0/1 [00:00<?, ?it/s]0:05:40.179093 - iteration 0
0:05:40.223186 - outputs, {'pose': tensor([[-1.0075, -0.7244,  0.2911,  0.5576, -0.6308, -0.4220,  4.0342, -1.6789,
          0.6179]], device='cuda:0', grad_fn=<AddmmBackward0>)}
0:05:40.224797 - model_outputs {'pose': tensor([[-1.0075, -0.7244,  0.2911,  0.5576, -0.6308, -0.4220,  4.0342, -1.6789,
          0.6179]], device='cuda:0', grad_fn=<AddmmBackward0>)}
0:05:40.225605 - K crop tensor([[[1.9256e+03, 0.0000e+00, 2.6026e+02],
         [0.0000e+00, 1.9256e+03, 7.9178e+01],
         [0.0000e+00, 0.0000e+00, 1.0000e+00]]], device='cuda:0')
0:05:40.226443 - TCO_input tensor([[[ 1.0000,  0.0000,  0.0000, -0.0166],
         [ 0.0000,  1.0000,  0.0000,  0.0066],
         [ 0.0000,  0.0000,  1.0000,  0.3169],
         [ 0.0000,  0.0000,  0.0000,  1.0000]]], device='cuda:0')
0:05:40.228256 - model tco output tensor([[[-0.7905,  0.4503,  0.4152, -0.0098],
         [-0.5683, -0.7920, -0.2230,  0.0039],
         [ 0.2284, -0.4122,  0.8820,  0.1958],
         [ 0.0000,  0.0000,  0.0000,  1.0000]]], device='cuda:0',
       grad_fn=<CopySlices>)
0:05:40.270400 - Wrote debug data: /home/ubuntu/synthetic_pose_estimation/cosypose/local_data/debug_data/debug_iter=1.pth.tar
0:05:40.485611 - TCO_input tensor([[[ 1.0000,  0.0000,  0.0000, -0.0166],
         [ 0.0000,  1.0000,  0.0000,  0.0066],
         [ 0.0000,  0.0000,  1.0000,  0.3169],
         [ 0.0000,  0.0000,  0.0000,  1.0000]]], device='cuda:0')
0:05:40.486637 - vxvyvz tensor([[ 4.0342, -1.6789,  0.6179]], device='cuda:0',
       grad_fn=<SliceBackward0>)
0:05:40.487637 - dR tensor([[[-0.7905,  0.4503,  0.4152],
         [-0.5683, -0.7920, -0.2230],
         [ 0.2284, -0.4122,  0.8820]]], device='cuda:0',
       grad_fn=<StackBackward0>)
0:05:40.488512 - fxfy tensor([[1925.6310, 1925.6307]], device='cuda:0')
0:05:40.491031 - TCO_gt tensor([[[-0.7893,  0.4511,  0.4165, -0.0100],
         [-0.5688, -0.7927, -0.2192,  0.0062],
         [ 0.2313, -0.4099,  0.8823,  0.1920],
         [ 0.0000,  0.0000,  0.0000,  1.0000]]], device='cuda:0')
0:05:40.491954 - TCO pred_orn tensor([[[-0.7905,  0.4503,  0.4152, -0.0100],
         [-0.5683, -0.7920, -0.2230,  0.0062],
         [ 0.2284, -0.4122,  0.8820,  0.1920],
         [ 0.0000,  0.0000,  0.0000,  1.0000]]], device='cuda:0',
       grad_fn=<CopySlices>)
0:05:40.492877 - TCO pred_xy tensor([[[-0.7893,  0.4511,  0.4165, -0.0096],
         [-0.5688, -0.7927, -0.2192,  0.0039],
         [ 0.2313, -0.4099,  0.8823,  0.1920],
         [ 0.0000,  0.0000,  0.0000,  1.0000]]], device='cuda:0',
       grad_fn=<CopySlices>)
0:05:40.493815 - TCO pred_z tensor([[[-0.7893,  0.4511,  0.4165, -0.0100],
         [-0.5688, -0.7927, -0.2192,  0.0062],
         [ 0.2313, -0.4099,  0.8823,  0.1958],
         [ 0.0000,  0.0000,  0.0000,  1.0000]]], device='cuda:0',
       grad_fn=<CopySlices>)
0:05:40.494451 - loss orn tensor([1.6081e-05], device='cuda:0', grad_fn=<MinBackward0>)
0:05:40.495069 - loss xy tensor([0.0009], device='cuda:0', grad_fn=<MinBackward0>)
0:05:40.495684 - loss z tensor([0.0013], device='cuda:0', grad_fn=<MinBackward0>)
  0%|                                       | 0/1 [00:00<?, ?it/s, loss=0.00219]100%|███████████████████████████████| 1/1 [00:00<00:00,  4.42it/s, loss=0.00219]100%|███████████████████████████████| 1/1 [00:00<00:00,  4.41it/s, loss=0.00219]
0:05:40.276126 - saving /home/ubuntu/synthetic_pose_estimation/cosypose/local_data/experiments/bracket_assembly_debug_nut_nosym_coarse_noaug--938962 648
  0%|                                                     | 0/1 [00:00<?, ?it/s]0:05:40.691285 - iteration 0
0:05:40.736312 - outputs, {'pose': tensor([[-1.0215, -0.7374,  0.2949,  0.5689, -0.6329, -0.4191,  4.0621, -1.6869,
          0.6204]], device='cuda:0', grad_fn=<AddmmBackward0>)}
0:05:40.738109 - model_outputs {'pose': tensor([[-1.0215, -0.7374,  0.2949,  0.5689, -0.6329, -0.4191,  4.0621, -1.6869,
          0.6204]], device='cuda:0', grad_fn=<AddmmBackward0>)}
0:05:40.738918 - K crop tensor([[[2.0869e+03, 0.0000e+00, 1.9344e+02],
         [0.0000e+00, 2.0869e+03, 4.5028e+01],
         [0.0000e+00, 0.0000e+00, 1.0000e+00]]], device='cuda:0')
0:05:40.740379 - TCO_input tensor([[[ 1.0000,  0.0000,  0.0000, -0.0056],
         [ 0.0000,  1.0000,  0.0000,  0.0123],
         [ 0.0000,  0.0000,  1.0000,  0.3450],
         [ 0.0000,  0.0000,  0.0000,  1.0000]]], device='cuda:0')
0:05:40.741392 - model tco output tensor([[[-0.7895,  0.4553,  0.4117, -0.0031],
         [-0.5699, -0.7928, -0.2162,  0.0075],
         [ 0.2279, -0.4053,  0.8853,  0.2140],
         [ 0.0000,  0.0000,  0.0000,  1.0000]]], device='cuda:0',
       grad_fn=<CopySlices>)
0:05:40.777740 - Wrote debug data: /home/ubuntu/synthetic_pose_estimation/cosypose/local_data/debug_data/debug_iter=1.pth.tar
0:05:40.991545 - TCO_input tensor([[[ 1.0000,  0.0000,  0.0000, -0.0056],
         [ 0.0000,  1.0000,  0.0000,  0.0123],
         [ 0.0000,  0.0000,  1.0000,  0.3450],
         [ 0.0000,  0.0000,  0.0000,  1.0000]]], device='cuda:0')
0:05:40.992664 - vxvyvz tensor([[ 4.0621, -1.6869,  0.6204]], device='cuda:0',
       grad_fn=<SliceBackward0>)
0:05:40.993835 - dR tensor([[[-0.7895,  0.4553,  0.4117],
         [-0.5699, -0.7928, -0.2162],
         [ 0.2279, -0.4053,  0.8853]]], device='cuda:0',
       grad_fn=<StackBackward0>)
0:05:40.994709 - fxfy tensor([[2086.9060, 2086.9065]], device='cuda:0')
0:05:40.997212 - TCO_gt tensor([[[-0.7893,  0.4511,  0.4165, -0.0100],
         [-0.5688, -0.7927, -0.2192,  0.0062],
         [ 0.2313, -0.4099,  0.8823,  0.1920],
         [ 0.0000,  0.0000,  0.0000,  1.0000]]], device='cuda:0')
0:05:40.998145 - TCO pred_orn tensor([[[-0.7895,  0.4553,  0.4117, -0.0100],
         [-0.5699, -0.7928, -0.2162,  0.0062],
         [ 0.2279, -0.4053,  0.8853,  0.1920],
         [ 0.0000,  0.0000,  0.0000,  1.0000]]], device='cuda:0',
       grad_fn=<CopySlices>)
0:05:40.999104 - TCO pred_xy tensor([[[-0.7893,  0.4511,  0.4165, -0.0027],
         [-0.5688, -0.7927, -0.2192,  0.0067],
         [ 0.2313, -0.4099,  0.8823,  0.1920],
         [ 0.0000,  0.0000,  0.0000,  1.0000]]], device='cuda:0',
       grad_fn=<CopySlices>)
0:05:41.000002 - TCO pred_z tensor([[[-0.7893,  0.4511,  0.4165, -0.0100],
         [-0.5688, -0.7927, -0.2192,  0.0062],
         [ 0.2313, -0.4099,  0.8823,  0.2140],
         [ 0.0000,  0.0000,  0.0000,  1.0000]]], device='cuda:0',
       grad_fn=<CopySlices>)
0:05:41.000646 - loss orn tensor([2.6139e-05], device='cuda:0', grad_fn=<MinBackward0>)
0:05:41.001305 - loss xy tensor([0.0026], device='cuda:0', grad_fn=<MinBackward0>)
0:05:41.001930 - loss z tensor([0.0074], device='cuda:0', grad_fn=<MinBackward0>)
  0%|                                       | 0/1 [00:00<?, ?it/s, loss=0.00998]100%|███████████████████████████████| 1/1 [00:00<00:00,  4.56it/s, loss=0.00998]100%|███████████████████████████████| 1/1 [00:00<00:00,  4.55it/s, loss=0.00998]
0:05:40.785200 - saving /home/ubuntu/synthetic_pose_estimation/cosypose/local_data/experiments/bracket_assembly_debug_nut_nosym_coarse_noaug--938962 649
  0%|                                                     | 0/1 [00:00<?, ?it/s]0:05:41.200449 - iteration 0
0:05:41.243885 - outputs, {'pose': tensor([[-1.0102, -0.7303,  0.2860,  0.5618, -0.6339, -0.4224,  4.0284, -1.6741,
          0.6226]], device='cuda:0', grad_fn=<AddmmBackward0>)}
0:05:41.245499 - model_outputs {'pose': tensor([[-1.0102, -0.7303,  0.2860,  0.5618, -0.6339, -0.4224,  4.0284, -1.6741,
          0.6226]], device='cuda:0', grad_fn=<AddmmBackward0>)}
0:05:41.246277 - K crop tensor([[[1.3731e+03, 0.0000e+00, 2.3476e+02],
         [0.0000e+00, 1.3731e+03, 9.9562e+01],
         [0.0000e+00, 0.0000e+00, 1.0000e+00]]], device='cuda:0')
0:05:41.247120 - TCO_input tensor([[[ 1.0000,  0.0000,  0.0000, -0.0124],
         [ 0.0000,  1.0000,  0.0000,  0.0033],
         [ 0.0000,  0.0000,  1.0000,  0.2270],
         [ 0.0000,  0.0000,  0.0000,  1.0000]]], device='cuda:0')
0:05:41.248596 - model tco output tensor([[[-0.7899,  0.4544,  0.4118, -0.0073],
         [-0.5710, -0.7899, -0.2236,  0.0019],
         [ 0.2237, -0.4118,  0.8834,  0.1413],
         [ 0.0000,  0.0000,  0.0000,  1.0000]]], device='cuda:0',
       grad_fn=<CopySlices>)
0:05:41.288555 - Wrote debug data: /home/ubuntu/synthetic_pose_estimation/cosypose/local_data/debug_data/debug_iter=1.pth.tar
0:05:41.504533 - TCO_input tensor([[[ 1.0000,  0.0000,  0.0000, -0.0124],
         [ 0.0000,  1.0000,  0.0000,  0.0033],
         [ 0.0000,  0.0000,  1.0000,  0.2270],
         [ 0.0000,  0.0000,  0.0000,  1.0000]]], device='cuda:0')
0:05:41.505683 - vxvyvz tensor([[ 4.0284, -1.6741,  0.6226]], device='cuda:0',
       grad_fn=<SliceBackward0>)
0:05:41.506724 - dR tensor([[[-0.7899,  0.4544,  0.4118],
         [-0.5710, -0.7899, -0.2236],
         [ 0.2237, -0.4118,  0.8834]]], device='cuda:0',
       grad_fn=<StackBackward0>)
0:05:41.507624 - fxfy tensor([[1373.1106, 1373.1104]], device='cuda:0')
0:05:41.510217 - TCO_gt tensor([[[-0.7893,  0.4511,  0.4165, -0.0100],
         [-0.5688, -0.7927, -0.2192,  0.0062],
         [ 0.2313, -0.4099,  0.8823,  0.1920],
         [ 0.0000,  0.0000,  0.0000,  1.0000]]], device='cuda:0')
0:05:41.511145 - TCO pred_orn tensor([[[-0.7899,  0.4544,  0.4118, -0.0100],
         [-0.5710, -0.7899, -0.2236,  0.0062],
         [ 0.2237, -0.4118,  0.8834,  0.1920],
         [ 0.0000,  0.0000,  0.0000,  1.0000]]], device='cuda:0',
       grad_fn=<CopySlices>)
0:05:41.512064 - TCO pred_xy tensor([[[-0.7893,  0.4511,  0.4165, -0.0100],
         [-0.5688, -0.7927, -0.2192,  0.0026],
         [ 0.2313, -0.4099,  0.8823,  0.1920],
         [ 0.0000,  0.0000,  0.0000,  1.0000]]], device='cuda:0',
       grad_fn=<CopySlices>)
0:05:41.513007 - TCO pred_z tensor([[[-0.7893,  0.4511,  0.4165, -0.0100],
         [-0.5688, -0.7927, -0.2192,  0.0062],
         [ 0.2313, -0.4099,  0.8823,  0.1413],
         [ 0.0000,  0.0000,  0.0000,  1.0000]]], device='cuda:0',
       grad_fn=<CopySlices>)
0:05:41.513674 - loss orn tensor([3.2968e-05], device='cuda:0', grad_fn=<MinBackward0>)
0:05:41.514296 - loss xy tensor([0.0012], device='cuda:0', grad_fn=<MinBackward0>)
0:05:41.514914 - loss z tensor([0.0169], device='cuda:0', grad_fn=<MinBackward0>)
  0%|                                        | 0/1 [00:00<?, ?it/s, loss=0.0181]100%|████████████████████████████████| 1/1 [00:00<00:00,  4.49it/s, loss=0.0181]100%|████████████████████████████████| 1/1 [00:00<00:00,  4.48it/s, loss=0.0181]
  0%|                                                     | 0/1 [00:00<?, ?it/s]0:05:41.423127 - iteration 0
0:05:41.460231 - outputs, {'pose': tensor([[-0.7798, -0.5020,  0.3193,  0.6081, -0.4241, -0.2696,  2.6549, -1.4173,
          0.7583]], device='cuda:0')}
0:05:41.461830 - model_outputs {'pose': tensor([[-0.7798, -0.5020,  0.3193,  0.6081, -0.4241, -0.2696,  2.6549, -1.4173,
          0.7583]], device='cuda:0')}
0:05:41.462610 - K crop tensor([[[1.3179e+03, 0.0000e+00, 2.7241e+02],
         [0.0000e+00, 1.3179e+03, 4.1433e+01],
         [0.0000e+00, 0.0000e+00, 1.0000e+00]]], device='cuda:0')
0:05:41.463457 - TCO_input tensor([[[ 1.0000,  0.0000,  0.0000, -0.0190],
         [ 0.0000,  1.0000,  0.0000,  0.0132],
         [ 0.0000,  0.0000,  1.0000,  0.2220],
         [ 0.0000,  0.0000,  0.0000,  1.0000]]], device='cuda:0')
0:05:41.464353 - model tco output tensor([[[-0.7951,  0.4632,  0.3916, -0.0141],
         [-0.5118, -0.8588, -0.0232,  0.0098],
         [ 0.3255, -0.2188,  0.9199,  0.1683],
         [ 0.0000,  0.0000,  0.0000,  1.0000]]], device='cuda:0')
0:05:41.510540 - Wrote debug data: /home/ubuntu/synthetic_pose_estimation/cosypose/local_data/debug_data/debug_iter=1.pth.tar
0:05:41.732538 - TCO_input tensor([[[ 1.0000,  0.0000,  0.0000, -0.0190],
         [ 0.0000,  1.0000,  0.0000,  0.0132],
         [ 0.0000,  0.0000,  1.0000,  0.2220],
         [ 0.0000,  0.0000,  0.0000,  1.0000]]], device='cuda:0')
0:05:41.733594 - vxvyvz tensor([[ 2.6549, -1.4173,  0.7583]], device='cuda:0')
0:05:41.734597 - dR tensor([[[-0.7951,  0.4632,  0.3916],
         [-0.5118, -0.8588, -0.0232],
         [ 0.3255, -0.2188,  0.9199]]], device='cuda:0')
0:05:41.735443 - fxfy tensor([[1317.8549, 1317.8551]], device='cuda:0')
0:05:41.737834 - TCO_gt tensor([[[-0.7893,  0.4511,  0.4165, -0.0100],
         [-0.5688, -0.7927, -0.2192,  0.0062],
         [ 0.2313, -0.4099,  0.8823,  0.1920],
         [ 0.0000,  0.0000,  0.0000,  1.0000]]], device='cuda:0')
0:05:41.738726 - TCO pred_orn tensor([[[-0.7951,  0.4632,  0.3916, -0.0100],
         [-0.5118, -0.8588, -0.0232,  0.0062],
         [ 0.3255, -0.2188,  0.9199,  0.1920],
         [ 0.0000,  0.0000,  0.0000,  1.0000]]], device='cuda:0')
0:05:41.739614 - TCO pred_xy tensor([[[-0.7893,  0.4511,  0.4165, -0.0161],
         [-0.5688, -0.7927, -0.2192,  0.0112],
         [ 0.2313, -0.4099,  0.8823,  0.1920],
         [ 0.0000,  0.0000,  0.0000,  1.0000]]], device='cuda:0')
0:05:41.740527 - TCO pred_z tensor([[[-0.7893,  0.4511,  0.4165, -0.0100],
         [-0.5688, -0.7927, -0.2192,  0.0062],
         [ 0.2313, -0.4099,  0.8823,  0.1683],
         [ 0.0000,  0.0000,  0.0000,  1.0000]]], device='cuda:0')
0:05:41.741159 - loss orn tensor([0.0008], device='cuda:0')
0:05:41.741792 - loss xy tensor([0.0037], device='cuda:0')
0:05:41.742421 - loss z tensor([0.0079], device='cuda:0')
100%|█████████████████████████████████████████████| 1/1 [00:00<00:00,  7.24it/s]100%|█████████████████████████████████████████████| 1/1 [00:00<00:00,  7.22it/s]
0:05:41.477135 - saving /home/ubuntu/synthetic_pose_estimation/cosypose/local_data/experiments/bracket_assembly_debug_nut_nosym_coarse_noaug--938962 650
  0%|                                                     | 0/1 [00:00<?, ?it/s]0:05:41.888884 - iteration 0
0:05:41.932457 - outputs, {'pose': tensor([[-1.0096, -0.7285,  0.2950,  0.5588, -0.6375, -0.4217,  4.0460, -1.6783,
          0.6420]], device='cuda:0', grad_fn=<AddmmBackward0>)}
0:05:41.934088 - model_outputs {'pose': tensor([[-1.0096, -0.7285,  0.2950,  0.5588, -0.6375, -0.4217,  4.0460, -1.6783,
          0.6420]], device='cuda:0', grad_fn=<AddmmBackward0>)}
0:05:41.934861 - K crop tensor([[[1.8156e+03, 0.0000e+00, 2.3181e+02],
         [0.0000e+00, 1.8156e+03, 1.5019e+01],
         [0.0000e+00, 0.0000e+00, 1.0000e+00]]], device='cuda:0')
0:05:41.935695 - TCO_input tensor([[[ 1.0000,  0.0000,  0.0000, -0.0121],
         [ 0.0000,  1.0000,  0.0000,  0.0175],
         [ 0.0000,  0.0000,  1.0000,  0.3035],
         [ 0.0000,  0.0000,  0.0000,  1.0000]]], device='cuda:0')
0:05:41.936584 - model tco output tensor([[[-0.7891,  0.4520,  0.4160, -0.0073],
         [-0.5694, -0.7923, -0.2191,  0.0110],
         [ 0.2306, -0.4098,  0.8826,  0.1949],
         [ 0.0000,  0.0000,  0.0000,  1.0000]]], device='cuda:0',
       grad_fn=<CopySlices>)
0:05:41.976167 - Wrote debug data: /home/ubuntu/synthetic_pose_estimation/cosypose/local_data/debug_data/debug_iter=1.pth.tar
0:05:42.192504 - TCO_input tensor([[[ 1.0000,  0.0000,  0.0000, -0.0121],
         [ 0.0000,  1.0000,  0.0000,  0.0175],
         [ 0.0000,  0.0000,  1.0000,  0.3035],
         [ 0.0000,  0.0000,  0.0000,  1.0000]]], device='cuda:0')
0:05:42.193523 - vxvyvz tensor([[ 4.0460, -1.6783,  0.6420]], device='cuda:0',
       grad_fn=<SliceBackward0>)
0:05:42.194522 - dR tensor([[[-0.7891,  0.4520,  0.4160],
         [-0.5694, -0.7923, -0.2191],
         [ 0.2306, -0.4098,  0.8826]]], device='cuda:0',
       grad_fn=<StackBackward0>)
0:05:42.195382 - fxfy tensor([[1815.5912, 1815.5911]], device='cuda:0')
0:05:42.197872 - TCO_gt tensor([[[-0.7893,  0.4511,  0.4165, -0.0100],
         [-0.5688, -0.7927, -0.2192,  0.0062],
         [ 0.2313, -0.4099,  0.8823,  0.1920],
         [ 0.0000,  0.0000,  0.0000,  1.0000]]], device='cuda:0')
0:05:42.198785 - TCO pred_orn tensor([[[-0.7891,  0.4520,  0.4160, -0.0100],
         [-0.5694, -0.7923, -0.2191,  0.0062],
         [ 0.2306, -0.4098,  0.8826,  0.1920],
         [ 0.0000,  0.0000,  0.0000,  1.0000]]], device='cuda:0',
       grad_fn=<CopySlices>)
0:05:42.199691 - TCO pred_xy tensor([[[-0.7893,  0.4511,  0.4165, -0.0072],
         [-0.5688, -0.7927, -0.2192,  0.0109],
         [ 0.2313, -0.4099,  0.8823,  0.1920],
         [ 0.0000,  0.0000,  0.0000,  1.0000]]], device='cuda:0',
       grad_fn=<CopySlices>)
0:05:42.200573 - TCO pred_z tensor([[[-0.7893,  0.4511,  0.4165, -0.0100],
         [-0.5688, -0.7927, -0.2192,  0.0062],
         [ 0.2313, -0.4099,  0.8823,  0.1949],
         [ 0.0000,  0.0000,  0.0000,  1.0000]]], device='cuda:0',
       grad_fn=<CopySlices>)
0:05:42.201251 - loss orn tensor([4.6980e-06], device='cuda:0', grad_fn=<MinBackward0>)
0:05:42.201867 - loss xy tensor([0.0025], device='cuda:0', grad_fn=<MinBackward0>)
0:05:42.202501 - loss z tensor([0.0010], device='cuda:0', grad_fn=<MinBackward0>)
  0%|                                       | 0/1 [00:00<?, ?it/s, loss=0.00346]100%|███████████████████████████████| 1/1 [00:00<00:00,  4.58it/s, loss=0.00346]100%|███████████████████████████████| 1/1 [00:00<00:00,  4.57it/s, loss=0.00346]
0:05:41.975618 - saving /home/ubuntu/synthetic_pose_estimation/cosypose/local_data/experiments/bracket_assembly_debug_nut_nosym_coarse_noaug--938962 651
  0%|                                                     | 0/1 [00:00<?, ?it/s]0:05:42.390763 - iteration 0
0:05:42.433570 - outputs, {'pose': tensor([[-1.0178, -0.7348,  0.2957,  0.5663, -0.6433, -0.4220,  4.0528, -1.6867,
          0.6416]], device='cuda:0', grad_fn=<AddmmBackward0>)}
0:05:42.435073 - model_outputs {'pose': tensor([[-1.0178, -0.7348,  0.2957,  0.5663, -0.6433, -0.4220,  4.0528, -1.6867,
          0.6416]], device='cuda:0', grad_fn=<AddmmBackward0>)}
0:05:42.435849 - K crop tensor([[[1.8838e+03, 0.0000e+00, 2.7585e+02],
         [0.0000e+00, 1.8838e+03, 4.0119e+01],
         [0.0000e+00, 0.0000e+00, 1.0000e+00]]], device='cuda:0')
0:05:42.436694 - TCO_input tensor([[[ 1.0000,  0.0000,  0.0000, -0.0193],
         [ 0.0000,  1.0000,  0.0000,  0.0132],
         [ 0.0000,  0.0000,  1.0000,  0.3128],
         [ 0.0000,  0.0000,  0.0000,  1.0000]]], device='cuda:0')
0:05:42.437623 - model tco output tensor([[[-0.7892,  0.4543,  0.4132, -0.0120],
         [-0.5698, -0.7928, -0.2165,  0.0083],
         [ 0.2293, -0.4063,  0.8845,  0.2007],
         [ 0.0000,  0.0000,  0.0000,  1.0000]]], device='cuda:0',
       grad_fn=<CopySlices>)
0:05:42.475879 - Wrote debug data: /home/ubuntu/synthetic_pose_estimation/cosypose/local_data/debug_data/debug_iter=1.pth.tar
0:05:42.688726 - TCO_input tensor([[[ 1.0000,  0.0000,  0.0000, -0.0193],
         [ 0.0000,  1.0000,  0.0000,  0.0132],
         [ 0.0000,  0.0000,  1.0000,  0.3128],
         [ 0.0000,  0.0000,  0.0000,  1.0000]]], device='cuda:0')
0:05:42.689722 - vxvyvz tensor([[ 4.0528, -1.6867,  0.6416]], device='cuda:0',
       grad_fn=<SliceBackward0>)
0:05:42.690698 - dR tensor([[[-0.7892,  0.4543,  0.4132],
         [-0.5698, -0.7928, -0.2165],
         [ 0.2293, -0.4063,  0.8845]]], device='cuda:0',
       grad_fn=<StackBackward0>)
0:05:42.691623 - fxfy tensor([[1883.8114, 1883.8120]], device='cuda:0')
0:05:42.694098 - TCO_gt tensor([[[-0.7893,  0.4511,  0.4165, -0.0100],
         [-0.5688, -0.7927, -0.2192,  0.0062],
         [ 0.2313, -0.4099,  0.8823,  0.1920],
         [ 0.0000,  0.0000,  0.0000,  1.0000]]], device='cuda:0')
0:05:42.694999 - TCO pred_orn tensor([[[-0.7892,  0.4543,  0.4132, -0.0100],
         [-0.5698, -0.7928, -0.2165,  0.0062],
         [ 0.2293, -0.4063,  0.8845,  0.1920],
         [ 0.0000,  0.0000,  0.0000,  1.0000]]], device='cuda:0',
       grad_fn=<CopySlices>)
0:05:42.695928 - TCO pred_xy tensor([[[-0.7893,  0.4511,  0.4165, -0.0114],
         [-0.5688, -0.7927, -0.2192,  0.0079],
         [ 0.2313, -0.4099,  0.8823,  0.1920],
         [ 0.0000,  0.0000,  0.0000,  1.0000]]], device='cuda:0',
       grad_fn=<CopySlices>)
0:05:42.696828 - TCO pred_z tensor([[[-0.7893,  0.4511,  0.4165, -0.0100],
         [-0.5688, -0.7927, -0.2192,  0.0062],
         [ 0.2313, -0.4099,  0.8823,  0.2007],
         [ 0.0000,  0.0000,  0.0000,  1.0000]]], device='cuda:0',
       grad_fn=<CopySlices>)
0:05:42.697494 - loss orn tensor([1.9896e-05], device='cuda:0', grad_fn=<MinBackward0>)
0:05:42.698110 - loss xy tensor([0.0011], device='cuda:0', grad_fn=<MinBackward0>)
0:05:42.698735 - loss z tensor([0.0029], device='cuda:0', grad_fn=<MinBackward0>)
  0%|                                       | 0/1 [00:00<?, ?it/s, loss=0.00398]100%|███████████████████████████████| 1/1 [00:00<00:00,  4.64it/s, loss=0.00398]100%|███████████████████████████████| 1/1 [00:00<00:00,  4.63it/s, loss=0.00398]
0:05:42.470962 - saving /home/ubuntu/synthetic_pose_estimation/cosypose/local_data/experiments/bracket_assembly_debug_nut_nosym_coarse_noaug--938962 652
  0%|                                                     | 0/1 [00:00<?, ?it/s]0:05:42.886104 - iteration 0
0:05:42.933316 - outputs, {'pose': tensor([[-1.0116, -0.7240,  0.2988,  0.5615, -0.6337, -0.4194,  4.0280, -1.6801,
          0.6337]], device='cuda:0', grad_fn=<AddmmBackward0>)}
0:05:42.935015 - model_outputs {'pose': tensor([[-1.0116, -0.7240,  0.2988,  0.5615, -0.6337, -0.4194,  4.0280, -1.6801,
          0.6337]], device='cuda:0', grad_fn=<AddmmBackward0>)}
0:05:42.935850 - K crop tensor([[[1.9997e+03, 0.0000e+00, 2.3255e+02],
         [0.0000e+00, 1.9997e+03, 2.3484e+01],
         [0.0000e+00, 0.0000e+00, 1.0000e+00]]], device='cuda:0')
0:05:42.936737 - TCO_input tensor([[[ 1.0000,  0.0000,  0.0000, -0.0121],
         [ 0.0000,  1.0000,  0.0000,  0.0160],
         [ 0.0000,  0.0000,  1.0000,  0.3324],
         [ 0.0000,  0.0000,  0.0000,  1.0000]]], device='cuda:0')
0:05:42.937719 - model tco output tensor([[[-0.7907,  0.4493,  0.4157, -0.0073],
         [-0.5659, -0.7956, -0.2164,  0.0099],
         [ 0.2335, -0.4063,  0.8834,  0.2107],
         [ 0.0000,  0.0000,  0.0000,  1.0000]]], device='cuda:0',
       grad_fn=<CopySlices>)
0:05:42.976225 - Wrote debug data: /home/ubuntu/synthetic_pose_estimation/cosypose/local_data/debug_data/debug_iter=1.pth.tar
0:05:43.191610 - TCO_input tensor([[[ 1.0000,  0.0000,  0.0000, -0.0121],
         [ 0.0000,  1.0000,  0.0000,  0.0160],
         [ 0.0000,  0.0000,  1.0000,  0.3324],
         [ 0.0000,  0.0000,  0.0000,  1.0000]]], device='cuda:0')
0:05:43.192683 - vxvyvz tensor([[ 4.0280, -1.6801,  0.6337]], device='cuda:0',
       grad_fn=<SliceBackward0>)
0:05:43.193761 - dR tensor([[[-0.7907,  0.4493,  0.4157],
         [-0.5659, -0.7956, -0.2164],
         [ 0.2335, -0.4063,  0.8834]]], device='cuda:0',
       grad_fn=<StackBackward0>)
0:05:43.194658 - fxfy tensor([[1999.7070, 1999.7075]], device='cuda:0')
0:05:43.197172 - TCO_gt tensor([[[-0.7893,  0.4511,  0.4165, -0.0100],
         [-0.5688, -0.7927, -0.2192,  0.0062],
         [ 0.2313, -0.4099,  0.8823,  0.1920],
         [ 0.0000,  0.0000,  0.0000,  1.0000]]], device='cuda:0')
0:05:43.198132 - TCO pred_orn tensor([[[-0.7907,  0.4493,  0.4157, -0.0100],
         [-0.5659, -0.7956, -0.2164,  0.0062],
         [ 0.2335, -0.4063,  0.8834,  0.1920],
         [ 0.0000,  0.0000,  0.0000,  1.0000]]], device='cuda:0',
       grad_fn=<CopySlices>)
0:05:43.199064 - TCO pred_xy tensor([[[-0.7893,  0.4511,  0.4165, -0.0066],
         [-0.5688, -0.7927, -0.2192,  0.0091],
         [ 0.2313, -0.4099,  0.8823,  0.1920],
         [ 0.0000,  0.0000,  0.0000,  1.0000]]], device='cuda:0',
       grad_fn=<CopySlices>)
0:05:43.199987 - TCO pred_z tensor([[[-0.7893,  0.4511,  0.4165, -0.0100],
         [-0.5688, -0.7927, -0.2192,  0.0062],
         [ 0.2313, -0.4099,  0.8823,  0.2107],
         [ 0.0000,  0.0000,  0.0000,  1.0000]]], device='cuda:0',
       grad_fn=<CopySlices>)
0:05:43.200658 - loss orn tensor([2.1210e-05], device='cuda:0', grad_fn=<MinBackward0>)
0:05:43.201354 - loss xy tensor([0.0021], device='cuda:0', grad_fn=<MinBackward0>)
0:05:43.202013 - loss z tensor([0.0062], device='cuda:0', grad_fn=<MinBackward0>)
  0%|                                       | 0/1 [00:00<?, ?it/s, loss=0.00833]100%|███████████████████████████████| 1/1 [00:00<00:00,  4.45it/s, loss=0.00833]100%|███████████████████████████████| 1/1 [00:00<00:00,  4.44it/s, loss=0.00833]
0:05:42.979594 - saving /home/ubuntu/synthetic_pose_estimation/cosypose/local_data/experiments/bracket_assembly_debug_nut_nosym_coarse_noaug--938962 653
  0%|                                                     | 0/1 [00:00<?, ?it/s]0:05:43.398416 - iteration 0
0:05:43.449425 - outputs, {'pose': tensor([[-1.0077, -0.7308,  0.2941,  0.5604, -0.6335, -0.4253,  4.0369, -1.6791,
          0.6288]], device='cuda:0', grad_fn=<AddmmBackward0>)}
0:05:43.451024 - model_outputs {'pose': tensor([[-1.0077, -0.7308,  0.2941,  0.5604, -0.6335, -0.4253,  4.0369, -1.6791,
          0.6288]], device='cuda:0', grad_fn=<AddmmBackward0>)}
0:05:43.451798 - K crop tensor([[[ 1.8580e+03,  0.0000e+00,  2.5379e+02],
         [ 0.0000e+00,  1.8580e+03, -1.9204e+00],
         [ 0.0000e+00,  0.0000e+00,  1.0000e+00]]], device='cuda:0')
0:05:43.452637 - TCO_input tensor([[[ 1.0000,  0.0000,  0.0000, -0.0158],
         [ 0.0000,  1.0000,  0.0000,  0.0204],
         [ 0.0000,  0.0000,  1.0000,  0.3114],
         [ 0.0000,  0.0000,  0.0000,  1.0000]]], device='cuda:0')
0:05:43.453593 - model tco output tensor([[[-0.7878,  0.4524,  0.4179, -0.0095],
         [-0.5714, -0.7902, -0.2218,  0.0126],
         [ 0.2299, -0.4135,  0.8810,  0.1958],
         [ 0.0000,  0.0000,  0.0000,  1.0000]]], device='cuda:0',
       grad_fn=<CopySlices>)
0:05:43.493683 - Wrote debug data: /home/ubuntu/synthetic_pose_estimation/cosypose/local_data/debug_data/debug_iter=1.pth.tar
0:05:43.706653 - TCO_input tensor([[[ 1.0000,  0.0000,  0.0000, -0.0158],
         [ 0.0000,  1.0000,  0.0000,  0.0204],
         [ 0.0000,  0.0000,  1.0000,  0.3114],
         [ 0.0000,  0.0000,  0.0000,  1.0000]]], device='cuda:0')
0:05:43.707682 - vxvyvz tensor([[ 4.0369, -1.6791,  0.6288]], device='cuda:0',
       grad_fn=<SliceBackward0>)
0:05:43.708690 - dR tensor([[[-0.7878,  0.4524,  0.4179],
         [-0.5714, -0.7902, -0.2218],
         [ 0.2299, -0.4135,  0.8810]]], device='cuda:0',
       grad_fn=<StackBackward0>)
0:05:43.709591 - fxfy tensor([[1858.0048, 1858.0049]], device='cuda:0')
0:05:43.712168 - TCO_gt tensor([[[-0.7893,  0.4511,  0.4165, -0.0100],
         [-0.5688, -0.7927, -0.2192,  0.0062],
         [ 0.2313, -0.4099,  0.8823,  0.1920],
         [ 0.0000,  0.0000,  0.0000,  1.0000]]], device='cuda:0')
0:05:43.713105 - TCO pred_orn tensor([[[-0.7878,  0.4524,  0.4179, -0.0100],
         [-0.5714, -0.7902, -0.2218,  0.0062],
         [ 0.2299, -0.4135,  0.8810,  0.1920],
         [ 0.0000,  0.0000,  0.0000,  1.0000]]], device='cuda:0',
       grad_fn=<CopySlices>)
0:05:43.714074 - TCO pred_xy tensor([[[-0.7893,  0.4511,  0.4165, -0.0093],
         [-0.5688, -0.7927, -0.2192,  0.0124],
         [ 0.2313, -0.4099,  0.8823,  0.1920],
         [ 0.0000,  0.0000,  0.0000,  1.0000]]], device='cuda:0',
       grad_fn=<CopySlices>)
0:05:43.714973 - TCO pred_z tensor([[[-0.7893,  0.4511,  0.4165, -0.0100],
         [-0.5688, -0.7927, -0.2192,  0.0062],
         [ 0.2313, -0.4099,  0.8823,  0.1958],
         [ 0.0000,  0.0000,  0.0000,  1.0000]]], device='cuda:0',
       grad_fn=<CopySlices>)
0:05:43.715607 - loss orn tensor([1.9109e-05], device='cuda:0', grad_fn=<MinBackward0>)
0:05:43.716225 - loss xy tensor([0.0023], device='cuda:0', grad_fn=<MinBackward0>)
0:05:43.716857 - loss z tensor([0.0013], device='cuda:0', grad_fn=<MinBackward0>)
  0%|                                       | 0/1 [00:00<?, ?it/s, loss=0.00359]100%|███████████████████████████████| 1/1 [00:00<00:00,  4.22it/s, loss=0.00359]100%|███████████████████████████████| 1/1 [00:00<00:00,  4.21it/s, loss=0.00359] 0.01162345614284277
train grad_norm 1.0418856143951416
train loss_TCO-iter=1 0.014530322514474392
train loss_TCO 0.014530322514474392
train loss_total 0.014530322514474392
train grad_norm 1.0847070217132568
train loss_TCO-iter=1 0.012979899533092976
train loss_TCO 0.012979899533092976
train loss_total 0.012979899533092976
train grad_norm 0.825982928276062
train loss_TCO-iter=1 0.008147441782057285
train loss_TCO 0.008147441782057285
train loss_total 0.008147441782057285
train grad_norm 1.0285398960113525
train loss_TCO-iter=1 0.00828444492071867
train loss_TCO 0.00828444492071867
train loss_total 0.00828444492071867
train grad_norm 0.9644616842269897
train loss_TCO-iter=1 0.006236866116523743
train loss_TCO 0.006236866116523743
train loss_total 0.006236866116523743
train grad_norm 0.9648174047470093
train loss_TCO-iter=1 0.0031051980331540108
train loss_TCO 0.0031051980331540108
train loss_total 0.0031051980331540108
train grad_norm 0.9777442812919617
train loss_TCO-iter=1 0.0038016224279999733
train loss_TCO 0.0038016224279999733
train loss_total 0.0038016224279999733
train grad_norm 0.9277932047843933
val loss_TCO-iter=1 0.010631591081619263
val loss_TCO 0.010631591081619263
val loss_total 0.010631591081619263
train loss_TCO-iter=1 0.005800949409604073
train loss_TCO 0.005800949409604073
train loss_total 0.005800949409604073
train grad_norm 0.9253920912742615
train loss_TCO-iter=1 0.004565073177218437
train loss_TCO 0.004565073177218437
train loss_total 0.004565073177218437
train grad_norm 0.9470094442367554
train loss_TCO-iter=1 0.00494125671684742
train loss_TCO 0.00494125671684742
train loss_total 0.00494125671684742
train grad_norm 1.0009872913360596
train loss_TCO-iter=1 0.00663207471370697
train loss_TCO 0.00663207471370697
train loss_total 0.00663207471370697
train grad_norm 0.8980379104614258
train loss_TCO-iter=1 0.005621015559881926
train loss_TCO 0.005621015559881926
train loss_total 0.005621015559881926
train grad_norm 0.8627194166183472
train loss_TCO-iter=1 0.005885014310479164
train loss_TCO 0.005885014310479164
train loss_total 0.005885014310479164
train grad_norm 1.0182206630706787
train loss_TCO-iter=1 0.005890794564038515
train loss_TCO 0.005890794564038515
train loss_total 0.005890794564038515
train grad_norm 0.9853931069374084
train loss_TCO-iter=1 0.0025813488755375147
train loss_TCO 0.0025813488755375147
train loss_total 0.0025813488755375147
train grad_norm 0.9568150639533997
train loss_TCO-iter=1 0.005510592833161354
train loss_TCO 0.005510592833161354
train loss_total 0.005510592833161354
train grad_norm 0.8820133209228516
train loss_TCO-iter=1 0.004225645214319229
train loss_TCO 0.004225645214319229
train loss_total 0.004225645214319229
train grad_norm 0.8973638415336609
val loss_TCO-iter=1 0.02059740386903286
val loss_TCO 0.02059740386903286
val loss_total 0.02059740386903286
train loss_TCO-iter=1 0.009307318367064
train loss_TCO 0.009307318367064
train loss_total 0.009307318367064
train grad_norm 1.022416353225708
train loss_TCO-iter=1 0.008506840094923973
train loss_TCO 0.008506840094923973
train loss_total 0.008506840094923973
train grad_norm 0.8872239589691162
train loss_TCO-iter=1 0.0006243052193894982
train loss_TCO 0.0006243052193894982
train loss_total 0.0006243052193894982
train grad_norm 0.9877939224243164
train loss_TCO-iter=1 0.002828020602464676
train loss_TCO 0.002828020602464676
train loss_total 0.002828020602464676
train grad_norm 0.9986028075218201
train loss_TCO-iter=1 0.010733832605183125
train loss_TCO 0.010733832605183125
train loss_total 0.010733832605183125
train grad_norm 0.7774959206581116
train loss_TCO-iter=1 0.00682274904102087
train loss_TCO 0.00682274904102087
train loss_total 0.00682274904102087
train grad_norm 0.9952750205993652
train loss_TCO-iter=1 0.009276566095650196
train loss_TCO 0.009276566095650196
train loss_total 0.009276566095650196
train grad_norm 0.8767791986465454
train loss_TCO-iter=1 0.012165574356913567
train loss_TCO 0.012165574356913567
train loss_total 0.012165574356913567
train grad_norm 0.7757863998413086
train loss_TCO-iter=1 0.005201917607337236
train loss_TCO 0.005201917607337236
train loss_total 0.005201917607337236
train grad_norm 0.8917788863182068
train loss_TCO-iter=1 0.010884842835366726
train loss_TCO 0.010884842835366726
train loss_total 0.010884842835366726
train grad_norm 1.0366103649139404
val loss_TCO-iter=1 0.023843584582209587
val loss_TCO 0.023843584582209587
val loss_total 0.023843584582209587
train loss_TCO-iter=1 0.010785788297653198
train loss_TCO 0.010785788297653198
train loss_total 0.010785788297653198
train grad_norm 0.8168653249740601
train loss_TCO-iter=1 0.002545909956097603
train loss_TCO 0.002545909956097603
train loss_total 0.002545909956097603
train grad_norm 0.9322776198387146
train loss_TCO-iter=1 0.011572374030947685
train loss_TCO 0.011572374030947685
train loss_total 0.011572374030947685
train grad_norm 0.7896308898925781
train loss_TCO-iter=1 0.0028450745157897472
train loss_TCO 0.0028450745157897472
train loss_total 0.0028450745157897472
train grad_norm 0.9857348203659058
train loss_TCO-iter=1 0.005515742115676403
train loss_TCO 0.005515742115676403
train loss_total 0.005515742115676403
train grad_norm 0.8787165880203247
train loss_TCO-iter=1 0.004432254936546087
train loss_TCO 0.004432254936546087
train loss_total 0.004432254936546087
train grad_norm 1.014426589012146
train loss_TCO-iter=1 0.00721969548612833
train loss_TCO 0.00721969548612833
train loss_total 0.00721969548612833
train grad_norm 1.0268317461013794
train loss_TCO-iter=1 0.005653813946992159
train loss_TCO 0.005653813946992159
train loss_total 0.005653813946992159
train grad_norm 0.8917057514190674
train loss_TCO-iter=1 0.008408049121499062
train loss_TCO 0.008408049121499062
train loss_total 0.008408049121499062
train grad_norm 1.0246936082839966
train loss_TCO-iter=1 0.00849669985473156
train loss_TCO 0.00849669985473156
train loss_total 0.00849669985473156
train grad_norm 0.8493958115577698
val loss_TCO-iter=1 0.023391982540488243
val loss_TCO 0.023391982540488243
val loss_total 0.023391982540488243
train loss_TCO-iter=1 0.006669756956398487
train loss_TCO 0.006669756956398487
train loss_total 0.006669756956398487
train grad_norm 1.0836069583892822
train loss_TCO-iter=1 0.006855388171970844
train loss_TCO 0.006855388171970844
train loss_total 0.006855388171970844
train grad_norm 1.0260547399520874
train loss_TCO-iter=1 0.005502418614923954
train loss_TCO 0.005502418614923954
train loss_total 0.005502418614923954
train grad_norm 0.9101920127868652
train loss_TCO-iter=1 0.005549682769924402
train loss_TCO 0.005549682769924402
train loss_total 0.005549682769924402
train grad_norm 1.0398776531219482
train loss_TCO-iter=1 0.005141742527484894
train loss_TCO 0.005141742527484894
train loss_total 0.005141742527484894
train grad_norm 1.0508695840835571
train loss_TCO-iter=1 0.003160273190587759
train loss_TCO 0.003160273190587759
train loss_total 0.003160273190587759
train grad_norm 0.8945666551589966
train loss_TCO-iter=1 0.005253057926893234
train loss_TCO 0.005253057926893234
train loss_total 0.005253057926893234
train grad_norm 0.8562818765640259
train loss_TCO-iter=1 0.00218904297798872
train loss_TCO 0.00218904297798872
train loss_total 0.00218904297798872
train grad_norm 1.0006637573242188
train loss_TCO-iter=1 0.009975610300898552
train loss_TCO 0.009975610300898552
train loss_total 0.009975610300898552
train grad_norm 1.1189974546432495
train loss_TCO-iter=1 0.0181362833827734
train loss_TCO 0.0181362833827734
train loss_total 0.0181362833827734
train grad_norm 0.7362266778945923
val loss_TCO-iter=1 0.012314669787883759
val loss_TCO 0.012314669787883759
val loss_total 0.012314669787883759
train loss_TCO-iter=1 0.003459853120148182
train loss_TCO 0.003459853120148182
train loss_total 0.003459853120148182
train grad_norm 0.919427752494812
train loss_TCO-iter=1 0.0039833541959524155
train loss_TCO 0.0039833541959524155
train loss_total 0.0039833541959524155
train grad_norm 0.9608137011528015
train loss_TCO-iter=1 0.00833478569984436
train loss_TCO 0.00833478569984436
train loss_total 0.00833478569984436
train grad_norm 0.9915311932563782
train loss_TCO-iter=1
0:05:43.508106 - saving /home/ubuntu/synthetic_pose_estimation/cosypose/local_data/experiments/bracket_assembly_debug_nut_nosym_coarse_noaug--938962 654
  0%|                                                     | 0/1 [00:00<?, ?it/s]0:05:43.923660 - iteration 0
0:05:43.967404 - outputs, {'pose': tensor([[-1.0108, -0.7311,  0.3055,  0.5656, -0.6343, -0.4238,  4.0288, -1.6802,
          0.6217]], device='cuda:0', grad_fn=<AddmmBackward0>)}
0:05:43.969039 - model_outputs {'pose': tensor([[-1.0108, -0.7311,  0.3055,  0.5656, -0.6343, -0.4238,  4.0288, -1.6802,
          0.6217]], device='cuda:0', grad_fn=<AddmmBackward0>)}
0:05:43.969865 - K crop tensor([[[1.7709e+03, 0.0000e+00, 3.1012e+02],
         [0.0000e+00, 1.7709e+03, 9.3334e+01],
         [0.0000e+00, 0.0000e+00, 1.0000e+00]]], device='cuda:0')
0:05:43.970745 - TCO_input tensor([[[ 1.0000,  0.0000,  0.0000, -0.0248],
         [ 0.0000,  1.0000,  0.0000,  0.0043],
         [ 0.0000,  0.0000,  1.0000,  0.2912],
         [ 0.0000,  0.0000,  0.0000,  1.0000]]], device='cuda:0')
0:05:43.972258 - model tco output tensor([[[-0.7870,  0.4510,  0.4210, -0.0150],
         [-0.5693, -0.7939, -0.2136,  0.0025],
         [ 0.2379, -0.4078,  0.8815,  0.1810],
         [ 0.0000,  0.0000,  0.0000,  1.0000]]], device='cuda:0',
       grad_fn=<CopySlices>)
0:05:44.010338 - Wrote debug data: /home/ubuntu/synthetic_pose_estimation/cosypose/local_data/debug_data/debug_iter=1.pth.tar
0:05:44.224156 - TCO_input tensor([[[ 1.0000,  0.0000,  0.0000, -0.0248],
         [ 0.0000,  1.0000,  0.0000,  0.0043],
         [ 0.0000,  0.0000,  1.0000,  0.2912],
         [ 0.0000,  0.0000,  0.0000,  1.0000]]], device='cuda:0')
0:05:44.225112 - vxvyvz tensor([[ 4.0288, -1.6802,  0.6217]], device='cuda:0',
       grad_fn=<SliceBackward0>)
0:05:44.226119 - dR tensor([[[-0.7870,  0.4510,  0.4210],
         [-0.5693, -0.7939, -0.2136],
         [ 0.2379, -0.4078,  0.8815]]], device='cuda:0',
       grad_fn=<StackBackward0>)
0:05:44.227051 - fxfy tensor([[1770.9214, 1770.9213]], device='cuda:0')
0:05:44.229535 - TCO_gt tensor([[[-0.7893,  0.4511,  0.4165, -0.0100],
         [-0.5688, -0.7927, -0.2192,  0.0062],
         [ 0.2313, -0.4099,  0.8823,  0.1920],
         [ 0.0000,  0.0000,  0.0000,  1.0000]]], device='cuda:0')
0:05:44.230451 - TCO pred_orn tensor([[[-0.7870,  0.4510,  0.4210, -0.0100],
         [-0.5693, -0.7939, -0.2136,  0.0062],
         [ 0.2379, -0.4078,  0.8815,  0.1920],
         [ 0.0000,  0.0000,  0.0000,  1.0000]]], device='cuda:0',
       grad_fn=<CopySlices>)
0:05:44.231345 - TCO pred_xy tensor([[[-0.7893,  0.4511,  0.4165, -0.0159],
         [-0.5688, -0.7927, -0.2192,  0.0027],
         [ 0.2313, -0.4099,  0.8823,  0.1920],
         [ 0.0000,  0.0000,  0.0000,  1.0000]]], device='cuda:0',
       grad_fn=<CopySlices>)
0:05:44.232239 - TCO pred_z tensor([[[-0.7893,  0.4511,  0.4165, -0.0100],
         [-0.5688, -0.7927, -0.2192,  0.0062],
         [ 0.2313, -0.4099,  0.8823,  0.1810],
         [ 0.0000,  0.0000,  0.0000,  1.0000]]], device='cuda:0',
       grad_fn=<CopySlices>)
0:05:44.232885 - loss orn tensor([2.8954e-05], device='cuda:0', grad_fn=<MinBackward0>)
0:05:44.233535 - loss xy tensor([0.0031], device='cuda:0', grad_fn=<MinBackward0>)
0:05:44.234180 - loss z tensor([0.0036], device='cuda:0', grad_fn=<MinBackward0>)
  0%|                                       | 0/1 [00:00<?, ?it/s, loss=0.00682]100%|███████████████████████████████| 1/1 [00:00<00:00,  4.57it/s, loss=0.00682]100%|███████████████████████████████| 1/1 [00:00<00:00,  4.56it/s, loss=0.00682]
0:05:44.021770 - saving /home/ubuntu/synthetic_pose_estimation/cosypose/local_data/experiments/bracket_assembly_debug_nut_nosym_coarse_noaug--938962 655
  0%|                                                     | 0/1 [00:00<?, ?it/s]0:05:44.437085 - iteration 0
0:05:44.481012 - outputs, {'pose': tensor([[-1.0137, -0.7284,  0.3056,  0.5652, -0.6288, -0.4280,  4.0289, -1.6835,
          0.6180]], device='cuda:0', grad_fn=<AddmmBackward0>)}
0:05:44.482659 - model_outputs {'pose': tensor([[-1.0137, -0.7284,  0.3056,  0.5652, -0.6288, -0.4280,  4.0289, -1.6835,
          0.6180]], device='cuda:0', grad_fn=<AddmmBackward0>)}
0:05:44.483454 - K crop tensor([[[1.9023e+03, 0.0000e+00, 2.4714e+02],
         [0.0000e+00, 1.9023e+03, 6.9410e+01],
         [0.0000e+00, 0.0000e+00, 1.0000e+00]]], device='cuda:0')
0:05:44.484311 - TCO_input tensor([[[ 1.0000,  0.0000,  0.0000, -0.0145],
         [ 0.0000,  1.0000,  0.0000,  0.0083],
         [ 0.0000,  0.0000,  1.0000,  0.3138],
         [ 0.0000,  0.0000,  0.0000,  1.0000]]], device='cuda:0')
0:05:44.485974 - model tco output tensor([[[-0.7888,  0.4465,  0.4224, -0.0085],
         [-0.5668, -0.7942, -0.2189,  0.0049],
         [ 0.2378, -0.4121,  0.8796,  0.1939],
         [ 0.0000,  0.0000,  0.0000,  1.0000]]], device='cuda:0',
       grad_fn=<CopySlices>)
0:05:44.523880 - Wrote debug data: /home/ubuntu/synthetic_pose_estimation/cosypose/local_data/debug_data/debug_iter=1.pth.tar
0:05:44.739469 - TCO_input tensor([[[ 1.0000,  0.0000,  0.0000, -0.0145],
         [ 0.0000,  1.0000,  0.0000,  0.0083],
         [ 0.0000,  0.0000,  1.0000,  0.3138],
         [ 0.0000,  0.0000,  0.0000,  1.0000]]], device='cuda:0')
0:05:44.740418 - vxvyvz tensor([[ 4.0289, -1.6835,  0.6180]], device='cuda:0',
       grad_fn=<SliceBackward0>)
0:05:44.741462 - dR tensor([[[-0.7888,  0.4465,  0.4224],
         [-0.5668, -0.7942, -0.2189],
         [ 0.2378, -0.4121,  0.8796]]], device='cuda:0',
       grad_fn=<StackBackward0>)
0:05:44.742328 - fxfy tensor([[1902.2534, 1902.2539]], device='cuda:0')
0:05:44.744801 - TCO_gt tensor([[[-0.7893,  0.4511,  0.4165, -0.0100],
         [-0.5688, -0.7927, -0.2192,  0.0062],
         [ 0.2313, -0.4099,  0.8823,  0.1920],
         [ 0.0000,  0.0000,  0.0000,  1.0000]]], device='cuda:0')
0:05:44.745749 - TCO pred_orn tensor([[[-0.7888,  0.4465,  0.4224, -0.0100],
         [-0.5668, -0.7942, -0.2189,  0.0062],
         [ 0.2378, -0.4121,  0.8796,  0.1920],
         [ 0.0000,  0.0000,  0.0000,  1.0000]]], device='cuda:0',
       grad_fn=<CopySlices>)
0:05:44.746658 - TCO pred_xy tensor([[[-0.7893,  0.4511,  0.4165, -0.0084],
         [-0.5688, -0.7927, -0.2192,  0.0049],
         [ 0.2313, -0.4099,  0.8823,  0.1920],
         [ 0.0000,  0.0000,  0.0000,  1.0000]]], device='cuda:0',
       grad_fn=<CopySlices>)
0:05:44.747563 - TCO pred_z tensor([[[-0.7893,  0.4511,  0.4165, -0.0100],
         [-0.5688, -0.7927, -0.2192,  0.0062],
         [ 0.2313, -0.4099,  0.8823,  0.1939],
         [ 0.0000,  0.0000,  0.0000,  1.0000]]], device='cuda:0',
       grad_fn=<CopySlices>)
0:05:44.748207 - loss orn tensor([3.0290e-05], device='cuda:0', grad_fn=<MinBackward0>)
0:05:44.748838 - loss xy tensor([0.0010], device='cuda:0', grad_fn=<MinBackward0>)
0:05:44.749500 - loss z tensor([0.0007], device='cuda:0', grad_fn=<MinBackward0>)
  0%|                                       | 0/1 [00:00<?, ?it/s, loss=0.00163]100%|███████████████████████████████| 1/1 [00:00<00:00,  4.52it/s, loss=0.00163]100%|███████████████████████████████| 1/1 [00:00<00:00,  4.51it/s, loss=0.00163]
0:05:44.526702 - saving /home/ubuntu/synthetic_pose_estimation/cosypose/local_data/experiments/bracket_assembly_debug_nut_nosym_coarse_noaug--938962 656
  0%|                                                     | 0/1 [00:00<?, ?it/s]0:05:44.941823 - iteration 0
0:05:44.985133 - outputs, {'pose': tensor([[-1.0159, -0.7326,  0.3000,  0.5641, -0.6346, -0.4247,  4.0386, -1.6826,
          0.6165]], device='cuda:0', grad_fn=<AddmmBackward0>)}
0:05:44.986683 - model_outputs {'pose': tensor([[-1.0159, -0.7326,  0.3000,  0.5641, -0.6346, -0.4247,  4.0386, -1.6826,
          0.6165]], device='cuda:0', grad_fn=<AddmmBackward0>)}
0:05:44.987452 - K crop tensor([[[1.9639e+03, 0.0000e+00, 2.6799e+02],
         [0.0000e+00, 1.9639e+03, 4.8834e+01],
         [0.0000e+00, 0.0000e+00, 1.0000e+00]]], device='cuda:0')
0:05:44.988297 - TCO_input tensor([[[ 1.0000,  0.0000,  0.0000, -0.0180],
         [ 0.0000,  1.0000,  0.0000,  0.0117],
         [ 0.0000,  0.0000,  1.0000,  0.3250],
         [ 0.0000,  0.0000,  0.0000,  1.0000]]], device='cuda:0')
0:05:44.990108 - model tco output tensor([[[-0.7888,  0.4506,  0.4180, -0.0107],
         [-0.5688, -0.7929, -0.2186,  0.0070],
         [ 0.2329, -0.4101,  0.8818,  0.2004],
         [ 0.0000,  0.0000,  0.0000,  1.0000]]], device='cuda:0',
       grad_fn=<CopySlices>)
0:05:45.027674 - Wrote debug data: /home/ubuntu/synthetic_pose_estimation/cosypose/local_data/debug_data/debug_iter=1.pth.tar
0:05:45.240392 - TCO_input tensor([[[ 1.0000,  0.0000,  0.0000, -0.0180],
         [ 0.0000,  1.0000,  0.0000,  0.0117],
         [ 0.0000,  0.0000,  1.0000,  0.3250],
         [ 0.0000,  0.0000,  0.0000,  1.0000]]], device='cuda:0')
0:05:45.241390 - vxvyvz tensor([[ 4.0386, -1.6826,  0.6165]], device='cuda:0',
       grad_fn=<SliceBackward0>)
0:05:45.242378 - dR tensor([[[-0.7888,  0.4506,  0.4180],
         [-0.5688, -0.7929, -0.2186],
         [ 0.2329, -0.4101,  0.8818]]], device='cuda:0',
       grad_fn=<StackBackward0>)
0:05:45.243264 - fxfy tensor([[1963.8739, 1963.8743]], device='cuda:0')
0:05:45.245790 - TCO_gt tensor([[[-0.7893,  0.4511,  0.4165, -0.0100],
         [-0.5688, -0.7927, -0.2192,  0.0062],
         [ 0.2313, -0.4099,  0.8823,  0.1920],
         [ 0.0000,  0.0000,  0.0000,  1.0000]]], device='cuda:0')
0:05:45.246710 - TCO pred_orn tensor([[[-0.7888,  0.4506,  0.4180, -0.0100],
         [-0.5688, -0.7929, -0.2186,  0.0062],
         [ 0.2329, -0.4101,  0.8818,  0.1920],
         [ 0.0000,  0.0000,  0.0000,  1.0000]]], device='cuda:0',
       grad_fn=<CopySlices>)
0:05:45.247627 - TCO pred_xy tensor([[[-0.7893,  0.4511,  0.4165, -0.0102],
         [-0.5688, -0.7927, -0.2192,  0.0067],
         [ 0.2313, -0.4099,  0.8823,  0.1920],
         [ 0.0000,  0.0000,  0.0000,  1.0000]]], device='cuda:0',
       grad_fn=<CopySlices>)
0:05:45.248550 - TCO pred_z tensor([[[-0.7893,  0.4511,  0.4165, -0.0100],
         [-0.5688, -0.7927, -0.2192,  0.0062],
         [ 0.2313, -0.4099,  0.8823,  0.2004],
         [ 0.0000,  0.0000,  0.0000,  1.0000]]], device='cuda:0',
       grad_fn=<CopySlices>)
0:05:45.249193 - loss orn tensor([6.4838e-06], device='cuda:0', grad_fn=<MinBackward0>)
0:05:45.249829 - loss xy tensor([0.0003], device='cuda:0', grad_fn=<MinBackward0>)
0:05:45.250447 - loss z tensor([0.0028], device='cuda:0', grad_fn=<MinBackward0>)
  0%|                                       | 0/1 [00:00<?, ?it/s, loss=0.00307]100%|███████████████████████████████| 1/1 [00:00<00:00,  4.53it/s, loss=0.00307]100%|███████████████████████████████| 1/1 [00:00<00:00,  4.52it/s, loss=0.00307]
0:05:45.030382 - saving /home/ubuntu/synthetic_pose_estimation/cosypose/local_data/experiments/bracket_assembly_debug_nut_nosym_coarse_noaug--938962 657
  0%|                                                     | 0/1 [00:00<?, ?it/s]0:05:45.445569 - iteration 0
0:05:45.489219 - outputs, {'pose': tensor([[-1.0100, -0.7236,  0.3060,  0.5617, -0.6306, -0.4239,  4.0307, -1.6761,
          0.6113]], device='cuda:0', grad_fn=<AddmmBackward0>)}
0:05:45.490829 - model_outputs {'pose': tensor([[-1.0100, -0.7236,  0.3060,  0.5617, -0.6306, -0.4239,  4.0307, -1.6761,
          0.6113]], device='cuda:0', grad_fn=<AddmmBackward0>)}
0:05:45.491632 - K crop tensor([[[2.0449e+03, 0.0000e+00, 2.1652e+02],
         [0.0000e+00, 2.0449e+03, 1.0376e+02],
         [0.0000e+00, 0.0000e+00, 1.0000e+00]]], device='cuda:0')
0:05:45.492483 - TCO_input tensor([[[ 1.0000,  0.0000,  0.0000, -0.0093],
         [ 0.0000,  1.0000,  0.0000,  0.0026],
         [ 0.0000,  0.0000,  1.0000,  0.3344],
         [ 0.0000,  0.0000,  0.0000,  1.0000]]], device='cuda:0')
0:05:45.493985 - model tco output tensor([[[-0.7893,  0.4462,  0.4217, -0.0053],
         [-0.5655, -0.7959, -0.2163,  0.0014],
         [ 0.2391, -0.4092,  0.8806,  0.2044],
         [ 0.0000,  0.0000,  0.0000,  1.0000]]], device='cuda:0',
       grad_fn=<CopySlices>)
0:05:45.531460 - Wrote debug data: /home/ubuntu/synthetic_pose_estimation/cosypose/local_data/debug_data/debug_iter=1.pth.tar
0:05:45.747429 - TCO_input tensor([[[ 1.0000,  0.0000,  0.0000, -0.0093],
         [ 0.0000,  1.0000,  0.0000,  0.0026],
         [ 0.0000,  0.0000,  1.0000,  0.3344],
         [ 0.0000,  0.0000,  0.0000,  1.0000]]], device='cuda:0')
0:05:45.748467 - vxvyvz tensor([[ 4.0307, -1.6761,  0.6113]], device='cuda:0',
       grad_fn=<SliceBackward0>)
0:05:45.749520 - dR tensor([[[-0.7893,  0.4462,  0.4217],
         [-0.5655, -0.7959, -0.2163],
         [ 0.2391, -0.4092,  0.8806]]], device='cuda:0',
       grad_fn=<StackBackward0>)
0:05:45.750380 - fxfy tensor([[2044.9078, 2044.9083]], device='cuda:0')
0:05:45.752903 - TCO_gt tensor([[[-0.7893,  0.4511,  0.4165, -0.0100],
         [-0.5688, -0.7927, -0.2192,  0.0062],
         [ 0.2313, -0.4099,  0.8823,  0.1920],
         [ 0.0000,  0.0000,  0.0000,  1.0000]]], device='cuda:0')
0:05:45.753849 - TCO pred_orn tensor([[[-0.7893,  0.4462,  0.4217, -0.0100],
         [-0.5655, -0.7959, -0.2163,  0.0062],
         [ 0.2391, -0.4092,  0.8806,  0.1920],
         [ 0.0000,  0.0000,  0.0000,  1.0000]]], device='cuda:0',
       grad_fn=<CopySlices>)
0:05:45.754744 - TCO pred_xy tensor([[[-0.7893,  0.4511,  0.4165, -0.0050],
         [-0.5688, -0.7927, -0.2192,  0.0013],
         [ 0.2313, -0.4099,  0.8823,  0.1920],
         [ 0.0000,  0.0000,  0.0000,  1.0000]]], device='cuda:0',
       grad_fn=<CopySlices>)
0:05:45.755650 - TCO pred_z tensor([[[-0.7893,  0.4511,  0.4165, -0.0100],
         [-0.5688, -0.7927, -0.2192,  0.0062],
         [ 0.2313, -0.4099,  0.8823,  0.2044],
         [ 0.0000,  0.0000,  0.0000,  1.0000]]], device='cuda:0',
       grad_fn=<CopySlices>)
0:05:45.756292 - loss orn tensor([3.5995e-05], device='cuda:0', grad_fn=<MinBackward0>)
0:05:45.756924 - loss xy tensor([0.0033], device='cuda:0', grad_fn=<MinBackward0>)
0:05:45.757576 - loss z tensor([0.0041], device='cuda:0', grad_fn=<MinBackward0>)
  0%|                                       | 0/1 [00:00<?, ?it/s, loss=0.00748]100%|███████████████████████████████| 1/1 [00:00<00:00,  4.55it/s, loss=0.00748]100%|███████████████████████████████| 1/1 [00:00<00:00,  4.54it/s, loss=0.00748]
0:05:45.541231 - saving /home/ubuntu/synthetic_pose_estimation/cosypose/local_data/experiments/bracket_assembly_debug_nut_nosym_coarse_noaug--938962 658
  0%|                                                     | 0/1 [00:00<?, ?it/s]0:05:45.956392 - iteration 0
0:05:45.999987 - outputs, {'pose': tensor([[-1.0154, -0.7269,  0.3038,  0.5660, -0.6258, -0.4231,  4.0449, -1.6868,
          0.6197]], device='cuda:0', grad_fn=<AddmmBackward0>)}
0:05:46.001649 - model_outputs {'pose': tensor([[-1.0154, -0.7269,  0.3038,  0.5660, -0.6258, -0.4231,  4.0449, -1.6868,
          0.6197]], device='cuda:0', grad_fn=<AddmmBackward0>)}
0:05:46.002427 - K crop tensor([[[1.9204e+03, 0.0000e+00, 2.5672e+02],
         [0.0000e+00, 1.9204e+03, 7.2496e+01],
         [0.0000e+00, 0.0000e+00, 1.0000e+00]]], device='cuda:0')
0:05:46.003273 - TCO_input tensor([[[ 1.0000,  0.0000,  0.0000, -0.0160],
         [ 0.0000,  1.0000,  0.0000,  0.0077],
         [ 0.0000,  0.0000,  1.0000,  0.3165],
         [ 0.0000,  0.0000,  0.0000,  1.0000]]], device='cuda:0')
0:05:46.004169 - model tco output tensor([[[-0.7901,  0.4474,  0.4191, -0.0095],
         [-0.5656, -0.7956, -0.2169,  0.0046],
         [ 0.2364, -0.4085,  0.8816,  0.1961],
         [ 0.0000,  0.0000,  0.0000,  1.0000]]], device='cuda:0',
       grad_fn=<CopySlices>)
0:05:46.042151 - Wrote debug data: /home/ubuntu/synthetic_pose_estimation/cosypose/local_data/debug_data/debug_iter=1.pth.tar
0:05:46.255531 - TCO_input tensor([[[ 1.0000,  0.0000,  0.0000, -0.0160],
         [ 0.0000,  1.0000,  0.0000,  0.0077],
         [ 0.0000,  0.0000,  1.0000,  0.3165],
         [ 0.0000,  0.0000,  0.0000,  1.0000]]], device='cuda:0')
0:05:46.256615 - vxvyvz tensor([[ 4.0449, -1.6868,  0.6197]], device='cuda:0',
       grad_fn=<SliceBackward0>)
0:05:46.257715 - dR tensor([[[-0.7901,  0.4474,  0.4191],
         [-0.5656, -0.7956, -0.2169],
         [ 0.2364, -0.4085,  0.8816]]], device='cuda:0',
       grad_fn=<StackBackward0>)
0:05:46.258592 - fxfy tensor([[1920.4355, 1920.4359]], device='cuda:0')
0:05:46.261100 - TCO_gt tensor([[[-0.7893,  0.4511,  0.4165, -0.0100],
         [-0.5688, -0.7927, -0.2192,  0.0062],
         [ 0.2313, -0.4099,  0.8823,  0.1920],
         [ 0.0000,  0.0000,  0.0000,  1.0000]]], device='cuda:0')
0:05:46.262036 - TCO pred_orn tensor([[[-0.7901,  0.4474,  0.4191, -0.0100],
         [-0.5656, -0.7956, -0.2169,  0.0062],
         [ 0.2364, -0.4085,  0.8816,  0.1920],
         [ 0.0000,  0.0000,  0.0000,  1.0000]]], device='cuda:0',
       grad_fn=<CopySlices>)
0:05:46.262929 - TCO pred_xy tensor([[[-0.7893,  0.4511,  0.4165, -0.0093],
         [-0.5688, -0.7927, -0.2192,  0.0045],
         [ 0.2313, -0.4099,  0.8823,  0.1920],
         [ 0.0000,  0.0000,  0.0000,  1.0000]]], device='cuda:0',
       grad_fn=<CopySlices>)
0:05:46.263831 - TCO pred_z tensor([[[-0.7893,  0.4511,  0.4165, -0.0100],
         [-0.5688, -0.7927, -0.2192,  0.0062],
         [ 0.2313, -0.4099,  0.8823,  0.1961],
         [ 0.0000,  0.0000,  0.0000,  1.0000]]], device='cuda:0',
       grad_fn=<CopySlices>)
0:05:46.264460 - loss orn tensor([2.7487e-05], device='cuda:0', grad_fn=<MinBackward0>)
0:05:46.265112 - loss xy tensor([0.0008], device='cuda:0', grad_fn=<MinBackward0>)
0:05:46.265742 - loss z tensor([0.0014], device='cuda:0', grad_fn=<MinBackward0>)
  0%|                                       | 0/1 [00:00<?, ?it/s, loss=0.00219]100%|███████████████████████████████| 1/1 [00:00<00:00,  4.60it/s, loss=0.00219]100%|███████████████████████████████| 1/1 [00:00<00:00,  4.59it/s, loss=0.00219]
0:05:46.046938 - saving /home/ubuntu/synthetic_pose_estimation/cosypose/local_data/experiments/bracket_assembly_debug_nut_nosym_coarse_noaug--938962 659
  0%|                                                     | 0/1 [00:00<?, ?it/s]0:05:46.462060 - iteration 0
0:05:46.505423 - outputs, {'pose': tensor([[-1.0118, -0.7246,  0.3053,  0.5636, -0.6354, -0.4224,  4.0347, -1.6817,
          0.6221]], device='cuda:0', grad_fn=<AddmmBackward0>)}
0:05:46.506977 - model_outputs {'pose': tensor([[-1.0118, -0.7246,  0.3053,  0.5636, -0.6354, -0.4224,  4.0347, -1.6817,
          0.6221]], device='cuda:0', grad_fn=<AddmmBackward0>)}
0:05:46.507745 - K crop tensor([[[1.6923e+03, 0.0000e+00, 2.4826e+02],
         [0.0000e+00, 1.6923e+03, 2.8145e+01],
         [0.0000e+00, 0.0000e+00, 1.0000e+00]]], device='cuda:0')
0:05:46.508592 - TCO_input tensor([[[ 1.0000,  0.0000,  0.0000, -0.0148],
         [ 0.0000,  1.0000,  0.0000,  0.0153],
         [ 0.0000,  0.0000,  1.0000,  0.2829],
         [ 0.0000,  0.0000,  0.0000,  1.0000]]], device='cuda:0')
0:05:46.510073 - model tco output tensor([[[-0.7896,  0.4477,  0.4196, -0.0088],
         [-0.5654, -0.7965, -0.2142,  0.0093],
         [ 0.2383, -0.4064,  0.8821,  0.1760],
         [ 0.0000,  0.0000,  0.0000,  1.0000]]], device='cuda:0',
       grad_fn=<CopySlices>)
0:05:46.656543 - Wrote debug data: /home/ubuntu/synthetic_pose_estimation/cosypose/local_data/debug_data/debug_iter=1.pth.tar
0:05:46.875303 - TCO_input tensor([[[ 1.0000,  0.0000,  0.0000, -0.0148],
         [ 0.0000,  1.0000,  0.0000,  0.0153],
         [ 0.0000,  0.0000,  1.0000,  0.2829],
         [ 0.0000,  0.0000,  0.0000,  1.0000]]], device='cuda:0')
0:05:46.876335 - vxvyvz tensor([[ 4.0347, -1.6817,  0.6221]], device='cuda:0',
       grad_fn=<SliceBackward0>)
0:05:46.877450 - dR tensor([[[-0.7896,  0.4477,  0.4196],
         [-0.5654, -0.7965, -0.2142],
         [ 0.2383, -0.4064,  0.8821]]], device='cuda:0',
       grad_fn=<StackBackward0>)
0:05:46.878309 - fxfy tensor([[1692.3246, 1692.3250]], device='cuda:0')
0:05:46.880812 - TCO_gt tensor([[[-0.7893,  0.4511,  0.4165, -0.0100],
         [-0.5688, -0.7927, -0.2192,  0.0062],
         [ 0.2313, -0.4099,  0.8823,  0.1920],
         [ 0.0000,  0.0000,  0.0000,  1.0000]]], device='cuda:0')
0:05:46.881752 - TCO pred_orn tensor([[[-0.7896,  0.4477,  0.4196, -0.0100],
         [-0.5654, -0.7965, -0.2142,  0.0062],
         [ 0.2383, -0.4064,  0.8821,  0.1920],
         [ 0.0000,  0.0000,  0.0000,  1.0000]]], device='cuda:0',
       grad_fn=<CopySlices>)
0:05:46.882667 - TCO pred_xy tensor([[[-0.7893,  0.4511,  0.4165, -0.0096],
         [-0.5688, -0.7927, -0.2192,  0.0102],
         [ 0.2313, -0.4099,  0.8823,  0.1920],
         [ 0.0000,  0.0000,  0.0000,  1.0000]]], device='cuda:0',
       grad_fn=<CopySlices>)
0:05:46.883564 - TCO pred_z tensor([[[-0.7893,  0.4511,  0.4165, -0.0100],
         [-0.5688, -0.7927, -0.2192,  0.0062],
         [ 0.2313, -0.4099,  0.8823,  0.1760],
         [ 0.0000,  0.0000,  0.0000,  1.0000]]], device='cuda:0',
       grad_fn=<CopySlices>)
0:05:46.884215 - loss orn tensor([3.4300e-05], device='cuda:0', grad_fn=<MinBackward0>)
0:05:46.884845 - loss xy tensor([0.0015], device='cuda:0', grad_fn=<MinBackward0>)
0:05:46.885486 - loss z tensor([0.0053], device='cuda:0', grad_fn=<MinBackward0>)
  0%|                                       | 0/1 [00:00<?, ?it/s, loss=0.00683]100%|███████████████████████████████| 1/1 [00:00<00:00,  3.01it/s, loss=0.00683]100%|███████████████████████████████| 1/1 [00:00<00:00,  3.01it/s, loss=0.00683]
  0%|                                                     | 0/1 [00:00<?, ?it/s]0:05:46.794221 - iteration 0
0:05:46.831371 - outputs, {'pose': tensor([[-0.8052, -0.5295,  0.3323,  0.6306, -0.4416, -0.2993,  2.7997, -1.5013,
          0.7712]], device='cuda:0')}
0:05:46.832889 - model_outputs {'pose': tensor([[-0.8052, -0.5295,  0.3323,  0.6306, -0.4416, -0.2993,  2.7997, -1.5013,
          0.7712]], device='cuda:0')}
0:05:46.833694 - K crop tensor([[[1.5733e+03, 0.0000e+00, 2.7721e+02],
         [0.0000e+00, 1.5733e+03, 2.6489e+01],
         [0.0000e+00, 0.0000e+00, 1.0000e+00]]], device='cuda:0')
0:05:46.834540 - TCO_input tensor([[[ 1.0000,  0.0000,  0.0000, -0.0197],
         [ 0.0000,  1.0000,  0.0000,  0.0156],
         [ 0.0000,  0.0000,  1.0000,  0.2639],
         [ 0.0000,  0.0000,  0.0000,  1.0000]]], device='cuda:0')
0:05:46.835427 - model tco output tensor([[[-0.7899,  0.4610,  0.4044, -0.0149],
         [-0.5195, -0.8535, -0.0416,  0.0118],
         [ 0.3260, -0.2430,  0.9136,  0.2035],
         [ 0.0000,  0.0000,  0.0000,  1.0000]]], device='cuda:0')
0:05:46.876517 - Wrote debug data: /home/ubuntu/synthetic_pose_estimation/cosypose/local_data/debug_data/debug_iter=1.pth.tar
0:05:47.093842 - TCO_input tensor([[[ 1.0000,  0.0000,  0.0000, -0.0197],
         [ 0.0000,  1.0000,  0.0000,  0.0156],
         [ 0.0000,  0.0000,  1.0000,  0.2639],
         [ 0.0000,  0.0000,  0.0000,  1.0000]]], device='cuda:0')
0:05:47.094842 - vxvyvz tensor([[ 2.7997, -1.5013,  0.7712]], device='cuda:0')
0:05:47.095840 - dR tensor([[[-0.7899,  0.4610,  0.4044],
         [-0.5195, -0.8535, -0.0416],
         [ 0.3260, -0.2430,  0.9136]]], device='cuda:0')
0:05:47.096720 - fxfy tensor([[1573.2561, 1573.2561]], device='cuda:0')
0:05:47.099055 - TCO_gt tensor([[[-0.7893,  0.4511,  0.4165, -0.0100],
         [-0.5688, -0.7927, -0.2192,  0.0062],
         [ 0.2313, -0.4099,  0.8823,  0.1920],
         [ 0.0000,  0.0000,  0.0000,  1.0000]]], device='cuda:0')
0:05:47.099949 - TCO pred_orn tensor([[[-0.7899,  0.4610,  0.4044, -0.0100],
         [-0.5195, -0.8535, -0.0416,  0.0062],
         [ 0.3260, -0.2430,  0.9136,  0.1920],
         [ 0.0000,  0.0000,  0.0000,  1.0000]]], device='cuda:0')
0:05:47.100858 - TCO pred_xy tensor([[[-0.7893,  0.4511,  0.4165, -0.0140],
         [-0.5688, -0.7927, -0.2192,  0.0112],
         [ 0.2313, -0.4099,  0.8823,  0.1920],
         [ 0.0000,  0.0000,  0.0000,  1.0000]]], device='cuda:0')
0:05:47.101766 - TCO pred_z tensor([[[-0.7893,  0.4511,  0.4165, -0.0100],
         [-0.5688, -0.7927, -0.2192,  0.0062],
         [ 0.2313, -0.4099,  0.8823,  0.2035],
         [ 0.0000,  0.0000,  0.0000,  1.0000]]], device='cuda:0')
0:05:47.102404 - loss orn tensor([0.0007], device='cuda:0')
0:05:47.103019 - loss xy tensor([0.0030], device='cuda:0')
0:05:47.103665 - loss z tensor([0.0039], device='cuda:0')
100%|█████████████████████████████████████████████| 1/1 [00:00<00:00,  7.79it/s]100%|█████████████████████████████████████████████| 1/1 [00:00<00:00,  7.76it/s]
0:05:46.795230 - saving /home/ubuntu/synthetic_pose_estimation/cosypose/local_data/experiments/bracket_assembly_debug_nut_nosym_coarse_noaug--938962 660
  0%|                                                     | 0/1 [00:00<?, ?it/s]0:05:47.208188 - iteration 0
0:05:47.261418 - outputs, {'pose': tensor([[-1.0214, -0.7280,  0.2922,  0.5640, -0.6343, -0.4281,  4.0429, -1.6880,
          0.6323]], device='cuda:0', grad_fn=<AddmmBackward0>)}
0:05:47.263566 - model_outputs {'pose': tensor([[-1.0214, -0.7280,  0.2922,  0.5640, -0.6343, -0.4281,  4.0429, -1.6880,
          0.6323]], device='cuda:0', grad_fn=<AddmmBackward0>)}
0:05:47.264375 - K crop tensor([[[1.4622e+03, 0.0000e+00, 3.0458e+02],
         [0.0000e+00, 1.4622e+03, 8.7982e+01],
         [0.0000e+00, 0.0000e+00, 1.0000e+00]]], device='cuda:0')
0:05:47.265260 - TCO_input tensor([[[ 1.0000,  0.0000,  0.0000, -0.0240],
         [ 0.0000,  1.0000,  0.0000,  0.0052],
         [ 0.0000,  0.0000,  1.0000,  0.2420],
         [ 0.0000,  0.0000,  0.0000,  1.0000]]], device='cuda:0')
0:05:47.266225 - model tco output tensor([[[-0.7931,  0.4469,  0.4140, -0.0148],
         [-0.5653, -0.7931, -0.2269,  0.0031],
         [ 0.2269, -0.4140,  0.8816,  0.1530],
         [ 0.0000,  0.0000,  0.0000,  1.0000]]], device='cuda:0',
       grad_fn=<CopySlices>)
0:05:47.304706 - Wrote debug data: /home/ubuntu/synthetic_pose_estimation/cosypose/local_data/debug_data/debug_iter=1.pth.tar
0:05:47.517532 - TCO_input tensor([[[ 1.0000,  0.0000,  0.0000, -0.0240],
         [ 0.0000,  1.0000,  0.0000,  0.0052],
         [ 0.0000,  0.0000,  1.0000,  0.2420],
         [ 0.0000,  0.0000,  0.0000,  1.0000]]], device='cuda:0')
0:05:47.518523 - vxvyvz tensor([[ 4.0429, -1.6880,  0.6323]], device='cuda:0',
       grad_fn=<SliceBackward0>)
0:05:47.519513 - dR tensor([[[-0.7931,  0.4469,  0.4140],
         [-0.5653, -0.7931, -0.2269],
         [ 0.2269, -0.4140,  0.8816]]], device='cuda:0',
       grad_fn=<StackBackward0>)
0:05:47.520358 - fxfy tensor([[1462.1864, 1462.1864]], device='cuda:0')
0:05:47.522855 - TCO_gt tensor([[[-0.7893,  0.4511,  0.4165, -0.0100],
         [-0.5688, -0.7927, -0.2192,  0.0062],
         [ 0.2313, -0.4099,  0.8823,  0.1920],
         [ 0.0000,  0.0000,  0.0000,  1.0000]]], device='cuda:0')
0:05:47.523836 - TCO pred_orn tensor([[[-0.7931,  0.4469,  0.4140, -0.0100],
         [-0.5653, -0.7931, -0.2269,  0.0062],
         [ 0.2269, -0.4140,  0.8816,  0.1920],
         [ 0.0000,  0.0000,  0.0000,  1.0000]]], device='cuda:0',
       grad_fn=<CopySlices>)
0:05:47.524760 - TCO pred_xy tensor([[[-0.7893,  0.4511,  0.4165, -0.0185],
         [-0.5688, -0.7927, -0.2192,  0.0039],
         [ 0.2313, -0.4099,  0.8823,  0.1920],
         [ 0.0000,  0.0000,  0.0000,  1.0000]]], device='cuda:0',
       grad_fn=<CopySlices>)
0:05:47.525743 - TCO pred_z tensor([[[-0.7893,  0.4511,  0.4165, -0.0100],
         [-0.5688, -0.7927, -0.2192,  0.0062],
         [ 0.2313, -0.4099,  0.8823,  0.1530],
         [ 0.0000,  0.0000,  0.0000,  1.0000]]], device='cuda:0',
       grad_fn=<CopySlices>)
0:05:47.526383 - loss orn tensor([3.5779e-05], device='cuda:0', grad_fn=<MinBackward0>)
0:05:47.526995 - loss xy tensor([0.0036], device='cuda:0', grad_fn=<MinBackward0>)
0:05:47.527613 - loss z tensor([0.0130], device='cuda:0', grad_fn=<MinBackward0>)
  0%|                                        | 0/1 [00:00<?, ?it/s, loss=0.0166]100%|████████████████████████████████| 1/1 [00:00<00:00,  4.35it/s, loss=0.0166]100%|████████████████████████████████| 1/1 [00:00<00:00,  4.34it/s, loss=0.0166]
0:05:47.338804 - saving /home/ubuntu/synthetic_pose_estimation/cosypose/local_data/experiments/bracket_assembly_debug_nut_nosym_coarse_noaug--938962 661
  0%|                                                     | 0/1 [00:00<?, ?it/s]0:05:47.754081 - iteration 0
0:05:47.797524 - outputs, {'pose': tensor([[-1.0167, -0.7286,  0.2955,  0.5583, -0.6337, -0.4204,  4.0245, -1.6769,
          0.6196]], device='cuda:0', grad_fn=<AddmmBackward0>)}
0:05:47.799065 - model_outputs {'pose': tensor([[-1.0167, -0.7286,  0.2955,  0.5583, -0.6337, -0.4204,  4.0245, -1.6769,
          0.6196]], device='cuda:0', grad_fn=<AddmmBackward0>)}
0:05:47.799833 - K crop tensor([[[1.7508e+03, 0.0000e+00, 2.6412e+02],
         [0.0000e+00, 1.7508e+03, 3.5014e+01],
         [0.0000e+00, 0.0000e+00, 1.0000e+00]]], device='cuda:0')
0:05:47.800675 - TCO_input tensor([[[ 1.0000,  0.0000,  0.0000, -0.0174],
         [ 0.0000,  1.0000,  0.0000,  0.0141],
         [ 0.0000,  0.0000,  1.0000,  0.2918],
         [ 0.0000,  0.0000,  0.0000,  1.0000]]], device='cuda:0')
0:05:47.801602 - model tco output tensor([[[-0.7911,  0.4498,  0.4146, -0.0104],
         [-0.5669, -0.7937, -0.2205,  0.0086],
         [ 0.2299, -0.4094,  0.8829,  0.1808],
         [ 0.0000,  0.0000,  0.0000,  1.0000]]], device='cuda:0',
       grad_fn=<CopySlices>)
0:05:47.842035 - Wrote debug data: /home/ubuntu/synthetic_pose_estimation/cosypose/local_data/debug_data/debug_iter=1.pth.tar
0:05:48.052919 - TCO_input tensor([[[ 1.0000,  0.0000,  0.0000, -0.0174],
         [ 0.0000,  1.0000,  0.0000,  0.0141],
         [ 0.0000,  0.0000,  1.0000,  0.2918],
         [ 0.0000,  0.0000,  0.0000,  1.0000]]], device='cuda:0')
0:05:48.053991 - vxvyvz tensor([[ 4.0245, -1.6769,  0.6196]], device='cuda:0',
       grad_fn=<SliceBackward0>)
0:05:48.055004 - dR tensor([[[-0.7911,  0.4498,  0.4146],
         [-0.5669, -0.7937, -0.2205],
         [ 0.2299, -0.4094,  0.8829]]], device='cuda:0',
       grad_fn=<StackBackward0>)
0:05:48.055884 - fxfy tensor([[1750.7699, 1750.7701]], device='cuda:0')
0:05:48.058440 - TCO_gt tensor([[[-0.7893,  0.4511,  0.4165, -0.0100],
         [-0.5688, -0.7927, -0.2192,  0.0062],
         [ 0.2313, -0.4099,  0.8823,  0.1920],
         [ 0.0000,  0.0000,  0.0000,  1.0000]]], device='cuda:0')
0:05:48.059355 - TCO pred_orn tensor([[[-0.7911,  0.4498,  0.4146, -0.0100],
         [-0.5669, -0.7937, -0.2205,  0.0062],
         [ 0.2299, -0.4094,  0.8829,  0.1920],
         [ 0.0000,  0.0000,  0.0000,  1.0000]]], device='cuda:0',
       grad_fn=<CopySlices>)
0:05:48.060266 - TCO pred_xy tensor([[[-0.7893,  0.4511,  0.4165, -0.0110],
         [-0.5688, -0.7927, -0.2192,  0.0091],
         [ 0.2313, -0.4099,  0.8823,  0.1920],
         [ 0.0000,  0.0000,  0.0000,  1.0000]]], device='cuda:0',
       grad_fn=<CopySlices>)
0:05:48.061167 - TCO pred_z tensor([[[-0.7893,  0.4511,  0.4165, -0.0100],
         [-0.5688, -0.7927, -0.2192,  0.0062],
         [ 0.2313, -0.4099,  0.8823,  0.1808],
         [ 0.0000,  0.0000,  0.0000,  1.0000]]], device='cuda:0',
       grad_fn=<CopySlices>)
0:05:48.061834 - loss orn tensor([1.2150e-05], device='cuda:0', grad_fn=<MinBackward0>)
0:05:48.062454 - loss xy tensor([0.0013], device='cuda:0', grad_fn=<MinBackward0>)
0:05:48.063086 - loss z tensor([0.0037], device='cuda:0', grad_fn=<MinBackward0>)
  0%|                                       | 0/1 [00:00<?, ?it/s, loss=0.00505]100%|███████████████████████████████| 1/1 [00:00<00:00,  4.53it/s, loss=0.00505]100%|███████████████████████████████| 1/1 [00:00<00:00,  4.52it/s, loss=0.00505]
0:05:47.828260 - saving /home/ubuntu/synthetic_pose_estimation/cosypose/local_data/experiments/bracket_assembly_debug_nut_nosym_coarse_noaug--938962 662
  0%|                                                     | 0/1 [00:00<?, ?it/s]0:05:48.243404 - iteration 0
0:05:48.287324 - outputs, {'pose': tensor([[-1.0125, -0.7333,  0.2909,  0.5595, -0.6265, -0.4221,  4.0153, -1.6778,
          0.5980]], device='cuda:0', grad_fn=<AddmmBackward0>)}
0:05:48.288977 - model_outputs {'pose': tensor([[-1.0125, -0.7333,  0.2909,  0.5595, -0.6265, -0.4221,  4.0153, -1.6778,
          0.5980]], device='cuda:0', grad_fn=<AddmmBackward0>)}
0:05:48.289806 - K crop tensor([[[1.7208e+03, 0.0000e+00, 2.6504e+02],
         [0.0000e+00, 1.7208e+03, 6.2397e+01],
         [0.0000e+00, 0.0000e+00, 1.0000e+00]]], device='cuda:0')
0:05:48.290687 - TCO_input tensor([[[ 1.0000,  0.0000,  0.0000, -0.0175],
         [ 0.0000,  1.0000,  0.0000,  0.0095],
         [ 0.0000,  0.0000,  1.0000,  0.2852],
         [ 0.0000,  0.0000,  0.0000,  1.0000]]], device='cuda:0')
0:05:48.292497 - model tco output tensor([[[-0.7888,  0.4532,  0.4152, -0.0101],
         [-0.5713, -0.7897, -0.2234,  0.0055],
         [ 0.2266, -0.4134,  0.8819,  0.1705],
         [ 0.0000,  0.0000,  0.0000,  1.0000]]], device='cuda:0',
       grad_fn=<CopySlices>)
0:05:48.330249 - Wrote debug data: /home/ubuntu/synthetic_pose_estimation/cosypose/local_data/debug_data/debug_iter=1.pth.tar
0:05:48.542085 - TCO_input tensor([[[ 1.0000,  0.0000,  0.0000, -0.0175],
         [ 0.0000,  1.0000,  0.0000,  0.0095],
         [ 0.0000,  0.0000,  1.0000,  0.2852],
         [ 0.0000,  0.0000,  0.0000,  1.0000]]], device='cuda:0')
0:05:48.543095 - vxvyvz tensor([[ 4.0153, -1.6778,  0.5980]], device='cuda:0',
       grad_fn=<SliceBackward0>)
0:05:48.544101 - dR tensor([[[-0.7888,  0.4532,  0.4152],
         [-0.5713, -0.7897, -0.2234],
         [ 0.2266, -0.4134,  0.8819]]], device='cuda:0',
       grad_fn=<StackBackward0>)
0:05:48.544967 - fxfy tensor([[1720.7930, 1720.7926]], device='cuda:0')
0:05:48.547473 - TCO_gt tensor([[[-0.7893,  0.4511,  0.4165, -0.0100],
         [-0.5688, -0.7927, -0.2192,  0.0062],
         [ 0.2313, -0.4099,  0.8823,  0.1920],
         [ 0.0000,  0.0000,  0.0000,  1.0000]]], device='cuda:0')
0:05:48.548377 - TCO pred_orn tensor([[[-0.7888,  0.4532,  0.4152, -0.0100],
         [-0.5713, -0.7897, -0.2234,  0.0062],
         [ 0.2266, -0.4134,  0.8819,  0.1920],
         [ 0.0000,  0.0000,  0.0000,  1.0000]]], device='cuda:0',
       grad_fn=<CopySlices>)
0:05:48.549307 - TCO pred_xy tensor([[[-0.7893,  0.4511,  0.4165, -0.0113],
         [-0.5688, -0.7927, -0.2192,  0.0062],
         [ 0.2313, -0.4099,  0.8823,  0.1920],
         [ 0.0000,  0.0000,  0.0000,  1.0000]]], device='cuda:0',
       grad_fn=<CopySlices>)
0:05:48.550193 - TCO pred_z tensor([[[-0.7893,  0.4511,  0.4165, -0.0100],
         [-0.5688, -0.7927, -0.2192,  0.0062],
         [ 0.2313, -0.4099,  0.8823,  0.1705],
         [ 0.0000,  0.0000,  0.0000,  1.0000]]], device='cuda:0',
       grad_fn=<CopySlices>)
0:05:48.550821 - loss orn tensor([2.4945e-05], device='cuda:0', grad_fn=<MinBackward0>)
0:05:48.551430 - loss xy tensor([0.0004], device='cuda:0', grad_fn=<MinBackward0>)
0:05:48.552037 - loss z tensor([0.0071], device='cuda:0', grad_fn=<MinBackward0>)
  0%|                                       | 0/1 [00:00<?, ?it/s, loss=0.00761]100%|███████████████████████████████| 1/1 [00:00<00:00,  4.61it/s, loss=0.00761]100%|███████████████████████████████| 1/1 [00:00<00:00,  4.60it/s, loss=0.00761]
0:05:48.314121 - saving /home/ubuntu/synthetic_pose_estimation/cosypose/local_data/experiments/bracket_assembly_debug_nut_nosym_coarse_noaug--938962 663
  0%|                                                     | 0/1 [00:00<?, ?it/s]0:05:48.729046 - iteration 0
0:05:48.772684 - outputs, {'pose': tensor([[-1.0100, -0.7295,  0.2977,  0.5613, -0.6389, -0.4255,  4.0297, -1.6834,
          0.6078]], device='cuda:0', grad_fn=<AddmmBackward0>)}
0:05:48.774271 - model_outputs {'pose': tensor([[-1.0100, -0.7295,  0.2977,  0.5613, -0.6389, -0.4255,  4.0297, -1.6834,
          0.6078]], device='cuda:0', grad_fn=<AddmmBackward0>)}
0:05:48.775082 - K crop tensor([[[1.9992e+03, 0.0000e+00, 2.6950e+02],
         [0.0000e+00, 1.9992e+03, 7.9433e+01],
         [0.0000e+00, 0.0000e+00, 1.0000e+00]]], device='cuda:0')
0:05:48.775965 - TCO_input tensor([[[ 1.0000,  0.0000,  0.0000, -0.0181],
         [ 0.0000,  1.0000,  0.0000,  0.0066],
         [ 0.0000,  0.0000,  1.0000,  0.3287],
         [ 0.0000,  0.0000,  0.0000,  1.0000]]], device='cuda:0')
0:05:48.777798 - model tco output tensor([[[-0.7885,  0.4510,  0.4183, -0.0106],
         [-0.5695, -0.7921, -0.2195,  0.0038],
         [ 0.2324, -0.4113,  0.8814,  0.1998],
         [ 0.0000,  0.0000,  0.0000,  1.0000]]], device='cuda:0',
       grad_fn=<CopySlices>)
0:05:48.815287 - Wrote debug data: /home/ubuntu/synthetic_pose_estimation/cosypose/local_data/debug_data/debug_iter=1.pth.tar
0:05:49.029910 - TCO_input tensor([[[ 1.0000,  0.0000,  0.0000, -0.0181],
         [ 0.0000,  1.0000,  0.0000,  0.0066],
         [ 0.0000,  0.0000,  1.0000,  0.3287],
         [ 0.0000,  0.0000,  0.0000,  1.0000]]], device='cuda:0')
0:05:49.031025 - vxvyvz tensor([[ 4.0297, -1.6834,  0.6078]], device='cuda:0',
       grad_fn=<SliceBackward0>)
0:05:49.032118 - dR tensor([[[-0.7885,  0.4510,  0.4183],
         [-0.5695, -0.7921, -0.2195],
         [ 0.2324, -0.4113,  0.8814]]], device='cuda:0',
       grad_fn=<StackBackward0>)
0:05:49.033059 - fxfy tensor([[1999.2197, 1999.2194]], device='cuda:0')
0:05:49.035630 - TCO_gt tensor([[[-0.7893,  0.4511,  0.4165, -0.0100],
         [-0.5688, -0.7927, -0.2192,  0.0062],
         [ 0.2313, -0.4099,  0.8823,  0.1920],
         [ 0.0000,  0.0000,  0.0000,  1.0000]]], device='cuda:0')
0:05:49.036621 - TCO pred_orn tensor([[[-0.7885,  0.4510,  0.4183, -0.0100],
         [-0.5695, -0.7921, -0.2195,  0.0062],
         [ 0.2324, -0.4113,  0.8814,  0.1920],
         [ 0.0000,  0.0000,  0.0000,  1.0000]]], device='cuda:0',
       grad_fn=<CopySlices>)
0:05:49.037616 - TCO pred_xy tensor([[[-0.7893,  0.4511,  0.4165, -0.0102],
         [-0.5688, -0.7927, -0.2192,  0.0037],
         [ 0.2313, -0.4099,  0.8823,  0.1920],
         [ 0.0000,  0.0000,  0.0000,  1.0000]]], device='cuda:0',
       grad_fn=<CopySlices>)
0:05:49.038568 - TCO pred_z tensor([[[-0.7893,  0.4511,  0.4165, -0.0100],
         [-0.5688, -0.7927, -0.2192,  0.0062],
         [ 0.2313, -0.4099,  0.8823,  0.1998],
         [ 0.0000,  0.0000,  0.0000,  1.0000]]], device='cuda:0',
       grad_fn=<CopySlices>)
0:05:49.039258 - loss orn tensor([8.2472e-06], device='cuda:0', grad_fn=<MinBackward0>)
0:05:49.039936 - loss xy tensor([0.0009], device='cuda:0', grad_fn=<MinBackward0>)
0:05:49.040611 - loss z tensor([0.0026], device='cuda:0', grad_fn=<MinBackward0>)
  0%|                                       | 0/1 [00:00<?, ?it/s, loss=0.00349]100%|███████████████████████████████| 1/1 [00:00<00:00,  4.58it/s, loss=0.00349]100%|███████████████████████████████| 1/1 [00:00<00:00,  4.57it/s, loss=0.00349]
0:05:48.815054 - saving /home/ubuntu/synthetic_pose_estimation/cosypose/local_data/experiments/bracket_assembly_debug_nut_nosym_coarse_noaug--938962 664
  0%|                                                     | 0/1 [00:00<?, ?it/s]0:05:49.230259 - iteration 0
0:05:49.273367 - outputs, {'pose': tensor([[-1.0114, -0.7318,  0.2973,  0.5656, -0.6286, -0.4211,  4.0386, -1.6762,
          0.6078]], device='cuda:0', grad_fn=<AddmmBackward0>)}
0:05:49.274923 - model_outputs {'pose': tensor([[-1.0114, -0.7318,  0.2973,  0.5656, -0.6286, -0.4211,  4.0386, -1.6762,
          0.6078]], device='cuda:0', grad_fn=<AddmmBackward0>)}
0:05:49.275689 - K crop tensor([[[2.0224e+03, 0.0000e+00, 2.9655e+02],
         [0.0000e+00, 2.0224e+03, 4.0316e+01],
         [0.0000e+00, 0.0000e+00, 1.0000e+00]]], device='cuda:0')
0:05:49.276599 - TCO_input tensor([[[ 1.0000,  0.0000,  0.0000, -0.0227],
         [ 0.0000,  1.0000,  0.0000,  0.0131],
         [ 0.0000,  0.0000,  1.0000,  0.3350],
         [ 0.0000,  0.0000,  0.0000,  1.0000]]], device='cuda:0')
0:05:49.278114 - model tco output tensor([[[-0.7881,  0.4533,  0.4164, -0.0134],
         [-0.5702, -0.7924, -0.2168,  0.0078],
         [ 0.2317, -0.4083,  0.8829,  0.2036],
         [ 0.0000,  0.0000,  0.0000,  1.0000]]], device='cuda:0',
       grad_fn=<CopySlices>)
0:05:49.316719 - Wrote debug data: /home/ubuntu/synthetic_pose_estimation/cosypose/local_data/debug_data/debug_iter=1.pth.tar
0:05:49.529329 - TCO_input tensor([[[ 1.0000,  0.0000,  0.0000, -0.0227],
         [ 0.0000,  1.0000,  0.0000,  0.0131],
         [ 0.0000,  0.0000,  1.0000,  0.3350],
         [ 0.0000,  0.0000,  0.0000,  1.0000]]], device='cuda:0')
0:05:49.530336 - vxvyvz tensor([[ 4.0386, -1.6762,  0.6078]], device='cuda:0',
       grad_fn=<SliceBackward0>)
0:05:49.531403 - dR tensor([[[-0.7881,  0.4533,  0.4164],
         [-0.5702, -0.7924, -0.2168],
         [ 0.2317, -0.4083,  0.8829]]], device='cuda:0',
       grad_fn=<StackBackward0>)
0:05:49.532316 - fxfy tensor([[2022.3851, 2022.3851]], device='cuda:0')
0:05:49.534884 - TCO_gt tensor([[[-0.7893,  0.4511,  0.4165, -0.0100],
         [-0.5688, -0.7927, -0.2192,  0.0062],
         [ 0.2313, -0.4099,  0.8823,  0.1920],
         [ 0.0000,  0.0000,  0.0000,  1.0000]]], device='cuda:0')
0:05:49.535856 - TCO pred_orn tensor([[[-0.7881,  0.4533,  0.4164, -0.0100],
         [-0.5702, -0.7924, -0.2168,  0.0062],
         [ 0.2317, -0.4083,  0.8829,  0.1920],
         [ 0.0000,  0.0000,  0.0000,  1.0000]]], device='cuda:0',
       grad_fn=<CopySlices>)
0:05:49.536839 - TCO pred_xy tensor([[[-0.7893,  0.4511,  0.4165, -0.0126],
         [-0.5688, -0.7927, -0.2192,  0.0074],
         [ 0.2313, -0.4099,  0.8823,  0.1920],
         [ 0.0000,  0.0000,  0.0000,  1.0000]]], device='cuda:0',
       grad_fn=<CopySlices>)
0:05:49.537813 - TCO pred_z tensor([[[-0.7893,  0.4511,  0.4165, -0.0100],
         [-0.5688, -0.7927, -0.2192,  0.0062],
         [ 0.2313, -0.4099,  0.8823,  0.2036],
         [ 0.0000,  0.0000,  0.0000,  1.0000]]], device='cuda:0',
       grad_fn=<CopySlices>)
0:05:49.538502 - loss orn tensor([1.2100e-05], device='cuda:0', grad_fn=<MinBackward0>)
0:05:49.539173 - loss xy tensor([0.0013], device='cuda:0', grad_fn=<MinBackward0>)
0:05:49.539849 - loss z tensor([0.0039], device='cuda:0', grad_fn=<MinBackward0>)
  0%|                                       | 0/1 [00:00<?, ?it/s, loss=0.00516]100%|███████████████████████████████| 1/1 [00:00<00:00,  4.60it/s, loss=0.00516]100%|███████████████████████████████| 1/1 [00:00<00:00,  4.59it/s, loss=0.00516]
0:05:49.323404 - saving /home/ubuntu/synthetic_pose_estimation/cosypose/local_data/experiments/bracket_assembly_debug_nut_nosym_coarse_noaug--938962 665
  0%|                                                     | 0/1 [00:00<?, ?it/s]0:05:49.738885 - iteration 0
0:05:49.782890 - outputs, {'pose': tensor([[-1.0160, -0.7330,  0.2987,  0.5674, -0.6336, -0.4232,  4.0364, -1.6840,
          0.6120]], device='cuda:0', grad_fn=<AddmmBackward0>)}
0:05:49.784581 - model_outputs {'pose': tensor([[-1.0160, -0.7330,  0.2987,  0.5674, -0.6336, -0.4232,  4.0364, -1.6840,
          0.6120]], device='cuda:0', grad_fn=<AddmmBackward0>)}
0:05:49.785432 - K crop tensor([[[1.6841e+03, 0.0000e+00, 2.8440e+02],
         [0.0000e+00, 1.6841e+03, 8.9353e+01],
         [0.0000e+00, 0.0000e+00, 1.0000e+00]]], device='cuda:0')
0:05:49.786352 - TCO_input tensor([[[ 1.0000,  0.0000,  0.0000, -0.0206],
         [ 0.0000,  1.0000,  0.0000,  0.0050],
         [ 0.0000,  0.0000,  1.0000,  0.2775],
         [ 0.0000,  0.0000,  0.0000,  1.0000]]], device='cuda:0')
0:05:49.787301 - model tco output tensor([[[-0.7889,  0.4522,  0.4162, -0.0122],
         [-0.5691, -0.7931, -0.2170,  0.0029],
         [ 0.2319, -0.4081,  0.8830,  0.1698],
         [ 0.0000,  0.0000,  0.0000,  1.0000]]], device='cuda:0',
       grad_fn=<CopySlices>)
0:05:49.825294 - Wrote debug data: /home/ubuntu/synthetic_pose_estimation/cosypose/local_data/debug_data/debug_iter=1.pth.tar
0:05:50.042612 - TCO_input tensor([[[ 1.0000,  0.0000,  0.0000, -0.0206],
         [ 0.0000,  1.0000,  0.0000,  0.0050],
         [ 0.0000,  0.0000,  1.0000,  0.2775],
         [ 0.0000,  0.0000,  0.0000,  1.0000]]], device='cuda:0')
0:05:50.043925 - vxvyvz tensor([[ 4.0364, -1.6840,  0.6120]], device='cuda:0',
       grad_fn=<SliceBackward0>)
0:05:50.045001 - dR tensor([[[-0.7889,  0.4522,  0.4162],
         [-0.5691, -0.7931, -0.2170],
         [ 0.2319, -0.4081,  0.8830]]], device='cuda:0',
       grad_fn=<StackBackward0>)
0:05:50.045963 - fxfy tensor([[1684.0917, 1684.0917]], device='cuda:0')
0:05:50.048545 - TCO_gt tensor([[[-0.7893,  0.4511,  0.4165, -0.0100],
         [-0.5688, -0.7927, -0.2192,  0.0062],
         [ 0.2313, -0.4099,  0.8823,  0.1920],
         [ 0.0000,  0.0000,  0.0000,  1.0000]]], device='cuda:0')
0:05:50.049540 - TCO pred_orn tensor([[[-0.7889,  0.4522,  0.4162, -0.0100],
         [-0.5691, -0.7931, -0.2170,  0.0062],
         [ 0.2319, -0.4081,  0.8830,  0.1920],
         [ 0.0000,  0.0000,  0.0000,  1.0000]]], device='cuda:0',
       grad_fn=<CopySlices>)
0:05:50.050463 - TCO pred_xy tensor([[[-0.7893,  0.4511,  0.4165, -0.0138],
         [-0.5688, -0.7927, -0.2192,  0.0032],
         [ 0.2313, -0.4099,  0.8823,  0.1920],
         [ 0.0000,  0.0000,  0.0000,  1.0000]]], device='cuda:0',
       grad_fn=<CopySlices>)
0:05:50.051344 - TCO pred_z tensor([[[-0.7893,  0.4511,  0.4165, -0.0100],
         [-0.5688, -0.7927, -0.2192,  0.0062],
         [ 0.2313, -0.4099,  0.8823,  0.1698],
         [ 0.0000,  0.0000,  0.0000,  1.0000]]], device='cuda:0',
       grad_fn=<CopySlices>)
0:05:50.051980 - loss orn tensor([9.3701e-06], device='cuda:0', grad_fn=<MinBackward0>)
0:05:50.052588 - loss xy tensor([0.0022], device='cuda:0', grad_fn=<MinBackward0>)
0:05:50.053205 - loss z tensor([0.0074], device='cuda:0', grad_fn=<MinBackward0>)
  0%|                                       | 0/1 [00:00<?, ?it/s, loss=0.00962]100%|███████████████████████████████| 1/1 [00:00<00:00,  4.51it/s, loss=0.00962]100%|███████████████████████████████| 1/1 [00:00<00:00,  4.50it/s, loss=0.00962]
0:05:49.857775 - saving /home/ubuntu/synthetic_pose_estimation/cosypose/local_data/experiments/bracket_assembly_debug_nut_nosym_coarse_noaug--938962 666
  0%|                                                     | 0/1 [00:00<?, ?it/s]0:05:50.272812 - iteration 0
0:05:50.316111 - outputs, {'pose': tensor([[-1.0125, -0.7398,  0.2949,  0.5621, -0.6353, -0.4254,  4.0429, -1.6817,
          0.6186]], device='cuda:0', grad_fn=<AddmmBackward0>)}
0:05:50.317666 - model_outputs {'pose': tensor([[-1.0125, -0.7398,  0.2949,  0.5621, -0.6353, -0.4254,  4.0429, -1.6817,
          0.6186]], device='cuda:0', grad_fn=<AddmmBackward0>)}
0:05:50.318434 - K crop tensor([[[1.8004e+03, 0.0000e+00, 2.5565e+02],
         [0.0000e+00, 1.8004e+03, 4.6572e+01],
         [0.0000e+00, 0.0000e+00, 1.0000e+00]]], device='cuda:0')
0:05:50.319273 - TCO_input tensor([[[ 1.0000,  0.0000,  0.0000, -0.0160],
         [ 0.0000,  1.0000,  0.0000,  0.0121],
         [ 0.0000,  0.0000,  1.0000,  0.2990],
         [ 0.0000,  0.0000,  0.0000,  1.0000]]], device='cuda:0')
0:05:50.320725 - model tco output tensor([[[-0.7860,  0.4556,  0.4178, -0.0095],
         [-0.5743, -0.7884, -0.2205,  0.0073],
         [ 0.2289, -0.4133,  0.8813,  0.1850],
         [ 0.0000,  0.0000,  0.0000,  1.0000]]], device='cuda:0',
       grad_fn=<CopySlices>)
0:05:50.358553 - Wrote debug data: /home/ubuntu/synthetic_pose_estimation/cosypose/local_data/debug_data/debug_iter=1.pth.tar
0:05:50.573000 - TCO_input tensor([[[ 1.0000,  0.0000,  0.0000, -0.0160],
         [ 0.0000,  1.0000,  0.0000,  0.0121],
         [ 0.0000,  0.0000,  1.0000,  0.2990],
         [ 0.0000,  0.0000,  0.0000,  1.0000]]], device='cuda:0')
0:05:50.574003 - vxvyvz tensor([[ 4.0429, -1.6817,  0.6186]], device='cuda:0',
       grad_fn=<SliceBackward0>)
0:05:50.574967 - dR tensor([[[-0.7860,  0.4556,  0.4178],
         [-0.5743, -0.7884, -0.2205],
         [ 0.2289, -0.4133,  0.8813]]], device='cuda:0',
       grad_fn=<StackBackward0>)
0:05:50.575847 - fxfy tensor([[1800.4442, 1800.4442]], device='cuda:0')
0:05:50.578362 - TCO_gt tensor([[[-0.7893,  0.4511,  0.4165, -0.0100],
         [-0.5688, -0.7927, -0.2192,  0.0062],
         [ 0.2313, -0.4099,  0.8823,  0.1920],
         [ 0.0000,  0.0000,  0.0000,  1.0000]]], device='cuda:0')
0:05:50.579276 - TCO pred_orn tensor([[[-0.7860,  0.4556,  0.4178, -0.0100],
         [-0.5743, -0.7884, -0.2205,  0.0062],
         [ 0.2289, -0.4133,  0.8813,  0.1920],
         [ 0.0000,  0.0000,  0.0000,  1.0000]]], device='cuda:0',
       grad_fn=<CopySlices>)
0:05:50.580164 - TCO pred_xy tensor([[[-0.7893,  0.4511,  0.4165, -0.0098],
         [-0.5688, -0.7927, -0.2192,  0.0076],
         [ 0.2313, -0.4099,  0.8823,  0.1920],
         [ 0.0000,  0.0000,  0.0000,  1.0000]]], device='cuda:0',
       grad_fn=<CopySlices>)
0:05:50.581080 - TCO pred_z tensor([[[-0.7893,  0.4511,  0.4165, -0.0100],
         [-0.5688, -0.7927, -0.2192,  0.0062],
         [ 0.2313, -0.4099,  0.8823,  0.1850],
         [ 0.0000,  0.0000,  0.0000,  1.0000]]], device='cuda:0',
       grad_fn=<CopySlices>)
0:05:50.581726 - loss orn tensor([3.3098e-05], device='cuda:0', grad_fn=<MinBackward0>)
0:05:50.582353 - loss xy tensor([0.0005], device='cuda:0', grad_fn=<MinBackward0>)
0:05:50.582967 - loss z tensor([0.0023], device='cuda:0', grad_fn=<MinBackward0>)
  0%|                                        | 0/1 [00:00<?, ?it/s, loss=0.0029]100%|████████████████████████████████| 1/1 [00:00<00:00,  4.47it/s, loss=0.0029]100%|████████████████████████████████| 1/1 [00:00<00:00,  4.46it/s, loss=0.0029]
0:05:50.344795 - saving /home/ubuntu/synthetic_pose_estimation/cosypose/local_data/experiments/bracket_assembly_debug_nut_nosym_coarse_noaug--938962 667
  0%|                                                     | 0/1 [00:00<?, ?it/s]0:05:50.759946 - iteration 0
0:05:50.803473 - outputs, {'pose': tensor([[-1.0114, -0.7329,  0.2950,  0.5598, -0.6333, -0.4210,  4.0111, -1.6739,
          0.5932]], device='cuda:0', grad_fn=<AddmmBackward0>)}
0:05:50.805042 - model_outputs {'pose': tensor([[-1.0114, -0.7329,  0.2950,  0.5598, -0.6333, -0.4210,  4.0111, -1.6739,
          0.5932]], device='cuda:0', grad_fn=<AddmmBackward0>)}
0:05:50.805835 - K crop tensor([[[2.1508e+03, 0.0000e+00, 2.4426e+02],
         [0.0000e+00, 2.1508e+03, 5.4622e+01],
         [0.0000e+00, 0.0000e+00, 1.0000e+00]]], device='cuda:0')
0:05:50.806677 - TCO_input tensor([[[ 1.0000,  0.0000,  0.0000, -0.0140],
         [ 0.0000,  1.0000,  0.0000,  0.0107],
         [ 0.0000,  0.0000,  1.0000,  0.3546],
         [ 0.0000,  0.0000,  0.0000,  1.0000]]], device='cuda:0')
0:05:50.807567 - model tco output tensor([[[-0.7881,  0.4537,  0.4161, -0.0079],
         [-0.5711, -0.7912, -0.2189,  0.0062],
         [ 0.2299, -0.4101,  0.8826,  0.2104],
         [ 0.0000,  0.0000,  0.0000,  1.0000]]], device='cuda:0',
       grad_fn=<CopySlices>)
0:05:50.845832 - Wrote debug data: /home/ubuntu/synthetic_pose_estimation/cosypose/local_data/debug_data/debug_iter=1.pth.tar
0:05:51.059811 - TCO_input tensor([[[ 1.0000,  0.0000,  0.0000, -0.0140],
         [ 0.0000,  1.0000,  0.0000,  0.0107],
         [ 0.0000,  0.0000,  1.0000,  0.3546],
         [ 0.0000,  0.0000,  0.0000,  1.0000]]], device='cuda:0')
0:05:51.060894 - vxvyvz tensor([[ 4.0111, -1.6739,  0.5932]], device='cuda:0',
       grad_fn=<SliceBackward0>)
0:05:51.061938 - dR tensor([[[-0.7881,  0.4537,  0.4161],
         [-0.5711, -0.7912, -0.2189],
         [ 0.2299, -0.4101,  0.8826]]], device='cuda:0',
       grad_fn=<StackBackward0>)
0:05:51.062809 - fxfy tensor([[2150.8452, 2150.8455]], device='cuda:0')
0:05:51.065348 - TCO_gt tensor([[[-0.7893,  0.4511,  0.4165, -0.0100],
         [-0.5688, -0.7927, -0.2192,  0.0062],
         [ 0.2313, -0.4099,  0.8823,  0.1920],
         [ 0.0000,  0.0000,  0.0000,  1.0000]]], device='cuda:0')
0:05:51.066256 - TCO pred_orn tensor([[[-0.7881,  0.4537,  0.4161, -0.0100],
         [-0.5711, -0.7912, -0.2189,  0.0062],
         [ 0.2299, -0.4101,  0.8826,  0.1920],
         [ 0.0000,  0.0000,  0.0000,  1.0000]]], device='cuda:0',
       grad_fn=<CopySlices>)
0:05:51.067151 - TCO pred_xy tensor([[[-0.7893,  0.4511,  0.4165, -0.0072],
         [-0.5688, -0.7927, -0.2192,  0.0056],
         [ 0.2313, -0.4099,  0.8823,  0.1920],
         [ 0.0000,  0.0000,  0.0000,  1.0000]]], device='cuda:0',
       grad_fn=<CopySlices>)
0:05:51.068045 - TCO pred_z tensor([[[-0.7893,  0.4511,  0.4165, -0.0100],
         [-0.5688, -0.7927, -0.2192,  0.0062],
         [ 0.2313, -0.4099,  0.8823,  0.2104],
         [ 0.0000,  0.0000,  0.0000,  1.0000]]], device='cuda:0',
       grad_fn=<CopySlices>)
0:05:51.068680 - loss orn tensor([1.3996e-05], device='cuda:0', grad_fn=<MinBackward0>)
0:05:51.069324 - loss xy tensor([0.0011], device='cuda:0', grad_fn=<MinBackward0>)
0:05:51.069938 - loss z tensor([0.0061], device='cuda:0', grad_fn=<MinBackward0>)
  0%|                                       | 0/1 [00:00<?, ?it/s, loss=0.00726]100%|███████████████████████████████| 1/1 [00:00<00:00,  4.59it/s, loss=0.00726]100%|███████████████████████████████| 1/1 [00:00<00:00,  4.58it/s, loss=0.00726]
0:05:50.861368 - saving /home/ubuntu/synthetic_pose_estimation/cosypose/local_data/experiments/bracket_assembly_debug_nut_nosym_coarse_noaug--938962 668
  0%|                                                     | 0/1 [00:00<?, ?it/s]0:05:51.276638 - iteration 0
0:05:51.320837 - outputs, {'pose': tensor([[-1.0111, -0.7309,  0.2982,  0.5672, -0.6343, -0.4251,  4.0353, -1.6797,
          0.6132]], device='cuda:0', grad_fn=<AddmmBackward0>)}
0:05:51.322579 - model_outputs {'pose': tensor([[-1.0111, -0.7309,  0.2982,  0.5672, -0.6343, -0.4251,  4.0353, -1.6797,
          0.6132]], device='cuda:0', grad_fn=<AddmmBackward0>)}
0:05:51.323381 - K crop tensor([[[1.6974e+03, 0.0000e+00, 2.6570e+02],
         [0.0000e+00, 1.6974e+03, 2.3626e+01],
         [0.0000e+00, 0.0000e+00, 1.0000e+00]]], device='cuda:0')
0:05:51.324242 - TCO_input tensor([[[ 1.0000,  0.0000,  0.0000, -0.0178],
         [ 0.0000,  1.0000,  0.0000,  0.0160],
         [ 0.0000,  0.0000,  1.0000,  0.2840],
         [ 0.0000,  0.0000,  0.0000,  1.0000]]], device='cuda:0')
0:05:51.325776 - model tco output tensor([[[-0.7882,  0.4520,  0.4176, -0.0105],
         [-0.5698, -0.7924, -0.2178,  0.0097],
         [ 0.2325, -0.4096,  0.8821,  0.1741],
         [ 0.0000,  0.0000,  0.0000,  1.0000]]], device='cuda:0',
       grad_fn=<CopySlices>)
0:05:51.365365 - Wrote debug data: /home/ubuntu/synthetic_pose_estimation/cosypose/local_data/debug_data/debug_iter=1.pth.tar
0:05:51.580198 - TCO_input tensor([[[ 1.0000,  0.0000,  0.0000, -0.0178],
         [ 0.0000,  1.0000,  0.0000,  0.0160],
         [ 0.0000,  0.0000,  1.0000,  0.2840],
         [ 0.0000,  0.0000,  0.0000,  1.0000]]], device='cuda:0')
0:05:51.581154 - vxvyvz tensor([[ 4.0353, -1.6797,  0.6132]], device='cuda:0',
       grad_fn=<SliceBackward0>)
0:05:51.582145 - dR tensor([[[-0.7882,  0.4520,  0.4176],
         [-0.5698, -0.7924, -0.2178],
         [ 0.2325, -0.4096,  0.8821]]], device='cuda:0',
       grad_fn=<StackBackward0>)
0:05:51.582994 - fxfy tensor([[1697.3535, 1697.3538]], device='cuda:0')
0:05:51.585487 - TCO_gt tensor([[[-0.7893,  0.4511,  0.4165, -0.0100],
         [-0.5688, -0.7927, -0.2192,  0.0062],
         [ 0.2313, -0.4099,  0.8823,  0.1920],
         [ 0.0000,  0.0000,  0.0000,  1.0000]]], device='cuda:0')
0:05:51.586391 - TCO pred_orn tensor([[[-0.7882,  0.4520,  0.4176, -0.0100],
         [-0.5698, -0.7924, -0.2178,  0.0062],
         [ 0.2325, -0.4096,  0.8821,  0.1920],
         [ 0.0000,  0.0000,  0.0000,  1.0000]]], device='cuda:0',
       grad_fn=<CopySlices>)
0:05:51.587288 - TCO pred_xy tensor([[[-0.7893,  0.4511,  0.4165, -0.0116],
         [-0.5688, -0.7927, -0.2192,  0.0107],
         [ 0.2313, -0.4099,  0.8823,  0.1920],
         [ 0.0000,  0.0000,  0.0000,  1.0000]]], device='cuda:0',
       grad_fn=<CopySlices>)
0:05:51.588185 - TCO pred_z tensor([[[-0.7893,  0.4511,  0.4165, -0.0100],
         [-0.5688, -0.7927, -0.2192,  0.0062],
         [ 0.2313, -0.4099,  0.8823,  0.1741],
         [ 0.0000,  0.0000,  0.0000,  1.0000]]], device='cuda:0',
       grad_fn=<CopySlices>)
0:05:51.588829 - loss orn tensor([8.1397e-06], device='cuda:0', grad_fn=<MinBackward0>)
0:05:51.589489 - loss xy tensor([0.0020], device='cuda:0', grad_fn=<MinBackward0>)
0:05:51.590106 - loss z tensor([0.0059], device='cuda:0', grad_fn=<MinBackward0>)
  0%|                                       | 0/1 [00:00<?, ?it/s, loss=0.00796]100%|███████████████████████████████| 1/1 [00:00<00:00,  4.54it/s, loss=0.00796]100%|███████████████████████████████| 1/1 [00:00<00:00,  4.53it/s, loss=0.00796]
0:05:51.368372 - saving /home/ubuntu/synthetic_pose_estimation/cosypose/local_data/experiments/bracket_assembly_debug_nut_nosym_coarse_noaug--938962 669
  0%|                                                     | 0/1 [00:00<?, ?it/s]0:05:51.783791 - iteration 0
0:05:51.828007 - outputs, {'pose': tensor([[-1.0138, -0.7289,  0.2965,  0.5540, -0.6328, -0.4263,  4.0351, -1.6793,
          0.6098]], device='cuda:0', grad_fn=<AddmmBackward0>)}
0:05:51.829733 - model_outputs {'pose': tensor([[-1.0138, -0.7289,  0.2965,  0.5540, -0.6328, -0.4263,  4.0351, -1.6793,
          0.6098]], device='cuda:0', grad_fn=<AddmmBackward0>)}
0:05:51.830555 - K crop tensor([[[1.7016e+03, 0.0000e+00, 2.6098e+02],
         [0.0000e+00, 1.7016e+03, 9.0487e+01],
         [0.0000e+00, 0.0000e+00, 1.0000e+00]]], device='cuda:0')
0:05:51.831405 - TCO_input tensor([[[ 1.0000,  0.0000,  0.0000, -0.0167],
         [ 0.0000,  1.0000,  0.0000,  0.0048],
         [ 0.0000,  0.0000,  1.0000,  0.2802],
         [ 0.0000,  0.0000,  0.0000,  1.0000]]], device='cuda:0')
0:05:51.832916 - model tco output tensor([[[-0.7900,  0.4474,  0.4192, -0.0098],
         [-0.5680, -0.7916, -0.2254,  0.0027],
         [ 0.2310, -0.4162,  0.8794,  0.1709],
         [ 0.0000,  0.0000,  0.0000,  1.0000]]], device='cuda:0',
       grad_fn=<CopySlices>)
0:05:51.871536 - Wrote debug data: /home/ubuntu/synthetic_pose_estimation/cosypose/local_data/debug_data/debug_iter=1.pth.tar
0:05:52.086129 - TCO_input tensor([[[ 1.0000,  0.0000,  0.0000, -0.0167],
         [ 0.0000,  1.0000,  0.0000,  0.0048],
         [ 0.0000,  0.0000,  1.0000,  0.2802],
         [ 0.0000,  0.0000,  0.0000,  1.0000]]], device='cuda:0')
0:05:52.087179 - vxvyvz tensor([[ 4.0351, -1.6793,  0.6098]], device='cuda:0',
       grad_fn=<SliceBackward0>)
0:05:52.088181 - dR tensor([[[-0.7900,  0.4474,  0.4192],
         [-0.5680, -0.7916, -0.2254],
         [ 0.2310, -0.4162,  0.8794]]], device='cuda:0',
       grad_fn=<StackBackward0>)
0:05:52.089144 - fxfy tensor([[1701.5842, 1701.5847]], device='cuda:0')
0:05:52.091646 - TCO_gt tensor([[[-0.7893,  0.4511,  0.4165, -0.0100],
         [-0.5688, -0.7927, -0.2192,  0.0062],
         [ 0.2313, -0.4099,  0.8823,  0.1920],
         [ 0.0000,  0.0000,  0.0000,  1.0000]]], device='cuda:0')
0:05:52.092558 - TCO pred_orn tensor([[[-0.7900,  0.4474,  0.4192, -0.0100],
         [-0.5680, -0.7916, -0.2254,  0.0062],
         [ 0.2310, -0.4162,  0.8794,  0.1920],
         [ 0.0000,  0.0000,  0.0000,  1.0000]]], device='cuda:0',
       grad_fn=<CopySlices>)
0:05:52.093491 - TCO pred_xy tensor([[[-0.7893,  0.4511,  0.4165, -0.0110],
         [-0.5688, -0.7927, -0.2192,  0.0031],
         [ 0.2313, -0.4099,  0.8823,  0.1920],
         [ 0.0000,  0.0000,  0.0000,  1.0000]]], device='cuda:0',
       grad_fn=<CopySlices>)
0:05:52.094394 - TCO pred_z tensor([[[-0.7893,  0.4511,  0.4165, -0.0100],
         [-0.5688, -0.7927, -0.2192,  0.0062],
         [ 0.2313, -0.4099,  0.8823,  0.1709],
         [ 0.0000,  0.0000,  0.0000,  1.0000]]], device='cuda:0',
       grad_fn=<CopySlices>)
0:05:52.095055 - loss orn tensor([3.0086e-05], device='cuda:0', grad_fn=<MinBackward0>)
0:05:52.095688 - loss xy tensor([0.0014], device='cuda:0', grad_fn=<MinBackward0>)
0:05:52.098798 - loss z tensor([0.0070], device='cuda:0', grad_fn=<MinBackward0>)
  0%|                                       | 0/1 [00:00<?, ?it/s, loss=0.00842]100%|███████████████████████████████| 1/1 [00:00<00:00,  4.49it/s, loss=0.00842]100%|███████████████████████████████| 1/1 [00:00<00:00,  4.48it/s, loss=0.00842]
  0%|                                                     | 0/1 [00:00<?, ?it/s]0:05:52.005939 - iteration 0
0:05:52.042903 - outputs, {'pose': tensor([[-0.8385, -0.5405,  0.3505,  0.6114, -0.4136, -0.2851,  2.7840, -1.5010,
          0.7684]], device='cuda:0')}
0:05:52.044307 - model_outputs {'pose': tensor([[-0.8385, -0.5405,  0.3505,  0.6114, -0.4136, -0.2851,  2.7840, -1.5010,
          0.7684]], device='cuda:0')}
0:05:52.045070 - K crop tensor([[[1.7603e+03, 0.0000e+00, 2.8265e+02],
         [0.0000e+00, 1.7603e+03, 8.3855e+01],
         [0.0000e+00, 0.0000e+00, 1.0000e+00]]], device='cuda:0')
0:05:52.045929 - TCO_input tensor([[[ 1.0000,  0.0000,  0.0000, -0.0203],
         [ 0.0000,  1.0000,  0.0000,  0.0059],
         [ 0.0000,  0.0000,  1.0000,  0.2901],
         [ 0.0000,  0.0000,  0.0000,  1.0000]]], device='cuda:0')
0:05:52.046809 - model tco output tensor([[[-0.7930,  0.4562,  0.4038, -0.0152],
         [-0.5112, -0.8588, -0.0335,  0.0043],
         [ 0.3315, -0.2329,  0.9142,  0.2229],
         [ 0.0000,  0.0000,  0.0000,  1.0000]]], device='cuda:0')
0:05:52.084538 - Wrote debug data: /home/ubuntu/synthetic_pose_estimation/cosypose/local_data/debug_data/debug_iter=1.pth.tar
0:05:52.296002 - TCO_input tensor([[[ 1.0000,  0.0000,  0.0000, -0.0203],
         [ 0.0000,  1.0000,  0.0000,  0.0059],
         [ 0.0000,  0.0000,  1.0000,  0.2901],
         [ 0.0000,  0.0000,  0.0000,  1.0000]]], device='cuda:0')
0:05:52.296967 - vxvyvz tensor([[ 2.7840, -1.5010,  0.7684]], device='cuda:0')
0:05:52.297952 - dR tensor([[[-0.7930,  0.4562,  0.4038],
         [-0.5112, -0.8588, -0.0335],
         [ 0.3315, -0.2329,  0.9142]]], device='cuda:0')
0:05:52.298800 - fxfy tensor([[1760.2639, 1760.2640]], device='cuda:0')
0:05:52.301195 - TCO_gt tensor([[[-0.7893,  0.4511,  0.4165, -0.0100],
         [-0.5688, -0.7927, -0.2192,  0.0062],
         [ 0.2313, -0.4099,  0.8823,  0.1920],
         [ 0.0000,  0.0000,  0.0000,  1.0000]]], device='cuda:0')
0:05:52.302113 - TCO pred_orn tensor([[[-0.7930,  0.4562,  0.4038, -0.0100],
         [-0.5112, -0.8588, -0.0335,  0.0062],
         [ 0.3315, -0.2329,  0.9142,  0.1920],
         [ 0.0000,  0.0000,  0.0000,  1.0000]]], device='cuda:0')
0:05:52.303006 - TCO pred_xy tensor([[[-0.7893,  0.4511,  0.4165, -0.0131],
         [-0.5688, -0.7927, -0.2192,  0.0037],
         [ 0.2313, -0.4099,  0.8823,  0.1920],
         [ 0.0000,  0.0000,  0.0000,  1.0000]]], device='cuda:0')
0:05:52.303895 - TCO pred_z tensor([[[-0.7893,  0.4511,  0.4165, -0.0100],
         [-0.5688, -0.7927, -0.2192,  0.0062],
         [ 0.2313, -0.4099,  0.8823,  0.2229],
         [ 0.0000,  0.0000,  0.0000,  1.0000]]], device='cuda:0')
0:05:52.304551 - loss orn tensor([0.0007], device='cuda:0')
0:05:52.305217 - loss xy tensor([0.0019], device='cuda:0')
0:05:52.305853 - loss z tensor([0.0103], device='cuda:0')
100%|█████████████████████████████████████████████| 1/1 [00:00<00:00,  8.43it/s]100%|█████████████████████████████████████████████| 1/1 [00:00<00:00,  8.41it/s]
0:05:51.999979 - saving /home/ubuntu/synthetic_pose_estimation/cosypose/local_data/experiments/bracket_assembly_debug_nut_nosym_coarse_noaug--938962 670
  0%|                                                     | 0/1 [00:00<?, ?it/s]0:05:52.411905 - iteration 0
0:05:52.455149 - outputs, {'pose': tensor([[-1.0162, -0.7285,  0.2943,  0.5638, -0.6345, -0.4206,  4.0303, -1.6774,
          0.6070]], device='cuda:0', grad_fn=<AddmmBackward0>)}
0:05:52.456811 - model_outputs {'pose': tensor([[-1.0162, -0.7285,  0.2943,  0.5638, -0.6345, -0.4206,  4.0303, -1.6774,
          0.6070]], device='cuda:0', grad_fn=<AddmmBackward0>)}
0:05:52.457691 - K crop tensor([[[1.9024e+03, 0.0000e+00, 2.4262e+02],
         [0.0000e+00, 1.9024e+03, 1.9739e+01],
         [0.0000e+00, 0.0000e+00, 1.0000e+00]]], device='cuda:0')
0:05:52.458588 - TCO_input tensor([[[ 1.0000,  0.0000,  0.0000, -0.0139],
         [ 0.0000,  1.0000,  0.0000,  0.0166],
         [ 0.0000,  0.0000,  1.0000,  0.3171],
         [ 0.0000,  0.0000,  0.0000,  1.0000]]], device='cuda:0')
0:05:52.459533 - model tco output tensor([[[-0.7911,  0.4512,  0.4130, -0.0080],
         [-0.5671, -0.7940, -0.2190,  0.0099],
         [ 0.2291, -0.4075,  0.8840,  0.1925],
         [ 0.0000,  0.0000,  0.0000,  1.0000]]], device='cuda:0',
       grad_fn=<CopySlices>)
0:05:52.498589 - Wrote debug data: /home/ubuntu/synthetic_pose_estimation/cosypose/local_data/debug_data/debug_iter=1.pth.tar
0:05:52.712106 - TCO_input tensor([[[ 1.0000,  0.0000,  0.0000, -0.0139],
         [ 0.0000,  1.0000,  0.0000,  0.0166],
         [ 0.0000,  0.0000,  1.0000,  0.3171],
         [ 0.0000,  0.0000,  0.0000,  1.0000]]], device='cuda:0')
0:05:52.713152 - vxvyvz tensor([[ 4.0303, -1.6774,  0.6070]], device='cuda:0',
       grad_fn=<SliceBackward0>)
0:05:52.714220 - dR tensor([[[-0.7911,  0.4512,  0.4130],
         [-0.5671, -0.7940, -0.2190],
         [ 0.2291, -0.4075,  0.8840]]], device='cuda:0',
       grad_fn=<StackBackward0>)
0:05:52.715203 - fxfy tensor([[1902.3573, 1902.3573]], device='cuda:0')
0:05:52.717746 - TCO_gt tensor([[[-0.7893,  0.4511,  0.4165, -0.0100],
         [-0.5688, -0.7927, -0.2192,  0.0062],
         [ 0.2313, -0.4099,  0.8823,  0.1920],
         [ 0.0000,  0.0000,  0.0000,  1.0000]]], device='cuda:0')
0:05:52.718712 - TCO pred_orn tensor([[[-0.7911,  0.4512,  0.4130, -0.0100],
         [-0.5671, -0.7940, -0.2190,  0.0062],
         [ 0.2291, -0.4075,  0.8840,  0.1920],
         [ 0.0000,  0.0000,  0.0000,  1.0000]]], device='cuda:0',
       grad_fn=<CopySlices>)
0:05:52.719666 - TCO pred_xy tensor([[[-0.7893,  0.4511,  0.4165, -0.0080],
         [-0.5688, -0.7927, -0.2192,  0.0099],
         [ 0.2313, -0.4099,  0.8823,  0.1920],
         [ 0.0000,  0.0000,  0.0000,  1.0000]]], device='cuda:0',
       grad_fn=<CopySlices>)
0:05:52.720617 - TCO pred_z tensor([[[-0.7893,  0.4511,  0.4165, -0.0100],
         [-0.5688, -0.7927, -0.2192,  0.0062],
         [ 0.2313, -0.4099,  0.8823,  0.1925],
         [ 0.0000,  0.0000,  0.0000,  1.0000]]], device='cuda:0',
       grad_fn=<CopySlices>)
0:05:52.721346 - loss orn tensor([1.6282e-05], device='cuda:0', grad_fn=<MinBackward0>)
0:05:52.722017 - loss xy tensor([0.0019], device='cuda:0', grad_fn=<MinBackward0>)
0:05:52.722690 - loss z tensor([0.0002], device='cuda:0', grad_fn=<MinBackward0>)
  0%|                                       | 0/1 [00:00<?, ?it/s, loss=0.00209]100%|███████████████████████████████| 1/1 [00:00<00:00,  4.67it/s, loss=0.00209]100%|███████████████████████████████| 1/1 [00:00<00:00,  4.66it/s, loss=0.00209]
0:05:52.488040 - saving /home/ubuntu/synthetic_pose_estimation/cosypose/local_data/experiments/bracket_assembly_debug_nut_nosym_coarse_noaug--938962 671
  0%|                                                     | 0/1 [00:00<?, ?it/s]0:05:52.903229 - iteration 0
0:05:52.946288 - outputs, {'pose': tensor([[-1.0151, -0.7309,  0.2956,  0.5596, -0.6349, -0.4205,  4.0204, -1.6741,
          0.6190]], device='cuda:0', grad_fn=<AddmmBackward0>)}
0:05:52.947987 - model_outputs {'pose': tensor([[-1.0151, -0.7309,  0.2956,  0.5596, -0.6349, -0.4205,  4.0204, -1.6741,
          0.6190]], device='cuda:0', grad_fn=<AddmmBackward0>)}
0:05:52.948823 - K crop tensor([[[1.7747e+03, 0.0000e+00, 2.6587e+02],
         [0.0000e+00, 1.7747e+03, 1.0007e+02],
         [0.0000e+00, 0.0000e+00, 1.0000e+00]]], device='cuda:0')
0:05:52.949767 - TCO_input tensor([[[ 1.0000,  0.0000,  0.0000, -0.0175],
         [ 0.0000,  1.0000,  0.0000,  0.0032],
         [ 0.0000,  0.0000,  1.0000,  0.2913],
         [ 0.0000,  0.0000,  0.0000,  1.0000]]], device='cuda:0')
0:05:52.951279 - model tco output tensor([[[-0.7898,  0.4517,  0.4149, -0.0104],
         [-0.5686, -0.7929, -0.2191,  0.0018],
         [ 0.2300, -0.4090,  0.8831,  0.1803],
         [ 0.0000,  0.0000,  0.0000,  1.0000]]], device='cuda:0',
       grad_fn=<CopySlices>)
0:05:52.988720 - Wrote debug data: /home/ubuntu/synthetic_pose_estimation/cosypose/local_data/debug_data/debug_iter=1.pth.tar
0:05:53.199308 - TCO_input tensor([[[ 1.0000,  0.0000,  0.0000, -0.0175],
         [ 0.0000,  1.0000,  0.0000,  0.0032],
         [ 0.0000,  0.0000,  1.0000,  0.2913],
         [ 0.0000,  0.0000,  0.0000,  1.0000]]], device='cuda:0')
0:05:53.200378 - vxvyvz tensor([[ 4.0204, -1.6741,  0.6190]], device='cuda:0',
       grad_fn=<SliceBackward0>)
0:05:53.201458 - dR tensor([[[-0.7898,  0.4517,  0.4149],
         [-0.5686, -0.7929, -0.2191],
         [ 0.2300, -0.4090,  0.8831]]], device='cuda:0',
       grad_fn=<StackBackward0>)
0:05:53.202413 - fxfy tensor([[1774.7023, 1774.7025]], device='cuda:0')
0:05:53.204970 - TCO_gt tensor([[[-0.7893,  0.4511,  0.4165, -0.0100],
         [-0.5688, -0.7927, -0.2192,  0.0062],
         [ 0.2313, -0.4099,  0.8823,  0.1920],
         [ 0.0000,  0.0000,  0.0000,  1.0000]]], device='cuda:0')
0:05:53.205974 - TCO pred_orn tensor([[[-0.7898,  0.4517,  0.4149, -0.0100],
         [-0.5686, -0.7929, -0.2191,  0.0062],
         [ 0.2300, -0.4090,  0.8831,  0.1920],
         [ 0.0000,  0.0000,  0.0000,  1.0000]]], device='cuda:0',
       grad_fn=<CopySlices>)
0:05:53.206940 - TCO pred_xy tensor([[[-0.7893,  0.4511,  0.4165, -0.0111],
         [-0.5688, -0.7927, -0.2192,  0.0019],
         [ 0.2313, -0.4099,  0.8823,  0.1920],
         [ 0.0000,  0.0000,  0.0000,  1.0000]]], device='cuda:0',
       grad_fn=<CopySlices>)
0:05:53.207916 - TCO pred_z tensor([[[-0.7893,  0.4511,  0.4165, -0.0100],
         [-0.5688, -0.7927, -0.2192,  0.0062],
         [ 0.2313, -0.4099,  0.8823,  0.1803],
         [ 0.0000,  0.0000,  0.0000,  1.0000]]], device='cuda:0',
       grad_fn=<CopySlices>)
0:05:53.208546 - loss orn tensor([6.2092e-06], device='cuda:0', grad_fn=<MinBackward0>)
0:05:53.209301 - loss xy tensor([0.0018], device='cuda:0', grad_fn=<MinBackward0>)
0:05:53.209974 - loss z tensor([0.0039], device='cuda:0', grad_fn=<MinBackward0>)
  0%|                                       | 0/1 [00:00<?, ?it/s, loss=0.00566]100%|███████████████████████████████| 1/1 [00:00<00:00,  4.68it/s, loss=0.00566]100%|███████████████████████████████| 1/1 [00:00<00:00,  4.67it/s, loss=0.00566]
0:05:52.974270 - saving /home/ubuntu/synthetic_pose_estimation/cosypose/local_data/experiments/bracket_assembly_debug_nut_nosym_coarse_noaug--938962 672
  0%|                                                     | 0/1 [00:00<?, ?it/s]0:05:53.389619 - iteration 0
0:05:53.432725 - outputs, {'pose': tensor([[-1.0144, -0.7251,  0.2982,  0.5579, -0.6330, -0.4291,  4.0304, -1.6781,
          0.6157]], device='cuda:0', grad_fn=<AddmmBackward0>)}
0:05:53.434402 - model_outputs {'pose': tensor([[-1.0144, -0.7251,  0.2982,  0.5579, -0.6330, -0.4291,  4.0304, -1.6781,
          0.6157]], device='cuda:0', grad_fn=<AddmmBackward0>)}
0:05:53.435237 - K crop tensor([[[1.6131e+03, 0.0000e+00, 2.2949e+02],
         [0.0000e+00, 1.6131e+03, 5.3061e+01],
         [0.0000e+00, 0.0000e+00, 1.0000e+00]]], device='cuda:0')
0:05:53.436144 - TCO_input tensor([[[ 1.0000,  0.0000,  0.0000, -0.0117],
         [ 0.0000,  1.0000,  0.0000,  0.0111],
         [ 0.0000,  0.0000,  1.0000,  0.2685],
         [ 0.0000,  0.0000,  0.0000,  1.0000]]], device='cuda:0')
0:05:53.437721 - model tco output tensor([[[-0.7912,  0.4447,  0.4199, -0.0068],
         [-0.5656, -0.7932, -0.2258,  0.0066],
         [ 0.2326, -0.4161,  0.8790,  0.1654],
         [ 0.0000,  0.0000,  0.0000,  1.0000]]], device='cuda:0',
       grad_fn=<CopySlices>)
0:05:53.479316 - Wrote debug data: /home/ubuntu/synthetic_pose_estimation/cosypose/local_data/debug_data/debug_iter=1.pth.tar
0:05:53.694095 - TCO_input tensor([[[ 1.0000,  0.0000,  0.0000, -0.0117],
         [ 0.0000,  1.0000,  0.0000,  0.0111],
         [ 0.0000,  0.0000,  1.0000,  0.2685],
         [ 0.0000,  0.0000,  0.0000,  1.0000]]], device='cuda:0')
0:05:53.695105 - vxvyvz tensor([[ 4.0304, -1.6781,  0.6157]], device='cuda:0',
       grad_fn=<SliceBackward0>)
0:05:53.696141 - dR tensor([[[-0.7912,  0.4447,  0.4199],
         [-0.5656, -0.7932, -0.2258],
         [ 0.2326, -0.4161,  0.8790]]], device='cuda:0',
       grad_fn=<StackBackward0>)
0:05:53.697098 - fxfy tensor([[1613.1486, 1613.1483]], device='cuda:0')
0:05:53.699645 - TCO_gt tensor([[[-0.7893,  0.4511,  0.4165, -0.0100],
         [-0.5688, -0.7927, -0.2192,  0.0062],
         [ 0.2313, -0.4099,  0.8823,  0.1920],
         [ 0.0000,  0.0000,  0.0000,  1.0000]]], device='cuda:0')
0:05:53.700614 - TCO pred_orn tensor([[[-0.7912,  0.4447,  0.4199, -0.0100],
         [-0.5656, -0.7932, -0.2258,  0.0062],
         [ 0.2326, -0.4161,  0.8790,  0.1920],
         [ 0.0000,  0.0000,  0.0000,  1.0000]]], device='cuda:0',
       grad_fn=<CopySlices>)
0:05:53.701607 - TCO pred_xy tensor([[[-0.7893,  0.4511,  0.4165, -0.0078],
         [-0.5688, -0.7927, -0.2192,  0.0077],
         [ 0.2313, -0.4099,  0.8823,  0.1920],
         [ 0.0000,  0.0000,  0.0000,  1.0000]]], device='cuda:0',
       grad_fn=<CopySlices>)
0:05:53.702583 - TCO pred_z tensor([[[-0.7893,  0.4511,  0.4165, -0.0100],
         [-0.5688, -0.7927, -0.2192,  0.0062],
         [ 0.2313, -0.4099,  0.8823,  0.1654],
         [ 0.0000,  0.0000,  0.0000,  1.0000]]], device='cuda:0',
       grad_fn=<CopySlices>)
0:05:53.703270 - loss orn tensor([3.7224e-05], device='cuda:0', grad_fn=<MinBackward0>)
0:05:53.703939 - loss xy tensor([0.0012], device='cuda:0', grad_fn=<MinBackward0>)
0:05:53.704611 - loss z tensor([0.0089], device='cuda:0', grad_fn=<MinBackward0>)
  0%|                                        | 0/1 [00:00<?, ?it/s, loss=0.0101]100%|████████████████████████████████| 1/1 [00:00<00:00,  4.51it/s, loss=0.0101]100%|████████████████████████████████| 1/1 [00:00<00:00,  4.50it/s, loss=0.0101]
0:05:53.467143 - saving /home/ubuntu/synthetic_pose_estimation/cosypose/local_data/experiments/bracket_assembly_debug_nut_nosym_coarse_noaug--938962 673
  0%|                                                     | 0/1 [00:00<?, ?it/s]0:05:53.882278 - iteration 0
0:05:53.925294 - outputs, {'pose': tensor([[-1.0119, -0.7318,  0.2942,  0.5589, -0.6285, -0.4192,  4.0216, -1.6745,
          0.6071]], device='cuda:0', grad_fn=<AddmmBackward0>)}
0:05:53.926923 - model_outputs {'pose': tensor([[-1.0119, -0.7318,  0.2942,  0.5589, -0.6285, -0.4192,  4.0216, -1.6745,
          0.6071]], device='cuda:0', grad_fn=<AddmmBackward0>)}
0:05:53.927745 - K crop tensor([[[1.4840e+03, 0.0000e+00, 2.5602e+02],
         [0.0000e+00, 1.4840e+03, 8.4251e+01],
         [0.0000e+00, 0.0000e+00, 1.0000e+00]]], device='cuda:0')
0:05:53.928644 - TCO_input tensor([[[ 1.0000,  0.0000,  0.0000, -0.0160],
         [ 0.0000,  1.0000,  0.0000,  0.0058],
         [ 0.0000,  0.0000,  1.0000,  0.2458],
         [ 0.0000,  0.0000,  0.0000,  1.0000]]], device='cuda:0')
0:05:53.930178 - model tco output tensor([[[-0.7887,  0.4532,  0.4154, -0.0093],
         [-0.5704, -0.7915, -0.2195,  0.0034],
         [ 0.2293, -0.4100,  0.8828,  0.1492],
         [ 0.0000,  0.0000,  0.0000,  1.0000]]], device='cuda:0',
       grad_fn=<CopySlices>)
0:05:53.968994 - Wrote debug data: /home/ubuntu/synthetic_pose_estimation/cosypose/local_data/debug_data/debug_iter=1.pth.tar
0:05:54.180788 - TCO_input tensor([[[ 1.0000,  0.0000,  0.0000, -0.0160],
         [ 0.0000,  1.0000,  0.0000,  0.0058],
         [ 0.0000,  0.0000,  1.0000,  0.2458],
         [ 0.0000,  0.0000,  0.0000,  1.0000]]], device='cuda:0')
0:05:54.181806 - vxvyvz tensor([[ 4.0216, -1.6745,  0.6071]], device='cuda:0',
       grad_fn=<SliceBackward0>)
0:05:54.182858 - dR tensor([[[-0.7887,  0.4532,  0.4154],
         [-0.5704, -0.7915, -0.2195],
         [ 0.2293, -0.4100,  0.8828]]], device='cuda:0',
       grad_fn=<StackBackward0>)
0:05:54.183770 - fxfy tensor([[1483.9885, 1483.9886]], device='cuda:0')
0:05:54.186341 - TCO_gt tensor([[[-0.7893,  0.4511,  0.4165, -0.0100],
         [-0.5688, -0.7927, -0.2192,  0.0062],
         [ 0.2313, -0.4099,  0.8823,  0.1920],
         [ 0.0000,  0.0000,  0.0000,  1.0000]]], device='cuda:0')
0:05:54.187263 - TCO pred_orn tensor([[[-0.7887,  0.4532,  0.4154, -0.0100],
         [-0.5704, -0.7915, -0.2195,  0.0062],
         [ 0.2293, -0.4100,  0.8828,  0.1920],
         [ 0.0000,  0.0000,  0.0000,  1.0000]]], device='cuda:0',
       grad_fn=<CopySlices>)
0:05:54.188141 - TCO pred_xy tensor([[[-0.7893,  0.4511,  0.4165, -0.0120],
         [-0.5688, -0.7927, -0.2192,  0.0043],
         [ 0.2313, -0.4099,  0.8823,  0.1920],
         [ 0.0000,  0.0000,  0.0000,  1.0000]]], device='cuda:0',
       grad_fn=<CopySlices>)
0:05:54.189032 - TCO pred_z tensor([[[-0.7893,  0.4511,  0.4165, -0.0100],
         [-0.5688, -0.7927, -0.2192,  0.0062],
         [ 0.2313, -0.4099,  0.8823,  0.1492],
         [ 0.0000,  0.0000,  0.0000,  1.0000]]], device='cuda:0',
       grad_fn=<CopySlices>)
0:05:54.189682 - loss orn tensor([1.2357e-05], device='cuda:0', grad_fn=<MinBackward0>)
0:05:54.190276 - loss xy tensor([0.0013], device='cuda:0', grad_fn=<MinBackward0>)
0:05:54.190901 - loss z tensor([0.0143], device='cuda:0', grad_fn=<MinBackward0>)
  0%|                                        | 0/1 [00:00<?, ?it/s, loss=0.0155]100%|████████████████████████████████| 1/1 [00:00<00:00,  4.61it/s, loss=0.0155]100%|████████████████████████████████| 1/1 [00:00<00:00,  4.60it/s, loss=0.0155]
0:05:53.949303 - saving /home/ubuntu/synthetic_pose_estimation/cosypose/local_data/experiments/bracket_assembly_debug_nut_nosym_coarse_noaug--938962 674
  0%|                                                     | 0/1 [00:00<?, ?it/s]0:05:54.364500 - iteration 0
0:05:54.408075 - outputs, {'pose': tensor([[-1.0087, -0.7222,  0.3020,  0.5593, -0.6326, -0.4231,  4.0142, -1.6720,
          0.5961]], device='cuda:0', grad_fn=<AddmmBackward0>)}
0:05:54.409666 - model_outputs {'pose': tensor([[-1.0087, -0.7222,  0.3020,  0.5593, -0.6326, -0.4231,  4.0142, -1.6720,
          0.5961]], device='cuda:0', grad_fn=<AddmmBackward0>)}
0:05:54.410433 - K crop tensor([[[1.7827e+03, 0.0000e+00, 2.5190e+02],
         [0.0000e+00, 1.7827e+03, 7.3877e+01],
         [0.0000e+00, 0.0000e+00, 1.0000e+00]]], device='cuda:0')
0:05:54.411277 - TCO_input tensor([[[ 1.0000,  0.0000,  0.0000, -0.0153],
         [ 0.0000,  1.0000,  0.0000,  0.0075],
         [ 0.0000,  0.0000,  1.0000,  0.2943],
         [ 0.0000,  0.0000,  0.0000,  1.0000]]], device='cuda:0')
0:05:54.412742 - model tco output tensor([[[-0.7900,  0.4467,  0.4199, -0.0087],
         [-0.5656, -0.7953, -0.2180,  0.0043],
         [ 0.2365, -0.4098,  0.8810,  0.1755],
         [ 0.0000,  0.0000,  0.0000,  1.0000]]], device='cuda:0',
       grad_fn=<CopySlices>)
0:05:54.450550 - Wrote debug data: /home/ubuntu/synthetic_pose_estimation/cosypose/local_data/debug_data/debug_iter=1.pth.tar
0:05:54.665146 - TCO_input tensor([[[ 1.0000,  0.0000,  0.0000, -0.0153],
         [ 0.0000,  1.0000,  0.0000,  0.0075],
         [ 0.0000,  0.0000,  1.0000,  0.2943],
         [ 0.0000,  0.0000,  0.0000,  1.0000]]], device='cuda:0')
0:05:54.666111 - vxvyvz tensor([[ 4.0142, -1.6720,  0.5961]], device='cuda:0',
       grad_fn=<SliceBackward0>)
0:05:54.667099 - dR tensor([[[-0.7900,  0.4467,  0.4199],
         [-0.5656, -0.7953, -0.2180],
         [ 0.2365, -0.4098,  0.8810]]], device='cuda:0',
       grad_fn=<StackBackward0>)
0:05:54.667962 - fxfy tensor([[1782.7161, 1782.7161]], device='cuda:0')
0:05:54.670453 - TCO_gt tensor([[[-0.7893,  0.4511,  0.4165, -0.0100],
         [-0.5688, -0.7927, -0.2192,  0.0062],
         [ 0.2313, -0.4099,  0.8823,  0.1920],
         [ 0.0000,  0.0000,  0.0000,  1.0000]]], device='cuda:0')
0:05:54.671359 - TCO pred_orn tensor([[[-0.7900,  0.4467,  0.4199, -0.0100],
         [-0.5656, -0.7953, -0.2180,  0.0062],
         [ 0.2365, -0.4098,  0.8810,  0.1920],
         [ 0.0000,  0.0000,  0.0000,  1.0000]]], device='cuda:0',
       grad_fn=<CopySlices>)
0:05:54.672280 - TCO pred_xy tensor([[[-0.7893,  0.4511,  0.4165, -0.0095],
         [-0.5688, -0.7927, -0.2192,  0.0047],
         [ 0.2313, -0.4099,  0.8823,  0.1920],
         [ 0.0000,  0.0000,  0.0000,  1.0000]]], device='cuda:0',
       grad_fn=<CopySlices>)
0:05:54.673182 - TCO pred_z tensor([[[-0.7893,  0.4511,  0.4165, -0.0100],
         [-0.5688, -0.7927, -0.2192,  0.0062],
         [ 0.2313, -0.4099,  0.8823,  0.1755],
         [ 0.0000,  0.0000,  0.0000,  1.0000]]], device='cuda:0',
       grad_fn=<CopySlices>)
0:05:54.673829 - loss orn tensor([2.8043e-05], device='cuda:0', grad_fn=<MinBackward0>)
0:05:54.674442 - loss xy tensor([0.0006], device='cuda:0', grad_fn=<MinBackward0>)
0:05:54.675054 - loss z tensor([0.0055], device='cuda:0', grad_fn=<MinBackward0>)
  0%|                                       | 0/1 [00:00<?, ?it/s, loss=0.00617]100%|███████████████████████████████| 1/1 [00:00<00:00,  4.52it/s, loss=0.00617]100%|███████████████████████████████| 1/1 [00:00<00:00,  4.51it/s, loss=0.00617]
0:05:54.458010 - saving /home/ubuntu/synthetic_pose_estimation/cosypose/local_data/experiments/bracket_assembly_debug_nut_nosym_coarse_noaug--938962 675
  0%|                                                     | 0/1 [00:00<?, ?it/s]0:05:54.873323 - iteration 0
0:05:54.917291 - outputs, {'pose': tensor([[-1.0130, -0.7282,  0.2960,  0.5638, -0.6378, -0.4239,  4.0179, -1.6748,
          0.6059]], device='cuda:0', grad_fn=<AddmmBackward0>)}
0:05:54.918864 - model_outputs {'pose': tensor([[-1.0130, -0.7282,  0.2960,  0.5638, -0.6378, -0.4239,  4.0179, -1.6748,
          0.6059]], device='cuda:0', grad_fn=<AddmmBackward0>)}
0:05:54.919643 - K crop tensor([[[1.7627e+03, 0.0000e+00, 2.2794e+02],
         [0.0000e+00, 1.7627e+03, 6.8771e+01],
         [0.0000e+00, 0.0000e+00, 1.0000e+00]]], device='cuda:0')
0:05:54.920488 - TCO_input tensor([[[ 1.0000,  0.0000,  0.0000, -0.0113],
         [ 0.0000,  1.0000,  0.0000,  0.0084],
         [ 0.0000,  0.0000,  1.0000,  0.2915],
         [ 0.0000,  0.0000,  0.0000,  1.0000]]], device='cuda:0')
0:05:54.921391 - model tco output tensor([[[-0.7900,  0.4506,  0.4156, -0.0065],
         [-0.5679, -0.7933, -0.2193,  0.0049],
         [ 0.2309, -0.4093,  0.8827,  0.1766],
         [ 0.0000,  0.0000,  0.0000,  1.0000]]], device='cuda:0',
       grad_fn=<CopySlices>)
0:05:54.960871 - Wrote debug data: /home/ubuntu/synthetic_pose_estimation/cosypose/local_data/debug_data/debug_iter=1.pth.tar
0:05:55.173688 - TCO_input tensor([[[ 1.0000,  0.0000,  0.0000, -0.0113],
         [ 0.0000,  1.0000,  0.0000,  0.0084],
         [ 0.0000,  0.0000,  1.0000,  0.2915],
         [ 0.0000,  0.0000,  0.0000,  1.0000]]], device='cuda:0')
0:05:55.174649 - vxvyvz tensor([[ 4.0179, -1.6748,  0.6059]], device='cuda:0',
       grad_fn=<SliceBackward0>)
0:05:55.175633 - dR tensor([[[-0.7900,  0.4506,  0.4156],
         [-0.5679, -0.7933, -0.2193],
         [ 0.2309, -0.4093,  0.8827]]], device='cuda:0',
       grad_fn=<StackBackward0>)
0:05:55.176494 - fxfy tensor([[1762.6743, 1762.6741]], device='cuda:0')
0:05:55.179023 - TCO_gt tensor([[[-0.7893,  0.4511,  0.4165, -0.0100],
         [-0.5688, -0.7927, -0.2192,  0.0062],
         [ 0.2313, -0.4099,  0.8823,  0.1920],
         [ 0.0000,  0.0000,  0.0000,  1.0000]]], device='cuda:0')
0:05:55.179922 - TCO pred_orn tensor([[[-0.7900,  0.4506,  0.4156, -0.0100],
         [-0.5679, -0.7933, -0.2193,  0.0062],
         [ 0.2309, -0.4093,  0.8827,  0.1920],
         [ 0.0000,  0.0000,  0.0000,  1.0000]]], device='cuda:0',
       grad_fn=<CopySlices>)
0:05:55.180845 - TCO pred_xy tensor([[[-0.7893,  0.4511,  0.4165, -0.0070],
         [-0.5688, -0.7927, -0.2192,  0.0053],
         [ 0.2313, -0.4099,  0.8823,  0.1920],
         [ 0.0000,  0.0000,  0.0000,  1.0000]]], device='cuda:0',
       grad_fn=<CopySlices>)
0:05:55.181800 - TCO pred_z tensor([[[-0.7893,  0.4511,  0.4165, -0.0100],
         [-0.5688, -0.7927, -0.2192,  0.0062],
         [ 0.2313, -0.4099,  0.8823,  0.1766],
         [ 0.0000,  0.0000,  0.0000,  1.0000]]], device='cuda:0',
       grad_fn=<CopySlices>)
0:05:55.182433 - loss orn tensor([5.6155e-06], device='cuda:0', grad_fn=<MinBackward0>)
0:05:55.183045 - loss xy tensor([0.0013], device='cuda:0', grad_fn=<MinBackward0>)
0:05:55.183661 - loss z tensor([0.0051], device='cuda:0', grad_fn=<MinBackward0>)
  0%|                                        | 0/1 [00:00<?, ?it/s, loss=0.0064]100%|████████████████████████████████| 1/1 [00:00<00:00,  4.61it/s, loss=0.0064]100%|████████████████████████████████| 1/1 [00:00<00:00,  4.60it/s, loss=0.0064]
0:05:54.944128 - saving /home/ubuntu/synthetic_pose_estimation/cosypose/local_data/experiments/bracket_assembly_debug_nut_nosym_coarse_noaug--938962 676
  0%|                                                     | 0/1 [00:00<?, ?it/s]0:05:55.359333 - iteration 0
0:05:55.403180 - outputs, {'pose': tensor([[-1.0058, -0.7282,  0.2927,  0.5581, -0.6311, -0.4238,  4.0128, -1.6710,
          0.6029]], device='cuda:0', grad_fn=<AddmmBackward0>)}
0:05:55.404824 - model_outputs {'pose': tensor([[-1.0058, -0.7282,  0.2927,  0.5581, -0.6311, -0.4238,  4.0128, -1.6710,
          0.6029]], device='cuda:0', grad_fn=<AddmmBackward0>)}
0:05:55.405652 - K crop tensor([[[1.9470e+03, 0.0000e+00, 2.2911e+02],
         [0.0000e+00, 1.9470e+03, 5.3410e+01],
         [0.0000e+00, 0.0000e+00, 1.0000e+00]]], device='cuda:0')
0:05:55.406503 - TCO_input tensor([[[ 1.0000,  0.0000,  0.0000, -0.0115],
         [ 0.0000,  1.0000,  0.0000,  0.0109],
         [ 0.0000,  0.0000,  1.0000,  0.3220],
         [ 0.0000,  0.0000,  0.0000,  1.0000]]], device='cuda:0')
0:05:55.407972 - model tco output tensor([[[-0.7884,  0.4518,  0.4175, -0.0065],
         [-0.5708, -0.7904, -0.2225,  0.0064],
         [ 0.2295, -0.4137,  0.8810,  0.1941],
         [ 0.0000,  0.0000,  0.0000,  1.0000]]], device='cuda:0',
       grad_fn=<CopySlices>)
0:05:55.445809 - Wrote debug data: /home/ubuntu/synthetic_pose_estimation/cosypose/local_data/debug_data/debug_iter=1.pth.tar
0:05:55.656911 - TCO_input tensor([[[ 1.0000,  0.0000,  0.0000, -0.0115],
         [ 0.0000,  1.0000,  0.0000,  0.0109],
         [ 0.0000,  0.0000,  1.0000,  0.3220],
         [ 0.0000,  0.0000,  0.0000,  1.0000]]], device='cuda:0')
0:05:55.658026 - vxvyvz tensor([[ 4.0128, -1.6710,  0.6029]], device='cuda:0',
       grad_fn=<SliceBackward0>)
0:05:55.659066 - dR tensor([[[-0.7884,  0.4518,  0.4175],
         [-0.5708, -0.7904, -0.2225],
         [ 0.2295, -0.4137,  0.8810]]], device='cuda:0',
       grad_fn=<StackBackward0>)
0:05:55.659943 - fxfy tensor([[1946.9861, 1946.9865]], device='cuda:0')
0:05:55.662535 - TCO_gt tensor([[[-0.7893,  0.4511,  0.4165, -0.0100],
         [-0.5688, -0.7927, -0.2192,  0.0062],
         [ 0.2313, -0.4099,  0.8823,  0.1920],
         [ 0.0000,  0.0000,  0.0000,  1.0000]]], device='cuda:0')
0:05:55.663447 - TCO pred_orn tensor([[[-0.7884,  0.4518,  0.4175, -0.0100],
         [-0.5708, -0.7904, -0.2225,  0.0062],
         [ 0.2295, -0.4137,  0.8810,  0.1920],
         [ 0.0000,  0.0000,  0.0000,  1.0000]]], device='cuda:0',
       grad_fn=<CopySlices>)
0:05:55.664357 - TCO pred_xy tensor([[[-0.7893,  0.4511,  0.4165, -0.0065],
         [-0.5688, -0.7927, -0.2192,  0.0064],
         [ 0.2313, -0.4099,  0.8823,  0.1920],
         [ 0.0000,  0.0000,  0.0000,  1.0000]]], device='cuda:0',
       grad_fn=<CopySlices>)
0:05:55.665318 - TCO pred_z tensor([[[-0.7893,  0.4511,  0.4165, -0.0100],
         [-0.5688, -0.7927, -0.2192,  0.0062],
         [ 0.2313, -0.4099,  0.8823,  0.1941],
         [ 0.0000,  0.0000,  0.0000,  1.0000]]], device='cuda:0',
       grad_fn=<CopySlices>)
0:05:55.665963 - loss orn tensor([1.7449e-05], device='cuda:0', grad_fn=<MinBackward0>)
0:05:55.666583 - loss xy tensor([0.0012], device='cuda:0', grad_fn=<MinBackward0>)
0:05:55.667227 - loss z tensor([0.0007], device='cuda:0', grad_fn=<MinBackward0>)
  0%|                                       | 0/1 [00:00<?, ?it/s, loss=0.00197]100%|███████████████████████████████| 1/1 [00:00<00:00,  4.62it/s, loss=0.00197]100%|███████████████████████████████| 1/1 [00:00<00:00,  4.61it/s, loss=0.00197]
0:05:55.429759 - saving /home/ubuntu/synthetic_pose_estimation/cosypose/local_data/experiments/bracket_assembly_debug_nut_nosym_coarse_noaug--938962 677
  0%|                                                     | 0/1 [00:00<?, ?it/s]0:05:55.844898 - iteration 0
0:05:55.891048 - outputs, {'pose': tensor([[-1.0134, -0.7292,  0.3003,  0.5662, -0.6329, -0.4254,  4.0324, -1.6779,
          0.6183]], device='cuda:0', grad_fn=<AddmmBackward0>)}
0:05:55.893360 - model_outputs {'pose': tensor([[-1.0134, -0.7292,  0.3003,  0.5662, -0.6329, -0.4254,  4.0324, -1.6779,
          0.6183]], device='cuda:0', grad_fn=<AddmmBackward0>)}
0:05:55.894395 - K crop tensor([[[2.0112e+03, 0.0000e+00, 2.8477e+02],
         [0.0000e+00, 2.0112e+03, 4.2499e+01],
         [0.0000e+00, 0.0000e+00, 1.0000e+00]]], device='cuda:0')
0:05:55.895343 - TCO_input tensor([[[ 1.0000,  0.0000,  0.0000, -0.0207],
         [ 0.0000,  1.0000,  0.0000,  0.0128],
         [ 0.0000,  0.0000,  1.0000,  0.3330],
         [ 0.0000,  0.0000,  0.0000,  1.0000]]], device='cuda:0')
0:05:55.896955 - model tco output tensor([[[-0.7892,  0.4496,  0.4184, -0.0124],
         [-0.5679, -0.7936, -0.2184,  0.0077],
         [ 0.2338, -0.4099,  0.8816,  0.2059],
         [ 0.0000,  0.0000,  0.0000,  1.0000]]], device='cuda:0',
       grad_fn=<CopySlices>)
0:05:55.935760 - Wrote debug data: /home/ubuntu/synthetic_pose_estimation/cosypose/local_data/debug_data/debug_iter=1.pth.tar
0:05:56.150094 - TCO_input tensor([[[ 1.0000,  0.0000,  0.0000, -0.0207],
         [ 0.0000,  1.0000,  0.0000,  0.0128],
         [ 0.0000,  0.0000,  1.0000,  0.3330],
         [ 0.0000,  0.0000,  0.0000,  1.0000]]], device='cuda:0')
0:05:56.151179 - vxvyvz tensor([[ 4.0324, -1.6779,  0.6183]], device='cuda:0',
       grad_fn=<SliceBackward0>)
0:05:56.152220 - dR tensor([[[-0.7892,  0.4496,  0.4184],
         [-0.5679, -0.7936, -0.2184],
         [ 0.2338, -0.4099,  0.8816]]], device='cuda:0',
       grad_fn=<StackBackward0>)
0:05:56.153089 - fxfy tensor([[2011.2290, 2011.2290]], device='cuda:0')
0:05:56.155627 - TCO_gt tensor([[[-0.7893,  0.4511,  0.4165, -0.0100],
         [-0.5688, -0.7927, -0.2192,  0.0062],
         [ 0.2313, -0.4099,  0.8823,  0.1920],
         [ 0.0000,  0.0000,  0.0000,  1.0000]]], device='cuda:0')
0:05:56.156549 - TCO pred_orn tensor([[[-0.7892,  0.4496,  0.4184, -0.0100],
         [-0.5679, -0.7936, -0.2184,  0.0062],
         [ 0.2338, -0.4099,  0.8816,  0.1920],
         [ 0.0000,  0.0000,  0.0000,  1.0000]]], device='cuda:0',
       grad_fn=<CopySlices>)
0:05:56.157475 - TCO pred_xy tensor([[[-0.7893,  0.4511,  0.4165, -0.0116],
         [-0.5688, -0.7927, -0.2192,  0.0072],
         [ 0.2313, -0.4099,  0.8823,  0.1920],
         [ 0.0000,  0.0000,  0.0000,  1.0000]]], device='cuda:0',
       grad_fn=<CopySlices>)
0:05:56.158399 - TCO pred_z tensor([[[-0.7893,  0.4511,  0.4165, -0.0100],
         [-0.5688, -0.7927, -0.2192,  0.0062],
         [ 0.2313, -0.4099,  0.8823,  0.2059],
         [ 0.0000,  0.0000,  0.0000,  1.0000]]], device='cuda:0',
       grad_fn=<CopySlices>)
0:05:56.159031 - loss orn tensor([1.1409e-05], device='cuda:0', grad_fn=<MinBackward0>)
0:05:56.159646 - loss xy tensor([0.0009], device='cuda:0', grad_fn=<MinBackward0>)
0:05:56.160264 - loss z tensor([0.0047], device='cuda:0', grad_fn=<MinBackward0>)
  0%|                                       | 0/1 [00:00<?, ?it/s, loss=0.00552]100%|███████████████████████████████| 1/1 [00:00<00:00,  4.30it/s, loss=0.00552]100%|███████████████████████████████| 1/1 [00:00<00:00,  4.29it/s, loss=0.00552]
0:05:55.926121 - saving /home/ubuntu/synthetic_pose_estimation/cosypose/local_data/experiments/bracket_assembly_debug_nut_nosym_coarse_noaug--938962 678
  0%|                                                     | 0/1 [00:00<?, ?it/s]0:05:56.341274 - iteration 0
0:05:56.384721 - outputs, {'pose': tensor([[-1.0140, -0.7373,  0.2986,  0.5641, -0.6389, -0.4272,  4.0431, -1.6799,
          0.6328]], device='cuda:0', grad_fn=<AddmmBackward0>)}
0:05:56.386304 - model_outputs {'pose': tensor([[-1.0140, -0.7373,  0.2986,  0.5641, -0.6389, -0.4272,  4.0431, -1.6799,
          0.6328]], device='cuda:0', grad_fn=<AddmmBackward0>)}
0:05:56.387076 - K crop tensor([[[1.9659e+03, 0.0000e+00, 3.1083e+02],
         [0.0000e+00, 1.9659e+03, 5.9154e+01],
         [0.0000e+00, 0.0000e+00, 1.0000e+00]]], device='cuda:0')
0:05:56.387914 - TCO_input tensor([[[ 1.0000,  0.0000,  0.0000, -0.0250],
         [ 0.0000,  1.0000,  0.0000,  0.0100],
         [ 0.0000,  0.0000,  1.0000,  0.3247],
         [ 0.0000,  0.0000,  0.0000,  1.0000]]], device='cuda:0')
0:05:56.389059 - model tco output tensor([[[-0.7868,  0.4533,  0.4190, -0.0154],
         [-0.5721, -0.7903, -0.2193,  0.0061],
         [ 0.2317, -0.4122,  0.8811,  0.2055],
         [ 0.0000,  0.0000,  0.0000,  1.0000]]], device='cuda:0',
       grad_fn=<CopySlices>)
0:05:56.427214 - Wrote debug data: /home/ubuntu/synthetic_pose_estimation/cosypose/local_data/debug_data/debug_iter=1.pth.tar
0:05:56.639070 - TCO_input tensor([[[ 1.0000,  0.0000,  0.0000, -0.0250],
         [ 0.0000,  1.0000,  0.0000,  0.0100],
         [ 0.0000,  0.0000,  1.0000,  0.3247],
         [ 0.0000,  0.0000,  0.0000,  1.0000]]], device='cuda:0')
0:05:56.640015 - vxvyvz tensor([[ 4.0431, -1.6799,  0.6328]], device='cuda:0',
       grad_fn=<SliceBackward0>)
0:05:56.640985 - dR tensor([[[-0.7868,  0.4533,  0.4190],
         [-0.5721, -0.7903, -0.2193],
         [ 0.2317, -0.4122,  0.8811]]], device='cuda:0',
       grad_fn=<StackBackward0>)
0:05:56.641864 - fxfy tensor([[1965.9203, 1965.9208]], device='cuda:0')
0:05:56.644323 - TCO_gt tensor([[[-0.7893,  0.4511,  0.4165, -0.0100],
         [-0.5688, -0.7927, -0.2192,  0.0062],
         [ 0.2313, -0.4099,  0.8823,  0.1920],
         [ 0.0000,  0.0000,  0.0000,  1.0000]]], device='cuda:0')
0:05:56.645274 - TCO pred_orn tensor([[[-0.7868,  0.4533,  0.4190, -0.0100],
         [-0.5721, -0.7903, -0.2193,  0.0062],
         [ 0.2317, -0.4122,  0.8811,  0.1920],
         [ 0.0000,  0.0000,  0.0000,  1.0000]]], device='cuda:0',
       grad_fn=<CopySlices>)
0:05:56.646163 - TCO pred_xy tensor([[[-0.7893,  0.4511,  0.4165, -0.0144],
         [-0.5688, -0.7927, -0.2192,  0.0057],
         [ 0.2313, -0.4099,  0.8823,  0.1920],
         [ 0.0000,  0.0000,  0.0000,  1.0000]]], device='cuda:0',
       grad_fn=<CopySlices>)
0:05:56.647068 - TCO pred_z tensor([[[-0.7893,  0.4511,  0.4165, -0.0100],
         [-0.5688, -0.7927, -0.2192,  0.0062],
         [ 0.2313, -0.4099,  0.8823,  0.2055],
         [ 0.0000,  0.0000,  0.0000,  1.0000]]], device='cuda:0',
       grad_fn=<CopySlices>)
0:05:56.647694 - loss orn tensor([1.9781e-05], device='cuda:0', grad_fn=<MinBackward0>)
0:05:56.648310 - loss xy tensor([0.0016], device='cuda:0', grad_fn=<MinBackward0>)
0:05:56.648947 - loss z tensor([0.0045], device='cuda:0', grad_fn=<MinBackward0>)
  0%|                                       | 0/1 [00:00<?, ?it/s, loss=0.00613]100%|███████████████████████████████| 1/1 [00:00<00:00,  4.64it/s, loss=0.00613]100%|███████████████████████████████| 1/1 [00:00<00:00,  4.63it/s, loss=0.00613]
0:05:56.410357 - saving /home/ubuntu/synthetic_pose_estimation/cosypose/local_data/experiments/bracket_assembly_debug_nut_nosym_coarse_noaug--938962 679
  0%|                                                     | 0/1 [00:00<?, ?it/s]0:05:56.825714 - iteration 0
0:05:56.869223 - outputs, {'pose': tensor([[-1.0034, -0.7234,  0.2999,  0.5551, -0.6308, -0.4096,  4.0018, -1.6635,
          0.5919]], device='cuda:0', grad_fn=<AddmmBackward0>)}
0:05:56.870836 - model_outputs {'pose': tensor([[-1.0034, -0.7234,  0.2999,  0.5551, -0.6308, -0.4096,  4.0018, -1.6635,
          0.5919]], device='cuda:0', grad_fn=<AddmmBackward0>)}
0:05:56.871608 - K crop tensor([[[1.9176e+03, 0.0000e+00, 2.8174e+02],
         [0.0000e+00, 1.9176e+03, 3.6654e+01],
         [0.0000e+00, 0.0000e+00, 1.0000e+00]]], device='cuda:0')
0:05:56.872453 - TCO_input tensor([[[ 1.0000,  0.0000,  0.0000, -0.0203],
         [ 0.0000,  1.0000,  0.0000,  0.0138],
         [ 0.0000,  0.0000,  1.0000,  0.3184],
         [ 0.0000,  0.0000,  0.0000,  1.0000]]], device='cuda:0')
0:05:56.874338 - model tco output tensor([[[-0.7883,  0.4538,  0.4154, -0.0116],
         [-0.5683, -0.7957, -0.2092,  0.0080],
         [ 0.2356, -0.4011,  0.8852,  0.1885],
         [ 0.0000,  0.0000,  0.0000,  1.0000]]], device='cuda:0',
       grad_fn=<CopySlices>)
0:05:56.914238 - Wrote debug data: /home/ubuntu/synthetic_pose_estimation/cosypose/local_data/debug_data/debug_iter=1.pth.tar
0:05:57.129462 - TCO_input tensor([[[ 1.0000,  0.0000,  0.0000, -0.0203],
         [ 0.0000,  1.0000,  0.0000,  0.0138],
         [ 0.0000,  0.0000,  1.0000,  0.3184],
         [ 0.0000,  0.0000,  0.0000,  1.0000]]], device='cuda:0')
0:05:57.130433 - vxvyvz tensor([[ 4.0018, -1.6635,  0.5919]], device='cuda:0',
       grad_fn=<SliceBackward0>)
0:05:57.131433 - dR tensor([[[-0.7883,  0.4538,  0.4154],
         [-0.5683, -0.7957, -0.2092],
         [ 0.2356, -0.4011,  0.8852]]], device='cuda:0',
       grad_fn=<StackBackward0>)
0:05:57.132307 - fxfy tensor([[1917.5870, 1917.5874]], device='cuda:0')
0:05:57.134805 - TCO_gt tensor([[[-0.7893,  0.4511,  0.4165, -0.0100],
         [-0.5688, -0.7927, -0.2192,  0.0062],
         [ 0.2313, -0.4099,  0.8823,  0.1920],
         [ 0.0000,  0.0000,  0.0000,  1.0000]]], device='cuda:0')
0:05:57.135725 - TCO pred_orn tensor([[[-0.7883,  0.4538,  0.4154, -0.0100],
         [-0.5683, -0.7957, -0.2092,  0.0062],
         [ 0.2356, -0.4011,  0.8852,  0.1920],
         [ 0.0000,  0.0000,  0.0000,  1.0000]]], device='cuda:0',
       grad_fn=<CopySlices>)
0:05:57.136649 - TCO pred_xy tensor([[[-0.7893,  0.4511,  0.4165, -0.0118],
         [-0.5688, -0.7927, -0.2192,  0.0081],
         [ 0.2313, -0.4099,  0.8823,  0.1920],
         [ 0.0000,  0.0000,  0.0000,  1.0000]]], device='cuda:0',
       grad_fn=<CopySlices>)
0:05:57.137570 - TCO pred_z tensor([[[-0.7893,  0.4511,  0.4165, -0.0100],
         [-0.5688, -0.7927, -0.2192,  0.0062],
         [ 0.2313, -0.4099,  0.8823,  0.1885],
         [ 0.0000,  0.0000,  0.0000,  1.0000]]], device='cuda:0',
       grad_fn=<CopySlices>)
0:05:57.138203 - loss orn tensor([3.9722e-05], device='cuda:0', grad_fn=<MinBackward0>)
0:05:57.138820 - loss xy tensor([0.0013], device='cuda:0', grad_fn=<MinBackward0>)
0:05:57.139437 - loss z tensor([0.0012], device='cuda:0', grad_fn=<MinBackward0>)
  0%|                                       | 0/1 [00:00<?, ?it/s, loss=0.00247]100%|███████████████████████████████| 1/1 [00:00<00:00,  4.53it/s, loss=0.00247]100%|███████████████████████████████| 1/1 [00:00<00:00,  4.52it/s, loss=0.00247]
  0%|                                                     | 0/1 [00:00<?, ?it/s]0:05:57.046397 - iteration 0
0:05:57.082945 - outputs, {'pose': tensor([[-0.8485, -0.5516,  0.3509,  0.6520, -0.4326, -0.2740,  2.8788, -1.5321,
          0.8335]], device='cuda:0')}
0:05:57.084375 - model_outputs {'pose': tensor([[-0.8485, -0.5516,  0.3509,  0.6520, -0.4326, -0.2740,  2.8788, -1.5321,
          0.8335]], device='cuda:0')}
0:05:57.085134 - K crop tensor([[[1.8950e+03, 0.0000e+00, 2.9989e+02],
         [0.0000e+00, 1.8950e+03, 1.0336e+02],
         [0.0000e+00, 0.0000e+00, 1.0000e+00]]], device='cuda:0')
0:05:57.085978 - TCO_input tensor([[[ 1.0000,  0.0000,  0.0000, -0.0230],
         [ 0.0000,  1.0000,  0.0000,  0.0026],
         [ 0.0000,  0.0000,  1.0000,  0.3104],
         [ 0.0000,  0.0000,  0.0000,  1.0000]]], device='cuda:0')
0:05:57.086849 - model tco output tensor([[[-0.7921,  0.4738,  0.3848, -0.0188],
         [-0.5150, -0.8572, -0.0047,  0.0020],
         [ 0.3276, -0.2019,  0.9230,  0.2587],
         [ 0.0000,  0.0000,  0.0000,  1.0000]]], device='cuda:0')
0:05:57.124045 - Wrote debug data: /home/ubuntu/synthetic_pose_estimation/cosypose/local_data/debug_data/debug_iter=1.pth.tar
0:05:57.337339 - TCO_input tensor([[[ 1.0000,  0.0000,  0.0000, -0.0230],
         [ 0.0000,  1.0000,  0.0000,  0.0026],
         [ 0.0000,  0.0000,  1.0000,  0.3104],
         [ 0.0000,  0.0000,  0.0000,  1.0000]]], device='cuda:0')
0:05:57.338338 - vxvyvz tensor([[ 2.8788, -1.5321,  0.8335]], device='cuda:0')
0:05:57.339320 - dR tensor([[[-0.7921,  0.4738,  0.3848],
         [-0.5150, -0.8572, -0.0047],
         [ 0.3276, -0.2019,  0.9230]]], device='cuda:0')
0:05:57.340196 - fxfy tensor([[1894.9937, 1894.9940]], device='cuda:0')
0:05:57.342578 - TCO_gt tensor([[[-0.7893,  0.4511,  0.4165, -0.0100],
         [-0.5688, -0.7927, -0.2192,  0.0062],
         [ 0.2313, -0.4099,  0.8823,  0.1920],
         [ 0.0000,  0.0000,  0.0000,  1.0000]]], device='cuda:0')
0:05:57.343484 - TCO pred_orn tensor([[[-0.7921,  0.4738,  0.3848, -0.0100],
         [-0.5150, -0.8572, -0.0047,  0.0062],
         [ 0.3276, -0.2019,  0.9230,  0.1920],
         [ 0.0000,  0.0000,  0.0000,  1.0000]]], device='cuda:0')
0:05:57.344380 - TCO pred_xy tensor([[[-0.7893,  0.4511,  0.4165, -0.0139],
         [-0.5688, -0.7927, -0.2192,  0.0015],
         [ 0.2313, -0.4099,  0.8823,  0.1920],
         [ 0.0000,  0.0000,  0.0000,  1.0000]]], device='cuda:0')
0:05:57.345329 - TCO pred_z tensor([[[-0.7893,  0.4511,  0.4165, -0.0100],
         [-0.5688, -0.7927, -0.2192,  0.0062],
         [ 0.2313, -0.4099,  0.8823,  0.2587],
         [ 0.0000,  0.0000,  0.0000,  1.0000]]], device='cuda:0')
0:05:57.345954 - loss orn tensor([0.0008], device='cuda:0')
0:05:57.346570 - loss xy tensor([0.0029], device='cuda:0')
0:05:57.347205 - loss z tensor([0.0222], device='cuda:0')
100%|█████████████████████████████████████████████| 1/1 [00:00<00:00,  8.36it/s]100%|█████████████████████████████████████████████| 1/1 [00:00<00:00,  8.34it/s]
0:05:57.019047 - saving /home/ubuntu/synthetic_pose_estimation/cosypose/local_data/experiments/bracket_assembly_debug_nut_nosym_coarse_noaug--938962 680
  0%|                                                     | 0/1 [00:00<?, ?it/s]0:05:57.430924 - iteration 0
0:05:57.475024 - outputs, {'pose': tensor([[-1.0201, -0.7307,  0.2992,  0.5667, -0.6356, -0.4248,  4.0482, -1.6804,
          0.6276]], device='cuda:0', grad_fn=<AddmmBackward0>)}
0:05:57.476662 - model_outputs {'pose': tensor([[-1.0201, -0.7307,  0.2992,  0.5667, -0.6356, -0.4248,  4.0482, -1.6804,
          0.6276]], device='cuda:0', grad_fn=<AddmmBackward0>)}
0:05:57.477453 - K crop tensor([[[1.8878e+03, 0.0000e+00, 2.9285e+02],
         [0.0000e+00, 1.8878e+03, 7.6397e+01],
         [0.0000e+00, 0.0000e+00, 1.0000e+00]]], device='cuda:0')
0:05:57.478326 - TCO_input tensor([[[ 1.0000,  0.0000,  0.0000, -0.0220],
         [ 0.0000,  1.0000,  0.0000,  0.0071],
         [ 0.0000,  0.0000,  1.0000,  0.3110],
         [ 0.0000,  0.0000,  0.0000,  1.0000]]], device='cuda:0')
0:05:57.479219 - model tco output tensor([[[-0.7908,  0.4491,  0.4159, -0.0134],
         [-0.5664, -0.7944, -0.2192,  0.0043],
         [ 0.2319, -0.4089,  0.8826,  0.1952],
         [ 0.0000,  0.0000,  0.0000,  1.0000]]], device='cuda:0',
       grad_fn=<CopySlices>)
0:05:57.518336 - Wrote debug data: /home/ubuntu/synthetic_pose_estimation/cosypose/local_data/debug_data/debug_iter=1.pth.tar
0:05:57.731483 - TCO_input tensor([[[ 1.0000,  0.0000,  0.0000, -0.0220],
         [ 0.0000,  1.0000,  0.0000,  0.0071],
         [ 0.0000,  0.0000,  1.0000,  0.3110],
         [ 0.0000,  0.0000,  0.0000,  1.0000]]], device='cuda:0')
0:05:57.732585 - vxvyvz tensor([[ 4.0482, -1.6804,  0.6276]], device='cuda:0',
       grad_fn=<SliceBackward0>)
0:05:57.733664 - dR tensor([[[-0.7908,  0.4491,  0.4159],
         [-0.5664, -0.7944, -0.2192],
         [ 0.2319, -0.4089,  0.8826]]], device='cuda:0',
       grad_fn=<StackBackward0>)
0:05:57.734542 - fxfy tensor([[1887.7891, 1887.7891]], device='cuda:0')
0:05:57.737029 - TCO_gt tensor([[[-0.7893,  0.4511,  0.4165, -0.0100],
         [-0.5688, -0.7927, -0.2192,  0.0062],
         [ 0.2313, -0.4099,  0.8823,  0.1920],
         [ 0.0000,  0.0000,  0.0000,  1.0000]]], device='cuda:0')
0:05:57.737958 - TCO pred_orn tensor([[[-0.7908,  0.4491,  0.4159, -0.0100],
         [-0.5664, -0.7944, -0.2192,  0.0062],
         [ 0.2319, -0.4089,  0.8826,  0.1920],
         [ 0.0000,  0.0000,  0.0000,  1.0000]]], device='cuda:0',
       grad_fn=<CopySlices>)
0:05:57.738883 - TCO pred_xy tensor([[[-0.7893,  0.4511,  0.4165, -0.0131],
         [-0.5688, -0.7927, -0.2192,  0.0042],
         [ 0.2313, -0.4099,  0.8823,  0.1920],
         [ 0.0000,  0.0000,  0.0000,  1.0000]]], device='cuda:0',
       grad_fn=<CopySlices>)
0:05:57.739780 - TCO pred_z tensor([[[-0.7893,  0.4511,  0.4165, -0.0100],
         [-0.5688, -0.7927, -0.2192,  0.0062],
         [ 0.2313, -0.4099,  0.8823,  0.1952],
         [ 0.0000,  0.0000,  0.0000,  1.0000]]], device='cuda:0',
       grad_fn=<CopySlices>)
0:05:57.740412 - loss orn tensor([1.3108e-05], device='cuda:0', grad_fn=<MinBackward0>)
0:05:57.741041 - loss xy tensor([0.0017], device='cuda:0', grad_fn=<MinBackward0>)
0:05:57.741687 - loss z tensor([0.0011], device='cuda:0', grad_fn=<MinBackward0>)
  0%|                                       | 0/1 [00:00<?, ?it/s, loss=0.00279]100%|███████████████████████████████| 1/1 [00:00<00:00,  4.65it/s, loss=0.00279]100%|███████████████████████████████| 1/1 [00:00<00:00,  4.64it/s, loss=0.00279]
0:05:57.503500 - saving /home/ubuntu/synthetic_pose_estimation/cosypose/local_data/experiments/bracket_assembly_debug_nut_nosym_coarse_noaug--938962 681
  0%|                                                     | 0/1 [00:00<?, ?it/s]0:05:57.918916 - iteration 0
0:05:57.962353 - outputs, {'pose': tensor([[-1.0197, -0.7313,  0.2967,  0.5696, -0.6349, -0.4273,  4.0370, -1.6818,
          0.6194]], device='cuda:0', grad_fn=<AddmmBackward0>)}
0:05:57.963945 - model_outputs {'pose': tensor([[-1.0197, -0.7313,  0.2967,  0.5696, -0.6349, -0.4273,  4.0370, -1.6818,
          0.6194]], device='cuda:0', grad_fn=<AddmmBackward0>)}
0:05:57.964723 - K crop tensor([[[1.8562e+03, 0.0000e+00, 2.8403e+02],
         [0.0000e+00, 1.8562e+03, 3.9926e+01],
         [0.0000e+00, 0.0000e+00, 1.0000e+00]]], device='cuda:0')
0:05:57.965600 - TCO_input tensor([[[ 1.0000,  0.0000,  0.0000, -0.0207],
         [ 0.0000,  1.0000,  0.0000,  0.0132],
         [ 0.0000,  0.0000,  1.0000,  0.3084],
         [ 0.0000,  0.0000,  0.0000,  1.0000]]], device='cuda:0')
0:05:57.966807 - model tco output tensor([[[-0.7908,  0.4495,  0.4154, -0.0124],
         [-0.5672, -0.7933, -0.2212,  0.0080],
         [ 0.2301, -0.4105,  0.8823,  0.1910],
         [ 0.0000,  0.0000,  0.0000,  1.0000]]], device='cuda:0',
       grad_fn=<CopySlices>)
0:05:58.005396 - Wrote debug data: /home/ubuntu/synthetic_pose_estimation/cosypose/local_data/debug_data/debug_iter=1.pth.tar
0:05:58.219059 - TCO_input tensor([[[ 1.0000,  0.0000,  0.0000, -0.0207],
         [ 0.0000,  1.0000,  0.0000,  0.0132],
         [ 0.0000,  0.0000,  1.0000,  0.3084],
         [ 0.0000,  0.0000,  0.0000,  1.0000]]], device='cuda:0')
0:05:58.220057 - vxvyvz tensor([[ 4.0370, -1.6818,  0.6194]], device='cuda:0',
       grad_fn=<SliceBackward0>)
0:05:58.221067 - dR tensor([[[-0.7908,  0.4495,  0.4154],
         [-0.5672, -0.7933, -0.2212],
         [ 0.2301, -0.4105,  0.8823]]], device='cuda:0',
       grad_fn=<StackBackward0>)
0:05:58.221969 - fxfy tensor([[1856.2050, 1856.2053]], device='cuda:0')
0:05:58.224450 - TCO_gt tensor([[[-0.7893,  0.4511,  0.4165, -0.0100],
         [-0.5688, -0.7927, -0.2192,  0.0062],
         [ 0.2313, -0.4099,  0.8823,  0.1920],
         [ 0.0000,  0.0000,  0.0000,  1.0000]]], device='cuda:0')
0:05:58.225398 - TCO pred_orn tensor([[[-0.7908,  0.4495,  0.4154, -0.0100],
         [-0.5672, -0.7933, -0.2212,  0.0062],
         [ 0.2301, -0.4105,  0.8823,  0.1920],
         [ 0.0000,  0.0000,  0.0000,  1.0000]]], device='cuda:0',
       grad_fn=<CopySlices>)
0:05:58.226320 - TCO pred_xy tensor([[[-0.7893,  0.4511,  0.4165, -0.0125],
         [-0.5688, -0.7927, -0.2192,  0.0081],
         [ 0.2313, -0.4099,  0.8823,  0.1920],
         [ 0.0000,  0.0000,  0.0000,  1.0000]]], device='cuda:0',
       grad_fn=<CopySlices>)
0:05:58.227203 - TCO pred_z tensor([[[-0.7893,  0.4511,  0.4165, -0.0100],
         [-0.5688, -0.7927, -0.2192,  0.0062],
         [ 0.2313, -0.4099,  0.8823,  0.1910],
         [ 0.0000,  0.0000,  0.0000,  1.0000]]], device='cuda:0',
       grad_fn=<CopySlices>)
0:05:58.227828 - loss orn tensor([1.1059e-05], device='cuda:0', grad_fn=<MinBackward0>)
0:05:58.228429 - loss xy tensor([0.0014], device='cuda:0', grad_fn=<MinBackward0>)
0:05:58.229044 - loss z tensor([0.0003], device='cuda:0', grad_fn=<MinBackward0>)
  0%|                                       | 0/1 [00:00<?, ?it/s, loss=0.00178]100%|███████████████████████████████| 1/1 [00:00<00:00,  4.57it/s, loss=0.00178]100%|███████████████████████████████| 1/1 [00:00<00:00,  4.57it/s, loss=0.00178]
0:05:57.985304 - saving /home/ubuntu/synthetic_pose_estimation/cosypose/local_data/experiments/bracket_assembly_debug_nut_nosym_coarse_noaug--938962 682
  0%|                                                     | 0/1 [00:00<?, ?it/s]0:05:58.400480 - iteration 0
0:05:58.443942 - outputs, {'pose': tensor([[-1.0176, -0.7289,  0.2955,  0.5667, -0.6312, -0.4224,  4.0368, -1.6750,
          0.6107]], device='cuda:0', grad_fn=<AddmmBackward0>)}
0:05:58.445529 - model_outputs {'pose': tensor([[-1.0176, -0.7289,  0.2955,  0.5667, -0.6312, -0.4224,  4.0368, -1.6750,
          0.6107]], device='cuda:0', grad_fn=<AddmmBackward0>)}
0:05:58.446307 - K crop tensor([[[2.0377e+03, 0.0000e+00, 2.7359e+02],
         [0.0000e+00, 2.0377e+03, 2.4336e+01],
         [0.0000e+00, 0.0000e+00, 1.0000e+00]]], device='cuda:0')
0:05:58.447152 - TCO_input tensor([[[ 1.0000,  0.0000,  0.0000, -0.0190],
         [ 0.0000,  1.0000,  0.0000,  0.0158],
         [ 0.0000,  0.0000,  1.0000,  0.3385],
         [ 0.0000,  0.0000,  0.0000,  1.0000]]], device='cuda:0')
0:05:58.448617 - model tco output tensor([[[-0.7912,  0.4503,  0.4138, -0.0112],
         [-0.5668, -0.7941, -0.2196,  0.0095],
         [ 0.2297, -0.4083,  0.8835,  0.2067],
         [ 0.0000,  0.0000,  0.0000,  1.0000]]], device='cuda:0',
       grad_fn=<CopySlices>)
0:05:58.486743 - Wrote debug data: /home/ubuntu/synthetic_pose_estimation/cosypose/local_data/debug_data/debug_iter=1.pth.tar
0:05:58.698468 - TCO_input tensor([[[ 1.0000,  0.0000,  0.0000, -0.0190],
         [ 0.0000,  1.0000,  0.0000,  0.0158],
         [ 0.0000,  0.0000,  1.0000,  0.3385],
         [ 0.0000,  0.0000,  0.0000,  1.0000]]], device='cuda:0')
0:05:58.699432 - vxvyvz tensor([[ 4.0368, -1.6750,  0.6107]], device='cuda:0',
       grad_fn=<SliceBackward0>)
0:05:58.700414 - dR tensor([[[-0.7912,  0.4503,  0.4138],
         [-0.5668, -0.7941, -0.2196],
         [ 0.2297, -0.4083,  0.8835]]], device='cuda:0',
       grad_fn=<StackBackward0>)
0:05:58.701309 - fxfy tensor([[2037.6815, 2037.6814]], device='cuda:0')
0:05:58.703776 - TCO_gt tensor([[[-0.7893,  0.4511,  0.4165, -0.0100],
         [-0.5688, -0.7927, -0.2192,  0.0062],
         [ 0.2313, -0.4099,  0.8823,  0.1920],
         [ 0.0000,  0.0000,  0.0000,  1.0000]]], device='cuda:0')
0:05:58.704680 - TCO pred_orn tensor([[[-0.7912,  0.4503,  0.4138, -0.0100],
         [-0.5668, -0.7941, -0.2196,  0.0062],
         [ 0.2297, -0.4083,  0.8835,  0.1920],
         [ 0.0000,  0.0000,  0.0000,  1.0000]]], device='cuda:0',
       grad_fn=<CopySlices>)
0:05:58.705622 - TCO pred_xy tensor([[[-0.7893,  0.4511,  0.4165, -0.0104],
         [-0.5688, -0.7927, -0.2192,  0.0088],
         [ 0.2313, -0.4099,  0.8823,  0.1920],
         [ 0.0000,  0.0000,  0.0000,  1.0000]]], device='cuda:0',
       grad_fn=<CopySlices>)
0:05:58.706524 - TCO pred_z tensor([[[-0.7893,  0.4511,  0.4165, -0.0100],
         [-0.5688, -0.7927, -0.2192,  0.0062],
         [ 0.2313, -0.4099,  0.8823,  0.2067],
         [ 0.0000,  0.0000,  0.0000,  1.0000]]], device='cuda:0',
       grad_fn=<CopySlices>)
0:05:58.707155 - loss orn tensor([1.4369e-05], device='cuda:0', grad_fn=<MinBackward0>)
0:05:58.707778 - loss xy tensor([0.0010], device='cuda:0', grad_fn=<MinBackward0>)
0:05:58.708396 - loss z tensor([0.0049], device='cuda:0', grad_fn=<MinBackward0>)
  0%|                                       | 0/1 [00:00<?, ?it/s, loss=0.00592]100%|███████████████████████████████| 1/1 [00:00<00:00,  4.57it/s, loss=0.00592]100%|███████████████████████████████| 1/1 [00:00<00:00,  4.56it/s, loss=0.00592]
0:05:58.468467 - saving /home/ubuntu/synthetic_pose_estimation/cosypose/local_data/experiments/bracket_assembly_debug_nut_nosym_coarse_noaug--938962 683
  0%|                                                     | 0/1 [00:00<?, ?it/s]0:05:58.883608 - iteration 0
0:05:58.927097 - outputs, {'pose': tensor([[-1.0133, -0.7303,  0.3031,  0.5621, -0.6356, -0.4239,  4.0448, -1.6858,
          0.6198]], device='cuda:0', grad_fn=<AddmmBackward0>)}
0:05:58.928645 - model_outputs {'pose': tensor([[-1.0133, -0.7303,  0.3031,  0.5621, -0.6356, -0.4239,  4.0448, -1.6858,
          0.6198]], device='cuda:0', grad_fn=<AddmmBackward0>)}
0:05:58.929428 - K crop tensor([[[1.8362e+03, 0.0000e+00, 2.2420e+02],
         [0.0000e+00, 1.8362e+03, 5.7421e+01],
         [0.0000e+00, 0.0000e+00, 1.0000e+00]]], device='cuda:0')
0:05:58.930295 - TCO_input tensor([[[ 1.0000,  0.0000,  0.0000, -0.0107],
         [ 0.0000,  1.0000,  0.0000,  0.0103],
         [ 0.0000,  0.0000,  1.0000,  0.3040],
         [ 0.0000,  0.0000,  0.0000,  1.0000]]], device='cuda:0')
0:05:58.931184 - model tco output tensor([[[-0.7884,  0.4498,  0.4197, -0.0062],
         [-0.5682, -0.7938, -0.2166,  0.0062],
         [ 0.2358, -0.4093,  0.8814,  0.1884],
         [ 0.0000,  0.0000,  0.0000,  1.0000]]], device='cuda:0',
       grad_fn=<CopySlices>)
0:05:58.969694 - Wrote debug data: /home/ubuntu/synthetic_pose_estimation/cosypose/local_data/debug_data/debug_iter=1.pth.tar
0:05:59.182631 - TCO_input tensor([[[ 1.0000,  0.0000,  0.0000, -0.0107],
         [ 0.0000,  1.0000,  0.0000,  0.0103],
         [ 0.0000,  0.0000,  1.0000,  0.3040],
         [ 0.0000,  0.0000,  0.0000,  1.0000]]], device='cuda:0')
0:05:59.183608 - vxvyvz tensor([[ 4.0448, -1.6858,  0.6198]], device='cuda:0',
       grad_fn=<SliceBackward0>)
0:05:59.184617 - dR tensor([[[-0.7884,  0.4498,  0.4197],
         [-0.5682, -0.7938, -0.2166],
         [ 0.2358, -0.4093,  0.8814]]], device='cuda:0',
       grad_fn=<StackBackward0>)
0:05:59.185506 - fxfy tensor([[1836.2487, 1836.2489]], device='cuda:0')
0:05:59.187995 - TCO_gt tensor([[[-0.7893,  0.4511,  0.4165, -0.0100],
         [-0.5688, -0.7927, -0.2192,  0.0062],
         [ 0.2313, -0.4099,  0.8823,  0.1920],
         [ 0.0000,  0.0000,  0.0000,  1.0000]]], device='cuda:0')
0:05:59.188927 - TCO pred_orn tensor([[[-0.7884,  0.4498,  0.4197, -0.0100],
         [-0.5682, -0.7938, -0.2166,  0.0062],
         [ 0.2358, -0.4093,  0.8814,  0.1920],
         [ 0.0000,  0.0000,  0.0000,  1.0000]]], device='cuda:0',
       grad_fn=<CopySlices>)
0:05:59.189848 - TCO pred_xy tensor([[[-0.7893,  0.4511,  0.4165, -0.0063],
         [-0.5688, -0.7927, -0.2192,  0.0063],
         [ 0.2313, -0.4099,  0.8823,  0.1920],
         [ 0.0000,  0.0000,  0.0000,  1.0000]]], device='cuda:0',
       grad_fn=<CopySlices>)
0:05:59.190734 - TCO pred_z tensor([[[-0.7893,  0.4511,  0.4165, -0.0100],
         [-0.5688, -0.7927, -0.2192,  0.0062],
         [ 0.2313, -0.4099,  0.8823,  0.1884],
         [ 0.0000,  0.0000,  0.0000,  1.0000]]], device='cuda:0',
       grad_fn=<CopySlices>)
0:05:59.191366 - loss orn tensor([1.8006e-05], device='cuda:0', grad_fn=<MinBackward0>)
0:05:59.191983 - loss xy tensor([0.0013], device='cuda:0', grad_fn=<MinBackward0>)
0:05:59.192600 - loss z tensor([0.0012], device='cuda:0', grad_fn=<MinBackward0>)
  0%|                                       | 0/1 [00:00<?, ?it/s, loss=0.00247]100%|███████████████████████████████| 1/1 [00:00<00:00,  4.62it/s, loss=0.00247]100%|███████████████████████████████| 1/1 [00:00<00:00,  4.61it/s, loss=0.00247]
0:05:59.001979 - saving /home/ubuntu/synthetic_pose_estimation/cosypose/local_data/experiments/bracket_assembly_debug_nut_nosym_coarse_noaug--938962 684
  0%|                                                     | 0/1 [00:00<?, ?it/s]0:05:59.417342 - iteration 0
0:05:59.461155 - outputs, {'pose': tensor([[-1.0072, -0.7378,  0.3034,  0.5670, -0.6325, -0.4296,  4.0328, -1.6803,
          0.6157]], device='cuda:0', grad_fn=<AddmmBackward0>)}
0:05:59.462798 - model_outputs {'pose': tensor([[-1.0072, -0.7378,  0.3034,  0.5670, -0.6325, -0.4296,  4.0328, -1.6803,
          0.6157]], device='cuda:0', grad_fn=<AddmmBackward0>)}
0:05:59.463591 - K crop tensor([[[1.7002e+03, 0.0000e+00, 2.2521e+02],
         [0.0000e+00, 1.7002e+03, 2.9057e+01],
         [0.0000e+00, 0.0000e+00, 1.0000e+00]]], device='cuda:0')
0:05:59.464445 - TCO_input tensor([[[ 1.0000,  0.0000,  0.0000, -0.0110],
         [ 0.0000,  1.0000,  0.0000,  0.0151],
         [ 0.0000,  0.0000,  1.0000,  0.2841],
         [ 0.0000,  0.0000,  0.0000,  1.0000]]], device='cuda:0')
0:05:59.465963 - model tco output tensor([[[-0.7839,  0.4537,  0.4239, -0.0063],
         [-0.5743, -0.7894, -0.2171,  0.0091],
         [ 0.2361, -0.4136,  0.8793,  0.1749],
         [ 0.0000,  0.0000,  0.0000,  1.0000]]], device='cuda:0',
       grad_fn=<CopySlices>)
0:05:59.505922 - Wrote debug data: /home/ubuntu/synthetic_pose_estimation/cosypose/local_data/debug_data/debug_iter=1.pth.tar
0:05:59.721488 - TCO_input tensor([[[ 1.0000,  0.0000,  0.0000, -0.0110],
         [ 0.0000,  1.0000,  0.0000,  0.0151],
         [ 0.0000,  0.0000,  1.0000,  0.2841],
         [ 0.0000,  0.0000,  0.0000,  1.0000]]], device='cuda:0')
0:05:59.722463 - vxvyvz tensor([[ 4.0328, -1.6803,  0.6157]], device='cuda:0',
       grad_fn=<SliceBackward0>)
0:05:59.723449 - dR tensor([[[-0.7839,  0.4537,  0.4239],
         [-0.5743, -0.7894, -0.2171],
         [ 0.2361, -0.4136,  0.8793]]], device='cuda:0',
       grad_fn=<StackBackward0>)
0:05:59.724301 - fxfy tensor([[1700.2189, 1700.2190]], device='cuda:0')
0:05:59.726846 - TCO_gt tensor([[[-0.7893,  0.4511,  0.4165, -0.0100],
         [-0.5688, -0.7927, -0.2192,  0.0062],
         [ 0.2313, -0.4099,  0.8823,  0.1920],
         [ 0.0000,  0.0000,  0.0000,  1.0000]]], device='cuda:0')
0:05:59.727750 - TCO pred_orn tensor([[[-0.7839,  0.4537,  0.4239, -0.0100],
         [-0.5743, -0.7894, -0.2171,  0.0062],
         [ 0.2361, -0.4136,  0.8793,  0.1920],
         [ 0.0000,  0.0000,  0.0000,  1.0000]]], device='cuda:0',
       grad_fn=<CopySlices>)
0:05:59.728652 - TCO pred_xy tensor([[[-0.7893,  0.4511,  0.4165, -0.0070],
         [-0.5688, -0.7927, -0.2192,  0.0100],
         [ 0.2313, -0.4099,  0.8823,  0.1920],
         [ 0.0000,  0.0000,  0.0000,  1.0000]]], device='cuda:0',
       grad_fn=<CopySlices>)
0:05:59.729589 - TCO pred_z tensor([[[-0.7893,  0.4511,  0.4165, -0.0100],
         [-0.5688, -0.7927, -0.2192,  0.0062],
         [ 0.2313, -0.4099,  0.8823,  0.1749],
         [ 0.0000,  0.0000,  0.0000,  1.0000]]], device='cuda:0',
       grad_fn=<CopySlices>)
0:05:59.730224 - loss orn tensor([3.9497e-05], device='cuda:0', grad_fn=<MinBackward0>)
0:05:59.730850 - loss xy tensor([0.0023], device='cuda:0', grad_fn=<MinBackward0>)
0:05:59.731468 - loss z tensor([0.0057], device='cuda:0', grad_fn=<MinBackward0>)
  0%|                                       | 0/1 [00:00<?, ?it/s, loss=0.00802]100%|███████████████████████████████| 1/1 [00:00<00:00,  4.45it/s, loss=0.00802]100%|███████████████████████████████| 1/1 [00:00<00:00,  4.44it/s, loss=0.00802]
0:05:59.527726 - saving /home/ubuntu/synthetic_pose_estimation/cosypose/local_data/experiments/bracket_assembly_debug_nut_nosym_coarse_noaug--938962 685
  0%|                                                     | 0/1 [00:00<?, ?it/s]0:05:59.943005 - iteration 0
0:05:59.986449 - outputs, {'pose': tensor([[-1.0146, -0.7346,  0.2976,  0.5626, -0.6348, -0.4219,  4.0404, -1.6728,
          0.6122]], device='cuda:0', grad_fn=<AddmmBackward0>)}
0:05:59.988025 - model_outputs {'pose': tensor([[-1.0146, -0.7346,  0.2976,  0.5626, -0.6348, -0.4219,  4.0404, -1.6728,
          0.6122]], device='cuda:0', grad_fn=<AddmmBackward0>)}
0:05:59.988813 - K crop tensor([[[1.8612e+03, 0.0000e+00, 2.8638e+02],
         [0.0000e+00, 1.8612e+03, 6.5772e+01],
         [0.0000e+00, 0.0000e+00, 1.0000e+00]]], device='cuda:0')
0:05:59.989695 - TCO_input tensor([[[ 1.0000,  0.0000,  0.0000, -0.0210],
         [ 0.0000,  1.0000,  0.0000,  0.0089],
         [ 0.0000,  0.0000,  1.0000,  0.3075],
         [ 0.0000,  0.0000,  0.0000,  1.0000]]], device='cuda:0')
0:05:59.991229 - model tco output tensor([[[-0.7880,  0.4533,  0.4165, -0.0124],
         [-0.5706, -0.7919, -0.2176,  0.0053],
         [ 0.2312, -0.4091,  0.8827,  0.1882],
         [ 0.0000,  0.0000,  0.0000,  1.0000]]], device='cuda:0',
       grad_fn=<CopySlices>)
0:06:00.028715 - Wrote debug data: /home/ubuntu/synthetic_pose_estimation/cosypose/local_data/debug_data/debug_iter=1.pth.tar
0:06:00.246799 - TCO_input tensor([[[ 1.0000,  0.0000,  0.0000, -0.0210],
         [ 0.0000,  1.0000,  0.0000,  0.0089],
         [ 0.0000,  0.0000,  1.0000,  0.3075],
         [ 0.0000,  0.0000,  0.0000,  1.0000]]], device='cuda:0')
0:06:00.247723 - vxvyvz tensor([[ 4.0404, -1.6728,  0.6122]], device='cuda:0',
       grad_fn=<SliceBackward0>)
0:06:00.248736 - dR tensor([[[-0.7880,  0.4533,  0.4165],
         [-0.5706, -0.7919, -0.2176],
         [ 0.2312, -0.4091,  0.8827]]], device='cuda:0',
       grad_fn=<StackBackward0>)
0:06:00.249608 - fxfy tensor([[1861.2059, 1861.2059]], device='cuda:0')
0:06:00.252089 - TCO_gt tensor([[[-0.7893,  0.4511,  0.4165, -0.0100],
         [-0.5688, -0.7927, -0.2192,  0.0062],
         [ 0.2313, -0.4099,  0.8823,  0.1920],
         [ 0.0000,  0.0000,  0.0000,  1.0000]]], device='cuda:0')
0:06:00.252988 - TCO pred_orn tensor([[[-0.7880,  0.4533,  0.4165, -0.0100],
         [-0.5706, -0.7919, -0.2176,  0.0062],
         [ 0.2312, -0.4091,  0.8827,  0.1920],
         [ 0.0000,  0.0000,  0.0000,  1.0000]]], device='cuda:0',
       grad_fn=<CopySlices>)
0:06:00.253909 - TCO pred_xy tensor([[[-0.7893,  0.4511,  0.4165, -0.0127],
         [-0.5688, -0.7927, -0.2192,  0.0054],
         [ 0.2313, -0.4099,  0.8823,  0.1920],
         [ 0.0000,  0.0000,  0.0000,  1.0000]]], device='cuda:0',
       grad_fn=<CopySlices>)
0:06:00.254810 - TCO pred_z tensor([[[-0.7893,  0.4511,  0.4165, -0.0100],
         [-0.5688, -0.7927, -0.2192,  0.0062],
         [ 0.2313, -0.4099,  0.8823,  0.1882],
         [ 0.0000,  0.0000,  0.0000,  1.0000]]], device='cuda:0',
       grad_fn=<CopySlices>)
0:06:00.255425 - loss orn tensor([1.0836e-05], device='cuda:0', grad_fn=<MinBackward0>)
0:06:00.256025 - loss xy tensor([0.0012], device='cuda:0', grad_fn=<MinBackward0>)
0:06:00.256624 - loss z tensor([0.0012], device='cuda:0', grad_fn=<MinBackward0>)
  0%|                                       | 0/1 [00:00<?, ?it/s, loss=0.00242]100%|███████████████████████████████| 1/1 [00:00<00:00,  4.51it/s, loss=0.00242]100%|███████████████████████████████| 1/1 [00:00<00:00,  4.50it/s, loss=0.00242]
0:06:00.034543 - saving /home/ubuntu/synthetic_pose_estimation/cosypose/local_data/experiments/bracket_assembly_debug_nut_nosym_coarse_noaug--938962 686
  0%|                                                     | 0/1 [00:00<?, ?it/s]0:06:00.449759 - iteration 0
0:06:00.493577 - outputs, {'pose': tensor([[-1.0130, -0.7258,  0.3012,  0.5613, -0.6364, -0.4269,  4.0380, -1.6802,
          0.6113]], device='cuda:0', grad_fn=<AddmmBackward0>)}
0:06:00.495209 - model_outputs {'pose': tensor([[-1.0130, -0.7258,  0.3012,  0.5613, -0.6364, -0.4269,  4.0380, -1.6802,
          0.6113]], device='cuda:0', grad_fn=<AddmmBackward0>)}
0:06:00.495990 - K crop tensor([[[1.6605e+03, 0.0000e+00, 2.2402e+02],
         [0.0000e+00, 1.6605e+03, 7.1138e+01],
         [0.0000e+00, 0.0000e+00, 1.0000e+00]]], device='cuda:0')
0:06:00.496844 - TCO_input tensor([[[ 1.0000,  0.0000,  0.0000, -0.0107],
         [ 0.0000,  1.0000,  0.0000,  0.0080],
         [ 0.0000,  0.0000,  1.0000,  0.2749],
         [ 0.0000,  0.0000,  0.0000,  1.0000]]], device='cuda:0')
0:06:00.497787 - model tco output tensor([[[-0.7901,  0.4467,  0.4197, -0.0061],
         [-0.5661, -0.7943, -0.2204,  0.0047],
         [ 0.2349, -0.4117,  0.8805,  0.1681],
         [ 0.0000,  0.0000,  0.0000,  1.0000]]], device='cuda:0',
       grad_fn=<CopySlices>)
0:06:00.538843 - Wrote debug data: /home/ubuntu/synthetic_pose_estimation/cosypose/local_data/debug_data/debug_iter=1.pth.tar
0:06:00.753653 - TCO_input tensor([[[ 1.0000,  0.0000,  0.0000, -0.0107],
         [ 0.0000,  1.0000,  0.0000,  0.0080],
         [ 0.0000,  0.0000,  1.0000,  0.2749],
         [ 0.0000,  0.0000,  0.0000,  1.0000]]], device='cuda:0')
0:06:00.754662 - vxvyvz tensor([[ 4.0380, -1.6802,  0.6113]], device='cuda:0',
       grad_fn=<SliceBackward0>)
0:06:00.755663 - dR tensor([[[-0.7901,  0.4467,  0.4197],
         [-0.5661, -0.7943, -0.2204],
         [ 0.2349, -0.4117,  0.8805]]], device='cuda:0',
       grad_fn=<StackBackward0>)
0:06:00.756523 - fxfy tensor([[1660.5363, 1660.5364]], device='cuda:0')
0:06:00.759095 - TCO_gt tensor([[[-0.7893,  0.4511,  0.4165, -0.0100],
         [-0.5688, -0.7927, -0.2192,  0.0062],
         [ 0.2313, -0.4099,  0.8823,  0.1920],
         [ 0.0000,  0.0000,  0.0000,  1.0000]]], device='cuda:0')
0:06:00.759998 - TCO pred_orn tensor([[[-0.7901,  0.4467,  0.4197, -0.0100],
         [-0.5661, -0.7943, -0.2204,  0.0062],
         [ 0.2349, -0.4117,  0.8805,  0.1920],
         [ 0.0000,  0.0000,  0.0000,  1.0000]]], device='cuda:0',
       grad_fn=<CopySlices>)
0:06:00.760916 - TCO pred_xy tensor([[[-0.7893,  0.4511,  0.4165, -0.0070],
         [-0.5688, -0.7927, -0.2192,  0.0054],
         [ 0.2313, -0.4099,  0.8823,  0.1920],
         [ 0.0000,  0.0000,  0.0000,  1.0000]]], device='cuda:0',
       grad_fn=<CopySlices>)
0:06:00.761849 - TCO pred_z tensor([[[-0.7893,  0.4511,  0.4165, -0.0100],
         [-0.5688, -0.7927, -0.2192,  0.0062],
         [ 0.2313, -0.4099,  0.8823,  0.1681],
         [ 0.0000,  0.0000,  0.0000,  1.0000]]], device='cuda:0',
       grad_fn=<CopySlices>)
0:06:00.762496 - loss orn tensor([2.4399e-05], device='cuda:0', grad_fn=<MinBackward0>)
0:06:00.763127 - loss xy tensor([0.0013], device='cuda:0', grad_fn=<MinBackward0>)
0:06:00.763744 - loss z tensor([0.0080], device='cuda:0', grad_fn=<MinBackward0>)
  0%|                                       | 0/1 [00:00<?, ?it/s, loss=0.00926]100%|███████████████████████████████| 1/1 [00:00<00:00,  4.45it/s, loss=0.00926]100%|███████████████████████████████| 1/1 [00:00<00:00,  4.44it/s, loss=0.00926]
0:06:00.521974 - saving /home/ubuntu/synthetic_pose_estimation/cosypose/local_data/experiments/bracket_assembly_debug_nut_nosym_coarse_noaug--938962 687
  0%|                                                     | 0/1 [00:00<?, ?it/s]0:06:00.937365 - iteration 0
0:06:00.981923 - outputs, {'pose': tensor([[-1.0159, -0.7332,  0.2945,  0.5607, -0.6298, -0.4240,  4.0315, -1.6783,
          0.6219]], device='cuda:0', grad_fn=<AddmmBackward0>)}
0:06:00.983625 - model_outputs {'pose': tensor([[-1.0159, -0.7332,  0.2945,  0.5607, -0.6298, -0.4240,  4.0315, -1.6783,
          0.6219]], device='cuda:0', grad_fn=<AddmmBackward0>)}
0:06:00.984449 - K crop tensor([[[1.7980e+03, 0.0000e+00, 2.6187e+02],
         [0.0000e+00, 1.7980e+03, 5.5703e+01],
         [0.0000e+00, 0.0000e+00, 1.0000e+00]]], device='cuda:0')
0:06:00.985308 - TCO_input tensor([[[ 1.0000,  0.0000,  0.0000, -0.0170],
         [ 0.0000,  1.0000,  0.0000,  0.0106],
         [ 0.0000,  0.0000,  1.0000,  0.2980],
         [ 0.0000,  0.0000,  0.0000,  1.0000]]], device='cuda:0')
0:06:00.986974 - model tco output tensor([[[-0.7894,  0.4512,  0.4163, -0.0101],
         [-0.5697, -0.7911, -0.2228,  0.0064],
         [ 0.2288, -0.4130,  0.8815,  0.1853],
         [ 0.0000,  0.0000,  0.0000,  1.0000]]], device='cuda:0',
       grad_fn=<CopySlices>)
0:06:01.025095 - Wrote debug data: /home/ubuntu/synthetic_pose_estimation/cosypose/local_data/debug_data/debug_iter=1.pth.tar
0:06:01.237665 - TCO_input tensor([[[ 1.0000,  0.0000,  0.0000, -0.0170],
         [ 0.0000,  1.0000,  0.0000,  0.0106],
         [ 0.0000,  0.0000,  1.0000,  0.2980],
         [ 0.0000,  0.0000,  0.0000,  1.0000]]], device='cuda:0')
0:06:01.238737 - vxvyvz tensor([[ 4.0315, -1.6783,  0.6219]], device='cuda:0',
       grad_fn=<SliceBackward0>)
0:06:01.239755 - dR tensor([[[-0.7894,  0.4512,  0.4163],
         [-0.5697, -0.7911, -0.2228],
         [ 0.2288, -0.4130,  0.8815]]], device='cuda:0',
       grad_fn=<StackBackward0>)
0:06:01.240609 - fxfy tensor([[1797.9847, 1797.9850]], device='cuda:0')
0:06:01.243150 - TCO_gt tensor([[[-0.7893,  0.4511,  0.4165, -0.0100],
         [-0.5688, -0.7927, -0.2192,  0.0062],
         [ 0.2313, -0.4099,  0.8823,  0.1920],
         [ 0.0000,  0.0000,  0.0000,  1.0000]]], device='cuda:0')
0:06:01.244062 - TCO pred_orn tensor([[[-0.7894,  0.4512,  0.4163, -0.0100],
         [-0.5697, -0.7911, -0.2228,  0.0062],
         [ 0.2288, -0.4130,  0.8815,  0.1920],
         [ 0.0000,  0.0000,  0.0000,  1.0000]]], device='cuda:0',
       grad_fn=<CopySlices>)
0:06:01.244996 - TCO pred_xy tensor([[[-0.7893,  0.4511,  0.4165, -0.0105],
         [-0.5688, -0.7927, -0.2192,  0.0066],
         [ 0.2313, -0.4099,  0.8823,  0.1920],
         [ 0.0000,  0.0000,  0.0000,  1.0000]]], device='cuda:0',
       grad_fn=<CopySlices>)
0:06:01.245909 - TCO pred_z tensor([[[-0.7893,  0.4511,  0.4165, -0.0100],
         [-0.5688, -0.7927, -0.2192,  0.0062],
         [ 0.2313, -0.4099,  0.8823,  0.1853],
         [ 0.0000,  0.0000,  0.0000,  1.0000]]], device='cuda:0',
       grad_fn=<CopySlices>)
0:06:01.246542 - loss orn tensor([1.4053e-05], device='cuda:0', grad_fn=<MinBackward0>)
0:06:01.247158 - loss xy tensor([0.0003], device='cuda:0', grad_fn=<MinBackward0>)
0:06:01.247773 - loss z tensor([0.0022], device='cuda:0', grad_fn=<MinBackward0>)
  0%|                                       | 0/1 [00:00<?, ?it/s, loss=0.00255]100%|███████████████████████████████| 1/1 [00:00<00:00,  4.58it/s, loss=0.00255]100%|███████████████████████████████| 1/1 [00:00<00:00,  4.57it/s, loss=0.00255]
0:06:01.002461 - saving /home/ubuntu/synthetic_pose_estimation/cosypose/local_data/experiments/bracket_assembly_debug_nut_nosym_coarse_noaug--938962 688
  0%|                                                     | 0/1 [00:00<?, ?it/s]0:06:01.418219 - iteration 0
0:06:01.464357 - outputs, {'pose': tensor([[-1.0141, -0.7309,  0.3002,  0.5623, -0.6436, -0.4256,  4.0547, -1.6794,
          0.6300]], device='cuda:0', grad_fn=<AddmmBackward0>)}
0:06:01.466123 - model_outputs {'pose': tensor([[-1.0141, -0.7309,  0.3002,  0.5623, -0.6436, -0.4256,  4.0547, -1.6794,
          0.6300]], device='cuda:0', grad_fn=<AddmmBackward0>)}
0:06:01.466965 - K crop tensor([[[1.9899e+03, 0.0000e+00, 2.7226e+02],
         [0.0000e+00, 1.9899e+03, 5.7542e+01],
         [0.0000e+00, 0.0000e+00, 1.0000e+00]]], device='cuda:0')
0:06:01.468622 - TCO_input tensor([[[ 1.0000,  0.0000,  0.0000, -0.0186],
         [ 0.0000,  1.0000,  0.0000,  0.0102],
         [ 0.0000,  0.0000,  1.0000,  0.3286],
         [ 0.0000,  0.0000,  0.0000,  1.0000]]], device='cuda:0')
0:06:01.469606 - model tco output tensor([[[-0.7888,  0.4505,  0.4181, -0.0113],
         [-0.5685, -0.7933, -0.2179,  0.0063],
         [ 0.2335, -0.4096,  0.8819,  0.2070],
         [ 0.0000,  0.0000,  0.0000,  1.0000]]], device='cuda:0',
       grad_fn=<CopySlices>)
0:06:01.508441 - Wrote debug data: /home/ubuntu/synthetic_pose_estimation/cosypose/local_data/debug_data/debug_iter=1.pth.tar
0:06:01.721337 - TCO_input tensor([[[ 1.0000,  0.0000,  0.0000, -0.0186],
         [ 0.0000,  1.0000,  0.0000,  0.0102],
         [ 0.0000,  0.0000,  1.0000,  0.3286],
         [ 0.0000,  0.0000,  0.0000,  1.0000]]], device='cuda:0')
0:06:01.722492 - vxvyvz tensor([[ 4.0547, -1.6794,  0.6300]], device='cuda:0',
       grad_fn=<SliceBackward0>)
0:06:01.723613 - dR tensor([[[-0.7888,  0.4505,  0.4181],
         [-0.5685, -0.7933, -0.2179],
         [ 0.2335, -0.4096,  0.8819]]], device='cuda:0',
       grad_fn=<StackBackward0>)
0:06:01.724518 - fxfy tensor([[1989.9249, 1989.9246]], device='cuda:0')
0:06:01.727184 - TCO_gt tensor([[[-0.7893,  0.4511,  0.4165, -0.0100],
         [-0.5688, -0.7927, -0.2192,  0.0062],
         [ 0.2313, -0.4099,  0.8823,  0.1920],
         [ 0.0000,  0.0000,  0.0000,  1.0000]]], device='cuda:0')
0:06:01.728141 - TCO pred_orn tensor([[[-0.7888,  0.4505,  0.4181, -0.0100],
         [-0.5685, -0.7933, -0.2179,  0.0062],
         [ 0.2335, -0.4096,  0.8819,  0.1920],
         [ 0.0000,  0.0000,  0.0000,  1.0000]]], device='cuda:0',
       grad_fn=<CopySlices>)
0:06:01.729098 - TCO pred_xy tensor([[[-0.7893,  0.4511,  0.4165, -0.0105],
         [-0.5688, -0.7927, -0.2192,  0.0058],
         [ 0.2313, -0.4099,  0.8823,  0.1920],
         [ 0.0000,  0.0000,  0.0000,  1.0000]]], device='cuda:0',
       grad_fn=<CopySlices>)
0:06:01.730026 - TCO pred_z tensor([[[-0.7893,  0.4511,  0.4165, -0.0100],
         [-0.5688, -0.7927, -0.2192,  0.0062],
         [ 0.2313, -0.4099,  0.8823,  0.2070],
         [ 0.0000,  0.0000,  0.0000,  1.0000]]], device='cuda:0',
       grad_fn=<CopySlices>)
0:06:01.730674 - loss orn tensor([8.8092e-06], device='cuda:0', grad_fn=<MinBackward0>)
0:06:01.731302 - loss xy tensor([0.0003], device='cuda:0', grad_fn=<MinBackward0>)
0:06:01.731924 - loss z tensor([0.0050], device='cuda:0', grad_fn=<MinBackward0>)
  0%|                                       | 0/1 [00:00<?, ?it/s, loss=0.00531]100%|███████████████████████████████| 1/1 [00:00<00:00,  4.44it/s, loss=0.00531]100%|███████████████████████████████| 1/1 [00:00<00:00,  4.43it/s, loss=0.00531]
0:06:01.509451 - saving /home/ubuntu/synthetic_pose_estimation/cosypose/local_data/experiments/bracket_assembly_debug_nut_nosym_coarse_noaug--938962 689
  0%|                                                     | 0/1 [00:00<?, ?it/s]0:06:01.924659 - iteration 0
0:06:01.969039 - outputs, {'pose': tensor([[-1.0153, -0.7369,  0.2952,  0.5701, -0.6298, -0.4249,  4.0508, -1.6810,
          0.6253]], device='cuda:0', grad_fn=<AddmmBackward0>)}
0:06:01.970712 - model_outputs {'pose': tensor([[-1.0153, -0.7369,  0.2952,  0.5701, -0.6298, -0.4249,  4.0508, -1.6810,
          0.6253]], device='cuda:0', grad_fn=<AddmmBackward0>)}
0:06:01.971497 - K crop tensor([[[1.6970e+03, 0.0000e+00, 2.1956e+02],
         [0.0000e+00, 1.6970e+03, 3.4329e+01],
         [0.0000e+00, 0.0000e+00, 1.0000e+00]]], device='cuda:0')
0:06:01.972590 - TCO_input tensor([[[ 1.0000,  0.0000,  0.0000, -0.0100],
         [ 0.0000,  1.0000,  0.0000,  0.0142],
         [ 0.0000,  0.0000,  1.0000,  0.2832],
         [ 0.0000,  0.0000,  0.0000,  1.0000]]], device='cuda:0')
0:06:01.974014 - model tco output tensor([[[-0.7878,  0.4545,  0.4157, -0.0058],
         [-0.5718, -0.7906, -0.2192,  0.0087],
         [ 0.2290, -0.4103,  0.8827,  0.1771],
         [ 0.0000,  0.0000,  0.0000,  1.0000]]], device='cuda:0',
       grad_fn=<CopySlices>)
0:06:02.014988 - Wrote debug data: /home/ubuntu/synthetic_pose_estimation/cosypose/local_data/debug_data/debug_iter=1.pth.tar
0:06:02.230484 - TCO_input tensor([[[ 1.0000,  0.0000,  0.0000, -0.0100],
         [ 0.0000,  1.0000,  0.0000,  0.0142],
         [ 0.0000,  0.0000,  1.0000,  0.2832],
         [ 0.0000,  0.0000,  0.0000,  1.0000]]], device='cuda:0')
0:06:02.231582 - vxvyvz tensor([[ 4.0508, -1.6810,  0.6253]], device='cuda:0',
       grad_fn=<SliceBackward0>)
0:06:02.232621 - dR tensor([[[-0.7878,  0.4545,  0.4157],
         [-0.5718, -0.7906, -0.2192],
         [ 0.2290, -0.4103,  0.8827]]], device='cuda:0',
       grad_fn=<StackBackward0>)
0:06:02.233535 - fxfy tensor([[1696.9774, 1696.9777]], device='cuda:0')
0:06:02.236046 - TCO_gt tensor([[[-0.7893,  0.4511,  0.4165, -0.0100],
         [-0.5688, -0.7927, -0.2192,  0.0062],
         [ 0.2313, -0.4099,  0.8823,  0.1920],
         [ 0.0000,  0.0000,  0.0000,  1.0000]]], device='cuda:0')
0:06:02.237003 - TCO pred_orn tensor([[[-0.7878,  0.4545,  0.4157, -0.0100],
         [-0.5718, -0.7906, -0.2192,  0.0062],
         [ 0.2290, -0.4103,  0.8827,  0.1920],
         [ 0.0000,  0.0000,  0.0000,  1.0000]]], device='cuda:0',
       grad_fn=<CopySlices>)
0:06:02.237929 - TCO pred_xy tensor([[[-0.7893,  0.4511,  0.4165, -0.0063],
         [-0.5688, -0.7927, -0.2192,  0.0094],
         [ 0.2313, -0.4099,  0.8823,  0.1920],
         [ 0.0000,  0.0000,  0.0000,  1.0000]]], device='cuda:0',
       grad_fn=<CopySlices>)
0:06:02.238857 - TCO pred_z tensor([[[-0.7893,  0.4511,  0.4165, -0.0100],
         [-0.5688, -0.7927, -0.2192,  0.0062],
         [ 0.2313, -0.4099,  0.8823,  0.1771],
         [ 0.0000,  0.0000,  0.0000,  1.0000]]], device='cuda:0',
       grad_fn=<CopySlices>)
0:06:02.239493 - loss orn tensor([1.9438e-05], device='cuda:0', grad_fn=<MinBackward0>)
0:06:02.240111 - loss xy tensor([0.0023], device='cuda:0', grad_fn=<MinBackward0>)
0:06:02.240736 - loss z tensor([0.0050], device='cuda:0', grad_fn=<MinBackward0>)
  0%|                                       | 0/1 [00:00<?, ?it/s, loss=0.00728]100%|███████████████████████████████| 1/1 [00:00<00:00,  4.42it/s, loss=0.00728]100%|███████████████████████████████| 1/1 [00:00<00:00,  4.41it/s, loss=0.00728]
  0%|                                                     | 0/1 [00:00<?, ?it/s]0:06:02.150975 - iteration 0
0:06:02.192013 - outputs, {'pose': tensor([[-0.8291, -0.5192,  0.2972,  0.5963, -0.4431, -0.2887,  2.7143, -1.4480,
          0.7790]], device='cuda:0')}
0:06:02.193601 - model_outputs {'pose': tensor([[-0.8291, -0.5192,  0.2972,  0.5963, -0.4431, -0.2887,  2.7143, -1.4480,
          0.7790]], device='cuda:0')}
0:06:02.194384 - K crop tensor([[[1.7215e+03, 0.0000e+00, 2.6605e+02],
         [0.0000e+00, 1.7215e+03, 7.7037e+01],
         [0.0000e+00, 0.0000e+00, 1.0000e+00]]], device='cuda:0')
0:06:02.195235 - TCO_input tensor([[[ 1.0000,  0.0000,  0.0000, -0.0176],
         [ 0.0000,  1.0000,  0.0000,  0.0070],
         [ 0.0000,  0.0000,  1.0000,  0.2843],
         [ 0.0000,  0.0000,  0.0000,  1.0000]]], device='cuda:0')
0:06:02.196135 - model tco output tensor([[[-0.8109,  0.4426,  0.3827, -0.0134],
         [-0.5078, -0.8573, -0.0845,  0.0053],
         [ 0.2907, -0.2628,  0.9200,  0.2215],
         [ 0.0000,  0.0000,  0.0000,  1.0000]]], device='cuda:0')
0:06:02.234799 - Wrote debug data: /home/ubuntu/synthetic_pose_estimation/cosypose/local_data/debug_data/debug_iter=1.pth.tar
0:06:02.449616 - TCO_input tensor([[[ 1.0000,  0.0000,  0.0000, -0.0176],
         [ 0.0000,  1.0000,  0.0000,  0.0070],
         [ 0.0000,  0.0000,  1.0000,  0.2843],
         [ 0.0000,  0.0000,  0.0000,  1.0000]]], device='cuda:0')
0:06:02.450762 - vxvyvz tensor([[ 2.7143, -1.4480,  0.7790]], device='cuda:0')
0:06:02.452067 - dR tensor([[[-0.8109,  0.4426,  0.3827],
         [-0.5078, -0.8573, -0.0845],
         [ 0.2907, -0.2628,  0.9200]]], device='cuda:0')
0:06:02.453316 - fxfy tensor([[1721.4567, 1721.4568]], device='cuda:0')
0:06:02.456390 - TCO_gt tensor([[[-0.7893,  0.4511,  0.4165, -0.0100],
         [-0.5688, -0.7927, -0.2192,  0.0062],
         [ 0.2313, -0.4099,  0.8823,  0.1920],
         [ 0.0000,  0.0000,  0.0000,  1.0000]]], device='cuda:0')
0:06:02.457353 - TCO pred_orn tensor([[[-0.8109,  0.4426,  0.3827, -0.0100],
         [-0.5078, -0.8573, -0.0845,  0.0062],
         [ 0.2907, -0.2628,  0.9200,  0.1920],
         [ 0.0000,  0.0000,  0.0000,  1.0000]]], device='cuda:0')
0:06:02.458239 - TCO pred_xy tensor([[[-0.7893,  0.4511,  0.4165, -0.0116],
         [-0.5688, -0.7927, -0.2192,  0.0046],
         [ 0.2313, -0.4099,  0.8823,  0.1920],
         [ 0.0000,  0.0000,  0.0000,  1.0000]]], device='cuda:0')
0:06:02.459114 - TCO pred_z tensor([[[-0.7893,  0.4511,  0.4165, -0.0100],
         [-0.5688, -0.7927, -0.2192,  0.0062],
         [ 0.2313, -0.4099,  0.8823,  0.2215],
         [ 0.0000,  0.0000,  0.0000,  1.0000]]], device='cuda:0')
0:06:02.459747 - loss orn tensor([0.0006], device='cuda:0')
0:06:02.460393 - loss xy tensor([0.0011], device='cuda:0')
0:06:02.461174 - loss z tensor([0.0098], device='cuda:0')
100%|█████████████████████████████████████████████| 1/1 [00:00<00:00,  7.71it/s]100%|█████████████████████████████████████████████| 1/1 [00:00<00:00,  7.68it/s]
0:06:02.146776 - saving /home/ubuntu/synthetic_pose_estimation/cosypose/local_data/experiments/bracket_assembly_debug_nut_nosym_coarse_noaug--938962 690
  0%|                                                     | 0/1 [00:00<?, ?it/s]0:06:02.558682 - iteration 0
0:06:02.611783 - outputs, {'pose': tensor([[-1.0165, -0.7273,  0.2932,  0.5669, -0.6325, -0.4222,  4.0262, -1.6753,
          0.6311]], device='cuda:0', grad_fn=<AddmmBackward0>)}
0:06:02.613495 - model_outputs {'pose': tensor([[-1.0165, -0.7273,  0.2932,  0.5669, -0.6325, -0.4222,  4.0262, -1.6753,
          0.6311]], device='cuda:0', grad_fn=<AddmmBackward0>)}
0:06:02.614265 - K crop tensor([[[1.9656e+03, 0.0000e+00, 2.0917e+02],
         [0.0000e+00, 1.9656e+03, 7.7285e+01],
         [0.0000e+00, 0.0000e+00, 1.0000e+00]]], device='cuda:0')
0:06:02.615129 - TCO_input tensor([[[ 1.0000,  0.0000,  0.0000, -0.0082],
         [ 0.0000,  1.0000,  0.0000,  0.0069],
         [ 0.0000,  0.0000,  1.0000,  0.3234],
         [ 0.0000,  0.0000,  0.0000,  1.0000]]], device='cuda:0')
0:06:02.616172 - model tco output tensor([[[-0.7918,  0.4504,  0.4126, -0.0047],
         [-0.5665, -0.7941, -0.2203,  0.0042],
         [ 0.2284, -0.4081,  0.8839,  0.2041],
         [ 0.0000,  0.0000,  0.0000,  1.0000]]], device='cuda:0',
       grad_fn=<CopySlices>)
0:06:02.655865 - Wrote debug data: /home/ubuntu/synthetic_pose_estimation/cosypose/local_data/debug_data/debug_iter=1.pth.tar
0:06:02.868360 - TCO_input tensor([[[ 1.0000,  0.0000,  0.0000, -0.0082],
         [ 0.0000,  1.0000,  0.0000,  0.0069],
         [ 0.0000,  0.0000,  1.0000,  0.3234],
         [ 0.0000,  0.0000,  0.0000,  1.0000]]], device='cuda:0')
0:06:02.869329 - vxvyvz tensor([[ 4.0262, -1.6753,  0.6311]], device='cuda:0',
       grad_fn=<SliceBackward0>)
0:06:02.870339 - dR tensor([[[-0.7918,  0.4504,  0.4126],
         [-0.5665, -0.7941, -0.2203],
         [ 0.2284, -0.4081,  0.8839]]], device='cuda:0',
       grad_fn=<StackBackward0>)
0:06:02.871189 - fxfy tensor([[1965.5798, 1965.5802]], device='cuda:0')
0:06:02.874100 - TCO_gt tensor([[[-0.7893,  0.4511,  0.4165, -0.0100],
         [-0.5688, -0.7927, -0.2192,  0.0062],
         [ 0.2313, -0.4099,  0.8823,  0.1920],
         [ 0.0000,  0.0000,  0.0000,  1.0000]]], device='cuda:0')
0:06:02.875385 - TCO pred_orn tensor([[[-0.7918,  0.4504,  0.4126, -0.0100],
         [-0.5665, -0.7941, -0.2203,  0.0062],
         [ 0.2284, -0.4081,  0.8839,  0.1920],
         [ 0.0000,  0.0000,  0.0000,  1.0000]]], device='cuda:0',
       grad_fn=<CopySlices>)
0:06:02.876613 - TCO pred_xy tensor([[[-0.7893,  0.4511,  0.4165, -0.0045],
         [-0.5688, -0.7927, -0.2192,  0.0040],
         [ 0.2313, -0.4099,  0.8823,  0.1920],
         [ 0.0000,  0.0000,  0.0000,  1.0000]]], device='cuda:0',
       grad_fn=<CopySlices>)
0:06:02.877577 - TCO pred_z tensor([[[-0.7893,  0.4511,  0.4165, -0.0100],
         [-0.5688, -0.7927, -0.2192,  0.0062],
         [ 0.2313, -0.4099,  0.8823,  0.2041],
         [ 0.0000,  0.0000,  0.0000,  1.0000]]], device='cuda:0',
       grad_fn=<CopySlices>)
0:06:02.878212 - loss orn tensor([1.9038e-05], device='cuda:0', grad_fn=<MinBackward0>)
0:06:02.878814 - loss xy tensor([0.0026], device='cuda:0', grad_fn=<MinBackward0>)
0:06:02.879490 - loss z tensor([0.0041], device='cuda:0', grad_fn=<MinBackward0>)
  0%|                                       | 0/1 [00:00<?, ?it/s, loss=0.00666]100%|███████████████████████████████| 1/1 [00:00<00:00,  4.31it/s, loss=0.00666]100%|███████████████████████████████| 1/1 [00:00<00:00,  4.30it/s, loss=0.00666]
0:06:02.656178 - saving /home/ubuntu/synthetic_pose_estimation/cosypose/local_data/experiments/bracket_assembly_debug_nut_nosym_coarse_noaug--938962 691
  0%|                                                     | 0/1 [00:00<?, ?it/s]0:06:03.071336 - iteration 0
0:06:03.114710 - outputs, {'pose': tensor([[-1.0175, -0.7299,  0.2997,  0.5660, -0.6331, -0.4233,  4.0533, -1.6834,
          0.6424]], device='cuda:0', grad_fn=<AddmmBackward0>)}
0:06:03.116304 - model_outputs {'pose': tensor([[-1.0175, -0.7299,  0.2997,  0.5660, -0.6331, -0.4233,  4.0533, -1.6834,
          0.6424]], device='cuda:0', grad_fn=<AddmmBackward0>)}
0:06:03.117091 - K crop tensor([[[1.5649e+03, 0.0000e+00, 2.3906e+02],
         [0.0000e+00, 1.5649e+03, 5.5758e+01],
         [0.0000e+00, 0.0000e+00, 1.0000e+00]]], device='cuda:0')
0:06:03.117951 - TCO_input tensor([[[ 1.0000,  0.0000,  0.0000, -0.0133],
         [ 0.0000,  1.0000,  0.0000,  0.0106],
         [ 0.0000,  0.0000,  1.0000,  0.2606],
         [ 0.0000,  0.0000,  0.0000,  1.0000]]], device='cuda:0')
0:06:03.118834 - model tco output tensor([[[-0.7902,  0.4496,  0.4164, -0.0081],
         [-0.5669, -0.7945, -0.2179,  0.0066],
         [ 0.2328, -0.4082,  0.8827,  0.1674],
         [ 0.0000,  0.0000,  0.0000,  1.0000]]], device='cuda:0',
       grad_fn=<CopySlices>)
0:06:03.162280 - Wrote debug data: /home/ubuntu/synthetic_pose_estimation/cosypose/local_data/debug_data/debug_iter=1.pth.tar
0:06:03.375324 - TCO_input tensor([[[ 1.0000,  0.0000,  0.0000, -0.0133],
         [ 0.0000,  1.0000,  0.0000,  0.0106],
         [ 0.0000,  0.0000,  1.0000,  0.2606],
         [ 0.0000,  0.0000,  0.0000,  1.0000]]], device='cuda:0')
0:06:03.376570 - vxvyvz tensor([[ 4.0533, -1.6834,  0.6424]], device='cuda:0',
       grad_fn=<SliceBackward0>)
0:06:03.377633 - dR tensor([[[-0.7902,  0.4496,  0.4164],
         [-0.5669, -0.7945, -0.2179],
         [ 0.2328, -0.4082,  0.8827]]], device='cuda:0',
       grad_fn=<StackBackward0>)
0:06:03.378518 - fxfy tensor([[1564.8906, 1564.8906]], device='cuda:0')
0:06:03.381140 - TCO_gt tensor([[[-0.7893,  0.4511,  0.4165, -0.0100],
         [-0.5688, -0.7927, -0.2192,  0.0062],
         [ 0.2313, -0.4099,  0.8823,  0.1920],
         [ 0.0000,  0.0000,  0.0000,  1.0000]]], device='cuda:0')
0:06:03.382147 - TCO pred_orn tensor([[[-0.7902,  0.4496,  0.4164, -0.0100],
         [-0.5669, -0.7945, -0.2179,  0.0062],
         [ 0.2328, -0.4082,  0.8827,  0.1920],
         [ 0.0000,  0.0000,  0.0000,  1.0000]]], device='cuda:0',
       grad_fn=<CopySlices>)
0:06:03.383035 - TCO pred_xy tensor([[[-0.7893,  0.4511,  0.4165, -0.0093],
         [-0.5688, -0.7927, -0.2192,  0.0076],
         [ 0.2313, -0.4099,  0.8823,  0.1920],
         [ 0.0000,  0.0000,  0.0000,  1.0000]]], device='cuda:0',
       grad_fn=<CopySlices>)
0:06:03.383936 - TCO pred_z tensor([[[-0.7893,  0.4511,  0.4165, -0.0100],
         [-0.5688, -0.7927, -0.2192,  0.0062],
         [ 0.2313, -0.4099,  0.8823,  0.1674],
         [ 0.0000,  0.0000,  0.0000,  1.0000]]], device='cuda:0',
       grad_fn=<CopySlices>)
0:06:03.384561 - loss orn tensor([1.3106e-05], device='cuda:0', grad_fn=<MinBackward0>)
0:06:03.385191 - loss xy tensor([0.0007], device='cuda:0', grad_fn=<MinBackward0>)
0:06:03.385952 - loss z tensor([0.0082], device='cuda:0', grad_fn=<MinBackward0>)
  0%|                                       | 0/1 [00:00<?, ?it/s, loss=0.00892]100%|███████████████████████████████| 1/1 [00:00<00:00,  4.49it/s, loss=0.00892]100%|███████████████████████████████| 1/1 [00:00<00:00,  4.48it/s, loss=0.00892]
0:06:03.155326 - saving /home/ubuntu/synthetic_pose_estimation/cosypose/local_data/experiments/bracket_assembly_debug_nut_nosym_coarse_noaug--938962 692
  0%|                                                     | 0/1 [00:00<?, ?it/s]0:06:03.570798 - iteration 0
0:06:03.614542 - outputs, {'pose': tensor([[-1.0177, -0.7400,  0.2906,  0.5623, -0.6396, -0.4194,  4.0482, -1.6833,
          0.6414]], device='cuda:0', grad_fn=<AddmmBackward0>)}
0:06:03.616157 - model_outputs {'pose': tensor([[-1.0177, -0.7400,  0.2906,  0.5623, -0.6396, -0.4194,  4.0482, -1.6833,
          0.6414]], device='cuda:0', grad_fn=<AddmmBackward0>)}
0:06:03.616964 - K crop tensor([[[1.9123e+03, 0.0000e+00, 2.9736e+02],
         [0.0000e+00, 1.9123e+03, 7.4669e+01],
         [0.0000e+00, 0.0000e+00, 1.0000e+00]]], device='cuda:0')
0:06:03.617834 - TCO_input tensor([[[ 1.0000,  0.0000,  0.0000, -0.0227],
         [ 0.0000,  1.0000,  0.0000,  0.0074],
         [ 0.0000,  0.0000,  1.0000,  0.3150],
         [ 0.0000,  0.0000,  0.0000,  1.0000]]], device='cuda:0')
0:06:03.619332 - model tco output tensor([[[-0.7880,  0.4579,  0.4115, -0.0141],
         [-0.5730, -0.7899, -0.2184,  0.0046],
         [ 0.2250, -0.4079,  0.8849,  0.2021],
         [ 0.0000,  0.0000,  0.0000,  1.0000]]], device='cuda:0',
       grad_fn=<CopySlices>)
0:06:03.656996 - Wrote debug data: /home/ubuntu/synthetic_pose_estimation/cosypose/local_data/debug_data/debug_iter=1.pth.tar
0:06:03.867907 - TCO_input tensor([[[ 1.0000,  0.0000,  0.0000, -0.0227],
         [ 0.0000,  1.0000,  0.0000,  0.0074],
         [ 0.0000,  0.0000,  1.0000,  0.3150],
         [ 0.0000,  0.0000,  0.0000,  1.0000]]], device='cuda:0')
0:06:03.868892 - vxvyvz tensor([[ 4.0482, -1.6833,  0.6414]], device='cuda:0',
       grad_fn=<SliceBackward0>)
0:06:03.869900 - dR tensor([[[-0.7880,  0.4579,  0.4115],
         [-0.5730, -0.7899, -0.2184],
         [ 0.2250, -0.4079,  0.8849]]], device='cuda:0',
       grad_fn=<StackBackward0>)
0:06:03.870747 - fxfy tensor([[1912.2870, 1912.2870]], device='cuda:0')
0:06:03.873174 - TCO_gt tensor([[[-0.7893,  0.4511,  0.4165, -0.0100],
         [-0.5688, -0.7927, -0.2192,  0.0062],
         [ 0.2313, -0.4099,  0.8823,  0.1920],
         [ 0.0000,  0.0000,  0.0000,  1.0000]]], device='cuda:0')
0:06:03.874091 - TCO pred_orn tensor([[[-0.7880,  0.4579,  0.4115, -0.0100],
         [-0.5730, -0.7899, -0.2184,  0.0062],
         [ 0.2250, -0.4079,  0.8849,  0.1920],
         [ 0.0000,  0.0000,  0.0000,  1.0000]]], device='cuda:0',
       grad_fn=<CopySlices>)
0:06:03.874974 - TCO pred_xy tensor([[[-0.7893,  0.4511,  0.4165, -0.0134],
         [-0.5688, -0.7927, -0.2192,  0.0043],
         [ 0.2313, -0.4099,  0.8823,  0.1920],
         [ 0.0000,  0.0000,  0.0000,  1.0000]]], device='cuda:0',
       grad_fn=<CopySlices>)
0:06:03.875856 - TCO pred_z tensor([[[-0.7893,  0.4511,  0.4165, -0.0100],
         [-0.5688, -0.7927, -0.2192,  0.0062],
         [ 0.2313, -0.4099,  0.8823,  0.2021],
         [ 0.0000,  0.0000,  0.0000,  1.0000]]], device='cuda:0',
       grad_fn=<CopySlices>)
0:06:03.876485 - loss orn tensor([3.8931e-05], device='cuda:0', grad_fn=<MinBackward0>)
0:06:03.877111 - loss xy tensor([0.0018], device='cuda:0', grad_fn=<MinBackward0>)
0:06:03.877742 - loss z tensor([0.0034], device='cuda:0', grad_fn=<MinBackward0>)
  0%|                                       | 0/1 [00:00<?, ?it/s, loss=0.00516]100%|███████████████████████████████| 1/1 [00:00<00:00,  4.63it/s, loss=0.00516]100%|███████████████████████████████| 1/1 [00:00<00:00,  4.62it/s, loss=0.00516]
0:06:03.639389 - saving /home/ubuntu/synthetic_pose_estimation/cosypose/local_data/experiments/bracket_assembly_debug_nut_nosym_coarse_noaug--938962 693
  0%|                                                     | 0/1 [00:00<?, ?it/s]0:06:04.058273 - iteration 0
0:06:04.109179 - outputs, {'pose': tensor([[-1.0132, -0.7374,  0.2956,  0.5602, -0.6326, -0.4288,  4.0527, -1.6860,
          0.6422]], device='cuda:0', grad_fn=<AddmmBackward0>)}
0:06:04.110742 - model_outputs {'pose': tensor([[-1.0132, -0.7374,  0.2956,  0.5602, -0.6326, -0.4288,  4.0527, -1.6860,
          0.6422]], device='cuda:0', grad_fn=<AddmmBackward0>)}
0:06:04.111526 - K crop tensor([[[1.5473e+03, 0.0000e+00, 2.8133e+02],
         [0.0000e+00, 1.5473e+03, 3.8430e+01],
         [0.0000e+00, 0.0000e+00, 1.0000e+00]]], device='cuda:0')
0:06:04.112368 - TCO_input tensor([[[ 1.0000,  0.0000,  0.0000, -0.0204],
         [ 0.0000,  1.0000,  0.0000,  0.0136],
         [ 0.0000,  0.0000,  1.0000,  0.2590],
         [ 0.0000,  0.0000,  0.0000,  1.0000]]], device='cuda:0')
0:06:04.113268 - model tco output tensor([[[-0.7869,  0.4522,  0.4198, -0.0127],
         [-0.5727, -0.7885, -0.2243,  0.0085],
         [ 0.2296, -0.4169,  0.8795,  0.1663],
         [ 0.0000,  0.0000,  0.0000,  1.0000]]], device='cuda:0',
       grad_fn=<CopySlices>)
0:06:04.154166 - Wrote debug data: /home/ubuntu/synthetic_pose_estimation/cosypose/local_data/debug_data/debug_iter=1.pth.tar
0:06:04.366097 - TCO_input tensor([[[ 1.0000,  0.0000,  0.0000, -0.0204],
         [ 0.0000,  1.0000,  0.0000,  0.0136],
         [ 0.0000,  0.0000,  1.0000,  0.2590],
         [ 0.0000,  0.0000,  0.0000,  1.0000]]], device='cuda:0')
0:06:04.367072 - vxvyvz tensor([[ 4.0527, -1.6860,  0.6422]], device='cuda:0',
       grad_fn=<SliceBackward0>)
0:06:04.368085 - dR tensor([[[-0.7869,  0.4522,  0.4198],
         [-0.5727, -0.7885, -0.2243],
         [ 0.2296, -0.4169,  0.8795]]], device='cuda:0',
       grad_fn=<StackBackward0>)
0:06:04.368971 - fxfy tensor([[1547.2910, 1547.2911]], device='cuda:0')
0:06:04.371444 - TCO_gt tensor([[[-0.7893,  0.4511,  0.4165, -0.0100],
         [-0.5688, -0.7927, -0.2192,  0.0062],
         [ 0.2313, -0.4099,  0.8823,  0.1920],
         [ 0.0000,  0.0000,  0.0000,  1.0000]]], device='cuda:0')
0:06:04.372360 - TCO pred_orn tensor([[[-0.7869,  0.4522,  0.4198, -0.0100],
         [-0.5727, -0.7885, -0.2243,  0.0062],
         [ 0.2296, -0.4169,  0.8795,  0.1920],
         [ 0.0000,  0.0000,  0.0000,  1.0000]]], device='cuda:0',
       grad_fn=<CopySlices>)
0:06:04.373322 - TCO pred_xy tensor([[[-0.7893,  0.4511,  0.4165, -0.0146],
         [-0.5688, -0.7927, -0.2192,  0.0098],
         [ 0.2313, -0.4099,  0.8823,  0.1920],
         [ 0.0000,  0.0000,  0.0000,  1.0000]]], device='cuda:0',
       grad_fn=<CopySlices>)
0:06:04.374212 - TCO pred_z tensor([[[-0.7893,  0.4511,  0.4165, -0.0100],
         [-0.5688, -0.7927, -0.2192,  0.0062],
         [ 0.2313, -0.4099,  0.8823,  0.1663],
         [ 0.0000,  0.0000,  0.0000,  1.0000]]], device='cuda:0',
       grad_fn=<CopySlices>)
0:06:04.374847 - loss orn tensor([3.2894e-05], device='cuda:0', grad_fn=<MinBackward0>)
0:06:04.375465 - loss xy tensor([0.0028], device='cuda:0', grad_fn=<MinBackward0>)
0:06:04.376080 - loss z tensor([0.0086], device='cuda:0', grad_fn=<MinBackward0>)
  0%|                                        | 0/1 [00:00<?, ?it/s, loss=0.0113]100%|████████████████████████████████| 1/1 [00:00<00:00,  4.36it/s, loss=0.0113]100%|████████████████████████████████| 1/1 [00:00<00:00,  4.35it/s, loss=0.0113]
0:06:04.144374 - saving /home/ubuntu/synthetic_pose_estimation/cosypose/local_data/experiments/bracket_assembly_debug_nut_nosym_coarse_noaug--938962 694
  0%|                                                     | 0/1 [00:00<?, ?it/s]0:06:04.559558 - iteration 0
0:06:04.603426 - outputs, {'pose': tensor([[-1.0222, -0.7331,  0.2927,  0.5666, -0.6399, -0.4246,  4.0564, -1.6897,
          0.6282]], device='cuda:0', grad_fn=<AddmmBackward0>)}
0:06:04.605087 - model_outputs {'pose': tensor([[-1.0222, -0.7331,  0.2927,  0.5666, -0.6399, -0.4246,  4.0564, -1.6897,
          0.6282]], device='cuda:0', grad_fn=<AddmmBackward0>)}
0:06:04.605894 - K crop tensor([[[2.1010e+03, 0.0000e+00, 2.6070e+02],
         [0.0000e+00, 2.1010e+03, 4.2573e+01],
         [0.0000e+00, 0.0000e+00, 1.0000e+00]]], device='cuda:0')
0:06:04.606741 - TCO_input tensor([[[ 1.0000,  0.0000,  0.0000, -0.0167],
         [ 0.0000,  1.0000,  0.0000,  0.0127],
         [ 0.0000,  0.0000,  1.0000,  0.3474],
         [ 0.0000,  0.0000,  0.0000,  1.0000]]], device='cuda:0')
0:06:04.608280 - model tco output tensor([[[-0.7915,  0.4514,  0.4120, -0.0101],
         [-0.5676, -0.7929, -0.2216,  0.0078],
         [ 0.2266, -0.4093,  0.8838,  0.2183],
         [ 0.0000,  0.0000,  0.0000,  1.0000]]], device='cuda:0',
       grad_fn=<CopySlices>)
0:06:04.645710 - Wrote debug data: /home/ubuntu/synthetic_pose_estimation/cosypose/local_data/debug_data/debug_iter=1.pth.tar
0:06:04.859520 - TCO_input tensor([[[ 1.0000,  0.0000,  0.0000, -0.0167],
         [ 0.0000,  1.0000,  0.0000,  0.0127],
         [ 0.0000,  0.0000,  1.0000,  0.3474],
         [ 0.0000,  0.0000,  0.0000,  1.0000]]], device='cuda:0')
0:06:04.860591 - vxvyvz tensor([[ 4.0564, -1.6897,  0.6282]], device='cuda:0',
       grad_fn=<SliceBackward0>)
0:06:04.861674 - dR tensor([[[-0.7915,  0.4514,  0.4120],
         [-0.5676, -0.7929, -0.2216],
         [ 0.2266, -0.4093,  0.8838]]], device='cuda:0',
       grad_fn=<StackBackward0>)
0:06:04.862569 - fxfy tensor([[2101.0210, 2101.0215]], device='cuda:0')
0:06:04.865112 - TCO_gt tensor([[[-0.7893,  0.4511,  0.4165, -0.0100],
         [-0.5688, -0.7927, -0.2192,  0.0062],
         [ 0.2313, -0.4099,  0.8823,  0.1920],
         [ 0.0000,  0.0000,  0.0000,  1.0000]]], device='cuda:0')
0:06:04.866062 - TCO pred_orn tensor([[[-0.7915,  0.4514,  0.4120, -0.0100],
         [-0.5676, -0.7929, -0.2216,  0.0062],
         [ 0.2266, -0.4093,  0.8838,  0.1920],
         [ 0.0000,  0.0000,  0.0000,  1.0000]]], device='cuda:0',
       grad_fn=<CopySlices>)
0:06:04.866966 - TCO pred_xy tensor([[[-0.7893,  0.4511,  0.4165, -0.0089],
         [-0.5688, -0.7927, -0.2192,  0.0069],
         [ 0.2313, -0.4099,  0.8823,  0.1920],
         [ 0.0000,  0.0000,  0.0000,  1.0000]]], device='cuda:0',
       grad_fn=<CopySlices>)
0:06:04.867872 - TCO pred_z tensor([[[-0.7893,  0.4511,  0.4165, -0.0100],
         [-0.5688, -0.7927, -0.2192,  0.0062],
         [ 0.2313, -0.4099,  0.8823,  0.2183],
         [ 0.0000,  0.0000,  0.0000,  1.0000]]], device='cuda:0',
       grad_fn=<CopySlices>)
0:06:04.868506 - loss orn tensor([2.0022e-05], device='cuda:0', grad_fn=<MinBackward0>)
0:06:04.869137 - loss xy tensor([0.0006], device='cuda:0', grad_fn=<MinBackward0>)
0:06:04.869776 - loss z tensor([0.0088], device='cuda:0', grad_fn=<MinBackward0>)
  0%|                                       | 0/1 [00:00<?, ?it/s, loss=0.00939]100%|███████████████████████████████| 1/1 [00:00<00:00,  4.59it/s, loss=0.00939]100%|███████████████████████████████| 1/1 [00:00<00:00,  4.57it/s, loss=0.00939]
0:06:04.651614 - saving /home/ubuntu/synthetic_pose_estimation/cosypose/local_data/experiments/bracket_assembly_debug_nut_nosym_coarse_noaug--938962 695
  0%|                                                     | 0/1 [00:00<?, ?it/s]0:06:05.066715 - iteration 0
0:06:05.110068 - outputs, {'pose': tensor([[-1.0185, -0.7376,  0.2960,  0.5657, -0.6296, -0.4273,  4.0503, -1.6838,
          0.6317]], device='cuda:0', grad_fn=<AddmmBackward0>)}
0:06:05.111602 - model_outputs {'pose': tensor([[-1.0185, -0.7376,  0.2960,  0.5657, -0.6296, -0.4273,  4.0503, -1.6838,
          0.6317]], device='cuda:0', grad_fn=<AddmmBackward0>)}
0:06:05.112364 - K crop tensor([[[1.9810e+03, 0.0000e+00, 2.7033e+02],
         [0.0000e+00, 1.9810e+03, 2.0044e+01],
         [0.0000e+00, 0.0000e+00, 1.0000e+00]]], device='cuda:0')
0:06:05.113219 - TCO_input tensor([[[ 1.0000,  0.0000,  0.0000, -0.0184],
         [ 0.0000,  1.0000,  0.0000,  0.0166],
         [ 0.0000,  0.0000,  1.0000,  0.3297],
         [ 0.0000,  0.0000,  0.0000,  1.0000]]], device='cuda:0')
0:06:05.114747 - model tco output tensor([[[-0.7884,  0.4519,  0.4174, -0.0112],
         [-0.5709, -0.7902, -0.2229,  0.0103],
         [ 0.2291, -0.4140,  0.8810,  0.2083],
         [ 0.0000,  0.0000,  0.0000,  1.0000]]], device='cuda:0',
       grad_fn=<CopySlices>)
0:06:05.154020 - Wrote debug data: /home/ubuntu/synthetic_pose_estimation/cosypose/local_data/debug_data/debug_iter=1.pth.tar
0:06:05.366664 - TCO_input tensor([[[ 1.0000,  0.0000,  0.0000, -0.0184],
         [ 0.0000,  1.0000,  0.0000,  0.0166],
         [ 0.0000,  0.0000,  1.0000,  0.3297],
         [ 0.0000,  0.0000,  0.0000,  1.0000]]], device='cuda:0')
0:06:05.367613 - vxvyvz tensor([[ 4.0503, -1.6838,  0.6317]], device='cuda:0',
       grad_fn=<SliceBackward0>)
0:06:05.368622 - dR tensor([[[-0.7884,  0.4519,  0.4174],
         [-0.5709, -0.7902, -0.2229],
         [ 0.2291, -0.4140,  0.8810]]], device='cuda:0',
       grad_fn=<StackBackward0>)
0:06:05.369532 - fxfy tensor([[1981.0138, 1981.0144]], device='cuda:0')
0:06:05.372030 - TCO_gt tensor([[[-0.7893,  0.4511,  0.4165, -0.0100],
         [-0.5688, -0.7927, -0.2192,  0.0062],
         [ 0.2313, -0.4099,  0.8823,  0.1920],
         [ 0.0000,  0.0000,  0.0000,  1.0000]]], device='cuda:0')
0:06:05.372958 - TCO pred_orn tensor([[[-0.7884,  0.4519,  0.4174, -0.0100],
         [-0.5709, -0.7902, -0.2229,  0.0062],
         [ 0.2291, -0.4140,  0.8810,  0.1920],
         [ 0.0000,  0.0000,  0.0000,  1.0000]]], device='cuda:0',
       grad_fn=<CopySlices>)
0:06:05.373887 - TCO pred_xy tensor([[[-0.7893,  0.4511,  0.4165, -0.0103],
         [-0.5688, -0.7927, -0.2192,  0.0095],
         [ 0.2313, -0.4099,  0.8823,  0.1920],
         [ 0.0000,  0.0000,  0.0000,  1.0000]]], device='cuda:0',
       grad_fn=<CopySlices>)
0:06:05.374791 - TCO pred_z tensor([[[-0.7893,  0.4511,  0.4165, -0.0100],
         [-0.5688, -0.7927, -0.2192,  0.0062],
         [ 0.2313, -0.4099,  0.8823,  0.2083],
         [ 0.0000,  0.0000,  0.0000,  1.0000]]], device='cuda:0',
       grad_fn=<CopySlices>)
0:06:05.375423 - loss orn tensor([1.9141e-05], device='cuda:0', grad_fn=<MinBackward0>)
0:06:05.376039 - loss xy tensor([0.0012], device='cuda:0', grad_fn=<MinBackward0>)
0:06:05.376654 - loss z tensor([0.0054], device='cuda:0', grad_fn=<MinBackward0>)
  0%|                                       | 0/1 [00:00<?, ?it/s, loss=0.00667]100%|███████████████████████████████| 1/1 [00:00<00:00,  4.60it/s, loss=0.00667]100%|███████████████████████████████| 1/1 [00:00<00:00,  4.60it/s, loss=0.00667]
0:06:05.136596 - saving /home/ubuntu/synthetic_pose_estimation/cosypose/local_data/experiments/bracket_assembly_debug_nut_nosym_coarse_noaug--938962 696
  0%|                                                     | 0/1 [00:00<?, ?it/s]0:06:05.551759 - iteration 0
0:06:05.595454 - outputs, {'pose': tensor([[-1.0126, -0.7362,  0.2954,  0.5675, -0.6321, -0.4218,  4.0513, -1.6831,
          0.6359]], device='cuda:0', grad_fn=<AddmmBackward0>)}
0:06:05.597068 - model_outputs {'pose': tensor([[-1.0126, -0.7362,  0.2954,  0.5675, -0.6321, -0.4218,  4.0513, -1.6831,
          0.6359]], device='cuda:0', grad_fn=<AddmmBackward0>)}
0:06:05.597868 - K crop tensor([[[1.8479e+03, 0.0000e+00, 2.8969e+02],
         [0.0000e+00, 1.8479e+03, 4.6989e+01],
         [0.0000e+00, 0.0000e+00, 1.0000e+00]]], device='cuda:0')
0:06:05.598719 - TCO_input tensor([[[ 1.0000,  0.0000,  0.0000, -0.0216],
         [ 0.0000,  1.0000,  0.0000,  0.0120],
         [ 0.0000,  0.0000,  1.0000,  0.3066],
         [ 0.0000,  0.0000,  0.0000,  1.0000]]], device='cuda:0')
0:06:05.600160 - model tco output tensor([[[-0.7872,  0.4559,  0.4153, -0.0133],
         [-0.5723, -0.7909, -0.2166,  0.0075],
         [ 0.2297, -0.4082,  0.8835,  0.1950],
         [ 0.0000,  0.0000,  0.0000,  1.0000]]], device='cuda:0',
       grad_fn=<CopySlices>)
0:06:05.639488 - Wrote debug data: /home/ubuntu/synthetic_pose_estimation/cosypose/local_data/debug_data/debug_iter=1.pth.tar
0:06:05.851206 - TCO_input tensor([[[ 1.0000,  0.0000,  0.0000, -0.0216],
         [ 0.0000,  1.0000,  0.0000,  0.0120],
         [ 0.0000,  0.0000,  1.0000,  0.3066],
         [ 0.0000,  0.0000,  0.0000,  1.0000]]], device='cuda:0')
0:06:05.852314 - vxvyvz tensor([[ 4.0513, -1.6831,  0.6359]], device='cuda:0',
       grad_fn=<SliceBackward0>)
0:06:05.853410 - dR tensor([[[-0.7872,  0.4559,  0.4153],
         [-0.5723, -0.7909, -0.2166],
         [ 0.2297, -0.4082,  0.8835]]], device='cuda:0',
       grad_fn=<StackBackward0>)
0:06:05.854290 - fxfy tensor([[1847.9386, 1847.9388]], device='cuda:0')
0:06:05.856815 - TCO_gt tensor([[[-0.7893,  0.4511,  0.4165, -0.0100],
         [-0.5688, -0.7927, -0.2192,  0.0062],
         [ 0.2313, -0.4099,  0.8823,  0.1920],
         [ 0.0000,  0.0000,  0.0000,  1.0000]]], device='cuda:0')
0:06:05.857759 - TCO pred_orn tensor([[[-0.7872,  0.4559,  0.4153, -0.0100],
         [-0.5723, -0.7909, -0.2166,  0.0062],
         [ 0.2297, -0.4082,  0.8835,  0.1920],
         [ 0.0000,  0.0000,  0.0000,  1.0000]]], device='cuda:0',
       grad_fn=<CopySlices>)
0:06:05.858665 - TCO pred_xy tensor([[[-0.7893,  0.4511,  0.4165, -0.0131],
         [-0.5688, -0.7927, -0.2192,  0.0074],
         [ 0.2313, -0.4099,  0.8823,  0.1920],
         [ 0.0000,  0.0000,  0.0000,  1.0000]]], device='cuda:0',
       grad_fn=<CopySlices>)
0:06:05.859566 - TCO pred_z tensor([[[-0.7893,  0.4511,  0.4165, -0.0100],
         [-0.5688, -0.7927, -0.2192,  0.0062],
         [ 0.2313, -0.4099,  0.8823,  0.1950],
         [ 0.0000,  0.0000,  0.0000,  1.0000]]], device='cuda:0',
       grad_fn=<CopySlices>)
0:06:05.860210 - loss orn tensor([2.3618e-05], device='cuda:0', grad_fn=<MinBackward0>)
0:06:05.860838 - loss xy tensor([0.0014], device='cuda:0', grad_fn=<MinBackward0>)
0:06:05.861481 - loss z tensor([0.0010], device='cuda:0', grad_fn=<MinBackward0>)
  0%|                                       | 0/1 [00:00<?, ?it/s, loss=0.00245]100%|███████████████████████████████| 1/1 [00:00<00:00,  4.59it/s, loss=0.00245]100%|███████████████████████████████| 1/1 [00:00<00:00,  4.58it/s, loss=0.00245]
0:06:05.615581 - saving /home/ubuntu/synthetic_pose_estimation/cosypose/local_data/experiments/bracket_assembly_debug_nut_nosym_coarse_noaug--938962 697
  0%|                                                     | 0/1 [00:00<?, ?it/s]0:06:06.030761 - iteration 0
0:06:06.077800 - outputs, {'pose': tensor([[-1.0136, -0.7298,  0.2974,  0.5626, -0.6314, -0.4164,  4.0390, -1.6825,
          0.6293]], device='cuda:0', grad_fn=<AddmmBackward0>)}
0:06:06.079438 - model_outputs {'pose': tensor([[-1.0136, -0.7298,  0.2974,  0.5626, -0.6314, -0.4164,  4.0390, -1.6825,
          0.6293]], device='cuda:0', grad_fn=<AddmmBackward0>)}
0:06:06.080213 - K crop tensor([[[2.1328e+03, 0.0000e+00, 2.4381e+02],
         [0.0000e+00, 2.1328e+03, 7.9730e+01],
         [0.0000e+00, 0.0000e+00, 1.0000e+00]]], device='cuda:0')
0:06:06.081082 - TCO_input tensor([[[ 1.0000,  0.0000,  0.0000, -0.0138],
         [ 0.0000,  1.0000,  0.0000,  0.0065],
         [ 0.0000,  0.0000,  1.0000,  0.3501],
         [ 0.0000,  0.0000,  0.0000,  1.0000]]], device='cuda:0')
0:06:06.081998 - model tco output tensor([[[-0.7895,  0.4531,  0.4140, -0.0083],
         [-0.5684, -0.7943, -0.2145,  0.0039],
         [ 0.2317, -0.4047,  0.8846,  0.2203],
         [ 0.0000,  0.0000,  0.0000,  1.0000]]], device='cuda:0',
       grad_fn=<CopySlices>)
0:06:06.118643 - Wrote debug data: /home/ubuntu/synthetic_pose_estimation/cosypose/local_data/debug_data/debug_iter=1.pth.tar
0:06:06.331581 - TCO_input tensor([[[ 1.0000,  0.0000,  0.0000, -0.0138],
         [ 0.0000,  1.0000,  0.0000,  0.0065],
         [ 0.0000,  0.0000,  1.0000,  0.3501],
         [ 0.0000,  0.0000,  0.0000,  1.0000]]], device='cuda:0')
0:06:06.332624 - vxvyvz tensor([[ 4.0390, -1.6825,  0.6293]], device='cuda:0',
       grad_fn=<SliceBackward0>)
0:06:06.333707 - dR tensor([[[-0.7895,  0.4531,  0.4140],
         [-0.5684, -0.7943, -0.2145],
         [ 0.2317, -0.4047,  0.8846]]], device='cuda:0',
       grad_fn=<StackBackward0>)
0:06:06.334563 - fxfy tensor([[2132.8250, 2132.8247]], device='cuda:0')
0:06:06.337095 - TCO_gt tensor([[[-0.7893,  0.4511,  0.4165, -0.0100],
         [-0.5688, -0.7927, -0.2192,  0.0062],
         [ 0.2313, -0.4099,  0.8823,  0.1920],
         [ 0.0000,  0.0000,  0.0000,  1.0000]]], device='cuda:0')
0:06:06.338041 - TCO pred_orn tensor([[[-0.7895,  0.4531,  0.4140, -0.0100],
         [-0.5684, -0.7943, -0.2145,  0.0062],
         [ 0.2317, -0.4047,  0.8846,  0.1920],
         [ 0.0000,  0.0000,  0.0000,  1.0000]]], device='cuda:0',
       grad_fn=<CopySlices>)
0:06:06.338962 - TCO pred_xy tensor([[[-0.7893,  0.4511,  0.4165, -0.0072],
         [-0.5688, -0.7927, -0.2192,  0.0034],
         [ 0.2313, -0.4099,  0.8823,  0.1920],
         [ 0.0000,  0.0000,  0.0000,  1.0000]]], device='cuda:0',
       grad_fn=<CopySlices>)
0:06:06.339867 - TCO pred_z tensor([[[-0.7893,  0.4511,  0.4165, -0.0100],
         [-0.5688, -0.7927, -0.2192,  0.0062],
         [ 0.2313, -0.4099,  0.8823,  0.2203],
         [ 0.0000,  0.0000,  0.0000,  1.0000]]], device='cuda:0',
       grad_fn=<CopySlices>)
0:06:06.340497 - loss orn tensor([2.2409e-05], device='cuda:0', grad_fn=<MinBackward0>)
0:06:06.341126 - loss xy tensor([0.0018], device='cuda:0', grad_fn=<MinBackward0>)
0:06:06.341782 - loss z tensor([0.0094], device='cuda:0', grad_fn=<MinBackward0>)
  0%|                                        | 0/1 [00:00<?, ?it/s, loss=0.0113]100%|████████████████████████████████| 1/1 [00:00<00:00,  4.52it/s, loss=0.0113]100%|████████████████████████████████| 1/1 [00:00<00:00,  4.51it/s, loss=0.0113]
0:06:06.121711 - saving /home/ubuntu/synthetic_pose_estimation/cosypose/local_data/experiments/bracket_assembly_debug_nut_nosym_coarse_noaug--938962 698
  0%|                                                     | 0/1 [00:00<?, ?it/s]0:06:06.536874 - iteration 0
0:06:06.580606 - outputs, {'pose': tensor([[-1.0162, -0.7317,  0.3024,  0.5573, -0.6338, -0.4240,  4.0501, -1.6916,
          0.6365]], device='cuda:0', grad_fn=<AddmmBackward0>)}
0:06:06.582290 - model_outputs {'pose': tensor([[-1.0162, -0.7317,  0.3024,  0.5573, -0.6338, -0.4240,  4.0501, -1.6916,
          0.6365]], device='cuda:0', grad_fn=<AddmmBackward0>)}
0:06:06.583072 - K crop tensor([[[2.1639e+03, 0.0000e+00, 2.7904e+02],
         [0.0000e+00, 2.1639e+03, 1.2832e+00],
         [0.0000e+00, 0.0000e+00, 1.0000e+00]]], device='cuda:0')
0:06:06.583918 - TCO_input tensor([[[ 1.0000,  0.0000,  0.0000, -0.0199],
         [ 0.0000,  1.0000,  0.0000,  0.0197],
         [ 0.0000,  0.0000,  1.0000,  0.3602],
         [ 0.0000,  0.0000,  0.0000,  1.0000]]], device='cuda:0')
0:06:06.585400 - model tco output tensor([[[-0.7888,  0.4485,  0.4202, -0.0122],
         [-0.5680, -0.7932, -0.2196,  0.0123],
         [ 0.2348, -0.4118,  0.8805,  0.2293],
         [ 0.0000,  0.0000,  0.0000,  1.0000]]], device='cuda:0',
       grad_fn=<CopySlices>)
0:06:06.624514 - Wrote debug data: /home/ubuntu/synthetic_pose_estimation/cosypose/local_data/debug_data/debug_iter=1.pth.tar
0:06:06.838789 - TCO_input tensor([[[ 1.0000,  0.0000,  0.0000, -0.0199],
         [ 0.0000,  1.0000,  0.0000,  0.0197],
         [ 0.0000,  0.0000,  1.0000,  0.3602],
         [ 0.0000,  0.0000,  0.0000,  1.0000]]], device='cuda:0')
0:06:06.839845 - vxvyvz tensor([[ 4.0501, -1.6916,  0.6365]], device='cuda:0',
       grad_fn=<SliceBackward0>)
0:06:06.840948 - dR tensor([[[-0.7888,  0.4485,  0.4202],
         [-0.5680, -0.7932, -0.2196],
         [ 0.2348, -0.4118,  0.8805]]], device='cuda:0',
       grad_fn=<StackBackward0>)
0:06:06.841837 - fxfy tensor([[2163.8940, 2163.8943]], device='cuda:0')
0:06:06.844336 - TCO_gt tensor([[[-0.7893,  0.4511,  0.4165, -0.0100],
         [-0.5688, -0.7927, -0.2192,  0.0062],
         [ 0.2313, -0.4099,  0.8823,  0.1920],
         [ 0.0000,  0.0000,  0.0000,  1.0000]]], device='cuda:0')
0:06:06.845340 - TCO pred_orn tensor([[[-0.7888,  0.4485,  0.4202, -0.0100],
         [-0.5680, -0.7932, -0.2196,  0.0062],
         [ 0.2348, -0.4118,  0.8805,  0.1920],
         [ 0.0000,  0.0000,  0.0000,  1.0000]]], device='cuda:0',
       grad_fn=<CopySlices>)
0:06:06.846251 - TCO pred_xy tensor([[[-0.7893,  0.4511,  0.4165, -0.0102],
         [-0.5688, -0.7927, -0.2192,  0.0103],
         [ 0.2313, -0.4099,  0.8823,  0.1920],
         [ 0.0000,  0.0000,  0.0000,  1.0000]]], device='cuda:0',
       grad_fn=<CopySlices>)
0:06:06.847141 - TCO pred_z tensor([[[-0.7893,  0.4511,  0.4165, -0.0100],
         [-0.5688, -0.7927, -0.2192,  0.0062],
         [ 0.2313, -0.4099,  0.8823,  0.2293],
         [ 0.0000,  0.0000,  0.0000,  1.0000]]], device='cuda:0',
       grad_fn=<CopySlices>)
0:06:06.847771 - loss orn tensor([1.6689e-05], device='cuda:0', grad_fn=<MinBackward0>)
0:06:06.848389 - loss xy tensor([0.0015], device='cuda:0', grad_fn=<MinBackward0>)
0:06:06.849018 - loss z tensor([0.0124], device='cuda:0', grad_fn=<MinBackward0>)
  0%|                                        | 0/1 [00:00<?, ?it/s, loss=0.0139]100%|████████████████████████████████| 1/1 [00:00<00:00,  4.56it/s, loss=0.0139]100%|████████████████████████████████| 1/1 [00:00<00:00,  4.55it/s, loss=0.0139]
0:06:06.607997 - saving /home/ubuntu/synthetic_pose_estimation/cosypose/local_data/experiments/bracket_assembly_debug_nut_nosym_coarse_noaug--938962 699
wandb: Waiting for W&B process to finish... (success).
wandb: - 60.150 MB of 60.150 MB uploaded (0.000 MB deduped)wandb: \ 59.981 MB of 60.150 MB uploaded (0.000 MB deduped)wandb: 
wandb: Run history:
wandb: loss_TCO_iter ▇█▂▂▁▂▂▁▂▁▇▂▂▂▂▂▂▁▂▅▂▁▁▁▁▁▂▁▂▁▁▂▁▁▁▁▂▂▁▂
wandb:      loss_orn ██▂▁▁▁▁▁▁▁▇▁▁▁▁▁▁▁▁▄▁▁▁▁▁▁▁▁▂▁▁▁▁▁▁▁▁▂▁▁
wandb:    loss_total ▇█▂▂▁▂▂▁▂▁▇▂▂▂▂▂▂▁▂▅▂▁▁▁▁▁▂▁▂▁▁▂▁▁▁▁▂▂▁▂
wandb:       loss_xy █▂▃▃▆▃▃▃▅▃▁▂▃▆▃▄▄▂▃▃▄▃▂▃▃▂▄▁▄▂▂▂▂▄▁▄▄▅▁▄
wandb:        loss_z ▇█▂▂▁▂▂▁▂▁█▂▂▂▂▂▂▁▂▅▂▁▁▁▁▁▁▂▂▁▁▃▂▁▁▁▂▁▂▂
wandb:      val_loss ████████▇▇▇▇▇▆▆▆▆▆▆▄▂▄▃▄▂▄▂▃▁▁▂▂▂▁▃▁▃▂▂▁
wandb: 
wandb: Run summary:
wandb: loss_TCO_iter 0.00174
wandb:      loss_orn 0.0
wandb:    loss_total 0.01392
wandb:       loss_xy 0.00018
wandb:        loss_z 0.00156
wandb:      val_loss 0.0115
wandb: 
wandb: 🚀 View run generous-tree-23 at: https://wandb.ai/raise-robotics/bracket_assembly_debug_nut_nosym_coarse_noaug/runs/nsjeuare
wandb: Synced 6 W&B file(s), 1540 media file(s), 0 artifact file(s) and 0 other file(s)
wandb: Find logs at: ./wandb/run-20230507_235751-nsjeuare/logs
 0.0035879258066415787
train loss_TCO 0.0035879258066415787
train loss_total 0.0035879258066415787
train grad_norm 0.9921404719352722
train loss_TCO-iter=1 0.006815288215875626
train loss_TCO 0.006815288215875626
train loss_total 0.006815288215875626
train grad_norm 0.9103092551231384
train loss_TCO-iter=1 0.0016347698401659727
train loss_TCO 0.0016347698401659727
train loss_total 0.0016347698401659727
train grad_norm 0.9643913507461548
train loss_TCO-iter=1 0.003067315323278308
train loss_TCO 0.003067315323278308
train loss_total 0.003067315323278308
train grad_norm 1.0220060348510742
train loss_TCO-iter=1 0.007478014566004276
train loss_TCO 0.007478014566004276
train loss_total 0.007478014566004276
train grad_norm 1.0305407047271729
train loss_TCO-iter=1 0.0021916134282946587
train loss_TCO 0.0021916134282946587
train loss_total 0.0021916134282946587
train grad_norm 1.0067262649536133
train loss_TCO-iter=1 0.0068303621374070644
train loss_TCO 0.0068303621374070644
train loss_total 0.0068303621374070644
train grad_norm 0.8736951947212219
val loss_TCO-iter=1 0.007528562098741531
val loss_TCO 0.007528562098741531
val loss_total 0.007528562098741531
train loss_TCO-iter=1 0.01660284586250782
train loss_TCO 0.01660284586250782
train loss_total 0.01660284586250782
train grad_norm 0.7380772233009338
train loss_TCO-iter=1 0.005045645870268345
train loss_TCO 0.005045645870268345
train loss_total 0.005045645870268345
train grad_norm 0.8937142491340637
train loss_TCO-iter=1 0.007610370870679617
train loss_TCO 0.007610370870679617
train loss_total 0.007610370870679617
train grad_norm 0.9106877446174622
train loss_TCO-iter=1 0.003491845680400729
train loss_TCO 0.003491845680400729
train loss_total 0.003491845680400729
train grad_norm 1.0141489505767822
train loss_TCO-iter=1 0.005156251136213541
train loss_TCO 0.005156251136213541
train loss_total 0.005156251136213541
train grad_norm 1.069065809249878
train loss_TCO-iter=1 0.009623764082789421
train loss_TCO 0.009623764082789421
train loss_total 0.009623764082789421
train grad_norm 0.8557998538017273
train loss_TCO-iter=1 0.00290467357262969
train loss_TCO 0.00290467357262969
train loss_total 0.00290467357262969
train grad_norm 0.9361070990562439
train loss_TCO-iter=1 0.007256390526890755
train loss_TCO 0.007256390526890755
train loss_total 0.007256390526890755
train grad_norm 1.1284592151641846
train loss_TCO-iter=1 0.007958848029375076
train loss_TCO 0.007958848029375076
train loss_total 0.007958848029375076
train grad_norm 0.9063520431518555
train loss_TCO-iter=1 0.008420276455581188
train loss_TCO 0.008420276455581188
train loss_total 0.008420276455581188
train grad_norm 0.907516360282898
val loss_TCO-iter=1 0.012881757691502571
val loss_TCO 0.012881757691502571
val loss_total 0.012881757691502571
train loss_TCO-iter=1 0.0020935775246471167
train loss_TCO 0.0020935775246471167
train loss_total 0.0020935775246471167
train grad_norm 1.0045299530029297
train loss_TCO-iter=1 0.005662665702402592
train loss_TCO 0.005662665702402592
train loss_total 0.005662665702402592
train grad_norm 0.8910220861434937
train loss_TCO-iter=1 0.010137150064110756
train loss_TCO 0.010137150064110756
train loss_total 0.010137150064110756
train grad_norm 0.8061436414718628
train loss_TCO-iter=1 0.015528807416558266
train loss_TCO 0.015528807416558266
train loss_total 0.015528807416558266
train grad_norm 0.7629207372665405
train loss_TCO-iter=1 0.0061721475794911385
train loss_TCO 0.0061721475794911385
train loss_total 0.0061721475794911385
train grad_norm 0.9286984205245972
train loss_TCO-iter=1 0.0063993604853749275
train loss_TCO 0.0063993604853749275
train loss_total 0.0063993604853749275
train grad_norm 0.8996025323867798
train loss_TCO-iter=1 0.0019744010642170906
train loss_TCO 0.0019744010642170906
train loss_total 0.0019744010642170906
train grad_norm 0.9745056629180908
train loss_TCO-iter=1 0.005522654391825199
train loss_TCO 0.005522654391825199
train loss_total 0.005522654391825199
train grad_norm 1.0687012672424316
train loss_TCO-iter=1 0.006127684842795134
train loss_TCO 0.006127684842795134
train loss_total 0.006127684842795134
train grad_norm 0.9837579131126404
train loss_TCO-iter=1 0.002465861849486828
train loss_TCO 0.002465861849486828
train loss_total 0.002465861849486828
train grad_norm 0.9672561287879944
val loss_TCO-iter=1 0.025958659127354622
val loss_TCO 0.025958659127354622
val loss_total 0.025958659127354622
train loss_TCO-iter=1 0.002791332546621561
train loss_TCO 0.002791332546621561
train loss_total 0.002791332546621561
train grad_norm 0.9589359760284424
train loss_TCO-iter=1 0.0017766834935173392
train loss_TCO 0.0017766834935173392
train loss_total 0.0017766834935173392
train grad_norm 0.942903459072113
train loss_TCO-iter=1 0.005921201780438423
train loss_TCO 0.005921201780438423
train loss_total 0.005921201780438423
train grad_norm 1.091696858406067
train loss_TCO-iter=1 0.002466266043484211
train loss_TCO 0.002466266043484211
train loss_total 0.002466266043484211
train grad_norm 0.9805867671966553
train loss_TCO-iter=1 0.008021455258131027
train loss_TCO 0.008021455258131027
train loss_total 0.008021455258131027
train grad_norm 0.9063103795051575
train loss_TCO-iter=1 0.0024151138495653868
train loss_TCO 0.0024151138495653868
train loss_total 0.0024151138495653868
train grad_norm 0.9641056060791016
train loss_TCO-iter=1 0.009258086793124676
train loss_TCO 0.009258086793124676
train loss_total 0.009258086793124676
train grad_norm 0.8521437644958496
train loss_TCO-iter=1 0.0025472440756857395
train loss_TCO 0.0025472440756857395
train loss_total 0.0025472440756857395
train grad_norm 0.9302883148193359
train loss_TCO-iter=1 0.005308794789016247
train loss_TCO 0.005308794789016247
train loss_total 0.005308794789016247
train grad_norm 0.9959729313850403
train loss_TCO-iter=1 0.0072836559265851974
train loss_TCO 0.0072836559265851974
train loss_total 0.0072836559265851974
train grad_norm 0.8785855770111084
val loss_TCO-iter=1 0.011502237059175968
val loss_TCO 0.011502237059175968
val loss_total 0.011502237059175968
train loss_TCO-iter=1 0.006657683756202459
train loss_TCO 0.006657683756202459
train loss_total 0.006657683756202459
train grad_norm 1.0136711597442627
train loss_TCO-iter=1 0.008921464905142784
train loss_TCO 0.008921464905142784
train loss_total 0.008921464905142784
train grad_norm 0.8007329702377319
train loss_TCO-iter=1 0.005163242109119892
train loss_TCO 0.005163242109119892
train loss_total 0.005163242109119892
train grad_norm 0.9686902165412903
train loss_TCO-iter=1 0.01134542841464281
train loss_TCO 0.01134542841464281
train loss_total 0.01134542841464281
train grad_norm 0.8392291069030762
train loss_TCO-iter=1 0.009390215389430523
train loss_TCO 0.009390215389430523
train loss_total 0.009390215389430523
train grad_norm 1.1333956718444824
train loss_TCO-iter=1 0.006665372289717197
train loss_TCO 0.006665372289717197
train loss_total 0.006665372289717197
train grad_norm 1.000329852104187
train loss_TCO-iter=1 0.0024462444707751274
train loss_TCO 0.0024462444707751274
train loss_total 0.0024462444707751274
train grad_norm 0.9241160750389099
train loss_TCO-iter=1 0.011302988976240158
train loss_TCO 0.011302988976240158
train loss_total 0.011302988976240158
train grad_norm 1.0708905458450317
train loss_TCO-iter=1 0.013923870399594307
train loss_TCO 0.013923870399594307
train loss_total 0.013923870399594307
train grad_norm 1.0906639099121094
